[2026-04-13T12:42:37.678+0000] {local_task_job_runner.py:123} INFO - ::group::Pre task execution logs
[2026-04-13T12:42:37.713+0000] {taskinstance.py:2613} INFO - Dependencies all met for dep_context=non-requeueable deps ti=<TaskInstance: predict_aqi.silver_to_gold manual__2026-04-13T12:42:23.352761+00:00 [queued]>
[2026-04-13T12:42:37.729+0000] {taskinstance.py:2613} INFO - Dependencies all met for dep_context=requeueable deps ti=<TaskInstance: predict_aqi.silver_to_gold manual__2026-04-13T12:42:23.352761+00:00 [queued]>
[2026-04-13T12:42:37.730+0000] {taskinstance.py:2866} INFO - Starting attempt 1 of 3
[2026-04-13T12:42:37.752+0000] {taskinstance.py:2889} INFO - Executing <Task(BashOperator): silver_to_gold> on 2026-04-13 12:42:23.352761+00:00
[2026-04-13T12:42:37.763+0000] {standard_task_runner.py:104} INFO - Running: ['airflow', 'tasks', 'run', 'predict_aqi', 'silver_to_gold', 'manual__2026-04-13T12:42:23.352761+00:00', '--job-id', '122', '--raw', '--subdir', 'DAGS_FOLDER/dag_ml.py', '--cfg-path', '/tmp/tmp7ceyn1cv']
[2026-04-13T12:42:37.764+0000] {standard_task_runner.py:105} INFO - Job 122: Subtask silver_to_gold
[2026-04-13T12:42:37.770+0000] {logging_mixin.py:190} WARNING - /home/airflow/airflow/venv/lib/python3.12/site-packages/airflow/task/task_runner/standard_task_runner.py:70 DeprecationWarning: This process (pid=3052) is multi-threaded, use of fork() may lead to deadlocks in the child.
[2026-04-13T12:42:37.771+0000] {standard_task_runner.py:72} INFO - Started process 3085 to run task
[2026-04-13T12:42:37.844+0000] {task_command.py:467} INFO - Running <TaskInstance: predict_aqi.silver_to_gold manual__2026-04-13T12:42:23.352761+00:00 [running]> on host airflow
[2026-04-13T12:42:37.943+0000] {taskinstance.py:3132} INFO - Exporting env vars: AIRFLOW_CTX_DAG_OWNER='airflow' AIRFLOW_CTX_DAG_ID='predict_aqi' AIRFLOW_CTX_TASK_ID='silver_to_gold' AIRFLOW_CTX_EXECUTION_DATE='2026-04-13T12:42:23.352761+00:00' AIRFLOW_CTX_TRY_NUMBER='1' AIRFLOW_CTX_DAG_RUN_ID='manual__2026-04-13T12:42:23.352761+00:00'
[2026-04-13T12:42:37.945+0000] {taskinstance.py:731} INFO - ::endgroup::
[2026-04-13T12:42:37.964+0000] {subprocess.py:78} INFO - Tmp dir root location: /tmp
[2026-04-13T12:42:37.967+0000] {subprocess.py:88} INFO - Running command: ['/usr/bin/bash', '-c', '\n            docker exec spark-master spark-submit                 --packages org.apache.iceberg:iceberg-spark-runtime-4.0_2.13:1.10.1                 /home/spark/spark/spark_jobs/silver_to_gold.py 2026-04-13\n        ']
[2026-04-13T12:42:37.977+0000] {subprocess.py:99} INFO - Output:
[2026-04-13T12:42:39.079+0000] {subprocess.py:106} INFO - WARNING: Using incubator modules: jdk.incubator.vector
[2026-04-13T12:42:41.368+0000] {subprocess.py:106} INFO - :: loading settings :: url = jar:file:/home/spark/spark/jars/ivy-2.5.3.jar!/org/apache/ivy/core/settings/ivysettings.xml
[2026-04-13T12:42:41.500+0000] {subprocess.py:106} INFO - Ivy Default Cache set to: /home/spark/.ivy2.5.2/cache
[2026-04-13T12:42:41.501+0000] {subprocess.py:106} INFO - The jars for the packages stored in: /home/spark/.ivy2.5.2/jars
[2026-04-13T12:42:41.526+0000] {subprocess.py:106} INFO - org.apache.iceberg#iceberg-spark-runtime-4.0_2.13 added as a dependency
[2026-04-13T12:42:41.526+0000] {subprocess.py:106} INFO - :: resolving dependencies :: org.apache.spark#spark-submit-parent-bae21210-1e5c-457b-bb2b-cad79e59b354;1.0
[2026-04-13T12:42:41.527+0000] {subprocess.py:106} INFO - 	confs: [default]
[2026-04-13T12:42:41.699+0000] {subprocess.py:106} INFO - 	found org.apache.iceberg#iceberg-spark-runtime-4.0_2.13;1.10.1 in central
[2026-04-13T12:42:41.725+0000] {subprocess.py:106} INFO - :: resolution report :: resolve 195ms :: artifacts dl 4ms
[2026-04-13T12:42:41.725+0000] {subprocess.py:106} INFO - 	:: modules in use:
[2026-04-13T12:42:41.726+0000] {subprocess.py:106} INFO - 	org.apache.iceberg#iceberg-spark-runtime-4.0_2.13;1.10.1 from central in [default]
[2026-04-13T12:42:41.727+0000] {subprocess.py:106} INFO - 	---------------------------------------------------------------------
[2026-04-13T12:42:41.728+0000] {subprocess.py:106} INFO - 	|                  |            modules            ||   artifacts   |
[2026-04-13T12:42:41.728+0000] {subprocess.py:106} INFO - 	|       conf       | number| search|dwnlded|evicted|| number|dwnlded|
[2026-04-13T12:42:41.729+0000] {subprocess.py:106} INFO - 	---------------------------------------------------------------------
[2026-04-13T12:42:41.730+0000] {subprocess.py:106} INFO - 	|      default     |   1   |   0   |   0   |   0   ||   1   |   0   |
[2026-04-13T12:42:41.731+0000] {subprocess.py:106} INFO - 	---------------------------------------------------------------------
[2026-04-13T12:42:41.731+0000] {subprocess.py:106} INFO - :: retrieving :: org.apache.spark#spark-submit-parent-bae21210-1e5c-457b-bb2b-cad79e59b354
[2026-04-13T12:42:41.732+0000] {subprocess.py:106} INFO - 	confs: [default]
[2026-04-13T12:42:41.742+0000] {subprocess.py:106} INFO - 	0 artifacts copied, 1 already retrieved (0kB/11ms)
[2026-04-13T12:42:42.150+0000] {subprocess.py:106} INFO - 26/04/13 12:42:42 WARN NativeCodeLoader: Unable to load native-hadoop library for your platform... using builtin-java classes where applicable
[2026-04-13T12:42:44.254+0000] {subprocess.py:106} INFO - Using Spark's default log4j profile: org/apache/spark/log4j2-defaults.properties
[2026-04-13T12:42:44.267+0000] {subprocess.py:106} INFO - 26/04/13 12:42:44 INFO SparkContext: Running Spark version 4.0.2
[2026-04-13T12:42:44.271+0000] {subprocess.py:106} INFO - 26/04/13 12:42:44 INFO SparkContext: OS info Linux, 6.6.87.2-microsoft-standard-WSL2, amd64
[2026-04-13T12:42:44.272+0000] {subprocess.py:106} INFO - 26/04/13 12:42:44 INFO SparkContext: Java version 21.0.10
[2026-04-13T12:42:44.309+0000] {subprocess.py:106} INFO - 26/04/13 12:42:44 INFO ResourceUtils: ==============================================================
[2026-04-13T12:42:44.310+0000] {subprocess.py:106} INFO - 26/04/13 12:42:44 INFO ResourceUtils: No custom resources configured for spark.driver.
[2026-04-13T12:42:44.312+0000] {subprocess.py:106} INFO - 26/04/13 12:42:44 INFO ResourceUtils: ==============================================================
[2026-04-13T12:42:44.312+0000] {subprocess.py:106} INFO - 26/04/13 12:42:44 INFO SparkContext: Submitted application: Silver_to_Gold
[2026-04-13T12:42:44.367+0000] {subprocess.py:106} INFO - 26/04/13 12:42:44 INFO ResourceProfile: Default ResourceProfile created, executor resources: Map(cores -> name: cores, amount: 2, script: , vendor: , memory -> name: memory, amount: 2048, script: , vendor: , offHeap -> name: offHeap, amount: 0, script: , vendor: ), task resources: Map(cpus -> name: cpus, amount: 1.0)
[2026-04-13T12:42:44.374+0000] {subprocess.py:106} INFO - 26/04/13 12:42:44 INFO ResourceProfile: Limiting resource is cpus at 2 tasks per executor
[2026-04-13T12:42:44.381+0000] {subprocess.py:106} INFO - 26/04/13 12:42:44 INFO ResourceProfileManager: Added ResourceProfile id: 0
[2026-04-13T12:42:44.501+0000] {subprocess.py:106} INFO - 26/04/13 12:42:44 INFO SecurityManager: Changing view acls to: spark
[2026-04-13T12:42:44.504+0000] {subprocess.py:106} INFO - 26/04/13 12:42:44 INFO SecurityManager: Changing modify acls to: spark
[2026-04-13T12:42:44.505+0000] {subprocess.py:106} INFO - 26/04/13 12:42:44 INFO SecurityManager: Changing view acls groups to: spark
[2026-04-13T12:42:44.507+0000] {subprocess.py:106} INFO - 26/04/13 12:42:44 INFO SecurityManager: Changing modify acls groups to: spark
[2026-04-13T12:42:44.516+0000] {subprocess.py:106} INFO - 26/04/13 12:42:44 INFO SecurityManager: SecurityManager: authentication disabled; ui acls disabled; users with view permissions: spark groups with view permissions: EMPTY; users with modify permissions: spark; groups with modify permissions: EMPTY; RPC SSL disabled
[2026-04-13T12:42:45.176+0000] {subprocess.py:106} INFO - 26/04/13 12:42:45 INFO Utils: Successfully started service 'sparkDriver' on port 38795.
[2026-04-13T12:42:45.271+0000] {subprocess.py:106} INFO - 26/04/13 12:42:45 INFO SparkEnv: Registering MapOutputTracker
[2026-04-13T12:42:45.310+0000] {subprocess.py:106} INFO - 26/04/13 12:42:45 INFO SparkEnv: Registering BlockManagerMaster
[2026-04-13T12:42:45.351+0000] {subprocess.py:106} INFO - 26/04/13 12:42:45 INFO BlockManagerMasterEndpoint: Using org.apache.spark.storage.DefaultTopologyMapper for getting topology information
[2026-04-13T12:42:45.352+0000] {subprocess.py:106} INFO - 26/04/13 12:42:45 INFO BlockManagerMasterEndpoint: BlockManagerMasterEndpoint up
[2026-04-13T12:42:45.360+0000] {subprocess.py:106} INFO - 26/04/13 12:42:45 INFO SparkEnv: Registering BlockManagerMasterHeartbeat
[2026-04-13T12:42:45.437+0000] {subprocess.py:106} INFO - 26/04/13 12:42:45 INFO DiskBlockManager: Created local directory at /tmp/blockmgr-f48fe0fa-96ac-4f51-a68e-c5938a17b972
[2026-04-13T12:42:45.489+0000] {subprocess.py:106} INFO - 26/04/13 12:42:45 INFO SparkEnv: Registering OutputCommitCoordinator
[2026-04-13T12:42:45.814+0000] {subprocess.py:106} INFO - 26/04/13 12:42:45 INFO JettyUtils: Start Jetty 0.0.0.0:4040 for SparkUI
[2026-04-13T12:42:45.972+0000] {subprocess.py:106} INFO - 26/04/13 12:42:45 INFO Utils: Successfully started service 'SparkUI' on port 4040.
[2026-04-13T12:42:46.051+0000] {subprocess.py:106} INFO - 26/04/13 12:42:46 INFO SparkContext: Added JAR file:///home/spark/.ivy2.5.2/jars/org.apache.iceberg_iceberg-spark-runtime-4.0_2.13-1.10.1.jar at spark://spark-master:38795/jars/org.apache.iceberg_iceberg-spark-runtime-4.0_2.13-1.10.1.jar with timestamp 1776084164238
[2026-04-13T12:42:46.056+0000] {subprocess.py:106} INFO - 26/04/13 12:42:46 INFO SparkContext: Added file file:///home/spark/.ivy2.5.2/jars/org.apache.iceberg_iceberg-spark-runtime-4.0_2.13-1.10.1.jar at file:///home/spark/.ivy2.5.2/jars/org.apache.iceberg_iceberg-spark-runtime-4.0_2.13-1.10.1.jar with timestamp 1776084164238
[2026-04-13T12:42:46.062+0000] {subprocess.py:106} INFO - 26/04/13 12:42:46 INFO Utils: Copying /home/spark/.ivy2.5.2/jars/org.apache.iceberg_iceberg-spark-runtime-4.0_2.13-1.10.1.jar to /tmp/spark-57fbe04f-d7ac-46c1-9c35-04d283b699fb/userFiles-56f6e6f3-9dae-4f26-91a1-4eca8fd7d6a8/org.apache.iceberg_iceberg-spark-runtime-4.0_2.13-1.10.1.jar
[2026-04-13T12:42:47.590+0000] {subprocess.py:106} INFO - 26/04/13 12:42:47 INFO SecurityManager: Changing view acls to: spark
[2026-04-13T12:42:47.591+0000] {subprocess.py:106} INFO - 26/04/13 12:42:47 INFO SecurityManager: Changing modify acls to: spark
[2026-04-13T12:42:47.592+0000] {subprocess.py:106} INFO - 26/04/13 12:42:47 INFO SecurityManager: Changing view acls groups to: spark
[2026-04-13T12:42:47.593+0000] {subprocess.py:106} INFO - 26/04/13 12:42:47 INFO SecurityManager: Changing modify acls groups to: spark
[2026-04-13T12:42:47.594+0000] {subprocess.py:106} INFO - 26/04/13 12:42:47 INFO SecurityManager: SecurityManager: authentication disabled; ui acls disabled; users with view permissions: spark groups with view permissions: EMPTY; users with modify permissions: spark; groups with modify permissions: EMPTY; RPC SSL disabled
[2026-04-13T12:42:47.976+0000] {subprocess.py:106} INFO - 26/04/13 12:42:47 INFO Executor: Starting executor ID driver on host spark-master
[2026-04-13T12:42:47.977+0000] {subprocess.py:106} INFO - 26/04/13 12:42:47 INFO Executor: OS info Linux, 6.6.87.2-microsoft-standard-WSL2, amd64
[2026-04-13T12:42:47.978+0000] {subprocess.py:106} INFO - 26/04/13 12:42:47 INFO Executor: Java version 21.0.10
[2026-04-13T12:42:48.007+0000] {subprocess.py:106} INFO - 26/04/13 12:42:48 INFO Executor: Starting executor with user classpath (userClassPathFirst = false): ''
[2026-04-13T12:42:48.014+0000] {subprocess.py:106} INFO - 26/04/13 12:42:48 INFO Executor: Created or updated repl class loader org.apache.spark.util.MutableURLClassLoader@28e07770 for default.
[2026-04-13T12:42:48.041+0000] {subprocess.py:106} INFO - 26/04/13 12:42:48 INFO Executor: Fetching file:///home/spark/.ivy2.5.2/jars/org.apache.iceberg_iceberg-spark-runtime-4.0_2.13-1.10.1.jar with timestamp 1776084164238
[2026-04-13T12:42:48.103+0000] {subprocess.py:106} INFO - 26/04/13 12:42:48 INFO Utils: /home/spark/.ivy2.5.2/jars/org.apache.iceberg_iceberg-spark-runtime-4.0_2.13-1.10.1.jar has been previously copied to /tmp/spark-57fbe04f-d7ac-46c1-9c35-04d283b699fb/userFiles-56f6e6f3-9dae-4f26-91a1-4eca8fd7d6a8/org.apache.iceberg_iceberg-spark-runtime-4.0_2.13-1.10.1.jar
[2026-04-13T12:42:48.118+0000] {subprocess.py:106} INFO - 26/04/13 12:42:48 INFO Executor: Fetching spark://spark-master:38795/jars/org.apache.iceberg_iceberg-spark-runtime-4.0_2.13-1.10.1.jar with timestamp 1776084164238
[2026-04-13T12:42:48.208+0000] {subprocess.py:106} INFO - 26/04/13 12:42:48 INFO TransportClientFactory: Successfully created connection to spark-master/172.20.0.5:38795 after 62 ms (0 ms spent in bootstraps)
[2026-04-13T12:42:48.220+0000] {subprocess.py:106} INFO - 26/04/13 12:42:48 INFO Utils: Fetching spark://spark-master:38795/jars/org.apache.iceberg_iceberg-spark-runtime-4.0_2.13-1.10.1.jar to /tmp/spark-57fbe04f-d7ac-46c1-9c35-04d283b699fb/userFiles-56f6e6f3-9dae-4f26-91a1-4eca8fd7d6a8/fetchFileTemp11540063014068483941.tmp
[2026-04-13T12:42:48.864+0000] {subprocess.py:106} INFO - 26/04/13 12:42:48 INFO Utils: /tmp/spark-57fbe04f-d7ac-46c1-9c35-04d283b699fb/userFiles-56f6e6f3-9dae-4f26-91a1-4eca8fd7d6a8/fetchFileTemp11540063014068483941.tmp has been previously copied to /tmp/spark-57fbe04f-d7ac-46c1-9c35-04d283b699fb/userFiles-56f6e6f3-9dae-4f26-91a1-4eca8fd7d6a8/org.apache.iceberg_iceberg-spark-runtime-4.0_2.13-1.10.1.jar
[2026-04-13T12:42:48.905+0000] {subprocess.py:106} INFO - 26/04/13 12:42:48 INFO Executor: Adding file:/tmp/spark-57fbe04f-d7ac-46c1-9c35-04d283b699fb/userFiles-56f6e6f3-9dae-4f26-91a1-4eca8fd7d6a8/org.apache.iceberg_iceberg-spark-runtime-4.0_2.13-1.10.1.jar to class loader default
[2026-04-13T12:42:48.929+0000] {subprocess.py:106} INFO - 26/04/13 12:42:48 INFO Utils: Successfully started service 'org.apache.spark.network.netty.NettyBlockTransferService' on port 40517.
[2026-04-13T12:42:48.930+0000] {subprocess.py:106} INFO - 26/04/13 12:42:48 INFO NettyBlockTransferService: Server created on spark-master:40517
[2026-04-13T12:42:48.935+0000] {subprocess.py:106} INFO - 26/04/13 12:42:48 INFO BlockManager: Using org.apache.spark.storage.RandomBlockReplicationPolicy for block replication policy
[2026-04-13T12:42:48.973+0000] {subprocess.py:106} INFO - 26/04/13 12:42:48 INFO BlockManagerMaster: Registering BlockManager BlockManagerId(driver, spark-master, 40517, None)
[2026-04-13T12:42:48.984+0000] {subprocess.py:106} INFO - 26/04/13 12:42:48 INFO BlockManagerMasterEndpoint: Registering block manager spark-master:40517 with 1048.8 MiB RAM, BlockManagerId(driver, spark-master, 40517, None)
[2026-04-13T12:42:48.990+0000] {subprocess.py:106} INFO - 26/04/13 12:42:48 INFO BlockManagerMaster: Registered BlockManager BlockManagerId(driver, spark-master, 40517, None)
[2026-04-13T12:42:48.993+0000] {subprocess.py:106} INFO - 26/04/13 12:42:48 INFO BlockManager: Initialized BlockManager: BlockManagerId(driver, spark-master, 40517, None)
[2026-04-13T12:42:53.119+0000] {subprocess.py:106} INFO - Đọc dữ liệu Silver từ iceberg.air_quality_db.air_quality_silver
[2026-04-13T12:42:53.139+0000] {subprocess.py:106} INFO - 26/04/13 12:42:53 INFO SharedState: spark.sql.warehouse.dir is not set, but hive.metastore.warehouse.dir is set. Setting spark.sql.warehouse.dir to the value of hive.metastore.warehouse.dir.
[2026-04-13T12:42:53.841+0000] {subprocess.py:106} INFO - 26/04/13 12:42:53 INFO SharedState: Warehouse path is 'hdfs://23133083thuyvan-master:9000/user/hive/lakehouse'.
[2026-04-13T12:42:56.137+0000] {subprocess.py:106} INFO - 26/04/13 12:42:56 INFO CatalogUtil: Loading custom FileIO implementation: org.apache.iceberg.hadoop.HadoopFileIO
[2026-04-13T12:42:56.280+0000] {subprocess.py:106} INFO - 26/04/13 12:42:56 INFO HiveConf: Found configuration file file:/home/spark/spark/conf/hive-site.xml
[2026-04-13T12:42:56.535+0000] {subprocess.py:106} INFO - 26/04/13 12:42:56 INFO metastore: Trying to connect to metastore with URI thrift://23133083thuyvan-master:9083
[2026-04-13T12:42:56.565+0000] {subprocess.py:106} INFO - 26/04/13 12:42:56 INFO metastore: Opened a connection to metastore, current connections: 1
[2026-04-13T12:42:56.627+0000] {subprocess.py:106} INFO - 26/04/13 12:42:56 INFO metastore: Connected to metastore.
[2026-04-13T12:42:56.866+0000] {subprocess.py:106} INFO - 26/04/13 12:42:56 INFO BaseMetastoreTableOperations: Refreshing table metadata from new version: hdfs://23133083thuyvan-master:9000/user/hive/lakehouse/silver/air_quality_silver/metadata/00003-8e71d277-3336-4b24-8390-00b46931a63f.metadata.json
[2026-04-13T12:42:57.805+0000] {subprocess.py:106} INFO - 26/04/13 12:42:57 INFO BaseMetastoreCatalog: Table loaded by catalog: iceberg.air_quality_db.air_quality_silver
[2026-04-13T12:42:59.496+0000] {subprocess.py:106} INFO - 26/04/13 12:42:59 INFO BaseMetastoreTableOperations: Refreshing table metadata from new version: hdfs://23133083thuyvan-master:9000/user/hive/lakehouse/gold/ml/air_quality_gold/metadata/00000-1a54d14d-e44e-46a0-9660-ec51d3766ea4.metadata.json
[2026-04-13T12:42:59.522+0000] {subprocess.py:106} INFO - 26/04/13 12:42:59 INFO BaseMetastoreCatalog: Table loaded by catalog: iceberg.air_quality_ml.air_quality_gold
[2026-04-13T12:42:59.539+0000] {subprocess.py:106} INFO - Bảng đã tồn tại, append dữ liệu vào iceberg.air_quality_ml.air_quality_gold
[2026-04-13T12:42:59.682+0000] {subprocess.py:106} INFO - 26/04/13 12:42:59 INFO V2ScanRelationPushDown:
[2026-04-13T12:42:59.683+0000] {subprocess.py:106} INFO - Output: timestamp#94, location#95, latitude#96, longitude#97, country#98, condition_text#99, timezone#100, temperature_2m#101, relative_humidity_2m#102, apparent_temperature#103, precipitation#104, cloud_cover#105, wind_speed_10m#106, wind_direction_10m#107, wind_gusts_10m#108, uv_index#109, weather_code#110, european_aqi#111, us_aqi#112, us_aqi_index#113, aqi_label#114, pm10#115, pm2_5#116, carbon_monoxide#117, nitrogen_dioxide#118, sulphur_dioxide#119, ozone#120, processing_time#121, data_source#122
[2026-04-13T12:42:59.684+0000] {subprocess.py:106} INFO - 
[2026-04-13T12:42:59.699+0000] {subprocess.py:106} INFO - 26/04/13 12:42:59 INFO SnapshotScan: Scanning table iceberg.air_quality_db.air_quality_silver snapshot 4518274335865062319 created at 2026-04-13T11:48:03.562+00:00 with filter true
[2026-04-13T12:42:59.971+0000] {subprocess.py:106} INFO - 26/04/13 12:42:59 INFO BaseDistributedDataScan: Planning file tasks locally for table iceberg.air_quality_db.air_quality_silver
[2026-04-13T12:43:00.157+0000] {subprocess.py:106} INFO - 26/04/13 12:43:00 INFO SparkPartitioningAwareScan: Reporting UnknownPartitioning with 15 partition(s) for table iceberg.air_quality_db.air_quality_silver
[2026-04-13T12:43:00.276+0000] {subprocess.py:106} INFO - 26/04/13 12:43:00 INFO MemoryStore: MemoryStore started with capacity 1048.8 MiB
[2026-04-13T12:43:00.319+0000] {subprocess.py:106} INFO - 26/04/13 12:43:00 INFO MemoryStore: Block broadcast_0 stored as values in memory (estimated size 32.0 KiB, free 1048.8 MiB)
[2026-04-13T12:43:00.402+0000] {subprocess.py:106} INFO - 26/04/13 12:43:00 INFO MemoryStore: Block broadcast_0_piece0 stored as bytes in memory (estimated size 34.8 KiB, free 1048.7 MiB)
[2026-04-13T12:43:00.414+0000] {subprocess.py:106} INFO - 26/04/13 12:43:00 INFO SparkContext: Created broadcast 0 from broadcast at SparkBatch.java:87
[2026-04-13T12:43:00.554+0000] {subprocess.py:106} INFO - 26/04/13 12:43:00 INFO MemoryStore: Block broadcast_1 stored as values in memory (estimated size 32.0 KiB, free 1048.7 MiB)
[2026-04-13T12:43:00.564+0000] {subprocess.py:106} INFO - 26/04/13 12:43:00 INFO MemoryStore: Block broadcast_1_piece0 stored as bytes in memory (estimated size 34.9 KiB, free 1048.7 MiB)
[2026-04-13T12:43:00.570+0000] {subprocess.py:106} INFO - 26/04/13 12:43:00 INFO SparkContext: Created broadcast 1 from broadcast at SparkBatch.java:87
[2026-04-13T12:43:00.833+0000] {subprocess.py:106} INFO - 26/04/13 12:43:00 WARN SparkStringUtils: Truncated the string representation of a plan since it was too large. This behavior can be adjusted by setting 'spark.sql.debug.maxToStringFields'.
[2026-04-13T12:43:01.478+0000] {subprocess.py:106} INFO - 26/04/13 12:43:01 INFO CodeGenerator: Code generated in 454.306853 ms
[2026-04-13T12:43:01.685+0000] {subprocess.py:106} INFO - 26/04/13 12:43:01 INFO MemoryStore: Block broadcast_2 stored as values in memory (estimated size 32.0 KiB, free 1048.6 MiB)
[2026-04-13T12:43:01.713+0000] {subprocess.py:106} INFO - 26/04/13 12:43:01 INFO MemoryStore: Block broadcast_2_piece0 stored as bytes in memory (estimated size 34.8 KiB, free 1048.6 MiB)
[2026-04-13T12:43:01.717+0000] {subprocess.py:106} INFO - 26/04/13 12:43:01 INFO SparkContext: Created broadcast 2 from broadcast at SparkWrite.java:198
[2026-04-13T12:43:01.727+0000] {subprocess.py:106} INFO - 26/04/13 12:43:01 INFO AppendDataExec: Start processing data source write support: IcebergBatchWrite(table=iceberg.air_quality_ml.air_quality_gold, format=PARQUET). The input RDD has 15} partitions.
[2026-04-13T12:43:01.797+0000] {subprocess.py:106} INFO - 26/04/13 12:43:01 INFO SparkContext: Starting job: append at NativeMethodAccessorImpl.java:0
[2026-04-13T12:43:01.821+0000] {subprocess.py:106} INFO - 26/04/13 12:43:01 INFO DAGScheduler: Got job 0 (append at NativeMethodAccessorImpl.java:0) with 15 output partitions
[2026-04-13T12:43:01.824+0000] {subprocess.py:106} INFO - 26/04/13 12:43:01 INFO DAGScheduler: Final stage: ResultStage 0 (append at NativeMethodAccessorImpl.java:0)
[2026-04-13T12:43:01.826+0000] {subprocess.py:106} INFO - 26/04/13 12:43:01 INFO DAGScheduler: Parents of final stage: List()
[2026-04-13T12:43:01.830+0000] {subprocess.py:106} INFO - 26/04/13 12:43:01 INFO DAGScheduler: Missing parents: List()
[2026-04-13T12:43:01.836+0000] {subprocess.py:106} INFO - 26/04/13 12:43:01 INFO DAGScheduler: Submitting ResultStage 0 (MapPartitionsRDD[2] at append at NativeMethodAccessorImpl.java:0), which has no missing parents
[2026-04-13T12:43:01.925+0000] {subprocess.py:106} INFO - 26/04/13 12:43:01 INFO MemoryStore: Block broadcast_3 stored as values in memory (estimated size 33.8 KiB, free 1048.6 MiB)
[2026-04-13T12:43:01.930+0000] {subprocess.py:106} INFO - 26/04/13 12:43:01 INFO MemoryStore: Block broadcast_3_piece0 stored as bytes in memory (estimated size 10.3 KiB, free 1048.6 MiB)
[2026-04-13T12:43:01.931+0000] {subprocess.py:106} INFO - 26/04/13 12:43:01 INFO SparkContext: Created broadcast 3 from broadcast at DAGScheduler.scala:1676
[2026-04-13T12:43:01.960+0000] {subprocess.py:106} INFO - 26/04/13 12:43:01 INFO DAGScheduler: Submitting 15 missing tasks from ResultStage 0 (MapPartitionsRDD[2] at append at NativeMethodAccessorImpl.java:0) (first 15 tasks are for partitions Vector(0, 1, 2, 3, 4, 5, 6, 7, 8, 9, 10, 11, 12, 13, 14))
[2026-04-13T12:43:01.963+0000] {subprocess.py:106} INFO - 26/04/13 12:43:01 INFO TaskSchedulerImpl: Adding task set 0.0 with 15 tasks resource profile 0
[2026-04-13T12:43:02.014+0000] {subprocess.py:106} INFO - 26/04/13 12:43:02 INFO TaskSetManager: Starting task 0.0 in stage 0.0 (TID 0) (spark-master,executor driver, partition 0, ANY, 22261 bytes)
[2026-04-13T12:43:02.019+0000] {subprocess.py:106} INFO - 26/04/13 12:43:02 INFO TaskSetManager: Starting task 1.0 in stage 0.0 (TID 1) (spark-master,executor driver, partition 1, ANY, 22270 bytes)
[2026-04-13T12:43:02.021+0000] {subprocess.py:106} INFO - 26/04/13 12:43:02 INFO TaskSetManager: Starting task 2.0 in stage 0.0 (TID 2) (spark-master,executor driver, partition 2, ANY, 22253 bytes)
[2026-04-13T12:43:02.024+0000] {subprocess.py:106} INFO - 26/04/13 12:43:02 INFO TaskSetManager: Starting task 3.0 in stage 0.0 (TID 3) (spark-master,executor driver, partition 3, ANY, 21831 bytes)
[2026-04-13T12:43:02.031+0000] {subprocess.py:106} INFO - 26/04/13 12:43:02 INFO TaskSetManager: Starting task 4.0 in stage 0.0 (TID 4) (spark-master,executor driver, partition 4, ANY, 22257 bytes)
[2026-04-13T12:43:02.036+0000] {subprocess.py:106} INFO - 26/04/13 12:43:02 INFO TaskSetManager: Starting task 5.0 in stage 0.0 (TID 5) (spark-master,executor driver, partition 5, ANY, 22264 bytes)
[2026-04-13T12:43:02.041+0000] {subprocess.py:106} INFO - 26/04/13 12:43:02 INFO TaskSetManager: Starting task 6.0 in stage 0.0 (TID 6) (spark-master,executor driver, partition 6, ANY, 21814 bytes)
[2026-04-13T12:43:02.042+0000] {subprocess.py:106} INFO - 26/04/13 12:43:02 INFO TaskSetManager: Starting task 7.0 in stage 0.0 (TID 7) (spark-master,executor driver, partition 7, ANY, 22260 bytes)
[2026-04-13T12:43:02.051+0000] {subprocess.py:106} INFO - 26/04/13 12:43:02 INFO TaskSetManager: Starting task 8.0 in stage 0.0 (TID 8) (spark-master,executor driver, partition 8, ANY, 22266 bytes)
[2026-04-13T12:43:02.062+0000] {subprocess.py:106} INFO - 26/04/13 12:43:02 INFO TaskSetManager: Starting task 9.0 in stage 0.0 (TID 9) (spark-master,executor driver, partition 9, ANY, 22254 bytes)
[2026-04-13T12:43:02.063+0000] {subprocess.py:106} INFO - 26/04/13 12:43:02 INFO TaskSetManager: Starting task 10.0 in stage 0.0 (TID 10) (spark-master,executor driver, partition 10, ANY, 22269 bytes)
[2026-04-13T12:43:02.064+0000] {subprocess.py:106} INFO - 26/04/13 12:43:02 INFO TaskSetManager: Starting task 11.0 in stage 0.0 (TID 11) (spark-master,executor driver, partition 11, ANY, 22253 bytes)
[2026-04-13T12:43:02.065+0000] {subprocess.py:106} INFO - 26/04/13 12:43:02 INFO TaskSetManager: Starting task 12.0 in stage 0.0 (TID 12) (spark-master,executor driver, partition 12, ANY, 21785 bytes)
[2026-04-13T12:43:02.066+0000] {subprocess.py:106} INFO - 26/04/13 12:43:02 INFO TaskSetManager: Starting task 13.0 in stage 0.0 (TID 13) (spark-master,executor driver, partition 13, ANY, 22251 bytes)
[2026-04-13T12:43:02.066+0000] {subprocess.py:106} INFO - 26/04/13 12:43:02 INFO TaskSetManager: Starting task 14.0 in stage 0.0 (TID 14) (spark-master,executor driver, partition 14, ANY, 21346 bytes)
[2026-04-13T12:43:02.078+0000] {subprocess.py:106} INFO - 26/04/13 12:43:02 INFO Executor: Running task 9.0 in stage 0.0 (TID 9)
[2026-04-13T12:43:02.079+0000] {subprocess.py:106} INFO - 26/04/13 12:43:02 INFO Executor: Running task 3.0 in stage 0.0 (TID 3)
[2026-04-13T12:43:02.080+0000] {subprocess.py:106} INFO - 26/04/13 12:43:02 INFO Executor: Running task 10.0 in stage 0.0 (TID 10)
[2026-04-13T12:43:02.081+0000] {subprocess.py:106} INFO - 26/04/13 12:43:02 INFO Executor: Running task 2.0 in stage 0.0 (TID 2)
[2026-04-13T12:43:02.082+0000] {subprocess.py:106} INFO - 26/04/13 12:43:02 INFO Executor: Running task 12.0 in stage 0.0 (TID 12)
[2026-04-13T12:43:02.084+0000] {subprocess.py:106} INFO - 26/04/13 12:43:02 INFO Executor: Running task 14.0 in stage 0.0 (TID 14)
[2026-04-13T12:43:02.085+0000] {subprocess.py:106} INFO - 26/04/13 12:43:02 INFO Executor: Running task 5.0 in stage 0.0 (TID 5)
[2026-04-13T12:43:02.085+0000] {subprocess.py:106} INFO - 26/04/13 12:43:02 INFO Executor: Running task 1.0 in stage 0.0 (TID 1)
[2026-04-13T12:43:02.086+0000] {subprocess.py:106} INFO - 26/04/13 12:43:02 INFO Executor: Running task 11.0 in stage 0.0 (TID 11)
[2026-04-13T12:43:02.086+0000] {subprocess.py:106} INFO - 26/04/13 12:43:02 INFO Executor: Running task 6.0 in stage 0.0 (TID 6)
[2026-04-13T12:43:02.087+0000] {subprocess.py:106} INFO - 26/04/13 12:43:02 INFO Executor: Running task 7.0 in stage 0.0 (TID 7)
[2026-04-13T12:43:02.088+0000] {subprocess.py:106} INFO - 26/04/13 12:43:02 INFO Executor: Running task 8.0 in stage 0.0 (TID 8)
[2026-04-13T12:43:02.088+0000] {subprocess.py:106} INFO - 26/04/13 12:43:02 INFO Executor: Running task 4.0 in stage 0.0 (TID 4)
[2026-04-13T12:43:02.092+0000] {subprocess.py:106} INFO - 26/04/13 12:43:02 INFO Executor: Running task 13.0 in stage 0.0 (TID 13)
[2026-04-13T12:43:02.093+0000] {subprocess.py:106} INFO - 26/04/13 12:43:02 INFO Executor: Running task 0.0 in stage 0.0 (TID 0)
[2026-04-13T12:43:02.382+0000] {subprocess.py:106} INFO - 26/04/13 12:43:02 INFO CodeGenerator: Code generated in 67.353783 ms
[2026-04-13T12:43:02.555+0000] {subprocess.py:106} INFO - 26/04/13 12:43:02 INFO CodecPool: Got brand-new compressor [.zstd]
[2026-04-13T12:43:02.556+0000] {subprocess.py:106} INFO - 26/04/13 12:43:02 INFO CodecPool: Got brand-new compressor [.zstd]
[2026-04-13T12:43:02.557+0000] {subprocess.py:106} INFO - 26/04/13 12:43:02 INFO CodecPool: Got brand-new compressor [.zstd]
[2026-04-13T12:43:02.558+0000] {subprocess.py:106} INFO - 26/04/13 12:43:02 INFO CodecPool: Got brand-new compressor [.zstd]
[2026-04-13T12:43:02.559+0000] {subprocess.py:106} INFO - 26/04/13 12:43:02 INFO CodecPool: Got brand-new compressor [.zstd]
[2026-04-13T12:43:02.560+0000] {subprocess.py:106} INFO - 26/04/13 12:43:02 INFO CodecPool: Got brand-new compressor [.zstd]
[2026-04-13T12:43:02.562+0000] {subprocess.py:106} INFO - 26/04/13 12:43:02 INFO CodecPool: Got brand-new compressor [.zstd]
[2026-04-13T12:43:02.563+0000] {subprocess.py:106} INFO - 26/04/13 12:43:02 INFO CodecPool: Got brand-new compressor [.zstd]
[2026-04-13T12:43:02.564+0000] {subprocess.py:106} INFO - 26/04/13 12:43:02 INFO CodecPool: Got brand-new compressor [.zstd]
[2026-04-13T12:43:02.565+0000] {subprocess.py:106} INFO - 26/04/13 12:43:02 INFO CodecPool: Got brand-new compressor [.zstd]
[2026-04-13T12:43:02.566+0000] {subprocess.py:106} INFO - 26/04/13 12:43:02 INFO CodecPool: Got brand-new compressor [.zstd]
[2026-04-13T12:43:02.567+0000] {subprocess.py:106} INFO - 26/04/13 12:43:02 INFO CodecPool: Got brand-new compressor [.zstd]
[2026-04-13T12:43:02.567+0000] {subprocess.py:106} INFO - 26/04/13 12:43:02 INFO CodecPool: Got brand-new compressor [.zstd]
[2026-04-13T12:43:02.568+0000] {subprocess.py:106} INFO - 26/04/13 12:43:02 INFO CodecPool: Got brand-new compressor [.zstd]
[2026-04-13T12:43:02.569+0000] {subprocess.py:106} INFO - 26/04/13 12:43:02 INFO CodecPool: Got brand-new compressor [.zstd]
[2026-04-13T12:43:03.627+0000] {subprocess.py:106} INFO - 26/04/13 12:43:03 INFO VectorizedSparkParquetReaders: Enabling arrow.enable_unsafe_memory_access
[2026-04-13T12:43:03.628+0000] {subprocess.py:106} INFO - 26/04/13 12:43:03 INFO VectorizedSparkParquetReaders: Disabling arrow.enable_null_check_for_get
[2026-04-13T12:43:03.635+0000] {subprocess.py:106} INFO - 26/04/13 12:43:03 INFO BaseAllocator: Debug mode disabled. Enable with the VM option -Darrow.memory.debug.allocator=true.
[2026-04-13T12:43:03.639+0000] {subprocess.py:106} INFO - 26/04/13 12:43:03 INFO DefaultAllocationManagerOption: allocation manager type not specified, using netty as the default type
[2026-04-13T12:43:03.641+0000] {subprocess.py:106} INFO - 26/04/13 12:43:03 INFO CheckAllocator: Using DefaultAllocationManager at memory/DefaultAllocationManagerFactory.class
[2026-04-13T12:43:03.850+0000] {subprocess.py:106} INFO - 26/04/13 12:43:03 INFO CodecPool: Got brand-new decompressor [.zstd]
[2026-04-13T12:43:03.852+0000] {subprocess.py:106} INFO - 26/04/13 12:43:03 INFO CodecPool: Got brand-new decompressor [.zstd]
[2026-04-13T12:43:03.853+0000] {subprocess.py:106} INFO - 26/04/13 12:43:03 INFO CodecPool: Got brand-new decompressor [.zstd]
[2026-04-13T12:43:03.854+0000] {subprocess.py:106} INFO - 26/04/13 12:43:03 INFO CodecPool: Got brand-new decompressor [.zstd]
[2026-04-13T12:43:03.857+0000] {subprocess.py:106} INFO - 26/04/13 12:43:03 INFO CodecPool: Got brand-new decompressor [.zstd]
[2026-04-13T12:43:03.859+0000] {subprocess.py:106} INFO - 26/04/13 12:43:03 INFO CodecPool: Got brand-new decompressor [.zstd]
[2026-04-13T12:43:03.860+0000] {subprocess.py:106} INFO - 26/04/13 12:43:03 INFO CodecPool: Got brand-new decompressor [.zstd]
[2026-04-13T12:43:03.861+0000] {subprocess.py:106} INFO - 26/04/13 12:43:03 INFO CodecPool: Got brand-new decompressor [.zstd]
[2026-04-13T12:43:03.861+0000] {subprocess.py:106} INFO - 26/04/13 12:43:03 INFO CodecPool: Got brand-new decompressor [.zstd]
[2026-04-13T12:43:03.864+0000] {subprocess.py:106} INFO - 26/04/13 12:43:03 INFO CodecPool: Got brand-new decompressor [.zstd]
[2026-04-13T12:43:03.864+0000] {subprocess.py:106} INFO - 26/04/13 12:43:03 INFO CodecPool: Got brand-new decompressor [.zstd]
[2026-04-13T12:43:03.865+0000] {subprocess.py:106} INFO - 26/04/13 12:43:03 INFO CodecPool: Got brand-new decompressor [.zstd]
[2026-04-13T12:43:03.872+0000] {subprocess.py:106} INFO - 26/04/13 12:43:03 INFO CodecPool: Got brand-new decompressor [.zstd]
[2026-04-13T12:43:03.875+0000] {subprocess.py:106} INFO - 26/04/13 12:43:03 INFO CodecPool: Got brand-new decompressor [.zstd]
[2026-04-13T12:43:03.876+0000] {subprocess.py:106} INFO - 26/04/13 12:43:03 INFO CodecPool: Got brand-new decompressor [.zstd]
[2026-04-13T12:43:04.691+0000] {subprocess.py:106} INFO - 26/04/13 12:43:04 INFO CodecPool: Got brand-new decompressor [.zstd]
[2026-04-13T12:43:04.694+0000] {subprocess.py:106} INFO - 26/04/13 12:43:04 INFO CodecPool: Got brand-new decompressor [.zstd]
[2026-04-13T12:43:04.706+0000] {subprocess.py:106} INFO - 26/04/13 12:43:04 INFO CodecPool: Got brand-new decompressor [.zstd]
[2026-04-13T12:43:04.711+0000] {subprocess.py:106} INFO - 26/04/13 12:43:04 INFO CodecPool: Got brand-new decompressor [.zstd]
[2026-04-13T12:43:04.712+0000] {subprocess.py:106} INFO - 26/04/13 12:43:04 INFO CodecPool: Got brand-new decompressor [.zstd]
[2026-04-13T12:43:04.713+0000] {subprocess.py:106} INFO - 26/04/13 12:43:04 INFO CodecPool: Got brand-new decompressor [.zstd]
[2026-04-13T12:43:04.715+0000] {subprocess.py:106} INFO - 26/04/13 12:43:04 INFO CodecPool: Got brand-new decompressor [.zstd]
[2026-04-13T12:43:04.717+0000] {subprocess.py:106} INFO - 26/04/13 12:43:04 INFO CodecPool: Got brand-new decompressor [.zstd]
[2026-04-13T12:43:04.721+0000] {subprocess.py:106} INFO - 26/04/13 12:43:04 INFO CodecPool: Got brand-new decompressor [.zstd]
[2026-04-13T12:43:04.722+0000] {subprocess.py:106} INFO - 26/04/13 12:43:04 INFO CodecPool: Got brand-new decompressor [.zstd]
[2026-04-13T12:43:04.723+0000] {subprocess.py:106} INFO - 26/04/13 12:43:04 INFO CodecPool: Got brand-new decompressor [.zstd]
[2026-04-13T12:43:04.724+0000] {subprocess.py:106} INFO - 26/04/13 12:43:04 INFO CodecPool: Got brand-new decompressor [.zstd]
[2026-04-13T12:43:04.771+0000] {subprocess.py:106} INFO - 26/04/13 12:43:04 INFO CodecPool: Got brand-new decompressor [.zstd]
[2026-04-13T12:43:04.773+0000] {subprocess.py:106} INFO - 26/04/13 12:43:04 INFO CodecPool: Got brand-new decompressor [.zstd]
[2026-04-13T12:43:04.788+0000] {subprocess.py:106} INFO - 26/04/13 12:43:04 INFO CodecPool: Got brand-new decompressor [.zstd]
[2026-04-13T12:43:04.803+0000] {subprocess.py:106} INFO - 26/04/13 12:43:04 INFO CodecPool: Got brand-new decompressor [.zstd]
[2026-04-13T12:43:04.848+0000] {subprocess.py:106} INFO - 26/04/13 12:43:04 INFO CodecPool: Got brand-new decompressor [.zstd]
[2026-04-13T12:43:04.880+0000] {subprocess.py:106} INFO - 26/04/13 12:43:04 INFO CodecPool: Got brand-new decompressor [.zstd]
[2026-04-13T12:43:04.883+0000] {subprocess.py:106} INFO - 26/04/13 12:43:04 INFO CodecPool: Got brand-new decompressor [.zstd]
[2026-04-13T12:43:04.893+0000] {subprocess.py:106} INFO - 26/04/13 12:43:04 INFO CodecPool: Got brand-new decompressor [.zstd]
[2026-04-13T12:43:04.901+0000] {subprocess.py:106} INFO - 26/04/13 12:43:04 INFO CodecPool: Got brand-new decompressor [.zstd]
[2026-04-13T12:43:04.911+0000] {subprocess.py:106} INFO - 26/04/13 12:43:04 INFO CodecPool: Got brand-new decompressor [.zstd]
[2026-04-13T12:43:04.926+0000] {subprocess.py:106} INFO - 26/04/13 12:43:04 INFO CodecPool: Got brand-new decompressor [.zstd]
[2026-04-13T12:43:04.934+0000] {subprocess.py:106} INFO - 26/04/13 12:43:04 INFO CodecPool: Got brand-new decompressor [.zstd]
[2026-04-13T12:43:04.937+0000] {subprocess.py:106} INFO - 26/04/13 12:43:04 INFO CodecPool: Got brand-new decompressor [.zstd]
[2026-04-13T12:43:04.939+0000] {subprocess.py:106} INFO - 26/04/13 12:43:04 INFO CodecPool: Got brand-new decompressor [.zstd]
[2026-04-13T12:43:04.956+0000] {subprocess.py:106} INFO - 26/04/13 12:43:04 INFO CodecPool: Got brand-new decompressor [.zstd]
[2026-04-13T12:43:04.958+0000] {subprocess.py:106} INFO - 26/04/13 12:43:04 INFO CodecPool: Got brand-new decompressor [.zstd]
[2026-04-13T12:43:04.966+0000] {subprocess.py:106} INFO - 26/04/13 12:43:04 INFO CodecPool: Got brand-new decompressor [.zstd]
[2026-04-13T12:43:04.968+0000] {subprocess.py:106} INFO - 26/04/13 12:43:04 INFO CodecPool: Got brand-new decompressor [.zstd]
[2026-04-13T12:43:05.004+0000] {subprocess.py:106} INFO - 26/04/13 12:43:05 INFO CodecPool: Got brand-new decompressor [.zstd]
[2026-04-13T12:43:05.025+0000] {subprocess.py:106} INFO - 26/04/13 12:43:04 INFO CodecPool: Got brand-new decompressor [.zstd]
[2026-04-13T12:43:05.082+0000] {subprocess.py:106} INFO - 26/04/13 12:43:05 INFO CodecPool: Got brand-new decompressor [.zstd]
[2026-04-13T12:43:05.091+0000] {subprocess.py:106} INFO - 26/04/13 12:43:05 INFO DataWritingSparkTask: Writer for partition 3 is committing.
[2026-04-13T12:43:05.092+0000] {subprocess.py:106} INFO - 26/04/13 12:43:05 INFO DataWritingSparkTask: Writer for partition 14 is committing.
[2026-04-13T12:43:05.098+0000] {subprocess.py:106} INFO - 26/04/13 12:43:05 INFO CodecPool: Got brand-new decompressor [.zstd]
[2026-04-13T12:43:05.099+0000] {subprocess.py:106} INFO - 26/04/13 12:43:05 INFO CodecPool: Got brand-new decompressor [.zstd]
[2026-04-13T12:43:05.100+0000] {subprocess.py:106} INFO - 26/04/13 12:43:05 INFO CodecPool: Got brand-new decompressor [.zstd]
[2026-04-13T12:43:05.104+0000] {subprocess.py:106} INFO - 26/04/13 12:43:05 INFO CodecPool: Got brand-new decompressor [.zstd]
[2026-04-13T12:43:05.107+0000] {subprocess.py:106} INFO - 26/04/13 12:43:05 INFO DataWritingSparkTask: Writer for partition 10 is committing.
[2026-04-13T12:43:05.108+0000] {subprocess.py:106} INFO - 26/04/13 12:43:05 INFO DataWritingSparkTask: Writer for partition 2 is committing.
[2026-04-13T12:43:05.109+0000] {subprocess.py:106} INFO - 26/04/13 12:43:05 INFO DataWritingSparkTask: Writer for partition 6 is committing.
[2026-04-13T12:43:05.111+0000] {subprocess.py:106} INFO - 26/04/13 12:43:05 INFO DataWritingSparkTask: Writer for partition 12 is committing.
[2026-04-13T12:43:05.114+0000] {subprocess.py:106} INFO - 26/04/13 12:43:05 INFO DataWritingSparkTask: Writer for partition 4 is committing.
[2026-04-13T12:43:05.124+0000] {subprocess.py:106} INFO - 26/04/13 12:43:05 INFO CodecPool: Got brand-new decompressor [.zstd]
[2026-04-13T12:43:05.127+0000] {subprocess.py:106} INFO - 26/04/13 12:43:05 INFO CodecPool: Got brand-new decompressor [.zstd]
[2026-04-13T12:43:05.138+0000] {subprocess.py:106} INFO - 26/04/13 12:43:05 INFO CodecPool: Got brand-new decompressor [.zstd]
[2026-04-13T12:43:05.139+0000] {subprocess.py:106} INFO - 26/04/13 12:43:05 INFO DataWritingSparkTask: Writer for partition 8 is committing.
[2026-04-13T12:43:05.157+0000] {subprocess.py:106} INFO - 26/04/13 12:43:05 INFO CodecPool: Got brand-new decompressor [.zstd]
[2026-04-13T12:43:05.158+0000] {subprocess.py:106} INFO - 26/04/13 12:43:05 INFO CodecPool: Got brand-new decompressor [.zstd]
[2026-04-13T12:43:05.161+0000] {subprocess.py:106} INFO - 26/04/13 12:43:05 INFO DataWritingSparkTask: Writer for partition 0 is committing.
[2026-04-13T12:43:05.162+0000] {subprocess.py:106} INFO - 26/04/13 12:43:05 INFO CodecPool: Got brand-new decompressor [.zstd]
[2026-04-13T12:43:05.164+0000] {subprocess.py:106} INFO - 26/04/13 12:43:05 INFO DataWritingSparkTask: Writer for partition 9 is committing.
[2026-04-13T12:43:05.166+0000] {subprocess.py:106} INFO - 26/04/13 12:43:05 INFO CodecPool: Got brand-new decompressor [.zstd]
[2026-04-13T12:43:05.168+0000] {subprocess.py:106} INFO - 26/04/13 12:43:05 INFO DataWritingSparkTask: Writer for partition 1 is committing.
[2026-04-13T12:43:05.169+0000] {subprocess.py:106} INFO - 26/04/13 12:43:05 INFO CodecPool: Got brand-new decompressor [.zstd]
[2026-04-13T12:43:05.170+0000] {subprocess.py:106} INFO - 26/04/13 12:43:05 INFO DataWritingSparkTask: Writer for partition 11 is committing.
[2026-04-13T12:43:05.171+0000] {subprocess.py:106} INFO - 26/04/13 12:43:05 INFO DataWritingSparkTask: Writer for partition 13 is committing.
[2026-04-13T12:43:05.173+0000] {subprocess.py:106} INFO - 26/04/13 12:43:05 INFO DataWritingSparkTask: Writer for partition 7 is committing.
[2026-04-13T12:43:05.173+0000] {subprocess.py:106} INFO - 26/04/13 12:43:05 INFO DataWritingSparkTask: Writer for partition 5 is committing.
[2026-04-13T12:43:06.381+0000] {subprocess.py:106} INFO - 26/04/13 12:43:06 INFO DataWritingSparkTask: Committed partition 5 (task 5, attempt 0, stage 0.0)
[2026-04-13T12:43:06.382+0000] {subprocess.py:106} INFO - 26/04/13 12:43:06 INFO DataWritingSparkTask: Committed partition 0 (task 0, attempt 0, stage 0.0)
[2026-04-13T12:43:06.383+0000] {subprocess.py:106} INFO - 26/04/13 12:43:06 INFO DataWritingSparkTask: Committed partition 8 (task 8, attempt 0, stage 0.0)
[2026-04-13T12:43:06.384+0000] {subprocess.py:106} INFO - 26/04/13 12:43:06 INFO DataWritingSparkTask: Committed partition 3 (task 3, attempt 0, stage 0.0)
[2026-04-13T12:43:06.388+0000] {subprocess.py:106} INFO - 26/04/13 12:43:06 INFO DataWritingSparkTask: Committed partition 10 (task 10, attempt 0, stage 0.0)
[2026-04-13T12:43:06.389+0000] {subprocess.py:106} INFO - 26/04/13 12:43:06 INFO DataWritingSparkTask: Committed partition 14 (task 14, attempt 0, stage 0.0)
[2026-04-13T12:43:06.390+0000] {subprocess.py:106} INFO - 26/04/13 12:43:06 INFO DataWritingSparkTask: Committed partition 2 (task 2, attempt 0, stage 0.0)
[2026-04-13T12:43:06.391+0000] {subprocess.py:106} INFO - 26/04/13 12:43:06 INFO DataWritingSparkTask: Committed partition 11 (task 11, attempt 0, stage 0.0)
[2026-04-13T12:43:06.392+0000] {subprocess.py:106} INFO - 26/04/13 12:43:06 INFO DataWritingSparkTask: Committed partition 1 (task 1, attempt 0, stage 0.0)
[2026-04-13T12:43:06.393+0000] {subprocess.py:106} INFO - 26/04/13 12:43:06 INFO DataWritingSparkTask: Committed partition 12 (task 12, attempt 0, stage 0.0)
[2026-04-13T12:43:06.394+0000] {subprocess.py:106} INFO - 26/04/13 12:43:06 INFO DataWritingSparkTask: Committed partition 13 (task 13, attempt 0, stage 0.0)
[2026-04-13T12:43:06.395+0000] {subprocess.py:106} INFO - 26/04/13 12:43:06 INFO DataWritingSparkTask: Committed partition 9 (task 9, attempt 0, stage 0.0)
[2026-04-13T12:43:06.396+0000] {subprocess.py:106} INFO - 26/04/13 12:43:06 INFO DataWritingSparkTask: Committed partition 6 (task 6, attempt 0, stage 0.0)
[2026-04-13T12:43:06.403+0000] {subprocess.py:106} INFO - 26/04/13 12:43:06 INFO DataWritingSparkTask: Committed partition 7 (task 7, attempt 0, stage 0.0)
[2026-04-13T12:43:06.404+0000] {subprocess.py:106} INFO - 26/04/13 12:43:06 INFO DataWritingSparkTask: Committed partition 4 (task 4, attempt 0, stage 0.0)
[2026-04-13T12:43:06.437+0000] {subprocess.py:106} INFO - 26/04/13 12:43:06 INFO Executor: Finished task 7.0 in stage 0.0 (TID 7). 9532 bytes result sent to driver
[2026-04-13T12:43:06.439+0000] {subprocess.py:106} INFO - 26/04/13 12:43:06 INFO Executor: Finished task 9.0 in stage 0.0 (TID 9). 9512 bytes result sent to driver
[2026-04-13T12:43:06.441+0000] {subprocess.py:106} INFO - 26/04/13 12:43:06 INFO Executor: Finished task 14.0 in stage 0.0 (TID 14). 9531 bytes result sent to driver
[2026-04-13T12:43:06.442+0000] {subprocess.py:106} INFO - 26/04/13 12:43:06 INFO Executor: Finished task 12.0 in stage 0.0 (TID 12). 9540 bytes result sent to driver
[2026-04-13T12:43:06.442+0000] {subprocess.py:106} INFO - 26/04/13 12:43:06 INFO Executor: Finished task 5.0 in stage 0.0 (TID 5). 9527 bytes result sent to driver
[2026-04-13T12:43:06.443+0000] {subprocess.py:106} INFO - 26/04/13 12:43:06 INFO Executor: Finished task 11.0 in stage 0.0 (TID 11). 9508 bytes result sent to driver
[2026-04-13T12:43:06.444+0000] {subprocess.py:106} INFO - 26/04/13 12:43:06 INFO Executor: Finished task 2.0 in stage 0.0 (TID 2). 9537 bytes result sent to driver
[2026-04-13T12:43:06.445+0000] {subprocess.py:106} INFO - 26/04/13 12:43:06 INFO Executor: Finished task 3.0 in stage 0.0 (TID 3). 9550 bytes result sent to driver
[2026-04-13T12:43:06.446+0000] {subprocess.py:106} INFO - 26/04/13 12:43:06 INFO Executor: Finished task 8.0 in stage 0.0 (TID 8). 9533 bytes result sent to driver
[2026-04-13T12:43:06.446+0000] {subprocess.py:106} INFO - 26/04/13 12:43:06 INFO Executor: Finished task 4.0 in stage 0.0 (TID 4). 9533 bytes result sent to driver
[2026-04-13T12:43:06.447+0000] {subprocess.py:106} INFO - 26/04/13 12:43:06 INFO Executor: Finished task 13.0 in stage 0.0 (TID 13). 9520 bytes result sent to driver
[2026-04-13T12:43:06.448+0000] {subprocess.py:106} INFO - 26/04/13 12:43:06 INFO Executor: Finished task 6.0 in stage 0.0 (TID 6). 9550 bytes result sent to driver
[2026-04-13T12:43:06.450+0000] {subprocess.py:106} INFO - 26/04/13 12:43:06 INFO Executor: Finished task 0.0 in stage 0.0 (TID 0). 9523 bytes result sent to driver
[2026-04-13T12:43:06.451+0000] {subprocess.py:106} INFO - 26/04/13 12:43:06 INFO Executor: Finished task 10.0 in stage 0.0 (TID 10). 9546 bytes result sent to driver
[2026-04-13T12:43:06.452+0000] {subprocess.py:106} INFO - 26/04/13 12:43:06 INFO Executor: Finished task 1.0 in stage 0.0 (TID 1). 9551 bytes result sent to driver
[2026-04-13T12:43:06.464+0000] {subprocess.py:106} INFO - 26/04/13 12:43:06 INFO TaskSetManager: Finished task 9.0 in stage 0.0 (TID 9) in 4425 ms on spark-master (executor driver) (1/15)
[2026-04-13T12:43:06.469+0000] {subprocess.py:106} INFO - 26/04/13 12:43:06 INFO TaskSetManager: Finished task 3.0 in stage 0.0 (TID 3) in 4445 ms on spark-master (executor driver) (2/15)
[2026-04-13T12:43:06.471+0000] {subprocess.py:106} INFO - 26/04/13 12:43:06 INFO TaskSetManager: Finished task 12.0 in stage 0.0 (TID 12) in 4430 ms on spark-master (executor driver) (3/15)
[2026-04-13T12:43:06.473+0000] {subprocess.py:106} INFO - 26/04/13 12:43:06 INFO TaskSetManager: Finished task 2.0 in stage 0.0 (TID 2) in 4450 ms on spark-master (executor driver) (4/15)
[2026-04-13T12:43:06.474+0000] {subprocess.py:106} INFO - 26/04/13 12:43:06 INFO TaskSetManager: Finished task 11.0 in stage 0.0 (TID 11) in 4433 ms on spark-master (executor driver) (5/15)
[2026-04-13T12:43:06.476+0000] {subprocess.py:106} INFO - 26/04/13 12:43:06 INFO TaskSetManager: Finished task 7.0 in stage 0.0 (TID 7) in 4441 ms on spark-master (executor driver) (6/15)
[2026-04-13T12:43:06.477+0000] {subprocess.py:106} INFO - 26/04/13 12:43:06 INFO TaskSetManager: Finished task 8.0 in stage 0.0 (TID 8) in 4441 ms on spark-master (executor driver) (7/15)
[2026-04-13T12:43:06.479+0000] {subprocess.py:106} INFO - 26/04/13 12:43:06 INFO TaskSetManager: Finished task 14.0 in stage 0.0 (TID 14) in 4435 ms on spark-master (executor driver) (8/15)
[2026-04-13T12:43:06.481+0000] {subprocess.py:106} INFO - 26/04/13 12:43:06 INFO TaskSetManager: Finished task 13.0 in stage 0.0 (TID 13) in 4438 ms on spark-master (executor driver) (9/15)
[2026-04-13T12:43:06.482+0000] {subprocess.py:106} INFO - 26/04/13 12:43:06 INFO TaskSetManager: Finished task 5.0 in stage 0.0 (TID 5) in 4451 ms on spark-master (executor driver) (10/15)
[2026-04-13T12:43:06.483+0000] {subprocess.py:106} INFO - 26/04/13 12:43:06 INFO TaskSetManager: Finished task 4.0 in stage 0.0 (TID 4) in 4456 ms on spark-master (executor driver) (11/15)
[2026-04-13T12:43:06.486+0000] {subprocess.py:106} INFO - 26/04/13 12:43:06 INFO TaskSetManager: Finished task 0.0 in stage 0.0 (TID 0) in 4501 ms on spark-master (executor driver) (12/15)
[2026-04-13T12:43:06.488+0000] {subprocess.py:106} INFO - 26/04/13 12:43:06 INFO TaskSetManager: Finished task 6.0 in stage 0.0 (TID 6) in 4455 ms on spark-master (executor driver) (13/15)
[2026-04-13T12:43:06.491+0000] {subprocess.py:106} INFO - 26/04/13 12:43:06 INFO TaskSetManager: Finished task 10.0 in stage 0.0 (TID 10) in 4450 ms on spark-master (executor driver) (14/15)
[2026-04-13T12:43:06.492+0000] {subprocess.py:106} INFO - 26/04/13 12:43:06 INFO TaskSetManager: Finished task 1.0 in stage 0.0 (TID 1) in 4471 ms on spark-master (executor driver) (15/15)
[2026-04-13T12:43:06.496+0000] {subprocess.py:106} INFO - 26/04/13 12:43:06 INFO TaskSchedulerImpl: Removed TaskSet 0.0 whose tasks have all completed, from pool
[2026-04-13T12:43:06.501+0000] {subprocess.py:106} INFO - 26/04/13 12:43:06 INFO DAGScheduler: ResultStage 0 (append at NativeMethodAccessorImpl.java:0) finished in 4636 ms
[2026-04-13T12:43:06.512+0000] {subprocess.py:106} INFO - 26/04/13 12:43:06 INFO DAGScheduler: Job 0 is finished. Cancelling potential speculative or zombie tasks for this job
[2026-04-13T12:43:06.514+0000] {subprocess.py:106} INFO - 26/04/13 12:43:06 INFO TaskSchedulerImpl: Canceling stage 0
[2026-04-13T12:43:06.518+0000] {subprocess.py:106} INFO - 26/04/13 12:43:06 INFO TaskSchedulerImpl: Killing all running tasks in stage 0: Stage finished
[2026-04-13T12:43:06.525+0000] {subprocess.py:106} INFO - 26/04/13 12:43:06 INFO DAGScheduler: Job 0 finished: append at NativeMethodAccessorImpl.java:0, took 4726.898642 ms
[2026-04-13T12:43:06.528+0000] {subprocess.py:106} INFO - 26/04/13 12:43:06 INFO AppendDataExec: Data source write support IcebergBatchWrite(table=iceberg.air_quality_ml.air_quality_gold, format=PARQUET) is committing.
[2026-04-13T12:43:06.569+0000] {subprocess.py:106} INFO - 26/04/13 12:43:06 INFO SparkWrite: Committing append with 15 new data files to table iceberg.air_quality_ml.air_quality_gold
[2026-04-13T12:43:08.034+0000] {subprocess.py:106} INFO - 26/04/13 12:43:08 INFO HiveTableOperations: Committed to table iceberg.air_quality_ml.air_quality_gold with the new metadata location hdfs://23133083thuyvan-master:9000/user/hive/lakehouse/gold/ml/air_quality_gold/metadata/00001-22d88d09-d6a0-44a4-90de-a8096fc0d59f.metadata.json
[2026-04-13T12:43:08.035+0000] {subprocess.py:106} INFO - 26/04/13 12:43:08 INFO BaseMetastoreTableOperations: Successfully committed to table iceberg.air_quality_ml.air_quality_gold in 1009 ms
[2026-04-13T12:43:08.036+0000] {subprocess.py:106} INFO - 26/04/13 12:43:08 INFO SnapshotProducer: Committed snapshot 5531698556483524330 (MergeAppend)
[2026-04-13T12:43:08.076+0000] {subprocess.py:106} INFO - 26/04/13 12:43:08 INFO BaseMetastoreTableOperations: Refreshing table metadata from new version: hdfs://23133083thuyvan-master:9000/user/hive/lakehouse/gold/ml/air_quality_gold/metadata/00001-22d88d09-d6a0-44a4-90de-a8096fc0d59f.metadata.json
[2026-04-13T12:43:08.108+0000] {subprocess.py:106} INFO - 26/04/13 12:43:08 INFO LoggingMetricsReporter: Received metrics report: CommitReport{tableName=iceberg.air_quality_ml.air_quality_gold, snapshotId=5531698556483524330, sequenceNumber=2, operation=append, commitMetrics=CommitMetricsResult{totalDuration=TimerResult{timeUnit=NANOSECONDS, totalDuration=PT1.470460656S, count=1}, attempts=CounterResult{unit=COUNT, value=1}, addedDataFiles=CounterResult{unit=COUNT, value=15}, removedDataFiles=null, totalDataFiles=CounterResult{unit=COUNT, value=30}, addedDeleteFiles=null, addedEqualityDeleteFiles=null, addedPositionalDeleteFiles=null, addedDVs=null, removedDeleteFiles=null, removedEqualityDeleteFiles=null, removedPositionalDeleteFiles=null, removedDVs=null, totalDeleteFiles=CounterResult{unit=COUNT, value=0}, addedRecords=CounterResult{unit=COUNT, value=100}, removedRecords=null, totalRecords=CounterResult{unit=COUNT, value=200}, addedFilesSizeInBytes=CounterResult{unit=BYTES, value=149294}, removedFilesSizeInBytes=null, totalFilesSizeInBytes=CounterResult{unit=BYTES, value=297079}, addedPositionalDeletes=null, removedPositionalDeletes=null, totalPositionalDeletes=CounterResult{unit=COUNT, value=0}, addedEqualityDeletes=null, removedEqualityDeletes=null, totalEqualityDeletes=CounterResult{unit=COUNT, value=0}, manifestsCreated=null, manifestsReplaced=null, manifestsKept=null, manifestEntriesProcessed=null}, metadata={engine-version=4.0.2, app-id=local-1776084167661, engine-name=spark, iceberg-version=Apache Iceberg 1.10.1 (commit ccb8bc435062171e64bc8b7e5f56e6aed9c5b934)}}
[2026-04-13T12:43:08.109+0000] {subprocess.py:106} INFO - 26/04/13 12:43:08 INFO SparkWrite: Committed in 1538 ms
[2026-04-13T12:43:08.110+0000] {subprocess.py:106} INFO - 26/04/13 12:43:08 INFO AppendDataExec: Data source write support IcebergBatchWrite(table=iceberg.air_quality_ml.air_quality_gold, format=PARQUET) committed.
[2026-04-13T12:43:08.113+0000] {subprocess.py:106} INFO - Dữ liệu đã được append vào iceberg.air_quality_ml.air_quality_gold.
[2026-04-13T12:43:08.114+0000] {subprocess.py:106} INFO - ETL from Silver to Gold completed!
[2026-04-13T12:43:08.118+0000] {subprocess.py:106} INFO - 26/04/13 12:43:08 INFO SparkContext: SparkContext is stopping with exitCode 0 from stop at NativeMethodAccessorImpl.java:0.
[2026-04-13T12:43:08.144+0000] {subprocess.py:106} INFO - 26/04/13 12:43:08 INFO SparkUI: Stopped Spark web UI at http://spark-master:4040
[2026-04-13T12:43:08.170+0000] {subprocess.py:106} INFO - 26/04/13 12:43:08 INFO MapOutputTrackerMasterEndpoint: MapOutputTrackerMasterEndpoint stopped!
[2026-04-13T12:43:08.231+0000] {subprocess.py:106} INFO - 26/04/13 12:43:08 INFO MemoryStore: MemoryStore cleared
[2026-04-13T12:43:08.235+0000] {subprocess.py:106} INFO - 26/04/13 12:43:08 INFO BlockManager: BlockManager stopped
[2026-04-13T12:43:08.244+0000] {subprocess.py:106} INFO - 26/04/13 12:43:08 INFO BlockManagerMaster: BlockManagerMaster stopped
[2026-04-13T12:43:08.248+0000] {subprocess.py:106} INFO - 26/04/13 12:43:08 INFO OutputCommitCoordinator$OutputCommitCoordinatorEndpoint: OutputCommitCoordinator stopped!
[2026-04-13T12:43:08.280+0000] {subprocess.py:106} INFO - 26/04/13 12:43:08 INFO SparkContext: Successfully stopped SparkContext
[2026-04-13T12:43:08.585+0000] {subprocess.py:106} INFO - 26/04/13 12:43:08 INFO ShutdownHookManager: Shutdown hook called
[2026-04-13T12:43:08.587+0000] {subprocess.py:106} INFO - 26/04/13 12:43:08 INFO ShutdownHookManager: Deleting directory /tmp/spark-57fbe04f-d7ac-46c1-9c35-04d283b699fb/pyspark-d09ef4cb-2562-4a8e-b116-4994ee192683
[2026-04-13T12:43:08.606+0000] {subprocess.py:106} INFO - 26/04/13 12:43:08 INFO ShutdownHookManager: Deleting directory /tmp/artifacts-463f1599-fe38-4759-8fe7-035905551ffe
[2026-04-13T12:43:08.629+0000] {subprocess.py:106} INFO - 26/04/13 12:43:08 INFO ShutdownHookManager: Deleting directory /tmp/spark-57fbe04f-d7ac-46c1-9c35-04d283b699fb
[2026-04-13T12:43:08.645+0000] {subprocess.py:106} INFO - 26/04/13 12:43:08 INFO ShutdownHookManager: Deleting directory /tmp/spark-aa236c53-3c87-4335-a01f-76b45322e9a8
[2026-04-13T12:43:08.857+0000] {subprocess.py:110} INFO - Command exited with return code 0
[2026-04-13T12:43:08.963+0000] {taskinstance.py:340} INFO - ::group::Post task execution logs
[2026-04-13T12:43:08.965+0000] {taskinstance.py:352} INFO - Marking task as SUCCESS. dag_id=predict_aqi, task_id=silver_to_gold, run_id=manual__2026-04-13T12:42:23.352761+00:00, execution_date=20260413T124223, start_date=20260413T124237, end_date=20260413T124308
[2026-04-13T12:43:09.019+0000] {local_task_job_runner.py:266} INFO - Task exited with return code 0
[2026-04-13T12:43:09.074+0000] {taskinstance.py:3895} INFO - 1 downstream tasks scheduled from follow-on schedule check
[2026-04-13T12:43:09.078+0000] {local_task_job_runner.py:245} INFO - ::endgroup::
