[2026-04-14T03:11:59.137+0000] {local_task_job_runner.py:123} INFO - ::group::Pre task execution logs
[2026-04-14T03:11:59.244+0000] {taskinstance.py:2613} INFO - Dependencies all met for dep_context=non-requeueable deps ti=<TaskInstance: predict_aqi.train_model manual__2026-04-13T17:33:51.797141+00:00 [queued]>
[2026-04-14T03:11:59.274+0000] {taskinstance.py:2613} INFO - Dependencies all met for dep_context=requeueable deps ti=<TaskInstance: predict_aqi.train_model manual__2026-04-13T17:33:51.797141+00:00 [queued]>
[2026-04-14T03:11:59.279+0000] {taskinstance.py:2866} INFO - Starting attempt 3 of 3
[2026-04-14T03:11:59.335+0000] {taskinstance.py:2889} INFO - Executing <Task(BashOperator): train_model> on 2026-04-13 17:33:51.797141+00:00
[2026-04-14T03:11:59.383+0000] {logging_mixin.py:190} WARNING - /home/airflow/airflow/venv/lib/python3.12/site-packages/airflow/task/task_runner/standard_task_runner.py:70 DeprecationWarning: This process (pid=224) is multi-threaded, use of fork() may lead to deadlocks in the child.
[2026-04-14T03:11:59.387+0000] {standard_task_runner.py:72} INFO - Started process 255 to run task
[2026-04-14T03:11:59.391+0000] {standard_task_runner.py:104} INFO - Running: ['airflow', 'tasks', 'run', 'predict_aqi', 'train_model', 'manual__2026-04-13T17:33:51.797141+00:00', '--job-id', '251', '--raw', '--subdir', 'DAGS_FOLDER/dag_ml.py', '--cfg-path', '/tmp/tmpxls_wwm3']
[2026-04-14T03:11:59.395+0000] {standard_task_runner.py:105} INFO - Job 251: Subtask train_model
[2026-04-14T03:11:59.918+0000] {task_command.py:467} INFO - Running <TaskInstance: predict_aqi.train_model manual__2026-04-13T17:33:51.797141+00:00 [running]> on host airflow
[2026-04-14T03:12:00.493+0000] {taskinstance.py:3132} INFO - Exporting env vars: AIRFLOW_CTX_DAG_OWNER='airflow' AIRFLOW_CTX_DAG_ID='predict_aqi' AIRFLOW_CTX_TASK_ID='train_model' AIRFLOW_CTX_EXECUTION_DATE='2026-04-13T17:33:51.797141+00:00' AIRFLOW_CTX_TRY_NUMBER='3' AIRFLOW_CTX_DAG_RUN_ID='manual__2026-04-13T17:33:51.797141+00:00'
[2026-04-14T03:12:00.502+0000] {taskinstance.py:731} INFO - ::endgroup::
[2026-04-14T03:12:00.576+0000] {subprocess.py:78} INFO - Tmp dir root location: /tmp
[2026-04-14T03:12:00.583+0000] {subprocess.py:88} INFO - Running command: ['/usr/bin/bash', '-c', '\n            docker exec spark-master spark-submit                 --conf spark.pyspark.python=python3                 --packages org.apache.iceberg:iceberg-spark-runtime-4.0_2.13:1.10.1                 /home/spark/spark/spark_jobs/train_model.py 2026-04-13\n        ']
[2026-04-14T03:12:00.645+0000] {subprocess.py:99} INFO - Output:
[2026-04-14T03:12:04.041+0000] {subprocess.py:106} INFO - WARNING: Using incubator modules: jdk.incubator.vector
[2026-04-14T03:12:22.347+0000] {subprocess.py:106} INFO - :: loading settings :: url = jar:file:/home/spark/spark/jars/ivy-2.5.3.jar!/org/apache/ivy/core/settings/ivysettings.xml
[2026-04-14T03:12:23.265+0000] {subprocess.py:106} INFO - Ivy Default Cache set to: /home/spark/.ivy2.5.2/cache
[2026-04-14T03:12:23.270+0000] {subprocess.py:106} INFO - The jars for the packages stored in: /home/spark/.ivy2.5.2/jars
[2026-04-14T03:12:23.405+0000] {subprocess.py:106} INFO - org.apache.iceberg#iceberg-spark-runtime-4.0_2.13 added as a dependency
[2026-04-14T03:12:23.412+0000] {subprocess.py:106} INFO - :: resolving dependencies :: org.apache.spark#spark-submit-parent-a23e464c-c680-4dd7-b3c9-ffc0c25e8793;1.0
[2026-04-14T03:12:23.416+0000] {subprocess.py:106} INFO - 	confs: [default]
[2026-04-14T03:12:24.163+0000] {subprocess.py:106} INFO - 	found org.apache.iceberg#iceberg-spark-runtime-4.0_2.13;1.10.1 in spark-list
[2026-04-14T03:12:24.246+0000] {subprocess.py:106} INFO - :: resolution report :: resolve 823ms :: artifacts dl 15ms
[2026-04-14T03:12:24.250+0000] {subprocess.py:106} INFO - 	:: modules in use:
[2026-04-14T03:12:24.253+0000] {subprocess.py:106} INFO - 	org.apache.iceberg#iceberg-spark-runtime-4.0_2.13;1.10.1 from spark-list in [default]
[2026-04-14T03:12:24.255+0000] {subprocess.py:106} INFO - 	---------------------------------------------------------------------
[2026-04-14T03:12:24.258+0000] {subprocess.py:106} INFO - 	|                  |            modules            ||   artifacts   |
[2026-04-14T03:12:24.259+0000] {subprocess.py:106} INFO - 	|       conf       | number| search|dwnlded|evicted|| number|dwnlded|
[2026-04-14T03:12:24.262+0000] {subprocess.py:106} INFO - 	---------------------------------------------------------------------
[2026-04-14T03:12:24.263+0000] {subprocess.py:106} INFO - 	|      default     |   1   |   0   |   0   |   0   ||   1   |   0   |
[2026-04-14T03:12:24.265+0000] {subprocess.py:106} INFO - 	---------------------------------------------------------------------
[2026-04-14T03:12:24.268+0000] {subprocess.py:106} INFO - :: retrieving :: org.apache.spark#spark-submit-parent-a23e464c-c680-4dd7-b3c9-ffc0c25e8793
[2026-04-14T03:12:24.274+0000] {subprocess.py:106} INFO - 	confs: [default]
[2026-04-14T03:12:24.284+0000] {subprocess.py:106} INFO - 	0 artifacts copied, 1 already retrieved (0kB/14ms)
[2026-04-14T03:12:25.950+0000] {subprocess.py:106} INFO - 26/04/14 03:12:25 WARN NativeCodeLoader: Unable to load native-hadoop library for your platform... using builtin-java classes where applicable
[2026-04-14T03:12:52.330+0000] {subprocess.py:106} INFO - Using Spark's default log4j profile: org/apache/spark/log4j2-defaults.properties
[2026-04-14T03:12:52.955+0000] {subprocess.py:106} INFO - 26/04/14 03:12:52 INFO SparkContext: Running Spark version 4.0.2
[2026-04-14T03:12:52.976+0000] {subprocess.py:106} INFO - 26/04/14 03:12:52 INFO SparkContext: OS info Linux, 6.6.87.2-microsoft-standard-WSL2, amd64
[2026-04-14T03:12:52.991+0000] {subprocess.py:106} INFO - 26/04/14 03:12:52 INFO SparkContext: Java version 21.0.10
[2026-04-14T03:12:53.363+0000] {subprocess.py:106} INFO - 26/04/14 03:12:53 INFO ResourceUtils: ==============================================================
[2026-04-14T03:12:53.366+0000] {subprocess.py:106} INFO - 26/04/14 03:12:53 INFO ResourceUtils: No custom resources configured for spark.driver.
[2026-04-14T03:12:53.368+0000] {subprocess.py:106} INFO - 26/04/14 03:12:53 INFO ResourceUtils: ==============================================================
[2026-04-14T03:12:53.373+0000] {subprocess.py:106} INFO - 26/04/14 03:12:53 INFO SparkContext: Submitted application: TrainModel
[2026-04-14T03:12:56.267+0000] {subprocess.py:106} INFO - 26/04/14 03:12:56 INFO ResourceProfile: Default ResourceProfile created, executor resources: Map(cores -> name: cores, amount: 2, script: , vendor: , memory -> name: memory, amount: 2048, script: , vendor: , offHeap -> name: offHeap, amount: 0, script: , vendor: ), task resources: Map(cpus -> name: cpus, amount: 1.0)
[2026-04-14T03:12:56.853+0000] {subprocess.py:106} INFO - 26/04/14 03:12:56 INFO ResourceProfile: Limiting resource is cpus at 2 tasks per executor
[2026-04-14T03:12:56.861+0000] {subprocess.py:106} INFO - 26/04/14 03:12:56 INFO ResourceProfileManager: Added ResourceProfile id: 0
[2026-04-14T03:12:58.398+0000] {subprocess.py:106} INFO - 26/04/14 03:12:58 INFO SecurityManager: Changing view acls to: spark
[2026-04-14T03:12:58.414+0000] {subprocess.py:106} INFO - 26/04/14 03:12:58 INFO SecurityManager: Changing modify acls to: spark
[2026-04-14T03:12:58.420+0000] {subprocess.py:106} INFO - 26/04/14 03:12:58 INFO SecurityManager: Changing view acls groups to: spark
[2026-04-14T03:12:58.427+0000] {subprocess.py:106} INFO - 26/04/14 03:12:58 INFO SecurityManager: Changing modify acls groups to: spark
[2026-04-14T03:12:58.455+0000] {subprocess.py:106} INFO - 26/04/14 03:12:58 INFO SecurityManager: SecurityManager: authentication disabled; ui acls disabled; users with view permissions: spark groups with view permissions: EMPTY; users with modify permissions: spark; groups with modify permissions: EMPTY; RPC SSL disabled
[2026-04-14T03:13:11.432+0000] {subprocess.py:106} INFO - 26/04/14 03:13:11 INFO Utils: Successfully started service 'sparkDriver' on port 45685.
[2026-04-14T03:13:13.487+0000] {subprocess.py:106} INFO - 26/04/14 03:13:13 INFO SparkEnv: Registering MapOutputTracker
[2026-04-14T03:13:16.909+0000] {subprocess.py:106} INFO - 26/04/14 03:13:16 INFO SparkEnv: Registering BlockManagerMaster
[2026-04-14T03:13:17.823+0000] {subprocess.py:106} INFO - 26/04/14 03:13:17 INFO BlockManagerMasterEndpoint: Using org.apache.spark.storage.DefaultTopologyMapper for getting topology information
[2026-04-14T03:13:17.847+0000] {subprocess.py:106} INFO - 26/04/14 03:13:17 INFO BlockManagerMasterEndpoint: BlockManagerMasterEndpoint up
[2026-04-14T03:13:17.972+0000] {subprocess.py:106} INFO - 26/04/14 03:13:17 INFO SparkEnv: Registering BlockManagerMasterHeartbeat
[2026-04-14T03:13:19.399+0000] {subprocess.py:106} INFO - 26/04/14 03:13:19 INFO DiskBlockManager: Created local directory at /tmp/blockmgr-a8859881-0ff7-4dca-b889-011443672106
[2026-04-14T03:13:21.617+0000] {subprocess.py:106} INFO - 26/04/14 03:13:21 INFO SparkEnv: Registering OutputCommitCoordinator
[2026-04-14T03:13:31.376+0000] {subprocess.py:106} INFO - 26/04/14 03:13:31 INFO JettyUtils: Start Jetty 0.0.0.0:4040 for SparkUI
[2026-04-14T03:13:33.080+0000] {subprocess.py:106} INFO - 26/04/14 03:13:33 WARN Utils: Service 'SparkUI' could not bind on port 4040. Attempting port 4041.
[2026-04-14T03:13:33.082+0000] {subprocess.py:106} INFO - 26/04/14 03:13:33 WARN Utils: Service 'SparkUI' could not bind on port 4041. Attempting port 4042.
[2026-04-14T03:13:33.085+0000] {subprocess.py:106} INFO - 26/04/14 03:13:33 WARN Utils: Service 'SparkUI' could not bind on port 4042. Attempting port 4043.
[2026-04-14T03:13:33.094+0000] {subprocess.py:106} INFO - 26/04/14 03:13:33 WARN Utils: Service 'SparkUI' could not bind on port 4043. Attempting port 4044.
[2026-04-14T03:13:33.213+0000] {subprocess.py:106} INFO - 26/04/14 03:13:33 WARN Utils: Service 'SparkUI' could not bind on port 4044. Attempting port 4045.
[2026-04-14T03:13:33.390+0000] {subprocess.py:106} INFO - 26/04/14 03:13:33 INFO Utils: Successfully started service 'SparkUI' on port 4045.
[2026-04-14T03:13:40.625+0000] {subprocess.py:106} INFO - 26/04/14 03:13:40 INFO SparkContext: Added JAR file:///home/spark/.ivy2.5.2/jars/org.apache.iceberg_iceberg-spark-runtime-4.0_2.13-1.10.1.jar at spark://spark-master:45685/jars/org.apache.iceberg_iceberg-spark-runtime-4.0_2.13-1.10.1.jar with timestamp 1776136371140
[2026-04-14T03:13:40.774+0000] {subprocess.py:106} INFO - 26/04/14 03:13:40 INFO SparkContext: Added file file:///home/spark/.ivy2.5.2/jars/org.apache.iceberg_iceberg-spark-runtime-4.0_2.13-1.10.1.jar at file:///home/spark/.ivy2.5.2/jars/org.apache.iceberg_iceberg-spark-runtime-4.0_2.13-1.10.1.jar with timestamp 1776136371140
[2026-04-14T03:13:40.800+0000] {subprocess.py:106} INFO - 26/04/14 03:13:40 INFO Utils: Copying /home/spark/.ivy2.5.2/jars/org.apache.iceberg_iceberg-spark-runtime-4.0_2.13-1.10.1.jar to /tmp/spark-64cdc9ce-0e09-4aaf-b0ce-f98c0cd51a68/userFiles-c9112991-eeac-4fd4-aa7e-0c2c022f2a5b/org.apache.iceberg_iceberg-spark-runtime-4.0_2.13-1.10.1.jar
[2026-04-14T03:13:43.026+0000] {subprocess.py:106} INFO - 26/04/14 03:13:43 INFO SecurityManager: Changing view acls to: spark
[2026-04-14T03:13:43.036+0000] {subprocess.py:106} INFO - 26/04/14 03:13:43 INFO SecurityManager: Changing modify acls to: spark
[2026-04-14T03:13:43.042+0000] {subprocess.py:106} INFO - 26/04/14 03:13:43 INFO SecurityManager: Changing view acls groups to: spark
[2026-04-14T03:13:43.055+0000] {subprocess.py:106} INFO - 26/04/14 03:13:43 INFO SecurityManager: Changing modify acls groups to: spark
[2026-04-14T03:13:43.056+0000] {subprocess.py:106} INFO - 26/04/14 03:13:43 INFO SecurityManager: SecurityManager: authentication disabled; ui acls disabled; users with view permissions: spark groups with view permissions: EMPTY; users with modify permissions: spark; groups with modify permissions: EMPTY; RPC SSL disabled
[2026-04-14T03:13:49.668+0000] {subprocess.py:106} INFO - 26/04/14 03:13:49 INFO Executor: Starting executor ID driver on host spark-master
[2026-04-14T03:13:49.670+0000] {subprocess.py:106} INFO - 26/04/14 03:13:49 INFO Executor: OS info Linux, 6.6.87.2-microsoft-standard-WSL2, amd64
[2026-04-14T03:13:49.677+0000] {subprocess.py:106} INFO - 26/04/14 03:13:49 INFO Executor: Java version 21.0.10
[2026-04-14T03:13:49.875+0000] {subprocess.py:106} INFO - 26/04/14 03:13:49 INFO Executor: Starting executor with user classpath (userClassPathFirst = false): ''
[2026-04-14T03:13:49.928+0000] {subprocess.py:106} INFO - 26/04/14 03:13:49 INFO Executor: Created or updated repl class loader org.apache.spark.util.MutableURLClassLoader@283849f9 for default.
[2026-04-14T03:13:50.026+0000] {subprocess.py:106} INFO - 26/04/14 03:13:50 INFO Executor: Fetching file:///home/spark/.ivy2.5.2/jars/org.apache.iceberg_iceberg-spark-runtime-4.0_2.13-1.10.1.jar with timestamp 1776136371140
[2026-04-14T03:13:51.793+0000] {subprocess.py:106} INFO - 26/04/14 03:13:51 INFO Utils: /home/spark/.ivy2.5.2/jars/org.apache.iceberg_iceberg-spark-runtime-4.0_2.13-1.10.1.jar has been previously copied to /tmp/spark-64cdc9ce-0e09-4aaf-b0ce-f98c0cd51a68/userFiles-c9112991-eeac-4fd4-aa7e-0c2c022f2a5b/org.apache.iceberg_iceberg-spark-runtime-4.0_2.13-1.10.1.jar
[2026-04-14T03:13:51.934+0000] {subprocess.py:106} INFO - 26/04/14 03:13:51 INFO Executor: Fetching spark://spark-master:45685/jars/org.apache.iceberg_iceberg-spark-runtime-4.0_2.13-1.10.1.jar with timestamp 1776136371140
[2026-04-14T03:13:53.129+0000] {subprocess.py:106} INFO - 26/04/14 03:13:53 INFO TransportClientFactory: Successfully created connection to spark-master/172.20.0.5:45685 after 488 ms (0 ms spent in bootstraps)
[2026-04-14T03:13:53.311+0000] {subprocess.py:106} INFO - 26/04/14 03:13:53 INFO Utils: Fetching spark://spark-master:45685/jars/org.apache.iceberg_iceberg-spark-runtime-4.0_2.13-1.10.1.jar to /tmp/spark-64cdc9ce-0e09-4aaf-b0ce-f98c0cd51a68/userFiles-c9112991-eeac-4fd4-aa7e-0c2c022f2a5b/fetchFileTemp12037884548150974615.tmp
[2026-04-14T03:13:56.029+0000] {subprocess.py:106} INFO - 26/04/14 03:13:56 INFO Utils: /tmp/spark-64cdc9ce-0e09-4aaf-b0ce-f98c0cd51a68/userFiles-c9112991-eeac-4fd4-aa7e-0c2c022f2a5b/fetchFileTemp12037884548150974615.tmp has been previously copied to /tmp/spark-64cdc9ce-0e09-4aaf-b0ce-f98c0cd51a68/userFiles-c9112991-eeac-4fd4-aa7e-0c2c022f2a5b/org.apache.iceberg_iceberg-spark-runtime-4.0_2.13-1.10.1.jar
[2026-04-14T03:13:56.141+0000] {subprocess.py:106} INFO - 26/04/14 03:13:56 INFO Executor: Adding file:/tmp/spark-64cdc9ce-0e09-4aaf-b0ce-f98c0cd51a68/userFiles-c9112991-eeac-4fd4-aa7e-0c2c022f2a5b/org.apache.iceberg_iceberg-spark-runtime-4.0_2.13-1.10.1.jar to class loader default
[2026-04-14T03:13:56.260+0000] {subprocess.py:106} INFO - 26/04/14 03:13:56 INFO Utils: Successfully started service 'org.apache.spark.network.netty.NettyBlockTransferService' on port 40321.
[2026-04-14T03:13:56.265+0000] {subprocess.py:106} INFO - 26/04/14 03:13:56 INFO NettyBlockTransferService: Server created on spark-master:40321
[2026-04-14T03:13:56.390+0000] {subprocess.py:106} INFO - 26/04/14 03:13:56 INFO BlockManager: Using org.apache.spark.storage.RandomBlockReplicationPolicy for block replication policy
[2026-04-14T03:13:56.758+0000] {subprocess.py:106} INFO - 26/04/14 03:13:56 INFO BlockManagerMaster: Registering BlockManager BlockManagerId(driver, spark-master, 40321, None)
[2026-04-14T03:13:56.903+0000] {subprocess.py:106} INFO - 26/04/14 03:13:56 INFO BlockManagerMasterEndpoint: Registering block manager spark-master:40321 with 1048.8 MiB RAM, BlockManagerId(driver, spark-master, 40321, None)
[2026-04-14T03:13:56.918+0000] {subprocess.py:106} INFO - 26/04/14 03:13:56 INFO BlockManagerMaster: Registered BlockManager BlockManagerId(driver, spark-master, 40321, None)
[2026-04-14T03:13:56.929+0000] {subprocess.py:106} INFO - 26/04/14 03:13:56 INFO BlockManager: Initialized BlockManager: BlockManagerId(driver, spark-master, 40321, None)
[2026-04-14T03:14:31.266+0000] {job.py:229} INFO - Heartbeat recovered after 25.35 seconds
[2026-04-14T03:14:53.145+0000] {job.py:229} INFO - Heartbeat recovered after 21.89 seconds
[2026-04-14T03:15:55.172+0000] {job.py:239} ERROR - Job heartbeat failed with error
Traceback (most recent call last):
  File "/home/airflow/airflow/venv/lib/python3.12/site-packages/sqlalchemy/engine/base.py", line 3371, in _wrap_pool_connect
    return fn()
           ^^^^
  File "/home/airflow/airflow/venv/lib/python3.12/site-packages/sqlalchemy/pool/base.py", line 327, in connect
    return _ConnectionFairy._checkout(self)
           ^^^^^^^^^^^^^^^^^^^^^^^^^^^^^^^^
  File "/home/airflow/airflow/venv/lib/python3.12/site-packages/sqlalchemy/pool/base.py", line 894, in _checkout
    fairy = _ConnectionRecord.checkout(pool)
            ^^^^^^^^^^^^^^^^^^^^^^^^^^^^^^^^
  File "/home/airflow/airflow/venv/lib/python3.12/site-packages/sqlalchemy/pool/base.py", line 493, in checkout
    rec = pool._do_get()
          ^^^^^^^^^^^^^^
  File "/home/airflow/airflow/venv/lib/python3.12/site-packages/sqlalchemy/pool/impl.py", line 256, in _do_get
    return self._create_connection()
           ^^^^^^^^^^^^^^^^^^^^^^^^^
  File "/home/airflow/airflow/venv/lib/python3.12/site-packages/sqlalchemy/pool/base.py", line 273, in _create_connection
    return _ConnectionRecord(self)
           ^^^^^^^^^^^^^^^^^^^^^^^
  File "/home/airflow/airflow/venv/lib/python3.12/site-packages/sqlalchemy/pool/base.py", line 388, in __init__
    self.__connect()
  File "/home/airflow/airflow/venv/lib/python3.12/site-packages/sqlalchemy/pool/base.py", line 690, in __connect
    with util.safe_reraise():
         ^^^^^^^^^^^^^^^^^^^
  File "/home/airflow/airflow/venv/lib/python3.12/site-packages/sqlalchemy/util/langhelpers.py", line 70, in __exit__
    compat.raise_(
  File "/home/airflow/airflow/venv/lib/python3.12/site-packages/sqlalchemy/util/compat.py", line 211, in raise_
    raise exception
  File "/home/airflow/airflow/venv/lib/python3.12/site-packages/sqlalchemy/pool/base.py", line 686, in __connect
    self.dbapi_connection = connection = pool._invoke_creator(self)
                                         ^^^^^^^^^^^^^^^^^^^^^^^^^^
  File "/home/airflow/airflow/venv/lib/python3.12/site-packages/sqlalchemy/engine/create.py", line 574, in connect
    return dialect.connect(*cargs, **cparams)
           ^^^^^^^^^^^^^^^^^^^^^^^^^^^^^^^^^^
  File "/home/airflow/airflow/venv/lib/python3.12/site-packages/sqlalchemy/engine/default.py", line 598, in connect
    return self.dbapi.connect(*cargs, **cparams)
           ^^^^^^^^^^^^^^^^^^^^^^^^^^^^^^^^^^^^^
  File "/home/airflow/airflow/venv/lib/python3.12/site-packages/psycopg2/__init__.py", line 122, in connect
    conn = _connect(dsn, connection_factory=connection_factory, **kwasync)
           ^^^^^^^^^^^^^^^^^^^^^^^^^^^^^^^^^^^^^^^^^^^^^^^^^^^^^^^^^^^^^^^
psycopg2.OperationalError: could not translate host name "***" to address: Temporary failure in name resolution


The above exception was the direct cause of the following exception:

Traceback (most recent call last):
  File "/home/airflow/airflow/venv/lib/python3.12/site-packages/airflow/jobs/job.py", line 207, in heartbeat
    self._merge_from(Job._fetch_from_db(self, session))
                     ^^^^^^^^^^^^^^^^^^^^^^^^^^^^^^^^^
  File "/home/airflow/airflow/venv/lib/python3.12/site-packages/airflow/api_internal/internal_api_call.py", line 166, in wrapper
    return func(*args, **kwargs)
           ^^^^^^^^^^^^^^^^^^^^^
  File "/home/airflow/airflow/venv/lib/python3.12/site-packages/airflow/utils/session.py", line 94, in wrapper
    return func(*args, **kwargs)
           ^^^^^^^^^^^^^^^^^^^^^
  File "/home/airflow/airflow/venv/lib/python3.12/site-packages/airflow/utils/retries.py", line 93, in wrapped_function
    for attempt in run_with_db_retries(max_retries=retries, logger=logger, **retry_kwargs):
                   ^^^^^^^^^^^^^^^^^^^^^^^^^^^^^^^^^^^^^^^^^^^^^^^^^^^^^^^^^^^^^^^^^^^^^^^
  File "/home/airflow/airflow/venv/lib/python3.12/site-packages/tenacity/__init__.py", line 438, in __iter__
    do = self.iter(retry_state=retry_state)
         ^^^^^^^^^^^^^^^^^^^^^^^^^^^^^^^^^^
  File "/home/airflow/airflow/venv/lib/python3.12/site-packages/tenacity/__init__.py", line 371, in iter
    result = action(retry_state)
             ^^^^^^^^^^^^^^^^^^^
  File "/home/airflow/airflow/venv/lib/python3.12/site-packages/tenacity/__init__.py", line 413, in exc_check
    raise retry_exc.reraise()
          ^^^^^^^^^^^^^^^^^^^
  File "/home/airflow/airflow/venv/lib/python3.12/site-packages/tenacity/__init__.py", line 184, in reraise
    raise self.last_attempt.result()
          ^^^^^^^^^^^^^^^^^^^^^^^^^^
  File "/usr/local/lib/python3.12/concurrent/futures/_base.py", line 449, in result
    return self.__get_result()
           ^^^^^^^^^^^^^^^^^^^
  File "/usr/local/lib/python3.12/concurrent/futures/_base.py", line 401, in __get_result
    raise self._exception
  File "/home/airflow/airflow/venv/lib/python3.12/site-packages/airflow/utils/retries.py", line 102, in wrapped_function
    return func(*args, **kwargs)
           ^^^^^^^^^^^^^^^^^^^^^
  File "/home/airflow/airflow/venv/lib/python3.12/site-packages/airflow/jobs/job.py", line 335, in _fetch_from_db
    session.merge(job)
  File "/home/airflow/airflow/venv/lib/python3.12/site-packages/sqlalchemy/orm/session.py", line 3056, in merge
    return self._merge(
           ^^^^^^^^^^^^
  File "/home/airflow/airflow/venv/lib/python3.12/site-packages/sqlalchemy/orm/session.py", line 3136, in _merge
    merged = self.get(
             ^^^^^^^^^
  File "/home/airflow/airflow/venv/lib/python3.12/site-packages/sqlalchemy/orm/session.py", line 2853, in get
    return self._get_impl(
           ^^^^^^^^^^^^^^^
  File "/home/airflow/airflow/venv/lib/python3.12/site-packages/sqlalchemy/orm/session.py", line 2975, in _get_impl
    return db_load_fn(
           ^^^^^^^^^^^
  File "/home/airflow/airflow/venv/lib/python3.12/site-packages/sqlalchemy/orm/loading.py", line 530, in load_on_pk_identity
    session.execute(
  File "/home/airflow/airflow/venv/lib/python3.12/site-packages/sqlalchemy/orm/session.py", line 1716, in execute
    conn = self._connection_for_bind(bind)
           ^^^^^^^^^^^^^^^^^^^^^^^^^^^^^^^
  File "/home/airflow/airflow/venv/lib/python3.12/site-packages/sqlalchemy/orm/session.py", line 1555, in _connection_for_bind
    return self._transaction._connection_for_bind(
           ^^^^^^^^^^^^^^^^^^^^^^^^^^^^^^^^^^^^^^^
  File "/home/airflow/airflow/venv/lib/python3.12/site-packages/sqlalchemy/orm/session.py", line 750, in _connection_for_bind
    conn = bind.connect()
           ^^^^^^^^^^^^^^
  File "/home/airflow/airflow/venv/lib/python3.12/site-packages/sqlalchemy/future/engine.py", line 412, in connect
    return super(Engine, self).connect()
           ^^^^^^^^^^^^^^^^^^^^^^^^^^^^^
  File "/home/airflow/airflow/venv/lib/python3.12/site-packages/sqlalchemy/engine/base.py", line 3325, in connect
    return self._connection_cls(self, close_with_result=close_with_result)
           ^^^^^^^^^^^^^^^^^^^^^^^^^^^^^^^^^^^^^^^^^^^^^^^^^^^^^^^^^^^^^^^
  File "/home/airflow/airflow/venv/lib/python3.12/site-packages/sqlalchemy/engine/base.py", line 96, in __init__
    else engine.raw_connection()
         ^^^^^^^^^^^^^^^^^^^^^^^
  File "/home/airflow/airflow/venv/lib/python3.12/site-packages/sqlalchemy/engine/base.py", line 3404, in raw_connection
    return self._wrap_pool_connect(self.pool.connect, _connection)
           ^^^^^^^^^^^^^^^^^^^^^^^^^^^^^^^^^^^^^^^^^^^^^^^^^^^^^^^
  File "/home/airflow/airflow/venv/lib/python3.12/site-packages/sqlalchemy/engine/base.py", line 3374, in _wrap_pool_connect
    Connection._handle_dbapi_exception_noconnection(
  File "/home/airflow/airflow/venv/lib/python3.12/site-packages/sqlalchemy/engine/base.py", line 2208, in _handle_dbapi_exception_noconnection
    util.raise_(
  File "/home/airflow/airflow/venv/lib/python3.12/site-packages/sqlalchemy/util/compat.py", line 211, in raise_
    raise exception
  File "/home/airflow/airflow/venv/lib/python3.12/site-packages/sqlalchemy/engine/base.py", line 3371, in _wrap_pool_connect
    return fn()
           ^^^^
  File "/home/airflow/airflow/venv/lib/python3.12/site-packages/sqlalchemy/pool/base.py", line 327, in connect
    return _ConnectionFairy._checkout(self)
           ^^^^^^^^^^^^^^^^^^^^^^^^^^^^^^^^
  File "/home/airflow/airflow/venv/lib/python3.12/site-packages/sqlalchemy/pool/base.py", line 894, in _checkout
    fairy = _ConnectionRecord.checkout(pool)
            ^^^^^^^^^^^^^^^^^^^^^^^^^^^^^^^^
  File "/home/airflow/airflow/venv/lib/python3.12/site-packages/sqlalchemy/pool/base.py", line 493, in checkout
    rec = pool._do_get()
          ^^^^^^^^^^^^^^
  File "/home/airflow/airflow/venv/lib/python3.12/site-packages/sqlalchemy/pool/impl.py", line 256, in _do_get
    return self._create_connection()
           ^^^^^^^^^^^^^^^^^^^^^^^^^
  File "/home/airflow/airflow/venv/lib/python3.12/site-packages/sqlalchemy/pool/base.py", line 273, in _create_connection
    return _ConnectionRecord(self)
           ^^^^^^^^^^^^^^^^^^^^^^^
  File "/home/airflow/airflow/venv/lib/python3.12/site-packages/sqlalchemy/pool/base.py", line 388, in __init__
    self.__connect()
  File "/home/airflow/airflow/venv/lib/python3.12/site-packages/sqlalchemy/pool/base.py", line 690, in __connect
    with util.safe_reraise():
         ^^^^^^^^^^^^^^^^^^^
  File "/home/airflow/airflow/venv/lib/python3.12/site-packages/sqlalchemy/util/langhelpers.py", line 70, in __exit__
    compat.raise_(
  File "/home/airflow/airflow/venv/lib/python3.12/site-packages/sqlalchemy/util/compat.py", line 211, in raise_
    raise exception
  File "/home/airflow/airflow/venv/lib/python3.12/site-packages/sqlalchemy/pool/base.py", line 686, in __connect
    self.dbapi_connection = connection = pool._invoke_creator(self)
                                         ^^^^^^^^^^^^^^^^^^^^^^^^^^
  File "/home/airflow/airflow/venv/lib/python3.12/site-packages/sqlalchemy/engine/create.py", line 574, in connect
    return dialect.connect(*cargs, **cparams)
           ^^^^^^^^^^^^^^^^^^^^^^^^^^^^^^^^^^
  File "/home/airflow/airflow/venv/lib/python3.12/site-packages/sqlalchemy/engine/default.py", line 598, in connect
    return self.dbapi.connect(*cargs, **cparams)
           ^^^^^^^^^^^^^^^^^^^^^^^^^^^^^^^^^^^^^
  File "/home/airflow/airflow/venv/lib/python3.12/site-packages/psycopg2/__init__.py", line 122, in connect
    conn = _connect(dsn, connection_factory=connection_factory, **kwasync)
           ^^^^^^^^^^^^^^^^^^^^^^^^^^^^^^^^^^^^^^^^^^^^^^^^^^^^^^^^^^^^^^^
sqlalchemy.exc.OperationalError: (psycopg2.OperationalError) could not translate host name "***" to address: Temporary failure in name resolution

(Background on this error at: https://sqlalche.me/e/14/e3q8)
[2026-04-14T03:16:25.960+0000] {job.py:254} ERROR - Job heartbeat failed with error. Scheduler is in unhealthy state
[2026-04-14T03:16:26.187+0000] {subprocess.py:106} INFO - 26/04/14 03:16:25 INFO AsyncEventQueue: Process of event SparkListenerExecutorMetricsUpdate(driver,ArraySeq(),HashMap((-1,-1) -> org.apache.spark.executor.ExecutorMetrics@13edbf2e)) bylistener AppStatusListener took 3261.09875ms.
[2026-04-14T03:16:37.477+0000] {job.py:229} INFO - Heartbeat recovered after 81.75 seconds
[2026-04-14T03:16:40.504+0000] {subprocess.py:106} INFO - Đọc dữ liệu Gold từ iceberg.air_quality_ml.air_quality_gold
[2026-04-14T03:16:41.710+0000] {subprocess.py:106} INFO - 26/04/14 03:16:41 INFO SharedState: spark.sql.warehouse.dir is not set, but hive.metastore.warehouse.dir is set. Setting spark.sql.warehouse.dir to the value of hive.metastore.warehouse.dir.
[2026-04-14T03:17:22.641+0000] {job.py:239} ERROR - Job heartbeat failed with error
Traceback (most recent call last):
  File "/home/airflow/airflow/venv/lib/python3.12/site-packages/sqlalchemy/engine/base.py", line 3371, in _wrap_pool_connect
    return fn()
           ^^^^
  File "/home/airflow/airflow/venv/lib/python3.12/site-packages/sqlalchemy/pool/base.py", line 327, in connect
    return _ConnectionFairy._checkout(self)
           ^^^^^^^^^^^^^^^^^^^^^^^^^^^^^^^^
  File "/home/airflow/airflow/venv/lib/python3.12/site-packages/sqlalchemy/pool/base.py", line 894, in _checkout
    fairy = _ConnectionRecord.checkout(pool)
            ^^^^^^^^^^^^^^^^^^^^^^^^^^^^^^^^
  File "/home/airflow/airflow/venv/lib/python3.12/site-packages/sqlalchemy/pool/base.py", line 493, in checkout
    rec = pool._do_get()
          ^^^^^^^^^^^^^^
  File "/home/airflow/airflow/venv/lib/python3.12/site-packages/sqlalchemy/pool/impl.py", line 256, in _do_get
    return self._create_connection()
           ^^^^^^^^^^^^^^^^^^^^^^^^^
  File "/home/airflow/airflow/venv/lib/python3.12/site-packages/sqlalchemy/pool/base.py", line 273, in _create_connection
    return _ConnectionRecord(self)
           ^^^^^^^^^^^^^^^^^^^^^^^
  File "/home/airflow/airflow/venv/lib/python3.12/site-packages/sqlalchemy/pool/base.py", line 388, in __init__
    self.__connect()
  File "/home/airflow/airflow/venv/lib/python3.12/site-packages/sqlalchemy/pool/base.py", line 690, in __connect
    with util.safe_reraise():
         ^^^^^^^^^^^^^^^^^^^
  File "/home/airflow/airflow/venv/lib/python3.12/site-packages/sqlalchemy/util/langhelpers.py", line 70, in __exit__
    compat.raise_(
  File "/home/airflow/airflow/venv/lib/python3.12/site-packages/sqlalchemy/util/compat.py", line 211, in raise_
    raise exception
  File "/home/airflow/airflow/venv/lib/python3.12/site-packages/sqlalchemy/pool/base.py", line 686, in __connect
    self.dbapi_connection = connection = pool._invoke_creator(self)
                                         ^^^^^^^^^^^^^^^^^^^^^^^^^^
  File "/home/airflow/airflow/venv/lib/python3.12/site-packages/sqlalchemy/engine/create.py", line 574, in connect
    return dialect.connect(*cargs, **cparams)
           ^^^^^^^^^^^^^^^^^^^^^^^^^^^^^^^^^^
  File "/home/airflow/airflow/venv/lib/python3.12/site-packages/sqlalchemy/engine/default.py", line 598, in connect
    return self.dbapi.connect(*cargs, **cparams)
           ^^^^^^^^^^^^^^^^^^^^^^^^^^^^^^^^^^^^^
  File "/home/airflow/airflow/venv/lib/python3.12/site-packages/psycopg2/__init__.py", line 122, in connect
    conn = _connect(dsn, connection_factory=connection_factory, **kwasync)
           ^^^^^^^^^^^^^^^^^^^^^^^^^^^^^^^^^^^^^^^^^^^^^^^^^^^^^^^^^^^^^^^
psycopg2.OperationalError: could not translate host name "***" to address: Temporary failure in name resolution


The above exception was the direct cause of the following exception:

Traceback (most recent call last):
  File "/home/airflow/airflow/venv/lib/python3.12/site-packages/airflow/jobs/job.py", line 207, in heartbeat
    self._merge_from(Job._fetch_from_db(self, session))
                     ^^^^^^^^^^^^^^^^^^^^^^^^^^^^^^^^^
  File "/home/airflow/airflow/venv/lib/python3.12/site-packages/airflow/api_internal/internal_api_call.py", line 166, in wrapper
    return func(*args, **kwargs)
           ^^^^^^^^^^^^^^^^^^^^^
  File "/home/airflow/airflow/venv/lib/python3.12/site-packages/airflow/utils/session.py", line 94, in wrapper
    return func(*args, **kwargs)
           ^^^^^^^^^^^^^^^^^^^^^
  File "/home/airflow/airflow/venv/lib/python3.12/site-packages/airflow/utils/retries.py", line 93, in wrapped_function
    for attempt in run_with_db_retries(max_retries=retries, logger=logger, **retry_kwargs):
                   ^^^^^^^^^^^^^^^^^^^^^^^^^^^^^^^^^^^^^^^^^^^^^^^^^^^^^^^^^^^^^^^^^^^^^^^
  File "/home/airflow/airflow/venv/lib/python3.12/site-packages/tenacity/__init__.py", line 438, in __iter__
    do = self.iter(retry_state=retry_state)
         ^^^^^^^^^^^^^^^^^^^^^^^^^^^^^^^^^^
  File "/home/airflow/airflow/venv/lib/python3.12/site-packages/tenacity/__init__.py", line 371, in iter
    result = action(retry_state)
             ^^^^^^^^^^^^^^^^^^^
  File "/home/airflow/airflow/venv/lib/python3.12/site-packages/tenacity/__init__.py", line 413, in exc_check
    raise retry_exc.reraise()
          ^^^^^^^^^^^^^^^^^^^
  File "/home/airflow/airflow/venv/lib/python3.12/site-packages/tenacity/__init__.py", line 184, in reraise
    raise self.last_attempt.result()
          ^^^^^^^^^^^^^^^^^^^^^^^^^^
  File "/usr/local/lib/python3.12/concurrent/futures/_base.py", line 449, in result
    return self.__get_result()
           ^^^^^^^^^^^^^^^^^^^
  File "/usr/local/lib/python3.12/concurrent/futures/_base.py", line 401, in __get_result
    raise self._exception
  File "/home/airflow/airflow/venv/lib/python3.12/site-packages/airflow/utils/retries.py", line 102, in wrapped_function
    return func(*args, **kwargs)
           ^^^^^^^^^^^^^^^^^^^^^
  File "/home/airflow/airflow/venv/lib/python3.12/site-packages/airflow/jobs/job.py", line 335, in _fetch_from_db
    session.merge(job)
  File "/home/airflow/airflow/venv/lib/python3.12/site-packages/sqlalchemy/orm/session.py", line 3056, in merge
    return self._merge(
           ^^^^^^^^^^^^
  File "/home/airflow/airflow/venv/lib/python3.12/site-packages/sqlalchemy/orm/session.py", line 3136, in _merge
    merged = self.get(
             ^^^^^^^^^
  File "/home/airflow/airflow/venv/lib/python3.12/site-packages/sqlalchemy/orm/session.py", line 2853, in get
    return self._get_impl(
           ^^^^^^^^^^^^^^^
  File "/home/airflow/airflow/venv/lib/python3.12/site-packages/sqlalchemy/orm/session.py", line 2975, in _get_impl
    return db_load_fn(
           ^^^^^^^^^^^
  File "/home/airflow/airflow/venv/lib/python3.12/site-packages/sqlalchemy/orm/loading.py", line 530, in load_on_pk_identity
    session.execute(
  File "/home/airflow/airflow/venv/lib/python3.12/site-packages/sqlalchemy/orm/session.py", line 1716, in execute
    conn = self._connection_for_bind(bind)
           ^^^^^^^^^^^^^^^^^^^^^^^^^^^^^^^
  File "/home/airflow/airflow/venv/lib/python3.12/site-packages/sqlalchemy/orm/session.py", line 1555, in _connection_for_bind
    return self._transaction._connection_for_bind(
           ^^^^^^^^^^^^^^^^^^^^^^^^^^^^^^^^^^^^^^^
  File "/home/airflow/airflow/venv/lib/python3.12/site-packages/sqlalchemy/orm/session.py", line 750, in _connection_for_bind
    conn = bind.connect()
           ^^^^^^^^^^^^^^
  File "/home/airflow/airflow/venv/lib/python3.12/site-packages/sqlalchemy/future/engine.py", line 412, in connect
    return super(Engine, self).connect()
           ^^^^^^^^^^^^^^^^^^^^^^^^^^^^^
  File "/home/airflow/airflow/venv/lib/python3.12/site-packages/sqlalchemy/engine/base.py", line 3325, in connect
    return self._connection_cls(self, close_with_result=close_with_result)
           ^^^^^^^^^^^^^^^^^^^^^^^^^^^^^^^^^^^^^^^^^^^^^^^^^^^^^^^^^^^^^^^
  File "/home/airflow/airflow/venv/lib/python3.12/site-packages/sqlalchemy/engine/base.py", line 96, in __init__
    else engine.raw_connection()
         ^^^^^^^^^^^^^^^^^^^^^^^
  File "/home/airflow/airflow/venv/lib/python3.12/site-packages/sqlalchemy/engine/base.py", line 3404, in raw_connection
    return self._wrap_pool_connect(self.pool.connect, _connection)
           ^^^^^^^^^^^^^^^^^^^^^^^^^^^^^^^^^^^^^^^^^^^^^^^^^^^^^^^
  File "/home/airflow/airflow/venv/lib/python3.12/site-packages/sqlalchemy/engine/base.py", line 3374, in _wrap_pool_connect
    Connection._handle_dbapi_exception_noconnection(
  File "/home/airflow/airflow/venv/lib/python3.12/site-packages/sqlalchemy/engine/base.py", line 2208, in _handle_dbapi_exception_noconnection
    util.raise_(
  File "/home/airflow/airflow/venv/lib/python3.12/site-packages/sqlalchemy/util/compat.py", line 211, in raise_
    raise exception
  File "/home/airflow/airflow/venv/lib/python3.12/site-packages/sqlalchemy/engine/base.py", line 3371, in _wrap_pool_connect
    return fn()
           ^^^^
  File "/home/airflow/airflow/venv/lib/python3.12/site-packages/sqlalchemy/pool/base.py", line 327, in connect
    return _ConnectionFairy._checkout(self)
           ^^^^^^^^^^^^^^^^^^^^^^^^^^^^^^^^
  File "/home/airflow/airflow/venv/lib/python3.12/site-packages/sqlalchemy/pool/base.py", line 894, in _checkout
    fairy = _ConnectionRecord.checkout(pool)
            ^^^^^^^^^^^^^^^^^^^^^^^^^^^^^^^^
  File "/home/airflow/airflow/venv/lib/python3.12/site-packages/sqlalchemy/pool/base.py", line 493, in checkout
    rec = pool._do_get()
          ^^^^^^^^^^^^^^
  File "/home/airflow/airflow/venv/lib/python3.12/site-packages/sqlalchemy/pool/impl.py", line 256, in _do_get
    return self._create_connection()
           ^^^^^^^^^^^^^^^^^^^^^^^^^
  File "/home/airflow/airflow/venv/lib/python3.12/site-packages/sqlalchemy/pool/base.py", line 273, in _create_connection
    return _ConnectionRecord(self)
           ^^^^^^^^^^^^^^^^^^^^^^^
  File "/home/airflow/airflow/venv/lib/python3.12/site-packages/sqlalchemy/pool/base.py", line 388, in __init__
    self.__connect()
  File "/home/airflow/airflow/venv/lib/python3.12/site-packages/sqlalchemy/pool/base.py", line 690, in __connect
    with util.safe_reraise():
         ^^^^^^^^^^^^^^^^^^^
  File "/home/airflow/airflow/venv/lib/python3.12/site-packages/sqlalchemy/util/langhelpers.py", line 70, in __exit__
    compat.raise_(
  File "/home/airflow/airflow/venv/lib/python3.12/site-packages/sqlalchemy/util/compat.py", line 211, in raise_
    raise exception
  File "/home/airflow/airflow/venv/lib/python3.12/site-packages/sqlalchemy/pool/base.py", line 686, in __connect
    self.dbapi_connection = connection = pool._invoke_creator(self)
                                         ^^^^^^^^^^^^^^^^^^^^^^^^^^
  File "/home/airflow/airflow/venv/lib/python3.12/site-packages/sqlalchemy/engine/create.py", line 574, in connect
    return dialect.connect(*cargs, **cparams)
           ^^^^^^^^^^^^^^^^^^^^^^^^^^^^^^^^^^
  File "/home/airflow/airflow/venv/lib/python3.12/site-packages/sqlalchemy/engine/default.py", line 598, in connect
    return self.dbapi.connect(*cargs, **cparams)
           ^^^^^^^^^^^^^^^^^^^^^^^^^^^^^^^^^^^^^
  File "/home/airflow/airflow/venv/lib/python3.12/site-packages/psycopg2/__init__.py", line 122, in connect
    conn = _connect(dsn, connection_factory=connection_factory, **kwasync)
           ^^^^^^^^^^^^^^^^^^^^^^^^^^^^^^^^^^^^^^^^^^^^^^^^^^^^^^^^^^^^^^^
sqlalchemy.exc.OperationalError: (psycopg2.OperationalError) could not translate host name "***" to address: Temporary failure in name resolution

(Background on this error at: https://sqlalche.me/e/14/e3q8)
[2026-04-14T03:17:24.475+0000] {job.py:254} ERROR - Job heartbeat failed with error. Scheduler is in unhealthy state
[2026-04-14T03:17:35.873+0000] {subprocess.py:106} INFO - 26/04/14 03:17:12 INFO SharedState: Warehouse path is 'hdfs://23133083thuyvan-master:9000/user/hive/lakehouse'.
[2026-04-14T03:17:36.532+0000] {job.py:229} INFO - Heartbeat recovered after 52.17 seconds
[2026-04-14T03:17:54.854+0000] {subprocess.py:106} INFO - 26/04/14 03:17:54 INFO CatalogUtil: Loading custom FileIO implementation: org.apache.iceberg.hadoop.HadoopFileIO
[2026-04-14T03:17:57.531+0000] {subprocess.py:106} INFO - 26/04/14 03:17:57 INFO HiveConf: Found configuration file file:/home/spark/spark/conf/hive-site.xml
[2026-04-14T03:17:59.807+0000] {subprocess.py:106} INFO - 26/04/14 03:17:59 INFO metastore: Trying to connect to metastore with URI thrift://23133083thuyvan-master:9083
[2026-04-14T03:18:00.028+0000] {subprocess.py:106} INFO - 26/04/14 03:18:00 WARN metastore: Failed to connect to the MetaStore Server...
[2026-04-14T03:18:00.036+0000] {subprocess.py:106} INFO - 26/04/14 03:18:00 INFO metastore: Waiting 1 seconds before next connection attempt.
[2026-04-14T03:18:01.020+0000] {subprocess.py:106} INFO - 26/04/14 03:18:01 INFO metastore: Trying to connect to metastore with URI thrift://23133083thuyvan-master:9083
[2026-04-14T03:18:01.022+0000] {subprocess.py:106} INFO - 26/04/14 03:18:01 WARN metastore: Failed to connect to the MetaStore Server...
[2026-04-14T03:18:01.023+0000] {subprocess.py:106} INFO - 26/04/14 03:18:01 INFO metastore: Waiting 1 seconds before next connection attempt.
[2026-04-14T03:18:15.011+0000] {job.py:229} INFO - Heartbeat recovered after 15.68 seconds
[2026-04-14T03:18:15.301+0000] {subprocess.py:106} INFO - 26/04/14 03:18:02 INFO metastore: Trying to connect to metastore with URI thrift://23133083thuyvan-master:9083
[2026-04-14T03:18:15.307+0000] {subprocess.py:106} INFO - 26/04/14 03:18:02 WARN metastore: Failed to connect to the MetaStore Server...
[2026-04-14T03:18:15.308+0000] {subprocess.py:106} INFO - 26/04/14 03:18:02 INFO metastore: Waiting 1 seconds before next connection attempt.
[2026-04-14T03:18:17.127+0000] {subprocess.py:110} INFO - Command exited with return code 137
[2026-04-14T03:18:18.685+0000] {taskinstance.py:3311} ERROR - Task failed with exception
Traceback (most recent call last):
  File "/home/airflow/airflow/venv/lib/python3.12/site-packages/airflow/models/taskinstance.py", line 767, in _execute_task
    result = _execute_callable(context=context, **execute_callable_kwargs)
             ^^^^^^^^^^^^^^^^^^^^^^^^^^^^^^^^^^^^^^^^^^^^^^^^^^^^^^^^^^^^^
  File "/home/airflow/airflow/venv/lib/python3.12/site-packages/airflow/models/taskinstance.py", line 733, in _execute_callable
    return ExecutionCallableRunner(
           ^^^^^^^^^^^^^^^^^^^^^^^^
  File "/home/airflow/airflow/venv/lib/python3.12/site-packages/airflow/utils/operator_helpers.py", line 252, in run
    return self.func(*args, **kwargs)
           ^^^^^^^^^^^^^^^^^^^^^^^^^^
  File "/home/airflow/airflow/venv/lib/python3.12/site-packages/airflow/models/baseoperator.py", line 422, in wrapper
    return func(self, *args, **kwargs)
           ^^^^^^^^^^^^^^^^^^^^^^^^^^^
  File "/home/airflow/airflow/venv/lib/python3.12/site-packages/airflow/operators/bash.py", line 276, in execute
    raise AirflowException(
airflow.exceptions.AirflowException: Bash command failed. The command returned a non-zero exit code 137.
[2026-04-14T03:18:19.424+0000] {taskinstance.py:1225} INFO - Marking task as FAILED. dag_id=predict_aqi, task_id=train_model, run_id=manual__2026-04-13T17:33:51.797141+00:00, execution_date=20260413T173351, start_date=20260414T031159, end_date=20260414T031819
[2026-04-14T03:18:21.278+0000] {taskinstance.py:340} INFO - ::group::Post task execution logs
[2026-04-14T03:18:21.335+0000] {standard_task_runner.py:124} ERROR - Failed to execute job 251 for task train_model (Bash command failed. The command returned a non-zero exit code 137.; 255)
Traceback (most recent call last):
  File "/home/airflow/airflow/venv/lib/python3.12/site-packages/airflow/task/task_runner/standard_task_runner.py", line 117, in _start_by_fork
    ret = args.func(args, dag=self.dag)
          ^^^^^^^^^^^^^^^^^^^^^^^^^^^^^
  File "/home/airflow/airflow/venv/lib/python3.12/site-packages/airflow/cli/cli_config.py", line 49, in command
    return func(*args, **kwargs)
           ^^^^^^^^^^^^^^^^^^^^^
  File "/home/airflow/airflow/venv/lib/python3.12/site-packages/airflow/utils/cli.py", line 116, in wrapper
    return f(*args, **kwargs)
           ^^^^^^^^^^^^^^^^^^
  File "/home/airflow/airflow/venv/lib/python3.12/site-packages/airflow/cli/commands/task_command.py", line 483, in task_run
    task_return_code = _run_task_by_selected_method(args, _dag, ti)
                       ^^^^^^^^^^^^^^^^^^^^^^^^^^^^^^^^^^^^^^^^^^^^
  File "/home/airflow/airflow/venv/lib/python3.12/site-packages/airflow/cli/commands/task_command.py", line 256, in _run_task_by_selected_method
    return _run_raw_task(args, ti)
           ^^^^^^^^^^^^^^^^^^^^^^^
  File "/home/airflow/airflow/venv/lib/python3.12/site-packages/airflow/cli/commands/task_command.py", line 341, in _run_raw_task
    return ti._run_raw_task(
           ^^^^^^^^^^^^^^^^^
  File "/home/airflow/airflow/venv/lib/python3.12/site-packages/airflow/utils/session.py", line 97, in wrapper
    return func(*args, session=session, **kwargs)
           ^^^^^^^^^^^^^^^^^^^^^^^^^^^^^^^^^^^^^^
  File "/home/airflow/airflow/venv/lib/python3.12/site-packages/airflow/models/taskinstance.py", line 3005, in _run_raw_task
    return _run_raw_task(
           ^^^^^^^^^^^^^^
  File "/home/airflow/airflow/venv/lib/python3.12/site-packages/airflow/models/taskinstance.py", line 273, in _run_raw_task
    TaskInstance._execute_task_with_callbacks(
  File "/home/airflow/airflow/venv/lib/python3.12/site-packages/airflow/models/taskinstance.py", line 3159, in _execute_task_with_callbacks
    result = self._execute_task(context, task_orig)
             ^^^^^^^^^^^^^^^^^^^^^^^^^^^^^^^^^^^^^^
  File "/home/airflow/airflow/venv/lib/python3.12/site-packages/airflow/models/taskinstance.py", line 3183, in _execute_task
    return _execute_task(self, context, task_orig)
           ^^^^^^^^^^^^^^^^^^^^^^^^^^^^^^^^^^^^^^^
  File "/home/airflow/airflow/venv/lib/python3.12/site-packages/airflow/models/taskinstance.py", line 767, in _execute_task
    result = _execute_callable(context=context, **execute_callable_kwargs)
             ^^^^^^^^^^^^^^^^^^^^^^^^^^^^^^^^^^^^^^^^^^^^^^^^^^^^^^^^^^^^^
  File "/home/airflow/airflow/venv/lib/python3.12/site-packages/airflow/models/taskinstance.py", line 733, in _execute_callable
    return ExecutionCallableRunner(
           ^^^^^^^^^^^^^^^^^^^^^^^^
  File "/home/airflow/airflow/venv/lib/python3.12/site-packages/airflow/utils/operator_helpers.py", line 252, in run
    return self.func(*args, **kwargs)
           ^^^^^^^^^^^^^^^^^^^^^^^^^^
  File "/home/airflow/airflow/venv/lib/python3.12/site-packages/airflow/models/baseoperator.py", line 422, in wrapper
    return func(self, *args, **kwargs)
           ^^^^^^^^^^^^^^^^^^^^^^^^^^^
  File "/home/airflow/airflow/venv/lib/python3.12/site-packages/airflow/operators/bash.py", line 276, in execute
    raise AirflowException(
airflow.exceptions.AirflowException: Bash command failed. The command returned a non-zero exit code 137.
[2026-04-14T03:18:21.562+0000] {local_task_job_runner.py:266} INFO - Task exited with return code 1
[2026-04-14T03:18:22.204+0000] {taskinstance.py:3895} INFO - 0 downstream tasks scheduled from follow-on schedule check
[2026-04-14T03:18:22.244+0000] {local_task_job_runner.py:245} INFO - ::endgroup::
