[2026-04-14T02:59:01.884+0000] {local_task_job_runner.py:123} INFO - ::group::Pre task execution logs
[2026-04-14T02:59:01.996+0000] {taskinstance.py:2613} INFO - Dependencies all met for dep_context=non-requeueable deps ti=<TaskInstance: predict_aqi.train_model scheduled__2026-04-13T15:00:00+00:00 [queued]>
[2026-04-14T02:59:02.026+0000] {taskinstance.py:2613} INFO - Dependencies all met for dep_context=requeueable deps ti=<TaskInstance: predict_aqi.train_model scheduled__2026-04-13T15:00:00+00:00 [queued]>
[2026-04-14T02:59:02.030+0000] {taskinstance.py:2866} INFO - Starting attempt 3 of 3
[2026-04-14T02:59:02.155+0000] {taskinstance.py:2889} INFO - Executing <Task(BashOperator): train_model> on 2026-04-13 15:00:00+00:00
[2026-04-14T02:59:02.215+0000] {standard_task_runner.py:104} INFO - Running: ['airflow', 'tasks', 'run', 'predict_aqi', 'train_model', 'scheduled__2026-04-13T15:00:00+00:00', '--job-id', '237', '--raw', '--subdir', 'DAGS_FOLDER/dag_ml.py', '--cfg-path', '/tmp/tmp1u_4cs3m']
[2026-04-14T02:59:02.225+0000] {standard_task_runner.py:105} INFO - Job 237: Subtask train_model
[2026-04-14T02:59:02.218+0000] {logging_mixin.py:190} WARNING - /home/airflow/airflow/venv/lib/python3.12/site-packages/airflow/task/task_runner/standard_task_runner.py:70 DeprecationWarning: This process (pid=180) is multi-threaded, use of fork() may lead to deadlocks in the child.
[2026-04-14T02:59:02.232+0000] {standard_task_runner.py:72} INFO - Started process 224 to run task
[2026-04-14T02:59:02.881+0000] {task_command.py:467} INFO - Running <TaskInstance: predict_aqi.train_model scheduled__2026-04-13T15:00:00+00:00 [running]> on host airflow
[2026-04-14T02:59:03.308+0000] {taskinstance.py:3132} INFO - Exporting env vars: AIRFLOW_CTX_DAG_OWNER='airflow' AIRFLOW_CTX_DAG_ID='predict_aqi' AIRFLOW_CTX_TASK_ID='train_model' AIRFLOW_CTX_EXECUTION_DATE='2026-04-13T15:00:00+00:00' AIRFLOW_CTX_TRY_NUMBER='3' AIRFLOW_CTX_DAG_RUN_ID='scheduled__2026-04-13T15:00:00+00:00'
[2026-04-14T02:59:03.318+0000] {taskinstance.py:731} INFO - ::endgroup::
[2026-04-14T02:59:03.399+0000] {subprocess.py:78} INFO - Tmp dir root location: /tmp
[2026-04-14T02:59:03.408+0000] {subprocess.py:88} INFO - Running command: ['/usr/bin/bash', '-c', '\n            docker exec spark-master spark-submit                 --conf spark.pyspark.python=python3                 --packages org.apache.iceberg:iceberg-spark-runtime-4.0_2.13:1.10.1                 /home/spark/spark/spark_jobs/train_model.py 2026-04-13\n        ']
[2026-04-14T02:59:03.457+0000] {subprocess.py:99} INFO - Output:
[2026-04-14T02:59:06.774+0000] {subprocess.py:106} INFO - WARNING: Using incubator modules: jdk.incubator.vector
[2026-04-14T02:59:29.719+0000] {subprocess.py:106} INFO - :: loading settings :: url = jar:file:/home/spark/spark/jars/ivy-2.5.3.jar!/org/apache/ivy/core/settings/ivysettings.xml
[2026-04-14T02:59:30.592+0000] {subprocess.py:106} INFO - Ivy Default Cache set to: /home/spark/.ivy2.5.2/cache
[2026-04-14T02:59:30.595+0000] {subprocess.py:106} INFO - The jars for the packages stored in: /home/spark/.ivy2.5.2/jars
[2026-04-14T02:59:30.995+0000] {subprocess.py:106} INFO - org.apache.iceberg#iceberg-spark-runtime-4.0_2.13 added as a dependency
[2026-04-14T02:59:31.032+0000] {subprocess.py:106} INFO - :: resolving dependencies :: org.apache.spark#spark-submit-parent-d45f5546-0933-449d-8af3-9a017eb5d7d2;1.0
[2026-04-14T02:59:31.081+0000] {subprocess.py:106} INFO - 	confs: [default]
[2026-04-14T02:59:32.382+0000] {subprocess.py:106} INFO - 	found org.apache.iceberg#iceberg-spark-runtime-4.0_2.13;1.10.1 in spark-list
[2026-04-14T02:59:32.473+0000] {subprocess.py:106} INFO - :: resolution report :: resolve 1449ms :: artifacts dl 8ms
[2026-04-14T02:59:32.488+0000] {subprocess.py:106} INFO - 	:: modules in use:
[2026-04-14T02:59:32.492+0000] {subprocess.py:106} INFO - 	org.apache.iceberg#iceberg-spark-runtime-4.0_2.13;1.10.1 from spark-list in [default]
[2026-04-14T02:59:32.498+0000] {subprocess.py:106} INFO - 	---------------------------------------------------------------------
[2026-04-14T02:59:32.501+0000] {subprocess.py:106} INFO - 	|                  |            modules            ||   artifacts   |
[2026-04-14T02:59:32.504+0000] {subprocess.py:106} INFO - 	|       conf       | number| search|dwnlded|evicted|| number|dwnlded|
[2026-04-14T02:59:32.512+0000] {subprocess.py:106} INFO - 	---------------------------------------------------------------------
[2026-04-14T02:59:32.513+0000] {subprocess.py:106} INFO - 	|      default     |   1   |   0   |   0   |   0   ||   1   |   0   |
[2026-04-14T02:59:32.517+0000] {subprocess.py:106} INFO - 	---------------------------------------------------------------------
[2026-04-14T02:59:32.519+0000] {subprocess.py:106} INFO - :: retrieving :: org.apache.spark#spark-submit-parent-d45f5546-0933-449d-8af3-9a017eb5d7d2
[2026-04-14T02:59:32.523+0000] {subprocess.py:106} INFO - 	confs: [default]
[2026-04-14T02:59:32.528+0000] {subprocess.py:106} INFO - 	0 artifacts copied, 1 already retrieved (0kB/18ms)
[2026-04-14T02:59:34.032+0000] {subprocess.py:106} INFO - 26/04/14 02:59:34 WARN NativeCodeLoader: Unable to load native-hadoop library for your platform... using builtin-java classes where applicable
[2026-04-14T03:00:09.214+0000] {subprocess.py:106} INFO - Using Spark's default log4j profile: org/apache/spark/log4j2-defaults.properties
[2026-04-14T03:00:09.441+0000] {subprocess.py:106} INFO - 26/04/14 03:00:09 INFO SparkContext: Running Spark version 4.0.2
[2026-04-14T03:00:09.522+0000] {subprocess.py:106} INFO - 26/04/14 03:00:09 INFO SparkContext: OS info Linux, 6.6.87.2-microsoft-standard-WSL2, amd64
[2026-04-14T03:00:09.551+0000] {subprocess.py:106} INFO - 26/04/14 03:00:09 INFO SparkContext: Java version 21.0.10
[2026-04-14T03:00:10.336+0000] {subprocess.py:106} INFO - 26/04/14 03:00:10 INFO ResourceUtils: ==============================================================
[2026-04-14T03:00:10.343+0000] {subprocess.py:106} INFO - 26/04/14 03:00:10 INFO ResourceUtils: No custom resources configured for spark.driver.
[2026-04-14T03:00:10.348+0000] {subprocess.py:106} INFO - 26/04/14 03:00:10 INFO ResourceUtils: ==============================================================
[2026-04-14T03:00:10.363+0000] {subprocess.py:106} INFO - 26/04/14 03:00:10 INFO SparkContext: Submitted application: TrainModel
[2026-04-14T03:00:10.935+0000] {subprocess.py:106} INFO - 26/04/14 03:00:10 INFO ResourceProfile: Default ResourceProfile created, executor resources: Map(cores -> name: cores, amount: 2, script: , vendor: , memory -> name: memory, amount: 2048, script: , vendor: , offHeap -> name: offHeap, amount: 0, script: , vendor: ), task resources: Map(cpus -> name: cpus, amount: 1.0)
[2026-04-14T03:00:11.046+0000] {subprocess.py:106} INFO - 26/04/14 03:00:11 INFO ResourceProfile: Limiting resource is cpus at 2 tasks per executor
[2026-04-14T03:00:11.075+0000] {subprocess.py:106} INFO - 26/04/14 03:00:11 INFO ResourceProfileManager: Added ResourceProfile id: 0
[2026-04-14T03:00:12.150+0000] {subprocess.py:106} INFO - 26/04/14 03:00:12 INFO SecurityManager: Changing view acls to: spark
[2026-04-14T03:00:12.157+0000] {subprocess.py:106} INFO - 26/04/14 03:00:12 INFO SecurityManager: Changing modify acls to: spark
[2026-04-14T03:00:12.164+0000] {subprocess.py:106} INFO - 26/04/14 03:00:12 INFO SecurityManager: Changing view acls groups to: spark
[2026-04-14T03:00:12.173+0000] {subprocess.py:106} INFO - 26/04/14 03:00:12 INFO SecurityManager: Changing modify acls groups to: spark
[2026-04-14T03:00:12.203+0000] {subprocess.py:106} INFO - 26/04/14 03:00:12 INFO SecurityManager: SecurityManager: authentication disabled; ui acls disabled; users with view permissions: spark groups with view permissions: EMPTY; users with modify permissions: spark; groups with modify permissions: EMPTY; RPC SSL disabled
[2026-04-14T03:00:21.831+0000] {subprocess.py:106} INFO - 26/04/14 03:00:21 INFO Utils: Successfully started service 'sparkDriver' on port 40287.
[2026-04-14T03:00:22.136+0000] {subprocess.py:106} INFO - 26/04/14 03:00:22 INFO SparkEnv: Registering MapOutputTracker
[2026-04-14T03:00:22.236+0000] {subprocess.py:106} INFO - 26/04/14 03:00:22 INFO SparkEnv: Registering BlockManagerMaster
[2026-04-14T03:00:22.449+0000] {subprocess.py:106} INFO - 26/04/14 03:00:22 INFO BlockManagerMasterEndpoint: Using org.apache.spark.storage.DefaultTopologyMapper for getting topology information
[2026-04-14T03:00:22.451+0000] {subprocess.py:106} INFO - 26/04/14 03:00:22 INFO BlockManagerMasterEndpoint: BlockManagerMasterEndpoint up
[2026-04-14T03:00:22.498+0000] {subprocess.py:106} INFO - 26/04/14 03:00:22 INFO SparkEnv: Registering BlockManagerMasterHeartbeat
[2026-04-14T03:00:22.691+0000] {subprocess.py:106} INFO - 26/04/14 03:00:22 INFO DiskBlockManager: Created local directory at /tmp/blockmgr-2912287d-06bc-4d2d-87b9-770d4a00f6a1
[2026-04-14T03:00:22.800+0000] {subprocess.py:106} INFO - 26/04/14 03:00:22 INFO SparkEnv: Registering OutputCommitCoordinator
[2026-04-14T03:00:25.740+0000] {subprocess.py:106} INFO - 26/04/14 03:00:25 INFO JettyUtils: Start Jetty 0.0.0.0:4040 for SparkUI
[2026-04-14T03:00:28.943+0000] {subprocess.py:106} INFO - 26/04/14 03:00:28 WARN Utils: Service 'SparkUI' could not bind on port 4040. Attempting port 4041.
[2026-04-14T03:00:29.066+0000] {subprocess.py:106} INFO - 26/04/14 03:00:29 INFO Utils: Successfully started service 'SparkUI' on port 4041.
[2026-04-14T03:00:29.962+0000] {subprocess.py:106} INFO - 26/04/14 03:00:29 INFO SparkContext: Added JAR file:///home/spark/.ivy2.5.2/jars/org.apache.iceberg_iceberg-spark-runtime-4.0_2.13-1.10.1.jar at spark://spark-master:40287/jars/org.apache.iceberg_iceberg-spark-runtime-4.0_2.13-1.10.1.jar with timestamp 1776135607943
[2026-04-14T03:00:30.033+0000] {subprocess.py:106} INFO - 26/04/14 03:00:30 INFO SparkContext: Added file file:///home/spark/.ivy2.5.2/jars/org.apache.iceberg_iceberg-spark-runtime-4.0_2.13-1.10.1.jar at file:///home/spark/.ivy2.5.2/jars/org.apache.iceberg_iceberg-spark-runtime-4.0_2.13-1.10.1.jar with timestamp 1776135607943
[2026-04-14T03:00:30.056+0000] {subprocess.py:106} INFO - 26/04/14 03:00:30 INFO Utils: Copying /home/spark/.ivy2.5.2/jars/org.apache.iceberg_iceberg-spark-runtime-4.0_2.13-1.10.1.jar to /tmp/spark-2deae6a9-672d-48a8-9172-cfd3d454ccf2/userFiles-50a38cbb-0e35-45e2-9943-88ce3def55d5/org.apache.iceberg_iceberg-spark-runtime-4.0_2.13-1.10.1.jar
[2026-04-14T03:00:39.575+0000] {subprocess.py:106} INFO - 26/04/14 03:00:39 INFO SecurityManager: Changing view acls to: spark
[2026-04-14T03:00:39.640+0000] {subprocess.py:106} INFO - 26/04/14 03:00:39 INFO SecurityManager: Changing modify acls to: spark
[2026-04-14T03:00:39.651+0000] {subprocess.py:106} INFO - 26/04/14 03:00:39 INFO SecurityManager: Changing view acls groups to: spark
[2026-04-14T03:00:39.668+0000] {subprocess.py:106} INFO - 26/04/14 03:00:39 INFO SecurityManager: Changing modify acls groups to: spark
[2026-04-14T03:00:39.677+0000] {subprocess.py:106} INFO - 26/04/14 03:00:39 INFO SecurityManager: SecurityManager: authentication disabled; ui acls disabled; users with view permissions: spark groups with view permissions: EMPTY; users with modify permissions: spark; groups with modify permissions: EMPTY; RPC SSL disabled
[2026-04-14T03:00:46.521+0000] {subprocess.py:106} INFO - 26/04/14 03:00:46 INFO Executor: Starting executor ID driver on host spark-master
[2026-04-14T03:00:46.697+0000] {subprocess.py:106} INFO - 26/04/14 03:00:46 INFO Executor: OS info Linux, 6.6.87.2-microsoft-standard-WSL2, amd64
[2026-04-14T03:00:46.719+0000] {subprocess.py:106} INFO - 26/04/14 03:00:46 INFO Executor: Java version 21.0.10
[2026-04-14T03:00:46.767+0000] {subprocess.py:106} INFO - 26/04/14 03:00:46 INFO Executor: Starting executor with user classpath (userClassPathFirst = false): ''
[2026-04-14T03:00:46.808+0000] {subprocess.py:106} INFO - 26/04/14 03:00:46 INFO Executor: Created or updated repl class loader org.apache.spark.util.MutableURLClassLoader@6afd3ac9 for default.
[2026-04-14T03:00:46.820+0000] {subprocess.py:106} INFO - 26/04/14 03:00:46 INFO Executor: Fetching file:///home/spark/.ivy2.5.2/jars/org.apache.iceberg_iceberg-spark-runtime-4.0_2.13-1.10.1.jar with timestamp 1776135607943
[2026-04-14T03:00:49.283+0000] {subprocess.py:106} INFO - 26/04/14 03:00:49 INFO Utils: /home/spark/.ivy2.5.2/jars/org.apache.iceberg_iceberg-spark-runtime-4.0_2.13-1.10.1.jar has been previously copied to /tmp/spark-2deae6a9-672d-48a8-9172-cfd3d454ccf2/userFiles-50a38cbb-0e35-45e2-9943-88ce3def55d5/org.apache.iceberg_iceberg-spark-runtime-4.0_2.13-1.10.1.jar
[2026-04-14T03:00:51.311+0000] {subprocess.py:106} INFO - 26/04/14 03:00:49 INFO Executor: Fetching spark://spark-master:40287/jars/org.apache.iceberg_iceberg-spark-runtime-4.0_2.13-1.10.1.jar with timestamp 1776135607943
[2026-04-14T03:00:51.318+0000] {subprocess.py:106} INFO - 26/04/14 03:00:49 INFO TransportClientFactory: Successfully created connection to spark-master/172.20.0.5:40287 after 157 ms (0 ms spent in bootstraps)
[2026-04-14T03:00:51.323+0000] {subprocess.py:106} INFO - 26/04/14 03:00:49 INFO Utils: Fetching spark://spark-master:40287/jars/org.apache.iceberg_iceberg-spark-runtime-4.0_2.13-1.10.1.jar to /tmp/spark-2deae6a9-672d-48a8-9172-cfd3d454ccf2/userFiles-50a38cbb-0e35-45e2-9943-88ce3def55d5/fetchFileTemp12272077984034504598.tmp
[2026-04-14T03:00:53.252+0000] {subprocess.py:106} INFO - 26/04/14 03:00:53 INFO Utils: /tmp/spark-2deae6a9-672d-48a8-9172-cfd3d454ccf2/userFiles-50a38cbb-0e35-45e2-9943-88ce3def55d5/fetchFileTemp12272077984034504598.tmp has been previously copied to /tmp/spark-2deae6a9-672d-48a8-9172-cfd3d454ccf2/userFiles-50a38cbb-0e35-45e2-9943-88ce3def55d5/org.apache.iceberg_iceberg-spark-runtime-4.0_2.13-1.10.1.jar
[2026-04-14T03:00:53.312+0000] {subprocess.py:106} INFO - 26/04/14 03:00:53 INFO Executor: Adding file:/tmp/spark-2deae6a9-672d-48a8-9172-cfd3d454ccf2/userFiles-50a38cbb-0e35-45e2-9943-88ce3def55d5/org.apache.iceberg_iceberg-spark-runtime-4.0_2.13-1.10.1.jar to class loader default
[2026-04-14T03:00:53.493+0000] {subprocess.py:106} INFO - 26/04/14 03:00:53 INFO Utils: Successfully started service 'org.apache.spark.network.netty.NettyBlockTransferService' on port 34665.
[2026-04-14T03:00:53.530+0000] {subprocess.py:106} INFO - 26/04/14 03:00:53 INFO NettyBlockTransferService: Server created on spark-master:34665
[2026-04-14T03:00:53.574+0000] {subprocess.py:106} INFO - 26/04/14 03:00:53 INFO BlockManager: Using org.apache.spark.storage.RandomBlockReplicationPolicy for block replication policy
[2026-04-14T03:00:53.764+0000] {subprocess.py:106} INFO - 26/04/14 03:00:53 INFO BlockManagerMaster: Registering BlockManager BlockManagerId(driver, spark-master, 34665, None)
[2026-04-14T03:00:53.879+0000] {subprocess.py:106} INFO - 26/04/14 03:00:53 INFO BlockManagerMasterEndpoint: Registering block manager spark-master:34665 with 1048.8 MiB RAM, BlockManagerId(driver, spark-master, 34665, None)
[2026-04-14T03:00:53.911+0000] {subprocess.py:106} INFO - 26/04/14 03:00:53 INFO BlockManagerMaster: Registered BlockManager BlockManagerId(driver, spark-master, 34665, None)
[2026-04-14T03:00:53.933+0000] {subprocess.py:106} INFO - 26/04/14 03:00:53 INFO BlockManager: Initialized BlockManager: BlockManagerId(driver, spark-master, 34665, None)
[2026-04-14T03:04:23.425+0000] {job.py:239} ERROR - Job heartbeat failed with error
Traceback (most recent call last):
  File "/home/airflow/airflow/venv/lib/python3.12/site-packages/sqlalchemy/engine/base.py", line 3371, in _wrap_pool_connect
    return fn()
           ^^^^
  File "/home/airflow/airflow/venv/lib/python3.12/site-packages/sqlalchemy/pool/base.py", line 327, in connect
    return _ConnectionFairy._checkout(self)
           ^^^^^^^^^^^^^^^^^^^^^^^^^^^^^^^^
  File "/home/airflow/airflow/venv/lib/python3.12/site-packages/sqlalchemy/pool/base.py", line 894, in _checkout
    fairy = _ConnectionRecord.checkout(pool)
            ^^^^^^^^^^^^^^^^^^^^^^^^^^^^^^^^
  File "/home/airflow/airflow/venv/lib/python3.12/site-packages/sqlalchemy/pool/base.py", line 493, in checkout
    rec = pool._do_get()
          ^^^^^^^^^^^^^^
  File "/home/airflow/airflow/venv/lib/python3.12/site-packages/sqlalchemy/pool/impl.py", line 256, in _do_get
    return self._create_connection()
           ^^^^^^^^^^^^^^^^^^^^^^^^^
  File "/home/airflow/airflow/venv/lib/python3.12/site-packages/sqlalchemy/pool/base.py", line 273, in _create_connection
    return _ConnectionRecord(self)
           ^^^^^^^^^^^^^^^^^^^^^^^
  File "/home/airflow/airflow/venv/lib/python3.12/site-packages/sqlalchemy/pool/base.py", line 388, in __init__
    self.__connect()
  File "/home/airflow/airflow/venv/lib/python3.12/site-packages/sqlalchemy/pool/base.py", line 690, in __connect
    with util.safe_reraise():
         ^^^^^^^^^^^^^^^^^^^
  File "/home/airflow/airflow/venv/lib/python3.12/site-packages/sqlalchemy/util/langhelpers.py", line 70, in __exit__
    compat.raise_(
  File "/home/airflow/airflow/venv/lib/python3.12/site-packages/sqlalchemy/util/compat.py", line 211, in raise_
    raise exception
  File "/home/airflow/airflow/venv/lib/python3.12/site-packages/sqlalchemy/pool/base.py", line 686, in __connect
    self.dbapi_connection = connection = pool._invoke_creator(self)
                                         ^^^^^^^^^^^^^^^^^^^^^^^^^^
  File "/home/airflow/airflow/venv/lib/python3.12/site-packages/sqlalchemy/engine/create.py", line 574, in connect
    return dialect.connect(*cargs, **cparams)
           ^^^^^^^^^^^^^^^^^^^^^^^^^^^^^^^^^^
  File "/home/airflow/airflow/venv/lib/python3.12/site-packages/sqlalchemy/engine/default.py", line 598, in connect
    return self.dbapi.connect(*cargs, **cparams)
           ^^^^^^^^^^^^^^^^^^^^^^^^^^^^^^^^^^^^^
  File "/home/airflow/airflow/venv/lib/python3.12/site-packages/psycopg2/__init__.py", line 122, in connect
    conn = _connect(dsn, connection_factory=connection_factory, **kwasync)
           ^^^^^^^^^^^^^^^^^^^^^^^^^^^^^^^^^^^^^^^^^^^^^^^^^^^^^^^^^^^^^^^
psycopg2.OperationalError: could not translate host name "***" to address: Temporary failure in name resolution


The above exception was the direct cause of the following exception:

Traceback (most recent call last):
  File "/home/airflow/airflow/venv/lib/python3.12/site-packages/airflow/jobs/job.py", line 207, in heartbeat
    self._merge_from(Job._fetch_from_db(self, session))
                     ^^^^^^^^^^^^^^^^^^^^^^^^^^^^^^^^^
  File "/home/airflow/airflow/venv/lib/python3.12/site-packages/airflow/api_internal/internal_api_call.py", line 166, in wrapper
    return func(*args, **kwargs)
           ^^^^^^^^^^^^^^^^^^^^^
  File "/home/airflow/airflow/venv/lib/python3.12/site-packages/airflow/utils/session.py", line 94, in wrapper
    return func(*args, **kwargs)
           ^^^^^^^^^^^^^^^^^^^^^
  File "/home/airflow/airflow/venv/lib/python3.12/site-packages/airflow/utils/retries.py", line 93, in wrapped_function
    for attempt in run_with_db_retries(max_retries=retries, logger=logger, **retry_kwargs):
                   ^^^^^^^^^^^^^^^^^^^^^^^^^^^^^^^^^^^^^^^^^^^^^^^^^^^^^^^^^^^^^^^^^^^^^^^
  File "/home/airflow/airflow/venv/lib/python3.12/site-packages/tenacity/__init__.py", line 438, in __iter__
    do = self.iter(retry_state=retry_state)
         ^^^^^^^^^^^^^^^^^^^^^^^^^^^^^^^^^^
  File "/home/airflow/airflow/venv/lib/python3.12/site-packages/tenacity/__init__.py", line 371, in iter
    result = action(retry_state)
             ^^^^^^^^^^^^^^^^^^^
  File "/home/airflow/airflow/venv/lib/python3.12/site-packages/tenacity/__init__.py", line 413, in exc_check
    raise retry_exc.reraise()
          ^^^^^^^^^^^^^^^^^^^
  File "/home/airflow/airflow/venv/lib/python3.12/site-packages/tenacity/__init__.py", line 184, in reraise
    raise self.last_attempt.result()
          ^^^^^^^^^^^^^^^^^^^^^^^^^^
  File "/usr/local/lib/python3.12/concurrent/futures/_base.py", line 449, in result
    return self.__get_result()
           ^^^^^^^^^^^^^^^^^^^
  File "/usr/local/lib/python3.12/concurrent/futures/_base.py", line 401, in __get_result
    raise self._exception
  File "/home/airflow/airflow/venv/lib/python3.12/site-packages/airflow/utils/retries.py", line 102, in wrapped_function
    return func(*args, **kwargs)
           ^^^^^^^^^^^^^^^^^^^^^
  File "/home/airflow/airflow/venv/lib/python3.12/site-packages/airflow/jobs/job.py", line 335, in _fetch_from_db
    session.merge(job)
  File "/home/airflow/airflow/venv/lib/python3.12/site-packages/sqlalchemy/orm/session.py", line 3056, in merge
    return self._merge(
           ^^^^^^^^^^^^
  File "/home/airflow/airflow/venv/lib/python3.12/site-packages/sqlalchemy/orm/session.py", line 3136, in _merge
    merged = self.get(
             ^^^^^^^^^
  File "/home/airflow/airflow/venv/lib/python3.12/site-packages/sqlalchemy/orm/session.py", line 2853, in get
    return self._get_impl(
           ^^^^^^^^^^^^^^^
  File "/home/airflow/airflow/venv/lib/python3.12/site-packages/sqlalchemy/orm/session.py", line 2975, in _get_impl
    return db_load_fn(
           ^^^^^^^^^^^
  File "/home/airflow/airflow/venv/lib/python3.12/site-packages/sqlalchemy/orm/loading.py", line 530, in load_on_pk_identity
    session.execute(
  File "/home/airflow/airflow/venv/lib/python3.12/site-packages/sqlalchemy/orm/session.py", line 1716, in execute
    conn = self._connection_for_bind(bind)
           ^^^^^^^^^^^^^^^^^^^^^^^^^^^^^^^
  File "/home/airflow/airflow/venv/lib/python3.12/site-packages/sqlalchemy/orm/session.py", line 1555, in _connection_for_bind
    return self._transaction._connection_for_bind(
           ^^^^^^^^^^^^^^^^^^^^^^^^^^^^^^^^^^^^^^^
  File "/home/airflow/airflow/venv/lib/python3.12/site-packages/sqlalchemy/orm/session.py", line 750, in _connection_for_bind
    conn = bind.connect()
           ^^^^^^^^^^^^^^
  File "/home/airflow/airflow/venv/lib/python3.12/site-packages/sqlalchemy/future/engine.py", line 412, in connect
    return super(Engine, self).connect()
           ^^^^^^^^^^^^^^^^^^^^^^^^^^^^^
  File "/home/airflow/airflow/venv/lib/python3.12/site-packages/sqlalchemy/engine/base.py", line 3325, in connect
    return self._connection_cls(self, close_with_result=close_with_result)
           ^^^^^^^^^^^^^^^^^^^^^^^^^^^^^^^^^^^^^^^^^^^^^^^^^^^^^^^^^^^^^^^
  File "/home/airflow/airflow/venv/lib/python3.12/site-packages/sqlalchemy/engine/base.py", line 96, in __init__
    else engine.raw_connection()
         ^^^^^^^^^^^^^^^^^^^^^^^
  File "/home/airflow/airflow/venv/lib/python3.12/site-packages/sqlalchemy/engine/base.py", line 3404, in raw_connection
    return self._wrap_pool_connect(self.pool.connect, _connection)
           ^^^^^^^^^^^^^^^^^^^^^^^^^^^^^^^^^^^^^^^^^^^^^^^^^^^^^^^
  File "/home/airflow/airflow/venv/lib/python3.12/site-packages/sqlalchemy/engine/base.py", line 3374, in _wrap_pool_connect
    Connection._handle_dbapi_exception_noconnection(
  File "/home/airflow/airflow/venv/lib/python3.12/site-packages/sqlalchemy/engine/base.py", line 2208, in _handle_dbapi_exception_noconnection
    util.raise_(
  File "/home/airflow/airflow/venv/lib/python3.12/site-packages/sqlalchemy/util/compat.py", line 211, in raise_
    raise exception
  File "/home/airflow/airflow/venv/lib/python3.12/site-packages/sqlalchemy/engine/base.py", line 3371, in _wrap_pool_connect
    return fn()
           ^^^^
  File "/home/airflow/airflow/venv/lib/python3.12/site-packages/sqlalchemy/pool/base.py", line 327, in connect
    return _ConnectionFairy._checkout(self)
           ^^^^^^^^^^^^^^^^^^^^^^^^^^^^^^^^
  File "/home/airflow/airflow/venv/lib/python3.12/site-packages/sqlalchemy/pool/base.py", line 894, in _checkout
    fairy = _ConnectionRecord.checkout(pool)
            ^^^^^^^^^^^^^^^^^^^^^^^^^^^^^^^^
  File "/home/airflow/airflow/venv/lib/python3.12/site-packages/sqlalchemy/pool/base.py", line 493, in checkout
    rec = pool._do_get()
          ^^^^^^^^^^^^^^
  File "/home/airflow/airflow/venv/lib/python3.12/site-packages/sqlalchemy/pool/impl.py", line 256, in _do_get
    return self._create_connection()
           ^^^^^^^^^^^^^^^^^^^^^^^^^
  File "/home/airflow/airflow/venv/lib/python3.12/site-packages/sqlalchemy/pool/base.py", line 273, in _create_connection
    return _ConnectionRecord(self)
           ^^^^^^^^^^^^^^^^^^^^^^^
  File "/home/airflow/airflow/venv/lib/python3.12/site-packages/sqlalchemy/pool/base.py", line 388, in __init__
    self.__connect()
  File "/home/airflow/airflow/venv/lib/python3.12/site-packages/sqlalchemy/pool/base.py", line 690, in __connect
    with util.safe_reraise():
         ^^^^^^^^^^^^^^^^^^^
  File "/home/airflow/airflow/venv/lib/python3.12/site-packages/sqlalchemy/util/langhelpers.py", line 70, in __exit__
    compat.raise_(
  File "/home/airflow/airflow/venv/lib/python3.12/site-packages/sqlalchemy/util/compat.py", line 211, in raise_
    raise exception
  File "/home/airflow/airflow/venv/lib/python3.12/site-packages/sqlalchemy/pool/base.py", line 686, in __connect
    self.dbapi_connection = connection = pool._invoke_creator(self)
                                         ^^^^^^^^^^^^^^^^^^^^^^^^^^
  File "/home/airflow/airflow/venv/lib/python3.12/site-packages/sqlalchemy/engine/create.py", line 574, in connect
    return dialect.connect(*cargs, **cparams)
           ^^^^^^^^^^^^^^^^^^^^^^^^^^^^^^^^^^
  File "/home/airflow/airflow/venv/lib/python3.12/site-packages/sqlalchemy/engine/default.py", line 598, in connect
    return self.dbapi.connect(*cargs, **cparams)
           ^^^^^^^^^^^^^^^^^^^^^^^^^^^^^^^^^^^^^
  File "/home/airflow/airflow/venv/lib/python3.12/site-packages/psycopg2/__init__.py", line 122, in connect
    conn = _connect(dsn, connection_factory=connection_factory, **kwasync)
           ^^^^^^^^^^^^^^^^^^^^^^^^^^^^^^^^^^^^^^^^^^^^^^^^^^^^^^^^^^^^^^^
sqlalchemy.exc.OperationalError: (psycopg2.OperationalError) could not translate host name "***" to address: Temporary failure in name resolution

(Background on this error at: https://sqlalche.me/e/14/e3q8)
[2026-04-14T03:07:51.998+0000] {job.py:254} ERROR - Job heartbeat failed with error. Scheduler is in unhealthy state
[2026-04-14T03:07:52.051+0000] {local_task_job_runner.py:228} ERROR - Heartbeat time limit exceeded!
[2026-04-14T03:07:52.062+0000] {local_task_job_runner.py:245} INFO - ::endgroup::
[2026-04-14T03:07:52.127+0000] {process_utils.py:132} INFO - Sending 15 to group 224. PIDs of all processes in the group: [320, 327, 224]
[2026-04-14T03:07:52.135+0000] {process_utils.py:87} INFO - Sending the signal 15 to group 224
[2026-04-14T03:07:52.263+0000] {taskinstance.py:3093} ERROR - Received SIGTERM. Terminating subprocesses.
[2026-04-14T03:07:54.886+0000] {subprocess.py:117} INFO - Sending SIGTERM signal to process group
