[2026-04-11T08:15:54.406+0000] {local_task_job_runner.py:123} INFO - ::group::Pre task execution logs
[2026-04-11T08:15:54.430+0000] {taskinstance.py:2613} INFO - Dependencies all met for dep_context=non-requeueable deps ti=<TaskInstance: weather_real_time_pipeline.call_weather_api_and_send_kafka scheduled__2026-04-11T08:05:00+00:00 [queued]>
[2026-04-11T08:15:54.438+0000] {taskinstance.py:2613} INFO - Dependencies all met for dep_context=requeueable deps ti=<TaskInstance: weather_real_time_pipeline.call_weather_api_and_send_kafka scheduled__2026-04-11T08:05:00+00:00 [queued]>
[2026-04-11T08:15:54.439+0000] {taskinstance.py:2866} INFO - Starting attempt 3 of 3
[2026-04-11T08:15:54.453+0000] {taskinstance.py:2889} INFO - Executing <Task(PythonOperator): call_weather_api_and_send_kafka> on 2026-04-11 08:05:00+00:00
[2026-04-11T08:15:54.461+0000] {standard_task_runner.py:104} INFO - Running: ['airflow', 'tasks', 'run', 'weather_real_time_pipeline', 'call_weather_api_and_send_kafka', 'scheduled__2026-04-11T08:05:00+00:00', '--job-id', '130', '--raw', '--subdir', 'DAGS_FOLDER/weather_pipeline_dag.py', '--cfg-path', '/tmp/tmpx7m5negy']
[2026-04-11T08:15:54.462+0000] {standard_task_runner.py:105} INFO - Job 130: Subtask call_weather_api_and_send_kafka
[2026-04-11T08:15:54.467+0000] {logging_mixin.py:190} WARNING - /home/airflow/airflow/venv/lib/python3.12/site-packages/airflow/task/task_runner/standard_task_runner.py:70 DeprecationWarning: This process (pid=82525) is multi-threaded, use of fork() may lead to deadlocks in the child.
[2026-04-11T08:15:54.468+0000] {standard_task_runner.py:72} INFO - Started process 82543 to run task
[2026-04-11T08:15:54.544+0000] {task_command.py:467} INFO - Running <TaskInstance: weather_real_time_pipeline.call_weather_api_and_send_kafka scheduled__2026-04-11T08:05:00+00:00 [running]> on host airflow
[2026-04-11T08:15:54.655+0000] {taskinstance.py:3132} INFO - Exporting env vars: AIRFLOW_CTX_DAG_OWNER='van' AIRFLOW_CTX_DAG_ID='weather_real_time_pipeline' AIRFLOW_CTX_TASK_ID='call_weather_api_and_send_kafka' AIRFLOW_CTX_EXECUTION_DATE='2026-04-11T08:05:00+00:00' AIRFLOW_CTX_TRY_NUMBER='3' AIRFLOW_CTX_DAG_RUN_ID='scheduled__2026-04-11T08:05:00+00:00'
[2026-04-11T08:15:54.656+0000] {taskinstance.py:731} INFO - ::endgroup::
[2026-04-11T08:15:56.136+0000] {logging_mixin.py:190} INFO - 📡 Fetched weather data: {'timestamp': '2026-04-11T08:15:56.135714', 'location': 'Ho Chi Minh City', 'latitude': 10.8231, 'longitude': 106.6297, 'time': '2026-04-11T08:00', 'interval': 3600, 'temperature_2m': 35.6, 'relative_humidity_2m': 43, 'apparent_temperature': 39.4, 'precipitation': 0.0, 'cloud_cover': 56, 'wind_speed_10m': 5.8, 'wind_direction_10m': 210, 'wind_gusts_10m': 14.4, 'uv_index': 6.0, 'weather_code': 2, 'european_aqi': 65, 'us_aqi': 72, 'pm10': 23.9, 'pm2_5': 22.6, 'carbon_monoxide': 341.0, 'nitrogen_dioxide': 9.5, 'sulphur_dioxide': 7.5, 'ozone': 157.0}
[2026-04-11T08:17:49.975+0000] {timeout.py:68} ERROR - Process timed out, PID: 82543
[2026-04-11T08:17:49.989+0000] {taskinstance.py:3311} ERROR - Task failed with exception
Traceback (most recent call last):
  File "/home/airflow/airflow/venv/lib/python3.12/site-packages/airflow/models/taskinstance.py", line 762, in _execute_task
    result = _execute_callable(context=context, **execute_callable_kwargs)
             ^^^^^^^^^^^^^^^^^^^^^^^^^^^^^^^^^^^^^^^^^^^^^^^^^^^^^^^^^^^^^
  File "/home/airflow/airflow/venv/lib/python3.12/site-packages/airflow/models/taskinstance.py", line 733, in _execute_callable
    return ExecutionCallableRunner(
           ^^^^^^^^^^^^^^^^^^^^^^^^
  File "/home/airflow/airflow/venv/lib/python3.12/site-packages/airflow/utils/operator_helpers.py", line 252, in run
    return self.func(*args, **kwargs)
           ^^^^^^^^^^^^^^^^^^^^^^^^^^
  File "/home/airflow/airflow/venv/lib/python3.12/site-packages/airflow/models/baseoperator.py", line 422, in wrapper
    return func(self, *args, **kwargs)
           ^^^^^^^^^^^^^^^^^^^^^^^^^^^
  File "/home/airflow/airflow/venv/lib/python3.12/site-packages/airflow/operators/python.py", line 238, in execute
    return_value = self.execute_callable()
                   ^^^^^^^^^^^^^^^^^^^^^^^
  File "/home/airflow/airflow/venv/lib/python3.12/site-packages/airflow/operators/python.py", line 256, in execute_callable
    return runner.run(*self.op_args, **self.op_kwargs)
           ^^^^^^^^^^^^^^^^^^^^^^^^^^^^^^^^^^^^^^^^^^^
  File "/home/airflow/airflow/venv/lib/python3.12/site-packages/airflow/utils/operator_helpers.py", line 252, in run
    return self.func(*args, **kwargs)
           ^^^^^^^^^^^^^^^^^^^^^^^^^^
  File "/home/airflow/airflow/dags/weather_kafka_producer.py", line 56, in call_openmeteo
    producer.flush()
  File "/home/airflow/airflow/venv/lib/python3.12/site-packages/kafka/producer/kafka.py", line 652, in flush
    self._accumulator.await_flush_completion(timeout=timeout)
  File "/home/airflow/airflow/venv/lib/python3.12/site-packages/kafka/producer/record_accumulator.py", line 526, in await_flush_completion
    if not batch.produce_future.wait(timeout=timeout):
           ^^^^^^^^^^^^^^^^^^^^^^^^^^^^^^^^^^^^^^^^^^
  File "/home/airflow/airflow/venv/lib/python3.12/site-packages/kafka/producer/future.py", line 26, in wait
    return self._latch.wait(timeout) or self._latch.is_set()
           ^^^^^^^^^^^^^^^^^^^^^^^^^
  File "/usr/local/lib/python3.12/threading.py", line 655, in wait
    signaled = self._cond.wait(timeout)
               ^^^^^^^^^^^^^^^^^^^^^^^^
  File "/usr/local/lib/python3.12/threading.py", line 355, in wait
    waiter.acquire()
  File "/home/airflow/airflow/venv/lib/python3.12/site-packages/airflow/utils/timeout.py", line 69, in handle_timeout
    raise AirflowTaskTimeout(self.error_message)
airflow.exceptions.AirflowTaskTimeout: Timeout, PID: 82543
[2026-04-11T08:17:49.997+0000] {taskinstance.py:1225} INFO - Marking task as FAILED. dag_id=weather_real_time_pipeline, task_id=call_weather_api_and_send_kafka, run_id=scheduled__2026-04-11T08:05:00+00:00, execution_date=20260411T080500, start_date=20260411T081554, end_date=20260411T081749
[2026-04-11T08:17:50.009+0000] {taskinstance.py:340} INFO - ::group::Post task execution logs
[2026-04-11T08:17:50.018+0000] {local_task_job_runner.py:266} INFO - Task exited with return code 2
[2026-04-11T08:17:50.038+0000] {taskinstance.py:3895} INFO - 0 downstream tasks scheduled from follow-on schedule check
[2026-04-11T08:17:50.041+0000] {local_task_job_runner.py:245} INFO - ::endgroup::
