[2026-04-13T16:41:33.034+0000] {local_task_job_runner.py:123} INFO - ::group::Pre task execution logs
[2026-04-13T16:41:33.072+0000] {taskinstance.py:2613} INFO - Dependencies all met for dep_context=non-requeueable deps ti=<TaskInstance: predict_aqi.wait_for_silver_data scheduled__2026-04-13T14:00:00+00:00 [queued]>
[2026-04-13T16:41:33.085+0000] {taskinstance.py:2613} INFO - Dependencies all met for dep_context=requeueable deps ti=<TaskInstance: predict_aqi.wait_for_silver_data scheduled__2026-04-13T14:00:00+00:00 [queued]>
[2026-04-13T16:41:33.086+0000] {taskinstance.py:2866} INFO - Starting attempt 1 of 3
[2026-04-13T16:41:33.115+0000] {taskinstance.py:2889} INFO - Executing <Task(BashSensor): wait_for_silver_data> on 2026-04-13 14:00:00+00:00
[2026-04-13T16:41:33.131+0000] {standard_task_runner.py:104} INFO - Running: ['airflow', 'tasks', 'run', 'predict_aqi', 'wait_for_silver_data', 'scheduled__2026-04-13T14:00:00+00:00', '--job-id', '168', '--raw', '--subdir', 'DAGS_FOLDER/dag_ml.py', '--cfg-path', '/tmp/tmprcaovx_1']
[2026-04-13T16:41:33.134+0000] {standard_task_runner.py:105} INFO - Job 168: Subtask wait_for_silver_data
[2026-04-13T16:41:33.142+0000] {logging_mixin.py:190} WARNING - /home/airflow/airflow/venv/lib/python3.12/site-packages/airflow/task/task_runner/standard_task_runner.py:70 DeprecationWarning: This process (pid=175) is multi-threaded, use of fork() may lead to deadlocks in the child.
[2026-04-13T16:41:33.143+0000] {standard_task_runner.py:72} INFO - Started process 206 to run task
[2026-04-13T16:41:33.311+0000] {task_command.py:467} INFO - Running <TaskInstance: predict_aqi.wait_for_silver_data scheduled__2026-04-13T14:00:00+00:00 [running]> on host airflow
[2026-04-13T16:41:33.564+0000] {taskinstance.py:3132} INFO - Exporting env vars: AIRFLOW_CTX_DAG_OWNER='airflow' AIRFLOW_CTX_DAG_ID='predict_aqi' AIRFLOW_CTX_TASK_ID='wait_for_silver_data' AIRFLOW_CTX_EXECUTION_DATE='2026-04-13T14:00:00+00:00' AIRFLOW_CTX_TRY_NUMBER='1' AIRFLOW_CTX_DAG_RUN_ID='scheduled__2026-04-13T14:00:00+00:00'
[2026-04-13T16:41:33.569+0000] {taskinstance.py:731} INFO - ::endgroup::
[2026-04-13T16:41:33.605+0000] {bash.py:72} INFO - Tmp dir root location: /tmp
[2026-04-13T16:41:33.608+0000] {bash.py:80} INFO - Temporary script location: /tmp/airflowtmpy2dop1fa//tmp/airflowtmpy2dop1fa/wait_for_silver_data0kgiior1
[2026-04-13T16:41:33.610+0000] {bash.py:81} INFO - Running command: 
        count=$(docker exec trino trino --execute "
            SELECT COUNT(*) FROM iceberg.air_quality_db.air_quality_silver;
        " | tail -n 1 | tr -d '"[:space:]')

        echo "Record count: $count"

        if [ "$count" -gt 0 ]; then
            exit 0
        else
            exit 1
        fi
        
[2026-04-13T16:41:33.636+0000] {bash.py:93} INFO - Output:
[2026-04-13T16:41:34.269+0000] {bash.py:95} INFO - Error response from daemon: container b8c71a9d5d3fb7b2409c7d3bb671add12f903de791377168facff31dc9f989f6 is not running
[2026-04-13T16:41:34.280+0000] {bash.py:95} INFO - Record count:
[2026-04-13T16:41:34.281+0000] {bash.py:95} INFO - /tmp/airflowtmpy2dop1fa/wait_for_silver_data0kgiior1: line 8: [: : integer expression expected
[2026-04-13T16:41:34.281+0000] {bash.py:97} INFO - Command exited with return code 1
[2026-04-13T16:41:34.282+0000] {bash.py:113} INFO - Non-zero return code and no retry code set, will retry later
[2026-04-13T16:42:04.279+0000] {bash.py:72} INFO - Tmp dir root location: /tmp
[2026-04-13T16:42:04.280+0000] {bash.py:80} INFO - Temporary script location: /tmp/airflowtmp0hu3cobq//tmp/airflowtmp0hu3cobq/wait_for_silver_datap_kvxewg
[2026-04-13T16:42:04.281+0000] {bash.py:81} INFO - Running command: 
        count=$(docker exec trino trino --execute "
            SELECT COUNT(*) FROM iceberg.air_quality_db.air_quality_silver;
        " | tail -n 1 | tr -d '"[:space:]')

        echo "Record count: $count"

        if [ "$count" -gt 0 ]; then
            exit 0
        else
            exit 1
        fi
        
[2026-04-13T16:42:04.287+0000] {bash.py:93} INFO - Output:
[2026-04-13T16:42:04.321+0000] {bash.py:95} INFO - Error response from daemon: container b8c71a9d5d3fb7b2409c7d3bb671add12f903de791377168facff31dc9f989f6 is not running
[2026-04-13T16:42:04.324+0000] {bash.py:95} INFO - Record count:
[2026-04-13T16:42:04.325+0000] {bash.py:95} INFO - /tmp/airflowtmp0hu3cobq/wait_for_silver_datap_kvxewg: line 8: [: : integer expression expected
[2026-04-13T16:42:04.326+0000] {bash.py:97} INFO - Command exited with return code 1
[2026-04-13T16:42:04.326+0000] {bash.py:113} INFO - Non-zero return code and no retry code set, will retry later
[2026-04-13T16:42:34.323+0000] {bash.py:72} INFO - Tmp dir root location: /tmp
[2026-04-13T16:42:34.349+0000] {bash.py:80} INFO - Temporary script location: /tmp/airflowtmp3gj1pkt4//tmp/airflowtmp3gj1pkt4/wait_for_silver_data4cpoohar
[2026-04-13T16:42:34.353+0000] {bash.py:81} INFO - Running command: 
        count=$(docker exec trino trino --execute "
            SELECT COUNT(*) FROM iceberg.air_quality_db.air_quality_silver;
        " | tail -n 1 | tr -d '"[:space:]')

        echo "Record count: $count"

        if [ "$count" -gt 0 ]; then
            exit 0
        else
            exit 1
        fi
        
[2026-04-13T16:42:34.373+0000] {bash.py:93} INFO - Output:
[2026-04-13T16:42:34.521+0000] {bash.py:95} INFO - Error response from daemon: container b8c71a9d5d3fb7b2409c7d3bb671add12f903de791377168facff31dc9f989f6 is not running
[2026-04-13T16:42:34.524+0000] {bash.py:95} INFO - Record count:
[2026-04-13T16:42:34.526+0000] {bash.py:95} INFO - /tmp/airflowtmp3gj1pkt4/wait_for_silver_data4cpoohar: line 8: [: : integer expression expected
[2026-04-13T16:42:34.527+0000] {bash.py:97} INFO - Command exited with return code 1
[2026-04-13T16:42:34.528+0000] {bash.py:113} INFO - Non-zero return code and no retry code set, will retry later
[2026-04-13T16:43:04.525+0000] {bash.py:72} INFO - Tmp dir root location: /tmp
[2026-04-13T16:43:04.532+0000] {bash.py:80} INFO - Temporary script location: /tmp/airflowtmpdsysg1wk//tmp/airflowtmpdsysg1wk/wait_for_silver_data42anr5qf
[2026-04-13T16:43:04.534+0000] {bash.py:81} INFO - Running command: 
        count=$(docker exec trino trino --execute "
            SELECT COUNT(*) FROM iceberg.air_quality_db.air_quality_silver;
        " | tail -n 1 | tr -d '"[:space:]')

        echo "Record count: $count"

        if [ "$count" -gt 0 ]; then
            exit 0
        else
            exit 1
        fi
        
[2026-04-13T16:43:04.546+0000] {bash.py:93} INFO - Output:
[2026-04-13T16:43:04.615+0000] {bash.py:95} INFO - Error response from daemon: container b8c71a9d5d3fb7b2409c7d3bb671add12f903de791377168facff31dc9f989f6 is not running
[2026-04-13T16:43:04.618+0000] {bash.py:95} INFO - Record count:
[2026-04-13T16:43:04.619+0000] {bash.py:95} INFO - /tmp/airflowtmpdsysg1wk/wait_for_silver_data42anr5qf: line 8: [: : integer expression expected
[2026-04-13T16:43:04.622+0000] {bash.py:97} INFO - Command exited with return code 1
[2026-04-13T16:43:04.622+0000] {bash.py:113} INFO - Non-zero return code and no retry code set, will retry later
[2026-04-13T16:43:34.620+0000] {bash.py:72} INFO - Tmp dir root location: /tmp
[2026-04-13T16:43:34.623+0000] {bash.py:80} INFO - Temporary script location: /tmp/airflowtmpu21v0912//tmp/airflowtmpu21v0912/wait_for_silver_datak9z8dc28
[2026-04-13T16:43:34.624+0000] {bash.py:81} INFO - Running command: 
        count=$(docker exec trino trino --execute "
            SELECT COUNT(*) FROM iceberg.air_quality_db.air_quality_silver;
        " | tail -n 1 | tr -d '"[:space:]')

        echo "Record count: $count"

        if [ "$count" -gt 0 ]; then
            exit 0
        else
            exit 1
        fi
        
[2026-04-13T16:43:34.634+0000] {bash.py:93} INFO - Output:
[2026-04-13T16:43:34.696+0000] {bash.py:95} INFO - Error response from daemon: container b8c71a9d5d3fb7b2409c7d3bb671add12f903de791377168facff31dc9f989f6 is not running
[2026-04-13T16:43:34.700+0000] {bash.py:95} INFO - Record count:
[2026-04-13T16:43:34.702+0000] {bash.py:95} INFO - /tmp/airflowtmpu21v0912/wait_for_silver_datak9z8dc28: line 8: [: : integer expression expected
[2026-04-13T16:43:34.704+0000] {bash.py:97} INFO - Command exited with return code 1
[2026-04-13T16:43:34.706+0000] {bash.py:113} INFO - Non-zero return code and no retry code set, will retry later
[2026-04-13T16:44:04.705+0000] {bash.py:72} INFO - Tmp dir root location: /tmp
[2026-04-13T16:44:04.709+0000] {bash.py:80} INFO - Temporary script location: /tmp/airflowtmp13zo35c4//tmp/airflowtmp13zo35c4/wait_for_silver_datajiorji9x
[2026-04-13T16:44:04.711+0000] {bash.py:81} INFO - Running command: 
        count=$(docker exec trino trino --execute "
            SELECT COUNT(*) FROM iceberg.air_quality_db.air_quality_silver;
        " | tail -n 1 | tr -d '"[:space:]')

        echo "Record count: $count"

        if [ "$count" -gt 0 ]; then
            exit 0
        else
            exit 1
        fi
        
[2026-04-13T16:44:04.719+0000] {bash.py:93} INFO - Output:
[2026-04-13T16:44:04.766+0000] {bash.py:95} INFO - Error response from daemon: container b8c71a9d5d3fb7b2409c7d3bb671add12f903de791377168facff31dc9f989f6 is not running
[2026-04-13T16:44:04.769+0000] {bash.py:95} INFO - Record count:
[2026-04-13T16:44:04.772+0000] {bash.py:95} INFO - /tmp/airflowtmp13zo35c4/wait_for_silver_datajiorji9x: line 8: [: : integer expression expected
[2026-04-13T16:44:04.774+0000] {bash.py:97} INFO - Command exited with return code 1
[2026-04-13T16:44:04.775+0000] {bash.py:113} INFO - Non-zero return code and no retry code set, will retry later
[2026-04-13T16:44:34.775+0000] {bash.py:72} INFO - Tmp dir root location: /tmp
[2026-04-13T16:44:34.783+0000] {bash.py:80} INFO - Temporary script location: /tmp/airflowtmpfvfg0zru//tmp/airflowtmpfvfg0zru/wait_for_silver_datap2ic1u1s
[2026-04-13T16:44:34.788+0000] {bash.py:81} INFO - Running command: 
        count=$(docker exec trino trino --execute "
            SELECT COUNT(*) FROM iceberg.air_quality_db.air_quality_silver;
        " | tail -n 1 | tr -d '"[:space:]')

        echo "Record count: $count"

        if [ "$count" -gt 0 ]; then
            exit 0
        else
            exit 1
        fi
        
[2026-04-13T16:44:34.804+0000] {bash.py:93} INFO - Output:
[2026-04-13T16:44:51.541+0000] {bash.py:95} INFO - Record count: 100
[2026-04-13T16:44:51.547+0000] {bash.py:97} INFO - Command exited with return code 0
[2026-04-13T16:44:51.553+0000] {base.py:336} INFO - Success criteria met. Exiting.
[2026-04-13T16:44:52.018+0000] {taskinstance.py:340} INFO - ::group::Post task execution logs
[2026-04-13T16:44:52.026+0000] {taskinstance.py:352} INFO - Marking task as SUCCESS. dag_id=predict_aqi, task_id=wait_for_silver_data, run_id=scheduled__2026-04-13T14:00:00+00:00, execution_date=20260413T140000, start_date=20260413T164133, end_date=20260413T164452
[2026-04-13T16:44:52.304+0000] {local_task_job_runner.py:266} INFO - Task exited with return code 0
[2026-04-13T16:44:52.924+0000] {taskinstance.py:3895} INFO - 1 downstream tasks scheduled from follow-on schedule check
[2026-04-13T16:44:52.930+0000] {local_task_job_runner.py:245} INFO - ::endgroup::
