[2026-04-12T07:50:41.251+0000] {local_task_job_runner.py:123} INFO - ::group::Pre task execution logs
[2026-04-12T07:50:41.279+0000] {taskinstance.py:2613} INFO - Dependencies all met for dep_context=non-requeueable deps ti=<TaskInstance: weather_real_time_pipeline_v2.start_spark_streaming_job scheduled__2026-04-12T07:48:00+00:00 [queued]>
[2026-04-12T07:50:41.290+0000] {taskinstance.py:2613} INFO - Dependencies all met for dep_context=requeueable deps ti=<TaskInstance: weather_real_time_pipeline_v2.start_spark_streaming_job scheduled__2026-04-12T07:48:00+00:00 [queued]>
[2026-04-12T07:50:41.291+0000] {taskinstance.py:2866} INFO - Starting attempt 1 of 4
[2026-04-12T07:50:41.305+0000] {taskinstance.py:2889} INFO - Executing <Task(BashOperator): start_spark_streaming_job> on 2026-04-12 07:48:00+00:00
[2026-04-12T07:50:41.317+0000] {standard_task_runner.py:104} INFO - Running: ['airflow', 'tasks', 'run', 'weather_real_time_pipeline_v2', 'start_spark_streaming_job', 'scheduled__2026-04-12T07:48:00+00:00', '--job-id', '364', '--raw', '--subdir', 'DAGS_FOLDER/weather_pipeline_dag.py', '--cfg-path', '/tmp/tmpc7ppppp7']
[2026-04-12T07:50:41.319+0000] {standard_task_runner.py:105} INFO - Job 364: Subtask start_spark_streaming_job
[2026-04-12T07:50:41.320+0000] {logging_mixin.py:190} WARNING - /home/airflow/airflow/venv/lib/python3.12/site-packages/airflow/task/task_runner/standard_task_runner.py:70 DeprecationWarning: This process (pid=271797) is multi-threaded, use of fork() may lead to deadlocks in the child.
[2026-04-12T07:50:41.321+0000] {standard_task_runner.py:72} INFO - Started process 271814 to run task
[2026-04-12T07:50:41.442+0000] {task_command.py:467} INFO - Running <TaskInstance: weather_real_time_pipeline_v2.start_spark_streaming_job scheduled__2026-04-12T07:48:00+00:00 [running]> on host airflow
[2026-04-12T07:50:41.557+0000] {taskinstance.py:3132} INFO - Exporting env vars: AIRFLOW_CTX_DAG_OWNER='airflow' AIRFLOW_CTX_DAG_ID='weather_real_time_pipeline_v2' AIRFLOW_CTX_TASK_ID='start_spark_streaming_job' AIRFLOW_CTX_EXECUTION_DATE='2026-04-12T07:48:00+00:00' AIRFLOW_CTX_TRY_NUMBER='1' AIRFLOW_CTX_DAG_RUN_ID='scheduled__2026-04-12T07:48:00+00:00'
[2026-04-12T07:50:41.558+0000] {taskinstance.py:731} INFO - ::endgroup::
[2026-04-12T07:50:41.570+0000] {subprocess.py:78} INFO - Tmp dir root location: /tmp
[2026-04-12T07:50:41.572+0000] {subprocess.py:88} INFO - Running command: ['/usr/bin/bash', '-c', 'docker exec spark-master spark-submit                 --packages org.apache.spark:spark-sql-kafka-0-10_2.13:4.0.0,org.apache.iceberg:iceberg-spark-runtime-4.0_2.13:1.10.1                 /home/spark/spark/spark_jobs/weather_streaming.py']
[2026-04-12T07:50:41.581+0000] {subprocess.py:99} INFO - Output:
[2026-04-12T07:50:42.500+0000] {subprocess.py:106} INFO - WARNING: Using incubator modules: jdk.incubator.vector
[2026-04-12T07:50:44.856+0000] {subprocess.py:106} INFO - :: loading settings :: url = jar:file:/home/spark/spark/jars/ivy-2.5.3.jar!/org/apache/ivy/core/settings/ivysettings.xml
[2026-04-12T07:50:44.985+0000] {subprocess.py:106} INFO - Ivy Default Cache set to: /home/spark/.ivy2.5.2/cache
[2026-04-12T07:50:44.985+0000] {subprocess.py:106} INFO - The jars for the packages stored in: /home/spark/.ivy2.5.2/jars
[2026-04-12T07:50:45.002+0000] {subprocess.py:106} INFO - org.apache.spark#spark-sql-kafka-0-10_2.13 added as a dependency
[2026-04-12T07:50:45.002+0000] {subprocess.py:106} INFO - org.apache.iceberg#iceberg-spark-runtime-4.0_2.13 added as a dependency
[2026-04-12T07:50:45.004+0000] {subprocess.py:106} INFO - :: resolving dependencies :: org.apache.spark#spark-submit-parent-184a4cb7-7d93-49ca-898a-0640c39f842b;1.0
[2026-04-12T07:50:45.004+0000] {subprocess.py:106} INFO - 	confs: [default]
[2026-04-12T07:50:45.250+0000] {subprocess.py:106} INFO - 	found org.apache.spark#spark-sql-kafka-0-10_2.13;4.0.0 in central
[2026-04-12T07:50:45.340+0000] {subprocess.py:106} INFO - 	found org.apache.spark#spark-token-provider-kafka-0-10_2.13;4.0.0 in central
[2026-04-12T07:50:45.373+0000] {subprocess.py:106} INFO - 	found org.apache.kafka#kafka-clients;3.9.0 in central
[2026-04-12T07:50:45.408+0000] {subprocess.py:106} INFO - 	found org.lz4#lz4-java;1.8.0 in central
[2026-04-12T07:50:45.440+0000] {subprocess.py:106} INFO - 	found org.xerial.snappy#snappy-java;1.1.10.7 in central
[2026-04-12T07:50:45.467+0000] {subprocess.py:106} INFO - 	found org.slf4j#slf4j-api;2.0.16 in central
[2026-04-12T07:50:45.500+0000] {subprocess.py:106} INFO - 	found org.apache.hadoop#hadoop-client-runtime;3.4.1 in central
[2026-04-12T07:50:45.543+0000] {subprocess.py:106} INFO - 	found org.apache.hadoop#hadoop-client-api;3.4.1 in central
[2026-04-12T07:50:45.580+0000] {subprocess.py:106} INFO - 	found com.google.code.findbugs#jsr305;3.0.0 in central
[2026-04-12T07:50:45.599+0000] {subprocess.py:106} INFO - 	found org.scala-lang.modules#scala-parallel-collections_2.13;1.2.0 in central
[2026-04-12T07:50:45.622+0000] {subprocess.py:106} INFO - 	found org.apache.commons#commons-pool2;2.12.0 in central
[2026-04-12T07:50:45.641+0000] {subprocess.py:106} INFO - 	found org.apache.iceberg#iceberg-spark-runtime-4.0_2.13;1.10.1 in central
[2026-04-12T07:50:45.683+0000] {subprocess.py:106} INFO - :: resolution report :: resolve 652ms :: artifacts dl 27ms
[2026-04-12T07:50:45.683+0000] {subprocess.py:106} INFO - 	:: modules in use:
[2026-04-12T07:50:45.696+0000] {subprocess.py:106} INFO - 	com.google.code.findbugs#jsr305;3.0.0 from central in [default]
[2026-04-12T07:50:45.697+0000] {subprocess.py:106} INFO - 	org.apache.commons#commons-pool2;2.12.0 from central in [default]
[2026-04-12T07:50:45.698+0000] {subprocess.py:106} INFO - 	org.apache.hadoop#hadoop-client-api;3.4.1 from central in [default]
[2026-04-12T07:50:45.698+0000] {subprocess.py:106} INFO - 	org.apache.hadoop#hadoop-client-runtime;3.4.1 from central in [default]
[2026-04-12T07:50:45.699+0000] {subprocess.py:106} INFO - 	org.apache.iceberg#iceberg-spark-runtime-4.0_2.13;1.10.1 from central in [default]
[2026-04-12T07:50:45.699+0000] {subprocess.py:106} INFO - 	org.apache.kafka#kafka-clients;3.9.0 from central in [default]
[2026-04-12T07:50:45.699+0000] {subprocess.py:106} INFO - 	org.apache.spark#spark-sql-kafka-0-10_2.13;4.0.0 from central in [default]
[2026-04-12T07:50:45.700+0000] {subprocess.py:106} INFO - 	org.apache.spark#spark-token-provider-kafka-0-10_2.13;4.0.0 from central in [default]
[2026-04-12T07:50:45.700+0000] {subprocess.py:106} INFO - 	org.lz4#lz4-java;1.8.0 from central in [default]
[2026-04-12T07:50:45.701+0000] {subprocess.py:106} INFO - 	org.scala-lang.modules#scala-parallel-collections_2.13;1.2.0 from central in [default]
[2026-04-12T07:50:45.701+0000] {subprocess.py:106} INFO - 	org.slf4j#slf4j-api;2.0.16 from central in [default]
[2026-04-12T07:50:45.701+0000] {subprocess.py:106} INFO - 	org.xerial.snappy#snappy-java;1.1.10.7 from central in [default]
[2026-04-12T07:50:45.702+0000] {subprocess.py:106} INFO - 	---------------------------------------------------------------------
[2026-04-12T07:50:45.702+0000] {subprocess.py:106} INFO - 	|                  |            modules            ||   artifacts   |
[2026-04-12T07:50:45.702+0000] {subprocess.py:106} INFO - 	|       conf       | number| search|dwnlded|evicted|| number|dwnlded|
[2026-04-12T07:50:45.703+0000] {subprocess.py:106} INFO - 	---------------------------------------------------------------------
[2026-04-12T07:50:45.703+0000] {subprocess.py:106} INFO - 	|      default     |   12  |   0   |   0   |   0   ||   12  |   0   |
[2026-04-12T07:50:45.703+0000] {subprocess.py:106} INFO - 	---------------------------------------------------------------------
[2026-04-12T07:50:45.713+0000] {subprocess.py:106} INFO - :: retrieving :: org.apache.spark#spark-submit-parent-184a4cb7-7d93-49ca-898a-0640c39f842b
[2026-04-12T07:50:45.714+0000] {subprocess.py:106} INFO - 	confs: [default]
[2026-04-12T07:50:45.729+0000] {subprocess.py:106} INFO - 	0 artifacts copied, 12 already retrieved (0kB/15ms)
[2026-04-12T07:50:48.127+0000] {subprocess.py:106} INFO - 26/04/12 07:50:48 WARN NativeCodeLoader: Unable to load native-hadoop library for your platform... using builtin-java classes where applicable
[2026-04-12T07:50:54.740+0000] {subprocess.py:106} INFO - Using Spark's default log4j profile: org/apache/spark/log4j2-defaults.properties
[2026-04-12T07:50:54.817+0000] {subprocess.py:106} INFO - 26/04/12 07:50:54 INFO SparkContext: Running Spark version 4.0.2
[2026-04-12T07:50:54.845+0000] {subprocess.py:106} INFO - 26/04/12 07:50:54 INFO SparkContext: OS info Linux, 6.6.87.2-microsoft-standard-WSL2, amd64
[2026-04-12T07:50:54.846+0000] {subprocess.py:106} INFO - 26/04/12 07:50:54 INFO SparkContext: Java version 21.0.10
[2026-04-12T07:50:54.962+0000] {subprocess.py:106} INFO - 26/04/12 07:50:54 INFO ResourceUtils: ==============================================================
[2026-04-12T07:50:54.963+0000] {subprocess.py:106} INFO - 26/04/12 07:50:54 INFO ResourceUtils: No custom resources configured for spark.driver.
[2026-04-12T07:50:54.964+0000] {subprocess.py:106} INFO - 26/04/12 07:50:54 INFO ResourceUtils: ==============================================================
[2026-04-12T07:50:54.965+0000] {subprocess.py:106} INFO - 26/04/12 07:50:54 INFO SparkContext: Submitted application: Weather_Kafka_to_Iceberg
[2026-04-12T07:50:55.083+0000] {subprocess.py:106} INFO - 26/04/12 07:50:55 INFO ResourceProfile: Default ResourceProfile created, executor resources: Map(cores -> name: cores, amount: 2, script: , vendor: , memory -> name: memory, amount: 2048, script: , vendor: , offHeap -> name: offHeap, amount: 0, script: , vendor: ), task resources: Map(cpus -> name: cpus, amount: 1.0)
[2026-04-12T07:50:55.093+0000] {subprocess.py:106} INFO - 26/04/12 07:50:55 INFO ResourceProfile: Limiting resource is cpus at 2 tasks per executor
[2026-04-12T07:50:55.097+0000] {subprocess.py:106} INFO - 26/04/12 07:50:55 INFO ResourceProfileManager: Added ResourceProfile id: 0
[2026-04-12T07:50:55.185+0000] {subprocess.py:106} INFO - 26/04/12 07:50:55 INFO SecurityManager: Changing view acls to: spark
[2026-04-12T07:50:55.185+0000] {subprocess.py:106} INFO - 26/04/12 07:50:55 INFO SecurityManager: Changing modify acls to: spark
[2026-04-12T07:50:55.187+0000] {subprocess.py:106} INFO - 26/04/12 07:50:55 INFO SecurityManager: Changing view acls groups to: spark
[2026-04-12T07:50:55.187+0000] {subprocess.py:106} INFO - 26/04/12 07:50:55 INFO SecurityManager: Changing modify acls groups to: spark
[2026-04-12T07:50:55.193+0000] {subprocess.py:106} INFO - 26/04/12 07:50:55 INFO SecurityManager: SecurityManager: authentication disabled; ui acls disabled; users with view permissions: spark groups with view permissions: EMPTY; users with modify permissions: spark; groups with modify permissions: EMPTY; RPC SSL disabled
[2026-04-12T07:50:55.532+0000] {subprocess.py:106} INFO - 26/04/12 07:50:55 INFO Utils: Successfully started service 'sparkDriver' on port 33549.
[2026-04-12T07:50:55.577+0000] {subprocess.py:106} INFO - 26/04/12 07:50:55 INFO SparkEnv: Registering MapOutputTracker
[2026-04-12T07:50:55.594+0000] {subprocess.py:106} INFO - 26/04/12 07:50:55 INFO SparkEnv: Registering BlockManagerMaster
[2026-04-12T07:50:55.615+0000] {subprocess.py:106} INFO - 26/04/12 07:50:55 INFO BlockManagerMasterEndpoint: Using org.apache.spark.storage.DefaultTopologyMapper for getting topology information
[2026-04-12T07:50:55.616+0000] {subprocess.py:106} INFO - 26/04/12 07:50:55 INFO BlockManagerMasterEndpoint: BlockManagerMasterEndpoint up
[2026-04-12T07:50:55.621+0000] {subprocess.py:106} INFO - 26/04/12 07:50:55 INFO SparkEnv: Registering BlockManagerMasterHeartbeat
[2026-04-12T07:50:55.657+0000] {subprocess.py:106} INFO - 26/04/12 07:50:55 INFO DiskBlockManager: Created local directory at /tmp/blockmgr-a2a4bd1f-d0ce-49b2-9601-22015202c1bf
[2026-04-12T07:50:55.690+0000] {subprocess.py:106} INFO - 26/04/12 07:50:55 INFO SparkEnv: Registering OutputCommitCoordinator
[2026-04-12T07:50:55.885+0000] {subprocess.py:106} INFO - 26/04/12 07:50:55 INFO JettyUtils: Start Jetty 0.0.0.0:4040 for SparkUI
[2026-04-12T07:50:55.992+0000] {subprocess.py:106} INFO - 26/04/12 07:50:55 INFO Utils: Successfully started service 'SparkUI' on port 4040.
[2026-04-12T07:50:56.058+0000] {subprocess.py:106} INFO - 26/04/12 07:50:56 INFO SparkContext: Added JAR file:///home/spark/.ivy2.5.2/jars/org.apache.spark_spark-sql-kafka-0-10_2.13-4.0.0.jar at spark://spark-master:33549/jars/org.apache.spark_spark-sql-kafka-0-10_2.13-4.0.0.jar with timestamp 1775980254713
[2026-04-12T07:50:56.058+0000] {subprocess.py:106} INFO - 26/04/12 07:50:56 INFO SparkContext: Added JAR file:///home/spark/.ivy2.5.2/jars/org.apache.iceberg_iceberg-spark-runtime-4.0_2.13-1.10.1.jar at spark://spark-master:33549/jars/org.apache.iceberg_iceberg-spark-runtime-4.0_2.13-1.10.1.jar with timestamp 1775980254713
[2026-04-12T07:50:56.059+0000] {subprocess.py:106} INFO - 26/04/12 07:50:56 INFO SparkContext: Added JAR file:///home/spark/.ivy2.5.2/jars/org.apache.spark_spark-token-provider-kafka-0-10_2.13-4.0.0.jar at spark://spark-master:33549/jars/org.apache.spark_spark-token-provider-kafka-0-10_2.13-4.0.0.jar with timestamp 1775980254713
[2026-04-12T07:50:56.060+0000] {subprocess.py:106} INFO - 26/04/12 07:50:56 INFO SparkContext: Added JAR file:///home/spark/.ivy2.5.2/jars/org.scala-lang.modules_scala-parallel-collections_2.13-1.2.0.jar at spark://spark-master:33549/jars/org.scala-lang.modules_scala-parallel-collections_2.13-1.2.0.jar with timestamp 1775980254713
[2026-04-12T07:50:56.061+0000] {subprocess.py:106} INFO - 26/04/12 07:50:56 INFO SparkContext: Added JAR file:///home/spark/.ivy2.5.2/jars/org.apache.kafka_kafka-clients-3.9.0.jar at spark://spark-master:33549/jars/org.apache.kafka_kafka-clients-3.9.0.jar with timestamp 1775980254713
[2026-04-12T07:50:56.061+0000] {subprocess.py:106} INFO - 26/04/12 07:50:56 INFO SparkContext: Added JAR file:///home/spark/.ivy2.5.2/jars/com.google.code.findbugs_jsr305-3.0.0.jar at spark://spark-master:33549/jars/com.google.code.findbugs_jsr305-3.0.0.jar with timestamp 1775980254713
[2026-04-12T07:50:56.063+0000] {subprocess.py:106} INFO - 26/04/12 07:50:56 INFO SparkContext: Added JAR file:///home/spark/.ivy2.5.2/jars/org.apache.commons_commons-pool2-2.12.0.jar at spark://spark-master:33549/jars/org.apache.commons_commons-pool2-2.12.0.jar with timestamp 1775980254713
[2026-04-12T07:50:56.064+0000] {subprocess.py:106} INFO - 26/04/12 07:50:56 INFO SparkContext: Added JAR file:///home/spark/.ivy2.5.2/jars/org.apache.hadoop_hadoop-client-runtime-3.4.1.jar at spark://spark-master:33549/jars/org.apache.hadoop_hadoop-client-runtime-3.4.1.jar with timestamp 1775980254713
[2026-04-12T07:50:56.065+0000] {subprocess.py:106} INFO - 26/04/12 07:50:56 INFO SparkContext: Added JAR file:///home/spark/.ivy2.5.2/jars/org.lz4_lz4-java-1.8.0.jar at spark://spark-master:33549/jars/org.lz4_lz4-java-1.8.0.jar with timestamp 1775980254713
[2026-04-12T07:50:56.065+0000] {subprocess.py:106} INFO - 26/04/12 07:50:56 INFO SparkContext: Added JAR file:///home/spark/.ivy2.5.2/jars/org.xerial.snappy_snappy-java-1.1.10.7.jar at spark://spark-master:33549/jars/org.xerial.snappy_snappy-java-1.1.10.7.jar with timestamp 1775980254713
[2026-04-12T07:50:56.066+0000] {subprocess.py:106} INFO - 26/04/12 07:50:56 INFO SparkContext: Added JAR file:///home/spark/.ivy2.5.2/jars/org.slf4j_slf4j-api-2.0.16.jar at spark://spark-master:33549/jars/org.slf4j_slf4j-api-2.0.16.jar with timestamp 1775980254713
[2026-04-12T07:50:56.066+0000] {subprocess.py:106} INFO - 26/04/12 07:50:56 INFO SparkContext: Added JAR file:///home/spark/.ivy2.5.2/jars/org.apache.hadoop_hadoop-client-api-3.4.1.jar at spark://spark-master:33549/jars/org.apache.hadoop_hadoop-client-api-3.4.1.jar with timestamp 1775980254713
[2026-04-12T07:50:56.070+0000] {subprocess.py:106} INFO - 26/04/12 07:50:56 INFO SparkContext: Added file file:///home/spark/.ivy2.5.2/jars/org.apache.spark_spark-sql-kafka-0-10_2.13-4.0.0.jar at file:///home/spark/.ivy2.5.2/jars/org.apache.spark_spark-sql-kafka-0-10_2.13-4.0.0.jar with timestamp 1775980254713
[2026-04-12T07:50:56.077+0000] {subprocess.py:106} INFO - 26/04/12 07:50:56 INFO Utils: Copying /home/spark/.ivy2.5.2/jars/org.apache.spark_spark-sql-kafka-0-10_2.13-4.0.0.jar to /tmp/spark-edd4669d-f51d-4f30-8157-61564dbdf8a3/userFiles-5ffb9b7d-9cb7-4030-b228-777bcf5da0a4/org.apache.spark_spark-sql-kafka-0-10_2.13-4.0.0.jar
[2026-04-12T07:50:56.106+0000] {subprocess.py:106} INFO - 26/04/12 07:50:56 INFO SparkContext: Added file file:///home/spark/.ivy2.5.2/jars/org.apache.iceberg_iceberg-spark-runtime-4.0_2.13-1.10.1.jar at file:///home/spark/.ivy2.5.2/jars/org.apache.iceberg_iceberg-spark-runtime-4.0_2.13-1.10.1.jar with timestamp 1775980254713
[2026-04-12T07:50:56.106+0000] {subprocess.py:106} INFO - 26/04/12 07:50:56 INFO Utils: Copying /home/spark/.ivy2.5.2/jars/org.apache.iceberg_iceberg-spark-runtime-4.0_2.13-1.10.1.jar to /tmp/spark-edd4669d-f51d-4f30-8157-61564dbdf8a3/userFiles-5ffb9b7d-9cb7-4030-b228-777bcf5da0a4/org.apache.iceberg_iceberg-spark-runtime-4.0_2.13-1.10.1.jar
[2026-04-12T07:50:56.412+0000] {subprocess.py:106} INFO - 26/04/12 07:50:56 INFO SparkContext: Added file file:///home/spark/.ivy2.5.2/jars/org.apache.spark_spark-token-provider-kafka-0-10_2.13-4.0.0.jar at file:///home/spark/.ivy2.5.2/jars/org.apache.spark_spark-token-provider-kafka-0-10_2.13-4.0.0.jar with timestamp 1775980254713
[2026-04-12T07:50:56.412+0000] {subprocess.py:106} INFO - 26/04/12 07:50:56 INFO Utils: Copying /home/spark/.ivy2.5.2/jars/org.apache.spark_spark-token-provider-kafka-0-10_2.13-4.0.0.jar to /tmp/spark-edd4669d-f51d-4f30-8157-61564dbdf8a3/userFiles-5ffb9b7d-9cb7-4030-b228-777bcf5da0a4/org.apache.spark_spark-token-provider-kafka-0-10_2.13-4.0.0.jar
[2026-04-12T07:50:56.418+0000] {subprocess.py:106} INFO - 26/04/12 07:50:56 INFO SparkContext: Added file file:///home/spark/.ivy2.5.2/jars/org.scala-lang.modules_scala-parallel-collections_2.13-1.2.0.jar at file:///home/spark/.ivy2.5.2/jars/org.scala-lang.modules_scala-parallel-collections_2.13-1.2.0.jar with timestamp 1775980254713
[2026-04-12T07:50:56.419+0000] {subprocess.py:106} INFO - 26/04/12 07:50:56 INFO Utils: Copying /home/spark/.ivy2.5.2/jars/org.scala-lang.modules_scala-parallel-collections_2.13-1.2.0.jar to /tmp/spark-edd4669d-f51d-4f30-8157-61564dbdf8a3/userFiles-5ffb9b7d-9cb7-4030-b228-777bcf5da0a4/org.scala-lang.modules_scala-parallel-collections_2.13-1.2.0.jar
[2026-04-12T07:50:56.427+0000] {subprocess.py:106} INFO - 26/04/12 07:50:56 INFO SparkContext: Added file file:///home/spark/.ivy2.5.2/jars/org.apache.kafka_kafka-clients-3.9.0.jar at file:///home/spark/.ivy2.5.2/jars/org.apache.kafka_kafka-clients-3.9.0.jar with timestamp 1775980254713
[2026-04-12T07:50:56.427+0000] {subprocess.py:106} INFO - 26/04/12 07:50:56 INFO Utils: Copying /home/spark/.ivy2.5.2/jars/org.apache.kafka_kafka-clients-3.9.0.jar to /tmp/spark-edd4669d-f51d-4f30-8157-61564dbdf8a3/userFiles-5ffb9b7d-9cb7-4030-b228-777bcf5da0a4/org.apache.kafka_kafka-clients-3.9.0.jar
[2026-04-12T07:50:56.491+0000] {subprocess.py:106} INFO - 26/04/12 07:50:56 INFO SparkContext: Added file file:///home/spark/.ivy2.5.2/jars/com.google.code.findbugs_jsr305-3.0.0.jar at file:///home/spark/.ivy2.5.2/jars/com.google.code.findbugs_jsr305-3.0.0.jar with timestamp 1775980254713
[2026-04-12T07:50:56.492+0000] {subprocess.py:106} INFO - 26/04/12 07:50:56 INFO Utils: Copying /home/spark/.ivy2.5.2/jars/com.google.code.findbugs_jsr305-3.0.0.jar to /tmp/spark-edd4669d-f51d-4f30-8157-61564dbdf8a3/userFiles-5ffb9b7d-9cb7-4030-b228-777bcf5da0a4/com.google.code.findbugs_jsr305-3.0.0.jar
[2026-04-12T07:50:56.496+0000] {subprocess.py:106} INFO - 26/04/12 07:50:56 INFO SparkContext: Added file file:///home/spark/.ivy2.5.2/jars/org.apache.commons_commons-pool2-2.12.0.jar at file:///home/spark/.ivy2.5.2/jars/org.apache.commons_commons-pool2-2.12.0.jar with timestamp 1775980254713
[2026-04-12T07:50:56.497+0000] {subprocess.py:106} INFO - 26/04/12 07:50:56 INFO Utils: Copying /home/spark/.ivy2.5.2/jars/org.apache.commons_commons-pool2-2.12.0.jar to /tmp/spark-edd4669d-f51d-4f30-8157-61564dbdf8a3/userFiles-5ffb9b7d-9cb7-4030-b228-777bcf5da0a4/org.apache.commons_commons-pool2-2.12.0.jar
[2026-04-12T07:50:56.503+0000] {subprocess.py:106} INFO - 26/04/12 07:50:56 INFO SparkContext: Added file file:///home/spark/.ivy2.5.2/jars/org.apache.hadoop_hadoop-client-runtime-3.4.1.jar at file:///home/spark/.ivy2.5.2/jars/org.apache.hadoop_hadoop-client-runtime-3.4.1.jar with timestamp 1775980254713
[2026-04-12T07:50:56.504+0000] {subprocess.py:106} INFO - 26/04/12 07:50:56 INFO Utils: Copying /home/spark/.ivy2.5.2/jars/org.apache.hadoop_hadoop-client-runtime-3.4.1.jar to /tmp/spark-edd4669d-f51d-4f30-8157-61564dbdf8a3/userFiles-5ffb9b7d-9cb7-4030-b228-777bcf5da0a4/org.apache.hadoop_hadoop-client-runtime-3.4.1.jar
[2026-04-12T07:50:56.716+0000] {subprocess.py:106} INFO - 26/04/12 07:50:56 INFO SparkContext: Added file file:///home/spark/.ivy2.5.2/jars/org.lz4_lz4-java-1.8.0.jar at file:///home/spark/.ivy2.5.2/jars/org.lz4_lz4-java-1.8.0.jar with timestamp 1775980254713
[2026-04-12T07:50:56.716+0000] {subprocess.py:106} INFO - 26/04/12 07:50:56 INFO Utils: Copying /home/spark/.ivy2.5.2/jars/org.lz4_lz4-java-1.8.0.jar to /tmp/spark-edd4669d-f51d-4f30-8157-61564dbdf8a3/userFiles-5ffb9b7d-9cb7-4030-b228-777bcf5da0a4/org.lz4_lz4-java-1.8.0.jar
[2026-04-12T07:50:56.725+0000] {subprocess.py:106} INFO - 26/04/12 07:50:56 INFO SparkContext: Added file file:///home/spark/.ivy2.5.2/jars/org.xerial.snappy_snappy-java-1.1.10.7.jar at file:///home/spark/.ivy2.5.2/jars/org.xerial.snappy_snappy-java-1.1.10.7.jar with timestamp 1775980254713
[2026-04-12T07:50:56.725+0000] {subprocess.py:106} INFO - 26/04/12 07:50:56 INFO Utils: Copying /home/spark/.ivy2.5.2/jars/org.xerial.snappy_snappy-java-1.1.10.7.jar to /tmp/spark-edd4669d-f51d-4f30-8157-61564dbdf8a3/userFiles-5ffb9b7d-9cb7-4030-b228-777bcf5da0a4/org.xerial.snappy_snappy-java-1.1.10.7.jar
[2026-04-12T07:50:56.741+0000] {subprocess.py:106} INFO - 26/04/12 07:50:56 INFO SparkContext: Added file file:///home/spark/.ivy2.5.2/jars/org.slf4j_slf4j-api-2.0.16.jar at file:///home/spark/.ivy2.5.2/jars/org.slf4j_slf4j-api-2.0.16.jar with timestamp 1775980254713
[2026-04-12T07:50:56.742+0000] {subprocess.py:106} INFO - 26/04/12 07:50:56 INFO Utils: Copying /home/spark/.ivy2.5.2/jars/org.slf4j_slf4j-api-2.0.16.jar to /tmp/spark-edd4669d-f51d-4f30-8157-61564dbdf8a3/userFiles-5ffb9b7d-9cb7-4030-b228-777bcf5da0a4/org.slf4j_slf4j-api-2.0.16.jar
[2026-04-12T07:50:56.747+0000] {subprocess.py:106} INFO - 26/04/12 07:50:56 INFO SparkContext: Added file file:///home/spark/.ivy2.5.2/jars/org.apache.hadoop_hadoop-client-api-3.4.1.jar at file:///home/spark/.ivy2.5.2/jars/org.apache.hadoop_hadoop-client-api-3.4.1.jar with timestamp 1775980254713
[2026-04-12T07:50:56.747+0000] {subprocess.py:106} INFO - 26/04/12 07:50:56 INFO Utils: Copying /home/spark/.ivy2.5.2/jars/org.apache.hadoop_hadoop-client-api-3.4.1.jar to /tmp/spark-edd4669d-f51d-4f30-8157-61564dbdf8a3/userFiles-5ffb9b7d-9cb7-4030-b228-777bcf5da0a4/org.apache.hadoop_hadoop-client-api-3.4.1.jar
[2026-04-12T07:50:56.816+0000] {subprocess.py:106} INFO - 26/04/12 07:50:56 INFO SecurityManager: Changing view acls to: spark
[2026-04-12T07:50:56.819+0000] {subprocess.py:106} INFO - 26/04/12 07:50:56 INFO SecurityManager: Changing modify acls to: spark
[2026-04-12T07:50:56.819+0000] {subprocess.py:106} INFO - 26/04/12 07:50:56 INFO SecurityManager: Changing view acls groups to: spark
[2026-04-12T07:50:56.820+0000] {subprocess.py:106} INFO - 26/04/12 07:50:56 INFO SecurityManager: Changing modify acls groups to: spark
[2026-04-12T07:50:56.820+0000] {subprocess.py:106} INFO - 26/04/12 07:50:56 INFO SecurityManager: SecurityManager: authentication disabled; ui acls disabled; users with view permissions: spark groups with view permissions: EMPTY; users with modify permissions: spark; groups with modify permissions: EMPTY; RPC SSL disabled
[2026-04-12T07:50:57.136+0000] {subprocess.py:106} INFO - 26/04/12 07:50:57 INFO Executor: Starting executor ID driver on host spark-master
[2026-04-12T07:50:57.137+0000] {subprocess.py:106} INFO - 26/04/12 07:50:57 INFO Executor: OS info Linux, 6.6.87.2-microsoft-standard-WSL2, amd64
[2026-04-12T07:50:57.137+0000] {subprocess.py:106} INFO - 26/04/12 07:50:57 INFO Executor: Java version 21.0.10
[2026-04-12T07:50:57.156+0000] {subprocess.py:106} INFO - 26/04/12 07:50:57 INFO Executor: Starting executor with user classpath (userClassPathFirst = false): ''
[2026-04-12T07:50:57.160+0000] {subprocess.py:106} INFO - 26/04/12 07:50:57 INFO Executor: Created or updated repl class loader org.apache.spark.util.MutableURLClassLoader@1d237ca1 for default.
[2026-04-12T07:50:57.175+0000] {subprocess.py:106} INFO - 26/04/12 07:50:57 INFO Executor: Fetching file:///home/spark/.ivy2.5.2/jars/org.lz4_lz4-java-1.8.0.jar with timestamp 1775980254713
[2026-04-12T07:50:57.200+0000] {subprocess.py:106} INFO - 26/04/12 07:50:57 INFO Utils: /home/spark/.ivy2.5.2/jars/org.lz4_lz4-java-1.8.0.jar has been previously copied to /tmp/spark-edd4669d-f51d-4f30-8157-61564dbdf8a3/userFiles-5ffb9b7d-9cb7-4030-b228-777bcf5da0a4/org.lz4_lz4-java-1.8.0.jar
[2026-04-12T07:50:57.205+0000] {subprocess.py:106} INFO - 26/04/12 07:50:57 INFO Executor: Fetching file:///home/spark/.ivy2.5.2/jars/org.scala-lang.modules_scala-parallel-collections_2.13-1.2.0.jar with timestamp 1775980254713
[2026-04-12T07:50:57.207+0000] {subprocess.py:106} INFO - 26/04/12 07:50:57 INFO Utils: /home/spark/.ivy2.5.2/jars/org.scala-lang.modules_scala-parallel-collections_2.13-1.2.0.jar has been previously copied to /tmp/spark-edd4669d-f51d-4f30-8157-61564dbdf8a3/userFiles-5ffb9b7d-9cb7-4030-b228-777bcf5da0a4/org.scala-lang.modules_scala-parallel-collections_2.13-1.2.0.jar
[2026-04-12T07:50:57.212+0000] {subprocess.py:106} INFO - 26/04/12 07:50:57 INFO Executor: Fetching file:///home/spark/.ivy2.5.2/jars/org.apache.kafka_kafka-clients-3.9.0.jar with timestamp 1775980254713
[2026-04-12T07:50:57.219+0000] {subprocess.py:106} INFO - 26/04/12 07:50:57 INFO Utils: /home/spark/.ivy2.5.2/jars/org.apache.kafka_kafka-clients-3.9.0.jar has been previously copied to /tmp/spark-edd4669d-f51d-4f30-8157-61564dbdf8a3/userFiles-5ffb9b7d-9cb7-4030-b228-777bcf5da0a4/org.apache.kafka_kafka-clients-3.9.0.jar
[2026-04-12T07:50:57.227+0000] {subprocess.py:106} INFO - 26/04/12 07:50:57 INFO Executor: Fetching file:///home/spark/.ivy2.5.2/jars/org.apache.spark_spark-sql-kafka-0-10_2.13-4.0.0.jar with timestamp 1775980254713
[2026-04-12T07:50:57.228+0000] {subprocess.py:106} INFO - 26/04/12 07:50:57 INFO Utils: /home/spark/.ivy2.5.2/jars/org.apache.spark_spark-sql-kafka-0-10_2.13-4.0.0.jar has been previously copied to /tmp/spark-edd4669d-f51d-4f30-8157-61564dbdf8a3/userFiles-5ffb9b7d-9cb7-4030-b228-777bcf5da0a4/org.apache.spark_spark-sql-kafka-0-10_2.13-4.0.0.jar
[2026-04-12T07:50:57.234+0000] {subprocess.py:106} INFO - 26/04/12 07:50:57 INFO Executor: Fetching file:///home/spark/.ivy2.5.2/jars/org.apache.hadoop_hadoop-client-api-3.4.1.jar with timestamp 1775980254713
[2026-04-12T07:50:57.249+0000] {subprocess.py:106} INFO - 26/04/12 07:50:57 INFO Utils: /home/spark/.ivy2.5.2/jars/org.apache.hadoop_hadoop-client-api-3.4.1.jar has been previously copied to /tmp/spark-edd4669d-f51d-4f30-8157-61564dbdf8a3/userFiles-5ffb9b7d-9cb7-4030-b228-777bcf5da0a4/org.apache.hadoop_hadoop-client-api-3.4.1.jar
[2026-04-12T07:50:57.253+0000] {subprocess.py:106} INFO - 26/04/12 07:50:57 INFO Executor: Fetching file:///home/spark/.ivy2.5.2/jars/org.apache.commons_commons-pool2-2.12.0.jar with timestamp 1775980254713
[2026-04-12T07:50:57.254+0000] {subprocess.py:106} INFO - 26/04/12 07:50:57 INFO Utils: /home/spark/.ivy2.5.2/jars/org.apache.commons_commons-pool2-2.12.0.jar has been previously copied to /tmp/spark-edd4669d-f51d-4f30-8157-61564dbdf8a3/userFiles-5ffb9b7d-9cb7-4030-b228-777bcf5da0a4/org.apache.commons_commons-pool2-2.12.0.jar
[2026-04-12T07:50:57.259+0000] {subprocess.py:106} INFO - 26/04/12 07:50:57 INFO Executor: Fetching file:///home/spark/.ivy2.5.2/jars/org.slf4j_slf4j-api-2.0.16.jar with timestamp 1775980254713
[2026-04-12T07:50:57.260+0000] {subprocess.py:106} INFO - 26/04/12 07:50:57 INFO Utils: /home/spark/.ivy2.5.2/jars/org.slf4j_slf4j-api-2.0.16.jar has been previously copied to /tmp/spark-edd4669d-f51d-4f30-8157-61564dbdf8a3/userFiles-5ffb9b7d-9cb7-4030-b228-777bcf5da0a4/org.slf4j_slf4j-api-2.0.16.jar
[2026-04-12T07:50:57.281+0000] {subprocess.py:106} INFO - 26/04/12 07:50:57 INFO Executor: Fetching file:///home/spark/.ivy2.5.2/jars/org.apache.iceberg_iceberg-spark-runtime-4.0_2.13-1.10.1.jar with timestamp 1775980254713
[2026-04-12T07:50:57.312+0000] {subprocess.py:106} INFO - 26/04/12 07:50:57 INFO Utils: /home/spark/.ivy2.5.2/jars/org.apache.iceberg_iceberg-spark-runtime-4.0_2.13-1.10.1.jar has been previously copied to /tmp/spark-edd4669d-f51d-4f30-8157-61564dbdf8a3/userFiles-5ffb9b7d-9cb7-4030-b228-777bcf5da0a4/org.apache.iceberg_iceberg-spark-runtime-4.0_2.13-1.10.1.jar
[2026-04-12T07:50:57.318+0000] {subprocess.py:106} INFO - 26/04/12 07:50:57 INFO Executor: Fetching file:///home/spark/.ivy2.5.2/jars/org.apache.hadoop_hadoop-client-runtime-3.4.1.jar with timestamp 1775980254713
[2026-04-12T07:50:57.337+0000] {subprocess.py:106} INFO - 26/04/12 07:50:57 INFO Utils: /home/spark/.ivy2.5.2/jars/org.apache.hadoop_hadoop-client-runtime-3.4.1.jar has been previously copied to /tmp/spark-edd4669d-f51d-4f30-8157-61564dbdf8a3/userFiles-5ffb9b7d-9cb7-4030-b228-777bcf5da0a4/org.apache.hadoop_hadoop-client-runtime-3.4.1.jar
[2026-04-12T07:50:57.342+0000] {subprocess.py:106} INFO - 26/04/12 07:50:57 INFO Executor: Fetching file:///home/spark/.ivy2.5.2/jars/org.apache.spark_spark-token-provider-kafka-0-10_2.13-4.0.0.jar with timestamp 1775980254713
[2026-04-12T07:50:57.343+0000] {subprocess.py:106} INFO - 26/04/12 07:50:57 INFO Utils: /home/spark/.ivy2.5.2/jars/org.apache.spark_spark-token-provider-kafka-0-10_2.13-4.0.0.jar has been previously copied to /tmp/spark-edd4669d-f51d-4f30-8157-61564dbdf8a3/userFiles-5ffb9b7d-9cb7-4030-b228-777bcf5da0a4/org.apache.spark_spark-token-provider-kafka-0-10_2.13-4.0.0.jar
[2026-04-12T07:50:57.348+0000] {subprocess.py:106} INFO - 26/04/12 07:50:57 INFO Executor: Fetching file:///home/spark/.ivy2.5.2/jars/com.google.code.findbugs_jsr305-3.0.0.jar with timestamp 1775980254713
[2026-04-12T07:50:57.348+0000] {subprocess.py:106} INFO - 26/04/12 07:50:57 INFO Utils: /home/spark/.ivy2.5.2/jars/com.google.code.findbugs_jsr305-3.0.0.jar has been previously copied to /tmp/spark-edd4669d-f51d-4f30-8157-61564dbdf8a3/userFiles-5ffb9b7d-9cb7-4030-b228-777bcf5da0a4/com.google.code.findbugs_jsr305-3.0.0.jar
[2026-04-12T07:50:57.354+0000] {subprocess.py:106} INFO - 26/04/12 07:50:57 INFO Executor: Fetching file:///home/spark/.ivy2.5.2/jars/org.xerial.snappy_snappy-java-1.1.10.7.jar with timestamp 1775980254713
[2026-04-12T07:50:57.357+0000] {subprocess.py:106} INFO - 26/04/12 07:50:57 INFO Utils: /home/spark/.ivy2.5.2/jars/org.xerial.snappy_snappy-java-1.1.10.7.jar has been previously copied to /tmp/spark-edd4669d-f51d-4f30-8157-61564dbdf8a3/userFiles-5ffb9b7d-9cb7-4030-b228-777bcf5da0a4/org.xerial.snappy_snappy-java-1.1.10.7.jar
[2026-04-12T07:50:57.366+0000] {subprocess.py:106} INFO - 26/04/12 07:50:57 INFO Executor: Fetching spark://spark-master:33549/jars/org.apache.spark_spark-sql-kafka-0-10_2.13-4.0.0.jar with timestamp 1775980254713
[2026-04-12T07:50:57.432+0000] {subprocess.py:106} INFO - 26/04/12 07:50:57 INFO TransportClientFactory: Successfully created connection to spark-master/172.20.0.5:33549 after 41 ms (0 ms spent in bootstraps)
[2026-04-12T07:50:57.443+0000] {subprocess.py:106} INFO - 26/04/12 07:50:57 INFO Utils: Fetching spark://spark-master:33549/jars/org.apache.spark_spark-sql-kafka-0-10_2.13-4.0.0.jar to /tmp/spark-edd4669d-f51d-4f30-8157-61564dbdf8a3/userFiles-5ffb9b7d-9cb7-4030-b228-777bcf5da0a4/fetchFileTemp8842806344080030660.tmp
[2026-04-12T07:50:57.476+0000] {subprocess.py:106} INFO - 26/04/12 07:50:57 INFO Utils: /tmp/spark-edd4669d-f51d-4f30-8157-61564dbdf8a3/userFiles-5ffb9b7d-9cb7-4030-b228-777bcf5da0a4/fetchFileTemp8842806344080030660.tmp has been previously copied to /tmp/spark-edd4669d-f51d-4f30-8157-61564dbdf8a3/userFiles-5ffb9b7d-9cb7-4030-b228-777bcf5da0a4/org.apache.spark_spark-sql-kafka-0-10_2.13-4.0.0.jar
[2026-04-12T07:50:57.487+0000] {subprocess.py:106} INFO - 26/04/12 07:50:57 INFO Executor: Adding file:/tmp/spark-edd4669d-f51d-4f30-8157-61564dbdf8a3/userFiles-5ffb9b7d-9cb7-4030-b228-777bcf5da0a4/org.apache.spark_spark-sql-kafka-0-10_2.13-4.0.0.jar to class loader default
[2026-04-12T07:50:57.488+0000] {subprocess.py:106} INFO - 26/04/12 07:50:57 INFO Executor: Fetching spark://spark-master:33549/jars/org.slf4j_slf4j-api-2.0.16.jar with timestamp 1775980254713
[2026-04-12T07:50:57.489+0000] {subprocess.py:106} INFO - 26/04/12 07:50:57 INFO Utils: Fetching spark://spark-master:33549/jars/org.slf4j_slf4j-api-2.0.16.jar to /tmp/spark-edd4669d-f51d-4f30-8157-61564dbdf8a3/userFiles-5ffb9b7d-9cb7-4030-b228-777bcf5da0a4/fetchFileTemp4326655515560147217.tmp
[2026-04-12T07:50:57.492+0000] {subprocess.py:106} INFO - 26/04/12 07:50:57 INFO Utils: /tmp/spark-edd4669d-f51d-4f30-8157-61564dbdf8a3/userFiles-5ffb9b7d-9cb7-4030-b228-777bcf5da0a4/fetchFileTemp4326655515560147217.tmp has been previously copied to /tmp/spark-edd4669d-f51d-4f30-8157-61564dbdf8a3/userFiles-5ffb9b7d-9cb7-4030-b228-777bcf5da0a4/org.slf4j_slf4j-api-2.0.16.jar
[2026-04-12T07:50:57.498+0000] {subprocess.py:106} INFO - 26/04/12 07:50:57 INFO Executor: Adding file:/tmp/spark-edd4669d-f51d-4f30-8157-61564dbdf8a3/userFiles-5ffb9b7d-9cb7-4030-b228-777bcf5da0a4/org.slf4j_slf4j-api-2.0.16.jar to class loader default
[2026-04-12T07:50:57.499+0000] {subprocess.py:106} INFO - 26/04/12 07:50:57 INFO Executor: Fetching spark://spark-master:33549/jars/org.scala-lang.modules_scala-parallel-collections_2.13-1.2.0.jar with timestamp 1775980254713
[2026-04-12T07:50:57.499+0000] {subprocess.py:106} INFO - 26/04/12 07:50:57 INFO Utils: Fetching spark://spark-master:33549/jars/org.scala-lang.modules_scala-parallel-collections_2.13-1.2.0.jar to /tmp/spark-edd4669d-f51d-4f30-8157-61564dbdf8a3/userFiles-5ffb9b7d-9cb7-4030-b228-777bcf5da0a4/fetchFileTemp11974000050277673012.tmp
[2026-04-12T07:50:57.513+0000] {subprocess.py:106} INFO - 26/04/12 07:50:57 INFO Utils: /tmp/spark-edd4669d-f51d-4f30-8157-61564dbdf8a3/userFiles-5ffb9b7d-9cb7-4030-b228-777bcf5da0a4/fetchFileTemp11974000050277673012.tmp has been previously copied to /tmp/spark-edd4669d-f51d-4f30-8157-61564dbdf8a3/userFiles-5ffb9b7d-9cb7-4030-b228-777bcf5da0a4/org.scala-lang.modules_scala-parallel-collections_2.13-1.2.0.jar
[2026-04-12T07:50:57.532+0000] {subprocess.py:106} INFO - 26/04/12 07:50:57 INFO Executor: Adding file:/tmp/spark-edd4669d-f51d-4f30-8157-61564dbdf8a3/userFiles-5ffb9b7d-9cb7-4030-b228-777bcf5da0a4/org.scala-lang.modules_scala-parallel-collections_2.13-1.2.0.jar to class loader default
[2026-04-12T07:50:57.532+0000] {subprocess.py:106} INFO - 26/04/12 07:50:57 INFO Executor: Fetching spark://spark-master:33549/jars/org.apache.spark_spark-token-provider-kafka-0-10_2.13-4.0.0.jar with timestamp 1775980254713
[2026-04-12T07:50:57.533+0000] {subprocess.py:106} INFO - 26/04/12 07:50:57 INFO Utils: Fetching spark://spark-master:33549/jars/org.apache.spark_spark-token-provider-kafka-0-10_2.13-4.0.0.jar to /tmp/spark-edd4669d-f51d-4f30-8157-61564dbdf8a3/userFiles-5ffb9b7d-9cb7-4030-b228-777bcf5da0a4/fetchFileTemp9068816132456599909.tmp
[2026-04-12T07:50:57.534+0000] {subprocess.py:106} INFO - 26/04/12 07:50:57 INFO Utils: /tmp/spark-edd4669d-f51d-4f30-8157-61564dbdf8a3/userFiles-5ffb9b7d-9cb7-4030-b228-777bcf5da0a4/fetchFileTemp9068816132456599909.tmp has been previously copied to /tmp/spark-edd4669d-f51d-4f30-8157-61564dbdf8a3/userFiles-5ffb9b7d-9cb7-4030-b228-777bcf5da0a4/org.apache.spark_spark-token-provider-kafka-0-10_2.13-4.0.0.jar
[2026-04-12T07:50:57.540+0000] {subprocess.py:106} INFO - 26/04/12 07:50:57 INFO Executor: Adding file:/tmp/spark-edd4669d-f51d-4f30-8157-61564dbdf8a3/userFiles-5ffb9b7d-9cb7-4030-b228-777bcf5da0a4/org.apache.spark_spark-token-provider-kafka-0-10_2.13-4.0.0.jar to class loader default
[2026-04-12T07:50:57.540+0000] {subprocess.py:106} INFO - 26/04/12 07:50:57 INFO Executor: Fetching spark://spark-master:33549/jars/com.google.code.findbugs_jsr305-3.0.0.jar with timestamp 1775980254713
[2026-04-12T07:50:57.541+0000] {subprocess.py:106} INFO - 26/04/12 07:50:57 INFO Utils: Fetching spark://spark-master:33549/jars/com.google.code.findbugs_jsr305-3.0.0.jar to /tmp/spark-edd4669d-f51d-4f30-8157-61564dbdf8a3/userFiles-5ffb9b7d-9cb7-4030-b228-777bcf5da0a4/fetchFileTemp3674132697245909131.tmp
[2026-04-12T07:50:57.544+0000] {subprocess.py:106} INFO - 26/04/12 07:50:57 INFO Utils: /tmp/spark-edd4669d-f51d-4f30-8157-61564dbdf8a3/userFiles-5ffb9b7d-9cb7-4030-b228-777bcf5da0a4/fetchFileTemp3674132697245909131.tmp has been previously copied to /tmp/spark-edd4669d-f51d-4f30-8157-61564dbdf8a3/userFiles-5ffb9b7d-9cb7-4030-b228-777bcf5da0a4/com.google.code.findbugs_jsr305-3.0.0.jar
[2026-04-12T07:50:57.548+0000] {subprocess.py:106} INFO - 26/04/12 07:50:57 INFO Executor: Adding file:/tmp/spark-edd4669d-f51d-4f30-8157-61564dbdf8a3/userFiles-5ffb9b7d-9cb7-4030-b228-777bcf5da0a4/com.google.code.findbugs_jsr305-3.0.0.jar to class loader default
[2026-04-12T07:50:57.549+0000] {subprocess.py:106} INFO - 26/04/12 07:50:57 INFO Executor: Fetching spark://spark-master:33549/jars/org.apache.hadoop_hadoop-client-runtime-3.4.1.jar with timestamp 1775980254713
[2026-04-12T07:50:57.550+0000] {subprocess.py:106} INFO - 26/04/12 07:50:57 INFO Utils: Fetching spark://spark-master:33549/jars/org.apache.hadoop_hadoop-client-runtime-3.4.1.jar to /tmp/spark-edd4669d-f51d-4f30-8157-61564dbdf8a3/userFiles-5ffb9b7d-9cb7-4030-b228-777bcf5da0a4/fetchFileTemp670536418612058924.tmp
[2026-04-12T07:50:57.760+0000] {subprocess.py:106} INFO - 26/04/12 07:50:57 INFO Utils: /tmp/spark-edd4669d-f51d-4f30-8157-61564dbdf8a3/userFiles-5ffb9b7d-9cb7-4030-b228-777bcf5da0a4/fetchFileTemp670536418612058924.tmp has been previously copied to /tmp/spark-edd4669d-f51d-4f30-8157-61564dbdf8a3/userFiles-5ffb9b7d-9cb7-4030-b228-777bcf5da0a4/org.apache.hadoop_hadoop-client-runtime-3.4.1.jar
[2026-04-12T07:50:58.389+0000] {subprocess.py:106} INFO - 26/04/12 07:50:58 INFO Executor: Adding file:/tmp/spark-edd4669d-f51d-4f30-8157-61564dbdf8a3/userFiles-5ffb9b7d-9cb7-4030-b228-777bcf5da0a4/org.apache.hadoop_hadoop-client-runtime-3.4.1.jar to class loader default
[2026-04-12T07:50:58.390+0000] {subprocess.py:106} INFO - 26/04/12 07:50:58 INFO Executor: Fetching spark://spark-master:33549/jars/org.apache.hadoop_hadoop-client-api-3.4.1.jar with timestamp 1775980254713
[2026-04-12T07:50:58.391+0000] {subprocess.py:106} INFO - 26/04/12 07:50:58 INFO Utils: Fetching spark://spark-master:33549/jars/org.apache.hadoop_hadoop-client-api-3.4.1.jar to /tmp/spark-edd4669d-f51d-4f30-8157-61564dbdf8a3/userFiles-5ffb9b7d-9cb7-4030-b228-777bcf5da0a4/fetchFileTemp7824145360920178178.tmp
[2026-04-12T07:50:58.483+0000] {subprocess.py:106} INFO - 26/04/12 07:50:58 INFO Utils: /tmp/spark-edd4669d-f51d-4f30-8157-61564dbdf8a3/userFiles-5ffb9b7d-9cb7-4030-b228-777bcf5da0a4/fetchFileTemp7824145360920178178.tmp has been previously copied to /tmp/spark-edd4669d-f51d-4f30-8157-61564dbdf8a3/userFiles-5ffb9b7d-9cb7-4030-b228-777bcf5da0a4/org.apache.hadoop_hadoop-client-api-3.4.1.jar
[2026-04-12T07:50:58.755+0000] {subprocess.py:106} INFO - 26/04/12 07:50:58 INFO Executor: Adding file:/tmp/spark-edd4669d-f51d-4f30-8157-61564dbdf8a3/userFiles-5ffb9b7d-9cb7-4030-b228-777bcf5da0a4/org.apache.hadoop_hadoop-client-api-3.4.1.jar to class loader default
[2026-04-12T07:50:58.756+0000] {subprocess.py:106} INFO - 26/04/12 07:50:58 INFO Executor: Fetching spark://spark-master:33549/jars/org.apache.iceberg_iceberg-spark-runtime-4.0_2.13-1.10.1.jar with timestamp 1775980254713
[2026-04-12T07:50:58.756+0000] {subprocess.py:106} INFO - 26/04/12 07:50:58 INFO Utils: Fetching spark://spark-master:33549/jars/org.apache.iceberg_iceberg-spark-runtime-4.0_2.13-1.10.1.jar to /tmp/spark-edd4669d-f51d-4f30-8157-61564dbdf8a3/userFiles-5ffb9b7d-9cb7-4030-b228-777bcf5da0a4/fetchFileTemp5444576948236930528.tmp
[2026-04-12T07:50:58.947+0000] {subprocess.py:106} INFO - 26/04/12 07:50:58 INFO Utils: /tmp/spark-edd4669d-f51d-4f30-8157-61564dbdf8a3/userFiles-5ffb9b7d-9cb7-4030-b228-777bcf5da0a4/fetchFileTemp5444576948236930528.tmp has been previously copied to /tmp/spark-edd4669d-f51d-4f30-8157-61564dbdf8a3/userFiles-5ffb9b7d-9cb7-4030-b228-777bcf5da0a4/org.apache.iceberg_iceberg-spark-runtime-4.0_2.13-1.10.1.jar
[2026-04-12T07:50:59.841+0000] {subprocess.py:106} INFO - 26/04/12 07:50:59 INFO Executor: Adding file:/tmp/spark-edd4669d-f51d-4f30-8157-61564dbdf8a3/userFiles-5ffb9b7d-9cb7-4030-b228-777bcf5da0a4/org.apache.iceberg_iceberg-spark-runtime-4.0_2.13-1.10.1.jar to class loader default
[2026-04-12T07:50:59.841+0000] {subprocess.py:106} INFO - 26/04/12 07:50:59 INFO Executor: Fetching spark://spark-master:33549/jars/org.apache.kafka_kafka-clients-3.9.0.jar with timestamp 1775980254713
[2026-04-12T07:50:59.842+0000] {subprocess.py:106} INFO - 26/04/12 07:50:59 INFO Utils: Fetching spark://spark-master:33549/jars/org.apache.kafka_kafka-clients-3.9.0.jar to /tmp/spark-edd4669d-f51d-4f30-8157-61564dbdf8a3/userFiles-5ffb9b7d-9cb7-4030-b228-777bcf5da0a4/fetchFileTemp7793950460855272463.tmp
[2026-04-12T07:50:59.904+0000] {subprocess.py:106} INFO - 26/04/12 07:50:59 INFO Utils: /tmp/spark-edd4669d-f51d-4f30-8157-61564dbdf8a3/userFiles-5ffb9b7d-9cb7-4030-b228-777bcf5da0a4/fetchFileTemp7793950460855272463.tmp has been previously copied to /tmp/spark-edd4669d-f51d-4f30-8157-61564dbdf8a3/userFiles-5ffb9b7d-9cb7-4030-b228-777bcf5da0a4/org.apache.kafka_kafka-clients-3.9.0.jar
[2026-04-12T07:51:00.115+0000] {subprocess.py:106} INFO - 26/04/12 07:51:00 INFO Executor: Adding file:/tmp/spark-edd4669d-f51d-4f30-8157-61564dbdf8a3/userFiles-5ffb9b7d-9cb7-4030-b228-777bcf5da0a4/org.apache.kafka_kafka-clients-3.9.0.jar to class loader default
[2026-04-12T07:51:00.116+0000] {subprocess.py:106} INFO - 26/04/12 07:51:00 INFO Executor: Fetching spark://spark-master:33549/jars/org.apache.commons_commons-pool2-2.12.0.jar with timestamp 1775980254713
[2026-04-12T07:51:00.116+0000] {subprocess.py:106} INFO - 26/04/12 07:51:00 INFO Utils: Fetching spark://spark-master:33549/jars/org.apache.commons_commons-pool2-2.12.0.jar to /tmp/spark-edd4669d-f51d-4f30-8157-61564dbdf8a3/userFiles-5ffb9b7d-9cb7-4030-b228-777bcf5da0a4/fetchFileTemp13535569350269242804.tmp
[2026-04-12T07:51:00.118+0000] {subprocess.py:106} INFO - 26/04/12 07:51:00 INFO Utils: /tmp/spark-edd4669d-f51d-4f30-8157-61564dbdf8a3/userFiles-5ffb9b7d-9cb7-4030-b228-777bcf5da0a4/fetchFileTemp13535569350269242804.tmp has been previously copied to /tmp/spark-edd4669d-f51d-4f30-8157-61564dbdf8a3/userFiles-5ffb9b7d-9cb7-4030-b228-777bcf5da0a4/org.apache.commons_commons-pool2-2.12.0.jar
[2026-04-12T07:51:00.125+0000] {subprocess.py:106} INFO - 26/04/12 07:51:00 INFO Executor: Adding file:/tmp/spark-edd4669d-f51d-4f30-8157-61564dbdf8a3/userFiles-5ffb9b7d-9cb7-4030-b228-777bcf5da0a4/org.apache.commons_commons-pool2-2.12.0.jar to class loader default
[2026-04-12T07:51:00.125+0000] {subprocess.py:106} INFO - 26/04/12 07:51:00 INFO Executor: Fetching spark://spark-master:33549/jars/org.xerial.snappy_snappy-java-1.1.10.7.jar with timestamp 1775980254713
[2026-04-12T07:51:00.126+0000] {subprocess.py:106} INFO - 26/04/12 07:51:00 INFO Utils: Fetching spark://spark-master:33549/jars/org.xerial.snappy_snappy-java-1.1.10.7.jar to /tmp/spark-edd4669d-f51d-4f30-8157-61564dbdf8a3/userFiles-5ffb9b7d-9cb7-4030-b228-777bcf5da0a4/fetchFileTemp4316456482203009239.tmp
[2026-04-12T07:51:00.135+0000] {subprocess.py:106} INFO - 26/04/12 07:51:00 INFO Utils: /tmp/spark-edd4669d-f51d-4f30-8157-61564dbdf8a3/userFiles-5ffb9b7d-9cb7-4030-b228-777bcf5da0a4/fetchFileTemp4316456482203009239.tmp has been previously copied to /tmp/spark-edd4669d-f51d-4f30-8157-61564dbdf8a3/userFiles-5ffb9b7d-9cb7-4030-b228-777bcf5da0a4/org.xerial.snappy_snappy-java-1.1.10.7.jar
[2026-04-12T07:51:00.169+0000] {subprocess.py:106} INFO - 26/04/12 07:51:00 INFO Executor: Adding file:/tmp/spark-edd4669d-f51d-4f30-8157-61564dbdf8a3/userFiles-5ffb9b7d-9cb7-4030-b228-777bcf5da0a4/org.xerial.snappy_snappy-java-1.1.10.7.jar to class loader default
[2026-04-12T07:51:00.169+0000] {subprocess.py:106} INFO - 26/04/12 07:51:00 INFO Executor: Fetching spark://spark-master:33549/jars/org.lz4_lz4-java-1.8.0.jar with timestamp 1775980254713
[2026-04-12T07:51:00.170+0000] {subprocess.py:106} INFO - 26/04/12 07:51:00 INFO Utils: Fetching spark://spark-master:33549/jars/org.lz4_lz4-java-1.8.0.jar to /tmp/spark-edd4669d-f51d-4f30-8157-61564dbdf8a3/userFiles-5ffb9b7d-9cb7-4030-b228-777bcf5da0a4/fetchFileTemp930198348959476121.tmp
[2026-04-12T07:51:00.172+0000] {subprocess.py:106} INFO - 26/04/12 07:51:00 INFO Utils: /tmp/spark-edd4669d-f51d-4f30-8157-61564dbdf8a3/userFiles-5ffb9b7d-9cb7-4030-b228-777bcf5da0a4/fetchFileTemp930198348959476121.tmp has been previously copied to /tmp/spark-edd4669d-f51d-4f30-8157-61564dbdf8a3/userFiles-5ffb9b7d-9cb7-4030-b228-777bcf5da0a4/org.lz4_lz4-java-1.8.0.jar
[2026-04-12T07:51:00.223+0000] {subprocess.py:106} INFO - 26/04/12 07:51:00 INFO Executor: Adding file:/tmp/spark-edd4669d-f51d-4f30-8157-61564dbdf8a3/userFiles-5ffb9b7d-9cb7-4030-b228-777bcf5da0a4/org.lz4_lz4-java-1.8.0.jar to class loader default
[2026-04-12T07:51:00.234+0000] {subprocess.py:106} INFO - 26/04/12 07:51:00 INFO Utils: Successfully started service 'org.apache.spark.network.netty.NettyBlockTransferService' on port 33109.
[2026-04-12T07:51:00.235+0000] {subprocess.py:106} INFO - 26/04/12 07:51:00 INFO NettyBlockTransferService: Server created on spark-master:33109
[2026-04-12T07:51:00.237+0000] {subprocess.py:106} INFO - 26/04/12 07:51:00 INFO BlockManager: Using org.apache.spark.storage.RandomBlockReplicationPolicy for block replication policy
[2026-04-12T07:51:00.255+0000] {subprocess.py:106} INFO - 26/04/12 07:51:00 INFO BlockManagerMaster: Registering BlockManager BlockManagerId(driver, spark-master, 33109, None)
[2026-04-12T07:51:00.260+0000] {subprocess.py:106} INFO - 26/04/12 07:51:00 INFO BlockManagerMasterEndpoint: Registering block manager spark-master:33109 with 1048.8 MiB RAM, BlockManagerId(driver, spark-master, 33109, None)
[2026-04-12T07:51:00.264+0000] {subprocess.py:106} INFO - 26/04/12 07:51:00 INFO BlockManagerMaster: Registered BlockManager BlockManagerId(driver, spark-master, 33109, None)
[2026-04-12T07:51:00.265+0000] {subprocess.py:106} INFO - 26/04/12 07:51:00 INFO BlockManager: Initialized BlockManager: BlockManagerId(driver, spark-master, 33109, None)
[2026-04-12T07:51:03.785+0000] {subprocess.py:106} INFO - Spark + Iceberg ready!
[2026-04-12T07:51:03.811+0000] {subprocess.py:106} INFO - 26/04/12 07:51:03 INFO SharedState: spark.sql.warehouse.dir is not set, but hive.metastore.warehouse.dir is set. Setting spark.sql.warehouse.dir to the value of hive.metastore.warehouse.dir.
[2026-04-12T07:51:04.295+0000] {subprocess.py:106} INFO - 26/04/12 07:51:04 INFO SharedState: Warehouse path is 'hdfs://23133083thuyvan-master:9000/user/hive/warehouse'.
[2026-04-12T07:51:05.384+0000] {subprocess.py:106} INFO - 26/04/12 07:51:05 INFO CatalogUtil: Loading custom FileIO implementation: org.apache.iceberg.hadoop.HadoopFileIO
[2026-04-12T07:51:06.558+0000] {subprocess.py:106} INFO - 26/04/12 07:51:06 INFO HiveConf: Found configuration file file:/home/spark/spark/conf/hive-site.xml
[2026-04-12T07:51:06.905+0000] {subprocess.py:106} INFO - 26/04/12 07:51:06 INFO metastore: Trying to connect to metastore with URI thrift://23133083thuyvan-master:9083
[2026-04-12T07:51:06.950+0000] {subprocess.py:106} INFO - 26/04/12 07:51:06 INFO metastore: Opened a connection to metastore, current connections: 1
[2026-04-12T07:51:06.991+0000] {subprocess.py:106} INFO - 26/04/12 07:51:06 INFO metastore: Connected to metastore.
[2026-04-12T07:51:07.406+0000] {subprocess.py:106} INFO - 26/04/12 07:51:07 WARN SparkStringUtils: Truncated the string representation of a plan since it was too large. This behavior can be adjusted by setting 'spark.sql.debug.maxToStringFields'.
[2026-04-12T07:51:07.494+0000] {subprocess.py:106} INFO - 26/04/12 07:51:07 INFO BaseMetastoreTableOperations: Refreshing table metadata from new version: hdfs://23133083thuyvan-master:9000/user/hive/lakehouse/air_quality_db.db/air_quality_silver/metadata/00043-8be3ca16-fd81-4f8b-b5e0-23ba42de550c.metadata.json
[2026-04-12T07:51:08.042+0000] {subprocess.py:106} INFO - 26/04/12 07:51:08 INFO BaseMetastoreCatalog: Table loaded by catalog: iceberg.air_quality_db.air_quality_silver
[2026-04-12T07:51:08.050+0000] {subprocess.py:106} INFO - Iceberg table 'weather_real_time' ready!
[2026-04-12T07:51:09.073+0000] {subprocess.py:106} INFO - 26/04/12 07:51:09 INFO StateStoreCoordinatorRef: Registered StateStoreCoordinator endpoint
[2026-04-12T07:51:09.169+0000] {subprocess.py:106} INFO - 26/04/12 07:51:09 INFO ResolveWriteToStream: Checkpoint root hdfs://23133083thuyvan-master:9000/user/hive/checkpoints/air_quality_realtime resolved to hdfs://23133083thuyvan-master:9000/user/hive/checkpoints/air_quality_realtime.
[2026-04-12T07:51:09.170+0000] {subprocess.py:106} INFO - 26/04/12 07:51:09 WARN ResolveWriteToStream: spark.sql.adaptive.enabled is not supported in streaming DataFrames/Datasets and will be disabled.
[2026-04-12T07:51:09.411+0000] {subprocess.py:106} INFO - 26/04/12 07:51:09 INFO MicroBatchExecution: Starting [id = eeb4d236-98c7-4533-ae22-8a761d90522f, runId = 97d30c81-eaf7-40cc-82fd-8bef537c7cc0]. Use hdfs://23133083thuyvan-master:9000/user/hive/checkpoints/air_quality_realtime to store the query checkpoint.
[2026-04-12T07:51:09.428+0000] {subprocess.py:106} INFO - Streaming job started! Listening to 'weather-topic'...
[2026-04-12T07:51:09.441+0000] {subprocess.py:106} INFO - 26/04/12 07:51:09 INFO MicroBatchExecution: Reading table [org.apache.spark.sql.kafka010.KafkaSourceProvider$KafkaTable@47dd1868] from DataSourceV2 named 'kafka' [org.apache.spark.sql.kafka010.KafkaSourceProvider@730cc80d]
[2026-04-12T07:51:09.597+0000] {subprocess.py:106} INFO - 26/04/12 07:51:09 INFO MicroBatchExecution: Finish initializing with logical plan:
[2026-04-12T07:51:09.599+0000] {subprocess.py:106} INFO - ~WriteToMicroBatchDataSourceV1 ForeachBatchSink, eeb4d236-98c7-4533-ae22-8a761d90522f, [checkpointLocation=hdfs://23133083thuyvan-master:9000/user/hive/checkpoints/air_quality_realtime], Append
[2026-04-12T07:51:09.602+0000] {subprocess.py:106} INFO - +- ~Project [timestamp#40, location#17, latitude#18, longitude#19, timezone#20, temperature_2m#21, relative_humidity_2m#22, apparent_temperature#23, precipitation#24, cloud_cover#25, wind_speed_10m#26, wind_direction_10m#27, wind_gusts_10m#28, uv_index#29, weather_code#30, european_aqi#31, us_aqi#32, pm10#33, pm2_5#34, carbon_monoxide#35, nitrogen_dioxide#36, sulphur_dioxide#37, ozone#38, processing_time#39, open-meteo AS data_source#41]
[2026-04-12T07:51:09.603+0000] {subprocess.py:106} INFO -    +- ~Project [to_timestamp(timestamp#16, None, TimestampType, Some(GMT), true) AS timestamp#40, location#17, latitude#18, longitude#19, timezone#20, temperature_2m#21, relative_humidity_2m#22, apparent_temperature#23, precipitation#24, cloud_cover#25, wind_speed_10m#26, wind_direction_10m#27, wind_gusts_10m#28, uv_index#29, weather_code#30, european_aqi#31, us_aqi#32, pm10#33, pm2_5#34, carbon_monoxide#35, nitrogen_dioxide#36, sulphur_dioxide#37, ozone#38, processing_time#39]
[2026-04-12T07:51:09.607+0000] {subprocess.py:106} INFO -       +- ~Project [timestamp#16, location#17, latitude#18, longitude#19, timezone#20, temperature_2m#21, relative_humidity_2m#22, apparent_temperature#23, precipitation#24, cloud_cover#25, wind_speed_10m#26, wind_direction_10m#27, wind_gusts_10m#28, uv_index#29, weather_code#30, european_aqi#31, us_aqi#32, pm10#33, pm2_5#34, carbon_monoxide#35, nitrogen_dioxide#36, sulphur_dioxide#37, ozone#38, current_timestamp() AS processing_time#39]
[2026-04-12T07:51:09.608+0000] {subprocess.py:106} INFO -          +- ~Project [data#15.timestamp AS timestamp#16, data#15.location AS location#17, data#15.latitude AS latitude#18, data#15.longitude AS longitude#19, data#15.timezone AS timezone#20, data#15.temperature_2m AS temperature_2m#21, data#15.relative_humidity_2m AS relative_humidity_2m#22, data#15.apparent_temperature AS apparent_temperature#23, data#15.precipitation AS precipitation#24, data#15.cloud_cover AS cloud_cover#25, data#15.wind_speed_10m AS wind_speed_10m#26, data#15.wind_direction_10m AS wind_direction_10m#27, data#15.wind_gusts_10m AS wind_gusts_10m#28, data#15.uv_index AS uv_index#29, data#15.weather_code AS weather_code#30, data#15.european_aqi AS european_aqi#31, data#15.us_aqi AS us_aqi#32, data#15.pm10 AS pm10#33, data#15.pm2_5 AS pm2_5#34, data#15.carbon_monoxide AS carbon_monoxide#35, data#15.nitrogen_dioxide AS nitrogen_dioxide#36, data#15.sulphur_dioxide AS sulphur_dioxide#37, data#15.ozone AS ozone#38]
[2026-04-12T07:51:09.618+0000] {subprocess.py:106} INFO -             +- ~Project [from_json(StructField(timestamp,StringType,true), StructField(location,StringType,true), StructField(latitude,DoubleType,true), StructField(longitude,DoubleType,true), StructField(timezone,StringType,true), StructField(temperature_2m,DoubleType,true), StructField(relative_humidity_2m,DoubleType,true), StructField(apparent_temperature,DoubleType,true), StructField(precipitation,DoubleType,true), StructField(cloud_cover,DoubleType,true), StructField(wind_speed_10m,DoubleType,true), StructField(wind_direction_10m,DoubleType,true), StructField(wind_gusts_10m,DoubleType,true), StructField(uv_index,DoubleType,true), StructField(weather_code,IntegerType,true), StructField(european_aqi,IntegerType,true), StructField(us_aqi,IntegerType,true), StructField(pm10,DoubleType,true), StructField(pm2_5,DoubleType,true), StructField(carbon_monoxide,DoubleType,true), StructField(nitrogen_dioxide,DoubleType,true), StructField(sulphur_dioxide,DoubleType,true), StructField(ozone,DoubleType,true), json#14, Some(GMT), ... 1 more fields) AS data#15]
[2026-04-12T07:51:09.631+0000] {subprocess.py:106} INFO -                +- ~Project [cast(value#8 as string) AS json#14]
[2026-04-12T07:51:09.637+0000] {subprocess.py:106} INFO -                   +- ~StreamingDataSourceV2ScanRelation[key#7, value#8, topic#9, partition#10, offset#11L, timestamp#12, timestampType#13] KafkaTable
[2026-04-12T07:51:09.638+0000] {subprocess.py:106} INFO - 
[2026-04-12T07:51:09.654+0000] {subprocess.py:106} INFO - 26/04/12 07:51:09 INFO OffsetSeqLog: BatchIds found from listing: 0, 1, 2, 8, 9, 10, 11, 12, 13, 14, 15, 16, 17, 18, 19, 20, 21, 22, 23, 24, 25, 26, 27, 28, 29, 30, 31, 32, 33, 34
[2026-04-12T07:51:09.712+0000] {subprocess.py:106} INFO - 26/04/12 07:51:09 INFO OffsetSeqLog: Getting latest batch 34
[2026-04-12T07:51:09.795+0000] {subprocess.py:106} INFO - 26/04/12 07:51:09 INFO OffsetSeqLog: BatchIds found from listing: 0, 1, 2, 8, 9, 10, 11, 12, 13, 14, 15, 16, 17, 18, 19, 20, 21, 22, 23, 24, 25, 26, 27, 28, 29, 30, 31, 32, 33, 34
[2026-04-12T07:51:09.800+0000] {subprocess.py:106} INFO - 26/04/12 07:51:09 INFO OffsetSeqLog: Getting latest batch 34
[2026-04-12T07:51:09.846+0000] {subprocess.py:106} INFO - 26/04/12 07:51:09 INFO CommitLog: BatchIds found from listing: 0, 1, 8, 9, 10, 11, 12, 13, 14, 15, 16, 17, 18, 19, 20, 21, 22, 23, 24, 25, 26, 27, 28, 29, 30, 31, 32, 33, 34
[2026-04-12T07:51:09.847+0000] {subprocess.py:106} INFO - 26/04/12 07:51:09 INFO CommitLog: Getting latest batch 34
[2026-04-12T07:51:10.188+0000] {subprocess.py:106} INFO - 26/04/12 07:51:10 INFO MicroBatchExecution: Resuming at batch 35 with committed offsets {KafkaV2[Subscribe[weather-topic]]: {"weather-topic":{"0":313,"1":298,"2":309}}} and available offsets {KafkaV2[Subscribe[weather-topic]]: {"weather-topic":{"0":313,"1":298,"2":309}}}
[2026-04-12T07:51:10.195+0000] {subprocess.py:106} INFO - 26/04/12 07:51:10 INFO MicroBatchExecution: Stream started from {KafkaV2[Subscribe[weather-topic]]: {"weather-topic":{"0":313,"1":298,"2":309}}}
[2026-04-12T07:51:10.345+0000] {subprocess.py:106} INFO - 26/04/12 07:51:10 INFO AdminClientConfig: AdminClientConfig values:
[2026-04-12T07:51:10.346+0000] {subprocess.py:106} INFO - 	auto.include.jmx.reporter = true
[2026-04-12T07:51:10.351+0000] {subprocess.py:106} INFO - 	bootstrap.controllers = []
[2026-04-12T07:51:10.352+0000] {subprocess.py:106} INFO - 	bootstrap.servers = [kafka:9092]
[2026-04-12T07:51:10.352+0000] {subprocess.py:106} INFO - 	client.dns.lookup = use_all_dns_ips
[2026-04-12T07:51:10.353+0000] {subprocess.py:106} INFO - 	client.id =
[2026-04-12T07:51:10.353+0000] {subprocess.py:106} INFO - 	connections.max.idle.ms = 300000
[2026-04-12T07:51:10.354+0000] {subprocess.py:106} INFO - 	default.api.timeout.ms = 60000
[2026-04-12T07:51:10.354+0000] {subprocess.py:106} INFO - 	enable.metrics.push = true
[2026-04-12T07:51:10.354+0000] {subprocess.py:106} INFO - 	metadata.max.age.ms = 300000
[2026-04-12T07:51:10.355+0000] {subprocess.py:106} INFO - 	metadata.recovery.strategy = none
[2026-04-12T07:51:10.355+0000] {subprocess.py:106} INFO - 	metric.reporters = []
[2026-04-12T07:51:10.355+0000] {subprocess.py:106} INFO - 	metrics.num.samples = 2
[2026-04-12T07:51:10.356+0000] {subprocess.py:106} INFO - 	metrics.recording.level = INFO
[2026-04-12T07:51:10.356+0000] {subprocess.py:106} INFO - 	metrics.sample.window.ms = 30000
[2026-04-12T07:51:10.356+0000] {subprocess.py:106} INFO - 	receive.buffer.bytes = 65536
[2026-04-12T07:51:10.358+0000] {subprocess.py:106} INFO - 	reconnect.backoff.max.ms = 1000
[2026-04-12T07:51:10.359+0000] {subprocess.py:106} INFO - 	reconnect.backoff.ms = 50
[2026-04-12T07:51:10.360+0000] {subprocess.py:106} INFO - 	request.timeout.ms = 30000
[2026-04-12T07:51:10.360+0000] {subprocess.py:106} INFO - 	retries = 2147483647
[2026-04-12T07:51:10.361+0000] {subprocess.py:106} INFO - 	retry.backoff.max.ms = 1000
[2026-04-12T07:51:10.361+0000] {subprocess.py:106} INFO - 	retry.backoff.ms = 100
[2026-04-12T07:51:10.362+0000] {subprocess.py:106} INFO - 	sasl.client.callback.handler.class = null
[2026-04-12T07:51:10.362+0000] {subprocess.py:106} INFO - 	sasl.jaas.config = null
[2026-04-12T07:51:10.363+0000] {subprocess.py:106} INFO - 	sasl.kerberos.kinit.cmd = /usr/bin/kinit
[2026-04-12T07:51:10.363+0000] {subprocess.py:106} INFO - 	sasl.kerberos.min.time.before.relogin = 60000
[2026-04-12T07:51:10.363+0000] {subprocess.py:106} INFO - 	sasl.kerberos.service.name = null
[2026-04-12T07:51:10.364+0000] {subprocess.py:106} INFO - 	sasl.kerberos.ticket.renew.jitter = 0.05
[2026-04-12T07:51:10.365+0000] {subprocess.py:106} INFO - 	sasl.kerberos.ticket.renew.window.factor = 0.8
[2026-04-12T07:51:10.365+0000] {subprocess.py:106} INFO - 	sasl.login.callback.handler.class = null
[2026-04-12T07:51:10.366+0000] {subprocess.py:106} INFO - 	sasl.login.class = null
[2026-04-12T07:51:10.367+0000] {subprocess.py:106} INFO - 	sasl.login.connect.timeout.ms = null
[2026-04-12T07:51:10.367+0000] {subprocess.py:106} INFO - 	sasl.login.read.timeout.ms = null
[2026-04-12T07:51:10.367+0000] {subprocess.py:106} INFO - 	sasl.login.refresh.buffer.seconds = 300
[2026-04-12T07:51:10.368+0000] {subprocess.py:106} INFO - 	sasl.login.refresh.min.period.seconds = 60
[2026-04-12T07:51:10.368+0000] {subprocess.py:106} INFO - 	sasl.login.refresh.window.factor = 0.8
[2026-04-12T07:51:10.369+0000] {subprocess.py:106} INFO - 	sasl.login.refresh.window.jitter = 0.05
[2026-04-12T07:51:10.369+0000] {subprocess.py:106} INFO - 	sasl.login.retry.backoff.max.ms = 10000
[2026-04-12T07:51:10.369+0000] {subprocess.py:106} INFO - 	sasl.login.retry.backoff.ms = 100
[2026-04-12T07:51:10.370+0000] {subprocess.py:106} INFO - 	sasl.mechanism = GSSAPI
[2026-04-12T07:51:10.370+0000] {subprocess.py:106} INFO - 	sasl.oauthbearer.clock.skew.seconds = 30
[2026-04-12T07:51:10.370+0000] {subprocess.py:106} INFO - 	sasl.oauthbearer.expected.audience = null
[2026-04-12T07:51:10.371+0000] {subprocess.py:106} INFO - 	sasl.oauthbearer.expected.issuer = null
[2026-04-12T07:51:10.372+0000] {subprocess.py:106} INFO - 	sasl.oauthbearer.header.urlencode = false
[2026-04-12T07:51:10.372+0000] {subprocess.py:106} INFO - 	sasl.oauthbearer.jwks.endpoint.refresh.ms = 3600000
[2026-04-12T07:51:10.373+0000] {subprocess.py:106} INFO - 	sasl.oauthbearer.jwks.endpoint.retry.backoff.max.ms = 10000
[2026-04-12T07:51:10.374+0000] {subprocess.py:106} INFO - 	sasl.oauthbearer.jwks.endpoint.retry.backoff.ms = 100
[2026-04-12T07:51:10.374+0000] {subprocess.py:106} INFO - 	sasl.oauthbearer.jwks.endpoint.url = null
[2026-04-12T07:51:10.375+0000] {subprocess.py:106} INFO - 	sasl.oauthbearer.scope.claim.name = scope
[2026-04-12T07:51:10.375+0000] {subprocess.py:106} INFO - 	sasl.oauthbearer.sub.claim.name = sub
[2026-04-12T07:51:10.376+0000] {subprocess.py:106} INFO - 	sasl.oauthbearer.token.endpoint.url = null
[2026-04-12T07:51:10.376+0000] {subprocess.py:106} INFO - 	security.protocol = PLAINTEXT
[2026-04-12T07:51:10.377+0000] {subprocess.py:106} INFO - 	security.providers = null
[2026-04-12T07:51:10.377+0000] {subprocess.py:106} INFO - 	send.buffer.bytes = 131072
[2026-04-12T07:51:10.377+0000] {subprocess.py:106} INFO - 	socket.connection.setup.timeout.max.ms = 30000
[2026-04-12T07:51:10.379+0000] {subprocess.py:106} INFO - 	socket.connection.setup.timeout.ms = 10000
[2026-04-12T07:51:10.380+0000] {subprocess.py:106} INFO - 	ssl.cipher.suites = null
[2026-04-12T07:51:10.380+0000] {subprocess.py:106} INFO - 	ssl.enabled.protocols = [TLSv1.2, TLSv1.3]
[2026-04-12T07:51:10.381+0000] {subprocess.py:106} INFO - 	ssl.endpoint.identification.algorithm = https
[2026-04-12T07:51:10.381+0000] {subprocess.py:106} INFO - 	ssl.engine.factory.class = null
[2026-04-12T07:51:10.381+0000] {subprocess.py:106} INFO - 	ssl.key.password = null
[2026-04-12T07:51:10.382+0000] {subprocess.py:106} INFO - 	ssl.keymanager.algorithm = SunX509
[2026-04-12T07:51:10.382+0000] {subprocess.py:106} INFO - 	ssl.keystore.certificate.chain = null
[2026-04-12T07:51:10.383+0000] {subprocess.py:106} INFO - 	ssl.keystore.key = null
[2026-04-12T07:51:10.383+0000] {subprocess.py:106} INFO - 	ssl.keystore.location = null
[2026-04-12T07:51:10.383+0000] {subprocess.py:106} INFO - 	ssl.keystore.password = null
[2026-04-12T07:51:10.384+0000] {subprocess.py:106} INFO - 	ssl.keystore.type = JKS
[2026-04-12T07:51:10.384+0000] {subprocess.py:106} INFO - 	ssl.protocol = TLSv1.3
[2026-04-12T07:51:10.385+0000] {subprocess.py:106} INFO - 	ssl.provider = null
[2026-04-12T07:51:10.386+0000] {subprocess.py:106} INFO - 	ssl.secure.random.implementation = null
[2026-04-12T07:51:10.386+0000] {subprocess.py:106} INFO - 	ssl.trustmanager.algorithm = PKIX
[2026-04-12T07:51:10.387+0000] {subprocess.py:106} INFO - 	ssl.truststore.certificates = null
[2026-04-12T07:51:10.387+0000] {subprocess.py:106} INFO - 	ssl.truststore.location = null
[2026-04-12T07:51:10.388+0000] {subprocess.py:106} INFO - 	ssl.truststore.password = null
[2026-04-12T07:51:10.388+0000] {subprocess.py:106} INFO - 	ssl.truststore.type = JKS
[2026-04-12T07:51:10.388+0000] {subprocess.py:106} INFO - 
[2026-04-12T07:51:10.495+0000] {subprocess.py:106} INFO - 26/04/12 07:51:10 INFO AdminClientConfig: These configurations '[key.deserializer, value.deserializer, enable.auto.commit, max.poll.records, auto.offset.reset]' were supplied but are not used yet.
[2026-04-12T07:51:10.499+0000] {subprocess.py:106} INFO - 26/04/12 07:51:10 INFO AppInfoParser: Kafka version: 3.9.0
[2026-04-12T07:51:10.500+0000] {subprocess.py:106} INFO - 26/04/12 07:51:10 INFO AppInfoParser: Kafka commitId: 84caaa6e9da06435
[2026-04-12T07:51:10.500+0000] {subprocess.py:106} INFO - 26/04/12 07:51:10 INFO AppInfoParser: Kafka startTimeMs: 1775980270494
[2026-04-12T07:51:11.229+0000] {subprocess.py:106} INFO - 26/04/12 07:51:11 INFO MicroBatchExecutionContext: Extracting source progress metrics for source=KafkaV2[Subscribe[weather-topic]] took duration_ms=5
[2026-04-12T07:51:11.233+0000] {subprocess.py:106} INFO - 26/04/12 07:51:11 INFO MicroBatchExecutionContext: Extracting sink progress metrics for sink=ForeachBatchSink took duration_ms=1
[2026-04-12T07:51:30.011+0000] {subprocess.py:106} INFO - 26/04/12 07:51:30 INFO MicroBatchExecutionContext: Extracting source progress metrics for source=KafkaV2[Subscribe[weather-topic]] took duration_ms=0
[2026-04-12T07:51:30.011+0000] {subprocess.py:106} INFO - 26/04/12 07:51:30 INFO MicroBatchExecutionContext: Extracting sink progress metrics for sink=ForeachBatchSink took duration_ms=0
[2026-04-12T07:51:30.014+0000] {subprocess.py:106} INFO - 26/04/12 07:51:30 INFO ProgressReporter: Streaming query has been idle and waiting for new data more than 10000 ms.
[2026-04-12T07:52:00.015+0000] {subprocess.py:106} INFO - 26/04/12 07:52:00 INFO MicroBatchExecutionContext: Extracting source progress metrics for source=KafkaV2[Subscribe[weather-topic]] took duration_ms=0
[2026-04-12T07:52:00.016+0000] {subprocess.py:106} INFO - 26/04/12 07:52:00 INFO MicroBatchExecutionContext: Extracting sink progress metrics for sink=ForeachBatchSink took duration_ms=0
[2026-04-12T07:52:00.017+0000] {subprocess.py:106} INFO - 26/04/12 07:52:00 INFO ProgressReporter: Streaming query has been idle and waiting for new data more than 10000 ms.
[2026-04-12T07:52:30.012+0000] {subprocess.py:106} INFO - 26/04/12 07:52:30 INFO MicroBatchExecutionContext: Extracting source progress metrics for source=KafkaV2[Subscribe[weather-topic]] took duration_ms=0
[2026-04-12T07:52:30.012+0000] {subprocess.py:106} INFO - 26/04/12 07:52:30 INFO MicroBatchExecutionContext: Extracting sink progress metrics for sink=ForeachBatchSink took duration_ms=0
[2026-04-12T07:52:30.013+0000] {subprocess.py:106} INFO - 26/04/12 07:52:30 INFO ProgressReporter: Streaming query has been idle and waiting for new data more than 10000 ms.
[2026-04-12T07:53:00.009+0000] {subprocess.py:106} INFO - 26/04/12 07:53:00 INFO MicroBatchExecutionContext: Extracting source progress metrics for source=KafkaV2[Subscribe[weather-topic]] took duration_ms=0
[2026-04-12T07:53:00.010+0000] {subprocess.py:106} INFO - 26/04/12 07:53:00 INFO MicroBatchExecutionContext: Extracting sink progress metrics for sink=ForeachBatchSink took duration_ms=0
[2026-04-12T07:53:00.010+0000] {subprocess.py:106} INFO - 26/04/12 07:53:00 INFO ProgressReporter: Streaming query has been idle and waiting for new data more than 10000 ms.
[2026-04-12T07:53:30.008+0000] {subprocess.py:106} INFO - 26/04/12 07:53:30 INFO MicroBatchExecutionContext: Extracting source progress metrics for source=KafkaV2[Subscribe[weather-topic]] took duration_ms=0
[2026-04-12T07:53:30.009+0000] {subprocess.py:106} INFO - 26/04/12 07:53:30 INFO MicroBatchExecutionContext: Extracting sink progress metrics for sink=ForeachBatchSink took duration_ms=0
[2026-04-12T07:53:30.009+0000] {subprocess.py:106} INFO - 26/04/12 07:53:30 INFO ProgressReporter: Streaming query has been idle and waiting for new data more than 10000 ms.
[2026-04-12T07:54:00.012+0000] {subprocess.py:106} INFO - 26/04/12 07:54:00 INFO MicroBatchExecutionContext: Extracting source progress metrics for source=KafkaV2[Subscribe[weather-topic]] took duration_ms=0
[2026-04-12T07:54:00.013+0000] {subprocess.py:106} INFO - 26/04/12 07:54:00 INFO MicroBatchExecutionContext: Extracting sink progress metrics for sink=ForeachBatchSink took duration_ms=0
[2026-04-12T07:54:00.014+0000] {subprocess.py:106} INFO - 26/04/12 07:54:00 INFO ProgressReporter: Streaming query has been idle and waiting for new data more than 10000 ms.
[2026-04-12T07:54:30.013+0000] {subprocess.py:106} INFO - 26/04/12 07:54:30 INFO MicroBatchExecutionContext: Extracting source progress metrics for source=KafkaV2[Subscribe[weather-topic]] took duration_ms=0
[2026-04-12T07:54:30.013+0000] {subprocess.py:106} INFO - 26/04/12 07:54:30 INFO MicroBatchExecutionContext: Extracting sink progress metrics for sink=ForeachBatchSink took duration_ms=0
[2026-04-12T07:54:30.014+0000] {subprocess.py:106} INFO - 26/04/12 07:54:30 INFO ProgressReporter: Streaming query has been idle and waiting for new data more than 10000 ms.
[2026-04-12T07:54:33.032+0000] {local_task_job_runner.py:346} WARNING - State of this instance has been externally set to None. Terminating instance.
[2026-04-12T07:54:33.033+0000] {local_task_job_runner.py:245} INFO - ::endgroup::
[2026-04-12T07:54:33.035+0000] {process_utils.py:132} INFO - Sending 15 to group 271814. PIDs of all processes in the group: [271826, 271814]
[2026-04-12T07:54:33.035+0000] {process_utils.py:87} INFO - Sending the signal 15 to group 271814
[2026-04-12T07:54:33.036+0000] {taskinstance.py:3093} ERROR - Received SIGTERM. Terminating subprocesses.
[2026-04-12T07:54:33.037+0000] {subprocess.py:117} INFO - Sending SIGTERM signal to process group
[2026-04-12T07:54:33.056+0000] {taskinstance.py:3311} ERROR - Task failed with exception
Traceback (most recent call last):
  File "/home/airflow/airflow/venv/lib/python3.12/site-packages/airflow/models/taskinstance.py", line 767, in _execute_task
    result = _execute_callable(context=context, **execute_callable_kwargs)
             ^^^^^^^^^^^^^^^^^^^^^^^^^^^^^^^^^^^^^^^^^^^^^^^^^^^^^^^^^^^^^
  File "/home/airflow/airflow/venv/lib/python3.12/site-packages/airflow/models/taskinstance.py", line 733, in _execute_callable
    return ExecutionCallableRunner(
           ^^^^^^^^^^^^^^^^^^^^^^^^
  File "/home/airflow/airflow/venv/lib/python3.12/site-packages/airflow/utils/operator_helpers.py", line 252, in run
    return self.func(*args, **kwargs)
           ^^^^^^^^^^^^^^^^^^^^^^^^^^
  File "/home/airflow/airflow/venv/lib/python3.12/site-packages/airflow/models/baseoperator.py", line 422, in wrapper
    return func(self, *args, **kwargs)
           ^^^^^^^^^^^^^^^^^^^^^^^^^^^
  File "/home/airflow/airflow/venv/lib/python3.12/site-packages/airflow/operators/bash.py", line 257, in execute
    result = self._run_inline_command(bash_path=bash_path, env=env)
             ^^^^^^^^^^^^^^^^^^^^^^^^^^^^^^^^^^^^^^^^^^^^^^^^^^^^^^
  File "/home/airflow/airflow/venv/lib/python3.12/site-packages/airflow/operators/bash.py", line 284, in _run_inline_command
    return self.subprocess_hook.run_command(
           ^^^^^^^^^^^^^^^^^^^^^^^^^^^^^^^^^
  File "/home/airflow/airflow/venv/lib/python3.12/site-packages/airflow/hooks/subprocess.py", line 104, in run_command
    for raw_line in iter(self.sub_process.stdout.readline, b""):
                    ^^^^^^^^^^^^^^^^^^^^^^^^^^^^^^^^^^^^^^^^^^^
  File "/home/airflow/airflow/venv/lib/python3.12/site-packages/airflow/models/taskinstance.py", line 3095, in signal_handler
    raise AirflowTaskTerminated("Task received SIGTERM signal")
airflow.exceptions.AirflowTaskTerminated: Task received SIGTERM signal
[2026-04-12T07:54:33.062+0000] {taskinstance.py:1225} INFO - Marking task as UP_FOR_RETRY. dag_id=weather_real_time_pipeline_v2, task_id=start_spark_streaming_job, run_id=scheduled__2026-04-12T07:48:00+00:00, execution_date=20260412T074800, start_date=20260412T075041, end_date=20260412T075433
[2026-04-12T07:54:33.079+0000] {taskinstance.py:340} INFO - ::group::Post task execution logs
[2026-04-12T07:54:33.080+0000] {standard_task_runner.py:124} ERROR - Failed to execute job 364 for task start_spark_streaming_job ((psycopg2.errors.ForeignKeyViolation) insert or update on table "task_fail" violates foreign key constraint "task_fail_ti_fkey"
DETAIL:  Key (dag_id, task_id, run_id, map_index)=(weather_real_time_pipeline_v2, start_spark_streaming_job, scheduled__2026-04-12T07:48:00+00:00, -1) is not present in table "task_instance".

[SQL: INSERT INTO task_fail (task_id, dag_id, run_id, map_index, start_date, end_date, duration) VALUES (%(task_id)s, %(dag_id)s, %(run_id)s, %(map_index)s, %(start_date)s, %(end_date)s, %(duration)s) RETURNING task_fail.id]
[parameters: {'task_id': 'start_spark_streaming_job', 'dag_id': 'weather_real_time_pipeline_v2', 'run_id': 'scheduled__2026-04-12T07:48:00+00:00', 'map_index': -1, 'start_date': datetime.datetime(2026, 4, 12, 7, 50, 41, 280377, tzinfo=Timezone('UTC')), 'end_date': datetime.datetime(2026, 4, 12, 7, 54, 33, 60995, tzinfo=Timezone('UTC')), 'duration': 231}]
(Background on this error at: https://sqlalche.me/e/14/gkpj); 271814)
Traceback (most recent call last):
  File "/home/airflow/airflow/venv/lib/python3.12/site-packages/airflow/models/taskinstance.py", line 273, in _run_raw_task
    TaskInstance._execute_task_with_callbacks(
  File "/home/airflow/airflow/venv/lib/python3.12/site-packages/airflow/models/taskinstance.py", line 3159, in _execute_task_with_callbacks
    result = self._execute_task(context, task_orig)
             ^^^^^^^^^^^^^^^^^^^^^^^^^^^^^^^^^^^^^^
  File "/home/airflow/airflow/venv/lib/python3.12/site-packages/airflow/models/taskinstance.py", line 3183, in _execute_task
    return _execute_task(self, context, task_orig)
           ^^^^^^^^^^^^^^^^^^^^^^^^^^^^^^^^^^^^^^^
  File "/home/airflow/airflow/venv/lib/python3.12/site-packages/airflow/models/taskinstance.py", line 767, in _execute_task
    result = _execute_callable(context=context, **execute_callable_kwargs)
             ^^^^^^^^^^^^^^^^^^^^^^^^^^^^^^^^^^^^^^^^^^^^^^^^^^^^^^^^^^^^^
  File "/home/airflow/airflow/venv/lib/python3.12/site-packages/airflow/models/taskinstance.py", line 733, in _execute_callable
    return ExecutionCallableRunner(
           ^^^^^^^^^^^^^^^^^^^^^^^^
  File "/home/airflow/airflow/venv/lib/python3.12/site-packages/airflow/utils/operator_helpers.py", line 252, in run
    return self.func(*args, **kwargs)
           ^^^^^^^^^^^^^^^^^^^^^^^^^^
  File "/home/airflow/airflow/venv/lib/python3.12/site-packages/airflow/models/baseoperator.py", line 422, in wrapper
    return func(self, *args, **kwargs)
           ^^^^^^^^^^^^^^^^^^^^^^^^^^^
  File "/home/airflow/airflow/venv/lib/python3.12/site-packages/airflow/operators/bash.py", line 257, in execute
    result = self._run_inline_command(bash_path=bash_path, env=env)
             ^^^^^^^^^^^^^^^^^^^^^^^^^^^^^^^^^^^^^^^^^^^^^^^^^^^^^^
  File "/home/airflow/airflow/venv/lib/python3.12/site-packages/airflow/operators/bash.py", line 284, in _run_inline_command
    return self.subprocess_hook.run_command(
           ^^^^^^^^^^^^^^^^^^^^^^^^^^^^^^^^^
  File "/home/airflow/airflow/venv/lib/python3.12/site-packages/airflow/hooks/subprocess.py", line 104, in run_command
    for raw_line in iter(self.sub_process.stdout.readline, b""):
                    ^^^^^^^^^^^^^^^^^^^^^^^^^^^^^^^^^^^^^^^^^^^
  File "/home/airflow/airflow/venv/lib/python3.12/site-packages/airflow/models/taskinstance.py", line 3095, in signal_handler
    raise AirflowTaskTerminated("Task received SIGTERM signal")
airflow.exceptions.AirflowTaskTerminated: Task received SIGTERM signal

During handling of the above exception, another exception occurred:

Traceback (most recent call last):
  File "/home/airflow/airflow/venv/lib/python3.12/site-packages/sqlalchemy/engine/base.py", line 1910, in _execute_context
    self.dialect.do_execute(
  File "/home/airflow/airflow/venv/lib/python3.12/site-packages/sqlalchemy/engine/default.py", line 736, in do_execute
    cursor.execute(statement, parameters)
psycopg2.errors.ForeignKeyViolation: insert or update on table "task_fail" violates foreign key constraint "task_fail_ti_fkey"
DETAIL:  Key (dag_id, task_id, run_id, map_index)=(weather_real_time_pipeline_v2, start_spark_streaming_job, scheduled__2026-04-12T07:48:00+00:00, -1) is not present in table "task_instance".


The above exception was the direct cause of the following exception:

Traceback (most recent call last):
  File "/home/airflow/airflow/venv/lib/python3.12/site-packages/airflow/task/task_runner/standard_task_runner.py", line 117, in _start_by_fork
    ret = args.func(args, dag=self.dag)
          ^^^^^^^^^^^^^^^^^^^^^^^^^^^^^
  File "/home/airflow/airflow/venv/lib/python3.12/site-packages/airflow/cli/cli_config.py", line 49, in command
    return func(*args, **kwargs)
           ^^^^^^^^^^^^^^^^^^^^^
  File "/home/airflow/airflow/venv/lib/python3.12/site-packages/airflow/utils/cli.py", line 116, in wrapper
    return f(*args, **kwargs)
           ^^^^^^^^^^^^^^^^^^
  File "/home/airflow/airflow/venv/lib/python3.12/site-packages/airflow/cli/commands/task_command.py", line 483, in task_run
    task_return_code = _run_task_by_selected_method(args, _dag, ti)
                       ^^^^^^^^^^^^^^^^^^^^^^^^^^^^^^^^^^^^^^^^^^^^
  File "/home/airflow/airflow/venv/lib/python3.12/site-packages/airflow/cli/commands/task_command.py", line 256, in _run_task_by_selected_method
    return _run_raw_task(args, ti)
           ^^^^^^^^^^^^^^^^^^^^^^^
  File "/home/airflow/airflow/venv/lib/python3.12/site-packages/airflow/cli/commands/task_command.py", line 341, in _run_raw_task
    return ti._run_raw_task(
           ^^^^^^^^^^^^^^^^^
  File "/home/airflow/airflow/venv/lib/python3.12/site-packages/airflow/utils/session.py", line 97, in wrapper
    return func(*args, session=session, **kwargs)
           ^^^^^^^^^^^^^^^^^^^^^^^^^^^^^^^^^^^^^^
  File "/home/airflow/airflow/venv/lib/python3.12/site-packages/airflow/models/taskinstance.py", line 3005, in _run_raw_task
    return _run_raw_task(
           ^^^^^^^^^^^^^^
  File "/home/airflow/airflow/venv/lib/python3.12/site-packages/airflow/models/taskinstance.py", line 327, in _run_raw_task
    ti.handle_failure(e, test_mode, context, session=session)
  File "/home/airflow/airflow/venv/lib/python3.12/site-packages/airflow/utils/session.py", line 94, in wrapper
    return func(*args, **kwargs)
           ^^^^^^^^^^^^^^^^^^^^^
  File "/home/airflow/airflow/venv/lib/python3.12/site-packages/airflow/models/taskinstance.py", line 3428, in handle_failure
    _handle_failure(
  File "/home/airflow/airflow/venv/lib/python3.12/site-packages/airflow/utils/session.py", line 94, in wrapper
    return func(*args, **kwargs)
           ^^^^^^^^^^^^^^^^^^^^^
  File "/home/airflow/airflow/venv/lib/python3.12/site-packages/airflow/api_internal/internal_api_call.py", line 166, in wrapper
    return func(*args, **kwargs)
           ^^^^^^^^^^^^^^^^^^^^^
  File "/home/airflow/airflow/venv/lib/python3.12/site-packages/airflow/models/taskinstance.py", line 1243, in _handle_failure
    TaskInstance.save_to_db(failure_context["ti"], session)
  File "/home/airflow/airflow/venv/lib/python3.12/site-packages/airflow/api_internal/internal_api_call.py", line 166, in wrapper
    return func(*args, **kwargs)
           ^^^^^^^^^^^^^^^^^^^^^
  File "/home/airflow/airflow/venv/lib/python3.12/site-packages/airflow/utils/session.py", line 94, in wrapper
    return func(*args, **kwargs)
           ^^^^^^^^^^^^^^^^^^^^^
  File "/home/airflow/airflow/venv/lib/python3.12/site-packages/airflow/models/taskinstance.py", line 3400, in save_to_db
    session.flush()
  File "/home/airflow/airflow/venv/lib/python3.12/site-packages/sqlalchemy/orm/session.py", line 3449, in flush
    self._flush(objects)
  File "/home/airflow/airflow/venv/lib/python3.12/site-packages/sqlalchemy/orm/session.py", line 3588, in _flush
    with util.safe_reraise():
         ^^^^^^^^^^^^^^^^^^^
  File "/home/airflow/airflow/venv/lib/python3.12/site-packages/sqlalchemy/util/langhelpers.py", line 70, in __exit__
    compat.raise_(
  File "/home/airflow/airflow/venv/lib/python3.12/site-packages/sqlalchemy/util/compat.py", line 211, in raise_
    raise exception
  File "/home/airflow/airflow/venv/lib/python3.12/site-packages/sqlalchemy/orm/session.py", line 3549, in _flush
    flush_context.execute()
  File "/home/airflow/airflow/venv/lib/python3.12/site-packages/sqlalchemy/orm/unitofwork.py", line 456, in execute
    rec.execute(self)
  File "/home/airflow/airflow/venv/lib/python3.12/site-packages/sqlalchemy/orm/unitofwork.py", line 630, in execute
    util.preloaded.orm_persistence.save_obj(
  File "/home/airflow/airflow/venv/lib/python3.12/site-packages/sqlalchemy/orm/persistence.py", line 245, in save_obj
    _emit_insert_statements(
  File "/home/airflow/airflow/venv/lib/python3.12/site-packages/sqlalchemy/orm/persistence.py", line 1238, in _emit_insert_statements
    result = connection._execute_20(
             ^^^^^^^^^^^^^^^^^^^^^^^
  File "/home/airflow/airflow/venv/lib/python3.12/site-packages/sqlalchemy/engine/base.py", line 1710, in _execute_20
    return meth(self, args_10style, kwargs_10style, execution_options)
           ^^^^^^^^^^^^^^^^^^^^^^^^^^^^^^^^^^^^^^^^^^^^^^^^^^^^^^^^^^^
  File "/home/airflow/airflow/venv/lib/python3.12/site-packages/sqlalchemy/sql/elements.py", line 334, in _execute_on_connection
    return connection._execute_clauseelement(
           ^^^^^^^^^^^^^^^^^^^^^^^^^^^^^^^^^^
  File "/home/airflow/airflow/venv/lib/python3.12/site-packages/sqlalchemy/engine/base.py", line 1577, in _execute_clauseelement
    ret = self._execute_context(
          ^^^^^^^^^^^^^^^^^^^^^^
  File "/home/airflow/airflow/venv/lib/python3.12/site-packages/sqlalchemy/engine/base.py", line 1953, in _execute_context
    self._handle_dbapi_exception(
  File "/home/airflow/airflow/venv/lib/python3.12/site-packages/sqlalchemy/engine/base.py", line 2134, in _handle_dbapi_exception
    util.raise_(
  File "/home/airflow/airflow/venv/lib/python3.12/site-packages/sqlalchemy/util/compat.py", line 211, in raise_
    raise exception
  File "/home/airflow/airflow/venv/lib/python3.12/site-packages/sqlalchemy/engine/base.py", line 1910, in _execute_context
    self.dialect.do_execute(
  File "/home/airflow/airflow/venv/lib/python3.12/site-packages/sqlalchemy/engine/default.py", line 736, in do_execute
    cursor.execute(statement, parameters)
sqlalchemy.exc.IntegrityError: (psycopg2.errors.ForeignKeyViolation) insert or update on table "task_fail" violates foreign key constraint "task_fail_ti_fkey"
DETAIL:  Key (dag_id, task_id, run_id, map_index)=(weather_real_time_pipeline_v2, start_spark_streaming_job, scheduled__2026-04-12T07:48:00+00:00, -1) is not present in table "task_instance".

[SQL: INSERT INTO task_fail (task_id, dag_id, run_id, map_index, start_date, end_date, duration) VALUES (%(task_id)s, %(dag_id)s, %(run_id)s, %(map_index)s, %(start_date)s, %(end_date)s, %(duration)s) RETURNING task_fail.id]
[parameters: {'task_id': 'start_spark_streaming_job', 'dag_id': 'weather_real_time_pipeline_v2', 'run_id': 'scheduled__2026-04-12T07:48:00+00:00', 'map_index': -1, 'start_date': datetime.datetime(2026, 4, 12, 7, 50, 41, 280377, tzinfo=Timezone('UTC')), 'end_date': datetime.datetime(2026, 4, 12, 7, 54, 33, 60995, tzinfo=Timezone('UTC')), 'duration': 231}]
(Background on this error at: https://sqlalche.me/e/14/gkpj)
[2026-04-12T07:54:33.100+0000] {process_utils.py:80} INFO - Process psutil.Process(pid=271814, status='terminated', exitcode=1) (271814) terminated with exit code 1
[2026-04-12T07:54:36.099+0000] {standard_task_runner.py:217} INFO - Process not found (most likely exited), stop collecting metrics
[2026-04-12T07:55:32.999+0000] {process_utils.py:150} WARNING - process psutil.Process(pid=271826, name='docker', status='zombie', started='07:50:40') did not respond to SIGTERM. Trying SIGKILL
[2026-04-12T07:55:33.001+0000] {process_utils.py:87} INFO - Sending the signal 9 to group 271814
[2026-04-12T07:55:33.001+0000] {process_utils.py:101} INFO - Sending the signal 9 to process 271814 as process group is missing.
[2026-04-12T07:56:32.947+0000] {process_utils.py:161} ERROR - Process psutil.Process(pid=271826, name='docker', status='zombie', started='07:50:40') (271826) could not be killed. Giving up.
