[2026-04-08T08:12:19.294+0000] {manager.py:483} INFO - Processing files using up to 4 processes at a time 
[2026-04-08T08:12:19.295+0000] {manager.py:484} INFO - Process each file at most once every 0 seconds
[2026-04-08T08:12:19.295+0000] {manager.py:485} INFO - Checking for new files in /home/airflow/airflow/dags every 300 seconds
[2026-04-08T08:12:19.296+0000] {manager.py:821} INFO - Searching for files in /home/airflow/airflow/dags
[2026-04-08T08:12:19.413+0000] {manager.py:824} INFO - There are 1 files in /home/airflow/airflow/dags
[2026-04-08T08:12:19.568+0000] {manager.py:997} INFO - 
================================================================================
DAG File Processing Stats

File Path                                     PID  Runtime      # DAGs    # Errors  Last Runtime    Last Run      Last # of DB Queries
------------------------------------------  -----  ---------  --------  ----------  --------------  ----------  ----------------------
/home/airflow/airflow/dags/airflow_test.py    179  0.05s             0           0                                                   0
================================================================================
[2026-04-08T08:12:48.682+0000] {manager.py:997} INFO - 
================================================================================
DAG File Processing Stats

File Path                                     PID  Runtime      # DAGs    # Errors  Last Runtime    Last Run               Last # of DB Queries
------------------------------------------  -----  ---------  --------  ----------  --------------  -------------------  ----------------------
/home/airflow/airflow/dags/airflow_test.py   1089  0.00s             1           0  0.13s           2026-04-08T08:12:48                      12
================================================================================
[2026-04-08T08:13:17.556+0000] {manager.py:997} INFO - 
================================================================================
DAG File Processing Stats

File Path                                     PID  Runtime      # DAGs    # Errors  Last Runtime    Last Run               Last # of DB Queries
------------------------------------------  -----  ---------  --------  ----------  --------------  -------------------  ----------------------
/home/airflow/airflow/dags/airflow_test.py   1931  0.00s             1           0  0.17s           2026-04-08T08:13:17                      12
================================================================================
[2026-04-08T08:13:46.553+0000] {manager.py:997} INFO - 
================================================================================
DAG File Processing Stats

File Path                                     PID  Runtime      # DAGs    # Errors  Last Runtime    Last Run               Last # of DB Queries
------------------------------------------  -----  ---------  --------  ----------  --------------  -------------------  ----------------------
/home/airflow/airflow/dags/airflow_test.py   2890  0.00s             1           0  0.13s           2026-04-08T08:13:46                      12
================================================================================
[2026-04-08T08:14:15.306+0000] {manager.py:997} INFO - 
================================================================================
DAG File Processing Stats

File Path                                     PID  Runtime      # DAGs    # Errors  Last Runtime    Last Run               Last # of DB Queries
------------------------------------------  -----  ---------  --------  ----------  --------------  -------------------  ----------------------
/home/airflow/airflow/dags/airflow_test.py   3955  0.00s             1           0  0.13s           2026-04-08T08:14:15                      12
================================================================================
[2026-04-08T08:14:44.254+0000] {manager.py:997} INFO - 
================================================================================
DAG File Processing Stats

File Path                                     PID  Runtime      # DAGs    # Errors  Last Runtime    Last Run               Last # of DB Queries
------------------------------------------  -----  ---------  --------  ----------  --------------  -------------------  ----------------------
/home/airflow/airflow/dags/airflow_test.py   5025  0.00s             1           0  0.12s           2026-04-08T08:14:44                      12
================================================================================
[2026-04-08T08:15:13.076+0000] {manager.py:997} INFO - 
================================================================================
DAG File Processing Stats

File Path                                     PID  Runtime      # DAGs    # Errors  Last Runtime    Last Run               Last # of DB Queries
------------------------------------------  -----  ---------  --------  ----------  --------------  -------------------  ----------------------
/home/airflow/airflow/dags/airflow_test.py   6125  0.00s             1           0  0.15s           2026-04-08T08:15:13                      12
================================================================================
[2026-04-08T08:15:41.914+0000] {manager.py:997} INFO - 
================================================================================
DAG File Processing Stats

File Path                                     PID  Runtime      # DAGs    # Errors  Last Runtime    Last Run               Last # of DB Queries
------------------------------------------  -----  ---------  --------  ----------  --------------  -------------------  ----------------------
/home/airflow/airflow/dags/airflow_test.py   7215  0.00s             1           0  0.14s           2026-04-08T08:15:41                      12
================================================================================
[2026-04-08T08:16:11.752+0000] {manager.py:997} INFO - 
================================================================================
DAG File Processing Stats

File Path                                     PID  Runtime      # DAGs    # Errors  Last Runtime    Last Run               Last # of DB Queries
------------------------------------------  -----  ---------  --------  ----------  --------------  -------------------  ----------------------
/home/airflow/airflow/dags/airflow_test.py   8258  0.00s             1           0  0.12s           2026-04-08T08:16:11                      12
================================================================================
[2026-04-08T08:16:39.695+0000] {manager.py:997} INFO - 
================================================================================
DAG File Processing Stats

File Path                                     PID  Runtime      # DAGs    # Errors  Last Runtime    Last Run               Last # of DB Queries
------------------------------------------  -----  ---------  --------  ----------  --------------  -------------------  ----------------------
/home/airflow/airflow/dags/airflow_test.py   9295  0.00s             1           0  0.13s           2026-04-08T08:16:39                      12
================================================================================
[2026-04-08T08:17:08.685+0000] {manager.py:997} INFO - 
================================================================================
DAG File Processing Stats

File Path                                     PID  Runtime      # DAGs    # Errors  Last Runtime    Last Run               Last # of DB Queries
------------------------------------------  -----  ---------  --------  ----------  --------------  -------------------  ----------------------
/home/airflow/airflow/dags/airflow_test.py  10249  0.00s             1           0  0.18s           2026-04-08T08:17:08                      12
================================================================================
[2026-04-08T08:17:19.372+0000] {manager.py:821} INFO - Searching for files in /home/airflow/airflow/dags
[2026-04-08T08:17:19.398+0000] {manager.py:824} INFO - There are 1 files in /home/airflow/airflow/dags
[2026-04-08T08:17:37.532+0000] {manager.py:997} INFO - 
================================================================================
DAG File Processing Stats

File Path                                     PID  Runtime      # DAGs    # Errors  Last Runtime    Last Run               Last # of DB Queries
------------------------------------------  -----  ---------  --------  ----------  --------------  -------------------  ----------------------
/home/airflow/airflow/dags/airflow_test.py  11279  0.00s             1           0  0.16s           2026-04-08T08:17:37                      12
================================================================================
[2026-04-08T08:18:06.468+0000] {manager.py:997} INFO - 
================================================================================
DAG File Processing Stats

File Path                                     PID  Runtime      # DAGs    # Errors  Last Runtime    Last Run               Last # of DB Queries
------------------------------------------  -----  ---------  --------  ----------  --------------  -------------------  ----------------------
/home/airflow/airflow/dags/airflow_test.py  12324  0.00s             1           0  0.13s           2026-04-08T08:18:06                      12
================================================================================
[2026-04-08T08:18:35.349+0000] {manager.py:997} INFO - 
================================================================================
DAG File Processing Stats

File Path                                     PID  Runtime      # DAGs    # Errors  Last Runtime    Last Run               Last # of DB Queries
------------------------------------------  -----  ---------  --------  ----------  --------------  -------------------  ----------------------
/home/airflow/airflow/dags/airflow_test.py  13289  0.00s             1           0  0.12s           2026-04-08T08:18:35                      12
================================================================================
[2026-04-08T08:19:04.198+0000] {manager.py:997} INFO - 
================================================================================
DAG File Processing Stats

File Path                                     PID  Runtime      # DAGs    # Errors  Last Runtime    Last Run               Last # of DB Queries
------------------------------------------  -----  ---------  --------  ----------  --------------  -------------------  ----------------------
/home/airflow/airflow/dags/airflow_test.py  14334  0.00s             1           0  0.13s           2026-04-08T08:19:04                      12
================================================================================
[2026-04-08T08:19:33.085+0000] {manager.py:997} INFO - 
================================================================================
DAG File Processing Stats

File Path                                     PID  Runtime      # DAGs    # Errors  Last Runtime    Last Run               Last # of DB Queries
------------------------------------------  -----  ---------  --------  ----------  --------------  -------------------  ----------------------
/home/airflow/airflow/dags/airflow_test.py  15239  0.01s             1           0  0.17s           2026-04-08T08:19:33                      12
================================================================================
[2026-04-08T08:20:01.742+0000] {manager.py:997} INFO - 
================================================================================
DAG File Processing Stats

File Path                                     PID  Runtime      # DAGs    # Errors  Last Runtime    Last Run               Last # of DB Queries
------------------------------------------  -----  ---------  --------  ----------  --------------  -------------------  ----------------------
/home/airflow/airflow/dags/airflow_test.py  16059  0.00s             1           0  0.25s           2026-04-08T08:20:01                      12
================================================================================
[2026-04-08T08:20:30.350+0000] {manager.py:997} INFO - 
================================================================================
DAG File Processing Stats

File Path                                     PID  Runtime      # DAGs    # Errors  Last Runtime    Last Run               Last # of DB Queries
------------------------------------------  -----  ---------  --------  ----------  --------------  -------------------  ----------------------
/home/airflow/airflow/dags/airflow_test.py  17084  0.00s             1           0  0.12s           2026-04-08T08:20:30                      12
================================================================================
[2026-04-08T08:20:59.258+0000] {manager.py:997} INFO - 
================================================================================
DAG File Processing Stats

File Path                                     PID  Runtime      # DAGs    # Errors  Last Runtime    Last Run               Last # of DB Queries
------------------------------------------  -----  ---------  --------  ----------  --------------  -------------------  ----------------------
/home/airflow/airflow/dags/airflow_test.py  18169  0.00s             1           0  0.13s           2026-04-08T08:20:59                      12
================================================================================
[2026-04-08T08:21:28.024+0000] {manager.py:997} INFO - 
================================================================================
DAG File Processing Stats

File Path                                     PID  Runtime      # DAGs    # Errors  Last Runtime    Last Run               Last # of DB Queries
------------------------------------------  -----  ---------  --------  ----------  --------------  -------------------  ----------------------
/home/airflow/airflow/dags/airflow_test.py  19259  0.00s             1           0  0.12s           2026-04-08T08:21:28                      12
================================================================================
[2026-04-08T08:21:56.779+0000] {manager.py:997} INFO - 
================================================================================
DAG File Processing Stats

File Path                                     PID  Runtime      # DAGs    # Errors  Last Runtime    Last Run               Last # of DB Queries
------------------------------------------  -----  ---------  --------  ----------  --------------  -------------------  ----------------------
/home/airflow/airflow/dags/airflow_test.py  20354  0.00s             1           0  0.12s           2026-04-08T08:21:56                      12
================================================================================
[2026-04-08T08:22:19.425+0000] {manager.py:821} INFO - Searching for files in /home/airflow/airflow/dags
[2026-04-08T08:22:19.453+0000] {manager.py:824} INFO - There are 1 files in /home/airflow/airflow/dags
[2026-04-08T08:22:25.563+0000] {manager.py:997} INFO - 
================================================================================
DAG File Processing Stats

File Path                                     PID  Runtime      # DAGs    # Errors  Last Runtime    Last Run               Last # of DB Queries
------------------------------------------  -----  ---------  --------  ----------  --------------  -------------------  ----------------------
/home/airflow/airflow/dags/airflow_test.py  21294  0.00s             1           0  0.13s           2026-04-08T08:22:25                      12
================================================================================
[2026-04-08T08:22:54.188+0000] {manager.py:997} INFO - 
================================================================================
DAG File Processing Stats

File Path                                     PID  Runtime      # DAGs    # Errors  Last Runtime    Last Run               Last # of DB Queries
------------------------------------------  -----  ---------  --------  ----------  --------------  -------------------  ----------------------
/home/airflow/airflow/dags/airflow_test.py  22264  0.00s             1           0  0.12s           2026-04-08T08:22:54                      12
================================================================================
[2026-04-08T08:23:22.908+0000] {manager.py:997} INFO - 
================================================================================
DAG File Processing Stats

File Path                                     PID  Runtime      # DAGs    # Errors  Last Runtime    Last Run               Last # of DB Queries
------------------------------------------  -----  ---------  --------  ----------  --------------  -------------------  ----------------------
/home/airflow/airflow/dags/airflow_test.py  23079  0.00s             1           0  0.22s           2026-04-08T08:23:22                      12
================================================================================
[2026-04-08T08:23:51.708+0000] {manager.py:997} INFO - 
================================================================================
DAG File Processing Stats

File Path                                     PID  Runtime      # DAGs    # Errors  Last Runtime    Last Run               Last # of DB Queries
------------------------------------------  -----  ---------  --------  ----------  --------------  -------------------  ----------------------
/home/airflow/airflow/dags/airflow_test.py  23844  0.00s             1           0  0.15s           2026-04-08T08:23:51                      12
================================================================================
[2026-04-08T08:24:20.442+0000] {manager.py:997} INFO - 
================================================================================
DAG File Processing Stats

File Path                                     PID  Runtime      # DAGs    # Errors  Last Runtime    Last Run               Last # of DB Queries
------------------------------------------  -----  ---------  --------  ----------  --------------  -------------------  ----------------------
/home/airflow/airflow/dags/airflow_test.py  24879  0.00s             1           0  0.13s           2026-04-08T08:24:20                      12
================================================================================
[2026-04-08T08:24:49.084+0000] {manager.py:997} INFO - 
================================================================================
DAG File Processing Stats

File Path                                     PID  Runtime      # DAGs    # Errors  Last Runtime    Last Run               Last # of DB Queries
------------------------------------------  -----  ---------  --------  ----------  --------------  -------------------  ----------------------
/home/airflow/airflow/dags/airflow_test.py  25869  0.00s             1           0  0.13s           2026-04-08T08:24:49                      12
================================================================================
[2026-04-08T08:25:17.816+0000] {manager.py:997} INFO - 
================================================================================
DAG File Processing Stats

File Path                                     PID  Runtime      # DAGs    # Errors  Last Runtime    Last Run               Last # of DB Queries
------------------------------------------  -----  ---------  --------  ----------  --------------  -------------------  ----------------------
/home/airflow/airflow/dags/airflow_test.py  26884  0.00s             1           0  0.13s           2026-04-08T08:25:17                      12
================================================================================
[2026-04-08T08:25:46.486+0000] {manager.py:997} INFO - 
================================================================================
DAG File Processing Stats

File Path                                     PID  Runtime      # DAGs    # Errors  Last Runtime    Last Run               Last # of DB Queries
------------------------------------------  -----  ---------  --------  ----------  --------------  -------------------  ----------------------
/home/airflow/airflow/dags/airflow_test.py  27904  0.00s             1           0  0.14s           2026-04-08T08:25:46                      12
================================================================================
[2026-04-08T08:26:15.181+0000] {manager.py:997} INFO - 
================================================================================
DAG File Processing Stats

File Path                                     PID  Runtime      # DAGs    # Errors  Last Runtime    Last Run               Last # of DB Queries
------------------------------------------  -----  ---------  --------  ----------  --------------  -------------------  ----------------------
/home/airflow/airflow/dags/airflow_test.py  28984  0.00s             1           0  0.12s           2026-04-08T08:26:15                      12
================================================================================
[2026-04-08T08:26:43.774+0000] {manager.py:997} INFO - 
================================================================================
DAG File Processing Stats

File Path                                     PID  Runtime      # DAGs    # Errors  Last Runtime    Last Run               Last # of DB Queries
------------------------------------------  -----  ---------  --------  ----------  --------------  -------------------  ----------------------
/home/airflow/airflow/dags/airflow_test.py  30034  0.00s             1           0  0.16s           2026-04-08T08:26:43                      12
================================================================================
[2026-04-08T08:26:45.641+0000] {manager.py:465} INFO - Exiting gracefully upon receiving signal 15
[2026-04-08T08:26:45.640+0000] {manager.py:465} INFO - Exiting gracefully upon receiving signal 15
[2026-04-09T08:43:41.765+0000] {manager.py:483} INFO - Processing files using up to 4 processes at a time 
[2026-04-09T08:43:41.766+0000] {manager.py:484} INFO - Process each file at most once every 0 seconds
[2026-04-09T08:43:41.766+0000] {manager.py:485} INFO - Checking for new files in /home/airflow/airflow/dags every 300 seconds
[2026-04-09T08:43:41.767+0000] {manager.py:821} INFO - Searching for files in /home/airflow/airflow/dags
[2026-04-09T08:43:41.838+0000] {manager.py:824} INFO - There are 1 files in /home/airflow/airflow/dags
[2026-04-09T08:43:42.008+0000] {manager.py:997} INFO - 
================================================================================
DAG File Processing Stats

File Path                                     PID  Runtime      # DAGs    # Errors  Last Runtime    Last Run      Last # of DB Queries
------------------------------------------  -----  ---------  --------  ----------  --------------  ----------  ----------------------
/home/airflow/airflow/dags/airflow_test.py    177  0.04s             0           0                                                   0
================================================================================
[2026-04-09T08:44:12.077+0000] {manager.py:997} INFO - 
================================================================================
DAG File Processing Stats

File Path                                     PID  Runtime      # DAGs    # Errors  Last Runtime    Last Run               Last # of DB Queries
------------------------------------------  -----  ---------  --------  ----------  --------------  -------------------  ----------------------
/home/airflow/airflow/dags/airflow_test.py   1032  0.01s             1           0  0.23s           2026-04-09T08:44:12                      12
================================================================================
[2026-04-09T08:44:42.115+0000] {manager.py:997} INFO - 
================================================================================
DAG File Processing Stats

File Path                                     PID  Runtime      # DAGs    # Errors  Last Runtime    Last Run               Last # of DB Queries
------------------------------------------  -----  ---------  --------  ----------  --------------  -------------------  ----------------------
/home/airflow/airflow/dags/airflow_test.py   1933  0.00s             1           0  0.14s           2026-04-09T08:44:42                      12
================================================================================
[2026-04-09T08:45:12.190+0000] {manager.py:997} INFO - 
================================================================================
DAG File Processing Stats

File Path                                     PID  Runtime      # DAGs    # Errors  Last Runtime    Last Run               Last # of DB Queries
------------------------------------------  -----  ---------  --------  ----------  --------------  -------------------  ----------------------
/home/airflow/airflow/dags/airflow_test.py   3025  0.00s             1           0  0.12s           2026-04-09T08:45:12                      12
================================================================================
[2026-04-09T08:45:42.239+0000] {manager.py:997} INFO - 
================================================================================
DAG File Processing Stats

File Path                                     PID  Runtime      # DAGs    # Errors  Last Runtime    Last Run               Last # of DB Queries
------------------------------------------  -----  ---------  --------  ----------  --------------  -------------------  ----------------------
/home/airflow/airflow/dags/airflow_test.py   4085  0.00s             1           0  0.12s           2026-04-09T08:45:42                      12
================================================================================
[2026-04-09T08:46:12.366+0000] {manager.py:997} INFO - 
================================================================================
DAG File Processing Stats

File Path                                     PID  Runtime      # DAGs    # Errors  Last Runtime    Last Run               Last # of DB Queries
------------------------------------------  -----  ---------  --------  ----------  --------------  -------------------  ----------------------
/home/airflow/airflow/dags/airflow_test.py   5195  0.00s             1           0  0.12s           2026-04-09T08:46:12                      12
================================================================================
[2026-04-09T08:46:42.427+0000] {manager.py:997} INFO - 
================================================================================
DAG File Processing Stats

File Path                                     PID  Runtime      # DAGs    # Errors  Last Runtime    Last Run               Last # of DB Queries
------------------------------------------  -----  ---------  --------  ----------  --------------  -------------------  ----------------------
/home/airflow/airflow/dags/airflow_test.py   6260  0.00s             1           0  0.17s           2026-04-09T08:46:42                      12
================================================================================
[2026-04-09T08:47:12.489+0000] {manager.py:997} INFO - 
================================================================================
DAG File Processing Stats

File Path                                     PID  Runtime      # DAGs    # Errors  Last Runtime    Last Run               Last # of DB Queries
------------------------------------------  -----  ---------  --------  ----------  --------------  -------------------  ----------------------
/home/airflow/airflow/dags/airflow_test.py   7290  0.00s             1           0  0.14s           2026-04-09T08:47:12                      12
================================================================================
[2026-04-09T08:47:42.492+0000] {manager.py:997} INFO - 
================================================================================
DAG File Processing Stats

File Path                                     PID  Runtime      # DAGs    # Errors  Last Runtime    Last Run               Last # of DB Queries
------------------------------------------  -----  ---------  --------  ----------  --------------  -------------------  ----------------------
/home/airflow/airflow/dags/airflow_test.py   8310  0.00s             1           0  0.14s           2026-04-09T08:47:42                      12
================================================================================
[2026-04-09T08:48:12.608+0000] {manager.py:997} INFO - 
================================================================================
DAG File Processing Stats

File Path                                     PID  Runtime      # DAGs    # Errors  Last Runtime    Last Run               Last # of DB Queries
------------------------------------------  -----  ---------  --------  ----------  --------------  -------------------  ----------------------
/home/airflow/airflow/dags/airflow_test.py   9423  0.00s             1           0  0.12s           2026-04-09T08:48:12                      12
================================================================================
[2026-04-09T08:48:41.795+0000] {manager.py:821} INFO - Searching for files in /home/airflow/airflow/dags
[2026-04-09T08:48:41.826+0000] {manager.py:824} INFO - There are 1 files in /home/airflow/airflow/dags
[2026-04-09T08:48:42.624+0000] {manager.py:997} INFO - 
================================================================================
DAG File Processing Stats

File Path                                     PID  Runtime      # DAGs    # Errors  Last Runtime    Last Run               Last # of DB Queries
------------------------------------------  -----  ---------  --------  ----------  --------------  -------------------  ----------------------
/home/airflow/airflow/dags/airflow_test.py  10500  0.00s             1           0  0.17s           2026-04-09T08:48:42                      12
================================================================================
[2026-04-09T08:49:12.719+0000] {manager.py:997} INFO - 
================================================================================
DAG File Processing Stats

File Path                                     PID  Runtime      # DAGs    # Errors  Last Runtime    Last Run               Last # of DB Queries
------------------------------------------  -----  ---------  --------  ----------  --------------  -------------------  ----------------------
/home/airflow/airflow/dags/airflow_test.py  11585  0.00s             1           0  0.13s           2026-04-09T08:49:12                      12
================================================================================
[2026-04-09T08:49:42.782+0000] {manager.py:997} INFO - 
================================================================================
DAG File Processing Stats

File Path                                     PID  Runtime      # DAGs    # Errors  Last Runtime    Last Run               Last # of DB Queries
------------------------------------------  -----  ---------  --------  ----------  --------------  -------------------  ----------------------
/home/airflow/airflow/dags/airflow_test.py  12590  0.00s             1           0  0.13s           2026-04-09T08:49:42                      12
================================================================================
[2026-04-09T08:50:12.822+0000] {manager.py:997} INFO - 
================================================================================
DAG File Processing Stats

File Path                                     PID  Runtime      # DAGs    # Errors  Last Runtime    Last Run               Last # of DB Queries
------------------------------------------  -----  ---------  --------  ----------  --------------  -------------------  ----------------------
/home/airflow/airflow/dags/airflow_test.py  13690  0.00s             1           0  0.12s           2026-04-09T08:50:12                      12
================================================================================
[2026-04-09T08:50:42.863+0000] {manager.py:997} INFO - 
================================================================================
DAG File Processing Stats

File Path                                     PID  Runtime      # DAGs    # Errors  Last Runtime    Last Run               Last # of DB Queries
------------------------------------------  -----  ---------  --------  ----------  --------------  -------------------  ----------------------
/home/airflow/airflow/dags/airflow_test.py  14800  0.00s             1           0  0.13s           2026-04-09T08:50:42                      12
================================================================================
[2026-04-09T08:51:12.877+0000] {manager.py:997} INFO - 
================================================================================
DAG File Processing Stats

File Path                                     PID  Runtime      # DAGs    # Errors  Last Runtime    Last Run               Last # of DB Queries
------------------------------------------  -----  ---------  --------  ----------  --------------  -------------------  ----------------------
/home/airflow/airflow/dags/airflow_test.py  15890  0.00s             1           0  0.13s           2026-04-09T08:51:12                      12
================================================================================
[2026-04-09T08:51:42.942+0000] {manager.py:997} INFO - 
================================================================================
DAG File Processing Stats

File Path                                     PID  Runtime      # DAGs    # Errors  Last Runtime    Last Run               Last # of DB Queries
------------------------------------------  -----  ---------  --------  ----------  --------------  -------------------  ----------------------
/home/airflow/airflow/dags/airflow_test.py  17035  0.00s             1           0  0.12s           2026-04-09T08:51:42                      12
================================================================================
[2026-04-09T08:52:13.076+0000] {manager.py:997} INFO - 
================================================================================
DAG File Processing Stats

File Path                                     PID  Runtime      # DAGs    # Errors  Last Runtime    Last Run               Last # of DB Queries
------------------------------------------  -----  ---------  --------  ----------  --------------  -------------------  ----------------------
/home/airflow/airflow/dags/airflow_test.py  18155  0.00s             1           0  0.14s           2026-04-09T08:52:13                      12
================================================================================
[2026-04-09T08:52:43.124+0000] {manager.py:997} INFO - 
================================================================================
DAG File Processing Stats

File Path                                     PID  Runtime      # DAGs    # Errors  Last Runtime    Last Run               Last # of DB Queries
------------------------------------------  -----  ---------  --------  ----------  --------------  -------------------  ----------------------
/home/airflow/airflow/dags/airflow_test.py  19245  0.01s             1           0  0.13s           2026-04-09T08:52:43                      12
================================================================================
[2026-04-09T08:53:13.188+0000] {manager.py:997} INFO - 
================================================================================
DAG File Processing Stats

File Path                                     PID  Runtime      # DAGs    # Errors  Last Runtime    Last Run               Last # of DB Queries
------------------------------------------  -----  ---------  --------  ----------  --------------  -------------------  ----------------------
/home/airflow/airflow/dags/airflow_test.py  20360  0.00s             1           0  0.13s           2026-04-09T08:53:13                      12
================================================================================
[2026-04-09T08:53:42.090+0000] {manager.py:821} INFO - Searching for files in /home/airflow/airflow/dags
[2026-04-09T08:53:42.110+0000] {manager.py:824} INFO - There are 1 files in /home/airflow/airflow/dags
[2026-04-09T08:53:43.210+0000] {manager.py:997} INFO - 
================================================================================
DAG File Processing Stats

File Path                                     PID  Runtime      # DAGs    # Errors  Last Runtime    Last Run               Last # of DB Queries
------------------------------------------  -----  ---------  --------  ----------  --------------  -------------------  ----------------------
/home/airflow/airflow/dags/airflow_test.py  21420  0.00s             1           0  0.16s           2026-04-09T08:53:43                      12
================================================================================
[2026-04-09T08:54:13.271+0000] {manager.py:997} INFO - 
================================================================================
DAG File Processing Stats

File Path                                     PID  Runtime      # DAGs    # Errors  Last Runtime    Last Run               Last # of DB Queries
------------------------------------------  -----  ---------  --------  ----------  --------------  -------------------  ----------------------
/home/airflow/airflow/dags/airflow_test.py  22250  0.00s             1           0  0.19s           2026-04-09T08:54:13                      12
================================================================================
[2026-04-09T08:54:43.262+0000] {manager.py:997} INFO - 
================================================================================
DAG File Processing Stats

File Path                                     PID  Runtime      # DAGs    # Errors  Last Runtime    Last Run               Last # of DB Queries
------------------------------------------  -----  ---------  --------  ----------  --------------  -------------------  ----------------------
/home/airflow/airflow/dags/airflow_test.py  22965  0.00s             1           0  0.20s           2026-04-09T08:54:43                      12
================================================================================
[2026-04-09T08:55:08.726+0000] {manager.py:465} INFO - Exiting gracefully upon receiving signal 15
[2026-04-09T08:55:08.769+0000] {manager.py:465} INFO - Exiting gracefully upon receiving signal 15
[2026-04-09T10:27:40.490+0000] {manager.py:483} INFO - Processing files using up to 4 processes at a time 
[2026-04-09T10:27:40.491+0000] {manager.py:484} INFO - Process each file at most once every 0 seconds
[2026-04-09T10:27:40.492+0000] {manager.py:485} INFO - Checking for new files in /home/airflow/airflow/dags every 300 seconds
[2026-04-09T10:27:40.492+0000] {manager.py:821} INFO - Searching for files in /home/airflow/airflow/dags
[2026-04-09T10:27:40.518+0000] {manager.py:824} INFO - There are 1 files in /home/airflow/airflow/dags
[2026-04-09T10:27:40.622+0000] {manager.py:997} INFO - 
================================================================================
DAG File Processing Stats

File Path                                     PID  Runtime      # DAGs    # Errors  Last Runtime    Last Run      Last # of DB Queries
------------------------------------------  -----  ---------  --------  ----------  --------------  ----------  ----------------------
/home/airflow/airflow/dags/airflow_test.py    178  0.03s             0           0                                                   0
================================================================================
[2026-04-09T10:28:10.701+0000] {manager.py:997} INFO - 
================================================================================
DAG File Processing Stats

File Path                                     PID  Runtime      # DAGs    # Errors  Last Runtime    Last Run               Last # of DB Queries
------------------------------------------  -----  ---------  --------  ----------  --------------  -------------------  ----------------------
/home/airflow/airflow/dags/airflow_test.py   1190  0.01s             1           0  0.15s           2026-04-09T10:28:10                      12
================================================================================
[2026-04-09T10:28:40.698+0000] {manager.py:997} INFO - 
================================================================================
DAG File Processing Stats

File Path                                     PID  Runtime      # DAGs    # Errors  Last Runtime    Last Run               Last # of DB Queries
------------------------------------------  -----  ---------  --------  ----------  --------------  -------------------  ----------------------
/home/airflow/airflow/dags/airflow_test.py   2085  0.00s             1           0  0.14s           2026-04-09T10:28:40                      12
================================================================================
[2026-04-09T10:29:11.155+0000] {manager.py:997} INFO - 
================================================================================
DAG File Processing Stats

File Path                                     PID  Runtime      # DAGs    # Errors  Last Runtime    Last Run               Last # of DB Queries
------------------------------------------  -----  ---------  --------  ----------  --------------  -------------------  ----------------------
/home/airflow/airflow/dags/airflow_test.py   3050  0.01s             1           0  0.54s           2026-04-09T10:29:11                      12
================================================================================
[2026-04-09T10:29:41.198+0000] {manager.py:997} INFO - 
================================================================================
DAG File Processing Stats

File Path                                     PID  Runtime      # DAGs    # Errors  Last Runtime    Last Run               Last # of DB Queries
------------------------------------------  -----  ---------  --------  ----------  --------------  -------------------  ----------------------
/home/airflow/airflow/dags/airflow_test.py   3795  0.00s             1           0  0.18s           2026-04-09T10:29:41                      12
================================================================================
[2026-04-09T10:30:11.187+0000] {manager.py:997} INFO - 
================================================================================
DAG File Processing Stats

File Path                                     PID  Runtime      # DAGs    # Errors  Last Runtime    Last Run               Last # of DB Queries
------------------------------------------  -----  ---------  --------  ----------  --------------  -------------------  ----------------------
/home/airflow/airflow/dags/airflow_test.py   4780  0.00s             1           0  0.12s           2026-04-09T10:30:11                      12
================================================================================
[2026-04-09T10:30:41.233+0000] {manager.py:997} INFO - 
================================================================================
DAG File Processing Stats

File Path                                     PID  Runtime      # DAGs    # Errors  Last Runtime    Last Run               Last # of DB Queries
------------------------------------------  -----  ---------  --------  ----------  --------------  -------------------  ----------------------
/home/airflow/airflow/dags/airflow_test.py   5865  0.00s             1           0  0.12s           2026-04-09T10:30:41                      12
================================================================================
[2026-04-09T10:31:11.218+0000] {manager.py:997} INFO - 
================================================================================
DAG File Processing Stats

File Path                                     PID  Runtime      # DAGs    # Errors  Last Runtime    Last Run               Last # of DB Queries
------------------------------------------  -----  ---------  --------  ----------  --------------  -------------------  ----------------------
/home/airflow/airflow/dags/airflow_test.py   6950  0.00s             1           0  0.12s           2026-04-09T10:31:11                      12
================================================================================
[2026-04-09T10:31:41.211+0000] {manager.py:997} INFO - 
================================================================================
DAG File Processing Stats

File Path                                     PID  Runtime      # DAGs    # Errors  Last Runtime    Last Run               Last # of DB Queries
------------------------------------------  -----  ---------  --------  ----------  --------------  -------------------  ----------------------
/home/airflow/airflow/dags/airflow_test.py   8045  0.00s             1           0  0.13s           2026-04-09T10:31:41                      12
================================================================================
[2026-04-09T10:32:11.262+0000] {manager.py:997} INFO - 
================================================================================
DAG File Processing Stats

File Path                                     PID  Runtime      # DAGs    # Errors  Last Runtime    Last Run               Last # of DB Queries
------------------------------------------  -----  ---------  --------  ----------  --------------  -------------------  ----------------------
/home/airflow/airflow/dags/airflow_test.py   9095  0.00s             1           0  0.17s           2026-04-09T10:32:11                      12
================================================================================
[2026-04-09T10:32:40.585+0000] {manager.py:821} INFO - Searching for files in /home/airflow/airflow/dags
[2026-04-09T10:32:40.605+0000] {manager.py:824} INFO - There are 1 files in /home/airflow/airflow/dags
[2026-04-09T10:32:41.361+0000] {manager.py:997} INFO - 
================================================================================
DAG File Processing Stats

File Path                                     PID  Runtime      # DAGs    # Errors  Last Runtime    Last Run               Last # of DB Queries
------------------------------------------  -----  ---------  --------  ----------  --------------  -------------------  ----------------------
/home/airflow/airflow/dags/airflow_test.py  10165  0.00s             1           0  0.14s           2026-04-09T10:32:41                      12
================================================================================
[2026-04-09T10:33:11.360+0000] {manager.py:997} INFO - 
================================================================================
DAG File Processing Stats

File Path                                     PID  Runtime      # DAGs    # Errors  Last Runtime    Last Run               Last # of DB Queries
------------------------------------------  -----  ---------  --------  ----------  --------------  -------------------  ----------------------
/home/airflow/airflow/dags/airflow_test.py  11245  0.00s             1           0  0.12s           2026-04-09T10:33:11                      12
================================================================================
[2026-04-09T10:33:41.348+0000] {manager.py:997} INFO - 
================================================================================
DAG File Processing Stats

File Path                                     PID  Runtime      # DAGs    # Errors  Last Runtime    Last Run               Last # of DB Queries
------------------------------------------  -----  ---------  --------  ----------  --------------  -------------------  ----------------------
/home/airflow/airflow/dags/airflow_test.py  12245  0.00s             1           0  0.13s           2026-04-09T10:33:41                      12
================================================================================
[2026-04-09T10:34:11.431+0000] {manager.py:997} INFO - 
================================================================================
DAG File Processing Stats

File Path                                     PID  Runtime      # DAGs    # Errors  Last Runtime    Last Run               Last # of DB Queries
------------------------------------------  -----  ---------  --------  ----------  --------------  -------------------  ----------------------
/home/airflow/airflow/dags/airflow_test.py  13265  0.00s             1           0  0.15s           2026-04-09T10:34:11                      12
================================================================================
[2026-04-09T10:34:41.400+0000] {manager.py:997} INFO - 
================================================================================
DAG File Processing Stats

File Path                                     PID  Runtime      # DAGs    # Errors  Last Runtime    Last Run               Last # of DB Queries
------------------------------------------  -----  ---------  --------  ----------  --------------  -------------------  ----------------------
/home/airflow/airflow/dags/airflow_test.py  14275  0.00s             1           0  0.12s           2026-04-09T10:34:41                      12
================================================================================
[2026-04-09T10:35:11.377+0000] {manager.py:997} INFO - 
================================================================================
DAG File Processing Stats

File Path                                     PID  Runtime      # DAGs    # Errors  Last Runtime    Last Run               Last # of DB Queries
------------------------------------------  -----  ---------  --------  ----------  --------------  -------------------  ----------------------
/home/airflow/airflow/dags/airflow_test.py  15330  0.00s             1           0  0.12s           2026-04-09T10:35:11                      12
================================================================================
[2026-04-09T10:35:41.346+0000] {manager.py:997} INFO - 
================================================================================
DAG File Processing Stats

File Path                                     PID  Runtime      # DAGs    # Errors  Last Runtime    Last Run               Last # of DB Queries
------------------------------------------  -----  ---------  --------  ----------  --------------  -------------------  ----------------------
/home/airflow/airflow/dags/airflow_test.py  16365  0.00s             1           0  0.12s           2026-04-09T10:35:41                      12
================================================================================
[2026-04-09T10:36:11.357+0000] {manager.py:997} INFO - 
================================================================================
DAG File Processing Stats

File Path                                     PID  Runtime      # DAGs    # Errors  Last Runtime    Last Run               Last # of DB Queries
------------------------------------------  -----  ---------  --------  ----------  --------------  -------------------  ----------------------
/home/airflow/airflow/dags/airflow_test.py  17455  0.00s             1           0  0.15s           2026-04-09T10:36:11                      12
================================================================================
[2026-04-09T10:36:41.390+0000] {manager.py:997} INFO - 
================================================================================
DAG File Processing Stats

File Path                                     PID  Runtime      # DAGs    # Errors  Last Runtime    Last Run               Last # of DB Queries
------------------------------------------  -----  ---------  --------  ----------  --------------  -------------------  ----------------------
/home/airflow/airflow/dags/airflow_test.py  18480  0.00s             1           0  0.14s           2026-04-09T10:36:41                      12
================================================================================
[2026-04-09T10:37:11.374+0000] {manager.py:997} INFO - 
================================================================================
DAG File Processing Stats

File Path                                     PID  Runtime      # DAGs    # Errors  Last Runtime    Last Run               Last # of DB Queries
------------------------------------------  -----  ---------  --------  ----------  --------------  -------------------  ----------------------
/home/airflow/airflow/dags/airflow_test.py  19580  0.00s             1           0  0.12s           2026-04-09T10:37:11                      12
================================================================================
[2026-04-09T10:37:40.705+0000] {manager.py:821} INFO - Searching for files in /home/airflow/airflow/dags
[2026-04-09T10:37:40.720+0000] {manager.py:824} INFO - There are 1 files in /home/airflow/airflow/dags
[2026-04-09T10:37:41.413+0000] {manager.py:997} INFO - 
================================================================================
DAG File Processing Stats

File Path                                     PID  Runtime      # DAGs    # Errors  Last Runtime    Last Run               Last # of DB Queries
------------------------------------------  -----  ---------  --------  ----------  --------------  -------------------  ----------------------
/home/airflow/airflow/dags/airflow_test.py  20675  0.00s             1           0  0.12s           2026-04-09T10:37:41                      12
================================================================================
[2026-04-09T10:38:11.475+0000] {manager.py:997} INFO - 
================================================================================
DAG File Processing Stats

File Path                                     PID  Runtime      # DAGs    # Errors  Last Runtime    Last Run               Last # of DB Queries
------------------------------------------  -----  ---------  --------  ----------  --------------  -------------------  ----------------------
/home/airflow/airflow/dags/airflow_test.py  21765  0.00s             1           0  0.12s           2026-04-09T10:38:11                      12
================================================================================
[2026-04-09T10:38:41.433+0000] {manager.py:997} INFO - 
================================================================================
DAG File Processing Stats

File Path                                     PID  Runtime      # DAGs    # Errors  Last Runtime    Last Run               Last # of DB Queries
------------------------------------------  -----  ---------  --------  ----------  --------------  -------------------  ----------------------
/home/airflow/airflow/dags/airflow_test.py  22680  0.00s             1           0  0.12s           2026-04-09T10:38:41                      12
================================================================================
[2026-04-09T10:39:11.491+0000] {manager.py:997} INFO - 
================================================================================
DAG File Processing Stats

File Path                                     PID  Runtime      # DAGs    # Errors  Last Runtime    Last Run               Last # of DB Queries
------------------------------------------  -----  ---------  --------  ----------  --------------  -------------------  ----------------------
/home/airflow/airflow/dags/airflow_test.py  23515  0.00s             1           0  0.20s           2026-04-09T10:39:11                      12
================================================================================
[2026-04-09T10:39:41.548+0000] {manager.py:997} INFO - 
================================================================================
DAG File Processing Stats

File Path                                     PID  Runtime      # DAGs    # Errors  Last Runtime    Last Run               Last # of DB Queries
------------------------------------------  -----  ---------  --------  ----------  --------------  -------------------  ----------------------
/home/airflow/airflow/dags/airflow_test.py  24575  0.00s             1           0  0.13s           2026-04-09T10:39:41                      12
================================================================================
[2026-04-09T10:40:11.621+0000] {manager.py:997} INFO - 
================================================================================
DAG File Processing Stats

File Path                                     PID  Runtime      # DAGs    # Errors  Last Runtime    Last Run               Last # of DB Queries
------------------------------------------  -----  ---------  --------  ----------  --------------  -------------------  ----------------------
/home/airflow/airflow/dags/airflow_test.py  25660  0.00s             1           0  0.14s           2026-04-09T10:40:11                      12
================================================================================
[2026-04-09T10:40:41.705+0000] {manager.py:997} INFO - 
================================================================================
DAG File Processing Stats

File Path                                     PID  Runtime      # DAGs    # Errors  Last Runtime    Last Run               Last # of DB Queries
------------------------------------------  -----  ---------  --------  ----------  --------------  -------------------  ----------------------
/home/airflow/airflow/dags/airflow_test.py  26770  0.00s             1           0  0.12s           2026-04-09T10:40:41                      12
================================================================================
[2026-04-09T10:41:11.695+0000] {manager.py:997} INFO - 
================================================================================
DAG File Processing Stats

File Path                                     PID  Runtime      # DAGs    # Errors  Last Runtime    Last Run               Last # of DB Queries
------------------------------------------  -----  ---------  --------  ----------  --------------  -------------------  ----------------------
/home/airflow/airflow/dags/airflow_test.py  27855  0.00s             1           0  0.12s           2026-04-09T10:41:11                      12
================================================================================
[2026-04-09T10:41:41.768+0000] {manager.py:997} INFO - 
================================================================================
DAG File Processing Stats

File Path                                     PID  Runtime      # DAGs    # Errors  Last Runtime    Last Run               Last # of DB Queries
------------------------------------------  -----  ---------  --------  ----------  --------------  -------------------  ----------------------
/home/airflow/airflow/dags/airflow_test.py  28980  0.00s             1           0  0.12s           2026-04-09T10:41:41                      12
================================================================================
[2026-04-09T10:42:11.749+0000] {manager.py:997} INFO - 
================================================================================
DAG File Processing Stats

File Path                                     PID  Runtime      # DAGs    # Errors  Last Runtime    Last Run               Last # of DB Queries
------------------------------------------  -----  ---------  --------  ----------  --------------  -------------------  ----------------------
/home/airflow/airflow/dags/airflow_test.py  30100  0.00s             1           0  0.13s           2026-04-09T10:42:11                      12
================================================================================
[2026-04-09T10:42:40.766+0000] {manager.py:821} INFO - Searching for files in /home/airflow/airflow/dags
[2026-04-09T10:42:40.784+0000] {manager.py:824} INFO - There are 1 files in /home/airflow/airflow/dags
[2026-04-09T10:42:41.746+0000] {manager.py:997} INFO - 
================================================================================
DAG File Processing Stats

File Path                                     PID  Runtime      # DAGs    # Errors  Last Runtime    Last Run               Last # of DB Queries
------------------------------------------  -----  ---------  --------  ----------  --------------  -------------------  ----------------------
/home/airflow/airflow/dags/airflow_test.py  31215  0.00s             1           0  0.12s           2026-04-09T10:42:41                      12
================================================================================
[2026-04-09T10:43:11.788+0000] {manager.py:997} INFO - 
================================================================================
DAG File Processing Stats

File Path                                     PID  Runtime      # DAGs    # Errors  Last Runtime    Last Run               Last # of DB Queries
------------------------------------------  -----  ---------  --------  ----------  --------------  -------------------  ----------------------
/home/airflow/airflow/dags/airflow_test.py  32315  0.00s             1           0  0.12s           2026-04-09T10:43:11                      12
================================================================================
[2026-04-09T10:43:41.871+0000] {manager.py:997} INFO - 
================================================================================
DAG File Processing Stats

File Path                                     PID  Runtime      # DAGs    # Errors  Last Runtime    Last Run               Last # of DB Queries
------------------------------------------  -----  ---------  --------  ----------  --------------  -------------------  ----------------------
/home/airflow/airflow/dags/airflow_test.py  33420  0.00s             1           0  0.12s           2026-04-09T10:43:41                      12
================================================================================
[2026-04-09T10:44:11.860+0000] {manager.py:997} INFO - 
================================================================================
DAG File Processing Stats

File Path                                     PID  Runtime      # DAGs    # Errors  Last Runtime    Last Run               Last # of DB Queries
------------------------------------------  -----  ---------  --------  ----------  --------------  -------------------  ----------------------
/home/airflow/airflow/dags/airflow_test.py  34515  0.00s             1           0  0.13s           2026-04-09T10:44:11                      12
================================================================================
[2026-04-09T10:44:41.912+0000] {manager.py:997} INFO - 
================================================================================
DAG File Processing Stats

File Path                                     PID  Runtime      # DAGs    # Errors  Last Runtime    Last Run               Last # of DB Queries
------------------------------------------  -----  ---------  --------  ----------  --------------  -------------------  ----------------------
/home/airflow/airflow/dags/airflow_test.py  35645  0.00s             1           0  0.12s           2026-04-09T10:44:41                      12
================================================================================
[2026-04-09T10:44:44.576+0000] {manager.py:465} INFO - Exiting gracefully upon receiving signal 15
[2026-04-09T10:44:44.576+0000] {manager.py:465} INFO - Exiting gracefully upon receiving signal 15
