[2026-04-12T08:00:00.868+0000] {local_task_job_runner.py:123} INFO - ::group::Pre task execution logs
[2026-04-12T08:00:00.903+0000] {taskinstance.py:2613} INFO - Dependencies all met for dep_context=non-requeueable deps ti=<TaskInstance: weather_real_time_pipeline_v2.call_weather_api_and_send_kafka scheduled__2026-04-12T07:58:00+00:00 [queued]>
[2026-04-12T08:00:00.916+0000] {taskinstance.py:2613} INFO - Dependencies all met for dep_context=requeueable deps ti=<TaskInstance: weather_real_time_pipeline_v2.call_weather_api_and_send_kafka scheduled__2026-04-12T07:58:00+00:00 [queued]>
[2026-04-12T08:00:00.916+0000] {taskinstance.py:2866} INFO - Starting attempt 1 of 4
[2026-04-12T08:00:00.937+0000] {taskinstance.py:2889} INFO - Executing <Task(PythonOperator): call_weather_api_and_send_kafka> on 2026-04-12 07:58:00+00:00
[2026-04-12T08:00:00.948+0000] {standard_task_runner.py:104} INFO - Running: ['airflow', 'tasks', 'run', 'weather_real_time_pipeline_v2', 'call_weather_api_and_send_kafka', 'scheduled__2026-04-12T07:58:00+00:00', '--job-id', '374', '--raw', '--subdir', 'DAGS_FOLDER/weather_pipeline_dag.py', '--cfg-path', '/tmp/tmpm721jb_e']
[2026-04-12T08:00:00.950+0000] {standard_task_runner.py:105} INFO - Job 374: Subtask call_weather_api_and_send_kafka
[2026-04-12T08:00:00.951+0000] {logging_mixin.py:190} WARNING - /home/airflow/airflow/venv/lib/python3.12/site-packages/airflow/task/task_runner/standard_task_runner.py:70 DeprecationWarning: This process (pid=297780) is multi-threaded, use of fork() may lead to deadlocks in the child.
[2026-04-12T08:00:00.952+0000] {standard_task_runner.py:72} INFO - Started process 297800 to run task
[2026-04-12T08:00:01.051+0000] {task_command.py:467} INFO - Running <TaskInstance: weather_real_time_pipeline_v2.call_weather_api_and_send_kafka scheduled__2026-04-12T07:58:00+00:00 [running]> on host airflow
[2026-04-12T08:00:01.196+0000] {taskinstance.py:3132} INFO - Exporting env vars: AIRFLOW_CTX_DAG_OWNER='airflow' AIRFLOW_CTX_DAG_ID='weather_real_time_pipeline_v2' AIRFLOW_CTX_TASK_ID='call_weather_api_and_send_kafka' AIRFLOW_CTX_EXECUTION_DATE='2026-04-12T07:58:00+00:00' AIRFLOW_CTX_TRY_NUMBER='1' AIRFLOW_CTX_DAG_RUN_ID='scheduled__2026-04-12T07:58:00+00:00'
[2026-04-12T08:00:01.198+0000] {taskinstance.py:731} INFO - ::endgroup::
[2026-04-12T08:00:01.211+0000] {logging_mixin.py:190} INFO - Loaded last sent timestamps: {'Ho Chi Minh City': '2026-04-12T14:45', 'Da Nang': '2026-04-12T14:45', 'Hai Phong': '2026-04-12T14:45', 'Can Tho': '2026-04-12T14:45', 'Bien Hoa': '2026-04-12T14:45', 'Nha Trang': '2026-04-12T14:45', 'Hue': '2026-04-12T14:45', 'Vung Tau': '2026-04-12T14:45', 'Da Lat': '2026-04-12T14:45', 'Quy Nhon': '2026-04-12T14:45', 'Nam Dinh': '2026-04-12T14:45', 'Rach Gia': '2026-04-12T14:45', 'Phan Thiet': '2026-04-12T14:45', 'Long Xuyen': '2026-04-12T14:45', 'Ca Mau': '2026-04-12T14:45', 'Buon Ma Thuot': '2026-04-12T14:45', 'Thai Nguyen': '2026-04-12T14:45', 'Vinh': '2026-04-12T14:45', 'Pleiku': '2026-04-12T14:45', 'Phu Quoc': '2026-04-12T14:45'}
[2026-04-12T08:00:01.218+0000] {logging_mixin.py:190} INFO - [2026-04-12 08:00:01.218177] Fetching data for 20 locations...
[2026-04-12T08:00:01.269+0000] {conn.py:362} INFO - <BrokerConnection node_id=bootstrap-0 host=kafka:9092 <connecting> [IPv4 ('172.20.0.4', 9092)]>: connecting to kafka:9092 [('172.20.0.4', 9092) IPv4]
[2026-04-12T08:00:01.270+0000] {conn.py:393} INFO - <BrokerConnection node_id=bootstrap-0 host=kafka:9092 <connecting> [IPv4 ('172.20.0.4', 9092)]>: Connection complete.
[2026-04-12T08:00:05.928+0000] {logging_mixin.py:190} INFO - Error fetching/sending data: Expecting value: line 1 column 1 (char 0)
[2026-04-12T08:00:05.930+0000] {kafka.py:486} INFO - Closing the Kafka producer with 9223372036.0 secs timeout.
[2026-04-12T08:00:05.931+0000] {conn.py:673} INFO - <BrokerConnection node_id=bootstrap-0 host=kafka:9092 <connected> [IPv4 ('172.20.0.4', 9092)]>: Closing connection. 
[2026-04-12T08:00:05.932+0000] {python.py:240} INFO - Done. Returned value was: False
[2026-04-12T08:00:05.970+0000] {taskinstance.py:340} INFO - ::group::Post task execution logs
[2026-04-12T08:00:05.971+0000] {taskinstance.py:352} INFO - Marking task as SUCCESS. dag_id=weather_real_time_pipeline_v2, task_id=call_weather_api_and_send_kafka, run_id=scheduled__2026-04-12T07:58:00+00:00, execution_date=20260412T075800, start_date=20260412T080000, end_date=20260412T080005
[2026-04-12T08:00:05.999+0000] {local_task_job_runner.py:266} INFO - Task exited with return code 0
[2026-04-12T08:00:06.022+0000] {taskinstance.py:3895} INFO - 0 downstream tasks scheduled from follow-on schedule check
[2026-04-12T08:00:06.024+0000] {local_task_job_runner.py:245} INFO - ::endgroup::
