[2026-04-13T14:07:37.459+0000] {local_task_job_runner.py:123} INFO - ::group::Pre task execution logs
[2026-04-13T14:07:37.552+0000] {taskinstance.py:2613} INFO - Dependencies all met for dep_context=non-requeueable deps ti=<TaskInstance: predict_aqi.train_model scheduled__2026-04-13T11:00:00+00:00 [queued]>
[2026-04-13T14:07:37.591+0000] {taskinstance.py:2613} INFO - Dependencies all met for dep_context=requeueable deps ti=<TaskInstance: predict_aqi.train_model scheduled__2026-04-13T11:00:00+00:00 [queued]>
[2026-04-13T14:07:37.593+0000] {taskinstance.py:2866} INFO - Starting attempt 1 of 3
[2026-04-13T14:07:37.671+0000] {taskinstance.py:2889} INFO - Executing <Task(BashOperator): train_model> on 2026-04-13 11:00:00+00:00
[2026-04-13T14:07:37.688+0000] {standard_task_runner.py:104} INFO - Running: ['airflow', 'tasks', 'run', 'predict_aqi', 'train_model', 'scheduled__2026-04-13T11:00:00+00:00', '--job-id', '159', '--raw', '--subdir', 'DAGS_FOLDER/dag_ml.py', '--cfg-path', '/tmp/tmpyfuwhe_q']
[2026-04-13T14:07:37.692+0000] {standard_task_runner.py:105} INFO - Job 159: Subtask train_model
[2026-04-13T14:07:37.702+0000] {logging_mixin.py:190} WARNING - /home/airflow/airflow/venv/lib/python3.12/site-packages/airflow/task/task_runner/standard_task_runner.py:70 DeprecationWarning: This process (pid=55203) is multi-threaded, use of fork() may lead to deadlocks in the child.
[2026-04-13T14:07:37.706+0000] {standard_task_runner.py:72} INFO - Started process 55350 to run task
[2026-04-13T14:07:37.887+0000] {task_command.py:467} INFO - Running <TaskInstance: predict_aqi.train_model scheduled__2026-04-13T11:00:00+00:00 [running]> on host airflow
[2026-04-13T14:07:38.255+0000] {taskinstance.py:3132} INFO - Exporting env vars: AIRFLOW_CTX_DAG_OWNER='airflow' AIRFLOW_CTX_DAG_ID='predict_aqi' AIRFLOW_CTX_TASK_ID='train_model' AIRFLOW_CTX_EXECUTION_DATE='2026-04-13T11:00:00+00:00' AIRFLOW_CTX_TRY_NUMBER='1' AIRFLOW_CTX_DAG_RUN_ID='scheduled__2026-04-13T11:00:00+00:00'
[2026-04-13T14:07:38.261+0000] {taskinstance.py:731} INFO - ::endgroup::
[2026-04-13T14:07:38.377+0000] {subprocess.py:78} INFO - Tmp dir root location: /tmp
[2026-04-13T14:07:38.390+0000] {subprocess.py:88} INFO - Running command: ['/usr/bin/bash', '-c', '\n            docker exec spark-master spark-submit                 --conf spark.pyspark.python=python3                 --packages org.apache.iceberg:iceberg-spark-runtime-4.0_2.13:1.10.1                 /home/spark/spark/spark_jobs/train_model.py 2026-04-13\n        ']
[2026-04-13T14:07:38.420+0000] {subprocess.py:99} INFO - Output:
[2026-04-13T14:07:41.700+0000] {subprocess.py:106} INFO - WARNING: Using incubator modules: jdk.incubator.vector
[2026-04-13T14:07:46.566+0000] {subprocess.py:106} INFO - :: loading settings :: url = jar:file:/home/spark/spark/jars/ivy-2.5.3.jar!/org/apache/ivy/core/settings/ivysettings.xml
[2026-04-13T14:07:46.823+0000] {subprocess.py:106} INFO - Ivy Default Cache set to: /home/spark/.ivy2.5.2/cache
[2026-04-13T14:07:46.824+0000] {subprocess.py:106} INFO - The jars for the packages stored in: /home/spark/.ivy2.5.2/jars
[2026-04-13T14:07:46.842+0000] {subprocess.py:106} INFO - org.apache.iceberg#iceberg-spark-runtime-4.0_2.13 added as a dependency
[2026-04-13T14:07:46.844+0000] {subprocess.py:106} INFO - :: resolving dependencies :: org.apache.spark#spark-submit-parent-848e24dd-9d27-4147-926b-665f4fecf20f;1.0
[2026-04-13T14:07:46.845+0000] {subprocess.py:106} INFO - 	confs: [default]
[2026-04-13T14:07:47.095+0000] {subprocess.py:106} INFO - 	found org.apache.iceberg#iceberg-spark-runtime-4.0_2.13;1.10.1 in central
[2026-04-13T14:07:47.128+0000] {subprocess.py:106} INFO - :: resolution report :: resolve 276ms :: artifacts dl 7ms
[2026-04-13T14:07:47.130+0000] {subprocess.py:106} INFO - 	:: modules in use:
[2026-04-13T14:07:47.133+0000] {subprocess.py:106} INFO - 	org.apache.iceberg#iceberg-spark-runtime-4.0_2.13;1.10.1 from central in [default]
[2026-04-13T14:07:47.135+0000] {subprocess.py:106} INFO - 	---------------------------------------------------------------------
[2026-04-13T14:07:47.137+0000] {subprocess.py:106} INFO - 	|                  |            modules            ||   artifacts   |
[2026-04-13T14:07:47.138+0000] {subprocess.py:106} INFO - 	|       conf       | number| search|dwnlded|evicted|| number|dwnlded|
[2026-04-13T14:07:47.140+0000] {subprocess.py:106} INFO - 	---------------------------------------------------------------------
[2026-04-13T14:07:47.140+0000] {subprocess.py:106} INFO - 	|      default     |   1   |   0   |   0   |   0   ||   1   |   0   |
[2026-04-13T14:07:47.142+0000] {subprocess.py:106} INFO - 	---------------------------------------------------------------------
[2026-04-13T14:07:47.149+0000] {subprocess.py:106} INFO - :: retrieving :: org.apache.spark#spark-submit-parent-848e24dd-9d27-4147-926b-665f4fecf20f
[2026-04-13T14:07:47.150+0000] {subprocess.py:106} INFO - 	confs: [default]
[2026-04-13T14:07:47.168+0000] {subprocess.py:106} INFO - 	0 artifacts copied, 1 already retrieved (0kB/19ms)
[2026-04-13T14:07:47.957+0000] {subprocess.py:106} INFO - 26/04/13 14:07:47 WARN NativeCodeLoader: Unable to load native-hadoop library for your platform... using builtin-java classes where applicable
[2026-04-13T14:07:56.521+0000] {subprocess.py:106} INFO - Using Spark's default log4j profile: org/apache/spark/log4j2-defaults.properties
[2026-04-13T14:07:56.540+0000] {subprocess.py:106} INFO - 26/04/13 14:07:56 INFO SparkContext: Running Spark version 4.0.2
[2026-04-13T14:07:56.547+0000] {subprocess.py:106} INFO - 26/04/13 14:07:56 INFO SparkContext: OS info Linux, 6.6.87.2-microsoft-standard-WSL2, amd64
[2026-04-13T14:07:56.548+0000] {subprocess.py:106} INFO - 26/04/13 14:07:56 INFO SparkContext: Java version 21.0.10
[2026-04-13T14:07:56.618+0000] {subprocess.py:106} INFO - 26/04/13 14:07:56 INFO ResourceUtils: ==============================================================
[2026-04-13T14:07:56.619+0000] {subprocess.py:106} INFO - 26/04/13 14:07:56 INFO ResourceUtils: No custom resources configured for spark.driver.
[2026-04-13T14:07:56.620+0000] {subprocess.py:106} INFO - 26/04/13 14:07:56 INFO ResourceUtils: ==============================================================
[2026-04-13T14:07:56.623+0000] {subprocess.py:106} INFO - 26/04/13 14:07:56 INFO SparkContext: Submitted application: TrainModel
[2026-04-13T14:07:56.705+0000] {subprocess.py:106} INFO - 26/04/13 14:07:56 INFO ResourceProfile: Default ResourceProfile created, executor resources: Map(cores -> name: cores, amount: 2, script: , vendor: , memory -> name: memory, amount: 2048, script: , vendor: , offHeap -> name: offHeap, amount: 0, script: , vendor: ), task resources: Map(cpus -> name: cpus, amount: 1.0)
[2026-04-13T14:07:56.724+0000] {subprocess.py:106} INFO - 26/04/13 14:07:56 INFO ResourceProfile: Limiting resource is cpus at 2 tasks per executor
[2026-04-13T14:07:56.731+0000] {subprocess.py:106} INFO - 26/04/13 14:07:56 INFO ResourceProfileManager: Added ResourceProfile id: 0
[2026-04-13T14:07:56.915+0000] {subprocess.py:106} INFO - 26/04/13 14:07:56 INFO SecurityManager: Changing view acls to: spark
[2026-04-13T14:07:56.918+0000] {subprocess.py:106} INFO - 26/04/13 14:07:56 INFO SecurityManager: Changing modify acls to: spark
[2026-04-13T14:07:56.922+0000] {subprocess.py:106} INFO - 26/04/13 14:07:56 INFO SecurityManager: Changing view acls groups to: spark
[2026-04-13T14:07:56.924+0000] {subprocess.py:106} INFO - 26/04/13 14:07:56 INFO SecurityManager: Changing modify acls groups to: spark
[2026-04-13T14:07:56.937+0000] {subprocess.py:106} INFO - 26/04/13 14:07:56 INFO SecurityManager: SecurityManager: authentication disabled; ui acls disabled; users with view permissions: spark groups with view permissions: EMPTY; users with modify permissions: spark; groups with modify permissions: EMPTY; RPC SSL disabled
[2026-04-13T14:07:57.674+0000] {subprocess.py:106} INFO - 26/04/13 14:07:57 INFO Utils: Successfully started service 'sparkDriver' on port 39243.
[2026-04-13T14:07:57.770+0000] {subprocess.py:106} INFO - 26/04/13 14:07:57 INFO SparkEnv: Registering MapOutputTracker
[2026-04-13T14:07:57.807+0000] {subprocess.py:106} INFO - 26/04/13 14:07:57 INFO SparkEnv: Registering BlockManagerMaster
[2026-04-13T14:07:57.848+0000] {subprocess.py:106} INFO - 26/04/13 14:07:57 INFO BlockManagerMasterEndpoint: Using org.apache.spark.storage.DefaultTopologyMapper for getting topology information
[2026-04-13T14:07:57.851+0000] {subprocess.py:106} INFO - 26/04/13 14:07:57 INFO BlockManagerMasterEndpoint: BlockManagerMasterEndpoint up
[2026-04-13T14:07:57.860+0000] {subprocess.py:106} INFO - 26/04/13 14:07:57 INFO SparkEnv: Registering BlockManagerMasterHeartbeat
[2026-04-13T14:07:58.036+0000] {subprocess.py:106} INFO - 26/04/13 14:07:58 INFO DiskBlockManager: Created local directory at /tmp/blockmgr-9ebe9c82-581a-4440-9153-05fc27264bcb
[2026-04-13T14:07:58.224+0000] {subprocess.py:106} INFO - 26/04/13 14:07:58 INFO SparkEnv: Registering OutputCommitCoordinator
[2026-04-13T14:07:58.947+0000] {subprocess.py:106} INFO - 26/04/13 14:07:58 INFO JettyUtils: Start Jetty 0.0.0.0:4040 for SparkUI
[2026-04-13T14:07:59.289+0000] {subprocess.py:106} INFO - 26/04/13 14:07:59 INFO Utils: Successfully started service 'SparkUI' on port 4040.
[2026-04-13T14:07:59.455+0000] {subprocess.py:106} INFO - 26/04/13 14:07:59 INFO SparkContext: Added JAR file:///home/spark/.ivy2.5.2/jars/org.apache.iceberg_iceberg-spark-runtime-4.0_2.13-1.10.1.jar at spark://spark-master:39243/jars/org.apache.iceberg_iceberg-spark-runtime-4.0_2.13-1.10.1.jar with timestamp 1776089276498
[2026-04-13T14:07:59.468+0000] {subprocess.py:106} INFO - 26/04/13 14:07:59 INFO SparkContext: Added file file:///home/spark/.ivy2.5.2/jars/org.apache.iceberg_iceberg-spark-runtime-4.0_2.13-1.10.1.jar at file:///home/spark/.ivy2.5.2/jars/org.apache.iceberg_iceberg-spark-runtime-4.0_2.13-1.10.1.jar with timestamp 1776089276498
[2026-04-13T14:07:59.478+0000] {subprocess.py:106} INFO - 26/04/13 14:07:59 INFO Utils: Copying /home/spark/.ivy2.5.2/jars/org.apache.iceberg_iceberg-spark-runtime-4.0_2.13-1.10.1.jar to /tmp/spark-1a12de53-761a-48d1-9370-82e9b63924c7/userFiles-e17bcc22-5616-4aa5-ae68-eb425bc0f37d/org.apache.iceberg_iceberg-spark-runtime-4.0_2.13-1.10.1.jar
[2026-04-13T14:08:02.091+0000] {subprocess.py:106} INFO - 26/04/13 14:08:02 INFO SecurityManager: Changing view acls to: spark
[2026-04-13T14:08:02.101+0000] {subprocess.py:106} INFO - 26/04/13 14:08:02 INFO SecurityManager: Changing modify acls to: spark
[2026-04-13T14:08:02.103+0000] {subprocess.py:106} INFO - 26/04/13 14:08:02 INFO SecurityManager: Changing view acls groups to: spark
[2026-04-13T14:08:02.104+0000] {subprocess.py:106} INFO - 26/04/13 14:08:02 INFO SecurityManager: Changing modify acls groups to: spark
[2026-04-13T14:08:02.106+0000] {subprocess.py:106} INFO - 26/04/13 14:08:02 INFO SecurityManager: SecurityManager: authentication disabled; ui acls disabled; users with view permissions: spark groups with view permissions: EMPTY; users with modify permissions: spark; groups with modify permissions: EMPTY; RPC SSL disabled
[2026-04-13T14:08:03.359+0000] {subprocess.py:106} INFO - 26/04/13 14:08:03 INFO Executor: Starting executor ID driver on host spark-master
[2026-04-13T14:08:03.376+0000] {subprocess.py:106} INFO - 26/04/13 14:08:03 INFO Executor: OS info Linux, 6.6.87.2-microsoft-standard-WSL2, amd64
[2026-04-13T14:08:03.378+0000] {subprocess.py:106} INFO - 26/04/13 14:08:03 INFO Executor: Java version 21.0.10
[2026-04-13T14:08:03.480+0000] {subprocess.py:106} INFO - 26/04/13 14:08:03 INFO Executor: Starting executor with user classpath (userClassPathFirst = false): ''
[2026-04-13T14:08:03.484+0000] {subprocess.py:106} INFO - 26/04/13 14:08:03 INFO Executor: Created or updated repl class loader org.apache.spark.util.MutableURLClassLoader@7c650668 for default.
[2026-04-13T14:08:03.579+0000] {subprocess.py:106} INFO - 26/04/13 14:08:03 INFO Executor: Fetching file:///home/spark/.ivy2.5.2/jars/org.apache.iceberg_iceberg-spark-runtime-4.0_2.13-1.10.1.jar with timestamp 1776089276498
[2026-04-13T14:08:04.740+0000] {subprocess.py:106} INFO - 26/04/13 14:08:04 INFO Utils: /home/spark/.ivy2.5.2/jars/org.apache.iceberg_iceberg-spark-runtime-4.0_2.13-1.10.1.jar has been previously copied to /tmp/spark-1a12de53-761a-48d1-9370-82e9b63924c7/userFiles-e17bcc22-5616-4aa5-ae68-eb425bc0f37d/org.apache.iceberg_iceberg-spark-runtime-4.0_2.13-1.10.1.jar
[2026-04-13T14:08:04.833+0000] {subprocess.py:106} INFO - 26/04/13 14:08:04 INFO Executor: Fetching spark://spark-master:39243/jars/org.apache.iceberg_iceberg-spark-runtime-4.0_2.13-1.10.1.jar with timestamp 1776089276498
[2026-04-13T14:08:05.309+0000] {subprocess.py:106} INFO - 26/04/13 14:08:05 INFO TransportClientFactory: Successfully created connection to spark-master/172.20.0.5:39243 after 329 ms (0 ms spent in bootstraps)
[2026-04-13T14:08:05.367+0000] {subprocess.py:106} INFO - 26/04/13 14:08:05 INFO Utils: Fetching spark://spark-master:39243/jars/org.apache.iceberg_iceberg-spark-runtime-4.0_2.13-1.10.1.jar to /tmp/spark-1a12de53-761a-48d1-9370-82e9b63924c7/userFiles-e17bcc22-5616-4aa5-ae68-eb425bc0f37d/fetchFileTemp4884031672584705107.tmp
[2026-04-13T14:08:08.178+0000] {subprocess.py:106} INFO - 26/04/13 14:08:08 INFO Utils: /tmp/spark-1a12de53-761a-48d1-9370-82e9b63924c7/userFiles-e17bcc22-5616-4aa5-ae68-eb425bc0f37d/fetchFileTemp4884031672584705107.tmp has been previously copied to /tmp/spark-1a12de53-761a-48d1-9370-82e9b63924c7/userFiles-e17bcc22-5616-4aa5-ae68-eb425bc0f37d/org.apache.iceberg_iceberg-spark-runtime-4.0_2.13-1.10.1.jar
[2026-04-13T14:08:08.379+0000] {subprocess.py:106} INFO - 26/04/13 14:08:08 INFO Executor: Adding file:/tmp/spark-1a12de53-761a-48d1-9370-82e9b63924c7/userFiles-e17bcc22-5616-4aa5-ae68-eb425bc0f37d/org.apache.iceberg_iceberg-spark-runtime-4.0_2.13-1.10.1.jar to class loader default
[2026-04-13T14:08:08.660+0000] {subprocess.py:106} INFO - 26/04/13 14:08:08 INFO Utils: Successfully started service 'org.apache.spark.network.netty.NettyBlockTransferService' on port 44721.
[2026-04-13T14:08:08.666+0000] {subprocess.py:106} INFO - 26/04/13 14:08:08 INFO NettyBlockTransferService: Server created on spark-master:44721
[2026-04-13T14:08:08.684+0000] {subprocess.py:106} INFO - 26/04/13 14:08:08 INFO BlockManager: Using org.apache.spark.storage.RandomBlockReplicationPolicy for block replication policy
[2026-04-13T14:08:08.846+0000] {subprocess.py:106} INFO - 26/04/13 14:08:08 INFO BlockManagerMaster: Registering BlockManager BlockManagerId(driver, spark-master, 44721, None)
[2026-04-13T14:08:08.921+0000] {subprocess.py:106} INFO - 26/04/13 14:08:08 INFO BlockManagerMasterEndpoint: Registering block manager spark-master:44721 with 1048.8 MiB RAM, BlockManagerId(driver, spark-master, 44721, None)
[2026-04-13T14:08:08.931+0000] {subprocess.py:106} INFO - 26/04/13 14:08:08 INFO BlockManagerMaster: Registered BlockManager BlockManagerId(driver, spark-master, 44721, None)
[2026-04-13T14:08:08.935+0000] {subprocess.py:106} INFO - 26/04/13 14:08:08 INFO BlockManager: Initialized BlockManager: BlockManagerId(driver, spark-master, 44721, None)
[2026-04-13T14:08:21.533+0000] {subprocess.py:106} INFO - Đọc dữ liệu Gold từ iceberg.air_quality_ml.air_quality_gold
[2026-04-13T14:08:21.622+0000] {subprocess.py:106} INFO - 26/04/13 14:08:21 INFO SharedState: spark.sql.warehouse.dir is not set, but hive.metastore.warehouse.dir is set. Setting spark.sql.warehouse.dir to the value of hive.metastore.warehouse.dir.
[2026-04-13T14:08:23.063+0000] {subprocess.py:106} INFO - 26/04/13 14:08:23 INFO SharedState: Warehouse path is 'hdfs://23133083thuyvan-master:9000/user/hive/lakehouse'.
[2026-04-13T14:08:27.539+0000] {subprocess.py:106} INFO - 26/04/13 14:08:27 INFO CatalogUtil: Loading custom FileIO implementation: org.apache.iceberg.hadoop.HadoopFileIO
[2026-04-13T14:08:27.802+0000] {subprocess.py:106} INFO - 26/04/13 14:08:27 INFO HiveConf: Found configuration file file:/home/spark/spark/conf/hive-site.xml
[2026-04-13T14:08:28.619+0000] {subprocess.py:106} INFO - 26/04/13 14:08:28 INFO metastore: Trying to connect to metastore with URI thrift://23133083thuyvan-master:9083
[2026-04-13T14:08:28.705+0000] {subprocess.py:106} INFO - 26/04/13 14:08:28 INFO metastore: Opened a connection to metastore, current connections: 1
[2026-04-13T14:08:29.025+0000] {subprocess.py:106} INFO - 26/04/13 14:08:29 INFO metastore: Connected to metastore.
[2026-04-13T14:08:30.311+0000] {subprocess.py:106} INFO - 26/04/13 14:08:30 INFO BaseMetastoreTableOperations: Refreshing table metadata from new version: hdfs://23133083thuyvan-master:9000/user/hive/lakehouse/gold/ml/air_quality_gold/metadata/00010-ed4ab30b-a58b-4b66-a582-ff05f3c1bf25.metadata.json
[2026-04-13T14:08:32.872+0000] {subprocess.py:106} INFO - 26/04/13 14:08:32 INFO BaseMetastoreCatalog: Table loaded by catalog: iceberg.air_quality_ml.air_quality_gold
[2026-04-13T14:08:34.857+0000] {subprocess.py:106} INFO - Traceback (most recent call last):
[2026-04-13T14:08:34.859+0000] {subprocess.py:106} INFO -   File "/home/spark/spark/spark_jobs/train_model.py", line 37, in <module>
[2026-04-13T14:08:34.873+0000] {subprocess.py:106} INFO -     train.writeTo("iceberg.air_quality_ml.air_quality_train").overwrite()
[2026-04-13T14:08:34.874+0000] {subprocess.py:106} INFO - TypeError: DataFrameWriterV2.overwrite() missing 1 required positional argument: 'condition'
[2026-04-13T14:08:37.881+0000] {subprocess.py:106} INFO - 26/04/13 14:08:37 INFO SparkContext: Invoking stop() from shutdown hook
[2026-04-13T14:08:37.897+0000] {subprocess.py:106} INFO - 26/04/13 14:08:37 INFO SparkContext: SparkContext is stopping with exitCode 0 from run at Executors.java:572.
[2026-04-13T14:08:38.028+0000] {subprocess.py:106} INFO - 26/04/13 14:08:38 INFO SparkUI: Stopped Spark web UI at http://spark-master:4040
[2026-04-13T14:08:38.130+0000] {subprocess.py:106} INFO - 26/04/13 14:08:38 INFO MapOutputTrackerMasterEndpoint: MapOutputTrackerMasterEndpoint stopped!
[2026-04-13T14:08:38.308+0000] {subprocess.py:106} INFO - 26/04/13 14:08:38 INFO MemoryStore: MemoryStore started with capacity 1048.8 MiB
[2026-04-13T14:08:38.314+0000] {subprocess.py:106} INFO - 26/04/13 14:08:38 INFO MemoryStore: MemoryStore cleared
[2026-04-13T14:08:38.316+0000] {subprocess.py:106} INFO - 26/04/13 14:08:38 INFO BlockManager: BlockManager stopped
[2026-04-13T14:08:38.368+0000] {subprocess.py:106} INFO - 26/04/13 14:08:38 INFO BlockManagerMaster: BlockManagerMaster stopped
[2026-04-13T14:08:38.383+0000] {subprocess.py:106} INFO - 26/04/13 14:08:38 INFO OutputCommitCoordinator$OutputCommitCoordinatorEndpoint: OutputCommitCoordinator stopped!
[2026-04-13T14:08:38.533+0000] {subprocess.py:106} INFO - 26/04/13 14:08:38 INFO SparkContext: Successfully stopped SparkContext
[2026-04-13T14:08:38.535+0000] {subprocess.py:106} INFO - 26/04/13 14:08:38 INFO ShutdownHookManager: Shutdown hook called
[2026-04-13T14:08:38.536+0000] {subprocess.py:106} INFO - 26/04/13 14:08:38 INFO ShutdownHookManager: Deleting directory /tmp/spark-1a12de53-761a-48d1-9370-82e9b63924c7/pyspark-b6c316e3-e4f3-4448-b552-faffcae0cb2d
[2026-04-13T14:08:38.557+0000] {subprocess.py:106} INFO - 26/04/13 14:08:38 INFO ShutdownHookManager: Deleting directory /tmp/spark-e20a1365-6687-4b5b-8699-456283449030
[2026-04-13T14:08:38.581+0000] {subprocess.py:106} INFO - 26/04/13 14:08:38 INFO ShutdownHookManager: Deleting directory /tmp/spark-1a12de53-761a-48d1-9370-82e9b63924c7
[2026-04-13T14:08:38.954+0000] {subprocess.py:110} INFO - Command exited with return code 1
[2026-04-13T14:08:39.380+0000] {taskinstance.py:3311} ERROR - Task failed with exception
Traceback (most recent call last):
  File "/home/airflow/airflow/venv/lib/python3.12/site-packages/airflow/models/taskinstance.py", line 767, in _execute_task
    result = _execute_callable(context=context, **execute_callable_kwargs)
             ^^^^^^^^^^^^^^^^^^^^^^^^^^^^^^^^^^^^^^^^^^^^^^^^^^^^^^^^^^^^^
  File "/home/airflow/airflow/venv/lib/python3.12/site-packages/airflow/models/taskinstance.py", line 733, in _execute_callable
    return ExecutionCallableRunner(
           ^^^^^^^^^^^^^^^^^^^^^^^^
  File "/home/airflow/airflow/venv/lib/python3.12/site-packages/airflow/utils/operator_helpers.py", line 252, in run
    return self.func(*args, **kwargs)
           ^^^^^^^^^^^^^^^^^^^^^^^^^^
  File "/home/airflow/airflow/venv/lib/python3.12/site-packages/airflow/models/baseoperator.py", line 422, in wrapper
    return func(self, *args, **kwargs)
           ^^^^^^^^^^^^^^^^^^^^^^^^^^^
  File "/home/airflow/airflow/venv/lib/python3.12/site-packages/airflow/operators/bash.py", line 276, in execute
    raise AirflowException(
airflow.exceptions.AirflowException: Bash command failed. The command returned a non-zero exit code 1.
[2026-04-13T14:08:39.585+0000] {taskinstance.py:1225} INFO - Marking task as UP_FOR_RETRY. dag_id=predict_aqi, task_id=train_model, run_id=scheduled__2026-04-13T11:00:00+00:00, execution_date=20260413T110000, start_date=20260413T140737, end_date=20260413T140839
[2026-04-13T14:08:39.948+0000] {taskinstance.py:340} INFO - ::group::Post task execution logs
[2026-04-13T14:08:39.976+0000] {standard_task_runner.py:124} ERROR - Failed to execute job 159 for task train_model (Bash command failed. The command returned a non-zero exit code 1.; 55350)
Traceback (most recent call last):
  File "/home/airflow/airflow/venv/lib/python3.12/site-packages/airflow/task/task_runner/standard_task_runner.py", line 117, in _start_by_fork
    ret = args.func(args, dag=self.dag)
          ^^^^^^^^^^^^^^^^^^^^^^^^^^^^^
  File "/home/airflow/airflow/venv/lib/python3.12/site-packages/airflow/cli/cli_config.py", line 49, in command
    return func(*args, **kwargs)
           ^^^^^^^^^^^^^^^^^^^^^
  File "/home/airflow/airflow/venv/lib/python3.12/site-packages/airflow/utils/cli.py", line 116, in wrapper
    return f(*args, **kwargs)
           ^^^^^^^^^^^^^^^^^^
  File "/home/airflow/airflow/venv/lib/python3.12/site-packages/airflow/cli/commands/task_command.py", line 483, in task_run
    task_return_code = _run_task_by_selected_method(args, _dag, ti)
                       ^^^^^^^^^^^^^^^^^^^^^^^^^^^^^^^^^^^^^^^^^^^^
  File "/home/airflow/airflow/venv/lib/python3.12/site-packages/airflow/cli/commands/task_command.py", line 256, in _run_task_by_selected_method
    return _run_raw_task(args, ti)
           ^^^^^^^^^^^^^^^^^^^^^^^
  File "/home/airflow/airflow/venv/lib/python3.12/site-packages/airflow/cli/commands/task_command.py", line 341, in _run_raw_task
    return ti._run_raw_task(
           ^^^^^^^^^^^^^^^^^
  File "/home/airflow/airflow/venv/lib/python3.12/site-packages/airflow/utils/session.py", line 97, in wrapper
    return func(*args, session=session, **kwargs)
           ^^^^^^^^^^^^^^^^^^^^^^^^^^^^^^^^^^^^^^
  File "/home/airflow/airflow/venv/lib/python3.12/site-packages/airflow/models/taskinstance.py", line 3005, in _run_raw_task
    return _run_raw_task(
           ^^^^^^^^^^^^^^
  File "/home/airflow/airflow/venv/lib/python3.12/site-packages/airflow/models/taskinstance.py", line 273, in _run_raw_task
    TaskInstance._execute_task_with_callbacks(
  File "/home/airflow/airflow/venv/lib/python3.12/site-packages/airflow/models/taskinstance.py", line 3159, in _execute_task_with_callbacks
    result = self._execute_task(context, task_orig)
             ^^^^^^^^^^^^^^^^^^^^^^^^^^^^^^^^^^^^^^
  File "/home/airflow/airflow/venv/lib/python3.12/site-packages/airflow/models/taskinstance.py", line 3183, in _execute_task
    return _execute_task(self, context, task_orig)
           ^^^^^^^^^^^^^^^^^^^^^^^^^^^^^^^^^^^^^^^
  File "/home/airflow/airflow/venv/lib/python3.12/site-packages/airflow/models/taskinstance.py", line 767, in _execute_task
    result = _execute_callable(context=context, **execute_callable_kwargs)
             ^^^^^^^^^^^^^^^^^^^^^^^^^^^^^^^^^^^^^^^^^^^^^^^^^^^^^^^^^^^^^
  File "/home/airflow/airflow/venv/lib/python3.12/site-packages/airflow/models/taskinstance.py", line 733, in _execute_callable
    return ExecutionCallableRunner(
           ^^^^^^^^^^^^^^^^^^^^^^^^
  File "/home/airflow/airflow/venv/lib/python3.12/site-packages/airflow/utils/operator_helpers.py", line 252, in run
    return self.func(*args, **kwargs)
           ^^^^^^^^^^^^^^^^^^^^^^^^^^
  File "/home/airflow/airflow/venv/lib/python3.12/site-packages/airflow/models/baseoperator.py", line 422, in wrapper
    return func(self, *args, **kwargs)
           ^^^^^^^^^^^^^^^^^^^^^^^^^^^
  File "/home/airflow/airflow/venv/lib/python3.12/site-packages/airflow/operators/bash.py", line 276, in execute
    raise AirflowException(
airflow.exceptions.AirflowException: Bash command failed. The command returned a non-zero exit code 1.
[2026-04-13T14:08:40.146+0000] {local_task_job_runner.py:266} INFO - Task exited with return code 1
[2026-04-13T14:08:40.965+0000] {taskinstance.py:3895} INFO - 0 downstream tasks scheduled from follow-on schedule check
[2026-04-13T14:08:40.976+0000] {local_task_job_runner.py:245} INFO - ::endgroup::
