[2026-04-13T11:48:04.414+0000] {local_task_job_runner.py:123} INFO - ::group::Pre task execution logs
[2026-04-13T11:48:04.658+0000] {taskinstance.py:2613} INFO - Dependencies all met for dep_context=non-requeueable deps ti=<TaskInstance: weather_real_time_pipeline_v2.call_weather_api_and_send_kafka scheduled__2026-04-13T11:46:00+00:00 [queued]>
[2026-04-13T11:48:04.734+0000] {taskinstance.py:2613} INFO - Dependencies all met for dep_context=requeueable deps ti=<TaskInstance: weather_real_time_pipeline_v2.call_weather_api_and_send_kafka scheduled__2026-04-13T11:46:00+00:00 [queued]>
[2026-04-13T11:48:04.735+0000] {taskinstance.py:2866} INFO - Starting attempt 1 of 4
[2026-04-13T11:48:04.800+0000] {taskinstance.py:2889} INFO - Executing <Task(PythonOperator): call_weather_api_and_send_kafka> on 2026-04-13 11:46:00+00:00
[2026-04-13T11:48:04.826+0000] {standard_task_runner.py:104} INFO - Running: ['airflow', 'tasks', 'run', 'weather_real_time_pipeline_v2', 'call_weather_api_and_send_kafka', 'scheduled__2026-04-13T11:46:00+00:00', '--job-id', '73', '--raw', '--subdir', 'DAGS_FOLDER/weather_pipeline_dag.py', '--cfg-path', '/tmp/tmp592t76xa']
[2026-04-13T11:48:04.830+0000] {standard_task_runner.py:105} INFO - Job 73: Subtask call_weather_api_and_send_kafka
[2026-04-13T11:48:04.838+0000] {logging_mixin.py:190} WARNING - /home/airflow/airflow/venv/lib/python3.12/site-packages/airflow/task/task_runner/standard_task_runner.py:70 DeprecationWarning: This process (pid=24612) is multi-threaded, use of fork() may lead to deadlocks in the child.
[2026-04-13T11:48:04.842+0000] {standard_task_runner.py:72} INFO - Started process 24745 to run task
[2026-04-13T11:48:05.039+0000] {task_command.py:467} INFO - Running <TaskInstance: weather_real_time_pipeline_v2.call_weather_api_and_send_kafka scheduled__2026-04-13T11:46:00+00:00 [running]> on host airflow
[2026-04-13T11:48:05.922+0000] {taskinstance.py:3132} INFO - Exporting env vars: AIRFLOW_CTX_DAG_OWNER='airflow' AIRFLOW_CTX_DAG_ID='weather_real_time_pipeline_v2' AIRFLOW_CTX_TASK_ID='call_weather_api_and_send_kafka' AIRFLOW_CTX_EXECUTION_DATE='2026-04-13T11:46:00+00:00' AIRFLOW_CTX_TRY_NUMBER='1' AIRFLOW_CTX_DAG_RUN_ID='scheduled__2026-04-13T11:46:00+00:00'
[2026-04-13T11:48:05.934+0000] {taskinstance.py:731} INFO - ::endgroup::
[2026-04-13T11:48:06.056+0000] {logging_mixin.py:190} INFO - Loaded last sent timestamps: {'Ho Chi Minh City': '2026-04-13T18:45', 'Da Nang': '2026-04-13T18:45', 'Hai Phong': '2026-04-13T18:45', 'Can Tho': '2026-04-13T18:45', 'Bien Hoa': '2026-04-13T18:45', 'Nha Trang': '2026-04-13T18:45', 'Hue': '2026-04-13T18:45', 'Vung Tau': '2026-04-13T18:45', 'Da Lat': '2026-04-13T18:45', 'Quy Nhon': '2026-04-13T18:45', 'Nam Dinh': '2026-04-13T18:45', 'Rach Gia': '2026-04-13T18:45', 'Phan Thiet': '2026-04-13T18:45', 'Long Xuyen': '2026-04-13T18:45', 'Ca Mau': '2026-04-13T18:45', 'Buon Ma Thuot': '2026-04-13T18:45', 'Thai Nguyen': '2026-04-13T18:45', 'Vinh': '2026-04-13T18:45', 'Pleiku': '2026-04-13T18:45', 'Phu Quoc': '2026-04-13T18:45'}
[2026-04-13T11:48:06.069+0000] {logging_mixin.py:190} INFO - [2026-04-13 11:48:06.069713] Fetching data for 20 locations...
[2026-04-13T11:48:06.139+0000] {conn.py:362} INFO - <BrokerConnection node_id=bootstrap-0 host=kafka:9092 <connecting> [IPv4 ('172.20.0.4', 9092)]>: connecting to kafka:9092 [('172.20.0.4', 9092) IPv4]
[2026-04-13T11:48:06.155+0000] {conn.py:393} INFO - <BrokerConnection node_id=bootstrap-0 host=kafka:9092 <connecting> [IPv4 ('172.20.0.4', 9092)]>: Connection complete.
[2026-04-13T11:48:09.201+0000] {logging_mixin.py:190} INFO -   -> Skipping Ho Chi Minh City (timestamp 2026-04-13T18:45 already sent)
[2026-04-13T11:48:09.202+0000] {logging_mixin.py:190} INFO -   -> Skipping Da Nang (timestamp 2026-04-13T18:45 already sent)
[2026-04-13T11:48:09.203+0000] {logging_mixin.py:190} INFO -   -> Skipping Hai Phong (timestamp 2026-04-13T18:45 already sent)
[2026-04-13T11:48:09.204+0000] {logging_mixin.py:190} INFO -   -> Skipping Can Tho (timestamp 2026-04-13T18:45 already sent)
[2026-04-13T11:48:09.205+0000] {logging_mixin.py:190} INFO -   -> Skipping Bien Hoa (timestamp 2026-04-13T18:45 already sent)
[2026-04-13T11:48:09.205+0000] {logging_mixin.py:190} INFO -   -> Skipping Nha Trang (timestamp 2026-04-13T18:45 already sent)
[2026-04-13T11:48:09.206+0000] {logging_mixin.py:190} INFO -   -> Skipping Hue (timestamp 2026-04-13T18:45 already sent)
[2026-04-13T11:48:09.207+0000] {logging_mixin.py:190} INFO -   -> Skipping Vung Tau (timestamp 2026-04-13T18:45 already sent)
[2026-04-13T11:48:09.208+0000] {logging_mixin.py:190} INFO -   -> Skipping Da Lat (timestamp 2026-04-13T18:45 already sent)
[2026-04-13T11:48:09.209+0000] {logging_mixin.py:190} INFO -   -> Skipping Quy Nhon (timestamp 2026-04-13T18:45 already sent)
[2026-04-13T11:48:09.210+0000] {logging_mixin.py:190} INFO -   -> Skipping Nam Dinh (timestamp 2026-04-13T18:45 already sent)
[2026-04-13T11:48:09.211+0000] {logging_mixin.py:190} INFO -   -> Skipping Rach Gia (timestamp 2026-04-13T18:45 already sent)
[2026-04-13T11:48:09.212+0000] {logging_mixin.py:190} INFO -   -> Skipping Phan Thiet (timestamp 2026-04-13T18:45 already sent)
[2026-04-13T11:48:09.212+0000] {logging_mixin.py:190} INFO -   -> Skipping Long Xuyen (timestamp 2026-04-13T18:45 already sent)
[2026-04-13T11:48:09.213+0000] {logging_mixin.py:190} INFO -   -> Skipping Ca Mau (timestamp 2026-04-13T18:45 already sent)
[2026-04-13T11:48:09.214+0000] {logging_mixin.py:190} INFO -   -> Skipping Buon Ma Thuot (timestamp 2026-04-13T18:45 already sent)
[2026-04-13T11:48:09.215+0000] {logging_mixin.py:190} INFO -   -> Skipping Thai Nguyen (timestamp 2026-04-13T18:45 already sent)
[2026-04-13T11:48:09.216+0000] {logging_mixin.py:190} INFO -   -> Skipping Vinh (timestamp 2026-04-13T18:45 already sent)
[2026-04-13T11:48:09.216+0000] {logging_mixin.py:190} INFO -   -> Skipping Pleiku (timestamp 2026-04-13T18:45 already sent)
[2026-04-13T11:48:09.217+0000] {logging_mixin.py:190} INFO -   -> Skipping Phu Quoc (timestamp 2026-04-13T18:45 already sent)
[2026-04-13T11:48:09.218+0000] {logging_mixin.py:190} INFO - [2026-04-13 11:48:09.218632] No new data to send. All timestamps are up-to-date.
[2026-04-13T11:48:09.220+0000] {kafka.py:486} INFO - Closing the Kafka producer with 9223372036.0 secs timeout.
[2026-04-13T11:48:09.221+0000] {conn.py:673} INFO - <BrokerConnection node_id=bootstrap-0 host=kafka:9092 <connected> [IPv4 ('172.20.0.4', 9092)]>: Closing connection. 
[2026-04-13T11:48:09.223+0000] {python.py:240} INFO - Done. Returned value was: True
[2026-04-13T11:48:09.264+0000] {taskinstance.py:340} INFO - ::group::Post task execution logs
[2026-04-13T11:48:09.265+0000] {taskinstance.py:352} INFO - Marking task as SUCCESS. dag_id=weather_real_time_pipeline_v2, task_id=call_weather_api_and_send_kafka, run_id=scheduled__2026-04-13T11:46:00+00:00, execution_date=20260413T114600, start_date=20260413T114804, end_date=20260413T114809
[2026-04-13T11:48:09.290+0000] {local_task_job_runner.py:266} INFO - Task exited with return code 0
[2026-04-13T11:48:09.319+0000] {taskinstance.py:3895} INFO - 0 downstream tasks scheduled from follow-on schedule check
[2026-04-13T11:48:09.328+0000] {local_task_job_runner.py:245} INFO - ::endgroup::
