[2026-04-13T17:41:38.593+0000] {local_task_job_runner.py:123} INFO - ::group::Pre task execution logs
[2026-04-13T17:41:38.696+0000] {taskinstance.py:2613} INFO - Dependencies all met for dep_context=non-requeueable deps ti=<TaskInstance: predict_aqi.train_model scheduled__2026-04-13T12:00:00+00:00 [queued]>
[2026-04-13T17:41:38.744+0000] {taskinstance.py:2613} INFO - Dependencies all met for dep_context=requeueable deps ti=<TaskInstance: predict_aqi.train_model scheduled__2026-04-13T12:00:00+00:00 [queued]>
[2026-04-13T17:41:38.747+0000] {taskinstance.py:2866} INFO - Starting attempt 3 of 3
[2026-04-13T17:41:38.814+0000] {taskinstance.py:2889} INFO - Executing <Task(BashOperator): train_model> on 2026-04-13 12:00:00+00:00
[2026-04-13T17:41:38.896+0000] {standard_task_runner.py:104} INFO - Running: ['airflow', 'tasks', 'run', 'predict_aqi', 'train_model', 'scheduled__2026-04-13T12:00:00+00:00', '--job-id', '205', '--raw', '--subdir', 'DAGS_FOLDER/dag_ml.py', '--cfg-path', '/tmp/tmpea3w__cu']
[2026-04-13T17:41:38.900+0000] {standard_task_runner.py:105} INFO - Job 205: Subtask train_model
[2026-04-13T17:41:38.975+0000] {logging_mixin.py:190} WARNING - /home/airflow/airflow/venv/lib/python3.12/site-packages/airflow/task/task_runner/standard_task_runner.py:70 DeprecationWarning: This process (pid=86026) is multi-threaded, use of fork() may lead to deadlocks in the child.
[2026-04-13T17:41:38.977+0000] {standard_task_runner.py:72} INFO - Started process 86100 to run task
[2026-04-13T17:41:39.669+0000] {task_command.py:467} INFO - Running <TaskInstance: predict_aqi.train_model scheduled__2026-04-13T12:00:00+00:00 [running]> on host airflow
[2026-04-13T17:41:40.587+0000] {taskinstance.py:3132} INFO - Exporting env vars: AIRFLOW_CTX_DAG_OWNER='airflow' AIRFLOW_CTX_DAG_ID='predict_aqi' AIRFLOW_CTX_TASK_ID='train_model' AIRFLOW_CTX_EXECUTION_DATE='2026-04-13T12:00:00+00:00' AIRFLOW_CTX_TRY_NUMBER='3' AIRFLOW_CTX_DAG_RUN_ID='scheduled__2026-04-13T12:00:00+00:00'
[2026-04-13T17:41:40.595+0000] {taskinstance.py:731} INFO - ::endgroup::
[2026-04-13T17:41:40.716+0000] {subprocess.py:78} INFO - Tmp dir root location: /tmp
[2026-04-13T17:41:40.729+0000] {subprocess.py:88} INFO - Running command: ['/usr/bin/bash', '-c', '\n            docker exec spark-master spark-submit                 --conf spark.pyspark.python=python3                 --packages org.apache.iceberg:iceberg-spark-runtime-4.0_2.13:1.10.1                 /home/spark/spark/spark_jobs/train_model.py 2026-04-13\n        ']
[2026-04-13T17:41:40.832+0000] {subprocess.py:99} INFO - Output:
[2026-04-13T17:42:00.516+0000] {job.py:229} INFO - Heartbeat recovered after 22.38 seconds
[2026-04-13T17:43:25.809+0000] {job.py:229} INFO - Heartbeat recovered after 61.83 seconds
[2026-04-13T17:43:29.787+0000] {subprocess.py:106} INFO - WARNING: Using incubator modules: jdk.incubator.vector
[2026-04-13T17:43:39.158+0000] {subprocess.py:106} INFO - :: loading settings :: url = jar:file:/home/spark/spark/jars/ivy-2.5.3.jar!/org/apache/ivy/core/settings/ivysettings.xml
[2026-04-13T17:43:39.540+0000] {subprocess.py:106} INFO - Ivy Default Cache set to: /home/spark/.ivy2.5.2/cache
[2026-04-13T17:43:39.544+0000] {subprocess.py:106} INFO - The jars for the packages stored in: /home/spark/.ivy2.5.2/jars
[2026-04-13T17:43:39.662+0000] {subprocess.py:106} INFO - org.apache.iceberg#iceberg-spark-runtime-4.0_2.13 added as a dependency
[2026-04-13T17:43:39.707+0000] {subprocess.py:106} INFO - :: resolving dependencies :: org.apache.spark#spark-submit-parent-f02e0d97-7c8a-45a3-aeaf-4dde8000eebd;1.0
[2026-04-13T17:43:39.711+0000] {subprocess.py:106} INFO - 	confs: [default]
[2026-04-13T17:43:40.183+0000] {subprocess.py:106} INFO - 	found org.apache.iceberg#iceberg-spark-runtime-4.0_2.13;1.10.1 in central
[2026-04-13T17:43:40.352+0000] {subprocess.py:106} INFO - :: resolution report :: resolve 533ms :: artifacts dl 34ms
[2026-04-13T17:43:40.366+0000] {subprocess.py:106} INFO - 	:: modules in use:
[2026-04-13T17:43:40.374+0000] {subprocess.py:106} INFO - 	org.apache.iceberg#iceberg-spark-runtime-4.0_2.13;1.10.1 from central in [default]
[2026-04-13T17:43:40.379+0000] {subprocess.py:106} INFO - 	---------------------------------------------------------------------
[2026-04-13T17:43:40.384+0000] {subprocess.py:106} INFO - 	|                  |            modules            ||   artifacts   |
[2026-04-13T17:43:40.391+0000] {subprocess.py:106} INFO - 	|       conf       | number| search|dwnlded|evicted|| number|dwnlded|
[2026-04-13T17:43:40.414+0000] {subprocess.py:106} INFO - 	---------------------------------------------------------------------
[2026-04-13T17:43:40.415+0000] {subprocess.py:106} INFO - 	|      default     |   1   |   0   |   0   |   0   ||   1   |   0   |
[2026-04-13T17:43:40.415+0000] {subprocess.py:106} INFO - 	---------------------------------------------------------------------
[2026-04-13T17:43:40.416+0000] {subprocess.py:106} INFO - :: retrieving :: org.apache.spark#spark-submit-parent-f02e0d97-7c8a-45a3-aeaf-4dde8000eebd
[2026-04-13T17:43:40.417+0000] {subprocess.py:106} INFO - 	confs: [default]
[2026-04-13T17:43:40.419+0000] {subprocess.py:106} INFO - 	0 artifacts copied, 1 already retrieved (0kB/67ms)
[2026-04-13T17:43:41.606+0000] {subprocess.py:106} INFO - 26/04/13 17:43:41 WARN NativeCodeLoader: Unable to load native-hadoop library for your platform... using builtin-java classes where applicable
[2026-04-13T17:44:02.938+0000] {subprocess.py:106} INFO - Using Spark's default log4j profile: org/apache/spark/log4j2-defaults.properties
[2026-04-13T17:44:03.021+0000] {subprocess.py:106} INFO - 26/04/13 17:44:03 INFO SparkContext: Running Spark version 4.0.2
[2026-04-13T17:44:03.036+0000] {subprocess.py:106} INFO - 26/04/13 17:44:03 INFO SparkContext: OS info Linux, 6.6.87.2-microsoft-standard-WSL2, amd64
[2026-04-13T17:44:03.043+0000] {subprocess.py:106} INFO - 26/04/13 17:44:03 INFO SparkContext: Java version 21.0.10
[2026-04-13T17:44:03.625+0000] {subprocess.py:106} INFO - 26/04/13 17:44:03 INFO ResourceUtils: ==============================================================
[2026-04-13T17:44:03.654+0000] {subprocess.py:106} INFO - 26/04/13 17:44:03 INFO ResourceUtils: No custom resources configured for spark.driver.
[2026-04-13T17:44:03.655+0000] {subprocess.py:106} INFO - 26/04/13 17:44:03 INFO ResourceUtils: ==============================================================
[2026-04-13T17:44:03.657+0000] {subprocess.py:106} INFO - 26/04/13 17:44:03 INFO SparkContext: Submitted application: TrainModel
[2026-04-13T17:44:04.120+0000] {subprocess.py:106} INFO - 26/04/13 17:44:04 INFO ResourceProfile: Default ResourceProfile created, executor resources: Map(cores -> name: cores, amount: 2, script: , vendor: , memory -> name: memory, amount: 2048, script: , vendor: , offHeap -> name: offHeap, amount: 0, script: , vendor: ), task resources: Map(cpus -> name: cpus, amount: 1.0)
[2026-04-13T17:44:04.234+0000] {subprocess.py:106} INFO - 26/04/13 17:44:04 INFO ResourceProfile: Limiting resource is cpus at 2 tasks per executor
[2026-04-13T17:44:04.269+0000] {subprocess.py:106} INFO - 26/04/13 17:44:04 INFO ResourceProfileManager: Added ResourceProfile id: 0
[2026-04-13T17:44:06.386+0000] {subprocess.py:106} INFO - 26/04/13 17:44:06 INFO SecurityManager: Changing view acls to: spark
[2026-04-13T17:44:06.408+0000] {subprocess.py:106} INFO - 26/04/13 17:44:06 INFO SecurityManager: Changing modify acls to: spark
[2026-04-13T17:44:06.410+0000] {subprocess.py:106} INFO - 26/04/13 17:44:06 INFO SecurityManager: Changing view acls groups to: spark
[2026-04-13T17:44:06.411+0000] {subprocess.py:106} INFO - 26/04/13 17:44:06 INFO SecurityManager: Changing modify acls groups to: spark
[2026-04-13T17:44:06.413+0000] {subprocess.py:106} INFO - 26/04/13 17:44:06 INFO SecurityManager: SecurityManager: authentication disabled; ui acls disabled; users with view permissions: spark groups with view permissions: EMPTY; users with modify permissions: spark; groups with modify permissions: EMPTY; RPC SSL disabled
[2026-04-13T17:44:14.081+0000] {subprocess.py:106} INFO - 26/04/13 17:44:14 INFO Utils: Successfully started service 'sparkDriver' on port 45733.
[2026-04-13T17:44:14.588+0000] {subprocess.py:106} INFO - 26/04/13 17:44:14 INFO SparkEnv: Registering MapOutputTracker
[2026-04-13T17:44:14.752+0000] {subprocess.py:106} INFO - 26/04/13 17:44:14 INFO SparkEnv: Registering BlockManagerMaster
[2026-04-13T17:44:14.937+0000] {subprocess.py:106} INFO - 26/04/13 17:44:14 INFO BlockManagerMasterEndpoint: Using org.apache.spark.storage.DefaultTopologyMapper for getting topology information
[2026-04-13T17:44:14.945+0000] {subprocess.py:106} INFO - 26/04/13 17:44:14 INFO BlockManagerMasterEndpoint: BlockManagerMasterEndpoint up
[2026-04-13T17:44:14.957+0000] {subprocess.py:106} INFO - 26/04/13 17:44:14 INFO SparkEnv: Registering BlockManagerMasterHeartbeat
[2026-04-13T17:44:15.250+0000] {subprocess.py:106} INFO - 26/04/13 17:44:15 INFO DiskBlockManager: Created local directory at /tmp/blockmgr-4284d1e1-28bb-457d-8746-4f6656a09663
[2026-04-13T17:44:15.410+0000] {subprocess.py:106} INFO - 26/04/13 17:44:15 INFO SparkEnv: Registering OutputCommitCoordinator
[2026-04-13T17:44:16.469+0000] {subprocess.py:106} INFO - 26/04/13 17:44:16 INFO JettyUtils: Start Jetty 0.0.0.0:4040 for SparkUI
[2026-04-13T17:44:17.056+0000] {subprocess.py:106} INFO - 26/04/13 17:44:17 WARN Utils: Service 'SparkUI' could not bind on port 4040. Attempting port 4041.
[2026-04-13T17:44:17.058+0000] {subprocess.py:106} INFO - 26/04/13 17:44:17 WARN Utils: Service 'SparkUI' could not bind on port 4041. Attempting port 4042.
[2026-04-13T17:44:17.176+0000] {subprocess.py:106} INFO - 26/04/13 17:44:17 INFO Utils: Successfully started service 'SparkUI' on port 4042.
[2026-04-13T17:44:17.454+0000] {subprocess.py:106} INFO - 26/04/13 17:44:17 INFO SparkContext: Added JAR file:///home/spark/.ivy2.5.2/jars/org.apache.iceberg_iceberg-spark-runtime-4.0_2.13-1.10.1.jar at spark://spark-master:45733/jars/org.apache.iceberg_iceberg-spark-runtime-4.0_2.13-1.10.1.jar with timestamp 1776102242586
[2026-04-13T17:44:17.490+0000] {subprocess.py:106} INFO - 26/04/13 17:44:17 INFO SparkContext: Added file file:///home/spark/.ivy2.5.2/jars/org.apache.iceberg_iceberg-spark-runtime-4.0_2.13-1.10.1.jar at file:///home/spark/.ivy2.5.2/jars/org.apache.iceberg_iceberg-spark-runtime-4.0_2.13-1.10.1.jar with timestamp 1776102242586
[2026-04-13T17:44:17.504+0000] {subprocess.py:106} INFO - 26/04/13 17:44:17 INFO Utils: Copying /home/spark/.ivy2.5.2/jars/org.apache.iceberg_iceberg-spark-runtime-4.0_2.13-1.10.1.jar to /tmp/spark-2aefdb6d-e479-4316-b955-61e281ef5c0a/userFiles-1e8f06d1-730d-4904-b35a-679e4aa6a854/org.apache.iceberg_iceberg-spark-runtime-4.0_2.13-1.10.1.jar
[2026-04-13T17:44:20.768+0000] {subprocess.py:106} INFO - 26/04/13 17:44:20 INFO SecurityManager: Changing view acls to: spark
[2026-04-13T17:44:20.798+0000] {subprocess.py:106} INFO - 26/04/13 17:44:20 INFO SecurityManager: Changing modify acls to: spark
[2026-04-13T17:44:20.802+0000] {subprocess.py:106} INFO - 26/04/13 17:44:20 INFO SecurityManager: Changing view acls groups to: spark
[2026-04-13T17:44:20.805+0000] {subprocess.py:106} INFO - 26/04/13 17:44:20 INFO SecurityManager: Changing modify acls groups to: spark
[2026-04-13T17:44:20.808+0000] {subprocess.py:106} INFO - 26/04/13 17:44:20 INFO SecurityManager: SecurityManager: authentication disabled; ui acls disabled; users with view permissions: spark groups with view permissions: EMPTY; users with modify permissions: spark; groups with modify permissions: EMPTY; RPC SSL disabled
[2026-04-13T17:44:22.813+0000] {subprocess.py:106} INFO - 26/04/13 17:44:22 INFO Executor: Starting executor ID driver on host spark-master
[2026-04-13T17:44:22.817+0000] {subprocess.py:106} INFO - 26/04/13 17:44:22 INFO Executor: OS info Linux, 6.6.87.2-microsoft-standard-WSL2, amd64
[2026-04-13T17:44:22.819+0000] {subprocess.py:106} INFO - 26/04/13 17:44:22 INFO Executor: Java version 21.0.10
[2026-04-13T17:44:22.887+0000] {subprocess.py:106} INFO - 26/04/13 17:44:22 INFO Executor: Starting executor with user classpath (userClassPathFirst = false): ''
[2026-04-13T17:44:22.893+0000] {subprocess.py:106} INFO - 26/04/13 17:44:22 INFO Executor: Created or updated repl class loader org.apache.spark.util.MutableURLClassLoader@6ca1cafa for default.
[2026-04-13T17:44:23.043+0000] {subprocess.py:106} INFO - 26/04/13 17:44:23 INFO Executor: Fetching file:///home/spark/.ivy2.5.2/jars/org.apache.iceberg_iceberg-spark-runtime-4.0_2.13-1.10.1.jar with timestamp 1776102242586
[2026-04-13T17:44:23.637+0000] {subprocess.py:106} INFO - 26/04/13 17:44:23 INFO Utils: /home/spark/.ivy2.5.2/jars/org.apache.iceberg_iceberg-spark-runtime-4.0_2.13-1.10.1.jar has been previously copied to /tmp/spark-2aefdb6d-e479-4316-b955-61e281ef5c0a/userFiles-1e8f06d1-730d-4904-b35a-679e4aa6a854/org.apache.iceberg_iceberg-spark-runtime-4.0_2.13-1.10.1.jar
[2026-04-13T17:44:23.701+0000] {subprocess.py:106} INFO - 26/04/13 17:44:23 INFO Executor: Fetching spark://spark-master:45733/jars/org.apache.iceberg_iceberg-spark-runtime-4.0_2.13-1.10.1.jar with timestamp 1776102242586
[2026-04-13T17:44:24.015+0000] {subprocess.py:106} INFO - 26/04/13 17:44:23 INFO TransportClientFactory: Successfully created connection to spark-master/172.20.0.5:45733 after 156 ms (0 ms spent in bootstraps)
[2026-04-13T17:44:24.056+0000] {subprocess.py:106} INFO - 26/04/13 17:44:24 INFO Utils: Fetching spark://spark-master:45733/jars/org.apache.iceberg_iceberg-spark-runtime-4.0_2.13-1.10.1.jar to /tmp/spark-2aefdb6d-e479-4316-b955-61e281ef5c0a/userFiles-1e8f06d1-730d-4904-b35a-679e4aa6a854/fetchFileTemp16276987169436799520.tmp
[2026-04-13T17:44:29.063+0000] {subprocess.py:106} INFO - 26/04/13 17:44:28 INFO Utils: /tmp/spark-2aefdb6d-e479-4316-b955-61e281ef5c0a/userFiles-1e8f06d1-730d-4904-b35a-679e4aa6a854/fetchFileTemp16276987169436799520.tmp has been previously copied to /tmp/spark-2aefdb6d-e479-4316-b955-61e281ef5c0a/userFiles-1e8f06d1-730d-4904-b35a-679e4aa6a854/org.apache.iceberg_iceberg-spark-runtime-4.0_2.13-1.10.1.jar
[2026-04-13T17:44:29.141+0000] {subprocess.py:106} INFO - 26/04/13 17:44:29 INFO Executor: Adding file:/tmp/spark-2aefdb6d-e479-4316-b955-61e281ef5c0a/userFiles-1e8f06d1-730d-4904-b35a-679e4aa6a854/org.apache.iceberg_iceberg-spark-runtime-4.0_2.13-1.10.1.jar to class loader default
[2026-04-13T17:44:29.397+0000] {subprocess.py:106} INFO - 26/04/13 17:44:29 INFO Utils: Successfully started service 'org.apache.spark.network.netty.NettyBlockTransferService' on port 35981.
[2026-04-13T17:44:29.408+0000] {subprocess.py:106} INFO - 26/04/13 17:44:29 INFO NettyBlockTransferService: Server created on spark-master:35981
[2026-04-13T17:44:29.456+0000] {subprocess.py:106} INFO - 26/04/13 17:44:29 INFO BlockManager: Using org.apache.spark.storage.RandomBlockReplicationPolicy for block replication policy
[2026-04-13T17:44:29.617+0000] {subprocess.py:106} INFO - 26/04/13 17:44:29 INFO BlockManagerMaster: Registering BlockManager BlockManagerId(driver, spark-master, 35981, None)
[2026-04-13T17:44:29.686+0000] {subprocess.py:106} INFO - 26/04/13 17:44:29 INFO BlockManagerMasterEndpoint: Registering block manager spark-master:35981 with 1048.8 MiB RAM, BlockManagerId(driver, spark-master, 35981, None)
[2026-04-13T17:44:29.696+0000] {subprocess.py:106} INFO - 26/04/13 17:44:29 INFO BlockManagerMaster: Registered BlockManager BlockManagerId(driver, spark-master, 35981, None)
[2026-04-13T17:44:29.701+0000] {subprocess.py:106} INFO - 26/04/13 17:44:29 INFO BlockManager: Initialized BlockManager: BlockManagerId(driver, spark-master, 35981, None)
[2026-04-13T17:44:46.371+0000] {subprocess.py:106} INFO - Đọc dữ liệu Gold từ iceberg.air_quality_ml.air_quality_gold
[2026-04-13T17:44:46.487+0000] {subprocess.py:106} INFO - 26/04/13 17:44:46 INFO SharedState: spark.sql.warehouse.dir is not set, but hive.metastore.warehouse.dir is set. Setting spark.sql.warehouse.dir to the value of hive.metastore.warehouse.dir.
[2026-04-13T17:44:49.144+0000] {subprocess.py:106} INFO - 26/04/13 17:44:49 INFO SharedState: Warehouse path is 'hdfs://23133083thuyvan-master:9000/user/hive/lakehouse'.
[2026-04-13T17:44:59.122+0000] {subprocess.py:106} INFO - 26/04/13 17:44:59 INFO CatalogUtil: Loading custom FileIO implementation: org.apache.iceberg.hadoop.HadoopFileIO
[2026-04-13T17:45:00.294+0000] {subprocess.py:106} INFO - 26/04/13 17:45:00 INFO HiveConf: Found configuration file file:/home/spark/spark/conf/hive-site.xml
[2026-04-13T17:45:03.762+0000] {subprocess.py:106} INFO - 26/04/13 17:45:03 INFO metastore: Trying to connect to metastore with URI thrift://23133083thuyvan-master:9083
[2026-04-13T17:45:04.168+0000] {subprocess.py:106} INFO - 26/04/13 17:45:04 INFO metastore: Opened a connection to metastore, current connections: 1
[2026-04-13T17:45:04.908+0000] {subprocess.py:106} INFO - 26/04/13 17:45:04 INFO metastore: Connected to metastore.
[2026-04-13T17:45:10.466+0000] {subprocess.py:106} INFO - 26/04/13 17:45:10 INFO BaseMetastoreTableOperations: Refreshing table metadata from new version: hdfs://23133083thuyvan-master:9000/user/hive/lakehouse/gold/ml/air_quality_gold/metadata/00017-5d622b02-94ed-422d-ad98-c11da9169046.metadata.json
[2026-04-13T17:46:18.024+0000] {job.py:239} ERROR - Job heartbeat failed with error
Traceback (most recent call last):
  File "/home/airflow/airflow/venv/lib/python3.12/site-packages/sqlalchemy/engine/base.py", line 3371, in _wrap_pool_connect
    return fn()
           ^^^^
  File "/home/airflow/airflow/venv/lib/python3.12/site-packages/sqlalchemy/pool/base.py", line 327, in connect
    return _ConnectionFairy._checkout(self)
           ^^^^^^^^^^^^^^^^^^^^^^^^^^^^^^^^
  File "/home/airflow/airflow/venv/lib/python3.12/site-packages/sqlalchemy/pool/base.py", line 894, in _checkout
    fairy = _ConnectionRecord.checkout(pool)
            ^^^^^^^^^^^^^^^^^^^^^^^^^^^^^^^^
  File "/home/airflow/airflow/venv/lib/python3.12/site-packages/sqlalchemy/pool/base.py", line 493, in checkout
    rec = pool._do_get()
          ^^^^^^^^^^^^^^
  File "/home/airflow/airflow/venv/lib/python3.12/site-packages/sqlalchemy/pool/impl.py", line 256, in _do_get
    return self._create_connection()
           ^^^^^^^^^^^^^^^^^^^^^^^^^
  File "/home/airflow/airflow/venv/lib/python3.12/site-packages/sqlalchemy/pool/base.py", line 273, in _create_connection
    return _ConnectionRecord(self)
           ^^^^^^^^^^^^^^^^^^^^^^^
  File "/home/airflow/airflow/venv/lib/python3.12/site-packages/sqlalchemy/pool/base.py", line 388, in __init__
    self.__connect()
  File "/home/airflow/airflow/venv/lib/python3.12/site-packages/sqlalchemy/pool/base.py", line 690, in __connect
    with util.safe_reraise():
         ^^^^^^^^^^^^^^^^^^^
  File "/home/airflow/airflow/venv/lib/python3.12/site-packages/sqlalchemy/util/langhelpers.py", line 70, in __exit__
    compat.raise_(
  File "/home/airflow/airflow/venv/lib/python3.12/site-packages/sqlalchemy/util/compat.py", line 211, in raise_
    raise exception
  File "/home/airflow/airflow/venv/lib/python3.12/site-packages/sqlalchemy/pool/base.py", line 686, in __connect
    self.dbapi_connection = connection = pool._invoke_creator(self)
                                         ^^^^^^^^^^^^^^^^^^^^^^^^^^
  File "/home/airflow/airflow/venv/lib/python3.12/site-packages/sqlalchemy/engine/create.py", line 574, in connect
    return dialect.connect(*cargs, **cparams)
           ^^^^^^^^^^^^^^^^^^^^^^^^^^^^^^^^^^
  File "/home/airflow/airflow/venv/lib/python3.12/site-packages/sqlalchemy/engine/default.py", line 598, in connect
    return self.dbapi.connect(*cargs, **cparams)
           ^^^^^^^^^^^^^^^^^^^^^^^^^^^^^^^^^^^^^
  File "/home/airflow/airflow/venv/lib/python3.12/site-packages/psycopg2/__init__.py", line 122, in connect
    conn = _connect(dsn, connection_factory=connection_factory, **kwasync)
           ^^^^^^^^^^^^^^^^^^^^^^^^^^^^^^^^^^^^^^^^^^^^^^^^^^^^^^^^^^^^^^^
psycopg2.OperationalError: could not translate host name "***" to address: Temporary failure in name resolution


The above exception was the direct cause of the following exception:

Traceback (most recent call last):
  File "/home/airflow/airflow/venv/lib/python3.12/site-packages/airflow/jobs/job.py", line 207, in heartbeat
    self._merge_from(Job._fetch_from_db(self, session))
                     ^^^^^^^^^^^^^^^^^^^^^^^^^^^^^^^^^
  File "/home/airflow/airflow/venv/lib/python3.12/site-packages/airflow/api_internal/internal_api_call.py", line 166, in wrapper
    return func(*args, **kwargs)
           ^^^^^^^^^^^^^^^^^^^^^
  File "/home/airflow/airflow/venv/lib/python3.12/site-packages/airflow/utils/session.py", line 94, in wrapper
    return func(*args, **kwargs)
           ^^^^^^^^^^^^^^^^^^^^^
  File "/home/airflow/airflow/venv/lib/python3.12/site-packages/airflow/utils/retries.py", line 93, in wrapped_function
    for attempt in run_with_db_retries(max_retries=retries, logger=logger, **retry_kwargs):
                   ^^^^^^^^^^^^^^^^^^^^^^^^^^^^^^^^^^^^^^^^^^^^^^^^^^^^^^^^^^^^^^^^^^^^^^^
  File "/home/airflow/airflow/venv/lib/python3.12/site-packages/tenacity/__init__.py", line 438, in __iter__
    do = self.iter(retry_state=retry_state)
         ^^^^^^^^^^^^^^^^^^^^^^^^^^^^^^^^^^
  File "/home/airflow/airflow/venv/lib/python3.12/site-packages/tenacity/__init__.py", line 371, in iter
    result = action(retry_state)
             ^^^^^^^^^^^^^^^^^^^
  File "/home/airflow/airflow/venv/lib/python3.12/site-packages/tenacity/__init__.py", line 413, in exc_check
    raise retry_exc.reraise()
          ^^^^^^^^^^^^^^^^^^^
  File "/home/airflow/airflow/venv/lib/python3.12/site-packages/tenacity/__init__.py", line 184, in reraise
    raise self.last_attempt.result()
          ^^^^^^^^^^^^^^^^^^^^^^^^^^
  File "/usr/local/lib/python3.12/concurrent/futures/_base.py", line 449, in result
    return self.__get_result()
           ^^^^^^^^^^^^^^^^^^^
  File "/usr/local/lib/python3.12/concurrent/futures/_base.py", line 401, in __get_result
    raise self._exception
  File "/home/airflow/airflow/venv/lib/python3.12/site-packages/airflow/utils/retries.py", line 102, in wrapped_function
    return func(*args, **kwargs)
           ^^^^^^^^^^^^^^^^^^^^^
  File "/home/airflow/airflow/venv/lib/python3.12/site-packages/airflow/jobs/job.py", line 335, in _fetch_from_db
    session.merge(job)
  File "/home/airflow/airflow/venv/lib/python3.12/site-packages/sqlalchemy/orm/session.py", line 3056, in merge
    return self._merge(
           ^^^^^^^^^^^^
  File "/home/airflow/airflow/venv/lib/python3.12/site-packages/sqlalchemy/orm/session.py", line 3136, in _merge
    merged = self.get(
             ^^^^^^^^^
  File "/home/airflow/airflow/venv/lib/python3.12/site-packages/sqlalchemy/orm/session.py", line 2853, in get
    return self._get_impl(
           ^^^^^^^^^^^^^^^
  File "/home/airflow/airflow/venv/lib/python3.12/site-packages/sqlalchemy/orm/session.py", line 2975, in _get_impl
    return db_load_fn(
           ^^^^^^^^^^^
  File "/home/airflow/airflow/venv/lib/python3.12/site-packages/sqlalchemy/orm/loading.py", line 530, in load_on_pk_identity
    session.execute(
  File "/home/airflow/airflow/venv/lib/python3.12/site-packages/sqlalchemy/orm/session.py", line 1716, in execute
    conn = self._connection_for_bind(bind)
           ^^^^^^^^^^^^^^^^^^^^^^^^^^^^^^^
  File "/home/airflow/airflow/venv/lib/python3.12/site-packages/sqlalchemy/orm/session.py", line 1555, in _connection_for_bind
    return self._transaction._connection_for_bind(
           ^^^^^^^^^^^^^^^^^^^^^^^^^^^^^^^^^^^^^^^
  File "/home/airflow/airflow/venv/lib/python3.12/site-packages/sqlalchemy/orm/session.py", line 750, in _connection_for_bind
    conn = bind.connect()
           ^^^^^^^^^^^^^^
  File "/home/airflow/airflow/venv/lib/python3.12/site-packages/sqlalchemy/future/engine.py", line 412, in connect
    return super(Engine, self).connect()
           ^^^^^^^^^^^^^^^^^^^^^^^^^^^^^
  File "/home/airflow/airflow/venv/lib/python3.12/site-packages/sqlalchemy/engine/base.py", line 3325, in connect
    return self._connection_cls(self, close_with_result=close_with_result)
           ^^^^^^^^^^^^^^^^^^^^^^^^^^^^^^^^^^^^^^^^^^^^^^^^^^^^^^^^^^^^^^^
  File "/home/airflow/airflow/venv/lib/python3.12/site-packages/sqlalchemy/engine/base.py", line 96, in __init__
    else engine.raw_connection()
         ^^^^^^^^^^^^^^^^^^^^^^^
  File "/home/airflow/airflow/venv/lib/python3.12/site-packages/sqlalchemy/engine/base.py", line 3404, in raw_connection
    return self._wrap_pool_connect(self.pool.connect, _connection)
           ^^^^^^^^^^^^^^^^^^^^^^^^^^^^^^^^^^^^^^^^^^^^^^^^^^^^^^^
  File "/home/airflow/airflow/venv/lib/python3.12/site-packages/sqlalchemy/engine/base.py", line 3374, in _wrap_pool_connect
    Connection._handle_dbapi_exception_noconnection(
  File "/home/airflow/airflow/venv/lib/python3.12/site-packages/sqlalchemy/engine/base.py", line 2208, in _handle_dbapi_exception_noconnection
    util.raise_(
  File "/home/airflow/airflow/venv/lib/python3.12/site-packages/sqlalchemy/util/compat.py", line 211, in raise_
    raise exception
  File "/home/airflow/airflow/venv/lib/python3.12/site-packages/sqlalchemy/engine/base.py", line 3371, in _wrap_pool_connect
    return fn()
           ^^^^
  File "/home/airflow/airflow/venv/lib/python3.12/site-packages/sqlalchemy/pool/base.py", line 327, in connect
    return _ConnectionFairy._checkout(self)
           ^^^^^^^^^^^^^^^^^^^^^^^^^^^^^^^^
  File "/home/airflow/airflow/venv/lib/python3.12/site-packages/sqlalchemy/pool/base.py", line 894, in _checkout
    fairy = _ConnectionRecord.checkout(pool)
            ^^^^^^^^^^^^^^^^^^^^^^^^^^^^^^^^
  File "/home/airflow/airflow/venv/lib/python3.12/site-packages/sqlalchemy/pool/base.py", line 493, in checkout
    rec = pool._do_get()
          ^^^^^^^^^^^^^^
  File "/home/airflow/airflow/venv/lib/python3.12/site-packages/sqlalchemy/pool/impl.py", line 256, in _do_get
    return self._create_connection()
           ^^^^^^^^^^^^^^^^^^^^^^^^^
  File "/home/airflow/airflow/venv/lib/python3.12/site-packages/sqlalchemy/pool/base.py", line 273, in _create_connection
    return _ConnectionRecord(self)
           ^^^^^^^^^^^^^^^^^^^^^^^
  File "/home/airflow/airflow/venv/lib/python3.12/site-packages/sqlalchemy/pool/base.py", line 388, in __init__
    self.__connect()
  File "/home/airflow/airflow/venv/lib/python3.12/site-packages/sqlalchemy/pool/base.py", line 690, in __connect
    with util.safe_reraise():
         ^^^^^^^^^^^^^^^^^^^
  File "/home/airflow/airflow/venv/lib/python3.12/site-packages/sqlalchemy/util/langhelpers.py", line 70, in __exit__
    compat.raise_(
  File "/home/airflow/airflow/venv/lib/python3.12/site-packages/sqlalchemy/util/compat.py", line 211, in raise_
    raise exception
  File "/home/airflow/airflow/venv/lib/python3.12/site-packages/sqlalchemy/pool/base.py", line 686, in __connect
    self.dbapi_connection = connection = pool._invoke_creator(self)
                                         ^^^^^^^^^^^^^^^^^^^^^^^^^^
  File "/home/airflow/airflow/venv/lib/python3.12/site-packages/sqlalchemy/engine/create.py", line 574, in connect
    return dialect.connect(*cargs, **cparams)
           ^^^^^^^^^^^^^^^^^^^^^^^^^^^^^^^^^^
  File "/home/airflow/airflow/venv/lib/python3.12/site-packages/sqlalchemy/engine/default.py", line 598, in connect
    return self.dbapi.connect(*cargs, **cparams)
           ^^^^^^^^^^^^^^^^^^^^^^^^^^^^^^^^^^^^^
  File "/home/airflow/airflow/venv/lib/python3.12/site-packages/psycopg2/__init__.py", line 122, in connect
    conn = _connect(dsn, connection_factory=connection_factory, **kwasync)
           ^^^^^^^^^^^^^^^^^^^^^^^^^^^^^^^^^^^^^^^^^^^^^^^^^^^^^^^^^^^^^^^
sqlalchemy.exc.OperationalError: (psycopg2.OperationalError) could not translate host name "***" to address: Temporary failure in name resolution

(Background on this error at: https://sqlalche.me/e/14/e3q8)
[2026-04-13T17:47:02.339+0000] {job.py:254} ERROR - Job heartbeat failed with error. Scheduler is in unhealthy state
[2026-04-13T17:47:03.892+0000] {subprocess.py:106} INFO - 26/04/13 17:46:14 INFO AsyncEventQueue: Process of event SparkListenerExecutorMetricsUpdate(driver,ArraySeq(),HashMap((-1,-1) -> org.apache.spark.executor.ExecutorMetrics@6dae6996)) bylistener AppStatusListener took 1099.008258ms.
[2026-04-13T17:47:08.335+0000] {job.py:229} INFO - Heartbeat recovered after 115.60 seconds
[2026-04-13T17:47:11.940+0000] {subprocess.py:106} INFO - 26/04/13 17:47:11 INFO BaseMetastoreCatalog: Table loaded by catalog: iceberg.air_quality_ml.air_quality_gold
[2026-04-13T17:47:32.791+0000] {job.py:229} INFO - Heartbeat recovered after 18.72 seconds
[2026-04-13T17:47:55.285+0000] {subprocess.py:106} INFO - 26/04/13 17:47:55 INFO BaseMetastoreTableOperations: Refreshing table metadata from new version: hdfs://23133083thuyvan-master:9000/user/hive/lakehouse/gold/ml/air_quality_train/metadata/00005-5625da1c-b408-4197-bbc4-15bc42d63f95.metadata.json
[2026-04-13T17:47:56.003+0000] {subprocess.py:106} INFO - 26/04/13 17:47:56 INFO BaseMetastoreCatalog: Table loaded by catalog: iceberg.air_quality_ml.air_quality_train
[2026-04-13T17:47:56.127+0000] {subprocess.py:106} INFO - 26/04/13 17:47:56 INFO BaseMetastoreCatalog: Table properties set at catalog level through catalog properties: {}
[2026-04-13T17:47:56.393+0000] {subprocess.py:106} INFO - 26/04/13 17:47:56 INFO BaseMetastoreCatalog: Table properties enforced at catalog level through catalog properties: {}
[2026-04-13T17:47:56.480+0000] {subprocess.py:106} INFO - 26/04/13 17:47:56 INFO BaseMetastoreTableOperations: Refreshing table metadata from new version: hdfs://23133083thuyvan-master:9000/user/hive/lakehouse/gold/ml/air_quality_train/metadata/00005-5625da1c-b408-4197-bbc4-15bc42d63f95.metadata.json
[2026-04-13T17:47:59.026+0000] {subprocess.py:106} INFO - 26/04/13 17:47:58 INFO V2ScanRelationPushDown:
[2026-04-13T17:47:59.061+0000] {subprocess.py:106} INFO - Output: timestamp#0, location#1, latitude#2, longitude#3, country#4, condition_text#5, timezone#6, temperature_2m#7, relative_humidity_2m#8, apparent_temperature#9, precipitation#10, cloud_cover#11, wind_speed_10m#12, wind_direction_10m#13, wind_gusts_10m#14, uv_index#15, weather_code#16, european_aqi#17, us_aqi#18, us_aqi_index#19, aqi_label#20, pm10#21, pm2_5#22, carbon_monoxide#23, nitrogen_dioxide#24, sulphur_dioxide#25, ozone#26, processing_time#27, data_source#28
[2026-04-13T17:47:59.069+0000] {subprocess.py:106} INFO - 
[2026-04-13T17:47:59.155+0000] {subprocess.py:106} INFO - 26/04/13 17:47:59 INFO SnapshotScan: Scanning table iceberg.air_quality_ml.air_quality_gold snapshot 1720910725916225615 created at 2026-04-13T17:34:39.216+00:00 with filter true
[2026-04-13T17:48:08.721+0000] {subprocess.py:106} INFO - 26/04/13 17:48:08 INFO BaseDistributedDataScan: Planning file tasks locally for table iceberg.air_quality_ml.air_quality_gold
[2026-04-13T17:48:13.681+0000] {subprocess.py:106} INFO - 26/04/13 17:48:13 INFO SparkPartitioningAwareScan: Reporting UnknownPartitioning with 68 partition(s) for table iceberg.air_quality_ml.air_quality_gold
[2026-04-13T17:48:20.565+0000] {subprocess.py:106} INFO - 26/04/13 17:48:20 INFO MemoryStore: MemoryStore started with capacity 1048.8 MiB
[2026-04-13T17:48:20.959+0000] {subprocess.py:106} INFO - 26/04/13 17:48:20 INFO MemoryStore: Block broadcast_0 stored as values in memory (estimated size 32.0 KiB, free 1048.8 MiB)
[2026-04-13T17:48:21.829+0000] {subprocess.py:106} INFO - 26/04/13 17:48:21 INFO MemoryStore: Block broadcast_0_piece0 stored as bytes in memory (estimated size 34.8 KiB, free 1048.7 MiB)
[2026-04-13T17:48:21.977+0000] {subprocess.py:106} INFO - 26/04/13 17:48:21 INFO SparkContext: Created broadcast 0 from broadcast at SparkBatch.java:87
[2026-04-13T17:48:25.612+0000] {subprocess.py:106} INFO - 26/04/13 17:48:25 INFO MemoryStore: Block broadcast_1 stored as values in memory (estimated size 32.0 KiB, free 1048.7 MiB)
[2026-04-13T17:48:26.220+0000] {subprocess.py:106} INFO - 26/04/13 17:48:26 INFO MemoryStore: Block broadcast_1_piece0 stored as bytes in memory (estimated size 34.8 KiB, free 1048.7 MiB)
[2026-04-13T17:48:26.443+0000] {subprocess.py:106} INFO - 26/04/13 17:48:26 INFO SparkContext: Created broadcast 1 from broadcast at SparkBatch.java:87
[2026-04-13T17:48:47.511+0000] {job.py:229} INFO - Heartbeat recovered after 24.63 seconds
[2026-04-13T17:48:47.773+0000] {subprocess.py:106} INFO - 26/04/13 17:48:47 WARN SparkStringUtils: Truncated the string representation of a plan since it was too large. This behavior can be adjusted by setting 'spark.sql.debug.maxToStringFields'.
[2026-04-13T17:49:11.054+0000] {job.py:229} INFO - Heartbeat recovered after 23.60 seconds
[2026-04-13T17:49:18.183+0000] {subprocess.py:106} INFO - 26/04/13 17:49:18 INFO CodeGenerator: Code generated in 5138.744766 ms
[2026-04-13T17:49:19.761+0000] {subprocess.py:106} INFO - 26/04/13 17:49:19 INFO MemoryStore: Block broadcast_2 stored as values in memory (estimated size 32.0 KiB, free 1048.6 MiB)
[2026-04-13T17:49:20.109+0000] {subprocess.py:106} INFO - 26/04/13 17:49:20 INFO MemoryStore: Block broadcast_2_piece0 stored as bytes in memory (estimated size 34.5 KiB, free 1048.6 MiB)
[2026-04-13T17:49:20.126+0000] {subprocess.py:106} INFO - 26/04/13 17:49:20 INFO SparkContext: Created broadcast 2 from broadcast at SparkWrite.java:198
[2026-04-13T17:49:20.143+0000] {subprocess.py:106} INFO - 26/04/13 17:49:20 INFO OverwriteByExpressionExec: Start processing data source write support: IcebergBatchWrite(table=air_quality_ml.air_quality_train, format=PARQUET). The input RDD has 68} partitions.
[2026-04-13T17:49:20.247+0000] {subprocess.py:106} INFO - 26/04/13 17:49:20 INFO SparkContext: Starting job: createOrReplace at NativeMethodAccessorImpl.java:0
[2026-04-13T17:49:20.502+0000] {subprocess.py:106} INFO - 26/04/13 17:49:20 INFO DAGScheduler: Got job 0 (createOrReplace at NativeMethodAccessorImpl.java:0) with 68 output partitions
[2026-04-13T17:49:20.569+0000] {subprocess.py:106} INFO - 26/04/13 17:49:20 INFO DAGScheduler: Final stage: ResultStage 0 (createOrReplace at NativeMethodAccessorImpl.java:0)
[2026-04-13T17:49:20.574+0000] {subprocess.py:106} INFO - 26/04/13 17:49:20 INFO DAGScheduler: Parents of final stage: List()
[2026-04-13T17:49:20.599+0000] {subprocess.py:106} INFO - 26/04/13 17:49:20 INFO DAGScheduler: Missing parents: List()
[2026-04-13T17:49:20.671+0000] {subprocess.py:106} INFO - 26/04/13 17:49:20 INFO DAGScheduler: Submitting ResultStage 0 (MapPartitionsRDD[2] at createOrReplace at NativeMethodAccessorImpl.java:0), which has no missing parents
[2026-04-13T17:49:21.425+0000] {subprocess.py:106} INFO - 26/04/13 17:49:21 INFO MemoryStore: Block broadcast_3 stored as values in memory (estimated size 53.3 KiB, free 1048.6 MiB)
[2026-04-13T17:49:21.767+0000] {subprocess.py:106} INFO - 26/04/13 17:49:21 INFO MemoryStore: Block broadcast_3_piece0 stored as bytes in memory (estimated size 16.3 KiB, free 1048.5 MiB)
[2026-04-13T17:49:21.775+0000] {subprocess.py:106} INFO - 26/04/13 17:49:21 INFO SparkContext: Created broadcast 3 from broadcast at DAGScheduler.scala:1676
[2026-04-13T17:49:21.998+0000] {subprocess.py:106} INFO - 26/04/13 17:49:21 INFO DAGScheduler: Submitting 68 missing tasks from ResultStage 0 (MapPartitionsRDD[2] at createOrReplace at NativeMethodAccessorImpl.java:0) (first 15 tasks are for partitions Vector(0, 1, 2, 3, 4, 5, 6, 7, 8, 9, 10, 11, 12, 13, 14))
[2026-04-13T17:49:22.121+0000] {subprocess.py:106} INFO - 26/04/13 17:49:22 INFO TaskSchedulerImpl: Adding task set 0.0 with 68 tasks resource profile 0
[2026-04-13T17:49:22.727+0000] {subprocess.py:106} INFO - 26/04/13 17:49:22 INFO TaskSetManager: Starting task 0.0 in stage 0.0 (TID 0) (spark-master,executor driver, partition 0, ANY, 19962 bytes)
[2026-04-13T17:49:22.777+0000] {subprocess.py:106} INFO - 26/04/13 17:49:22 INFO TaskSetManager: Starting task 1.0 in stage 0.0 (TID 1) (spark-master,executor driver, partition 1, ANY, 19962 bytes)
[2026-04-13T17:49:22.785+0000] {subprocess.py:106} INFO - 26/04/13 17:49:22 INFO TaskSetManager: Starting task 2.0 in stage 0.0 (TID 2) (spark-master,executor driver, partition 2, ANY, 19962 bytes)
[2026-04-13T17:49:22.792+0000] {subprocess.py:106} INFO - 26/04/13 17:49:22 INFO TaskSetManager: Starting task 3.0 in stage 0.0 (TID 3) (spark-master,executor driver, partition 3, ANY, 19962 bytes)
[2026-04-13T17:49:22.799+0000] {subprocess.py:106} INFO - 26/04/13 17:49:22 INFO TaskSetManager: Starting task 4.0 in stage 0.0 (TID 4) (spark-master,executor driver, partition 4, ANY, 19167 bytes)
[2026-04-13T17:49:22.802+0000] {subprocess.py:106} INFO - 26/04/13 17:49:22 INFO TaskSetManager: Starting task 5.0 in stage 0.0 (TID 5) (spark-master,executor driver, partition 5, ANY, 19185 bytes)
[2026-04-13T17:49:22.814+0000] {subprocess.py:106} INFO - 26/04/13 17:49:22 INFO TaskSetManager: Starting task 6.0 in stage 0.0 (TID 6) (spark-master,executor driver, partition 6, ANY, 19197 bytes)
[2026-04-13T17:49:22.820+0000] {subprocess.py:106} INFO - 26/04/13 17:49:22 INFO TaskSetManager: Starting task 7.0 in stage 0.0 (TID 7) (spark-master,executor driver, partition 7, ANY, 19455 bytes)
[2026-04-13T17:49:22.829+0000] {subprocess.py:106} INFO - 26/04/13 17:49:22 INFO TaskSetManager: Starting task 8.0 in stage 0.0 (TID 8) (spark-master,executor driver, partition 8, ANY, 19167 bytes)
[2026-04-13T17:49:22.830+0000] {subprocess.py:106} INFO - 26/04/13 17:49:22 INFO TaskSetManager: Starting task 9.0 in stage 0.0 (TID 9) (spark-master,executor driver, partition 9, ANY, 19177 bytes)
[2026-04-13T17:49:22.834+0000] {subprocess.py:106} INFO - 26/04/13 17:49:22 INFO TaskSetManager: Starting task 10.0 in stage 0.0 (TID 10) (spark-master,executor driver, partition 10, ANY, 19171 bytes)
[2026-04-13T17:49:22.848+0000] {subprocess.py:106} INFO - 26/04/13 17:49:22 INFO TaskSetManager: Starting task 11.0 in stage 0.0 (TID 11) (spark-master,executor driver, partition 11, ANY, 19176 bytes)
[2026-04-13T17:49:22.904+0000] {subprocess.py:106} INFO - 26/04/13 17:49:22 INFO TaskSetManager: Starting task 12.0 in stage 0.0 (TID 12) (spark-master,executor driver, partition 12, ANY, 19444 bytes)
[2026-04-13T17:49:22.926+0000] {subprocess.py:106} INFO - 26/04/13 17:49:22 INFO TaskSetManager: Starting task 13.0 in stage 0.0 (TID 13) (spark-master,executor driver, partition 13, ANY, 19453 bytes)
[2026-04-13T17:49:22.959+0000] {subprocess.py:106} INFO - 26/04/13 17:49:22 INFO TaskSetManager: Starting task 14.0 in stage 0.0 (TID 14) (spark-master,executor driver, partition 14, ANY, 19453 bytes)
[2026-04-13T17:49:22.977+0000] {subprocess.py:106} INFO - 26/04/13 17:49:22 INFO TaskSetManager: Starting task 15.0 in stage 0.0 (TID 15) (spark-master,executor driver, partition 15, ANY, 19444 bytes)
[2026-04-13T17:49:23.212+0000] {subprocess.py:106} INFO - 26/04/13 17:49:23 INFO Executor: Running task 6.0 in stage 0.0 (TID 6)
[2026-04-13T17:49:23.217+0000] {subprocess.py:106} INFO - 26/04/13 17:49:23 INFO Executor: Running task 1.0 in stage 0.0 (TID 1)
[2026-04-13T17:49:23.220+0000] {subprocess.py:106} INFO - 26/04/13 17:49:23 INFO Executor: Running task 3.0 in stage 0.0 (TID 3)
[2026-04-13T17:49:23.227+0000] {subprocess.py:106} INFO - 26/04/13 17:49:23 INFO Executor: Running task 5.0 in stage 0.0 (TID 5)
[2026-04-13T17:49:23.231+0000] {subprocess.py:106} INFO - 26/04/13 17:49:23 INFO Executor: Running task 2.0 in stage 0.0 (TID 2)
[2026-04-13T17:49:23.233+0000] {subprocess.py:106} INFO - 26/04/13 17:49:23 INFO Executor: Running task 4.0 in stage 0.0 (TID 4)
[2026-04-13T17:49:23.236+0000] {subprocess.py:106} INFO - 26/04/13 17:49:23 INFO Executor: Running task 0.0 in stage 0.0 (TID 0)
[2026-04-13T17:49:23.237+0000] {subprocess.py:106} INFO - 26/04/13 17:49:23 INFO Executor: Running task 8.0 in stage 0.0 (TID 8)
[2026-04-13T17:49:23.238+0000] {subprocess.py:106} INFO - 26/04/13 17:49:23 INFO Executor: Running task 9.0 in stage 0.0 (TID 9)
[2026-04-13T17:49:23.239+0000] {subprocess.py:106} INFO - 26/04/13 17:49:23 INFO Executor: Running task 7.0 in stage 0.0 (TID 7)
[2026-04-13T17:49:23.241+0000] {subprocess.py:106} INFO - 26/04/13 17:49:23 INFO Executor: Running task 11.0 in stage 0.0 (TID 11)
[2026-04-13T17:49:23.242+0000] {subprocess.py:106} INFO - 26/04/13 17:49:23 INFO Executor: Running task 10.0 in stage 0.0 (TID 10)
[2026-04-13T17:49:23.254+0000] {subprocess.py:106} INFO - 26/04/13 17:49:23 INFO Executor: Running task 12.0 in stage 0.0 (TID 12)
[2026-04-13T17:49:23.273+0000] {subprocess.py:106} INFO - 26/04/13 17:49:23 INFO Executor: Running task 13.0 in stage 0.0 (TID 13)
[2026-04-13T17:49:23.278+0000] {subprocess.py:106} INFO - 26/04/13 17:49:23 INFO Executor: Running task 14.0 in stage 0.0 (TID 14)
[2026-04-13T17:49:23.284+0000] {subprocess.py:106} INFO - 26/04/13 17:49:23 INFO Executor: Running task 15.0 in stage 0.0 (TID 15)
[2026-04-13T17:49:25.815+0000] {subprocess.py:106} INFO - 26/04/13 17:49:25 INFO CodeGenerator: Code generated in 1683.439424 ms
[2026-04-13T17:49:27.405+0000] {subprocess.py:106} INFO - 26/04/13 17:49:27 INFO CodeGenerator: Code generated in 615.075956 ms
[2026-04-13T17:49:27.842+0000] {subprocess.py:106} INFO - 26/04/13 17:49:27 INFO CodeGenerator: Code generated in 180.369503 ms
[2026-04-13T17:49:29.140+0000] {subprocess.py:106} INFO - 26/04/13 17:49:29 INFO CodecPool: Got brand-new compressor [.zstd]
[2026-04-13T17:49:29.144+0000] {subprocess.py:106} INFO - 26/04/13 17:49:29 INFO CodecPool: Got brand-new compressor [.zstd]
[2026-04-13T17:49:29.151+0000] {subprocess.py:106} INFO - 26/04/13 17:49:29 INFO CodecPool: Got brand-new compressor [.zstd]
[2026-04-13T17:49:29.154+0000] {subprocess.py:106} INFO - 26/04/13 17:49:29 INFO CodecPool: Got brand-new compressor [.zstd]
[2026-04-13T17:49:29.157+0000] {subprocess.py:106} INFO - 26/04/13 17:49:29 INFO CodecPool: Got brand-new compressor [.zstd]
[2026-04-13T17:49:29.159+0000] {subprocess.py:106} INFO - 26/04/13 17:49:29 INFO CodecPool: Got brand-new compressor [.zstd]
[2026-04-13T17:49:29.160+0000] {subprocess.py:106} INFO - 26/04/13 17:49:29 INFO CodecPool: Got brand-new compressor [.zstd]
[2026-04-13T17:49:29.161+0000] {subprocess.py:106} INFO - 26/04/13 17:49:29 INFO CodecPool: Got brand-new compressor [.zstd]
[2026-04-13T17:49:29.162+0000] {subprocess.py:106} INFO - 26/04/13 17:49:29 INFO CodecPool: Got brand-new compressor [.zstd]
[2026-04-13T17:49:29.163+0000] {subprocess.py:106} INFO - 26/04/13 17:49:29 INFO CodecPool: Got brand-new compressor [.zstd]
[2026-04-13T17:49:29.164+0000] {subprocess.py:106} INFO - 26/04/13 17:49:29 INFO CodecPool: Got brand-new compressor [.zstd]
[2026-04-13T17:49:29.167+0000] {subprocess.py:106} INFO - 26/04/13 17:49:29 INFO CodecPool: Got brand-new compressor [.zstd]
[2026-04-13T17:49:29.168+0000] {subprocess.py:106} INFO - 26/04/13 17:49:29 INFO CodecPool: Got brand-new compressor [.zstd]
[2026-04-13T17:49:29.169+0000] {subprocess.py:106} INFO - 26/04/13 17:49:29 INFO CodecPool: Got brand-new compressor [.zstd]
[2026-04-13T17:49:29.170+0000] {subprocess.py:106} INFO - 26/04/13 17:49:29 INFO CodecPool: Got brand-new compressor [.zstd]
[2026-04-13T17:49:29.173+0000] {subprocess.py:106} INFO - 26/04/13 17:49:29 INFO CodecPool: Got brand-new compressor [.zstd]
[2026-04-13T17:50:18.938+0000] {job.py:239} ERROR - Job heartbeat failed with error
Traceback (most recent call last):
  File "/home/airflow/airflow/venv/lib/python3.12/site-packages/sqlalchemy/engine/base.py", line 3371, in _wrap_pool_connect
    return fn()
           ^^^^
  File "/home/airflow/airflow/venv/lib/python3.12/site-packages/sqlalchemy/pool/base.py", line 327, in connect
    return _ConnectionFairy._checkout(self)
           ^^^^^^^^^^^^^^^^^^^^^^^^^^^^^^^^
  File "/home/airflow/airflow/venv/lib/python3.12/site-packages/sqlalchemy/pool/base.py", line 894, in _checkout
    fairy = _ConnectionRecord.checkout(pool)
            ^^^^^^^^^^^^^^^^^^^^^^^^^^^^^^^^
  File "/home/airflow/airflow/venv/lib/python3.12/site-packages/sqlalchemy/pool/base.py", line 493, in checkout
    rec = pool._do_get()
          ^^^^^^^^^^^^^^
  File "/home/airflow/airflow/venv/lib/python3.12/site-packages/sqlalchemy/pool/impl.py", line 256, in _do_get
    return self._create_connection()
           ^^^^^^^^^^^^^^^^^^^^^^^^^
  File "/home/airflow/airflow/venv/lib/python3.12/site-packages/sqlalchemy/pool/base.py", line 273, in _create_connection
    return _ConnectionRecord(self)
           ^^^^^^^^^^^^^^^^^^^^^^^
  File "/home/airflow/airflow/venv/lib/python3.12/site-packages/sqlalchemy/pool/base.py", line 388, in __init__
    self.__connect()
  File "/home/airflow/airflow/venv/lib/python3.12/site-packages/sqlalchemy/pool/base.py", line 690, in __connect
    with util.safe_reraise():
         ^^^^^^^^^^^^^^^^^^^
  File "/home/airflow/airflow/venv/lib/python3.12/site-packages/sqlalchemy/util/langhelpers.py", line 70, in __exit__
    compat.raise_(
  File "/home/airflow/airflow/venv/lib/python3.12/site-packages/sqlalchemy/util/compat.py", line 211, in raise_
    raise exception
  File "/home/airflow/airflow/venv/lib/python3.12/site-packages/sqlalchemy/pool/base.py", line 686, in __connect
    self.dbapi_connection = connection = pool._invoke_creator(self)
                                         ^^^^^^^^^^^^^^^^^^^^^^^^^^
  File "/home/airflow/airflow/venv/lib/python3.12/site-packages/sqlalchemy/engine/create.py", line 574, in connect
    return dialect.connect(*cargs, **cparams)
           ^^^^^^^^^^^^^^^^^^^^^^^^^^^^^^^^^^
  File "/home/airflow/airflow/venv/lib/python3.12/site-packages/sqlalchemy/engine/default.py", line 598, in connect
    return self.dbapi.connect(*cargs, **cparams)
           ^^^^^^^^^^^^^^^^^^^^^^^^^^^^^^^^^^^^^
  File "/home/airflow/airflow/venv/lib/python3.12/site-packages/psycopg2/__init__.py", line 122, in connect
    conn = _connect(dsn, connection_factory=connection_factory, **kwasync)
           ^^^^^^^^^^^^^^^^^^^^^^^^^^^^^^^^^^^^^^^^^^^^^^^^^^^^^^^^^^^^^^^
psycopg2.OperationalError: could not translate host name "***" to address: Temporary failure in name resolution


The above exception was the direct cause of the following exception:

Traceback (most recent call last):
  File "/home/airflow/airflow/venv/lib/python3.12/site-packages/airflow/jobs/job.py", line 207, in heartbeat
    self._merge_from(Job._fetch_from_db(self, session))
                     ^^^^^^^^^^^^^^^^^^^^^^^^^^^^^^^^^
  File "/home/airflow/airflow/venv/lib/python3.12/site-packages/airflow/api_internal/internal_api_call.py", line 166, in wrapper
    return func(*args, **kwargs)
           ^^^^^^^^^^^^^^^^^^^^^
  File "/home/airflow/airflow/venv/lib/python3.12/site-packages/airflow/utils/session.py", line 94, in wrapper
    return func(*args, **kwargs)
           ^^^^^^^^^^^^^^^^^^^^^
  File "/home/airflow/airflow/venv/lib/python3.12/site-packages/airflow/utils/retries.py", line 93, in wrapped_function
    for attempt in run_with_db_retries(max_retries=retries, logger=logger, **retry_kwargs):
                   ^^^^^^^^^^^^^^^^^^^^^^^^^^^^^^^^^^^^^^^^^^^^^^^^^^^^^^^^^^^^^^^^^^^^^^^
  File "/home/airflow/airflow/venv/lib/python3.12/site-packages/tenacity/__init__.py", line 438, in __iter__
    do = self.iter(retry_state=retry_state)
         ^^^^^^^^^^^^^^^^^^^^^^^^^^^^^^^^^^
  File "/home/airflow/airflow/venv/lib/python3.12/site-packages/tenacity/__init__.py", line 371, in iter
    result = action(retry_state)
             ^^^^^^^^^^^^^^^^^^^
  File "/home/airflow/airflow/venv/lib/python3.12/site-packages/tenacity/__init__.py", line 413, in exc_check
    raise retry_exc.reraise()
          ^^^^^^^^^^^^^^^^^^^
  File "/home/airflow/airflow/venv/lib/python3.12/site-packages/tenacity/__init__.py", line 184, in reraise
    raise self.last_attempt.result()
          ^^^^^^^^^^^^^^^^^^^^^^^^^^
  File "/usr/local/lib/python3.12/concurrent/futures/_base.py", line 449, in result
    return self.__get_result()
           ^^^^^^^^^^^^^^^^^^^
  File "/usr/local/lib/python3.12/concurrent/futures/_base.py", line 401, in __get_result
    raise self._exception
  File "/home/airflow/airflow/venv/lib/python3.12/site-packages/airflow/utils/retries.py", line 102, in wrapped_function
    return func(*args, **kwargs)
           ^^^^^^^^^^^^^^^^^^^^^
  File "/home/airflow/airflow/venv/lib/python3.12/site-packages/airflow/jobs/job.py", line 335, in _fetch_from_db
    session.merge(job)
  File "/home/airflow/airflow/venv/lib/python3.12/site-packages/sqlalchemy/orm/session.py", line 3056, in merge
    return self._merge(
           ^^^^^^^^^^^^
  File "/home/airflow/airflow/venv/lib/python3.12/site-packages/sqlalchemy/orm/session.py", line 3136, in _merge
    merged = self.get(
             ^^^^^^^^^
  File "/home/airflow/airflow/venv/lib/python3.12/site-packages/sqlalchemy/orm/session.py", line 2853, in get
    return self._get_impl(
           ^^^^^^^^^^^^^^^
  File "/home/airflow/airflow/venv/lib/python3.12/site-packages/sqlalchemy/orm/session.py", line 2975, in _get_impl
    return db_load_fn(
           ^^^^^^^^^^^
  File "/home/airflow/airflow/venv/lib/python3.12/site-packages/sqlalchemy/orm/loading.py", line 530, in load_on_pk_identity
    session.execute(
  File "/home/airflow/airflow/venv/lib/python3.12/site-packages/sqlalchemy/orm/session.py", line 1716, in execute
    conn = self._connection_for_bind(bind)
           ^^^^^^^^^^^^^^^^^^^^^^^^^^^^^^^
  File "/home/airflow/airflow/venv/lib/python3.12/site-packages/sqlalchemy/orm/session.py", line 1555, in _connection_for_bind
    return self._transaction._connection_for_bind(
           ^^^^^^^^^^^^^^^^^^^^^^^^^^^^^^^^^^^^^^^
  File "/home/airflow/airflow/venv/lib/python3.12/site-packages/sqlalchemy/orm/session.py", line 750, in _connection_for_bind
    conn = bind.connect()
           ^^^^^^^^^^^^^^
  File "/home/airflow/airflow/venv/lib/python3.12/site-packages/sqlalchemy/future/engine.py", line 412, in connect
    return super(Engine, self).connect()
           ^^^^^^^^^^^^^^^^^^^^^^^^^^^^^
  File "/home/airflow/airflow/venv/lib/python3.12/site-packages/sqlalchemy/engine/base.py", line 3325, in connect
    return self._connection_cls(self, close_with_result=close_with_result)
           ^^^^^^^^^^^^^^^^^^^^^^^^^^^^^^^^^^^^^^^^^^^^^^^^^^^^^^^^^^^^^^^
  File "/home/airflow/airflow/venv/lib/python3.12/site-packages/sqlalchemy/engine/base.py", line 96, in __init__
    else engine.raw_connection()
         ^^^^^^^^^^^^^^^^^^^^^^^
  File "/home/airflow/airflow/venv/lib/python3.12/site-packages/sqlalchemy/engine/base.py", line 3404, in raw_connection
    return self._wrap_pool_connect(self.pool.connect, _connection)
           ^^^^^^^^^^^^^^^^^^^^^^^^^^^^^^^^^^^^^^^^^^^^^^^^^^^^^^^
  File "/home/airflow/airflow/venv/lib/python3.12/site-packages/sqlalchemy/engine/base.py", line 3374, in _wrap_pool_connect
    Connection._handle_dbapi_exception_noconnection(
  File "/home/airflow/airflow/venv/lib/python3.12/site-packages/sqlalchemy/engine/base.py", line 2208, in _handle_dbapi_exception_noconnection
    util.raise_(
  File "/home/airflow/airflow/venv/lib/python3.12/site-packages/sqlalchemy/util/compat.py", line 211, in raise_
    raise exception
  File "/home/airflow/airflow/venv/lib/python3.12/site-packages/sqlalchemy/engine/base.py", line 3371, in _wrap_pool_connect
    return fn()
           ^^^^
  File "/home/airflow/airflow/venv/lib/python3.12/site-packages/sqlalchemy/pool/base.py", line 327, in connect
    return _ConnectionFairy._checkout(self)
           ^^^^^^^^^^^^^^^^^^^^^^^^^^^^^^^^
  File "/home/airflow/airflow/venv/lib/python3.12/site-packages/sqlalchemy/pool/base.py", line 894, in _checkout
    fairy = _ConnectionRecord.checkout(pool)
            ^^^^^^^^^^^^^^^^^^^^^^^^^^^^^^^^
  File "/home/airflow/airflow/venv/lib/python3.12/site-packages/sqlalchemy/pool/base.py", line 493, in checkout
    rec = pool._do_get()
          ^^^^^^^^^^^^^^
  File "/home/airflow/airflow/venv/lib/python3.12/site-packages/sqlalchemy/pool/impl.py", line 256, in _do_get
    return self._create_connection()
           ^^^^^^^^^^^^^^^^^^^^^^^^^
  File "/home/airflow/airflow/venv/lib/python3.12/site-packages/sqlalchemy/pool/base.py", line 273, in _create_connection
    return _ConnectionRecord(self)
           ^^^^^^^^^^^^^^^^^^^^^^^
  File "/home/airflow/airflow/venv/lib/python3.12/site-packages/sqlalchemy/pool/base.py", line 388, in __init__
    self.__connect()
  File "/home/airflow/airflow/venv/lib/python3.12/site-packages/sqlalchemy/pool/base.py", line 690, in __connect
    with util.safe_reraise():
         ^^^^^^^^^^^^^^^^^^^
  File "/home/airflow/airflow/venv/lib/python3.12/site-packages/sqlalchemy/util/langhelpers.py", line 70, in __exit__
    compat.raise_(
  File "/home/airflow/airflow/venv/lib/python3.12/site-packages/sqlalchemy/util/compat.py", line 211, in raise_
    raise exception
  File "/home/airflow/airflow/venv/lib/python3.12/site-packages/sqlalchemy/pool/base.py", line 686, in __connect
    self.dbapi_connection = connection = pool._invoke_creator(self)
                                         ^^^^^^^^^^^^^^^^^^^^^^^^^^
  File "/home/airflow/airflow/venv/lib/python3.12/site-packages/sqlalchemy/engine/create.py", line 574, in connect
    return dialect.connect(*cargs, **cparams)
           ^^^^^^^^^^^^^^^^^^^^^^^^^^^^^^^^^^
  File "/home/airflow/airflow/venv/lib/python3.12/site-packages/sqlalchemy/engine/default.py", line 598, in connect
    return self.dbapi.connect(*cargs, **cparams)
           ^^^^^^^^^^^^^^^^^^^^^^^^^^^^^^^^^^^^^
  File "/home/airflow/airflow/venv/lib/python3.12/site-packages/psycopg2/__init__.py", line 122, in connect
    conn = _connect(dsn, connection_factory=connection_factory, **kwasync)
           ^^^^^^^^^^^^^^^^^^^^^^^^^^^^^^^^^^^^^^^^^^^^^^^^^^^^^^^^^^^^^^^
sqlalchemy.exc.OperationalError: (psycopg2.OperationalError) could not translate host name "***" to address: Temporary failure in name resolution

(Background on this error at: https://sqlalche.me/e/14/e3q8)
[2026-04-13T17:50:21.872+0000] {job.py:254} ERROR - Job heartbeat failed with error. Scheduler is in unhealthy state
[2026-04-13T17:51:02.991+0000] {job.py:229} INFO - Heartbeat recovered after 90.56 seconds
[2026-04-13T17:51:14.315+0000] {job.py:254} ERROR - Job heartbeat failed with error. Scheduler is in unhealthy state
[2026-04-13T17:52:49.938+0000] {job.py:254} ERROR - Job heartbeat failed with error. Scheduler is in unhealthy state
[2026-04-13T17:53:42.264+0000] {job.py:229} INFO - Heartbeat recovered after 159.29 seconds
[2026-04-13T17:54:58.304+0000] {job.py:239} ERROR - Job heartbeat failed with error
Traceback (most recent call last):
  File "/home/airflow/airflow/venv/lib/python3.12/site-packages/sqlalchemy/engine/base.py", line 3371, in _wrap_pool_connect
    return fn()
           ^^^^
  File "/home/airflow/airflow/venv/lib/python3.12/site-packages/sqlalchemy/pool/base.py", line 327, in connect
    return _ConnectionFairy._checkout(self)
           ^^^^^^^^^^^^^^^^^^^^^^^^^^^^^^^^
  File "/home/airflow/airflow/venv/lib/python3.12/site-packages/sqlalchemy/pool/base.py", line 894, in _checkout
    fairy = _ConnectionRecord.checkout(pool)
            ^^^^^^^^^^^^^^^^^^^^^^^^^^^^^^^^
  File "/home/airflow/airflow/venv/lib/python3.12/site-packages/sqlalchemy/pool/base.py", line 493, in checkout
    rec = pool._do_get()
          ^^^^^^^^^^^^^^
  File "/home/airflow/airflow/venv/lib/python3.12/site-packages/sqlalchemy/pool/impl.py", line 256, in _do_get
    return self._create_connection()
           ^^^^^^^^^^^^^^^^^^^^^^^^^
  File "/home/airflow/airflow/venv/lib/python3.12/site-packages/sqlalchemy/pool/base.py", line 273, in _create_connection
    return _ConnectionRecord(self)
           ^^^^^^^^^^^^^^^^^^^^^^^
  File "/home/airflow/airflow/venv/lib/python3.12/site-packages/sqlalchemy/pool/base.py", line 388, in __init__
    self.__connect()
  File "/home/airflow/airflow/venv/lib/python3.12/site-packages/sqlalchemy/pool/base.py", line 690, in __connect
    with util.safe_reraise():
         ^^^^^^^^^^^^^^^^^^^
  File "/home/airflow/airflow/venv/lib/python3.12/site-packages/sqlalchemy/util/langhelpers.py", line 70, in __exit__
    compat.raise_(
  File "/home/airflow/airflow/venv/lib/python3.12/site-packages/sqlalchemy/util/compat.py", line 211, in raise_
    raise exception
  File "/home/airflow/airflow/venv/lib/python3.12/site-packages/sqlalchemy/pool/base.py", line 686, in __connect
    self.dbapi_connection = connection = pool._invoke_creator(self)
                                         ^^^^^^^^^^^^^^^^^^^^^^^^^^
  File "/home/airflow/airflow/venv/lib/python3.12/site-packages/sqlalchemy/engine/create.py", line 574, in connect
    return dialect.connect(*cargs, **cparams)
           ^^^^^^^^^^^^^^^^^^^^^^^^^^^^^^^^^^
  File "/home/airflow/airflow/venv/lib/python3.12/site-packages/sqlalchemy/engine/default.py", line 598, in connect
    return self.dbapi.connect(*cargs, **cparams)
           ^^^^^^^^^^^^^^^^^^^^^^^^^^^^^^^^^^^^^
  File "/home/airflow/airflow/venv/lib/python3.12/site-packages/psycopg2/__init__.py", line 122, in connect
    conn = _connect(dsn, connection_factory=connection_factory, **kwasync)
           ^^^^^^^^^^^^^^^^^^^^^^^^^^^^^^^^^^^^^^^^^^^^^^^^^^^^^^^^^^^^^^^
psycopg2.OperationalError: could not translate host name "***" to address: Temporary failure in name resolution


The above exception was the direct cause of the following exception:

Traceback (most recent call last):
  File "/home/airflow/airflow/venv/lib/python3.12/site-packages/airflow/jobs/job.py", line 207, in heartbeat
    self._merge_from(Job._fetch_from_db(self, session))
                     ^^^^^^^^^^^^^^^^^^^^^^^^^^^^^^^^^
  File "/home/airflow/airflow/venv/lib/python3.12/site-packages/airflow/api_internal/internal_api_call.py", line 166, in wrapper
    return func(*args, **kwargs)
           ^^^^^^^^^^^^^^^^^^^^^
  File "/home/airflow/airflow/venv/lib/python3.12/site-packages/airflow/utils/session.py", line 94, in wrapper
    return func(*args, **kwargs)
           ^^^^^^^^^^^^^^^^^^^^^
  File "/home/airflow/airflow/venv/lib/python3.12/site-packages/airflow/utils/retries.py", line 93, in wrapped_function
    for attempt in run_with_db_retries(max_retries=retries, logger=logger, **retry_kwargs):
                   ^^^^^^^^^^^^^^^^^^^^^^^^^^^^^^^^^^^^^^^^^^^^^^^^^^^^^^^^^^^^^^^^^^^^^^^
  File "/home/airflow/airflow/venv/lib/python3.12/site-packages/tenacity/__init__.py", line 438, in __iter__
    do = self.iter(retry_state=retry_state)
         ^^^^^^^^^^^^^^^^^^^^^^^^^^^^^^^^^^
  File "/home/airflow/airflow/venv/lib/python3.12/site-packages/tenacity/__init__.py", line 371, in iter
    result = action(retry_state)
             ^^^^^^^^^^^^^^^^^^^
  File "/home/airflow/airflow/venv/lib/python3.12/site-packages/tenacity/__init__.py", line 413, in exc_check
    raise retry_exc.reraise()
          ^^^^^^^^^^^^^^^^^^^
  File "/home/airflow/airflow/venv/lib/python3.12/site-packages/tenacity/__init__.py", line 184, in reraise
    raise self.last_attempt.result()
          ^^^^^^^^^^^^^^^^^^^^^^^^^^
  File "/usr/local/lib/python3.12/concurrent/futures/_base.py", line 449, in result
    return self.__get_result()
           ^^^^^^^^^^^^^^^^^^^
  File "/usr/local/lib/python3.12/concurrent/futures/_base.py", line 401, in __get_result
    raise self._exception
  File "/home/airflow/airflow/venv/lib/python3.12/site-packages/airflow/utils/retries.py", line 102, in wrapped_function
    return func(*args, **kwargs)
           ^^^^^^^^^^^^^^^^^^^^^
  File "/home/airflow/airflow/venv/lib/python3.12/site-packages/airflow/jobs/job.py", line 335, in _fetch_from_db
    session.merge(job)
  File "/home/airflow/airflow/venv/lib/python3.12/site-packages/sqlalchemy/orm/session.py", line 3056, in merge
    return self._merge(
           ^^^^^^^^^^^^
  File "/home/airflow/airflow/venv/lib/python3.12/site-packages/sqlalchemy/orm/session.py", line 3136, in _merge
    merged = self.get(
             ^^^^^^^^^
  File "/home/airflow/airflow/venv/lib/python3.12/site-packages/sqlalchemy/orm/session.py", line 2853, in get
    return self._get_impl(
           ^^^^^^^^^^^^^^^
  File "/home/airflow/airflow/venv/lib/python3.12/site-packages/sqlalchemy/orm/session.py", line 2975, in _get_impl
    return db_load_fn(
           ^^^^^^^^^^^
  File "/home/airflow/airflow/venv/lib/python3.12/site-packages/sqlalchemy/orm/loading.py", line 530, in load_on_pk_identity
    session.execute(
  File "/home/airflow/airflow/venv/lib/python3.12/site-packages/sqlalchemy/orm/session.py", line 1716, in execute
    conn = self._connection_for_bind(bind)
           ^^^^^^^^^^^^^^^^^^^^^^^^^^^^^^^
  File "/home/airflow/airflow/venv/lib/python3.12/site-packages/sqlalchemy/orm/session.py", line 1555, in _connection_for_bind
    return self._transaction._connection_for_bind(
           ^^^^^^^^^^^^^^^^^^^^^^^^^^^^^^^^^^^^^^^
  File "/home/airflow/airflow/venv/lib/python3.12/site-packages/sqlalchemy/orm/session.py", line 750, in _connection_for_bind
    conn = bind.connect()
           ^^^^^^^^^^^^^^
  File "/home/airflow/airflow/venv/lib/python3.12/site-packages/sqlalchemy/future/engine.py", line 412, in connect
    return super(Engine, self).connect()
           ^^^^^^^^^^^^^^^^^^^^^^^^^^^^^
  File "/home/airflow/airflow/venv/lib/python3.12/site-packages/sqlalchemy/engine/base.py", line 3325, in connect
    return self._connection_cls(self, close_with_result=close_with_result)
           ^^^^^^^^^^^^^^^^^^^^^^^^^^^^^^^^^^^^^^^^^^^^^^^^^^^^^^^^^^^^^^^
  File "/home/airflow/airflow/venv/lib/python3.12/site-packages/sqlalchemy/engine/base.py", line 96, in __init__
    else engine.raw_connection()
         ^^^^^^^^^^^^^^^^^^^^^^^
  File "/home/airflow/airflow/venv/lib/python3.12/site-packages/sqlalchemy/engine/base.py", line 3404, in raw_connection
    return self._wrap_pool_connect(self.pool.connect, _connection)
           ^^^^^^^^^^^^^^^^^^^^^^^^^^^^^^^^^^^^^^^^^^^^^^^^^^^^^^^
  File "/home/airflow/airflow/venv/lib/python3.12/site-packages/sqlalchemy/engine/base.py", line 3374, in _wrap_pool_connect
    Connection._handle_dbapi_exception_noconnection(
  File "/home/airflow/airflow/venv/lib/python3.12/site-packages/sqlalchemy/engine/base.py", line 2208, in _handle_dbapi_exception_noconnection
    util.raise_(
  File "/home/airflow/airflow/venv/lib/python3.12/site-packages/sqlalchemy/util/compat.py", line 211, in raise_
    raise exception
  File "/home/airflow/airflow/venv/lib/python3.12/site-packages/sqlalchemy/engine/base.py", line 3371, in _wrap_pool_connect
    return fn()
           ^^^^
  File "/home/airflow/airflow/venv/lib/python3.12/site-packages/sqlalchemy/pool/base.py", line 327, in connect
    return _ConnectionFairy._checkout(self)
           ^^^^^^^^^^^^^^^^^^^^^^^^^^^^^^^^
  File "/home/airflow/airflow/venv/lib/python3.12/site-packages/sqlalchemy/pool/base.py", line 894, in _checkout
    fairy = _ConnectionRecord.checkout(pool)
            ^^^^^^^^^^^^^^^^^^^^^^^^^^^^^^^^
  File "/home/airflow/airflow/venv/lib/python3.12/site-packages/sqlalchemy/pool/base.py", line 493, in checkout
    rec = pool._do_get()
          ^^^^^^^^^^^^^^
  File "/home/airflow/airflow/venv/lib/python3.12/site-packages/sqlalchemy/pool/impl.py", line 256, in _do_get
    return self._create_connection()
           ^^^^^^^^^^^^^^^^^^^^^^^^^
  File "/home/airflow/airflow/venv/lib/python3.12/site-packages/sqlalchemy/pool/base.py", line 273, in _create_connection
    return _ConnectionRecord(self)
           ^^^^^^^^^^^^^^^^^^^^^^^
  File "/home/airflow/airflow/venv/lib/python3.12/site-packages/sqlalchemy/pool/base.py", line 388, in __init__
    self.__connect()
  File "/home/airflow/airflow/venv/lib/python3.12/site-packages/sqlalchemy/pool/base.py", line 690, in __connect
    with util.safe_reraise():
         ^^^^^^^^^^^^^^^^^^^
  File "/home/airflow/airflow/venv/lib/python3.12/site-packages/sqlalchemy/util/langhelpers.py", line 70, in __exit__
    compat.raise_(
  File "/home/airflow/airflow/venv/lib/python3.12/site-packages/sqlalchemy/util/compat.py", line 211, in raise_
    raise exception
  File "/home/airflow/airflow/venv/lib/python3.12/site-packages/sqlalchemy/pool/base.py", line 686, in __connect
    self.dbapi_connection = connection = pool._invoke_creator(self)
                                         ^^^^^^^^^^^^^^^^^^^^^^^^^^
  File "/home/airflow/airflow/venv/lib/python3.12/site-packages/sqlalchemy/engine/create.py", line 574, in connect
    return dialect.connect(*cargs, **cparams)
           ^^^^^^^^^^^^^^^^^^^^^^^^^^^^^^^^^^
  File "/home/airflow/airflow/venv/lib/python3.12/site-packages/sqlalchemy/engine/default.py", line 598, in connect
    return self.dbapi.connect(*cargs, **cparams)
           ^^^^^^^^^^^^^^^^^^^^^^^^^^^^^^^^^^^^^
  File "/home/airflow/airflow/venv/lib/python3.12/site-packages/psycopg2/__init__.py", line 122, in connect
    conn = _connect(dsn, connection_factory=connection_factory, **kwasync)
           ^^^^^^^^^^^^^^^^^^^^^^^^^^^^^^^^^^^^^^^^^^^^^^^^^^^^^^^^^^^^^^^
sqlalchemy.exc.OperationalError: (psycopg2.OperationalError) could not translate host name "***" to address: Temporary failure in name resolution

(Background on this error at: https://sqlalche.me/e/14/e3q8)
[2026-04-13T17:56:31.187+0000] {job.py:254} ERROR - Job heartbeat failed with error. Scheduler is in unhealthy state
[2026-04-13T17:57:32.367+0000] {job.py:229} INFO - Heartbeat recovered after 230.19 seconds
[2026-04-13T17:57:34.323+0000] {subprocess.py:110} INFO - Command exited with return code 0
[2026-04-13T17:57:38.983+0000] {taskinstance.py:340} INFO - ::group::Post task execution logs
[2026-04-13T17:57:39.054+0000] {taskinstance.py:352} INFO - Marking task as SUCCESS. dag_id=predict_aqi, task_id=train_model, run_id=scheduled__2026-04-13T12:00:00+00:00, execution_date=20260413T120000, start_date=20260413T174138, end_date=20260413T175739
[2026-04-13T17:57:40.105+0000] {local_task_job_runner.py:266} INFO - Task exited with return code 0
[2026-04-13T17:57:40.986+0000] {taskinstance.py:3895} INFO - 1 downstream tasks scheduled from follow-on schedule check
[2026-04-13T17:57:41.013+0000] {local_task_job_runner.py:245} INFO - ::endgroup::
