[2026-04-13T14:07:58.702+0000] {local_task_job_runner.py:123} INFO - ::group::Pre task execution logs
[2026-04-13T14:07:58.816+0000] {taskinstance.py:2613} INFO - Dependencies all met for dep_context=non-requeueable deps ti=<TaskInstance: predict_aqi.silver_to_gold manual__2026-04-13T14:07:37.472149+00:00 [queued]>
[2026-04-13T14:07:58.868+0000] {taskinstance.py:2613} INFO - Dependencies all met for dep_context=requeueable deps ti=<TaskInstance: predict_aqi.silver_to_gold manual__2026-04-13T14:07:37.472149+00:00 [queued]>
[2026-04-13T14:07:58.870+0000] {taskinstance.py:2866} INFO - Starting attempt 1 of 3
[2026-04-13T14:07:58.935+0000] {taskinstance.py:2889} INFO - Executing <Task(BashOperator): silver_to_gold> on 2026-04-13 14:07:37.472149+00:00
[2026-04-13T14:07:58.962+0000] {standard_task_runner.py:104} INFO - Running: ['airflow', 'tasks', 'run', 'predict_aqi', 'silver_to_gold', 'manual__2026-04-13T14:07:37.472149+00:00', '--job-id', '161', '--raw', '--subdir', 'DAGS_FOLDER/dag_ml.py', '--cfg-path', '/tmp/tmpt8rsmy7o']
[2026-04-13T14:07:58.977+0000] {standard_task_runner.py:105} INFO - Job 161: Subtask silver_to_gold
[2026-04-13T14:07:59.009+0000] {logging_mixin.py:190} WARNING - /home/airflow/airflow/venv/lib/python3.12/site-packages/airflow/task/task_runner/standard_task_runner.py:70 DeprecationWarning: This process (pid=56084) is multi-threaded, use of fork() may lead to deadlocks in the child.
[2026-04-13T14:07:59.012+0000] {standard_task_runner.py:72} INFO - Started process 56135 to run task
[2026-04-13T14:07:59.313+0000] {task_command.py:467} INFO - Running <TaskInstance: predict_aqi.silver_to_gold manual__2026-04-13T14:07:37.472149+00:00 [running]> on host airflow
[2026-04-13T14:07:59.842+0000] {taskinstance.py:3132} INFO - Exporting env vars: AIRFLOW_CTX_DAG_OWNER='airflow' AIRFLOW_CTX_DAG_ID='predict_aqi' AIRFLOW_CTX_TASK_ID='silver_to_gold' AIRFLOW_CTX_EXECUTION_DATE='2026-04-13T14:07:37.472149+00:00' AIRFLOW_CTX_TRY_NUMBER='1' AIRFLOW_CTX_DAG_RUN_ID='manual__2026-04-13T14:07:37.472149+00:00'
[2026-04-13T14:07:59.849+0000] {taskinstance.py:731} INFO - ::endgroup::
[2026-04-13T14:07:59.926+0000] {subprocess.py:78} INFO - Tmp dir root location: /tmp
[2026-04-13T14:07:59.936+0000] {subprocess.py:88} INFO - Running command: ['/usr/bin/bash', '-c', '\n            docker exec spark-master spark-submit                 --packages org.apache.iceberg:iceberg-spark-runtime-4.0_2.13:1.10.1                 /home/spark/spark/spark_jobs/silver_to_gold.py 2026-04-13\n        ']
[2026-04-13T14:07:59.966+0000] {subprocess.py:99} INFO - Output:
[2026-04-13T14:08:01.816+0000] {subprocess.py:106} INFO - WARNING: Using incubator modules: jdk.incubator.vector
[2026-04-13T14:08:08.779+0000] {subprocess.py:106} INFO - :: loading settings :: url = jar:file:/home/spark/spark/jars/ivy-2.5.3.jar!/org/apache/ivy/core/settings/ivysettings.xml
[2026-04-13T14:08:09.264+0000] {subprocess.py:106} INFO - Ivy Default Cache set to: /home/spark/.ivy2.5.2/cache
[2026-04-13T14:08:09.266+0000] {subprocess.py:106} INFO - The jars for the packages stored in: /home/spark/.ivy2.5.2/jars
[2026-04-13T14:08:09.317+0000] {subprocess.py:106} INFO - org.apache.iceberg#iceberg-spark-runtime-4.0_2.13 added as a dependency
[2026-04-13T14:08:09.321+0000] {subprocess.py:106} INFO - :: resolving dependencies :: org.apache.spark#spark-submit-parent-756d8f06-d5a1-42e1-9ac9-ae8dd7360547;1.0
[2026-04-13T14:08:09.324+0000] {subprocess.py:106} INFO - 	confs: [default]
[2026-04-13T14:08:09.795+0000] {subprocess.py:106} INFO - 	found org.apache.iceberg#iceberg-spark-runtime-4.0_2.13;1.10.1 in central
[2026-04-13T14:08:09.848+0000] {subprocess.py:106} INFO - :: resolution report :: resolve 509ms :: artifacts dl 11ms
[2026-04-13T14:08:09.850+0000] {subprocess.py:106} INFO - 	:: modules in use:
[2026-04-13T14:08:09.852+0000] {subprocess.py:106} INFO - 	org.apache.iceberg#iceberg-spark-runtime-4.0_2.13;1.10.1 from central in [default]
[2026-04-13T14:08:09.853+0000] {subprocess.py:106} INFO - 	---------------------------------------------------------------------
[2026-04-13T14:08:09.855+0000] {subprocess.py:106} INFO - 	|                  |            modules            ||   artifacts   |
[2026-04-13T14:08:09.858+0000] {subprocess.py:106} INFO - 	|       conf       | number| search|dwnlded|evicted|| number|dwnlded|
[2026-04-13T14:08:09.860+0000] {subprocess.py:106} INFO - 	---------------------------------------------------------------------
[2026-04-13T14:08:09.862+0000] {subprocess.py:106} INFO - 	|      default     |   1   |   0   |   0   |   0   ||   1   |   0   |
[2026-04-13T14:08:09.868+0000] {subprocess.py:106} INFO - 	---------------------------------------------------------------------
[2026-04-13T14:08:09.870+0000] {subprocess.py:106} INFO - :: retrieving :: org.apache.spark#spark-submit-parent-756d8f06-d5a1-42e1-9ac9-ae8dd7360547
[2026-04-13T14:08:09.871+0000] {subprocess.py:106} INFO - 	confs: [default]
[2026-04-13T14:08:09.875+0000] {subprocess.py:106} INFO - 	0 artifacts copied, 1 already retrieved (0kB/21ms)
[2026-04-13T14:08:10.950+0000] {subprocess.py:106} INFO - 26/04/13 14:08:10 WARN NativeCodeLoader: Unable to load native-hadoop library for your platform... using builtin-java classes where applicable
[2026-04-13T14:08:18.309+0000] {subprocess.py:106} INFO - Using Spark's default log4j profile: org/apache/spark/log4j2-defaults.properties
[2026-04-13T14:08:18.339+0000] {subprocess.py:106} INFO - 26/04/13 14:08:18 INFO SparkContext: Running Spark version 4.0.2
[2026-04-13T14:08:18.340+0000] {subprocess.py:106} INFO - 26/04/13 14:08:18 INFO SparkContext: OS info Linux, 6.6.87.2-microsoft-standard-WSL2, amd64
[2026-04-13T14:08:18.344+0000] {subprocess.py:106} INFO - 26/04/13 14:08:18 INFO SparkContext: Java version 21.0.10
[2026-04-13T14:08:18.469+0000] {subprocess.py:106} INFO - 26/04/13 14:08:18 INFO ResourceUtils: ==============================================================
[2026-04-13T14:08:18.472+0000] {subprocess.py:106} INFO - 26/04/13 14:08:18 INFO ResourceUtils: No custom resources configured for spark.driver.
[2026-04-13T14:08:18.480+0000] {subprocess.py:106} INFO - 26/04/13 14:08:18 INFO ResourceUtils: ==============================================================
[2026-04-13T14:08:18.483+0000] {subprocess.py:106} INFO - 26/04/13 14:08:18 INFO SparkContext: Submitted application: Silver_to_Gold
[2026-04-13T14:08:18.646+0000] {subprocess.py:106} INFO - 26/04/13 14:08:18 INFO ResourceProfile: Default ResourceProfile created, executor resources: Map(cores -> name: cores, amount: 2, script: , vendor: , memory -> name: memory, amount: 2048, script: , vendor: , offHeap -> name: offHeap, amount: 0, script: , vendor: ), task resources: Map(cpus -> name: cpus, amount: 1.0)
[2026-04-13T14:08:18.685+0000] {subprocess.py:106} INFO - 26/04/13 14:08:18 INFO ResourceProfile: Limiting resource is cpus at 2 tasks per executor
[2026-04-13T14:08:18.699+0000] {subprocess.py:106} INFO - 26/04/13 14:08:18 INFO ResourceProfileManager: Added ResourceProfile id: 0
[2026-04-13T14:08:19.342+0000] {subprocess.py:106} INFO - 26/04/13 14:08:19 INFO SecurityManager: Changing view acls to: spark
[2026-04-13T14:08:19.348+0000] {subprocess.py:106} INFO - 26/04/13 14:08:19 INFO SecurityManager: Changing modify acls to: spark
[2026-04-13T14:08:19.353+0000] {subprocess.py:106} INFO - 26/04/13 14:08:19 INFO SecurityManager: Changing view acls groups to: spark
[2026-04-13T14:08:19.356+0000] {subprocess.py:106} INFO - 26/04/13 14:08:19 INFO SecurityManager: Changing modify acls groups to: spark
[2026-04-13T14:08:19.371+0000] {subprocess.py:106} INFO - 26/04/13 14:08:19 INFO SecurityManager: SecurityManager: authentication disabled; ui acls disabled; users with view permissions: spark groups with view permissions: EMPTY; users with modify permissions: spark; groups with modify permissions: EMPTY; RPC SSL disabled
[2026-04-13T14:08:20.591+0000] {subprocess.py:106} INFO - 26/04/13 14:08:20 INFO Utils: Successfully started service 'sparkDriver' on port 40907.
[2026-04-13T14:08:20.786+0000] {subprocess.py:106} INFO - 26/04/13 14:08:20 INFO SparkEnv: Registering MapOutputTracker
[2026-04-13T14:08:20.919+0000] {subprocess.py:106} INFO - 26/04/13 14:08:20 INFO SparkEnv: Registering BlockManagerMaster
[2026-04-13T14:08:21.111+0000] {subprocess.py:106} INFO - 26/04/13 14:08:21 INFO BlockManagerMasterEndpoint: Using org.apache.spark.storage.DefaultTopologyMapper for getting topology information
[2026-04-13T14:08:21.115+0000] {subprocess.py:106} INFO - 26/04/13 14:08:21 INFO BlockManagerMasterEndpoint: BlockManagerMasterEndpoint up
[2026-04-13T14:08:21.155+0000] {subprocess.py:106} INFO - 26/04/13 14:08:21 INFO SparkEnv: Registering BlockManagerMasterHeartbeat
[2026-04-13T14:08:21.432+0000] {subprocess.py:106} INFO - 26/04/13 14:08:21 INFO DiskBlockManager: Created local directory at /tmp/blockmgr-f9f4525b-6ac0-4f6a-ac07-1d992b8d83a0
[2026-04-13T14:08:21.547+0000] {subprocess.py:106} INFO - 26/04/13 14:08:21 INFO SparkEnv: Registering OutputCommitCoordinator
[2026-04-13T14:08:22.242+0000] {subprocess.py:106} INFO - 26/04/13 14:08:22 INFO JettyUtils: Start Jetty 0.0.0.0:4040 for SparkUI
[2026-04-13T14:08:22.515+0000] {subprocess.py:106} INFO - 26/04/13 14:08:22 WARN Utils: Service 'SparkUI' could not bind on port 4040. Attempting port 4041.
[2026-04-13T14:08:22.517+0000] {subprocess.py:106} INFO - 26/04/13 14:08:22 WARN Utils: Service 'SparkUI' could not bind on port 4041. Attempting port 4042.
[2026-04-13T14:08:22.555+0000] {subprocess.py:106} INFO - 26/04/13 14:08:22 INFO Utils: Successfully started service 'SparkUI' on port 4042.
[2026-04-13T14:08:22.681+0000] {subprocess.py:106} INFO - 26/04/13 14:08:22 INFO SparkContext: Added JAR file:///home/spark/.ivy2.5.2/jars/org.apache.iceberg_iceberg-spark-runtime-4.0_2.13-1.10.1.jar at spark://spark-master:40907/jars/org.apache.iceberg_iceberg-spark-runtime-4.0_2.13-1.10.1.jar with timestamp 1776089298193
[2026-04-13T14:08:22.692+0000] {subprocess.py:106} INFO - 26/04/13 14:08:22 INFO SparkContext: Added file file:///home/spark/.ivy2.5.2/jars/org.apache.iceberg_iceberg-spark-runtime-4.0_2.13-1.10.1.jar at file:///home/spark/.ivy2.5.2/jars/org.apache.iceberg_iceberg-spark-runtime-4.0_2.13-1.10.1.jar with timestamp 1776089298193
[2026-04-13T14:08:22.701+0000] {subprocess.py:106} INFO - 26/04/13 14:08:22 INFO Utils: Copying /home/spark/.ivy2.5.2/jars/org.apache.iceberg_iceberg-spark-runtime-4.0_2.13-1.10.1.jar to /tmp/spark-0d4eaf1c-34f2-4330-9d14-d9427ae81998/userFiles-2d137b78-178d-4e52-ba75-a330c110d3d8/org.apache.iceberg_iceberg-spark-runtime-4.0_2.13-1.10.1.jar
[2026-04-13T14:08:26.118+0000] {subprocess.py:106} INFO - 26/04/13 14:08:26 INFO SecurityManager: Changing view acls to: spark
[2026-04-13T14:08:26.120+0000] {subprocess.py:106} INFO - 26/04/13 14:08:26 INFO SecurityManager: Changing modify acls to: spark
[2026-04-13T14:08:26.121+0000] {subprocess.py:106} INFO - 26/04/13 14:08:26 INFO SecurityManager: Changing view acls groups to: spark
[2026-04-13T14:08:26.122+0000] {subprocess.py:106} INFO - 26/04/13 14:08:26 INFO SecurityManager: Changing modify acls groups to: spark
[2026-04-13T14:08:26.123+0000] {subprocess.py:106} INFO - 26/04/13 14:08:26 INFO SecurityManager: SecurityManager: authentication disabled; ui acls disabled; users with view permissions: spark groups with view permissions: EMPTY; users with modify permissions: spark; groups with modify permissions: EMPTY; RPC SSL disabled
[2026-04-13T14:08:26.816+0000] {subprocess.py:106} INFO - 26/04/13 14:08:26 INFO Executor: Starting executor ID driver on host spark-master
[2026-04-13T14:08:26.821+0000] {subprocess.py:106} INFO - 26/04/13 14:08:26 INFO Executor: OS info Linux, 6.6.87.2-microsoft-standard-WSL2, amd64
[2026-04-13T14:08:26.822+0000] {subprocess.py:106} INFO - 26/04/13 14:08:26 INFO Executor: Java version 21.0.10
[2026-04-13T14:08:26.865+0000] {subprocess.py:106} INFO - 26/04/13 14:08:26 INFO Executor: Starting executor with user classpath (userClassPathFirst = false): ''
[2026-04-13T14:08:26.870+0000] {subprocess.py:106} INFO - 26/04/13 14:08:26 INFO Executor: Created or updated repl class loader org.apache.spark.util.MutableURLClassLoader@3cdd003b for default.
[2026-04-13T14:08:26.904+0000] {subprocess.py:106} INFO - 26/04/13 14:08:26 INFO Executor: Fetching file:///home/spark/.ivy2.5.2/jars/org.apache.iceberg_iceberg-spark-runtime-4.0_2.13-1.10.1.jar with timestamp 1776089298193
[2026-04-13T14:08:26.996+0000] {subprocess.py:106} INFO - 26/04/13 14:08:26 INFO Utils: /home/spark/.ivy2.5.2/jars/org.apache.iceberg_iceberg-spark-runtime-4.0_2.13-1.10.1.jar has been previously copied to /tmp/spark-0d4eaf1c-34f2-4330-9d14-d9427ae81998/userFiles-2d137b78-178d-4e52-ba75-a330c110d3d8/org.apache.iceberg_iceberg-spark-runtime-4.0_2.13-1.10.1.jar
[2026-04-13T14:08:27.033+0000] {subprocess.py:106} INFO - 26/04/13 14:08:27 INFO Executor: Fetching spark://spark-master:40907/jars/org.apache.iceberg_iceberg-spark-runtime-4.0_2.13-1.10.1.jar with timestamp 1776089298193
[2026-04-13T14:08:27.188+0000] {subprocess.py:106} INFO - 26/04/13 14:08:27 INFO TransportClientFactory: Successfully created connection to spark-master/172.20.0.5:40907 after 93 ms (0 ms spent in bootstraps)
[2026-04-13T14:08:27.221+0000] {subprocess.py:106} INFO - 26/04/13 14:08:27 INFO Utils: Fetching spark://spark-master:40907/jars/org.apache.iceberg_iceberg-spark-runtime-4.0_2.13-1.10.1.jar to /tmp/spark-0d4eaf1c-34f2-4330-9d14-d9427ae81998/userFiles-2d137b78-178d-4e52-ba75-a330c110d3d8/fetchFileTemp15182713125280364261.tmp
[2026-04-13T14:08:28.495+0000] {subprocess.py:106} INFO - 26/04/13 14:08:28 INFO Utils: /tmp/spark-0d4eaf1c-34f2-4330-9d14-d9427ae81998/userFiles-2d137b78-178d-4e52-ba75-a330c110d3d8/fetchFileTemp15182713125280364261.tmp has been previously copied to /tmp/spark-0d4eaf1c-34f2-4330-9d14-d9427ae81998/userFiles-2d137b78-178d-4e52-ba75-a330c110d3d8/org.apache.iceberg_iceberg-spark-runtime-4.0_2.13-1.10.1.jar
[2026-04-13T14:08:28.575+0000] {subprocess.py:106} INFO - 26/04/13 14:08:28 INFO Executor: Adding file:/tmp/spark-0d4eaf1c-34f2-4330-9d14-d9427ae81998/userFiles-2d137b78-178d-4e52-ba75-a330c110d3d8/org.apache.iceberg_iceberg-spark-runtime-4.0_2.13-1.10.1.jar to class loader default
[2026-04-13T14:08:28.647+0000] {subprocess.py:106} INFO - 26/04/13 14:08:28 INFO Utils: Successfully started service 'org.apache.spark.network.netty.NettyBlockTransferService' on port 43503.
[2026-04-13T14:08:28.649+0000] {subprocess.py:106} INFO - 26/04/13 14:08:28 INFO NettyBlockTransferService: Server created on spark-master:43503
[2026-04-13T14:08:28.650+0000] {subprocess.py:106} INFO - 26/04/13 14:08:28 INFO BlockManager: Using org.apache.spark.storage.RandomBlockReplicationPolicy for block replication policy
[2026-04-13T14:08:28.765+0000] {subprocess.py:106} INFO - 26/04/13 14:08:28 INFO BlockManagerMaster: Registering BlockManager BlockManagerId(driver, spark-master, 43503, None)
[2026-04-13T14:08:28.807+0000] {subprocess.py:106} INFO - 26/04/13 14:08:28 INFO BlockManagerMasterEndpoint: Registering block manager spark-master:43503 with 1048.8 MiB RAM, BlockManagerId(driver, spark-master, 43503, None)
[2026-04-13T14:08:28.815+0000] {subprocess.py:106} INFO - 26/04/13 14:08:28 INFO BlockManagerMaster: Registered BlockManager BlockManagerId(driver, spark-master, 43503, None)
[2026-04-13T14:08:28.822+0000] {subprocess.py:106} INFO - 26/04/13 14:08:28 INFO BlockManager: Initialized BlockManager: BlockManagerId(driver, spark-master, 43503, None)
[2026-04-13T14:08:36.892+0000] {subprocess.py:106} INFO - Đọc dữ liệu Silver từ iceberg.air_quality_db.air_quality_silver
[2026-04-13T14:08:36.919+0000] {subprocess.py:106} INFO - 26/04/13 14:08:36 INFO SharedState: spark.sql.warehouse.dir is not set, but hive.metastore.warehouse.dir is set. Setting spark.sql.warehouse.dir to the value of hive.metastore.warehouse.dir.
[2026-04-13T14:08:37.590+0000] {subprocess.py:106} INFO - 26/04/13 14:08:37 INFO SharedState: Warehouse path is 'hdfs://23133083thuyvan-master:9000/user/hive/lakehouse'.
[2026-04-13T14:08:40.441+0000] {subprocess.py:106} INFO - 26/04/13 14:08:40 INFO CatalogUtil: Loading custom FileIO implementation: org.apache.iceberg.hadoop.HadoopFileIO
[2026-04-13T14:08:40.634+0000] {subprocess.py:106} INFO - 26/04/13 14:08:40 INFO HiveConf: Found configuration file file:/home/spark/spark/conf/hive-site.xml
[2026-04-13T14:08:41.193+0000] {subprocess.py:106} INFO - 26/04/13 14:08:41 INFO metastore: Trying to connect to metastore with URI thrift://23133083thuyvan-master:9083
[2026-04-13T14:08:41.245+0000] {subprocess.py:106} INFO - 26/04/13 14:08:41 INFO metastore: Opened a connection to metastore, current connections: 1
[2026-04-13T14:08:41.312+0000] {subprocess.py:106} INFO - 26/04/13 14:08:41 INFO metastore: Connected to metastore.
[2026-04-13T14:08:41.607+0000] {subprocess.py:106} INFO - 26/04/13 14:08:41 INFO BaseMetastoreTableOperations: Refreshing table metadata from new version: hdfs://23133083thuyvan-master:9000/user/hive/lakehouse/silver/air_quality_silver/metadata/00003-8e71d277-3336-4b24-8390-00b46931a63f.metadata.json
[2026-04-13T14:08:42.411+0000] {subprocess.py:106} INFO - 26/04/13 14:08:42 INFO BaseMetastoreCatalog: Table loaded by catalog: iceberg.air_quality_db.air_quality_silver
[2026-04-13T14:08:44.287+0000] {subprocess.py:106} INFO - 26/04/13 14:08:44 INFO BaseMetastoreTableOperations: Refreshing table metadata from new version: hdfs://23133083thuyvan-master:9000/user/hive/lakehouse/gold/ml/air_quality_gold/metadata/00010-ed4ab30b-a58b-4b66-a582-ff05f3c1bf25.metadata.json
[2026-04-13T14:08:44.314+0000] {subprocess.py:106} INFO - 26/04/13 14:08:44 INFO BaseMetastoreCatalog: Table loaded by catalog: iceberg.air_quality_ml.air_quality_gold
[2026-04-13T14:08:44.332+0000] {subprocess.py:106} INFO - Bảng đã tồn tại, append dữ liệu vào iceberg.air_quality_ml.air_quality_gold
[2026-04-13T14:08:44.497+0000] {subprocess.py:106} INFO - 26/04/13 14:08:44 INFO V2ScanRelationPushDown:
[2026-04-13T14:08:44.499+0000] {subprocess.py:106} INFO - Output: timestamp#94, location#95, latitude#96, longitude#97, country#98, condition_text#99, timezone#100, temperature_2m#101, relative_humidity_2m#102, apparent_temperature#103, precipitation#104, cloud_cover#105, wind_speed_10m#106, wind_direction_10m#107, wind_gusts_10m#108, uv_index#109, weather_code#110, european_aqi#111, us_aqi#112, us_aqi_index#113, aqi_label#114, pm10#115, pm2_5#116, carbon_monoxide#117, nitrogen_dioxide#118, sulphur_dioxide#119, ozone#120, processing_time#121, data_source#122
[2026-04-13T14:08:44.502+0000] {subprocess.py:106} INFO - 
[2026-04-13T14:08:44.529+0000] {subprocess.py:106} INFO - 26/04/13 14:08:44 INFO SnapshotScan: Scanning table iceberg.air_quality_db.air_quality_silver snapshot 4518274335865062319 created at 2026-04-13T11:48:03.562+00:00 with filter true
[2026-04-13T14:08:44.954+0000] {subprocess.py:106} INFO - 26/04/13 14:08:44 INFO BaseDistributedDataScan: Planning file tasks locally for table iceberg.air_quality_db.air_quality_silver
[2026-04-13T14:08:45.204+0000] {subprocess.py:106} INFO - 26/04/13 14:08:45 INFO SparkPartitioningAwareScan: Reporting UnknownPartitioning with 15 partition(s) for table iceberg.air_quality_db.air_quality_silver
[2026-04-13T14:08:45.353+0000] {subprocess.py:106} INFO - 26/04/13 14:08:45 INFO MemoryStore: MemoryStore started with capacity 1048.8 MiB
[2026-04-13T14:08:45.410+0000] {subprocess.py:106} INFO - 26/04/13 14:08:45 INFO MemoryStore: Block broadcast_0 stored as values in memory (estimated size 32.0 KiB, free 1048.8 MiB)
[2026-04-13T14:08:45.574+0000] {subprocess.py:106} INFO - 26/04/13 14:08:45 INFO MemoryStore: Block broadcast_0_piece0 stored as bytes in memory (estimated size 34.8 KiB, free 1048.7 MiB)
[2026-04-13T14:08:45.589+0000] {subprocess.py:106} INFO - 26/04/13 14:08:45 INFO SparkContext: Created broadcast 0 from broadcast at SparkBatch.java:87
[2026-04-13T14:08:45.690+0000] {subprocess.py:106} INFO - 26/04/13 14:08:45 INFO MemoryStore: Block broadcast_1 stored as values in memory (estimated size 32.0 KiB, free 1048.7 MiB)
[2026-04-13T14:08:45.717+0000] {subprocess.py:106} INFO - 26/04/13 14:08:45 INFO MemoryStore: Block broadcast_1_piece0 stored as bytes in memory (estimated size 34.9 KiB, free 1048.7 MiB)
[2026-04-13T14:08:45.731+0000] {subprocess.py:106} INFO - 26/04/13 14:08:45 INFO SparkContext: Created broadcast 1 from broadcast at SparkBatch.java:87
[2026-04-13T14:08:45.872+0000] {subprocess.py:106} INFO - 26/04/13 14:08:45 WARN SparkStringUtils: Truncated the string representation of a plan since it was too large. This behavior can be adjusted by setting 'spark.sql.debug.maxToStringFields'.
[2026-04-13T14:08:46.644+0000] {subprocess.py:106} INFO - 26/04/13 14:08:46 INFO CodeGenerator: Code generated in 547.057387 ms
[2026-04-13T14:08:46.808+0000] {subprocess.py:106} INFO - 26/04/13 14:08:46 INFO MemoryStore: Block broadcast_2 stored as values in memory (estimated size 32.0 KiB, free 1048.6 MiB)
[2026-04-13T14:08:46.813+0000] {subprocess.py:106} INFO - 26/04/13 14:08:46 INFO MemoryStore: Block broadcast_2_piece0 stored as bytes in memory (estimated size 34.8 KiB, free 1048.6 MiB)
[2026-04-13T14:08:46.817+0000] {subprocess.py:106} INFO - 26/04/13 14:08:46 INFO SparkContext: Created broadcast 2 from broadcast at SparkWrite.java:198
[2026-04-13T14:08:46.822+0000] {subprocess.py:106} INFO - 26/04/13 14:08:46 INFO AppendDataExec: Start processing data source write support: IcebergBatchWrite(table=iceberg.air_quality_ml.air_quality_gold, format=PARQUET). The input RDD has 15} partitions.
[2026-04-13T14:08:46.882+0000] {subprocess.py:106} INFO - 26/04/13 14:08:46 INFO SparkContext: Starting job: append at NativeMethodAccessorImpl.java:0
[2026-04-13T14:08:46.906+0000] {subprocess.py:106} INFO - 26/04/13 14:08:46 INFO DAGScheduler: Got job 0 (append at NativeMethodAccessorImpl.java:0) with 15 output partitions
[2026-04-13T14:08:46.910+0000] {subprocess.py:106} INFO - 26/04/13 14:08:46 INFO DAGScheduler: Final stage: ResultStage 0 (append at NativeMethodAccessorImpl.java:0)
[2026-04-13T14:08:46.913+0000] {subprocess.py:106} INFO - 26/04/13 14:08:46 INFO DAGScheduler: Parents of final stage: List()
[2026-04-13T14:08:46.919+0000] {subprocess.py:106} INFO - 26/04/13 14:08:46 INFO DAGScheduler: Missing parents: List()
[2026-04-13T14:08:46.926+0000] {subprocess.py:106} INFO - 26/04/13 14:08:46 INFO DAGScheduler: Submitting ResultStage 0 (MapPartitionsRDD[2] at append at NativeMethodAccessorImpl.java:0), which has no missing parents
[2026-04-13T14:08:47.036+0000] {subprocess.py:106} INFO - 26/04/13 14:08:47 INFO MemoryStore: Block broadcast_3 stored as values in memory (estimated size 33.8 KiB, free 1048.6 MiB)
[2026-04-13T14:08:47.039+0000] {subprocess.py:106} INFO - 26/04/13 14:08:47 INFO MemoryStore: Block broadcast_3_piece0 stored as bytes in memory (estimated size 10.3 KiB, free 1048.6 MiB)
[2026-04-13T14:08:47.041+0000] {subprocess.py:106} INFO - 26/04/13 14:08:47 INFO SparkContext: Created broadcast 3 from broadcast at DAGScheduler.scala:1676
[2026-04-13T14:08:47.076+0000] {subprocess.py:106} INFO - 26/04/13 14:08:47 INFO DAGScheduler: Submitting 15 missing tasks from ResultStage 0 (MapPartitionsRDD[2] at append at NativeMethodAccessorImpl.java:0) (first 15 tasks are for partitions Vector(0, 1, 2, 3, 4, 5, 6, 7, 8, 9, 10, 11, 12, 13, 14))
[2026-04-13T14:08:47.081+0000] {subprocess.py:106} INFO - 26/04/13 14:08:47 INFO TaskSchedulerImpl: Adding task set 0.0 with 15 tasks resource profile 0
[2026-04-13T14:08:47.144+0000] {subprocess.py:106} INFO - 26/04/13 14:08:47 INFO TaskSetManager: Starting task 0.0 in stage 0.0 (TID 0) (spark-master,executor driver, partition 0, ANY, 22261 bytes)
[2026-04-13T14:08:47.154+0000] {subprocess.py:106} INFO - 26/04/13 14:08:47 INFO TaskSetManager: Starting task 1.0 in stage 0.0 (TID 1) (spark-master,executor driver, partition 1, ANY, 21811 bytes)
[2026-04-13T14:08:47.157+0000] {subprocess.py:106} INFO - 26/04/13 14:08:47 INFO TaskSetManager: Starting task 2.0 in stage 0.0 (TID 2) (spark-master,executor driver, partition 2, ANY, 21823 bytes)
[2026-04-13T14:08:47.161+0000] {subprocess.py:106} INFO - 26/04/13 14:08:47 INFO TaskSetManager: Starting task 3.0 in stage 0.0 (TID 3) (spark-master,executor driver, partition 3, ANY, 22271 bytes)
[2026-04-13T14:08:47.164+0000] {subprocess.py:106} INFO - 26/04/13 14:08:47 INFO TaskSetManager: Starting task 4.0 in stage 0.0 (TID 4) (spark-master,executor driver, partition 4, ANY, 21807 bytes)
[2026-04-13T14:08:47.167+0000] {subprocess.py:106} INFO - 26/04/13 14:08:47 INFO TaskSetManager: Starting task 5.0 in stage 0.0 (TID 5) (spark-master,executor driver, partition 5, ANY, 22272 bytes)
[2026-04-13T14:08:47.168+0000] {subprocess.py:106} INFO - 26/04/13 14:08:47 INFO TaskSetManager: Starting task 6.0 in stage 0.0 (TID 6) (spark-master,executor driver, partition 6, ANY, 21810 bytes)
[2026-04-13T14:08:47.171+0000] {subprocess.py:106} INFO - 26/04/13 14:08:47 INFO TaskSetManager: Starting task 7.0 in stage 0.0 (TID 7) (spark-master,executor driver, partition 7, ANY, 22270 bytes)
[2026-04-13T14:08:47.175+0000] {subprocess.py:106} INFO - 26/04/13 14:08:47 INFO TaskSetManager: Starting task 8.0 in stage 0.0 (TID 8) (spark-master,executor driver, partition 8, ANY, 22252 bytes)
[2026-04-13T14:08:47.178+0000] {subprocess.py:106} INFO - 26/04/13 14:08:47 INFO TaskSetManager: Starting task 9.0 in stage 0.0 (TID 9) (spark-master,executor driver, partition 9, ANY, 22256 bytes)
[2026-04-13T14:08:47.180+0000] {subprocess.py:106} INFO - 26/04/13 14:08:47 INFO TaskSetManager: Starting task 10.0 in stage 0.0 (TID 10) (spark-master,executor driver, partition 10, ANY, 21823 bytes)
[2026-04-13T14:08:47.182+0000] {subprocess.py:106} INFO - 26/04/13 14:08:47 INFO TaskSetManager: Starting task 11.0 in stage 0.0 (TID 11) (spark-master,executor driver, partition 11, ANY, 21821 bytes)
[2026-04-13T14:08:47.184+0000] {subprocess.py:106} INFO - 26/04/13 14:08:47 INFO TaskSetManager: Starting task 12.0 in stage 0.0 (TID 12) (spark-master,executor driver, partition 12, ANY, 21811 bytes)
[2026-04-13T14:08:47.188+0000] {subprocess.py:106} INFO - 26/04/13 14:08:47 INFO TaskSetManager: Starting task 13.0 in stage 0.0 (TID 13) (spark-master,executor driver, partition 13, ANY, 21821 bytes)
[2026-04-13T14:08:47.190+0000] {subprocess.py:106} INFO - 26/04/13 14:08:47 INFO TaskSetManager: Starting task 14.0 in stage 0.0 (TID 14) (spark-master,executor driver, partition 14, ANY, 21346 bytes)
[2026-04-13T14:08:47.219+0000] {subprocess.py:106} INFO - 26/04/13 14:08:47 INFO Executor: Running task 5.0 in stage 0.0 (TID 5)
[2026-04-13T14:08:47.220+0000] {subprocess.py:106} INFO - 26/04/13 14:08:47 INFO Executor: Running task 7.0 in stage 0.0 (TID 7)
[2026-04-13T14:08:47.221+0000] {subprocess.py:106} INFO - 26/04/13 14:08:47 INFO Executor: Running task 1.0 in stage 0.0 (TID 1)
[2026-04-13T14:08:47.222+0000] {subprocess.py:106} INFO - 26/04/13 14:08:47 INFO Executor: Running task 9.0 in stage 0.0 (TID 9)
[2026-04-13T14:08:47.223+0000] {subprocess.py:106} INFO - 26/04/13 14:08:47 INFO Executor: Running task 11.0 in stage 0.0 (TID 11)
[2026-04-13T14:08:47.224+0000] {subprocess.py:106} INFO - 26/04/13 14:08:47 INFO Executor: Running task 14.0 in stage 0.0 (TID 14)
[2026-04-13T14:08:47.225+0000] {subprocess.py:106} INFO - 26/04/13 14:08:47 INFO Executor: Running task 8.0 in stage 0.0 (TID 8)
[2026-04-13T14:08:47.226+0000] {subprocess.py:106} INFO - 26/04/13 14:08:47 INFO Executor: Running task 13.0 in stage 0.0 (TID 13)
[2026-04-13T14:08:47.227+0000] {subprocess.py:106} INFO - 26/04/13 14:08:47 INFO Executor: Running task 4.0 in stage 0.0 (TID 4)
[2026-04-13T14:08:47.227+0000] {subprocess.py:106} INFO - 26/04/13 14:08:47 INFO Executor: Running task 12.0 in stage 0.0 (TID 12)
[2026-04-13T14:08:47.228+0000] {subprocess.py:106} INFO - 26/04/13 14:08:47 INFO Executor: Running task 0.0 in stage 0.0 (TID 0)
[2026-04-13T14:08:47.229+0000] {subprocess.py:106} INFO - 26/04/13 14:08:47 INFO Executor: Running task 2.0 in stage 0.0 (TID 2)
[2026-04-13T14:08:47.230+0000] {subprocess.py:106} INFO - 26/04/13 14:08:47 INFO Executor: Running task 10.0 in stage 0.0 (TID 10)
[2026-04-13T14:08:47.232+0000] {subprocess.py:106} INFO - 26/04/13 14:08:47 INFO Executor: Running task 3.0 in stage 0.0 (TID 3)
[2026-04-13T14:08:47.232+0000] {subprocess.py:106} INFO - 26/04/13 14:08:47 INFO Executor: Running task 6.0 in stage 0.0 (TID 6)
[2026-04-13T14:08:47.743+0000] {subprocess.py:106} INFO - 26/04/13 14:08:47 INFO CodeGenerator: Code generated in 181.971099 ms
[2026-04-13T14:08:48.089+0000] {subprocess.py:106} INFO - 26/04/13 14:08:48 INFO CodecPool: Got brand-new compressor [.zstd]
[2026-04-13T14:08:48.090+0000] {subprocess.py:106} INFO - 26/04/13 14:08:48 INFO CodecPool: Got brand-new compressor [.zstd]
[2026-04-13T14:08:48.094+0000] {subprocess.py:106} INFO - 26/04/13 14:08:48 INFO CodecPool: Got brand-new compressor [.zstd]
[2026-04-13T14:08:48.096+0000] {subprocess.py:106} INFO - 26/04/13 14:08:48 INFO CodecPool: Got brand-new compressor [.zstd]
[2026-04-13T14:08:48.097+0000] {subprocess.py:106} INFO - 26/04/13 14:08:48 INFO CodecPool: Got brand-new compressor [.zstd]
[2026-04-13T14:08:48.098+0000] {subprocess.py:106} INFO - 26/04/13 14:08:48 INFO CodecPool: Got brand-new compressor [.zstd]
[2026-04-13T14:08:48.099+0000] {subprocess.py:106} INFO - 26/04/13 14:08:48 INFO CodecPool: Got brand-new compressor [.zstd]
[2026-04-13T14:08:48.100+0000] {subprocess.py:106} INFO - 26/04/13 14:08:48 INFO CodecPool: Got brand-new compressor [.zstd]
[2026-04-13T14:08:48.101+0000] {subprocess.py:106} INFO - 26/04/13 14:08:48 INFO CodecPool: Got brand-new compressor [.zstd]
[2026-04-13T14:08:48.102+0000] {subprocess.py:106} INFO - 26/04/13 14:08:48 INFO CodecPool: Got brand-new compressor [.zstd]
[2026-04-13T14:08:48.103+0000] {subprocess.py:106} INFO - 26/04/13 14:08:48 INFO CodecPool: Got brand-new compressor [.zstd]
[2026-04-13T14:08:48.105+0000] {subprocess.py:106} INFO - 26/04/13 14:08:48 INFO CodecPool: Got brand-new compressor [.zstd]
[2026-04-13T14:08:48.106+0000] {subprocess.py:106} INFO - 26/04/13 14:08:48 INFO CodecPool: Got brand-new compressor [.zstd]
[2026-04-13T14:08:48.107+0000] {subprocess.py:106} INFO - 26/04/13 14:08:48 INFO CodecPool: Got brand-new compressor [.zstd]
[2026-04-13T14:08:48.109+0000] {subprocess.py:106} INFO - 26/04/13 14:08:48 INFO CodecPool: Got brand-new compressor [.zstd]
[2026-04-13T14:08:49.472+0000] {subprocess.py:106} INFO - 26/04/13 14:08:49 INFO VectorizedSparkParquetReaders: Enabling arrow.enable_unsafe_memory_access
[2026-04-13T14:08:49.474+0000] {subprocess.py:106} INFO - 26/04/13 14:08:49 INFO VectorizedSparkParquetReaders: Disabling arrow.enable_null_check_for_get
[2026-04-13T14:08:49.484+0000] {subprocess.py:106} INFO - 26/04/13 14:08:49 INFO BaseAllocator: Debug mode disabled. Enable with the VM option -Darrow.memory.debug.allocator=true.
[2026-04-13T14:08:49.488+0000] {subprocess.py:106} INFO - 26/04/13 14:08:49 INFO DefaultAllocationManagerOption: allocation manager type not specified, using netty as the default type
[2026-04-13T14:08:49.491+0000] {subprocess.py:106} INFO - 26/04/13 14:08:49 INFO CheckAllocator: Using DefaultAllocationManager at memory/DefaultAllocationManagerFactory.class
[2026-04-13T14:08:49.784+0000] {subprocess.py:106} INFO - 26/04/13 14:08:49 INFO CodecPool: Got brand-new decompressor [.zstd]
[2026-04-13T14:08:49.785+0000] {subprocess.py:106} INFO - 26/04/13 14:08:49 INFO CodecPool: Got brand-new decompressor [.zstd]
[2026-04-13T14:08:49.786+0000] {subprocess.py:106} INFO - 26/04/13 14:08:49 INFO CodecPool: Got brand-new decompressor [.zstd]
[2026-04-13T14:08:49.787+0000] {subprocess.py:106} INFO - 26/04/13 14:08:49 INFO CodecPool: Got brand-new decompressor [.zstd]
[2026-04-13T14:08:49.790+0000] {subprocess.py:106} INFO - 26/04/13 14:08:49 INFO CodecPool: Got brand-new decompressor [.zstd]
[2026-04-13T14:08:49.791+0000] {subprocess.py:106} INFO - 26/04/13 14:08:49 INFO CodecPool: Got brand-new decompressor [.zstd]
[2026-04-13T14:08:49.792+0000] {subprocess.py:106} INFO - 26/04/13 14:08:49 INFO CodecPool: Got brand-new decompressor [.zstd]
[2026-04-13T14:08:49.793+0000] {subprocess.py:106} INFO - 26/04/13 14:08:49 INFO CodecPool: Got brand-new decompressor [.zstd]
[2026-04-13T14:08:49.794+0000] {subprocess.py:106} INFO - 26/04/13 14:08:49 INFO CodecPool: Got brand-new decompressor [.zstd]
[2026-04-13T14:08:49.935+0000] {subprocess.py:106} INFO - 26/04/13 14:08:49 INFO CodecPool: Got brand-new decompressor [.zstd]
[2026-04-13T14:08:49.941+0000] {subprocess.py:106} INFO - 26/04/13 14:08:49 INFO CodecPool: Got brand-new decompressor [.zstd]
[2026-04-13T14:08:49.944+0000] {subprocess.py:106} INFO - 26/04/13 14:08:49 INFO CodecPool: Got brand-new decompressor [.zstd]
[2026-04-13T14:08:49.948+0000] {subprocess.py:106} INFO - 26/04/13 14:08:49 INFO CodecPool: Got brand-new decompressor [.zstd]
[2026-04-13T14:08:49.950+0000] {subprocess.py:106} INFO - 26/04/13 14:08:49 INFO CodecPool: Got brand-new decompressor [.zstd]
[2026-04-13T14:08:49.951+0000] {subprocess.py:106} INFO - 26/04/13 14:08:49 INFO CodecPool: Got brand-new decompressor [.zstd]
[2026-04-13T14:08:50.411+0000] {subprocess.py:106} INFO - 26/04/13 14:08:50 INFO CodecPool: Got brand-new decompressor [.zstd]
[2026-04-13T14:08:50.413+0000] {subprocess.py:106} INFO - 26/04/13 14:08:50 INFO CodecPool: Got brand-new decompressor [.zstd]
[2026-04-13T14:08:50.418+0000] {subprocess.py:106} INFO - 26/04/13 14:08:50 INFO CodecPool: Got brand-new decompressor [.zstd]
[2026-04-13T14:08:50.424+0000] {subprocess.py:106} INFO - 26/04/13 14:08:50 INFO CodecPool: Got brand-new decompressor [.zstd]
[2026-04-13T14:08:50.429+0000] {subprocess.py:106} INFO - 26/04/13 14:08:50 INFO CodecPool: Got brand-new decompressor [.zstd]
[2026-04-13T14:08:50.430+0000] {subprocess.py:106} INFO - 26/04/13 14:08:50 INFO CodecPool: Got brand-new decompressor [.zstd]
[2026-04-13T14:08:50.435+0000] {subprocess.py:106} INFO - 26/04/13 14:08:50 INFO CodecPool: Got brand-new decompressor [.zstd]
[2026-04-13T14:08:50.456+0000] {subprocess.py:106} INFO - 26/04/13 14:08:50 INFO CodecPool: Got brand-new decompressor [.zstd]
[2026-04-13T14:08:50.458+0000] {subprocess.py:106} INFO - 26/04/13 14:08:50 INFO CodecPool: Got brand-new decompressor [.zstd]
[2026-04-13T14:08:50.460+0000] {subprocess.py:106} INFO - 26/04/13 14:08:50 INFO CodecPool: Got brand-new decompressor [.zstd]
[2026-04-13T14:08:50.465+0000] {subprocess.py:106} INFO - 26/04/13 14:08:50 INFO CodecPool: Got brand-new decompressor [.zstd]
[2026-04-13T14:08:50.467+0000] {subprocess.py:106} INFO - 26/04/13 14:08:50 INFO CodecPool: Got brand-new decompressor [.zstd]
[2026-04-13T14:08:50.469+0000] {subprocess.py:106} INFO - 26/04/13 14:08:50 INFO CodecPool: Got brand-new decompressor [.zstd]
[2026-04-13T14:08:50.470+0000] {subprocess.py:106} INFO - 26/04/13 14:08:50 INFO CodecPool: Got brand-new decompressor [.zstd]
[2026-04-13T14:08:50.478+0000] {subprocess.py:106} INFO - 26/04/13 14:08:50 INFO CodecPool: Got brand-new decompressor [.zstd]
[2026-04-13T14:08:50.502+0000] {subprocess.py:106} INFO - 26/04/13 14:08:50 INFO CodecPool: Got brand-new decompressor [.zstd]
[2026-04-13T14:08:50.508+0000] {subprocess.py:106} INFO - 26/04/13 14:08:50 INFO CodecPool: Got brand-new decompressor [.zstd]
[2026-04-13T14:08:50.510+0000] {subprocess.py:106} INFO - 26/04/13 14:08:50 INFO CodecPool: Got brand-new decompressor [.zstd]
[2026-04-13T14:08:50.532+0000] {subprocess.py:106} INFO - 26/04/13 14:08:50 INFO CodecPool: Got brand-new decompressor [.zstd]
[2026-04-13T14:08:50.595+0000] {subprocess.py:106} INFO - 26/04/13 14:08:50 INFO CodecPool: Got brand-new decompressor [.zstd]
[2026-04-13T14:08:50.605+0000] {subprocess.py:106} INFO - 26/04/13 14:08:50 INFO CodecPool: Got brand-new decompressor [.zstd]
[2026-04-13T14:08:50.613+0000] {subprocess.py:106} INFO - 26/04/13 14:08:50 INFO CodecPool: Got brand-new decompressor [.zstd]
[2026-04-13T14:08:50.628+0000] {subprocess.py:106} INFO - 26/04/13 14:08:50 INFO CodecPool: Got brand-new decompressor [.zstd]
[2026-04-13T14:08:50.637+0000] {subprocess.py:106} INFO - 26/04/13 14:08:50 INFO CodecPool: Got brand-new decompressor [.zstd]
[2026-04-13T14:08:50.646+0000] {subprocess.py:106} INFO - 26/04/13 14:08:50 INFO CodecPool: Got brand-new decompressor [.zstd]
[2026-04-13T14:08:50.650+0000] {subprocess.py:106} INFO - 26/04/13 14:08:50 INFO CodecPool: Got brand-new decompressor [.zstd]
[2026-04-13T14:08:50.653+0000] {subprocess.py:106} INFO - 26/04/13 14:08:50 INFO CodecPool: Got brand-new decompressor [.zstd]
[2026-04-13T14:08:50.748+0000] {subprocess.py:106} INFO - 26/04/13 14:08:50 INFO CodecPool: Got brand-new decompressor [.zstd]
[2026-04-13T14:08:50.750+0000] {subprocess.py:106} INFO - 26/04/13 14:08:50 INFO CodecPool: Got brand-new decompressor [.zstd]
[2026-04-13T14:08:50.751+0000] {subprocess.py:106} INFO - 26/04/13 14:08:50 INFO CodecPool: Got brand-new decompressor [.zstd]
[2026-04-13T14:08:50.753+0000] {subprocess.py:106} INFO - 26/04/13 14:08:50 INFO CodecPool: Got brand-new decompressor [.zstd]
[2026-04-13T14:08:50.764+0000] {subprocess.py:106} INFO - 26/04/13 14:08:50 INFO CodecPool: Got brand-new decompressor [.zstd]
[2026-04-13T14:08:50.787+0000] {subprocess.py:106} INFO - 26/04/13 14:08:50 INFO CodecPool: Got brand-new decompressor [.zstd]
[2026-04-13T14:08:50.793+0000] {subprocess.py:106} INFO - 26/04/13 14:08:50 INFO CodecPool: Got brand-new decompressor [.zstd]
[2026-04-13T14:08:50.797+0000] {subprocess.py:106} INFO - 26/04/13 14:08:50 INFO DataWritingSparkTask: Writer for partition 13 is committing.
[2026-04-13T14:08:50.838+0000] {subprocess.py:106} INFO - 26/04/13 14:08:50 INFO CodecPool: Got brand-new decompressor [.zstd]
[2026-04-13T14:08:50.846+0000] {subprocess.py:106} INFO - 26/04/13 14:08:50 INFO DataWritingSparkTask: Writer for partition 14 is committing.
[2026-04-13T14:08:50.848+0000] {subprocess.py:106} INFO - 26/04/13 14:08:50 INFO CodecPool: Got brand-new decompressor [.zstd]
[2026-04-13T14:08:50.849+0000] {subprocess.py:106} INFO - 26/04/13 14:08:50 INFO CodecPool: Got brand-new decompressor [.zstd]
[2026-04-13T14:08:50.855+0000] {subprocess.py:106} INFO - 26/04/13 14:08:50 INFO CodecPool: Got brand-new decompressor [.zstd]
[2026-04-13T14:08:50.858+0000] {subprocess.py:106} INFO - 26/04/13 14:08:50 INFO CodecPool: Got brand-new decompressor [.zstd]
[2026-04-13T14:08:50.865+0000] {subprocess.py:106} INFO - 26/04/13 14:08:50 INFO CodecPool: Got brand-new decompressor [.zstd]
[2026-04-13T14:08:50.867+0000] {subprocess.py:106} INFO - 26/04/13 14:08:50 INFO CodecPool: Got brand-new decompressor [.zstd]
[2026-04-13T14:08:50.880+0000] {subprocess.py:106} INFO - 26/04/13 14:08:50 INFO CodecPool: Got brand-new decompressor [.zstd]
[2026-04-13T14:08:50.882+0000] {subprocess.py:106} INFO - 26/04/13 14:08:50 INFO CodecPool: Got brand-new decompressor [.zstd]
[2026-04-13T14:08:50.884+0000] {subprocess.py:106} INFO - 26/04/13 14:08:50 INFO CodecPool: Got brand-new decompressor [.zstd]
[2026-04-13T14:08:50.903+0000] {subprocess.py:106} INFO - 26/04/13 14:08:50 INFO CodecPool: Got brand-new decompressor [.zstd]
[2026-04-13T14:08:50.905+0000] {subprocess.py:106} INFO - 26/04/13 14:08:50 INFO DataWritingSparkTask: Writer for partition 3 is committing.
[2026-04-13T14:08:50.920+0000] {subprocess.py:106} INFO - 26/04/13 14:08:50 INFO DataWritingSparkTask: Writer for partition 7 is committing.
[2026-04-13T14:08:50.931+0000] {subprocess.py:106} INFO - 26/04/13 14:08:50 INFO DataWritingSparkTask: Writer for partition 4 is committing.
[2026-04-13T14:08:50.939+0000] {subprocess.py:106} INFO - 26/04/13 14:08:50 INFO DataWritingSparkTask: Writer for partition 2 is committing.
[2026-04-13T14:08:50.946+0000] {subprocess.py:106} INFO - 26/04/13 14:08:50 INFO DataWritingSparkTask: Writer for partition 5 is committing.
[2026-04-13T14:08:50.947+0000] {subprocess.py:106} INFO - 26/04/13 14:08:50 INFO DataWritingSparkTask: Writer for partition 6 is committing.
[2026-04-13T14:08:50.949+0000] {subprocess.py:106} INFO - 26/04/13 14:08:50 INFO DataWritingSparkTask: Writer for partition 12 is committing.
[2026-04-13T14:08:50.950+0000] {subprocess.py:106} INFO - 26/04/13 14:08:50 INFO DataWritingSparkTask: Writer for partition 8 is committing.
[2026-04-13T14:08:50.955+0000] {subprocess.py:106} INFO - 26/04/13 14:08:50 INFO DataWritingSparkTask: Writer for partition 1 is committing.
[2026-04-13T14:08:50.968+0000] {subprocess.py:106} INFO - 26/04/13 14:08:50 INFO DataWritingSparkTask: Writer for partition 9 is committing.
[2026-04-13T14:08:50.970+0000] {subprocess.py:106} INFO - 26/04/13 14:08:50 INFO DataWritingSparkTask: Writer for partition 11 is committing.
[2026-04-13T14:08:50.976+0000] {subprocess.py:106} INFO - 26/04/13 14:08:50 INFO DataWritingSparkTask: Writer for partition 10 is committing.
[2026-04-13T14:08:50.978+0000] {subprocess.py:106} INFO - 26/04/13 14:08:50 INFO DataWritingSparkTask: Writer for partition 0 is committing.
[2026-04-13T14:08:52.191+0000] {subprocess.py:106} INFO - 26/04/13 14:08:52 INFO DataWritingSparkTask: Committed partition 4 (task 4, attempt 0, stage 0.0)
[2026-04-13T14:08:52.193+0000] {subprocess.py:106} INFO - 26/04/13 14:08:52 INFO DataWritingSparkTask: Committed partition 2 (task 2, attempt 0, stage 0.0)
[2026-04-13T14:08:52.193+0000] {subprocess.py:106} INFO - 26/04/13 14:08:52 INFO DataWritingSparkTask: Committed partition 12 (task 12, attempt 0, stage 0.0)
[2026-04-13T14:08:52.194+0000] {subprocess.py:106} INFO - 26/04/13 14:08:52 INFO DataWritingSparkTask: Committed partition 5 (task 5, attempt 0, stage 0.0)
[2026-04-13T14:08:52.195+0000] {subprocess.py:106} INFO - 26/04/13 14:08:52 INFO DataWritingSparkTask: Committed partition 11 (task 11, attempt 0, stage 0.0)
[2026-04-13T14:08:52.196+0000] {subprocess.py:106} INFO - 26/04/13 14:08:52 INFO DataWritingSparkTask: Committed partition 0 (task 0, attempt 0, stage 0.0)
[2026-04-13T14:08:52.197+0000] {subprocess.py:106} INFO - 26/04/13 14:08:52 INFO DataWritingSparkTask: Committed partition 1 (task 1, attempt 0, stage 0.0)
[2026-04-13T14:08:52.197+0000] {subprocess.py:106} INFO - 26/04/13 14:08:52 INFO DataWritingSparkTask: Committed partition 3 (task 3, attempt 0, stage 0.0)
[2026-04-13T14:08:52.198+0000] {subprocess.py:106} INFO - 26/04/13 14:08:52 INFO DataWritingSparkTask: Committed partition 7 (task 7, attempt 0, stage 0.0)
[2026-04-13T14:08:52.199+0000] {subprocess.py:106} INFO - 26/04/13 14:08:52 INFO DataWritingSparkTask: Committed partition 6 (task 6, attempt 0, stage 0.0)
[2026-04-13T14:08:52.199+0000] {subprocess.py:106} INFO - 26/04/13 14:08:52 INFO DataWritingSparkTask: Committed partition 13 (task 13, attempt 0, stage 0.0)
[2026-04-13T14:08:52.200+0000] {subprocess.py:106} INFO - 26/04/13 14:08:52 INFO DataWritingSparkTask: Committed partition 10 (task 10, attempt 0, stage 0.0)
[2026-04-13T14:08:52.201+0000] {subprocess.py:106} INFO - 26/04/13 14:08:52 INFO DataWritingSparkTask: Committed partition 14 (task 14, attempt 0, stage 0.0)
[2026-04-13T14:08:52.201+0000] {subprocess.py:106} INFO - 26/04/13 14:08:52 INFO DataWritingSparkTask: Committed partition 8 (task 8, attempt 0, stage 0.0)
[2026-04-13T14:08:52.202+0000] {subprocess.py:106} INFO - 26/04/13 14:08:52 INFO DataWritingSparkTask: Committed partition 9 (task 9, attempt 0, stage 0.0)
[2026-04-13T14:08:52.251+0000] {subprocess.py:106} INFO - 26/04/13 14:08:52 INFO Executor: Finished task 4.0 in stage 0.0 (TID 4). 9560 bytes result sent to driver
[2026-04-13T14:08:52.252+0000] {subprocess.py:106} INFO - 26/04/13 14:08:52 INFO Executor: Finished task 3.0 in stage 0.0 (TID 3). 9532 bytes result sent to driver
[2026-04-13T14:08:52.255+0000] {subprocess.py:106} INFO - 26/04/13 14:08:52 INFO Executor: Finished task 11.0 in stage 0.0 (TID 11). 9531 bytes result sent to driver
[2026-04-13T14:08:52.257+0000] {subprocess.py:106} INFO - 26/04/13 14:08:52 INFO Executor: Finished task 0.0 in stage 0.0 (TID 0). 9523 bytes result sent to driver
[2026-04-13T14:08:52.258+0000] {subprocess.py:106} INFO - 26/04/13 14:08:52 INFO Executor: Finished task 9.0 in stage 0.0 (TID 9). 9520 bytes result sent to driver
[2026-04-13T14:08:52.259+0000] {subprocess.py:106} INFO - 26/04/13 14:08:52 INFO Executor: Finished task 14.0 in stage 0.0 (TID 14). 9588 bytes result sent to driver
[2026-04-13T14:08:52.262+0000] {subprocess.py:106} INFO - 26/04/13 14:08:52 INFO Executor: Finished task 13.0 in stage 0.0 (TID 13). 9552 bytes result sent to driver
[2026-04-13T14:08:52.263+0000] {subprocess.py:106} INFO - 26/04/13 14:08:52 INFO Executor: Finished task 10.0 in stage 0.0 (TID 10). 9534 bytes result sent to driver
[2026-04-13T14:08:52.264+0000] {subprocess.py:106} INFO - 26/04/13 14:08:52 INFO Executor: Finished task 6.0 in stage 0.0 (TID 6). 9525 bytes result sent to driver
[2026-04-13T14:08:52.266+0000] {subprocess.py:106} INFO - 26/04/13 14:08:52 INFO Executor: Finished task 8.0 in stage 0.0 (TID 8). 9532 bytes result sent to driver
[2026-04-13T14:08:52.268+0000] {subprocess.py:106} INFO - 26/04/13 14:08:52 INFO Executor: Finished task 1.0 in stage 0.0 (TID 1). 9567 bytes result sent to driver
[2026-04-13T14:08:52.269+0000] {subprocess.py:106} INFO - 26/04/13 14:08:52 INFO Executor: Finished task 12.0 in stage 0.0 (TID 12). 9577 bytes result sent to driver
[2026-04-13T14:08:52.271+0000] {subprocess.py:106} INFO - 26/04/13 14:08:52 INFO Executor: Finished task 2.0 in stage 0.0 (TID 2). 9564 bytes result sent to driver
[2026-04-13T14:08:52.272+0000] {subprocess.py:106} INFO - 26/04/13 14:08:52 INFO Executor: Finished task 5.0 in stage 0.0 (TID 5). 9522 bytes result sent to driver
[2026-04-13T14:08:52.273+0000] {subprocess.py:106} INFO - 26/04/13 14:08:52 INFO Executor: Finished task 7.0 in stage 0.0 (TID 7). 9555 bytes result sent to driver
[2026-04-13T14:08:52.281+0000] {subprocess.py:106} INFO - 26/04/13 14:08:52 INFO TaskSetManager: Finished task 4.0 in stage 0.0 (TID 4) in 5112 ms on spark-master (executor driver) (1/15)
[2026-04-13T14:08:52.286+0000] {subprocess.py:106} INFO - 26/04/13 14:08:52 INFO TaskSetManager: Finished task 10.0 in stage 0.0 (TID 10) in 5106 ms on spark-master (executor driver) (2/15)
[2026-04-13T14:08:52.289+0000] {subprocess.py:106} INFO - 26/04/13 14:08:52 INFO TaskSetManager: Finished task 14.0 in stage 0.0 (TID 14) in 5099 ms on spark-master (executor driver) (3/15)
[2026-04-13T14:08:52.294+0000] {subprocess.py:106} INFO - 26/04/13 14:08:52 INFO TaskSetManager: Finished task 6.0 in stage 0.0 (TID 6) in 5123 ms on spark-master (executor driver) (4/15)
[2026-04-13T14:08:52.299+0000] {subprocess.py:106} INFO - 26/04/13 14:08:52 INFO TaskSetManager: Finished task 11.0 in stage 0.0 (TID 11) in 5117 ms on spark-master (executor driver) (5/15)
[2026-04-13T14:08:52.308+0000] {subprocess.py:106} INFO - 26/04/13 14:08:52 INFO TaskSetManager: Finished task 1.0 in stage 0.0 (TID 1) in 5150 ms on spark-master (executor driver) (6/15)
[2026-04-13T14:08:52.314+0000] {subprocess.py:106} INFO - 26/04/13 14:08:52 INFO TaskSetManager: Finished task 12.0 in stage 0.0 (TID 12) in 5128 ms on spark-master (executor driver) (7/15)
[2026-04-13T14:08:52.317+0000] {subprocess.py:106} INFO - 26/04/13 14:08:52 INFO TaskSetManager: Finished task 13.0 in stage 0.0 (TID 13) in 5128 ms on spark-master (executor driver) (8/15)
[2026-04-13T14:08:52.318+0000] {subprocess.py:106} INFO - 26/04/13 14:08:52 INFO TaskSetManager: Finished task 8.0 in stage 0.0 (TID 8) in 5143 ms on spark-master (executor driver) (9/15)
[2026-04-13T14:08:52.320+0000] {subprocess.py:106} INFO - 26/04/13 14:08:52 INFO TaskSetManager: Finished task 2.0 in stage 0.0 (TID 2) in 5163 ms on spark-master (executor driver) (10/15)
[2026-04-13T14:08:52.321+0000] {subprocess.py:106} INFO - 26/04/13 14:08:52 INFO TaskSetManager: Finished task 5.0 in stage 0.0 (TID 5) in 5153 ms on spark-master (executor driver) (11/15)
[2026-04-13T14:08:52.322+0000] {subprocess.py:106} INFO - 26/04/13 14:08:52 INFO TaskSetManager: Finished task 9.0 in stage 0.0 (TID 9) in 5145 ms on spark-master (executor driver) (12/15)
[2026-04-13T14:08:52.325+0000] {subprocess.py:106} INFO - 26/04/13 14:08:52 INFO TaskSetManager: Finished task 0.0 in stage 0.0 (TID 0) in 5217 ms on spark-master (executor driver) (13/15)
[2026-04-13T14:08:52.326+0000] {subprocess.py:106} INFO - 26/04/13 14:08:52 INFO TaskSetManager: Finished task 7.0 in stage 0.0 (TID 7) in 5155 ms on spark-master (executor driver) (14/15)
[2026-04-13T14:08:52.327+0000] {subprocess.py:106} INFO - 26/04/13 14:08:52 INFO TaskSetManager: Finished task 3.0 in stage 0.0 (TID 3) in 5168 ms on spark-master (executor driver) (15/15)
[2026-04-13T14:08:52.331+0000] {subprocess.py:106} INFO - 26/04/13 14:08:52 INFO DAGScheduler: ResultStage 0 (append at NativeMethodAccessorImpl.java:0) finished in 5365 ms
[2026-04-13T14:08:52.332+0000] {subprocess.py:106} INFO - 26/04/13 14:08:52 INFO TaskSchedulerImpl: Removed TaskSet 0.0 whose tasks have all completed, from pool
[2026-04-13T14:08:52.339+0000] {subprocess.py:106} INFO - 26/04/13 14:08:52 INFO DAGScheduler: Job 0 is finished. Cancelling potential speculative or zombie tasks for this job
[2026-04-13T14:08:52.341+0000] {subprocess.py:106} INFO - 26/04/13 14:08:52 INFO TaskSchedulerImpl: Canceling stage 0
[2026-04-13T14:08:52.346+0000] {subprocess.py:106} INFO - 26/04/13 14:08:52 INFO TaskSchedulerImpl: Killing all running tasks in stage 0: Stage finished
[2026-04-13T14:08:52.353+0000] {subprocess.py:106} INFO - 26/04/13 14:08:52 INFO DAGScheduler: Job 0 finished: append at NativeMethodAccessorImpl.java:0, took 5472.388198 ms
[2026-04-13T14:08:52.357+0000] {subprocess.py:106} INFO - 26/04/13 14:08:52 INFO AppendDataExec: Data source write support IcebergBatchWrite(table=iceberg.air_quality_ml.air_quality_gold, format=PARQUET) is committing.
[2026-04-13T14:08:52.408+0000] {subprocess.py:106} INFO - 26/04/13 14:08:52 INFO SparkWrite: Committing append with 15 new data files to table iceberg.air_quality_ml.air_quality_gold
[2026-04-13T14:08:54.391+0000] {subprocess.py:106} INFO - 26/04/13 14:08:54 INFO HiveTableOperations: Committed to table iceberg.air_quality_ml.air_quality_gold with the new metadata location hdfs://23133083thuyvan-master:9000/user/hive/lakehouse/gold/ml/air_quality_gold/metadata/00011-1209828f-d957-4d31-a3d0-e97f6aa91e88.metadata.json
[2026-04-13T14:08:54.393+0000] {subprocess.py:106} INFO - 26/04/13 14:08:54 INFO BaseMetastoreTableOperations: Successfully committed to table iceberg.air_quality_ml.air_quality_gold in 1192 ms
[2026-04-13T14:08:54.394+0000] {subprocess.py:106} INFO - 26/04/13 14:08:54 INFO SnapshotProducer: Committed snapshot 587647696047537031 (MergeAppend)
[2026-04-13T14:08:54.459+0000] {subprocess.py:106} INFO - 26/04/13 14:08:54 INFO BaseMetastoreTableOperations: Refreshing table metadata from new version: hdfs://23133083thuyvan-master:9000/user/hive/lakehouse/gold/ml/air_quality_gold/metadata/00011-1209828f-d957-4d31-a3d0-e97f6aa91e88.metadata.json
[2026-04-13T14:08:54.492+0000] {subprocess.py:106} INFO - 26/04/13 14:08:54 INFO LoggingMetricsReporter: Received metrics report: CommitReport{tableName=iceberg.air_quality_ml.air_quality_gold, snapshotId=587647696047537031, sequenceNumber=12, operation=append, commitMetrics=CommitMetricsResult{totalDuration=TimerResult{timeUnit=NANOSECONDS, totalDuration=PT1.966515877S, count=1}, attempts=CounterResult{unit=COUNT, value=1}, addedDataFiles=CounterResult{unit=COUNT, value=15}, removedDataFiles=null, totalDataFiles=CounterResult{unit=COUNT, value=180}, addedDeleteFiles=null, addedEqualityDeleteFiles=null, addedPositionalDeleteFiles=null, addedDVs=null, removedDeleteFiles=null, removedEqualityDeleteFiles=null, removedPositionalDeleteFiles=null, removedDVs=null, totalDeleteFiles=CounterResult{unit=COUNT, value=0}, addedRecords=CounterResult{unit=COUNT, value=100}, removedRecords=null, totalRecords=CounterResult{unit=COUNT, value=1200}, addedFilesSizeInBytes=CounterResult{unit=BYTES, value=148690}, removedFilesSizeInBytes=null, totalFilesSizeInBytes=CounterResult{unit=BYTES, value=1758778}, addedPositionalDeletes=null, removedPositionalDeletes=null, totalPositionalDeletes=CounterResult{unit=COUNT, value=0}, addedEqualityDeletes=null, removedEqualityDeletes=null, totalEqualityDeletes=CounterResult{unit=COUNT, value=0}, manifestsCreated=null, manifestsReplaced=null, manifestsKept=null, manifestEntriesProcessed=null}, metadata={engine-version=4.0.2, app-id=local-1776089306233, engine-name=spark, iceberg-version=Apache Iceberg 1.10.1 (commit ccb8bc435062171e64bc8b7e5f56e6aed9c5b934)}}
[2026-04-13T14:08:54.494+0000] {subprocess.py:106} INFO - 26/04/13 14:08:54 INFO SparkWrite: Committed in 2081 ms
[2026-04-13T14:08:54.495+0000] {subprocess.py:106} INFO - 26/04/13 14:08:54 INFO AppendDataExec: Data source write support IcebergBatchWrite(table=iceberg.air_quality_ml.air_quality_gold, format=PARQUET) committed.
[2026-04-13T14:08:54.497+0000] {subprocess.py:106} INFO - Dữ liệu đã được append vào iceberg.air_quality_ml.air_quality_gold.
[2026-04-13T14:08:54.498+0000] {subprocess.py:106} INFO - ETL from Silver to Gold completed!
[2026-04-13T14:08:54.502+0000] {subprocess.py:106} INFO - 26/04/13 14:08:54 INFO SparkContext: SparkContext is stopping with exitCode 0 from stop at NativeMethodAccessorImpl.java:0.
[2026-04-13T14:08:54.534+0000] {subprocess.py:106} INFO - 26/04/13 14:08:54 INFO SparkUI: Stopped Spark web UI at http://spark-master:4042
[2026-04-13T14:08:54.565+0000] {subprocess.py:106} INFO - 26/04/13 14:08:54 INFO MapOutputTrackerMasterEndpoint: MapOutputTrackerMasterEndpoint stopped!
[2026-04-13T14:08:54.616+0000] {subprocess.py:106} INFO - 26/04/13 14:08:54 INFO MemoryStore: MemoryStore cleared
[2026-04-13T14:08:54.617+0000] {subprocess.py:106} INFO - 26/04/13 14:08:54 INFO BlockManager: BlockManager stopped
[2026-04-13T14:08:54.638+0000] {subprocess.py:106} INFO - 26/04/13 14:08:54 INFO BlockManagerMaster: BlockManagerMaster stopped
[2026-04-13T14:08:54.648+0000] {subprocess.py:106} INFO - 26/04/13 14:08:54 INFO OutputCommitCoordinator$OutputCommitCoordinatorEndpoint: OutputCommitCoordinator stopped!
[2026-04-13T14:08:54.676+0000] {subprocess.py:106} INFO - 26/04/13 14:08:54 INFO SparkContext: Successfully stopped SparkContext
[2026-04-13T14:08:55.951+0000] {subprocess.py:106} INFO - 26/04/13 14:08:55 INFO ShutdownHookManager: Shutdown hook called
[2026-04-13T14:08:55.955+0000] {subprocess.py:106} INFO - 26/04/13 14:08:55 INFO ShutdownHookManager: Deleting directory /tmp/spark-0d4eaf1c-34f2-4330-9d14-d9427ae81998
[2026-04-13T14:08:55.969+0000] {subprocess.py:106} INFO - 26/04/13 14:08:55 INFO ShutdownHookManager: Deleting directory /tmp/artifacts-82a05add-06fe-4ac9-88b0-05496df34dee
[2026-04-13T14:08:55.988+0000] {subprocess.py:106} INFO - 26/04/13 14:08:55 INFO ShutdownHookManager: Deleting directory /tmp/spark-b4a3c95b-e6d0-455f-a802-223b2f8fe949
[2026-04-13T14:08:56.007+0000] {subprocess.py:106} INFO - 26/04/13 14:08:56 INFO ShutdownHookManager: Deleting directory /tmp/spark-0d4eaf1c-34f2-4330-9d14-d9427ae81998/pyspark-1c35b4cb-848c-4de5-bdda-71bfa6f94dd6
[2026-04-13T14:08:56.356+0000] {subprocess.py:110} INFO - Command exited with return code 0
[2026-04-13T14:08:57.059+0000] {taskinstance.py:340} INFO - ::group::Post task execution logs
[2026-04-13T14:08:57.067+0000] {taskinstance.py:352} INFO - Marking task as SUCCESS. dag_id=predict_aqi, task_id=silver_to_gold, run_id=manual__2026-04-13T14:07:37.472149+00:00, execution_date=20260413T140737, start_date=20260413T140758, end_date=20260413T140857
[2026-04-13T14:08:57.351+0000] {local_task_job_runner.py:266} INFO - Task exited with return code 0
[2026-04-13T14:08:57.635+0000] {taskinstance.py:3895} INFO - 1 downstream tasks scheduled from follow-on schedule check
[2026-04-13T14:08:57.642+0000] {local_task_job_runner.py:245} INFO - ::endgroup::
