[2026-04-13T13:15:15.740+0000] {local_task_job_runner.py:123} INFO - ::group::Pre task execution logs
[2026-04-13T13:15:15.773+0000] {taskinstance.py:2613} INFO - Dependencies all met for dep_context=non-requeueable deps ti=<TaskInstance: predict_aqi.silver_to_gold manual__2026-04-13T13:15:03.651793+00:00 [queued]>
[2026-04-13T13:15:15.784+0000] {taskinstance.py:2613} INFO - Dependencies all met for dep_context=requeueable deps ti=<TaskInstance: predict_aqi.silver_to_gold manual__2026-04-13T13:15:03.651793+00:00 [queued]>
[2026-04-13T13:15:15.785+0000] {taskinstance.py:2866} INFO - Starting attempt 1 of 3
[2026-04-13T13:15:15.802+0000] {taskinstance.py:2889} INFO - Executing <Task(BashOperator): silver_to_gold> on 2026-04-13 13:15:03.651793+00:00
[2026-04-13T13:15:15.812+0000] {standard_task_runner.py:104} INFO - Running: ['airflow', 'tasks', 'run', 'predict_aqi', 'silver_to_gold', 'manual__2026-04-13T13:15:03.651793+00:00', '--job-id', '136', '--raw', '--subdir', 'DAGS_FOLDER/dag_ml.py', '--cfg-path', '/tmp/tmpmutmg4p6']
[2026-04-13T13:15:15.813+0000] {standard_task_runner.py:105} INFO - Job 136: Subtask silver_to_gold
[2026-04-13T13:15:15.816+0000] {logging_mixin.py:190} WARNING - /home/airflow/airflow/venv/lib/python3.12/site-packages/airflow/task/task_runner/standard_task_runner.py:70 DeprecationWarning: This process (pid=91200) is multi-threaded, use of fork() may lead to deadlocks in the child.
[2026-04-13T13:15:15.817+0000] {standard_task_runner.py:72} INFO - Started process 91233 to run task
[2026-04-13T13:15:15.883+0000] {task_command.py:467} INFO - Running <TaskInstance: predict_aqi.silver_to_gold manual__2026-04-13T13:15:03.651793+00:00 [running]> on host airflow
[2026-04-13T13:15:15.976+0000] {taskinstance.py:3132} INFO - Exporting env vars: AIRFLOW_CTX_DAG_OWNER='airflow' AIRFLOW_CTX_DAG_ID='predict_aqi' AIRFLOW_CTX_TASK_ID='silver_to_gold' AIRFLOW_CTX_EXECUTION_DATE='2026-04-13T13:15:03.651793+00:00' AIRFLOW_CTX_TRY_NUMBER='1' AIRFLOW_CTX_DAG_RUN_ID='manual__2026-04-13T13:15:03.651793+00:00'
[2026-04-13T13:15:15.978+0000] {taskinstance.py:731} INFO - ::endgroup::
[2026-04-13T13:15:15.997+0000] {subprocess.py:78} INFO - Tmp dir root location: /tmp
[2026-04-13T13:15:16.000+0000] {subprocess.py:88} INFO - Running command: ['/usr/bin/bash', '-c', '\n            docker exec spark-master spark-submit                 --packages org.apache.iceberg:iceberg-spark-runtime-4.0_2.13:1.10.1                 /home/spark/spark/spark_jobs/silver_to_gold.py 2026-04-13\n        ']
[2026-04-13T13:15:16.009+0000] {subprocess.py:99} INFO - Output:
[2026-04-13T13:15:17.361+0000] {subprocess.py:106} INFO - WARNING: Using incubator modules: jdk.incubator.vector
[2026-04-13T13:15:20.837+0000] {subprocess.py:106} INFO - :: loading settings :: url = jar:file:/home/spark/spark/jars/ivy-2.5.3.jar!/org/apache/ivy/core/settings/ivysettings.xml
[2026-04-13T13:15:21.138+0000] {subprocess.py:106} INFO - Ivy Default Cache set to: /home/spark/.ivy2.5.2/cache
[2026-04-13T13:15:21.138+0000] {subprocess.py:106} INFO - The jars for the packages stored in: /home/spark/.ivy2.5.2/jars
[2026-04-13T13:15:21.153+0000] {subprocess.py:106} INFO - org.apache.iceberg#iceberg-spark-runtime-4.0_2.13 added as a dependency
[2026-04-13T13:15:21.154+0000] {subprocess.py:106} INFO - :: resolving dependencies :: org.apache.spark#spark-submit-parent-db427d61-1dc9-4296-a8ed-567c983661b3;1.0
[2026-04-13T13:15:21.155+0000] {subprocess.py:106} INFO - 	confs: [default]
[2026-04-13T13:15:21.379+0000] {subprocess.py:106} INFO - 	found org.apache.iceberg#iceberg-spark-runtime-4.0_2.13;1.10.1 in central
[2026-04-13T13:15:21.403+0000] {subprocess.py:106} INFO - :: resolution report :: resolve 245ms :: artifacts dl 4ms
[2026-04-13T13:15:21.404+0000] {subprocess.py:106} INFO - 	:: modules in use:
[2026-04-13T13:15:21.406+0000] {subprocess.py:106} INFO - 	org.apache.iceberg#iceberg-spark-runtime-4.0_2.13;1.10.1 from central in [default]
[2026-04-13T13:15:21.406+0000] {subprocess.py:106} INFO - 	---------------------------------------------------------------------
[2026-04-13T13:15:21.407+0000] {subprocess.py:106} INFO - 	|                  |            modules            ||   artifacts   |
[2026-04-13T13:15:21.408+0000] {subprocess.py:106} INFO - 	|       conf       | number| search|dwnlded|evicted|| number|dwnlded|
[2026-04-13T13:15:21.408+0000] {subprocess.py:106} INFO - 	---------------------------------------------------------------------
[2026-04-13T13:15:21.409+0000] {subprocess.py:106} INFO - 	|      default     |   1   |   0   |   0   |   0   ||   1   |   0   |
[2026-04-13T13:15:21.410+0000] {subprocess.py:106} INFO - 	---------------------------------------------------------------------
[2026-04-13T13:15:21.412+0000] {subprocess.py:106} INFO - :: retrieving :: org.apache.spark#spark-submit-parent-db427d61-1dc9-4296-a8ed-567c983661b3
[2026-04-13T13:15:21.413+0000] {subprocess.py:106} INFO - 	confs: [default]
[2026-04-13T13:15:23.453+0000] {subprocess.py:106} INFO - 	1 artifacts copied, 0 already retrieved (45980kB/2039ms)
[2026-04-13T13:15:23.904+0000] {subprocess.py:106} INFO - 26/04/13 13:15:23 WARN NativeCodeLoader: Unable to load native-hadoop library for your platform... using builtin-java classes where applicable
[2026-04-13T13:15:26.199+0000] {subprocess.py:106} INFO - Using Spark's default log4j profile: org/apache/spark/log4j2-defaults.properties
[2026-04-13T13:15:26.220+0000] {subprocess.py:106} INFO - 26/04/13 13:15:26 INFO SparkContext: Running Spark version 4.0.2
[2026-04-13T13:15:26.226+0000] {subprocess.py:106} INFO - 26/04/13 13:15:26 INFO SparkContext: OS info Linux, 6.6.87.2-microsoft-standard-WSL2, amd64
[2026-04-13T13:15:26.228+0000] {subprocess.py:106} INFO - 26/04/13 13:15:26 INFO SparkContext: Java version 21.0.10
[2026-04-13T13:15:26.334+0000] {subprocess.py:106} INFO - 26/04/13 13:15:26 INFO ResourceUtils: ==============================================================
[2026-04-13T13:15:26.335+0000] {subprocess.py:106} INFO - 26/04/13 13:15:26 INFO ResourceUtils: No custom resources configured for spark.driver.
[2026-04-13T13:15:26.336+0000] {subprocess.py:106} INFO - 26/04/13 13:15:26 INFO ResourceUtils: ==============================================================
[2026-04-13T13:15:26.339+0000] {subprocess.py:106} INFO - 26/04/13 13:15:26 INFO SparkContext: Submitted application: Silver_to_Gold
[2026-04-13T13:15:26.398+0000] {subprocess.py:106} INFO - 26/04/13 13:15:26 INFO ResourceProfile: Default ResourceProfile created, executor resources: Map(cores -> name: cores, amount: 2, script: , vendor: , memory -> name: memory, amount: 2048, script: , vendor: , offHeap -> name: offHeap, amount: 0, script: , vendor: ), task resources: Map(cpus -> name: cpus, amount: 1.0)
[2026-04-13T13:15:26.407+0000] {subprocess.py:106} INFO - 26/04/13 13:15:26 INFO ResourceProfile: Limiting resource is cpus at 2 tasks per executor
[2026-04-13T13:15:26.411+0000] {subprocess.py:106} INFO - 26/04/13 13:15:26 INFO ResourceProfileManager: Added ResourceProfile id: 0
[2026-04-13T13:15:26.528+0000] {subprocess.py:106} INFO - 26/04/13 13:15:26 INFO SecurityManager: Changing view acls to: spark
[2026-04-13T13:15:26.531+0000] {subprocess.py:106} INFO - 26/04/13 13:15:26 INFO SecurityManager: Changing modify acls to: spark
[2026-04-13T13:15:26.532+0000] {subprocess.py:106} INFO - 26/04/13 13:15:26 INFO SecurityManager: Changing view acls groups to: spark
[2026-04-13T13:15:26.534+0000] {subprocess.py:106} INFO - 26/04/13 13:15:26 INFO SecurityManager: Changing modify acls groups to: spark
[2026-04-13T13:15:26.541+0000] {subprocess.py:106} INFO - 26/04/13 13:15:26 INFO SecurityManager: SecurityManager: authentication disabled; ui acls disabled; users with view permissions: spark groups with view permissions: EMPTY; users with modify permissions: spark; groups with modify permissions: EMPTY; RPC SSL disabled
[2026-04-13T13:15:27.148+0000] {subprocess.py:106} INFO - 26/04/13 13:15:27 INFO Utils: Successfully started service 'sparkDriver' on port 35183.
[2026-04-13T13:15:27.223+0000] {subprocess.py:106} INFO - 26/04/13 13:15:27 INFO SparkEnv: Registering MapOutputTracker
[2026-04-13T13:15:27.248+0000] {subprocess.py:106} INFO - 26/04/13 13:15:27 INFO SparkEnv: Registering BlockManagerMaster
[2026-04-13T13:15:27.283+0000] {subprocess.py:106} INFO - 26/04/13 13:15:27 INFO BlockManagerMasterEndpoint: Using org.apache.spark.storage.DefaultTopologyMapper for getting topology information
[2026-04-13T13:15:27.285+0000] {subprocess.py:106} INFO - 26/04/13 13:15:27 INFO BlockManagerMasterEndpoint: BlockManagerMasterEndpoint up
[2026-04-13T13:15:27.293+0000] {subprocess.py:106} INFO - 26/04/13 13:15:27 INFO SparkEnv: Registering BlockManagerMasterHeartbeat
[2026-04-13T13:15:27.345+0000] {subprocess.py:106} INFO - 26/04/13 13:15:27 INFO DiskBlockManager: Created local directory at /tmp/blockmgr-0cd5c3fa-71a4-4e34-8f10-9e658ec7e03b
[2026-04-13T13:15:27.384+0000] {subprocess.py:106} INFO - 26/04/13 13:15:27 INFO SparkEnv: Registering OutputCommitCoordinator
[2026-04-13T13:15:27.667+0000] {subprocess.py:106} INFO - 26/04/13 13:15:27 INFO JettyUtils: Start Jetty 0.0.0.0:4040 for SparkUI
[2026-04-13T13:15:27.834+0000] {subprocess.py:106} INFO - 26/04/13 13:15:27 INFO Utils: Successfully started service 'SparkUI' on port 4040.
[2026-04-13T13:15:27.899+0000] {subprocess.py:106} INFO - 26/04/13 13:15:27 INFO SparkContext: Added JAR file:///home/spark/.ivy2.5.2/jars/org.apache.iceberg_iceberg-spark-runtime-4.0_2.13-1.10.1.jar at spark://spark-master:35183/jars/org.apache.iceberg_iceberg-spark-runtime-4.0_2.13-1.10.1.jar with timestamp 1776086126180
[2026-04-13T13:15:27.904+0000] {subprocess.py:106} INFO - 26/04/13 13:15:27 INFO SparkContext: Added file file:///home/spark/.ivy2.5.2/jars/org.apache.iceberg_iceberg-spark-runtime-4.0_2.13-1.10.1.jar at file:///home/spark/.ivy2.5.2/jars/org.apache.iceberg_iceberg-spark-runtime-4.0_2.13-1.10.1.jar with timestamp 1776086126180
[2026-04-13T13:15:27.908+0000] {subprocess.py:106} INFO - 26/04/13 13:15:27 INFO Utils: Copying /home/spark/.ivy2.5.2/jars/org.apache.iceberg_iceberg-spark-runtime-4.0_2.13-1.10.1.jar to /tmp/spark-02c0bd84-4757-48ea-836e-f139c7108651/userFiles-acd221fb-0fe6-422f-9afe-7260829f58d8/org.apache.iceberg_iceberg-spark-runtime-4.0_2.13-1.10.1.jar
[2026-04-13T13:15:28.125+0000] {subprocess.py:106} INFO - 26/04/13 13:15:28 INFO SecurityManager: Changing view acls to: spark
[2026-04-13T13:15:28.126+0000] {subprocess.py:106} INFO - 26/04/13 13:15:28 INFO SecurityManager: Changing modify acls to: spark
[2026-04-13T13:15:28.126+0000] {subprocess.py:106} INFO - 26/04/13 13:15:28 INFO SecurityManager: Changing view acls groups to: spark
[2026-04-13T13:15:28.127+0000] {subprocess.py:106} INFO - 26/04/13 13:15:28 INFO SecurityManager: Changing modify acls groups to: spark
[2026-04-13T13:15:28.128+0000] {subprocess.py:106} INFO - 26/04/13 13:15:28 INFO SecurityManager: SecurityManager: authentication disabled; ui acls disabled; users with view permissions: spark groups with view permissions: EMPTY; users with modify permissions: spark; groups with modify permissions: EMPTY; RPC SSL disabled
[2026-04-13T13:15:28.581+0000] {subprocess.py:106} INFO - 26/04/13 13:15:28 INFO Executor: Starting executor ID driver on host spark-master
[2026-04-13T13:15:28.582+0000] {subprocess.py:106} INFO - 26/04/13 13:15:28 INFO Executor: OS info Linux, 6.6.87.2-microsoft-standard-WSL2, amd64
[2026-04-13T13:15:28.582+0000] {subprocess.py:106} INFO - 26/04/13 13:15:28 INFO Executor: Java version 21.0.10
[2026-04-13T13:15:28.614+0000] {subprocess.py:106} INFO - 26/04/13 13:15:28 INFO Executor: Starting executor with user classpath (userClassPathFirst = false): ''
[2026-04-13T13:15:28.617+0000] {subprocess.py:106} INFO - 26/04/13 13:15:28 INFO Executor: Created or updated repl class loader org.apache.spark.util.MutableURLClassLoader@5e7c39b3 for default.
[2026-04-13T13:15:28.647+0000] {subprocess.py:106} INFO - 26/04/13 13:15:28 INFO Executor: Fetching file:///home/spark/.ivy2.5.2/jars/org.apache.iceberg_iceberg-spark-runtime-4.0_2.13-1.10.1.jar with timestamp 1776086126180
[2026-04-13T13:15:28.715+0000] {subprocess.py:106} INFO - 26/04/13 13:15:28 INFO Utils: /home/spark/.ivy2.5.2/jars/org.apache.iceberg_iceberg-spark-runtime-4.0_2.13-1.10.1.jar has been previously copied to /tmp/spark-02c0bd84-4757-48ea-836e-f139c7108651/userFiles-acd221fb-0fe6-422f-9afe-7260829f58d8/org.apache.iceberg_iceberg-spark-runtime-4.0_2.13-1.10.1.jar
[2026-04-13T13:15:28.744+0000] {subprocess.py:106} INFO - 26/04/13 13:15:28 INFO Executor: Fetching spark://spark-master:35183/jars/org.apache.iceberg_iceberg-spark-runtime-4.0_2.13-1.10.1.jar with timestamp 1776086126180
[2026-04-13T13:15:28.824+0000] {subprocess.py:106} INFO - 26/04/13 13:15:28 INFO TransportClientFactory: Successfully created connection to spark-master/172.20.0.5:35183 after 51 ms (0 ms spent in bootstraps)
[2026-04-13T13:15:28.839+0000] {subprocess.py:106} INFO - 26/04/13 13:15:28 INFO Utils: Fetching spark://spark-master:35183/jars/org.apache.iceberg_iceberg-spark-runtime-4.0_2.13-1.10.1.jar to /tmp/spark-02c0bd84-4757-48ea-836e-f139c7108651/userFiles-acd221fb-0fe6-422f-9afe-7260829f58d8/fetchFileTemp16397065095282916514.tmp
[2026-04-13T13:15:29.512+0000] {subprocess.py:106} INFO - 26/04/13 13:15:29 INFO Utils: /tmp/spark-02c0bd84-4757-48ea-836e-f139c7108651/userFiles-acd221fb-0fe6-422f-9afe-7260829f58d8/fetchFileTemp16397065095282916514.tmp has been previously copied to /tmp/spark-02c0bd84-4757-48ea-836e-f139c7108651/userFiles-acd221fb-0fe6-422f-9afe-7260829f58d8/org.apache.iceberg_iceberg-spark-runtime-4.0_2.13-1.10.1.jar
[2026-04-13T13:15:29.556+0000] {subprocess.py:106} INFO - 26/04/13 13:15:29 INFO Executor: Adding file:/tmp/spark-02c0bd84-4757-48ea-836e-f139c7108651/userFiles-acd221fb-0fe6-422f-9afe-7260829f58d8/org.apache.iceberg_iceberg-spark-runtime-4.0_2.13-1.10.1.jar to class loader default
[2026-04-13T13:15:29.576+0000] {subprocess.py:106} INFO - 26/04/13 13:15:29 INFO Utils: Successfully started service 'org.apache.spark.network.netty.NettyBlockTransferService' on port 46021.
[2026-04-13T13:15:29.577+0000] {subprocess.py:106} INFO - 26/04/13 13:15:29 INFO NettyBlockTransferService: Server created on spark-master:46021
[2026-04-13T13:15:29.579+0000] {subprocess.py:106} INFO - 26/04/13 13:15:29 INFO BlockManager: Using org.apache.spark.storage.RandomBlockReplicationPolicy for block replication policy
[2026-04-13T13:15:29.614+0000] {subprocess.py:106} INFO - 26/04/13 13:15:29 INFO BlockManagerMaster: Registering BlockManager BlockManagerId(driver, spark-master, 46021, None)
[2026-04-13T13:15:29.643+0000] {subprocess.py:106} INFO - 26/04/13 13:15:29 INFO BlockManagerMasterEndpoint: Registering block manager spark-master:46021 with 1048.8 MiB RAM, BlockManagerId(driver, spark-master, 46021, None)
[2026-04-13T13:15:29.651+0000] {subprocess.py:106} INFO - 26/04/13 13:15:29 INFO BlockManagerMaster: Registered BlockManager BlockManagerId(driver, spark-master, 46021, None)
[2026-04-13T13:15:29.656+0000] {subprocess.py:106} INFO - 26/04/13 13:15:29 INFO BlockManager: Initialized BlockManager: BlockManagerId(driver, spark-master, 46021, None)
[2026-04-13T13:15:34.721+0000] {subprocess.py:106} INFO - Đọc dữ liệu Silver từ iceberg.air_quality_db.air_quality_silver
[2026-04-13T13:15:34.745+0000] {subprocess.py:106} INFO - 26/04/13 13:15:34 INFO SharedState: spark.sql.warehouse.dir is not set, but hive.metastore.warehouse.dir is set. Setting spark.sql.warehouse.dir to the value of hive.metastore.warehouse.dir.
[2026-04-13T13:15:35.471+0000] {subprocess.py:106} INFO - 26/04/13 13:15:35 INFO SharedState: Warehouse path is 'hdfs://23133083thuyvan-master:9000/user/hive/lakehouse'.
[2026-04-13T13:15:37.767+0000] {subprocess.py:106} INFO - 26/04/13 13:15:37 INFO CatalogUtil: Loading custom FileIO implementation: org.apache.iceberg.hadoop.HadoopFileIO
[2026-04-13T13:15:37.904+0000] {subprocess.py:106} INFO - 26/04/13 13:15:37 INFO HiveConf: Found configuration file file:/home/spark/spark/conf/hive-site.xml
[2026-04-13T13:15:38.193+0000] {subprocess.py:106} INFO - 26/04/13 13:15:38 INFO metastore: Trying to connect to metastore with URI thrift://23133083thuyvan-master:9083
[2026-04-13T13:15:38.237+0000] {subprocess.py:106} INFO - 26/04/13 13:15:38 INFO metastore: Opened a connection to metastore, current connections: 1
[2026-04-13T13:15:38.593+0000] {subprocess.py:106} INFO - 26/04/13 13:15:38 INFO metastore: Connected to metastore.
[2026-04-13T13:15:38.952+0000] {subprocess.py:106} INFO - 26/04/13 13:15:38 INFO BaseMetastoreTableOperations: Refreshing table metadata from new version: hdfs://23133083thuyvan-master:9000/user/hive/lakehouse/silver/air_quality_silver/metadata/00003-8e71d277-3336-4b24-8390-00b46931a63f.metadata.json
[2026-04-13T13:15:39.992+0000] {subprocess.py:106} INFO - 26/04/13 13:15:39 INFO BaseMetastoreCatalog: Table loaded by catalog: iceberg.air_quality_db.air_quality_silver
[2026-04-13T13:15:41.671+0000] {subprocess.py:106} INFO - 26/04/13 13:15:41 INFO BaseMetastoreTableOperations: Refreshing table metadata from new version: hdfs://23133083thuyvan-master:9000/user/hive/lakehouse/gold/ml/air_quality_gold/metadata/00002-7cd4ee82-1219-47fc-bfcd-c160309fe1a7.metadata.json
[2026-04-13T13:15:41.699+0000] {subprocess.py:106} INFO - 26/04/13 13:15:41 INFO BaseMetastoreCatalog: Table loaded by catalog: iceberg.air_quality_ml.air_quality_gold
[2026-04-13T13:15:41.710+0000] {subprocess.py:106} INFO - Bảng đã tồn tại, append dữ liệu vào iceberg.air_quality_ml.air_quality_gold
[2026-04-13T13:15:41.838+0000] {subprocess.py:106} INFO - 26/04/13 13:15:41 INFO V2ScanRelationPushDown:
[2026-04-13T13:15:41.839+0000] {subprocess.py:106} INFO - Output: timestamp#94, location#95, latitude#96, longitude#97, country#98, condition_text#99, timezone#100, temperature_2m#101, relative_humidity_2m#102, apparent_temperature#103, precipitation#104, cloud_cover#105, wind_speed_10m#106, wind_direction_10m#107, wind_gusts_10m#108, uv_index#109, weather_code#110, european_aqi#111, us_aqi#112, us_aqi_index#113, aqi_label#114, pm10#115, pm2_5#116, carbon_monoxide#117, nitrogen_dioxide#118, sulphur_dioxide#119, ozone#120, processing_time#121, data_source#122
[2026-04-13T13:15:41.840+0000] {subprocess.py:106} INFO - 
[2026-04-13T13:15:41.856+0000] {subprocess.py:106} INFO - 26/04/13 13:15:41 INFO SnapshotScan: Scanning table iceberg.air_quality_db.air_quality_silver snapshot 4518274335865062319 created at 2026-04-13T11:48:03.562+00:00 with filter true
[2026-04-13T13:15:42.182+0000] {subprocess.py:106} INFO - 26/04/13 13:15:42 INFO BaseDistributedDataScan: Planning file tasks locally for table iceberg.air_quality_db.air_quality_silver
[2026-04-13T13:15:42.340+0000] {subprocess.py:106} INFO - 26/04/13 13:15:42 INFO SparkPartitioningAwareScan: Reporting UnknownPartitioning with 15 partition(s) for table iceberg.air_quality_db.air_quality_silver
[2026-04-13T13:15:42.449+0000] {subprocess.py:106} INFO - 26/04/13 13:15:42 INFO MemoryStore: MemoryStore started with capacity 1048.8 MiB
[2026-04-13T13:15:42.502+0000] {subprocess.py:106} INFO - 26/04/13 13:15:42 INFO MemoryStore: Block broadcast_0 stored as values in memory (estimated size 32.0 KiB, free 1048.8 MiB)
[2026-04-13T13:15:42.612+0000] {subprocess.py:106} INFO - 26/04/13 13:15:42 INFO MemoryStore: Block broadcast_0_piece0 stored as bytes in memory (estimated size 34.8 KiB, free 1048.7 MiB)
[2026-04-13T13:15:42.628+0000] {subprocess.py:106} INFO - 26/04/13 13:15:42 INFO SparkContext: Created broadcast 0 from broadcast at SparkBatch.java:87
[2026-04-13T13:15:42.836+0000] {subprocess.py:106} INFO - 26/04/13 13:15:42 INFO MemoryStore: Block broadcast_1 stored as values in memory (estimated size 32.0 KiB, free 1048.7 MiB)
[2026-04-13T13:15:42.842+0000] {subprocess.py:106} INFO - 26/04/13 13:15:42 INFO MemoryStore: Block broadcast_1_piece0 stored as bytes in memory (estimated size 34.9 KiB, free 1048.7 MiB)
[2026-04-13T13:15:42.846+0000] {subprocess.py:106} INFO - 26/04/13 13:15:42 INFO SparkContext: Created broadcast 1 from broadcast at SparkBatch.java:87
[2026-04-13T13:15:42.938+0000] {subprocess.py:106} INFO - 26/04/13 13:15:42 WARN SparkStringUtils: Truncated the string representation of a plan since it was too large. This behavior can be adjusted by setting 'spark.sql.debug.maxToStringFields'.
[2026-04-13T13:15:43.492+0000] {subprocess.py:106} INFO - 26/04/13 13:15:43 INFO CodeGenerator: Code generated in 359.512683 ms
[2026-04-13T13:15:43.615+0000] {subprocess.py:106} INFO - 26/04/13 13:15:43 INFO MemoryStore: Block broadcast_2 stored as values in memory (estimated size 32.0 KiB, free 1048.6 MiB)
[2026-04-13T13:15:43.621+0000] {subprocess.py:106} INFO - 26/04/13 13:15:43 INFO MemoryStore: Block broadcast_2_piece0 stored as bytes in memory (estimated size 34.8 KiB, free 1048.6 MiB)
[2026-04-13T13:15:43.625+0000] {subprocess.py:106} INFO - 26/04/13 13:15:43 INFO SparkContext: Created broadcast 2 from broadcast at SparkWrite.java:198
[2026-04-13T13:15:43.632+0000] {subprocess.py:106} INFO - 26/04/13 13:15:43 INFO AppendDataExec: Start processing data source write support: IcebergBatchWrite(table=iceberg.air_quality_ml.air_quality_gold, format=PARQUET). The input RDD has 15} partitions.
[2026-04-13T13:15:43.663+0000] {subprocess.py:106} INFO - 26/04/13 13:15:43 INFO SparkContext: Starting job: append at NativeMethodAccessorImpl.java:0
[2026-04-13T13:15:43.680+0000] {subprocess.py:106} INFO - 26/04/13 13:15:43 INFO DAGScheduler: Got job 0 (append at NativeMethodAccessorImpl.java:0) with 15 output partitions
[2026-04-13T13:15:43.682+0000] {subprocess.py:106} INFO - 26/04/13 13:15:43 INFO DAGScheduler: Final stage: ResultStage 0 (append at NativeMethodAccessorImpl.java:0)
[2026-04-13T13:15:43.683+0000] {subprocess.py:106} INFO - 26/04/13 13:15:43 INFO DAGScheduler: Parents of final stage: List()
[2026-04-13T13:15:43.687+0000] {subprocess.py:106} INFO - 26/04/13 13:15:43 INFO DAGScheduler: Missing parents: List()
[2026-04-13T13:15:43.694+0000] {subprocess.py:106} INFO - 26/04/13 13:15:43 INFO DAGScheduler: Submitting ResultStage 0 (MapPartitionsRDD[2] at append at NativeMethodAccessorImpl.java:0), which has no missing parents
[2026-04-13T13:15:43.771+0000] {subprocess.py:106} INFO - 26/04/13 13:15:43 INFO MemoryStore: Block broadcast_3 stored as values in memory (estimated size 33.8 KiB, free 1048.6 MiB)
[2026-04-13T13:15:43.777+0000] {subprocess.py:106} INFO - 26/04/13 13:15:43 INFO MemoryStore: Block broadcast_3_piece0 stored as bytes in memory (estimated size 10.3 KiB, free 1048.6 MiB)
[2026-04-13T13:15:43.778+0000] {subprocess.py:106} INFO - 26/04/13 13:15:43 INFO SparkContext: Created broadcast 3 from broadcast at DAGScheduler.scala:1676
[2026-04-13T13:15:43.811+0000] {subprocess.py:106} INFO - 26/04/13 13:15:43 INFO DAGScheduler: Submitting 15 missing tasks from ResultStage 0 (MapPartitionsRDD[2] at append at NativeMethodAccessorImpl.java:0) (first 15 tasks are for partitions Vector(0, 1, 2, 3, 4, 5, 6, 7, 8, 9, 10, 11, 12, 13, 14))
[2026-04-13T13:15:43.817+0000] {subprocess.py:106} INFO - 26/04/13 13:15:43 INFO TaskSchedulerImpl: Adding task set 0.0 with 15 tasks resource profile 0
[2026-04-13T13:15:43.890+0000] {subprocess.py:106} INFO - 26/04/13 13:15:43 INFO TaskSetManager: Starting task 0.0 in stage 0.0 (TID 0) (spark-master,executor driver, partition 0, ANY, 21823 bytes)
[2026-04-13T13:15:43.895+0000] {subprocess.py:106} INFO - 26/04/13 13:15:43 INFO TaskSetManager: Starting task 1.0 in stage 0.0 (TID 1) (spark-master,executor driver, partition 1, ANY, 21814 bytes)
[2026-04-13T13:15:43.896+0000] {subprocess.py:106} INFO - 26/04/13 13:15:43 INFO TaskSetManager: Starting task 2.0 in stage 0.0 (TID 2) (spark-master,executor driver, partition 2, ANY, 21822 bytes)
[2026-04-13T13:15:43.898+0000] {subprocess.py:106} INFO - 26/04/13 13:15:43 INFO TaskSetManager: Starting task 3.0 in stage 0.0 (TID 3) (spark-master,executor driver, partition 3, ANY, 21810 bytes)
[2026-04-13T13:15:43.900+0000] {subprocess.py:106} INFO - 26/04/13 13:15:43 INFO TaskSetManager: Starting task 4.0 in stage 0.0 (TID 4) (spark-master,executor driver, partition 4, ANY, 21810 bytes)
[2026-04-13T13:15:43.902+0000] {subprocess.py:106} INFO - 26/04/13 13:15:43 INFO TaskSetManager: Starting task 5.0 in stage 0.0 (TID 5) (spark-master,executor driver, partition 5, ANY, 21812 bytes)
[2026-04-13T13:15:43.904+0000] {subprocess.py:106} INFO - 26/04/13 13:15:43 INFO TaskSetManager: Starting task 6.0 in stage 0.0 (TID 6) (spark-master,executor driver, partition 6, ANY, 21806 bytes)
[2026-04-13T13:15:43.905+0000] {subprocess.py:106} INFO - 26/04/13 13:15:43 INFO TaskSetManager: Starting task 7.0 in stage 0.0 (TID 7) (spark-master,executor driver, partition 7, ANY, 21808 bytes)
[2026-04-13T13:15:43.906+0000] {subprocess.py:106} INFO - 26/04/13 13:15:43 INFO TaskSetManager: Starting task 8.0 in stage 0.0 (TID 8) (spark-master,executor driver, partition 8, ANY, 21812 bytes)
[2026-04-13T13:15:43.909+0000] {subprocess.py:106} INFO - 26/04/13 13:15:43 INFO TaskSetManager: Starting task 9.0 in stage 0.0 (TID 9) (spark-master,executor driver, partition 9, ANY, 21355 bytes)
[2026-04-13T13:15:43.910+0000] {subprocess.py:106} INFO - 26/04/13 13:15:43 INFO TaskSetManager: Starting task 10.0 in stage 0.0 (TID 10) (spark-master,executor driver, partition 10, ANY, 21375 bytes)
[2026-04-13T13:15:43.911+0000] {subprocess.py:106} INFO - 26/04/13 13:15:43 INFO TaskSetManager: Starting task 11.0 in stage 0.0 (TID 11) (spark-master,executor driver, partition 11, ANY, 21370 bytes)
[2026-04-13T13:15:43.912+0000] {subprocess.py:106} INFO - 26/04/13 13:15:43 INFO TaskSetManager: Starting task 12.0 in stage 0.0 (TID 12) (spark-master,executor driver, partition 12, ANY, 21356 bytes)
[2026-04-13T13:15:43.913+0000] {subprocess.py:106} INFO - 26/04/13 13:15:43 INFO TaskSetManager: Starting task 13.0 in stage 0.0 (TID 13) (spark-master,executor driver, partition 13, ANY, 21364 bytes)
[2026-04-13T13:15:43.914+0000] {subprocess.py:106} INFO - 26/04/13 13:15:43 INFO TaskSetManager: Starting task 14.0 in stage 0.0 (TID 14) (spark-master,executor driver, partition 14, ANY, 21346 bytes)
[2026-04-13T13:15:43.931+0000] {subprocess.py:106} INFO - 26/04/13 13:15:43 INFO Executor: Running task 9.0 in stage 0.0 (TID 9)
[2026-04-13T13:15:43.932+0000] {subprocess.py:106} INFO - 26/04/13 13:15:43 INFO Executor: Running task 4.0 in stage 0.0 (TID 4)
[2026-04-13T13:15:43.933+0000] {subprocess.py:106} INFO - 26/04/13 13:15:43 INFO Executor: Running task 11.0 in stage 0.0 (TID 11)
[2026-04-13T13:15:43.934+0000] {subprocess.py:106} INFO - 26/04/13 13:15:43 INFO Executor: Running task 1.0 in stage 0.0 (TID 1)
[2026-04-13T13:15:43.934+0000] {subprocess.py:106} INFO - 26/04/13 13:15:43 INFO Executor: Running task 10.0 in stage 0.0 (TID 10)
[2026-04-13T13:15:43.935+0000] {subprocess.py:106} INFO - 26/04/13 13:15:43 INFO Executor: Running task 6.0 in stage 0.0 (TID 6)
[2026-04-13T13:15:43.936+0000] {subprocess.py:106} INFO - 26/04/13 13:15:43 INFO Executor: Running task 0.0 in stage 0.0 (TID 0)
[2026-04-13T13:15:43.936+0000] {subprocess.py:106} INFO - 26/04/13 13:15:43 INFO Executor: Running task 2.0 in stage 0.0 (TID 2)
[2026-04-13T13:15:43.937+0000] {subprocess.py:106} INFO - 26/04/13 13:15:43 INFO Executor: Running task 7.0 in stage 0.0 (TID 7)
[2026-04-13T13:15:43.937+0000] {subprocess.py:106} INFO - 26/04/13 13:15:43 INFO Executor: Running task 5.0 in stage 0.0 (TID 5)
[2026-04-13T13:15:43.938+0000] {subprocess.py:106} INFO - 26/04/13 13:15:43 INFO Executor: Running task 3.0 in stage 0.0 (TID 3)
[2026-04-13T13:15:43.938+0000] {subprocess.py:106} INFO - 26/04/13 13:15:43 INFO Executor: Running task 8.0 in stage 0.0 (TID 8)
[2026-04-13T13:15:43.939+0000] {subprocess.py:106} INFO - 26/04/13 13:15:43 INFO Executor: Running task 12.0 in stage 0.0 (TID 12)
[2026-04-13T13:15:43.940+0000] {subprocess.py:106} INFO - 26/04/13 13:15:43 INFO Executor: Running task 13.0 in stage 0.0 (TID 13)
[2026-04-13T13:15:43.941+0000] {subprocess.py:106} INFO - 26/04/13 13:15:43 INFO Executor: Running task 14.0 in stage 0.0 (TID 14)
[2026-04-13T13:15:44.303+0000] {subprocess.py:106} INFO - 26/04/13 13:15:44 INFO CodeGenerator: Code generated in 108.500383 ms
[2026-04-13T13:15:44.448+0000] {subprocess.py:106} INFO - 26/04/13 13:15:44 INFO CodecPool: Got brand-new compressor [.zstd]
[2026-04-13T13:15:44.449+0000] {subprocess.py:106} INFO - 26/04/13 13:15:44 INFO CodecPool: Got brand-new compressor [.zstd]
[2026-04-13T13:15:44.450+0000] {subprocess.py:106} INFO - 26/04/13 13:15:44 INFO CodecPool: Got brand-new compressor [.zstd]
[2026-04-13T13:15:44.450+0000] {subprocess.py:106} INFO - 26/04/13 13:15:44 INFO CodecPool: Got brand-new compressor [.zstd]
[2026-04-13T13:15:44.451+0000] {subprocess.py:106} INFO - 26/04/13 13:15:44 INFO CodecPool: Got brand-new compressor [.zstd]
[2026-04-13T13:15:44.452+0000] {subprocess.py:106} INFO - 26/04/13 13:15:44 INFO CodecPool: Got brand-new compressor [.zstd]
[2026-04-13T13:15:44.452+0000] {subprocess.py:106} INFO - 26/04/13 13:15:44 INFO CodecPool: Got brand-new compressor [.zstd]
[2026-04-13T13:15:44.453+0000] {subprocess.py:106} INFO - 26/04/13 13:15:44 INFO CodecPool: Got brand-new compressor [.zstd]
[2026-04-13T13:15:44.453+0000] {subprocess.py:106} INFO - 26/04/13 13:15:44 INFO CodecPool: Got brand-new compressor [.zstd]
[2026-04-13T13:15:44.454+0000] {subprocess.py:106} INFO - 26/04/13 13:15:44 INFO CodecPool: Got brand-new compressor [.zstd]
[2026-04-13T13:15:44.455+0000] {subprocess.py:106} INFO - 26/04/13 13:15:44 INFO CodecPool: Got brand-new compressor [.zstd]
[2026-04-13T13:15:44.455+0000] {subprocess.py:106} INFO - 26/04/13 13:15:44 INFO CodecPool: Got brand-new compressor [.zstd]
[2026-04-13T13:15:44.456+0000] {subprocess.py:106} INFO - 26/04/13 13:15:44 INFO CodecPool: Got brand-new compressor [.zstd]
[2026-04-13T13:15:44.456+0000] {subprocess.py:106} INFO - 26/04/13 13:15:44 INFO CodecPool: Got brand-new compressor [.zstd]
[2026-04-13T13:15:44.457+0000] {subprocess.py:106} INFO - 26/04/13 13:15:44 INFO CodecPool: Got brand-new compressor [.zstd]
[2026-04-13T13:15:45.603+0000] {subprocess.py:106} INFO - 26/04/13 13:15:45 INFO VectorizedSparkParquetReaders: Enabling arrow.enable_unsafe_memory_access
[2026-04-13T13:15:45.606+0000] {subprocess.py:106} INFO - 26/04/13 13:15:45 INFO VectorizedSparkParquetReaders: Disabling arrow.enable_null_check_for_get
[2026-04-13T13:15:45.613+0000] {subprocess.py:106} INFO - 26/04/13 13:15:45 INFO BaseAllocator: Debug mode disabled. Enable with the VM option -Darrow.memory.debug.allocator=true.
[2026-04-13T13:15:45.616+0000] {subprocess.py:106} INFO - 26/04/13 13:15:45 INFO DefaultAllocationManagerOption: allocation manager type not specified, using netty as the default type
[2026-04-13T13:15:45.617+0000] {subprocess.py:106} INFO - 26/04/13 13:15:45 INFO CheckAllocator: Using DefaultAllocationManager at memory/DefaultAllocationManagerFactory.class
[2026-04-13T13:15:45.805+0000] {subprocess.py:106} INFO - 26/04/13 13:15:45 INFO CodecPool: Got brand-new decompressor [.zstd]
[2026-04-13T13:15:45.806+0000] {subprocess.py:106} INFO - 26/04/13 13:15:45 INFO CodecPool: Got brand-new decompressor [.zstd]
[2026-04-13T13:15:45.808+0000] {subprocess.py:106} INFO - 26/04/13 13:15:45 INFO CodecPool: Got brand-new decompressor [.zstd]
[2026-04-13T13:15:45.809+0000] {subprocess.py:106} INFO - 26/04/13 13:15:45 INFO CodecPool: Got brand-new decompressor [.zstd]
[2026-04-13T13:15:45.809+0000] {subprocess.py:106} INFO - 26/04/13 13:15:45 INFO CodecPool: Got brand-new decompressor [.zstd]
[2026-04-13T13:15:45.810+0000] {subprocess.py:106} INFO - 26/04/13 13:15:45 INFO CodecPool: Got brand-new decompressor [.zstd]
[2026-04-13T13:15:45.816+0000] {subprocess.py:106} INFO - 26/04/13 13:15:45 INFO CodecPool: Got brand-new decompressor [.zstd]
[2026-04-13T13:15:45.817+0000] {subprocess.py:106} INFO - 26/04/13 13:15:45 INFO CodecPool: Got brand-new decompressor [.zstd]
[2026-04-13T13:15:45.817+0000] {subprocess.py:106} INFO - 26/04/13 13:15:45 INFO CodecPool: Got brand-new decompressor [.zstd]
[2026-04-13T13:15:45.834+0000] {subprocess.py:106} INFO - 26/04/13 13:15:45 INFO CodecPool: Got brand-new decompressor [.zstd]
[2026-04-13T13:15:45.846+0000] {subprocess.py:106} INFO - 26/04/13 13:15:45 INFO CodecPool: Got brand-new decompressor [.zstd]
[2026-04-13T13:15:45.848+0000] {subprocess.py:106} INFO - 26/04/13 13:15:45 INFO CodecPool: Got brand-new decompressor [.zstd]
[2026-04-13T13:15:45.851+0000] {subprocess.py:106} INFO - 26/04/13 13:15:45 INFO CodecPool: Got brand-new decompressor [.zstd]
[2026-04-13T13:15:45.856+0000] {subprocess.py:106} INFO - 26/04/13 13:15:45 INFO CodecPool: Got brand-new decompressor [.zstd]
[2026-04-13T13:15:45.863+0000] {subprocess.py:106} INFO - 26/04/13 13:15:45 INFO CodecPool: Got brand-new decompressor [.zstd]
[2026-04-13T13:15:46.586+0000] {subprocess.py:106} INFO - 26/04/13 13:15:46 INFO CodecPool: Got brand-new decompressor [.zstd]
[2026-04-13T13:15:46.590+0000] {subprocess.py:106} INFO - 26/04/13 13:15:46 INFO CodecPool: Got brand-new decompressor [.zstd]
[2026-04-13T13:15:46.597+0000] {subprocess.py:106} INFO - 26/04/13 13:15:46 INFO CodecPool: Got brand-new decompressor [.zstd]
[2026-04-13T13:15:46.618+0000] {subprocess.py:106} INFO - 26/04/13 13:15:46 INFO CodecPool: Got brand-new decompressor [.zstd]
[2026-04-13T13:15:46.629+0000] {subprocess.py:106} INFO - 26/04/13 13:15:46 INFO CodecPool: Got brand-new decompressor [.zstd]
[2026-04-13T13:15:46.632+0000] {subprocess.py:106} INFO - 26/04/13 13:15:46 INFO CodecPool: Got brand-new decompressor [.zstd]
[2026-04-13T13:15:46.743+0000] {subprocess.py:106} INFO - 26/04/13 13:15:46 INFO CodecPool: Got brand-new decompressor [.zstd]
[2026-04-13T13:15:46.745+0000] {subprocess.py:106} INFO - 26/04/13 13:15:46 INFO CodecPool: Got brand-new decompressor [.zstd]
[2026-04-13T13:15:46.746+0000] {subprocess.py:106} INFO - 26/04/13 13:15:46 INFO CodecPool: Got brand-new decompressor [.zstd]
[2026-04-13T13:15:46.756+0000] {subprocess.py:106} INFO - 26/04/13 13:15:46 INFO CodecPool: Got brand-new decompressor [.zstd]
[2026-04-13T13:15:46.765+0000] {subprocess.py:106} INFO - 26/04/13 13:15:46 INFO CodecPool: Got brand-new decompressor [.zstd]
[2026-04-13T13:15:46.767+0000] {subprocess.py:106} INFO - 26/04/13 13:15:46 INFO CodecPool: Got brand-new decompressor [.zstd]
[2026-04-13T13:15:46.781+0000] {subprocess.py:106} INFO - 26/04/13 13:15:46 INFO CodecPool: Got brand-new decompressor [.zstd]
[2026-04-13T13:15:46.794+0000] {subprocess.py:106} INFO - 26/04/13 13:15:46 INFO CodecPool: Got brand-new decompressor [.zstd]
[2026-04-13T13:15:46.803+0000] {subprocess.py:106} INFO - 26/04/13 13:15:46 INFO CodecPool: Got brand-new decompressor [.zstd]
[2026-04-13T13:15:46.826+0000] {subprocess.py:106} INFO - 26/04/13 13:15:46 INFO CodecPool: Got brand-new decompressor [.zstd]
[2026-04-13T13:15:46.830+0000] {subprocess.py:106} INFO - 26/04/13 13:15:46 INFO CodecPool: Got brand-new decompressor [.zstd]
[2026-04-13T13:15:46.831+0000] {subprocess.py:106} INFO - 26/04/13 13:15:46 INFO CodecPool: Got brand-new decompressor [.zstd]
[2026-04-13T13:15:46.845+0000] {subprocess.py:106} INFO - 26/04/13 13:15:46 INFO CodecPool: Got brand-new decompressor [.zstd]
[2026-04-13T13:15:46.847+0000] {subprocess.py:106} INFO - 26/04/13 13:15:46 INFO CodecPool: Got brand-new decompressor [.zstd]
[2026-04-13T13:15:46.876+0000] {subprocess.py:106} INFO - 26/04/13 13:15:46 INFO CodecPool: Got brand-new decompressor [.zstd]
[2026-04-13T13:15:46.897+0000] {subprocess.py:106} INFO - 26/04/13 13:15:46 INFO CodecPool: Got brand-new decompressor [.zstd]
[2026-04-13T13:15:46.907+0000] {subprocess.py:106} INFO - 26/04/13 13:15:46 INFO CodecPool: Got brand-new decompressor [.zstd]
[2026-04-13T13:15:46.911+0000] {subprocess.py:106} INFO - 26/04/13 13:15:46 INFO CodecPool: Got brand-new decompressor [.zstd]
[2026-04-13T13:15:46.916+0000] {subprocess.py:106} INFO - 26/04/13 13:15:46 INFO CodecPool: Got brand-new decompressor [.zstd]
[2026-04-13T13:15:46.919+0000] {subprocess.py:106} INFO - 26/04/13 13:15:46 INFO CodecPool: Got brand-new decompressor [.zstd]
[2026-04-13T13:15:46.928+0000] {subprocess.py:106} INFO - 26/04/13 13:15:46 INFO CodecPool: Got brand-new decompressor [.zstd]
[2026-04-13T13:15:46.930+0000] {subprocess.py:106} INFO - 26/04/13 13:15:46 INFO CodecPool: Got brand-new decompressor [.zstd]
[2026-04-13T13:15:46.931+0000] {subprocess.py:106} INFO - 26/04/13 13:15:46 INFO CodecPool: Got brand-new decompressor [.zstd]
[2026-04-13T13:15:46.932+0000] {subprocess.py:106} INFO - 26/04/13 13:15:46 INFO DataWritingSparkTask: Writer for partition 4 is committing.
[2026-04-13T13:15:46.934+0000] {subprocess.py:106} INFO - 26/04/13 13:15:46 INFO DataWritingSparkTask: Writer for partition 3 is committing.
[2026-04-13T13:15:46.935+0000] {subprocess.py:106} INFO - 26/04/13 13:15:46 INFO CodecPool: Got brand-new decompressor [.zstd]
[2026-04-13T13:15:46.936+0000] {subprocess.py:106} INFO - 26/04/13 13:15:46 INFO CodecPool: Got brand-new decompressor [.zstd]
[2026-04-13T13:15:46.938+0000] {subprocess.py:106} INFO - 26/04/13 13:15:46 INFO DataWritingSparkTask: Writer for partition 5 is committing.
[2026-04-13T13:15:46.950+0000] {subprocess.py:106} INFO - 26/04/13 13:15:46 INFO CodecPool: Got brand-new decompressor [.zstd]
[2026-04-13T13:15:46.954+0000] {subprocess.py:106} INFO - 26/04/13 13:15:46 INFO CodecPool: Got brand-new decompressor [.zstd]
[2026-04-13T13:15:46.958+0000] {subprocess.py:106} INFO - 26/04/13 13:15:46 INFO DataWritingSparkTask: Writer for partition 10 is committing.
[2026-04-13T13:15:46.962+0000] {subprocess.py:106} INFO - 26/04/13 13:15:46 INFO CodecPool: Got brand-new decompressor [.zstd]
[2026-04-13T13:15:46.963+0000] {subprocess.py:106} INFO - 26/04/13 13:15:46 INFO CodecPool: Got brand-new decompressor [.zstd]
[2026-04-13T13:15:46.967+0000] {subprocess.py:106} INFO - 26/04/13 13:15:46 INFO DataWritingSparkTask: Writer for partition 12 is committing.
[2026-04-13T13:15:46.974+0000] {subprocess.py:106} INFO - 26/04/13 13:15:46 INFO CodecPool: Got brand-new decompressor [.zstd]
[2026-04-13T13:15:46.983+0000] {subprocess.py:106} INFO - 26/04/13 13:15:46 INFO DataWritingSparkTask: Writer for partition 1 is committing.
[2026-04-13T13:15:46.985+0000] {subprocess.py:106} INFO - 26/04/13 13:15:46 INFO CodecPool: Got brand-new decompressor [.zstd]
[2026-04-13T13:15:46.990+0000] {subprocess.py:106} INFO - 26/04/13 13:15:46 INFO CodecPool: Got brand-new decompressor [.zstd]
[2026-04-13T13:15:46.994+0000] {subprocess.py:106} INFO - 26/04/13 13:15:46 INFO CodecPool: Got brand-new decompressor [.zstd]
[2026-04-13T13:15:47.001+0000] {subprocess.py:106} INFO - 26/04/13 13:15:46 INFO DataWritingSparkTask: Writer for partition 14 is committing.
[2026-04-13T13:15:47.004+0000] {subprocess.py:106} INFO - 26/04/13 13:15:47 INFO CodecPool: Got brand-new decompressor [.zstd]
[2026-04-13T13:15:47.007+0000] {subprocess.py:106} INFO - 26/04/13 13:15:47 INFO DataWritingSparkTask: Writer for partition 2 is committing.
[2026-04-13T13:15:47.008+0000] {subprocess.py:106} INFO - 26/04/13 13:15:47 INFO DataWritingSparkTask: Writer for partition 8 is committing.
[2026-04-13T13:15:47.016+0000] {subprocess.py:106} INFO - 26/04/13 13:15:47 INFO CodecPool: Got brand-new decompressor [.zstd]
[2026-04-13T13:15:47.029+0000] {subprocess.py:106} INFO - 26/04/13 13:15:47 INFO DataWritingSparkTask: Writer for partition 13 is committing.
[2026-04-13T13:15:47.031+0000] {subprocess.py:106} INFO - 26/04/13 13:15:47 INFO CodecPool: Got brand-new decompressor [.zstd]
[2026-04-13T13:15:47.032+0000] {subprocess.py:106} INFO - 26/04/13 13:15:47 INFO DataWritingSparkTask: Writer for partition 9 is committing.
[2026-04-13T13:15:47.035+0000] {subprocess.py:106} INFO - 26/04/13 13:15:47 INFO CodecPool: Got brand-new decompressor [.zstd]
[2026-04-13T13:15:47.044+0000] {subprocess.py:106} INFO - 26/04/13 13:15:47 INFO DataWritingSparkTask: Writer for partition 6 is committing.
[2026-04-13T13:15:47.051+0000] {subprocess.py:106} INFO - 26/04/13 13:15:47 INFO DataWritingSparkTask: Writer for partition 0 is committing.
[2026-04-13T13:15:47.056+0000] {subprocess.py:106} INFO - 26/04/13 13:15:47 INFO CodecPool: Got brand-new decompressor [.zstd]
[2026-04-13T13:15:47.061+0000] {subprocess.py:106} INFO - 26/04/13 13:15:47 INFO CodecPool: Got brand-new decompressor [.zstd]
[2026-04-13T13:15:47.063+0000] {subprocess.py:106} INFO - 26/04/13 13:15:47 INFO DataWritingSparkTask: Writer for partition 7 is committing.
[2026-04-13T13:15:47.069+0000] {subprocess.py:106} INFO - 26/04/13 13:15:47 INFO DataWritingSparkTask: Writer for partition 11 is committing.
[2026-04-13T13:15:50.010+0000] {subprocess.py:106} INFO - 26/04/13 13:15:50 INFO DataWritingSparkTask: Committed partition 8 (task 8, attempt 0, stage 0.0)
[2026-04-13T13:15:50.011+0000] {subprocess.py:106} INFO - 26/04/13 13:15:50 INFO DataWritingSparkTask: Committed partition 4 (task 4, attempt 0, stage 0.0)
[2026-04-13T13:15:50.012+0000] {subprocess.py:106} INFO - 26/04/13 13:15:50 INFO DataWritingSparkTask: Committed partition 10 (task 10, attempt 0, stage 0.0)
[2026-04-13T13:15:50.013+0000] {subprocess.py:106} INFO - 26/04/13 13:15:50 INFO DataWritingSparkTask: Committed partition 11 (task 11, attempt 0, stage 0.0)
[2026-04-13T13:15:50.014+0000] {subprocess.py:106} INFO - 26/04/13 13:15:50 INFO DataWritingSparkTask: Committed partition 2 (task 2, attempt 0, stage 0.0)
[2026-04-13T13:15:50.015+0000] {subprocess.py:106} INFO - 26/04/13 13:15:50 INFO DataWritingSparkTask: Committed partition 0 (task 0, attempt 0, stage 0.0)
[2026-04-13T13:15:50.016+0000] {subprocess.py:106} INFO - 26/04/13 13:15:50 INFO DataWritingSparkTask: Committed partition 7 (task 7, attempt 0, stage 0.0)
[2026-04-13T13:15:50.017+0000] {subprocess.py:106} INFO - 26/04/13 13:15:50 INFO DataWritingSparkTask: Committed partition 12 (task 12, attempt 0, stage 0.0)
[2026-04-13T13:15:50.018+0000] {subprocess.py:106} INFO - 26/04/13 13:15:50 INFO DataWritingSparkTask: Committed partition 9 (task 9, attempt 0, stage 0.0)
[2026-04-13T13:15:50.018+0000] {subprocess.py:106} INFO - 26/04/13 13:15:50 INFO DataWritingSparkTask: Committed partition 6 (task 6, attempt 0, stage 0.0)
[2026-04-13T13:15:50.019+0000] {subprocess.py:106} INFO - 26/04/13 13:15:50 INFO DataWritingSparkTask: Committed partition 14 (task 14, attempt 0, stage 0.0)
[2026-04-13T13:15:50.020+0000] {subprocess.py:106} INFO - 26/04/13 13:15:50 INFO DataWritingSparkTask: Committed partition 13 (task 13, attempt 0, stage 0.0)
[2026-04-13T13:15:50.021+0000] {subprocess.py:106} INFO - 26/04/13 13:15:50 INFO DataWritingSparkTask: Committed partition 5 (task 5, attempt 0, stage 0.0)
[2026-04-13T13:15:50.022+0000] {subprocess.py:106} INFO - 26/04/13 13:15:50 INFO DataWritingSparkTask: Committed partition 1 (task 1, attempt 0, stage 0.0)
[2026-04-13T13:15:50.024+0000] {subprocess.py:106} INFO - 26/04/13 13:15:50 INFO DataWritingSparkTask: Committed partition 3 (task 3, attempt 0, stage 0.0)
[2026-04-13T13:15:50.067+0000] {subprocess.py:106} INFO - 26/04/13 13:15:50 INFO Executor: Finished task 13.0 in stage 0.0 (TID 13). 9579 bytes result sent to driver
[2026-04-13T13:15:50.068+0000] {subprocess.py:106} INFO - 26/04/13 13:15:50 INFO Executor: Finished task 10.0 in stage 0.0 (TID 10). 9604 bytes result sent to driver
[2026-04-13T13:15:50.069+0000] {subprocess.py:106} INFO - 26/04/13 13:15:50 INFO Executor: Finished task 8.0 in stage 0.0 (TID 8). 9528 bytes result sent to driver
[2026-04-13T13:15:50.070+0000] {subprocess.py:106} INFO - 26/04/13 13:15:50 INFO Executor: Finished task 4.0 in stage 0.0 (TID 4). 9514 bytes result sent to driver
[2026-04-13T13:15:50.070+0000] {subprocess.py:106} INFO - 26/04/13 13:15:50 INFO Executor: Finished task 14.0 in stage 0.0 (TID 14). 9588 bytes result sent to driver
[2026-04-13T13:15:50.074+0000] {subprocess.py:106} INFO - 26/04/13 13:15:50 INFO Executor: Finished task 7.0 in stage 0.0 (TID 7). 9521 bytes result sent to driver
[2026-04-13T13:15:50.075+0000] {subprocess.py:106} INFO - 26/04/13 13:15:50 INFO Executor: Finished task 6.0 in stage 0.0 (TID 6). 9521 bytes result sent to driver
[2026-04-13T13:15:50.076+0000] {subprocess.py:106} INFO - 26/04/13 13:15:50 INFO Executor: Finished task 11.0 in stage 0.0 (TID 11). 9569 bytes result sent to driver
[2026-04-13T13:15:50.079+0000] {subprocess.py:106} INFO - 26/04/13 13:15:50 INFO Executor: Finished task 3.0 in stage 0.0 (TID 3). 9522 bytes result sent to driver
[2026-04-13T13:15:50.080+0000] {subprocess.py:106} INFO - 26/04/13 13:15:50 INFO Executor: Finished task 1.0 in stage 0.0 (TID 1). 9555 bytes result sent to driver
[2026-04-13T13:15:50.080+0000] {subprocess.py:106} INFO - 26/04/13 13:15:50 INFO Executor: Finished task 0.0 in stage 0.0 (TID 0). 9524 bytes result sent to driver
[2026-04-13T13:15:50.081+0000] {subprocess.py:106} INFO - 26/04/13 13:15:50 INFO Executor: Finished task 9.0 in stage 0.0 (TID 9). 9521 bytes result sent to driver
[2026-04-13T13:15:50.082+0000] {subprocess.py:106} INFO - 26/04/13 13:15:50 INFO Executor: Finished task 2.0 in stage 0.0 (TID 2). 9532 bytes result sent to driver
[2026-04-13T13:15:50.082+0000] {subprocess.py:106} INFO - 26/04/13 13:15:50 INFO Executor: Finished task 12.0 in stage 0.0 (TID 12). 9560 bytes result sent to driver
[2026-04-13T13:15:50.083+0000] {subprocess.py:106} INFO - 26/04/13 13:15:50 INFO Executor: Finished task 5.0 in stage 0.0 (TID 5). 9534 bytes result sent to driver
[2026-04-13T13:15:50.109+0000] {subprocess.py:106} INFO - 26/04/13 13:15:50 INFO TaskSetManager: Finished task 2.0 in stage 0.0 (TID 2) in 6209 ms on spark-master (executor driver) (1/15)
[2026-04-13T13:15:50.111+0000] {subprocess.py:106} INFO - 26/04/13 13:15:50 INFO TaskSetManager: Finished task 12.0 in stage 0.0 (TID 12) in 6201 ms on spark-master (executor driver) (2/15)
[2026-04-13T13:15:50.112+0000] {subprocess.py:106} INFO - 26/04/13 13:15:50 INFO TaskSetManager: Finished task 3.0 in stage 0.0 (TID 3) in 6214 ms on spark-master (executor driver) (3/15)
[2026-04-13T13:15:50.113+0000] {subprocess.py:106} INFO - 26/04/13 13:15:50 INFO TaskSetManager: Finished task 5.0 in stage 0.0 (TID 5) in 6211 ms on spark-master (executor driver) (4/15)
[2026-04-13T13:15:50.116+0000] {subprocess.py:106} INFO - 26/04/13 13:15:50 INFO TaskSetManager: Finished task 9.0 in stage 0.0 (TID 9) in 6209 ms on spark-master (executor driver) (5/15)
[2026-04-13T13:15:50.117+0000] {subprocess.py:106} INFO - 26/04/13 13:15:50 INFO TaskSetManager: Finished task 14.0 in stage 0.0 (TID 14) in 6203 ms on spark-master (executor driver) (6/15)
[2026-04-13T13:15:50.118+0000] {subprocess.py:106} INFO - 26/04/13 13:15:50 INFO TaskSetManager: Finished task 1.0 in stage 0.0 (TID 1) in 6224 ms on spark-master (executor driver) (7/15)
[2026-04-13T13:15:50.119+0000] {subprocess.py:106} INFO - 26/04/13 13:15:50 INFO TaskSetManager: Finished task 10.0 in stage 0.0 (TID 10) in 6210 ms on spark-master (executor driver) (8/15)
[2026-04-13T13:15:50.122+0000] {subprocess.py:106} INFO - 26/04/13 13:15:50 INFO TaskSetManager: Finished task 7.0 in stage 0.0 (TID 7) in 6216 ms on spark-master (executor driver) (9/15)
[2026-04-13T13:15:50.123+0000] {subprocess.py:106} INFO - 26/04/13 13:15:50 INFO TaskSetManager: Finished task 13.0 in stage 0.0 (TID 13) in 6209 ms on spark-master (executor driver) (10/15)
[2026-04-13T13:15:50.126+0000] {subprocess.py:106} INFO - 26/04/13 13:15:50 INFO TaskSetManager: Finished task 11.0 in stage 0.0 (TID 11) in 6216 ms on spark-master (executor driver) (11/15)
[2026-04-13T13:15:50.127+0000] {subprocess.py:106} INFO - 26/04/13 13:15:50 INFO TaskSetManager: Finished task 0.0 in stage 0.0 (TID 0) in 6278 ms on spark-master (executor driver) (12/15)
[2026-04-13T13:15:50.129+0000] {subprocess.py:106} INFO - 26/04/13 13:15:50 INFO TaskSetManager: Finished task 8.0 in stage 0.0 (TID 8) in 6222 ms on spark-master (executor driver) (13/15)
[2026-04-13T13:15:50.130+0000] {subprocess.py:106} INFO - 26/04/13 13:15:50 INFO TaskSetManager: Finished task 4.0 in stage 0.0 (TID 4) in 6231 ms on spark-master (executor driver) (14/15)
[2026-04-13T13:15:50.131+0000] {subprocess.py:106} INFO - 26/04/13 13:15:50 INFO TaskSetManager: Finished task 6.0 in stage 0.0 (TID 6) in 6227 ms on spark-master (executor driver) (15/15)
[2026-04-13T13:15:50.134+0000] {subprocess.py:106} INFO - 26/04/13 13:15:50 INFO TaskSchedulerImpl: Removed TaskSet 0.0 whose tasks have all completed, from pool
[2026-04-13T13:15:50.135+0000] {subprocess.py:106} INFO - 26/04/13 13:15:50 INFO DAGScheduler: ResultStage 0 (append at NativeMethodAccessorImpl.java:0) finished in 6418 ms
[2026-04-13T13:15:50.140+0000] {subprocess.py:106} INFO - 26/04/13 13:15:50 INFO DAGScheduler: Job 0 is finished. Cancelling potential speculative or zombie tasks for this job
[2026-04-13T13:15:50.141+0000] {subprocess.py:106} INFO - 26/04/13 13:15:50 INFO TaskSchedulerImpl: Canceling stage 0
[2026-04-13T13:15:50.144+0000] {subprocess.py:106} INFO - 26/04/13 13:15:50 INFO TaskSchedulerImpl: Killing all running tasks in stage 0: Stage finished
[2026-04-13T13:15:50.150+0000] {subprocess.py:106} INFO - 26/04/13 13:15:50 INFO DAGScheduler: Job 0 finished: append at NativeMethodAccessorImpl.java:0, took 6485.375915 ms
[2026-04-13T13:15:50.152+0000] {subprocess.py:106} INFO - 26/04/13 13:15:50 INFO AppendDataExec: Data source write support IcebergBatchWrite(table=iceberg.air_quality_ml.air_quality_gold, format=PARQUET) is committing.
[2026-04-13T13:15:50.179+0000] {subprocess.py:106} INFO - 26/04/13 13:15:50 INFO SparkWrite: Committing append with 15 new data files to table iceberg.air_quality_ml.air_quality_gold
[2026-04-13T13:15:56.423+0000] {subprocess.py:106} INFO - 26/04/13 13:15:56 INFO HiveTableOperations: Committed to table iceberg.air_quality_ml.air_quality_gold with the new metadata location hdfs://23133083thuyvan-master:9000/user/hive/lakehouse/gold/ml/air_quality_gold/metadata/00003-f9a9b3c2-5d1d-4cbe-b2a9-269ebd285690.metadata.json
[2026-04-13T13:15:56.424+0000] {subprocess.py:106} INFO - 26/04/13 13:15:56 INFO BaseMetastoreTableOperations: Successfully committed to table iceberg.air_quality_ml.air_quality_gold in 5151 ms
[2026-04-13T13:15:56.424+0000] {subprocess.py:106} INFO - 26/04/13 13:15:56 INFO SnapshotProducer: Committed snapshot 8990875392802103838 (MergeAppend)
[2026-04-13T13:15:56.468+0000] {subprocess.py:106} INFO - 26/04/13 13:15:56 INFO BaseMetastoreTableOperations: Refreshing table metadata from new version: hdfs://23133083thuyvan-master:9000/user/hive/lakehouse/gold/ml/air_quality_gold/metadata/00003-f9a9b3c2-5d1d-4cbe-b2a9-269ebd285690.metadata.json
[2026-04-13T13:15:56.499+0000] {subprocess.py:106} INFO - 26/04/13 13:15:56 INFO LoggingMetricsReporter: Received metrics report: CommitReport{tableName=iceberg.air_quality_ml.air_quality_gold, snapshotId=8990875392802103838, sequenceNumber=4, operation=append, commitMetrics=CommitMetricsResult{totalDuration=TimerResult{timeUnit=NANOSECONDS, totalDuration=PT6.263893893S, count=1}, attempts=CounterResult{unit=COUNT, value=1}, addedDataFiles=CounterResult{unit=COUNT, value=15}, removedDataFiles=null, totalDataFiles=CounterResult{unit=COUNT, value=60}, addedDeleteFiles=null, addedEqualityDeleteFiles=null, addedPositionalDeleteFiles=null, addedDVs=null, removedDeleteFiles=null, removedEqualityDeleteFiles=null, removedPositionalDeleteFiles=null, removedDVs=null, totalDeleteFiles=CounterResult{unit=COUNT, value=0}, addedRecords=CounterResult{unit=COUNT, value=100}, removedRecords=null, totalRecords=CounterResult{unit=COUNT, value=400}, addedFilesSizeInBytes=CounterResult{unit=BYTES, value=142383}, removedFilesSizeInBytes=null, totalFilesSizeInBytes=CounterResult{unit=BYTES, value=586017}, addedPositionalDeletes=null, removedPositionalDeletes=null, totalPositionalDeletes=CounterResult{unit=COUNT, value=0}, addedEqualityDeletes=null, removedEqualityDeletes=null, totalEqualityDeletes=CounterResult{unit=COUNT, value=0}, manifestsCreated=null, manifestsReplaced=null, manifestsKept=null, manifestEntriesProcessed=null}, metadata={engine-version=4.0.2, app-id=local-1776086128195, engine-name=spark, iceberg-version=Apache Iceberg 1.10.1 (commit ccb8bc435062171e64bc8b7e5f56e6aed9c5b934)}}
[2026-04-13T13:15:56.500+0000] {subprocess.py:106} INFO - 26/04/13 13:15:56 INFO SparkWrite: Committed in 6318 ms
[2026-04-13T13:15:56.501+0000] {subprocess.py:106} INFO - 26/04/13 13:15:56 INFO AppendDataExec: Data source write support IcebergBatchWrite(table=iceberg.air_quality_ml.air_quality_gold, format=PARQUET) committed.
[2026-04-13T13:15:56.508+0000] {subprocess.py:106} INFO - Dữ liệu đã được append vào iceberg.air_quality_ml.air_quality_gold.
[2026-04-13T13:15:56.509+0000] {subprocess.py:106} INFO - ETL from Silver to Gold completed!
[2026-04-13T13:15:56.513+0000] {subprocess.py:106} INFO - 26/04/13 13:15:56 INFO SparkContext: SparkContext is stopping with exitCode 0 from stop at NativeMethodAccessorImpl.java:0.
[2026-04-13T13:15:56.541+0000] {subprocess.py:106} INFO - 26/04/13 13:15:56 INFO SparkUI: Stopped Spark web UI at http://spark-master:4040
[2026-04-13T13:15:56.572+0000] {subprocess.py:106} INFO - 26/04/13 13:15:56 INFO MapOutputTrackerMasterEndpoint: MapOutputTrackerMasterEndpoint stopped!
[2026-04-13T13:15:56.618+0000] {subprocess.py:106} INFO - 26/04/13 13:15:56 INFO MemoryStore: MemoryStore cleared
[2026-04-13T13:15:56.619+0000] {subprocess.py:106} INFO - 26/04/13 13:15:56 INFO BlockManager: BlockManager stopped
[2026-04-13T13:15:56.634+0000] {subprocess.py:106} INFO - 26/04/13 13:15:56 INFO BlockManagerMaster: BlockManagerMaster stopped
[2026-04-13T13:15:56.638+0000] {subprocess.py:106} INFO - 26/04/13 13:15:56 INFO OutputCommitCoordinator$OutputCommitCoordinatorEndpoint: OutputCommitCoordinator stopped!
[2026-04-13T13:15:56.672+0000] {subprocess.py:106} INFO - 26/04/13 13:15:56 INFO SparkContext: Successfully stopped SparkContext
[2026-04-13T13:15:56.858+0000] {subprocess.py:106} INFO - 26/04/13 13:15:56 INFO ShutdownHookManager: Shutdown hook called
[2026-04-13T13:15:56.859+0000] {subprocess.py:106} INFO - 26/04/13 13:15:56 INFO ShutdownHookManager: Deleting directory /tmp/spark-02c0bd84-4757-48ea-836e-f139c7108651/pyspark-d8607dbf-045b-45cb-afbe-0eba6d687b76
[2026-04-13T13:15:56.869+0000] {subprocess.py:106} INFO - 26/04/13 13:15:56 INFO ShutdownHookManager: Deleting directory /tmp/spark-c0544b78-acc9-4ce0-a655-62316a2258c3
[2026-04-13T13:15:56.878+0000] {subprocess.py:106} INFO - 26/04/13 13:15:56 INFO ShutdownHookManager: Deleting directory /tmp/spark-02c0bd84-4757-48ea-836e-f139c7108651
[2026-04-13T13:15:56.886+0000] {subprocess.py:106} INFO - 26/04/13 13:15:56 INFO ShutdownHookManager: Deleting directory /tmp/artifacts-05a8b0c0-e1a8-4ffe-bffe-8a27559bda49
[2026-04-13T13:15:57.033+0000] {subprocess.py:110} INFO - Command exited with return code 0
[2026-04-13T13:15:57.126+0000] {taskinstance.py:340} INFO - ::group::Post task execution logs
[2026-04-13T13:15:57.128+0000] {taskinstance.py:352} INFO - Marking task as SUCCESS. dag_id=predict_aqi, task_id=silver_to_gold, run_id=manual__2026-04-13T13:15:03.651793+00:00, execution_date=20260413T131503, start_date=20260413T131515, end_date=20260413T131557
[2026-04-13T13:15:57.168+0000] {local_task_job_runner.py:266} INFO - Task exited with return code 0
[2026-04-13T13:15:57.222+0000] {taskinstance.py:3895} INFO - 1 downstream tasks scheduled from follow-on schedule check
[2026-04-13T13:15:57.226+0000] {local_task_job_runner.py:245} INFO - ::endgroup::
