[2026-04-10T16:30:00.473+0000] {local_task_job_runner.py:123} INFO - ::group::Pre task execution logs
[2026-04-10T16:30:00.499+0000] {taskinstance.py:2613} INFO - Dependencies all met for dep_context=non-requeueable deps ti=<TaskInstance: weather_real_time_pipeline.call_weather_api_and_send_kafka scheduled__2026-04-10T16:25:00+00:00 [queued]>
[2026-04-10T16:30:00.508+0000] {taskinstance.py:2613} INFO - Dependencies all met for dep_context=requeueable deps ti=<TaskInstance: weather_real_time_pipeline.call_weather_api_and_send_kafka scheduled__2026-04-10T16:25:00+00:00 [queued]>
[2026-04-10T16:30:00.508+0000] {taskinstance.py:2866} INFO - Starting attempt 1 of 3
[2026-04-10T16:30:00.522+0000] {taskinstance.py:2889} INFO - Executing <Task(PythonOperator): call_weather_api_and_send_kafka> on 2026-04-10 16:25:00+00:00
[2026-04-10T16:30:00.531+0000] {standard_task_runner.py:104} INFO - Running: ['airflow', 'tasks', 'run', 'weather_real_time_pipeline', 'call_weather_api_and_send_kafka', 'scheduled__2026-04-10T16:25:00+00:00', '--job-id', '102', '--raw', '--subdir', 'DAGS_FOLDER/weather_pipeline_dag.py', '--cfg-path', '/tmp/tmporrre_9m']
[2026-04-10T16:30:00.532+0000] {standard_task_runner.py:105} INFO - Job 102: Subtask call_weather_api_and_send_kafka
[2026-04-10T16:30:00.534+0000] {logging_mixin.py:190} WARNING - /home/airflow/airflow/venv/lib/python3.12/site-packages/airflow/task/task_runner/standard_task_runner.py:70 DeprecationWarning: This process (pid=16905) is multi-threaded, use of fork() may lead to deadlocks in the child.
[2026-04-10T16:30:00.535+0000] {standard_task_runner.py:72} INFO - Started process 16925 to run task
[2026-04-10T16:30:00.615+0000] {task_command.py:467} INFO - Running <TaskInstance: weather_real_time_pipeline.call_weather_api_and_send_kafka scheduled__2026-04-10T16:25:00+00:00 [running]> on host airflow
[2026-04-10T16:30:00.756+0000] {taskinstance.py:3132} INFO - Exporting env vars: AIRFLOW_CTX_DAG_OWNER='van' AIRFLOW_CTX_DAG_ID='weather_real_time_pipeline' AIRFLOW_CTX_TASK_ID='call_weather_api_and_send_kafka' AIRFLOW_CTX_EXECUTION_DATE='2026-04-10T16:25:00+00:00' AIRFLOW_CTX_TRY_NUMBER='1' AIRFLOW_CTX_DAG_RUN_ID='scheduled__2026-04-10T16:25:00+00:00'
[2026-04-10T16:30:00.757+0000] {taskinstance.py:731} INFO - ::endgroup::
[2026-04-10T16:30:05.478+0000] {logging_mixin.py:190} INFO - ❌ Error: Expecting value: line 1 column 1 (char 0)
[2026-04-10T16:30:05.480+0000] {python.py:240} INFO - Done. Returned value was: False
[2026-04-10T16:30:05.509+0000] {taskinstance.py:340} INFO - ::group::Post task execution logs
[2026-04-10T16:30:05.509+0000] {taskinstance.py:352} INFO - Marking task as SUCCESS. dag_id=weather_real_time_pipeline, task_id=call_weather_api_and_send_kafka, run_id=scheduled__2026-04-10T16:25:00+00:00, execution_date=20260410T162500, start_date=20260410T163000, end_date=20260410T163005
[2026-04-10T16:30:05.523+0000] {local_task_job_runner.py:266} INFO - Task exited with return code 0
[2026-04-10T16:30:05.541+0000] {standard_task_runner.py:217} INFO - Process not found (most likely exited), stop collecting metrics
[2026-04-10T16:30:05.544+0000] {taskinstance.py:3895} INFO - 0 downstream tasks scheduled from follow-on schedule check
[2026-04-10T16:30:05.546+0000] {local_task_job_runner.py:245} INFO - ::endgroup::
