[2026-04-14T02:59:01.910+0000] {local_task_job_runner.py:123} INFO - ::group::Pre task execution logs
[2026-04-14T02:59:02.051+0000] {taskinstance.py:2613} INFO - Dependencies all met for dep_context=non-requeueable deps ti=<TaskInstance: predict_aqi.predict scheduled__2026-04-13T13:00:00+00:00 [queued]>
[2026-04-14T02:59:02.089+0000] {taskinstance.py:2613} INFO - Dependencies all met for dep_context=requeueable deps ti=<TaskInstance: predict_aqi.predict scheduled__2026-04-13T13:00:00+00:00 [queued]>
[2026-04-14T02:59:02.097+0000] {taskinstance.py:2866} INFO - Starting attempt 3 of 3
[2026-04-14T02:59:02.183+0000] {taskinstance.py:2889} INFO - Executing <Task(BashOperator): predict> on 2026-04-13 13:00:00+00:00
[2026-04-14T02:59:02.263+0000] {logging_mixin.py:190} WARNING - /home/airflow/airflow/venv/lib/python3.12/site-packages/airflow/task/task_runner/standard_task_runner.py:70 DeprecationWarning: This process (pid=184) is multi-threaded, use of fork() may lead to deadlocks in the child.
[2026-04-14T02:59:02.278+0000] {standard_task_runner.py:104} INFO - Running: ['airflow', 'tasks', 'run', 'predict_aqi', 'predict', 'scheduled__2026-04-13T13:00:00+00:00', '--job-id', '240', '--raw', '--subdir', 'DAGS_FOLDER/dag_ml.py', '--cfg-path', '/tmp/tmp_rh4n6qt']
[2026-04-14T02:59:02.290+0000] {standard_task_runner.py:105} INFO - Job 240: Subtask predict
[2026-04-14T02:59:02.276+0000] {standard_task_runner.py:72} INFO - Started process 228 to run task
[2026-04-14T02:59:02.834+0000] {task_command.py:467} INFO - Running <TaskInstance: predict_aqi.predict scheduled__2026-04-13T13:00:00+00:00 [running]> on host airflow
[2026-04-14T02:59:03.303+0000] {taskinstance.py:3132} INFO - Exporting env vars: AIRFLOW_CTX_DAG_OWNER='airflow' AIRFLOW_CTX_DAG_ID='predict_aqi' AIRFLOW_CTX_TASK_ID='predict' AIRFLOW_CTX_EXECUTION_DATE='2026-04-13T13:00:00+00:00' AIRFLOW_CTX_TRY_NUMBER='3' AIRFLOW_CTX_DAG_RUN_ID='scheduled__2026-04-13T13:00:00+00:00'
[2026-04-14T02:59:03.321+0000] {taskinstance.py:731} INFO - ::endgroup::
[2026-04-14T02:59:03.397+0000] {subprocess.py:78} INFO - Tmp dir root location: /tmp
[2026-04-14T02:59:03.403+0000] {subprocess.py:88} INFO - Running command: ['/usr/bin/bash', '-c', '\n            docker exec spark-master spark-submit                 --packages org.apache.iceberg:iceberg-spark-runtime-4.0_2.13:1.10.1                 /home/spark/spark/spark_jobs/predict.py 2026-04-13\n        ']
[2026-04-14T02:59:03.446+0000] {subprocess.py:99} INFO - Output:
[2026-04-14T02:59:07.169+0000] {subprocess.py:106} INFO - WARNING: Using incubator modules: jdk.incubator.vector
[2026-04-14T02:59:27.214+0000] {subprocess.py:106} INFO - :: loading settings :: url = jar:file:/home/spark/spark/jars/ivy-2.5.3.jar!/org/apache/ivy/core/settings/ivysettings.xml
[2026-04-14T02:59:27.796+0000] {subprocess.py:106} INFO - Ivy Default Cache set to: /home/spark/.ivy2.5.2/cache
[2026-04-14T02:59:27.803+0000] {subprocess.py:106} INFO - The jars for the packages stored in: /home/spark/.ivy2.5.2/jars
[2026-04-14T02:59:27.972+0000] {subprocess.py:106} INFO - org.apache.iceberg#iceberg-spark-runtime-4.0_2.13 added as a dependency
[2026-04-14T02:59:27.979+0000] {subprocess.py:106} INFO - :: resolving dependencies :: org.apache.spark#spark-submit-parent-03f79a70-f7a0-4f42-a090-b7c86c3956cb;1.0
[2026-04-14T02:59:27.981+0000] {subprocess.py:106} INFO - 	confs: [default]
[2026-04-14T02:59:29.845+0000] {subprocess.py:106} INFO - 	found org.apache.iceberg#iceberg-spark-runtime-4.0_2.13;1.10.1 in central
[2026-04-14T02:59:29.989+0000] {subprocess.py:106} INFO - :: resolution report :: resolve 1974ms :: artifacts dl 33ms
[2026-04-14T02:59:29.995+0000] {subprocess.py:106} INFO - 	:: modules in use:
[2026-04-14T02:59:30.004+0000] {subprocess.py:106} INFO - 	org.apache.iceberg#iceberg-spark-runtime-4.0_2.13;1.10.1 from central in [default]
[2026-04-14T02:59:30.019+0000] {subprocess.py:106} INFO - 	---------------------------------------------------------------------
[2026-04-14T02:59:30.021+0000] {subprocess.py:106} INFO - 	|                  |            modules            ||   artifacts   |
[2026-04-14T02:59:30.028+0000] {subprocess.py:106} INFO - 	|       conf       | number| search|dwnlded|evicted|| number|dwnlded|
[2026-04-14T02:59:30.038+0000] {subprocess.py:106} INFO - 	---------------------------------------------------------------------
[2026-04-14T02:59:30.040+0000] {subprocess.py:106} INFO - 	|      default     |   1   |   0   |   0   |   0   ||   1   |   0   |
[2026-04-14T02:59:30.046+0000] {subprocess.py:106} INFO - 	---------------------------------------------------------------------
[2026-04-14T02:59:30.048+0000] {subprocess.py:106} INFO - :: retrieving :: org.apache.spark#spark-submit-parent-03f79a70-f7a0-4f42-a090-b7c86c3956cb
[2026-04-14T02:59:30.051+0000] {subprocess.py:106} INFO - 	confs: [default]
[2026-04-14T02:59:30.171+0000] {subprocess.py:106} INFO - 	0 artifacts copied, 1 already retrieved (0kB/121ms)
[2026-04-14T02:59:32.928+0000] {subprocess.py:106} INFO - 26/04/14 02:59:32 WARN NativeCodeLoader: Unable to load native-hadoop library for your platform... using builtin-java classes where applicable
[2026-04-14T03:00:13.142+0000] {subprocess.py:106} INFO - Using Spark's default log4j profile: org/apache/spark/log4j2-defaults.properties
[2026-04-14T03:00:15.195+0000] {subprocess.py:106} INFO - 26/04/14 03:00:15 INFO SparkContext: Running Spark version 4.0.2
[2026-04-14T03:00:15.354+0000] {subprocess.py:106} INFO - 26/04/14 03:00:15 INFO SparkContext: OS info Linux, 6.6.87.2-microsoft-standard-WSL2, amd64
[2026-04-14T03:00:15.368+0000] {subprocess.py:106} INFO - 26/04/14 03:00:15 INFO SparkContext: Java version 21.0.10
[2026-04-14T03:00:16.680+0000] {subprocess.py:106} INFO - 26/04/14 03:00:16 INFO ResourceUtils: ==============================================================
[2026-04-14T03:00:16.702+0000] {subprocess.py:106} INFO - 26/04/14 03:00:16 INFO ResourceUtils: No custom resources configured for spark.driver.
[2026-04-14T03:00:16.709+0000] {subprocess.py:106} INFO - 26/04/14 03:00:16 INFO ResourceUtils: ==============================================================
[2026-04-14T03:00:16.763+0000] {subprocess.py:106} INFO - 26/04/14 03:00:16 INFO SparkContext: Submitted application: predict
[2026-04-14T03:00:21.364+0000] {subprocess.py:106} INFO - 26/04/14 03:00:21 INFO ResourceProfile: Default ResourceProfile created, executor resources: Map(cores -> name: cores, amount: 2, script: , vendor: , memory -> name: memory, amount: 2048, script: , vendor: , offHeap -> name: offHeap, amount: 0, script: , vendor: ), task resources: Map(cpus -> name: cpus, amount: 1.0)
[2026-04-14T03:00:21.897+0000] {subprocess.py:106} INFO - 26/04/14 03:00:21 INFO ResourceProfile: Limiting resource is cpus at 2 tasks per executor
[2026-04-14T03:00:21.938+0000] {subprocess.py:106} INFO - 26/04/14 03:00:21 INFO ResourceProfileManager: Added ResourceProfile id: 0
[2026-04-14T03:00:25.115+0000] {subprocess.py:106} INFO - 26/04/14 03:00:25 INFO SecurityManager: Changing view acls to: spark
[2026-04-14T03:00:25.287+0000] {subprocess.py:106} INFO - 26/04/14 03:00:25 INFO SecurityManager: Changing modify acls to: spark
[2026-04-14T03:00:25.311+0000] {subprocess.py:106} INFO - 26/04/14 03:00:25 INFO SecurityManager: Changing view acls groups to: spark
[2026-04-14T03:00:25.334+0000] {subprocess.py:106} INFO - 26/04/14 03:00:25 INFO SecurityManager: Changing modify acls groups to: spark
[2026-04-14T03:00:25.418+0000] {subprocess.py:106} INFO - 26/04/14 03:00:25 INFO SecurityManager: SecurityManager: authentication disabled; ui acls disabled; users with view permissions: spark groups with view permissions: EMPTY; users with modify permissions: spark; groups with modify permissions: EMPTY; RPC SSL disabled
[2026-04-14T03:00:47.910+0000] {subprocess.py:106} INFO - 26/04/14 03:00:47 INFO Utils: Successfully started service 'sparkDriver' on port 34375.
[2026-04-14T03:00:51.310+0000] {subprocess.py:106} INFO - 26/04/14 03:00:49 INFO SparkEnv: Registering MapOutputTracker
[2026-04-14T03:00:51.313+0000] {subprocess.py:106} INFO - 26/04/14 03:00:49 INFO SparkEnv: Registering BlockManagerMaster
[2026-04-14T03:00:51.319+0000] {subprocess.py:106} INFO - 26/04/14 03:00:49 INFO BlockManagerMasterEndpoint: Using org.apache.spark.storage.DefaultTopologyMapper for getting topology information
[2026-04-14T03:00:52.417+0000] {subprocess.py:106} INFO - 26/04/14 03:00:49 INFO BlockManagerMasterEndpoint: BlockManagerMasterEndpoint up
[2026-04-14T03:00:52.419+0000] {subprocess.py:106} INFO - 26/04/14 03:00:49 INFO SparkEnv: Registering BlockManagerMasterHeartbeat
[2026-04-14T03:00:53.479+0000] {subprocess.py:106} INFO - 26/04/14 03:00:53 INFO DiskBlockManager: Created local directory at /tmp/blockmgr-b3033d39-fcdc-4c55-aedd-73014bf1d211
[2026-04-14T03:00:54.090+0000] {subprocess.py:106} INFO - 26/04/14 03:00:54 INFO SparkEnv: Registering OutputCommitCoordinator
[2026-04-14T03:00:57.931+0000] {subprocess.py:106} INFO - 26/04/14 03:00:57 INFO JettyUtils: Start Jetty 0.0.0.0:4040 for SparkUI
[2026-04-14T03:00:59.198+0000] {subprocess.py:106} INFO - 26/04/14 03:00:59 WARN Utils: Service 'SparkUI' could not bind on port 4040. Attempting port 4041.
[2026-04-14T03:00:59.202+0000] {subprocess.py:106} INFO - 26/04/14 03:00:59 WARN Utils: Service 'SparkUI' could not bind on port 4041. Attempting port 4042.
[2026-04-14T03:00:59.210+0000] {subprocess.py:106} INFO - 26/04/14 03:00:59 WARN Utils: Service 'SparkUI' could not bind on port 4042. Attempting port 4043.
[2026-04-14T03:00:59.219+0000] {subprocess.py:106} INFO - 26/04/14 03:00:59 WARN Utils: Service 'SparkUI' could not bind on port 4043. Attempting port 4044.
[2026-04-14T03:00:59.227+0000] {subprocess.py:106} INFO - 26/04/14 03:00:59 WARN Utils: Service 'SparkUI' could not bind on port 4044. Attempting port 4045.
[2026-04-14T03:00:59.231+0000] {subprocess.py:106} INFO - 26/04/14 03:00:59 WARN Utils: Service 'SparkUI' could not bind on port 4045. Attempting port 4046.
[2026-04-14T03:00:59.242+0000] {subprocess.py:106} INFO - 26/04/14 03:00:59 WARN Utils: Service 'SparkUI' could not bind on port 4046. Attempting port 4047.
[2026-04-14T03:00:59.248+0000] {subprocess.py:106} INFO - 26/04/14 03:00:59 WARN Utils: Service 'SparkUI' could not bind on port 4047. Attempting port 4048.
[2026-04-14T03:00:59.266+0000] {subprocess.py:106} INFO - 26/04/14 03:00:59 WARN Utils: Service 'SparkUI' could not bind on port 4048. Attempting port 4049.
[2026-04-14T03:00:59.279+0000] {subprocess.py:106} INFO - 26/04/14 03:00:59 WARN Utils: Service 'SparkUI' could not bind on port 4049. Attempting port 4050.
[2026-04-14T03:00:59.288+0000] {subprocess.py:106} INFO - 26/04/14 03:00:59 WARN Utils: Service 'SparkUI' could not bind on port 4050. Attempting port 4051.
[2026-04-14T03:00:59.347+0000] {subprocess.py:106} INFO - 26/04/14 03:00:59 INFO Utils: Successfully started service 'SparkUI' on port 4051.
[2026-04-14T03:00:59.863+0000] {subprocess.py:106} INFO - 26/04/14 03:00:59 INFO SparkContext: Added JAR file:///home/spark/.ivy2.5.2/jars/org.apache.iceberg_iceberg-spark-runtime-4.0_2.13-1.10.1.jar at spark://spark-master:34375/jars/org.apache.iceberg_iceberg-spark-runtime-4.0_2.13-1.10.1.jar with timestamp 1776135611510
[2026-04-14T03:00:59.958+0000] {subprocess.py:106} INFO - 26/04/14 03:00:59 INFO SparkContext: Added file file:///home/spark/.ivy2.5.2/jars/org.apache.iceberg_iceberg-spark-runtime-4.0_2.13-1.10.1.jar at file:///home/spark/.ivy2.5.2/jars/org.apache.iceberg_iceberg-spark-runtime-4.0_2.13-1.10.1.jar with timestamp 1776135611510
[2026-04-14T03:01:00.003+0000] {subprocess.py:106} INFO - 26/04/14 03:00:59 INFO Utils: Copying /home/spark/.ivy2.5.2/jars/org.apache.iceberg_iceberg-spark-runtime-4.0_2.13-1.10.1.jar to /tmp/spark-10f59803-4b0d-4c0d-8e8f-83faa61c3cf8/userFiles-b2b5ddaf-d424-4131-a0ae-fee3567aa86a/org.apache.iceberg_iceberg-spark-runtime-4.0_2.13-1.10.1.jar
[2026-04-14T03:01:01.729+0000] {subprocess.py:106} INFO - 26/04/14 03:01:01 INFO SecurityManager: Changing view acls to: spark
[2026-04-14T03:01:01.731+0000] {subprocess.py:106} INFO - 26/04/14 03:01:01 INFO SecurityManager: Changing modify acls to: spark
[2026-04-14T03:01:01.732+0000] {subprocess.py:106} INFO - 26/04/14 03:01:01 INFO SecurityManager: Changing view acls groups to: spark
[2026-04-14T03:01:01.733+0000] {subprocess.py:106} INFO - 26/04/14 03:01:01 INFO SecurityManager: Changing modify acls groups to: spark
[2026-04-14T03:01:01.739+0000] {subprocess.py:106} INFO - 26/04/14 03:01:01 INFO SecurityManager: SecurityManager: authentication disabled; ui acls disabled; users with view permissions: spark groups with view permissions: EMPTY; users with modify permissions: spark; groups with modify permissions: EMPTY; RPC SSL disabled
[2026-04-14T03:01:05.020+0000] {subprocess.py:106} INFO - 26/04/14 03:01:04 INFO Executor: Starting executor ID driver on host spark-master
[2026-04-14T03:01:05.027+0000] {subprocess.py:106} INFO - 26/04/14 03:01:05 INFO Executor: OS info Linux, 6.6.87.2-microsoft-standard-WSL2, amd64
[2026-04-14T03:01:05.042+0000] {subprocess.py:106} INFO - 26/04/14 03:01:05 INFO Executor: Java version 21.0.10
[2026-04-14T03:01:05.227+0000] {subprocess.py:106} INFO - 26/04/14 03:01:05 INFO Executor: Starting executor with user classpath (userClassPathFirst = false): ''
[2026-04-14T03:01:05.235+0000] {subprocess.py:106} INFO - 26/04/14 03:01:05 INFO Executor: Created or updated repl class loader org.apache.spark.util.MutableURLClassLoader@23f43be for default.
[2026-04-14T03:01:05.260+0000] {subprocess.py:106} INFO - 26/04/14 03:01:05 INFO Executor: Fetching file:///home/spark/.ivy2.5.2/jars/org.apache.iceberg_iceberg-spark-runtime-4.0_2.13-1.10.1.jar with timestamp 1776135611510
[2026-04-14T03:01:07.140+0000] {subprocess.py:106} INFO - 26/04/14 03:01:07 INFO Utils: /home/spark/.ivy2.5.2/jars/org.apache.iceberg_iceberg-spark-runtime-4.0_2.13-1.10.1.jar has been previously copied to /tmp/spark-10f59803-4b0d-4c0d-8e8f-83faa61c3cf8/userFiles-b2b5ddaf-d424-4131-a0ae-fee3567aa86a/org.apache.iceberg_iceberg-spark-runtime-4.0_2.13-1.10.1.jar
[2026-04-14T03:01:07.214+0000] {subprocess.py:106} INFO - 26/04/14 03:01:07 INFO Executor: Fetching spark://spark-master:34375/jars/org.apache.iceberg_iceberg-spark-runtime-4.0_2.13-1.10.1.jar with timestamp 1776135611510
[2026-04-14T03:01:08.907+0000] {subprocess.py:106} INFO - 26/04/14 03:01:08 INFO TransportClientFactory: Successfully created connection to spark-master/172.20.0.5:34375 after 892 ms (0 ms spent in bootstraps)
[2026-04-14T03:01:09.121+0000] {subprocess.py:106} INFO - 26/04/14 03:01:09 INFO Utils: Fetching spark://spark-master:34375/jars/org.apache.iceberg_iceberg-spark-runtime-4.0_2.13-1.10.1.jar to /tmp/spark-10f59803-4b0d-4c0d-8e8f-83faa61c3cf8/userFiles-b2b5ddaf-d424-4131-a0ae-fee3567aa86a/fetchFileTemp18208074128827344398.tmp
[2026-04-14T03:01:12.855+0000] {subprocess.py:106} INFO - 26/04/14 03:01:12 INFO Utils: /tmp/spark-10f59803-4b0d-4c0d-8e8f-83faa61c3cf8/userFiles-b2b5ddaf-d424-4131-a0ae-fee3567aa86a/fetchFileTemp18208074128827344398.tmp has been previously copied to /tmp/spark-10f59803-4b0d-4c0d-8e8f-83faa61c3cf8/userFiles-b2b5ddaf-d424-4131-a0ae-fee3567aa86a/org.apache.iceberg_iceberg-spark-runtime-4.0_2.13-1.10.1.jar
[2026-04-14T03:01:12.938+0000] {subprocess.py:106} INFO - 26/04/14 03:01:12 INFO Executor: Adding file:/tmp/spark-10f59803-4b0d-4c0d-8e8f-83faa61c3cf8/userFiles-b2b5ddaf-d424-4131-a0ae-fee3567aa86a/org.apache.iceberg_iceberg-spark-runtime-4.0_2.13-1.10.1.jar to class loader default
[2026-04-14T03:01:13.191+0000] {subprocess.py:106} INFO - 26/04/14 03:01:13 INFO Utils: Successfully started service 'org.apache.spark.network.netty.NettyBlockTransferService' on port 34797.
[2026-04-14T03:01:13.196+0000] {subprocess.py:106} INFO - 26/04/14 03:01:13 INFO NettyBlockTransferService: Server created on spark-master:34797
[2026-04-14T03:01:13.224+0000] {subprocess.py:106} INFO - 26/04/14 03:01:13 INFO BlockManager: Using org.apache.spark.storage.RandomBlockReplicationPolicy for block replication policy
[2026-04-14T03:01:13.780+0000] {subprocess.py:106} INFO - 26/04/14 03:01:13 INFO BlockManagerMaster: Registering BlockManager BlockManagerId(driver, spark-master, 34797, None)
[2026-04-14T03:01:14.044+0000] {subprocess.py:106} INFO - 26/04/14 03:01:14 INFO BlockManagerMasterEndpoint: Registering block manager spark-master:34797 with 1048.8 MiB RAM, BlockManagerId(driver, spark-master, 34797, None)
[2026-04-14T03:01:14.096+0000] {subprocess.py:106} INFO - 26/04/14 03:01:14 INFO BlockManagerMaster: Registered BlockManager BlockManagerId(driver, spark-master, 34797, None)
[2026-04-14T03:01:14.135+0000] {subprocess.py:106} INFO - 26/04/14 03:01:14 INFO BlockManager: Initialized BlockManager: BlockManagerId(driver, spark-master, 34797, None)
[2026-04-14T03:01:19.003+0000] {subprocess.py:106} INFO - 26/04/14 03:01:18 INFO Executor: Told to re-register on heartbeat
[2026-04-14T03:01:19.054+0000] {subprocess.py:106} INFO - 26/04/14 03:01:19 INFO BlockManager: BlockManager BlockManagerId(driver, spark-master, 34797, None) re-registering with master
[2026-04-14T03:01:19.107+0000] {subprocess.py:106} INFO - 26/04/14 03:01:19 INFO BlockManagerMaster: Registering BlockManager BlockManagerId(driver, spark-master, 34797, None)
[2026-04-14T03:01:20.160+0000] {subprocess.py:106} INFO - 26/04/14 03:01:19 ERROR Inbox: Ignoring error
[2026-04-14T03:01:20.165+0000] {subprocess.py:106} INFO - org.apache.spark.SparkException: Exception thrown in awaitResult:
[2026-04-14T03:01:20.177+0000] {subprocess.py:106} INFO - 	at org.apache.spark.util.SparkThreadUtils$.awaitResult(SparkThreadUtils.scala:53)
[2026-04-14T03:01:20.200+0000] {subprocess.py:106} INFO - 	at org.apache.spark.util.ThreadUtils$.awaitResult(ThreadUtils.scala:342)
[2026-04-14T03:01:20.209+0000] {subprocess.py:106} INFO - 	at org.apache.spark.rpc.RpcTimeout.awaitResult(RpcTimeout.scala:75)
[2026-04-14T03:01:20.233+0000] {subprocess.py:106} INFO - 	at org.apache.spark.rpc.RpcEnv.setupEndpointRefByURI(RpcEnv.scala:102)
[2026-04-14T03:01:20.252+0000] {subprocess.py:106} INFO - 	at org.apache.spark.rpc.RpcEnv.setupEndpointRef(RpcEnv.scala:110)
[2026-04-14T03:01:20.253+0000] {subprocess.py:106} INFO - 	at org.apache.spark.util.RpcUtils$.makeDriverRef(RpcUtils.scala:36)
[2026-04-14T03:01:20.254+0000] {subprocess.py:106} INFO - 	at org.apache.spark.storage.BlockManagerMasterEndpoint.driverEndpoint$lzycompute(BlockManagerMasterEndpoint.scala:132)
[2026-04-14T03:01:20.255+0000] {subprocess.py:106} INFO - 	at org.apache.spark.storage.BlockManagerMasterEndpoint.org$apache$spark$storage$BlockManagerMasterEndpoint$$driverEndpoint(BlockManagerMasterEndpoint.scala:131)
[2026-04-14T03:01:20.256+0000] {subprocess.py:106} INFO - 	at org.apache.spark.storage.BlockManagerMasterEndpoint.isExecutorAlive$lzycompute$1(BlockManagerMasterEndpoint.scala:700)
[2026-04-14T03:01:20.257+0000] {subprocess.py:106} INFO - 	at org.apache.spark.storage.BlockManagerMasterEndpoint.isExecutorAlive$1(BlockManagerMasterEndpoint.scala:699)
[2026-04-14T03:01:20.284+0000] {subprocess.py:106} INFO - 	at org.apache.spark.storage.BlockManagerMasterEndpoint.org$apache$spark$storage$BlockManagerMasterEndpoint$$register(BlockManagerMasterEndpoint.scala:739)
[2026-04-14T03:01:20.289+0000] {subprocess.py:106} INFO - 	at org.apache.spark.storage.BlockManagerMasterEndpoint$$anonfun$receiveAndReply$1.applyOrElse(BlockManagerMasterEndpoint.scala:141)
[2026-04-14T03:01:20.305+0000] {subprocess.py:106} INFO - 	at org.apache.spark.rpc.netty.Inbox.$anonfun$process$1(Inbox.scala:104)
[2026-04-14T03:01:20.330+0000] {subprocess.py:106} INFO - 	at org.apache.spark.rpc.netty.Inbox.safelyCall(Inbox.scala:216)
[2026-04-14T03:01:20.331+0000] {subprocess.py:106} INFO - 	at org.apache.spark.rpc.netty.Inbox.process(Inbox.scala:101)
[2026-04-14T03:01:20.345+0000] {subprocess.py:106} INFO - 	at org.apache.spark.rpc.netty.MessageLoop.org$apache$spark$rpc$netty$MessageLoop$$receiveLoop(MessageLoop.scala:76)
[2026-04-14T03:01:20.348+0000] {subprocess.py:106} INFO - 	at org.apache.spark.rpc.netty.MessageLoop$$anon$1.run(MessageLoop.scala:42)
[2026-04-14T03:01:20.348+0000] {subprocess.py:106} INFO - 	at java.base/java.util.concurrent.ThreadPoolExecutor.runWorker(ThreadPoolExecutor.java:1144)
[2026-04-14T03:01:20.388+0000] {subprocess.py:106} INFO - 	at java.base/java.util.concurrent.ThreadPoolExecutor$Worker.run(ThreadPoolExecutor.java:642)
[2026-04-14T03:01:20.456+0000] {subprocess.py:106} INFO - 	at java.base/java.lang.Thread.run(Thread.java:1583)
[2026-04-14T03:01:20.496+0000] {subprocess.py:106} INFO - Caused by: org.apache.spark.rpc.RpcEndpointNotFoundException: Cannot find endpoint: spark://CoarseGrainedScheduler@spark-master:34375
[2026-04-14T03:01:20.506+0000] {subprocess.py:106} INFO - 	at org.apache.spark.rpc.netty.NettyRpcEnv.$anonfun$asyncSetupEndpointRefByURI$1(NettyRpcEnv.scala:151)
[2026-04-14T03:01:20.548+0000] {subprocess.py:106} INFO - 	at org.apache.spark.rpc.netty.NettyRpcEnv.$anonfun$asyncSetupEndpointRefByURI$1$adapted(NettyRpcEnv.scala:147)
[2026-04-14T03:01:20.590+0000] {subprocess.py:106} INFO - 	at scala.concurrent.impl.Promise$Transformation.run(Promise.scala:470)
[2026-04-14T03:01:20.601+0000] {subprocess.py:106} INFO - 	at org.apache.spark.util.ThreadUtils$$anon$1.execute(ThreadUtils.scala:99)
[2026-04-14T03:01:20.608+0000] {subprocess.py:106} INFO - 	at scala.concurrent.impl.ExecutionContextImpl.execute(ExecutionContextImpl.scala:21)
[2026-04-14T03:01:20.618+0000] {subprocess.py:106} INFO - 	at scala.concurrent.impl.Promise$Transformation.submitWithValue(Promise.scala:429)
[2026-04-14T03:01:20.633+0000] {subprocess.py:106} INFO - 	at scala.concurrent.impl.Promise$DefaultPromise.submitWithValue(Promise.scala:338)
[2026-04-14T03:01:20.635+0000] {subprocess.py:106} INFO - 	at scala.concurrent.impl.Promise$DefaultPromise.tryComplete0(Promise.scala:285)
[2026-04-14T03:01:20.636+0000] {subprocess.py:106} INFO - 	at scala.concurrent.impl.Promise$Transformation.run(Promise.scala:504)
[2026-04-14T03:01:20.643+0000] {subprocess.py:106} INFO - 	at org.apache.spark.util.ThreadUtils$$anon$1.execute(ThreadUtils.scala:99)
[2026-04-14T03:01:20.645+0000] {subprocess.py:106} INFO - 	at scala.concurrent.impl.ExecutionContextImpl.execute(ExecutionContextImpl.scala:21)
[2026-04-14T03:01:20.667+0000] {subprocess.py:106} INFO - 	at scala.concurrent.impl.Promise$Transformation.submitWithValue(Promise.scala:429)
[2026-04-14T03:01:20.688+0000] {subprocess.py:106} INFO - 	at scala.concurrent.impl.Promise$DefaultPromise.submitWithValue(Promise.scala:338)
[2026-04-14T03:01:20.708+0000] {subprocess.py:106} INFO - 	at scala.concurrent.impl.Promise$DefaultPromise.tryComplete0(Promise.scala:285)
[2026-04-14T03:01:20.712+0000] {subprocess.py:106} INFO - 	at scala.concurrent.impl.Promise$Transformation.run(Promise.scala:504)
[2026-04-14T03:01:20.735+0000] {subprocess.py:106} INFO - 	at scala.concurrent.ExecutionContext$parasitic$.execute(ExecutionContext.scala:222)
[2026-04-14T03:01:20.804+0000] {subprocess.py:106} INFO - 	at scala.concurrent.impl.Promise$Transformation.submitWithValue(Promise.scala:429)
[2026-04-14T03:01:20.805+0000] {subprocess.py:106} INFO - 	at scala.concurrent.impl.Promise$DefaultPromise.submitWithValue(Promise.scala:335)
[2026-04-14T03:01:20.807+0000] {subprocess.py:106} INFO - 	at scala.concurrent.impl.Promise$DefaultPromise.tryComplete0(Promise.scala:285)
[2026-04-14T03:01:20.811+0000] {subprocess.py:106} INFO - 	at scala.concurrent.impl.Promise$DefaultPromise.tryComplete(Promise.scala:278)
[2026-04-14T03:01:20.815+0000] {subprocess.py:106} INFO - 	at scala.concurrent.Promise.trySuccess(Promise.scala:99)
[2026-04-14T03:01:20.816+0000] {subprocess.py:106} INFO - 	at scala.concurrent.Promise.trySuccess$(Promise.scala:99)
[2026-04-14T03:01:20.818+0000] {subprocess.py:106} INFO - 	at scala.concurrent.impl.Promise$DefaultPromise.trySuccess(Promise.scala:104)
[2026-04-14T03:01:20.820+0000] {subprocess.py:106} INFO - 	at org.apache.spark.rpc.netty.NettyRpcEnv.onSuccess$1(NettyRpcEnv.scala:228)
[2026-04-14T03:01:20.824+0000] {subprocess.py:106} INFO - 	at org.apache.spark.rpc.netty.NettyRpcEnv.$anonfun$askAbortable$5(NettyRpcEnv.scala:242)
[2026-04-14T03:01:20.827+0000] {subprocess.py:106} INFO - 	at org.apache.spark.rpc.netty.NettyRpcEnv.$anonfun$askAbortable$5$adapted(NettyRpcEnv.scala:241)
[2026-04-14T03:01:20.829+0000] {subprocess.py:106} INFO - 	at scala.concurrent.impl.Promise$Transformation.run(Promise.scala:484)
[2026-04-14T03:01:20.840+0000] {subprocess.py:106} INFO - 	at org.apache.spark.util.ThreadUtils$$anon$1.execute(ThreadUtils.scala:99)
[2026-04-14T03:01:20.841+0000] {subprocess.py:106} INFO - 	at scala.concurrent.impl.ExecutionContextImpl.execute(ExecutionContextImpl.scala:21)
[2026-04-14T03:01:20.842+0000] {subprocess.py:106} INFO - 	at scala.concurrent.impl.Promise$Transformation.submitWithValue(Promise.scala:429)
[2026-04-14T03:01:20.847+0000] {subprocess.py:106} INFO - 	at scala.concurrent.impl.Promise$DefaultPromise.submitWithValue(Promise.scala:338)
[2026-04-14T03:01:20.848+0000] {subprocess.py:106} INFO - 	at scala.concurrent.impl.Promise$DefaultPromise.tryComplete0(Promise.scala:285)
[2026-04-14T03:01:20.849+0000] {subprocess.py:106} INFO - 	at scala.concurrent.impl.Promise$DefaultPromise.tryComplete(Promise.scala:278)
[2026-04-14T03:01:20.850+0000] {subprocess.py:106} INFO - 	at scala.concurrent.Promise.complete(Promise.scala:57)
[2026-04-14T03:01:20.850+0000] {subprocess.py:106} INFO - 	at scala.concurrent.Promise.complete$(Promise.scala:56)
[2026-04-14T03:01:20.851+0000] {subprocess.py:106} INFO - 	at scala.concurrent.impl.Promise$DefaultPromise.complete(Promise.scala:104)
[2026-04-14T03:01:20.852+0000] {subprocess.py:106} INFO - 	at scala.concurrent.Promise.success(Promise.scala:91)
[2026-04-14T03:01:20.855+0000] {subprocess.py:106} INFO - 	at scala.concurrent.Promise.success$(Promise.scala:91)
[2026-04-14T03:01:20.856+0000] {subprocess.py:106} INFO - 	at scala.concurrent.impl.Promise$DefaultPromise.success(Promise.scala:104)
[2026-04-14T03:01:20.865+0000] {subprocess.py:106} INFO - 	at org.apache.spark.rpc.netty.LocalNettyRpcCallContext.send(NettyRpcCallContext.scala:50)
[2026-04-14T03:01:20.867+0000] {subprocess.py:106} INFO - 	at org.apache.spark.rpc.netty.NettyRpcCallContext.reply(NettyRpcCallContext.scala:32)
[2026-04-14T03:01:20.879+0000] {subprocess.py:106} INFO - 	at org.apache.spark.rpc.netty.RpcEndpointVerifier$$anonfun$receiveAndReply$1.applyOrElse(RpcEndpointVerifier.scala:31)
[2026-04-14T03:01:20.888+0000] {subprocess.py:106} INFO - 	... 8 more
[2026-04-14T03:01:20.890+0000] {subprocess.py:106} INFO - 26/04/14 03:01:19 WARN Executor: Issue communicating with driver in heartbeater
[2026-04-14T03:01:20.892+0000] {subprocess.py:106} INFO - org.apache.spark.SparkException: Exception thrown in awaitResult:
[2026-04-14T03:01:20.894+0000] {subprocess.py:106} INFO - 	at org.apache.spark.util.SparkThreadUtils$.awaitResult(SparkThreadUtils.scala:53)
[2026-04-14T03:01:20.896+0000] {subprocess.py:106} INFO - 	at org.apache.spark.util.ThreadUtils$.awaitResult(ThreadUtils.scala:342)
[2026-04-14T03:01:20.897+0000] {subprocess.py:106} INFO - 	at org.apache.spark.rpc.RpcTimeout.awaitResult(RpcTimeout.scala:75)
[2026-04-14T03:01:20.906+0000] {subprocess.py:106} INFO - 	at org.apache.spark.rpc.RpcEndpointRef.askSync(RpcEndpointRef.scala:101)
[2026-04-14T03:01:20.908+0000] {subprocess.py:106} INFO - 	at org.apache.spark.rpc.RpcEndpointRef.askSync(RpcEndpointRef.scala:85)
[2026-04-14T03:01:20.910+0000] {subprocess.py:106} INFO - 	at org.apache.spark.storage.BlockManagerMaster.registerBlockManager(BlockManagerMaster.scala:81)
[2026-04-14T03:01:20.911+0000] {subprocess.py:106} INFO - 	at org.apache.spark.storage.BlockManager.reregister(BlockManager.scala:669)
[2026-04-14T03:01:20.913+0000] {subprocess.py:106} INFO - 	at org.apache.spark.executor.Executor.reportHeartBeat(Executor.scala:1296)
[2026-04-14T03:01:20.914+0000] {subprocess.py:106} INFO - 	at org.apache.spark.executor.Executor.$anonfun$heartbeater$1(Executor.scala:307)
[2026-04-14T03:01:20.915+0000] {subprocess.py:106} INFO - 	at scala.runtime.java8.JFunction0$mcV$sp.apply(JFunction0$mcV$sp.scala:18)
[2026-04-14T03:01:20.925+0000] {subprocess.py:106} INFO - 	at org.apache.spark.util.Utils$.logUncaughtExceptions(Utils.scala:1937)
[2026-04-14T03:01:20.926+0000] {subprocess.py:106} INFO - 	at org.apache.spark.Heartbeater$$anon$1.run(Heartbeater.scala:46)
[2026-04-14T03:01:20.927+0000] {subprocess.py:106} INFO - 	at java.base/java.util.concurrent.Executors$RunnableAdapter.call(Executors.java:572)
[2026-04-14T03:01:20.928+0000] {subprocess.py:106} INFO - 	at java.base/java.util.concurrent.FutureTask.runAndReset(FutureTask.java:358)
[2026-04-14T03:01:20.929+0000] {subprocess.py:106} INFO - 	at java.base/java.util.concurrent.ScheduledThreadPoolExecutor$ScheduledFutureTask.run(ScheduledThreadPoolExecutor.java:305)
[2026-04-14T03:01:20.930+0000] {subprocess.py:106} INFO - 	at java.base/java.util.concurrent.ThreadPoolExecutor.runWorker(ThreadPoolExecutor.java:1144)
[2026-04-14T03:01:20.931+0000] {subprocess.py:106} INFO - 	at java.base/java.util.concurrent.ThreadPoolExecutor$Worker.run(ThreadPoolExecutor.java:642)
[2026-04-14T03:01:20.932+0000] {subprocess.py:106} INFO - 	at java.base/java.lang.Thread.run(Thread.java:1583)
[2026-04-14T03:01:20.933+0000] {subprocess.py:106} INFO - Caused by: org.apache.spark.SparkException: Exception thrown in awaitResult:
[2026-04-14T03:01:20.936+0000] {subprocess.py:106} INFO - 	at org.apache.spark.util.SparkThreadUtils$.awaitResult(SparkThreadUtils.scala:53)
[2026-04-14T03:01:20.937+0000] {subprocess.py:106} INFO - 	at org.apache.spark.util.ThreadUtils$.awaitResult(ThreadUtils.scala:342)
[2026-04-14T03:01:20.938+0000] {subprocess.py:106} INFO - 	at org.apache.spark.rpc.RpcTimeout.awaitResult(RpcTimeout.scala:75)
[2026-04-14T03:01:20.939+0000] {subprocess.py:106} INFO - 	at org.apache.spark.rpc.RpcEnv.setupEndpointRefByURI(RpcEnv.scala:102)
[2026-04-14T03:01:20.941+0000] {subprocess.py:106} INFO - 	at org.apache.spark.rpc.RpcEnv.setupEndpointRef(RpcEnv.scala:110)
[2026-04-14T03:01:20.943+0000] {subprocess.py:106} INFO - 	at org.apache.spark.util.RpcUtils$.makeDriverRef(RpcUtils.scala:36)
[2026-04-14T03:01:20.944+0000] {subprocess.py:106} INFO - 	at org.apache.spark.storage.BlockManagerMasterEndpoint.driverEndpoint$lzycompute(BlockManagerMasterEndpoint.scala:132)
[2026-04-14T03:01:20.946+0000] {subprocess.py:106} INFO - 	at org.apache.spark.storage.BlockManagerMasterEndpoint.org$apache$spark$storage$BlockManagerMasterEndpoint$$driverEndpoint(BlockManagerMasterEndpoint.scala:131)
[2026-04-14T03:01:20.946+0000] {subprocess.py:106} INFO - 	at org.apache.spark.storage.BlockManagerMasterEndpoint.isExecutorAlive$lzycompute$1(BlockManagerMasterEndpoint.scala:700)
[2026-04-14T03:01:20.947+0000] {subprocess.py:106} INFO - 	at org.apache.spark.storage.BlockManagerMasterEndpoint.isExecutorAlive$1(BlockManagerMasterEndpoint.scala:699)
[2026-04-14T03:01:20.948+0000] {subprocess.py:106} INFO - 	at org.apache.spark.storage.BlockManagerMasterEndpoint.org$apache$spark$storage$BlockManagerMasterEndpoint$$register(BlockManagerMasterEndpoint.scala:739)
[2026-04-14T03:01:20.950+0000] {subprocess.py:106} INFO - 	at org.apache.spark.storage.BlockManagerMasterEndpoint$$anonfun$receiveAndReply$1.applyOrElse(BlockManagerMasterEndpoint.scala:141)
[2026-04-14T03:01:20.952+0000] {subprocess.py:106} INFO - 	at org.apache.spark.rpc.netty.Inbox.$anonfun$process$1(Inbox.scala:104)
[2026-04-14T03:01:20.953+0000] {subprocess.py:106} INFO - 	at org.apache.spark.rpc.netty.Inbox.safelyCall(Inbox.scala:216)
[2026-04-14T03:01:20.954+0000] {subprocess.py:106} INFO - 	at org.apache.spark.rpc.netty.Inbox.process(Inbox.scala:101)
[2026-04-14T03:01:20.956+0000] {subprocess.py:106} INFO - 	at org.apache.spark.rpc.netty.MessageLoop.org$apache$spark$rpc$netty$MessageLoop$$receiveLoop(MessageLoop.scala:76)
[2026-04-14T03:01:20.959+0000] {subprocess.py:106} INFO - 	at org.apache.spark.rpc.netty.MessageLoop$$anon$1.run(MessageLoop.scala:42)
[2026-04-14T03:01:20.961+0000] {subprocess.py:106} INFO - 	... 3 more
[2026-04-14T03:01:20.963+0000] {subprocess.py:106} INFO - Caused by: org.apache.spark.rpc.RpcEndpointNotFoundException: Cannot find endpoint: spark://CoarseGrainedScheduler@spark-master:34375
[2026-04-14T03:01:20.966+0000] {subprocess.py:106} INFO - 	at org.apache.spark.rpc.netty.NettyRpcEnv.$anonfun$asyncSetupEndpointRefByURI$1(NettyRpcEnv.scala:151)
[2026-04-14T03:01:20.967+0000] {subprocess.py:106} INFO - 	at org.apache.spark.rpc.netty.NettyRpcEnv.$anonfun$asyncSetupEndpointRefByURI$1$adapted(NettyRpcEnv.scala:147)
[2026-04-14T03:01:20.968+0000] {subprocess.py:106} INFO - 	at scala.concurrent.impl.Promise$Transformation.run(Promise.scala:470)
[2026-04-14T03:01:20.969+0000] {subprocess.py:106} INFO - 	at org.apache.spark.util.ThreadUtils$$anon$1.execute(ThreadUtils.scala:99)
[2026-04-14T03:01:20.975+0000] {subprocess.py:106} INFO - 	at scala.concurrent.impl.ExecutionContextImpl.execute(ExecutionContextImpl.scala:21)
[2026-04-14T03:01:20.977+0000] {subprocess.py:106} INFO - 	at scala.concurrent.impl.Promise$Transformation.submitWithValue(Promise.scala:429)
[2026-04-14T03:01:20.979+0000] {subprocess.py:106} INFO - 	at scala.concurrent.impl.Promise$DefaultPromise.submitWithValue(Promise.scala:338)
[2026-04-14T03:01:20.980+0000] {subprocess.py:106} INFO - 	at scala.concurrent.impl.Promise$DefaultPromise.tryComplete0(Promise.scala:285)
[2026-04-14T03:01:20.982+0000] {subprocess.py:106} INFO - 	at scala.concurrent.impl.Promise$Transformation.run(Promise.scala:504)
[2026-04-14T03:01:20.983+0000] {subprocess.py:106} INFO - 	at org.apache.spark.util.ThreadUtils$$anon$1.execute(ThreadUtils.scala:99)
[2026-04-14T03:01:20.985+0000] {subprocess.py:106} INFO - 	at scala.concurrent.impl.ExecutionContextImpl.execute(ExecutionContextImpl.scala:21)
[2026-04-14T03:01:20.986+0000] {subprocess.py:106} INFO - 	at scala.concurrent.impl.Promise$Transformation.submitWithValue(Promise.scala:429)
[2026-04-14T03:01:20.987+0000] {subprocess.py:106} INFO - 	at scala.concurrent.impl.Promise$DefaultPromise.submitWithValue(Promise.scala:338)
[2026-04-14T03:01:20.987+0000] {subprocess.py:106} INFO - 	at scala.concurrent.impl.Promise$DefaultPromise.tryComplete0(Promise.scala:285)
[2026-04-14T03:01:20.988+0000] {subprocess.py:106} INFO - 	at scala.concurrent.impl.Promise$Transformation.run(Promise.scala:504)
[2026-04-14T03:01:20.992+0000] {subprocess.py:106} INFO - 	at scala.concurrent.ExecutionContext$parasitic$.execute(ExecutionContext.scala:222)
[2026-04-14T03:01:20.993+0000] {subprocess.py:106} INFO - 	at scala.concurrent.impl.Promise$Transformation.submitWithValue(Promise.scala:429)
[2026-04-14T03:01:20.995+0000] {subprocess.py:106} INFO - 	at scala.concurrent.impl.Promise$DefaultPromise.submitWithValue(Promise.scala:335)
[2026-04-14T03:01:20.996+0000] {subprocess.py:106} INFO - 	at scala.concurrent.impl.Promise$DefaultPromise.tryComplete0(Promise.scala:285)
[2026-04-14T03:01:20.997+0000] {subprocess.py:106} INFO - 	at scala.concurrent.impl.Promise$DefaultPromise.tryComplete(Promise.scala:278)
[2026-04-14T03:01:20.998+0000] {subprocess.py:106} INFO - 	at scala.concurrent.Promise.trySuccess(Promise.scala:99)
[2026-04-14T03:01:21.005+0000] {subprocess.py:106} INFO - 	at scala.concurrent.Promise.trySuccess$(Promise.scala:99)
[2026-04-14T03:01:21.006+0000] {subprocess.py:106} INFO - 	at scala.concurrent.impl.Promise$DefaultPromise.trySuccess(Promise.scala:104)
[2026-04-14T03:01:21.006+0000] {subprocess.py:106} INFO - 	at org.apache.spark.rpc.netty.NettyRpcEnv.onSuccess$1(NettyRpcEnv.scala:228)
[2026-04-14T03:01:21.007+0000] {subprocess.py:106} INFO - 	at org.apache.spark.rpc.netty.NettyRpcEnv.$anonfun$askAbortable$5(NettyRpcEnv.scala:242)
[2026-04-14T03:01:21.008+0000] {subprocess.py:106} INFO - 	at org.apache.spark.rpc.netty.NettyRpcEnv.$anonfun$askAbortable$5$adapted(NettyRpcEnv.scala:241)
[2026-04-14T03:01:21.010+0000] {subprocess.py:106} INFO - 	at scala.concurrent.impl.Promise$Transformation.run(Promise.scala:484)
[2026-04-14T03:01:21.012+0000] {subprocess.py:106} INFO - 	at org.apache.spark.util.ThreadUtils$$anon$1.execute(ThreadUtils.scala:99)
[2026-04-14T03:01:21.013+0000] {subprocess.py:106} INFO - 	at scala.concurrent.impl.ExecutionContextImpl.execute(ExecutionContextImpl.scala:21)
[2026-04-14T03:01:21.014+0000] {subprocess.py:106} INFO - 	at scala.concurrent.impl.Promise$Transformation.submitWithValue(Promise.scala:429)
[2026-04-14T03:01:21.015+0000] {subprocess.py:106} INFO - 	at scala.concurrent.impl.Promise$DefaultPromise.submitWithValue(Promise.scala:338)
[2026-04-14T03:01:21.019+0000] {subprocess.py:106} INFO - 	at scala.concurrent.impl.Promise$DefaultPromise.tryComplete0(Promise.scala:285)
[2026-04-14T03:01:21.020+0000] {subprocess.py:106} INFO - 	at scala.concurrent.impl.Promise$DefaultPromise.tryComplete(Promise.scala:278)
[2026-04-14T03:01:21.021+0000] {subprocess.py:106} INFO - 	at scala.concurrent.Promise.complete(Promise.scala:57)
[2026-04-14T03:01:21.022+0000] {subprocess.py:106} INFO - 	at scala.concurrent.Promise.complete$(Promise.scala:56)
[2026-04-14T03:01:21.022+0000] {subprocess.py:106} INFO - 	at scala.concurrent.impl.Promise$DefaultPromise.complete(Promise.scala:104)
[2026-04-14T03:01:21.023+0000] {subprocess.py:106} INFO - 	at scala.concurrent.Promise.success(Promise.scala:91)
[2026-04-14T03:01:21.024+0000] {subprocess.py:106} INFO - 	at scala.concurrent.Promise.success$(Promise.scala:91)
[2026-04-14T03:01:21.024+0000] {subprocess.py:106} INFO - 	at scala.concurrent.impl.Promise$DefaultPromise.success(Promise.scala:104)
[2026-04-14T03:01:21.025+0000] {subprocess.py:106} INFO - 	at org.apache.spark.rpc.netty.LocalNettyRpcCallContext.send(NettyRpcCallContext.scala:50)
[2026-04-14T03:01:21.026+0000] {subprocess.py:106} INFO - 	at org.apache.spark.rpc.netty.NettyRpcCallContext.reply(NettyRpcCallContext.scala:32)
[2026-04-14T03:01:21.028+0000] {subprocess.py:106} INFO - 	at org.apache.spark.rpc.netty.RpcEndpointVerifier$$anonfun$receiveAndReply$1.applyOrElse(RpcEndpointVerifier.scala:31)
[2026-04-14T03:01:21.029+0000] {subprocess.py:106} INFO - 	... 8 more
[2026-04-14T03:04:22.699+0000] {job.py:239} ERROR - Job heartbeat failed with error
Traceback (most recent call last):
  File "/home/airflow/airflow/venv/lib/python3.12/site-packages/sqlalchemy/engine/base.py", line 3371, in _wrap_pool_connect
    return fn()
           ^^^^
  File "/home/airflow/airflow/venv/lib/python3.12/site-packages/sqlalchemy/pool/base.py", line 327, in connect
    return _ConnectionFairy._checkout(self)
           ^^^^^^^^^^^^^^^^^^^^^^^^^^^^^^^^
  File "/home/airflow/airflow/venv/lib/python3.12/site-packages/sqlalchemy/pool/base.py", line 894, in _checkout
    fairy = _ConnectionRecord.checkout(pool)
            ^^^^^^^^^^^^^^^^^^^^^^^^^^^^^^^^
  File "/home/airflow/airflow/venv/lib/python3.12/site-packages/sqlalchemy/pool/base.py", line 493, in checkout
    rec = pool._do_get()
          ^^^^^^^^^^^^^^
  File "/home/airflow/airflow/venv/lib/python3.12/site-packages/sqlalchemy/pool/impl.py", line 256, in _do_get
    return self._create_connection()
           ^^^^^^^^^^^^^^^^^^^^^^^^^
  File "/home/airflow/airflow/venv/lib/python3.12/site-packages/sqlalchemy/pool/base.py", line 273, in _create_connection
    return _ConnectionRecord(self)
           ^^^^^^^^^^^^^^^^^^^^^^^
  File "/home/airflow/airflow/venv/lib/python3.12/site-packages/sqlalchemy/pool/base.py", line 388, in __init__
    self.__connect()
  File "/home/airflow/airflow/venv/lib/python3.12/site-packages/sqlalchemy/pool/base.py", line 690, in __connect
    with util.safe_reraise():
         ^^^^^^^^^^^^^^^^^^^
  File "/home/airflow/airflow/venv/lib/python3.12/site-packages/sqlalchemy/util/langhelpers.py", line 70, in __exit__
    compat.raise_(
  File "/home/airflow/airflow/venv/lib/python3.12/site-packages/sqlalchemy/util/compat.py", line 211, in raise_
    raise exception
  File "/home/airflow/airflow/venv/lib/python3.12/site-packages/sqlalchemy/pool/base.py", line 686, in __connect
    self.dbapi_connection = connection = pool._invoke_creator(self)
                                         ^^^^^^^^^^^^^^^^^^^^^^^^^^
  File "/home/airflow/airflow/venv/lib/python3.12/site-packages/sqlalchemy/engine/create.py", line 574, in connect
    return dialect.connect(*cargs, **cparams)
           ^^^^^^^^^^^^^^^^^^^^^^^^^^^^^^^^^^
  File "/home/airflow/airflow/venv/lib/python3.12/site-packages/sqlalchemy/engine/default.py", line 598, in connect
    return self.dbapi.connect(*cargs, **cparams)
           ^^^^^^^^^^^^^^^^^^^^^^^^^^^^^^^^^^^^^
  File "/home/airflow/airflow/venv/lib/python3.12/site-packages/psycopg2/__init__.py", line 122, in connect
    conn = _connect(dsn, connection_factory=connection_factory, **kwasync)
           ^^^^^^^^^^^^^^^^^^^^^^^^^^^^^^^^^^^^^^^^^^^^^^^^^^^^^^^^^^^^^^^
psycopg2.OperationalError: could not translate host name "***" to address: Temporary failure in name resolution


The above exception was the direct cause of the following exception:

Traceback (most recent call last):
  File "/home/airflow/airflow/venv/lib/python3.12/site-packages/airflow/jobs/job.py", line 207, in heartbeat
    self._merge_from(Job._fetch_from_db(self, session))
                     ^^^^^^^^^^^^^^^^^^^^^^^^^^^^^^^^^
  File "/home/airflow/airflow/venv/lib/python3.12/site-packages/airflow/api_internal/internal_api_call.py", line 166, in wrapper
    return func(*args, **kwargs)
           ^^^^^^^^^^^^^^^^^^^^^
  File "/home/airflow/airflow/venv/lib/python3.12/site-packages/airflow/utils/session.py", line 94, in wrapper
    return func(*args, **kwargs)
           ^^^^^^^^^^^^^^^^^^^^^
  File "/home/airflow/airflow/venv/lib/python3.12/site-packages/airflow/utils/retries.py", line 93, in wrapped_function
    for attempt in run_with_db_retries(max_retries=retries, logger=logger, **retry_kwargs):
                   ^^^^^^^^^^^^^^^^^^^^^^^^^^^^^^^^^^^^^^^^^^^^^^^^^^^^^^^^^^^^^^^^^^^^^^^
  File "/home/airflow/airflow/venv/lib/python3.12/site-packages/tenacity/__init__.py", line 438, in __iter__
    do = self.iter(retry_state=retry_state)
         ^^^^^^^^^^^^^^^^^^^^^^^^^^^^^^^^^^
  File "/home/airflow/airflow/venv/lib/python3.12/site-packages/tenacity/__init__.py", line 371, in iter
    result = action(retry_state)
             ^^^^^^^^^^^^^^^^^^^
  File "/home/airflow/airflow/venv/lib/python3.12/site-packages/tenacity/__init__.py", line 413, in exc_check
    raise retry_exc.reraise()
          ^^^^^^^^^^^^^^^^^^^
  File "/home/airflow/airflow/venv/lib/python3.12/site-packages/tenacity/__init__.py", line 184, in reraise
    raise self.last_attempt.result()
          ^^^^^^^^^^^^^^^^^^^^^^^^^^
  File "/usr/local/lib/python3.12/concurrent/futures/_base.py", line 449, in result
    return self.__get_result()
           ^^^^^^^^^^^^^^^^^^^
  File "/usr/local/lib/python3.12/concurrent/futures/_base.py", line 401, in __get_result
    raise self._exception
  File "/home/airflow/airflow/venv/lib/python3.12/site-packages/airflow/utils/retries.py", line 102, in wrapped_function
    return func(*args, **kwargs)
           ^^^^^^^^^^^^^^^^^^^^^
  File "/home/airflow/airflow/venv/lib/python3.12/site-packages/airflow/jobs/job.py", line 335, in _fetch_from_db
    session.merge(job)
  File "/home/airflow/airflow/venv/lib/python3.12/site-packages/sqlalchemy/orm/session.py", line 3056, in merge
    return self._merge(
           ^^^^^^^^^^^^
  File "/home/airflow/airflow/venv/lib/python3.12/site-packages/sqlalchemy/orm/session.py", line 3136, in _merge
    merged = self.get(
             ^^^^^^^^^
  File "/home/airflow/airflow/venv/lib/python3.12/site-packages/sqlalchemy/orm/session.py", line 2853, in get
    return self._get_impl(
           ^^^^^^^^^^^^^^^
  File "/home/airflow/airflow/venv/lib/python3.12/site-packages/sqlalchemy/orm/session.py", line 2975, in _get_impl
    return db_load_fn(
           ^^^^^^^^^^^
  File "/home/airflow/airflow/venv/lib/python3.12/site-packages/sqlalchemy/orm/loading.py", line 530, in load_on_pk_identity
    session.execute(
  File "/home/airflow/airflow/venv/lib/python3.12/site-packages/sqlalchemy/orm/session.py", line 1716, in execute
    conn = self._connection_for_bind(bind)
           ^^^^^^^^^^^^^^^^^^^^^^^^^^^^^^^
  File "/home/airflow/airflow/venv/lib/python3.12/site-packages/sqlalchemy/orm/session.py", line 1555, in _connection_for_bind
    return self._transaction._connection_for_bind(
           ^^^^^^^^^^^^^^^^^^^^^^^^^^^^^^^^^^^^^^^
  File "/home/airflow/airflow/venv/lib/python3.12/site-packages/sqlalchemy/orm/session.py", line 750, in _connection_for_bind
    conn = bind.connect()
           ^^^^^^^^^^^^^^
  File "/home/airflow/airflow/venv/lib/python3.12/site-packages/sqlalchemy/future/engine.py", line 412, in connect
    return super(Engine, self).connect()
           ^^^^^^^^^^^^^^^^^^^^^^^^^^^^^
  File "/home/airflow/airflow/venv/lib/python3.12/site-packages/sqlalchemy/engine/base.py", line 3325, in connect
    return self._connection_cls(self, close_with_result=close_with_result)
           ^^^^^^^^^^^^^^^^^^^^^^^^^^^^^^^^^^^^^^^^^^^^^^^^^^^^^^^^^^^^^^^
  File "/home/airflow/airflow/venv/lib/python3.12/site-packages/sqlalchemy/engine/base.py", line 96, in __init__
    else engine.raw_connection()
         ^^^^^^^^^^^^^^^^^^^^^^^
  File "/home/airflow/airflow/venv/lib/python3.12/site-packages/sqlalchemy/engine/base.py", line 3404, in raw_connection
    return self._wrap_pool_connect(self.pool.connect, _connection)
           ^^^^^^^^^^^^^^^^^^^^^^^^^^^^^^^^^^^^^^^^^^^^^^^^^^^^^^^
  File "/home/airflow/airflow/venv/lib/python3.12/site-packages/sqlalchemy/engine/base.py", line 3374, in _wrap_pool_connect
    Connection._handle_dbapi_exception_noconnection(
  File "/home/airflow/airflow/venv/lib/python3.12/site-packages/sqlalchemy/engine/base.py", line 2208, in _handle_dbapi_exception_noconnection
    util.raise_(
  File "/home/airflow/airflow/venv/lib/python3.12/site-packages/sqlalchemy/util/compat.py", line 211, in raise_
    raise exception
  File "/home/airflow/airflow/venv/lib/python3.12/site-packages/sqlalchemy/engine/base.py", line 3371, in _wrap_pool_connect
    return fn()
           ^^^^
  File "/home/airflow/airflow/venv/lib/python3.12/site-packages/sqlalchemy/pool/base.py", line 327, in connect
    return _ConnectionFairy._checkout(self)
           ^^^^^^^^^^^^^^^^^^^^^^^^^^^^^^^^
  File "/home/airflow/airflow/venv/lib/python3.12/site-packages/sqlalchemy/pool/base.py", line 894, in _checkout
    fairy = _ConnectionRecord.checkout(pool)
            ^^^^^^^^^^^^^^^^^^^^^^^^^^^^^^^^
  File "/home/airflow/airflow/venv/lib/python3.12/site-packages/sqlalchemy/pool/base.py", line 493, in checkout
    rec = pool._do_get()
          ^^^^^^^^^^^^^^
  File "/home/airflow/airflow/venv/lib/python3.12/site-packages/sqlalchemy/pool/impl.py", line 256, in _do_get
    return self._create_connection()
           ^^^^^^^^^^^^^^^^^^^^^^^^^
  File "/home/airflow/airflow/venv/lib/python3.12/site-packages/sqlalchemy/pool/base.py", line 273, in _create_connection
    return _ConnectionRecord(self)
           ^^^^^^^^^^^^^^^^^^^^^^^
  File "/home/airflow/airflow/venv/lib/python3.12/site-packages/sqlalchemy/pool/base.py", line 388, in __init__
    self.__connect()
  File "/home/airflow/airflow/venv/lib/python3.12/site-packages/sqlalchemy/pool/base.py", line 690, in __connect
    with util.safe_reraise():
         ^^^^^^^^^^^^^^^^^^^
  File "/home/airflow/airflow/venv/lib/python3.12/site-packages/sqlalchemy/util/langhelpers.py", line 70, in __exit__
    compat.raise_(
  File "/home/airflow/airflow/venv/lib/python3.12/site-packages/sqlalchemy/util/compat.py", line 211, in raise_
    raise exception
  File "/home/airflow/airflow/venv/lib/python3.12/site-packages/sqlalchemy/pool/base.py", line 686, in __connect
    self.dbapi_connection = connection = pool._invoke_creator(self)
                                         ^^^^^^^^^^^^^^^^^^^^^^^^^^
  File "/home/airflow/airflow/venv/lib/python3.12/site-packages/sqlalchemy/engine/create.py", line 574, in connect
    return dialect.connect(*cargs, **cparams)
           ^^^^^^^^^^^^^^^^^^^^^^^^^^^^^^^^^^
  File "/home/airflow/airflow/venv/lib/python3.12/site-packages/sqlalchemy/engine/default.py", line 598, in connect
    return self.dbapi.connect(*cargs, **cparams)
           ^^^^^^^^^^^^^^^^^^^^^^^^^^^^^^^^^^^^^
  File "/home/airflow/airflow/venv/lib/python3.12/site-packages/psycopg2/__init__.py", line 122, in connect
    conn = _connect(dsn, connection_factory=connection_factory, **kwasync)
           ^^^^^^^^^^^^^^^^^^^^^^^^^^^^^^^^^^^^^^^^^^^^^^^^^^^^^^^^^^^^^^^
sqlalchemy.exc.OperationalError: (psycopg2.OperationalError) could not translate host name "***" to address: Temporary failure in name resolution

(Background on this error at: https://sqlalche.me/e/14/e3q8)
[2026-04-14T03:07:53.117+0000] {job.py:254} ERROR - Job heartbeat failed with error. Scheduler is in unhealthy state
[2026-04-14T03:07:53.380+0000] {local_task_job_runner.py:228} ERROR - Heartbeat time limit exceeded!
[2026-04-14T03:07:53.400+0000] {local_task_job_runner.py:245} INFO - ::endgroup::
[2026-04-14T03:07:53.711+0000] {process_utils.py:132} INFO - Sending 15 to group 228. PIDs of all processes in the group: [318, 324, 228]
[2026-04-14T03:07:53.781+0000] {process_utils.py:87} INFO - Sending the signal 15 to group 228
[2026-04-14T03:07:57.187+0000] {taskinstance.py:3093} ERROR - Received SIGTERM. Terminating subprocesses.
[2026-04-14T03:07:58.575+0000] {subprocess.py:117} INFO - Sending SIGTERM signal to process group
