[2026-04-13T14:05:55.784+0000] {local_task_job_runner.py:123} INFO - ::group::Pre task execution logs
[2026-04-13T14:05:55.838+0000] {taskinstance.py:2613} INFO - Dependencies all met for dep_context=non-requeueable deps ti=<TaskInstance: predict_aqi.silver_to_gold manual__2026-04-13T13:05:03.915853+00:00 [queued]>
[2026-04-13T14:05:55.861+0000] {taskinstance.py:2613} INFO - Dependencies all met for dep_context=requeueable deps ti=<TaskInstance: predict_aqi.silver_to_gold manual__2026-04-13T13:05:03.915853+00:00 [queued]>
[2026-04-13T14:05:55.862+0000] {taskinstance.py:2866} INFO - Starting attempt 2 of 3
[2026-04-13T14:05:55.895+0000] {taskinstance.py:2889} INFO - Executing <Task(BashOperator): silver_to_gold> on 2026-04-13 13:05:03.915853+00:00
[2026-04-13T14:05:55.922+0000] {standard_task_runner.py:104} INFO - Running: ['airflow', 'tasks', 'run', 'predict_aqi', 'silver_to_gold', 'manual__2026-04-13T13:05:03.915853+00:00', '--job-id', '157', '--raw', '--subdir', 'DAGS_FOLDER/dag_ml.py', '--cfg-path', '/tmp/tmp34lo5j0_']
[2026-04-13T14:05:55.928+0000] {standard_task_runner.py:105} INFO - Job 157: Subtask silver_to_gold
[2026-04-13T14:05:55.930+0000] {logging_mixin.py:190} WARNING - /home/airflow/airflow/venv/lib/python3.12/site-packages/airflow/task/task_runner/standard_task_runner.py:70 DeprecationWarning: This process (pid=53335) is multi-threaded, use of fork() may lead to deadlocks in the child.
[2026-04-13T14:05:55.932+0000] {standard_task_runner.py:72} INFO - Started process 53425 to run task
[2026-04-13T14:05:56.090+0000] {task_command.py:467} INFO - Running <TaskInstance: predict_aqi.silver_to_gold manual__2026-04-13T13:05:03.915853+00:00 [running]> on host airflow
[2026-04-13T14:05:56.416+0000] {taskinstance.py:3132} INFO - Exporting env vars: AIRFLOW_CTX_DAG_OWNER='airflow' AIRFLOW_CTX_DAG_ID='predict_aqi' AIRFLOW_CTX_TASK_ID='silver_to_gold' AIRFLOW_CTX_EXECUTION_DATE='2026-04-13T13:05:03.915853+00:00' AIRFLOW_CTX_TRY_NUMBER='2' AIRFLOW_CTX_DAG_RUN_ID='manual__2026-04-13T13:05:03.915853+00:00'
[2026-04-13T14:05:56.420+0000] {taskinstance.py:731} INFO - ::endgroup::
[2026-04-13T14:05:56.443+0000] {subprocess.py:78} INFO - Tmp dir root location: /tmp
[2026-04-13T14:05:56.446+0000] {subprocess.py:88} INFO - Running command: ['/usr/bin/bash', '-c', '\n            docker exec spark-master spark-submit                 --packages org.apache.iceberg:iceberg-spark-runtime-4.0_2.13:1.10.1                 /home/spark/spark/spark_jobs/silver_to_gold.py 2026-04-13\n        ']
[2026-04-13T14:05:56.465+0000] {subprocess.py:99} INFO - Output:
[2026-04-13T14:05:57.781+0000] {subprocess.py:106} INFO - WARNING: Using incubator modules: jdk.incubator.vector
[2026-04-13T14:06:02.174+0000] {subprocess.py:106} INFO - :: loading settings :: url = jar:file:/home/spark/spark/jars/ivy-2.5.3.jar!/org/apache/ivy/core/settings/ivysettings.xml
[2026-04-13T14:06:02.496+0000] {subprocess.py:106} INFO - Ivy Default Cache set to: /home/spark/.ivy2.5.2/cache
[2026-04-13T14:06:02.497+0000] {subprocess.py:106} INFO - The jars for the packages stored in: /home/spark/.ivy2.5.2/jars
[2026-04-13T14:06:02.579+0000] {subprocess.py:106} INFO - org.apache.iceberg#iceberg-spark-runtime-4.0_2.13 added as a dependency
[2026-04-13T14:06:02.603+0000] {subprocess.py:106} INFO - :: resolving dependencies :: org.apache.spark#spark-submit-parent-348f4a7a-42be-4912-b6a3-b3496344b91c;1.0
[2026-04-13T14:06:02.606+0000] {subprocess.py:106} INFO - 	confs: [default]
[2026-04-13T14:06:03.027+0000] {subprocess.py:106} INFO - 	found org.apache.iceberg#iceberg-spark-runtime-4.0_2.13;1.10.1 in central
[2026-04-13T14:06:03.066+0000] {subprocess.py:106} INFO - :: resolution report :: resolve 484ms :: artifacts dl 9ms
[2026-04-13T14:06:03.067+0000] {subprocess.py:106} INFO - 	:: modules in use:
[2026-04-13T14:06:03.071+0000] {subprocess.py:106} INFO - 	org.apache.iceberg#iceberg-spark-runtime-4.0_2.13;1.10.1 from central in [default]
[2026-04-13T14:06:03.072+0000] {subprocess.py:106} INFO - 	---------------------------------------------------------------------
[2026-04-13T14:06:03.073+0000] {subprocess.py:106} INFO - 	|                  |            modules            ||   artifacts   |
[2026-04-13T14:06:03.074+0000] {subprocess.py:106} INFO - 	|       conf       | number| search|dwnlded|evicted|| number|dwnlded|
[2026-04-13T14:06:03.074+0000] {subprocess.py:106} INFO - 	---------------------------------------------------------------------
[2026-04-13T14:06:03.076+0000] {subprocess.py:106} INFO - 	|      default     |   1   |   0   |   0   |   0   ||   1   |   0   |
[2026-04-13T14:06:03.077+0000] {subprocess.py:106} INFO - 	---------------------------------------------------------------------
[2026-04-13T14:06:03.079+0000] {subprocess.py:106} INFO - :: retrieving :: org.apache.spark#spark-submit-parent-348f4a7a-42be-4912-b6a3-b3496344b91c
[2026-04-13T14:06:03.082+0000] {subprocess.py:106} INFO - 	confs: [default]
[2026-04-13T14:06:03.092+0000] {subprocess.py:106} INFO - 	0 artifacts copied, 1 already retrieved (0kB/14ms)
[2026-04-13T14:06:03.877+0000] {subprocess.py:106} INFO - 26/04/13 14:06:03 WARN NativeCodeLoader: Unable to load native-hadoop library for your platform... using builtin-java classes where applicable
[2026-04-13T14:06:09.095+0000] {subprocess.py:106} INFO - Using Spark's default log4j profile: org/apache/spark/log4j2-defaults.properties
[2026-04-13T14:06:09.114+0000] {subprocess.py:106} INFO - 26/04/13 14:06:09 INFO SparkContext: Running Spark version 4.0.2
[2026-04-13T14:06:09.124+0000] {subprocess.py:106} INFO - 26/04/13 14:06:09 INFO SparkContext: OS info Linux, 6.6.87.2-microsoft-standard-WSL2, amd64
[2026-04-13T14:06:09.131+0000] {subprocess.py:106} INFO - 26/04/13 14:06:09 INFO SparkContext: Java version 21.0.10
[2026-04-13T14:06:09.276+0000] {subprocess.py:106} INFO - 26/04/13 14:06:09 INFO ResourceUtils: ==============================================================
[2026-04-13T14:06:09.278+0000] {subprocess.py:106} INFO - 26/04/13 14:06:09 INFO ResourceUtils: No custom resources configured for spark.driver.
[2026-04-13T14:06:09.279+0000] {subprocess.py:106} INFO - 26/04/13 14:06:09 INFO ResourceUtils: ==============================================================
[2026-04-13T14:06:09.280+0000] {subprocess.py:106} INFO - 26/04/13 14:06:09 INFO SparkContext: Submitted application: Silver_to_Gold
[2026-04-13T14:06:09.380+0000] {subprocess.py:106} INFO - 26/04/13 14:06:09 INFO ResourceProfile: Default ResourceProfile created, executor resources: Map(cores -> name: cores, amount: 2, script: , vendor: , memory -> name: memory, amount: 2048, script: , vendor: , offHeap -> name: offHeap, amount: 0, script: , vendor: ), task resources: Map(cpus -> name: cpus, amount: 1.0)
[2026-04-13T14:06:09.402+0000] {subprocess.py:106} INFO - 26/04/13 14:06:09 INFO ResourceProfile: Limiting resource is cpus at 2 tasks per executor
[2026-04-13T14:06:09.412+0000] {subprocess.py:106} INFO - 26/04/13 14:06:09 INFO ResourceProfileManager: Added ResourceProfile id: 0
[2026-04-13T14:06:09.994+0000] {subprocess.py:106} INFO - 26/04/13 14:06:09 INFO SecurityManager: Changing view acls to: spark
[2026-04-13T14:06:09.996+0000] {subprocess.py:106} INFO - 26/04/13 14:06:09 INFO SecurityManager: Changing modify acls to: spark
[2026-04-13T14:06:09.997+0000] {subprocess.py:106} INFO - 26/04/13 14:06:09 INFO SecurityManager: Changing view acls groups to: spark
[2026-04-13T14:06:09.998+0000] {subprocess.py:106} INFO - 26/04/13 14:06:09 INFO SecurityManager: Changing modify acls groups to: spark
[2026-04-13T14:06:10.011+0000] {subprocess.py:106} INFO - 26/04/13 14:06:10 INFO SecurityManager: SecurityManager: authentication disabled; ui acls disabled; users with view permissions: spark groups with view permissions: EMPTY; users with modify permissions: spark; groups with modify permissions: EMPTY; RPC SSL disabled
[2026-04-13T14:06:11.546+0000] {subprocess.py:106} INFO - 26/04/13 14:06:11 INFO Utils: Successfully started service 'sparkDriver' on port 42353.
[2026-04-13T14:06:11.814+0000] {subprocess.py:106} INFO - 26/04/13 14:06:11 INFO SparkEnv: Registering MapOutputTracker
[2026-04-13T14:06:11.965+0000] {subprocess.py:106} INFO - 26/04/13 14:06:11 INFO SparkEnv: Registering BlockManagerMaster
[2026-04-13T14:06:12.073+0000] {subprocess.py:106} INFO - 26/04/13 14:06:12 INFO BlockManagerMasterEndpoint: Using org.apache.spark.storage.DefaultTopologyMapper for getting topology information
[2026-04-13T14:06:12.075+0000] {subprocess.py:106} INFO - 26/04/13 14:06:12 INFO BlockManagerMasterEndpoint: BlockManagerMasterEndpoint up
[2026-04-13T14:06:12.091+0000] {subprocess.py:106} INFO - 26/04/13 14:06:12 INFO SparkEnv: Registering BlockManagerMasterHeartbeat
[2026-04-13T14:06:12.274+0000] {subprocess.py:106} INFO - 26/04/13 14:06:12 INFO DiskBlockManager: Created local directory at /tmp/blockmgr-31cb6017-1bf7-46e5-940b-4dd765b76436
[2026-04-13T14:06:12.424+0000] {subprocess.py:106} INFO - 26/04/13 14:06:12 INFO SparkEnv: Registering OutputCommitCoordinator
[2026-04-13T14:06:14.735+0000] {subprocess.py:106} INFO - 26/04/13 14:06:14 INFO JettyUtils: Start Jetty 0.0.0.0:4040 for SparkUI
[2026-04-13T14:06:15.562+0000] {subprocess.py:106} INFO - 26/04/13 14:06:15 WARN Utils: Service 'SparkUI' could not bind on port 4040. Attempting port 4041.
[2026-04-13T14:06:15.616+0000] {subprocess.py:106} INFO - 26/04/13 14:06:15 INFO Utils: Successfully started service 'SparkUI' on port 4041.
[2026-04-13T14:06:15.833+0000] {subprocess.py:106} INFO - 26/04/13 14:06:15 INFO SparkContext: Added JAR file:///home/spark/.ivy2.5.2/jars/org.apache.iceberg_iceberg-spark-runtime-4.0_2.13-1.10.1.jar at spark://spark-master:42353/jars/org.apache.iceberg_iceberg-spark-runtime-4.0_2.13-1.10.1.jar with timestamp 1776089169037
[2026-04-13T14:06:15.861+0000] {subprocess.py:106} INFO - 26/04/13 14:06:15 INFO SparkContext: Added file file:///home/spark/.ivy2.5.2/jars/org.apache.iceberg_iceberg-spark-runtime-4.0_2.13-1.10.1.jar at file:///home/spark/.ivy2.5.2/jars/org.apache.iceberg_iceberg-spark-runtime-4.0_2.13-1.10.1.jar with timestamp 1776089169037
[2026-04-13T14:06:15.875+0000] {subprocess.py:106} INFO - 26/04/13 14:06:15 INFO Utils: Copying /home/spark/.ivy2.5.2/jars/org.apache.iceberg_iceberg-spark-runtime-4.0_2.13-1.10.1.jar to /tmp/spark-00fcefdc-f4d7-4701-a2df-c56290c04859/userFiles-dc59afcb-1401-44cc-924d-f3fe3f5e18a7/org.apache.iceberg_iceberg-spark-runtime-4.0_2.13-1.10.1.jar
[2026-04-13T14:06:20.058+0000] {subprocess.py:106} INFO - 26/04/13 14:06:20 INFO SecurityManager: Changing view acls to: spark
[2026-04-13T14:06:20.080+0000] {subprocess.py:106} INFO - 26/04/13 14:06:20 INFO SecurityManager: Changing modify acls to: spark
[2026-04-13T14:06:20.083+0000] {subprocess.py:106} INFO - 26/04/13 14:06:20 INFO SecurityManager: Changing view acls groups to: spark
[2026-04-13T14:06:20.084+0000] {subprocess.py:106} INFO - 26/04/13 14:06:20 INFO SecurityManager: Changing modify acls groups to: spark
[2026-04-13T14:06:20.086+0000] {subprocess.py:106} INFO - 26/04/13 14:06:20 INFO SecurityManager: SecurityManager: authentication disabled; ui acls disabled; users with view permissions: spark groups with view permissions: EMPTY; users with modify permissions: spark; groups with modify permissions: EMPTY; RPC SSL disabled
[2026-04-13T14:06:21.720+0000] {subprocess.py:106} INFO - 26/04/13 14:06:21 INFO Executor: Starting executor ID driver on host spark-master
[2026-04-13T14:06:21.741+0000] {subprocess.py:106} INFO - 26/04/13 14:06:21 INFO Executor: OS info Linux, 6.6.87.2-microsoft-standard-WSL2, amd64
[2026-04-13T14:06:21.743+0000] {subprocess.py:106} INFO - 26/04/13 14:06:21 INFO Executor: Java version 21.0.10
[2026-04-13T14:06:21.820+0000] {subprocess.py:106} INFO - 26/04/13 14:06:21 INFO Executor: Starting executor with user classpath (userClassPathFirst = false): ''
[2026-04-13T14:06:21.830+0000] {subprocess.py:106} INFO - 26/04/13 14:06:21 INFO Executor: Created or updated repl class loader org.apache.spark.util.MutableURLClassLoader@31598d44 for default.
[2026-04-13T14:06:21.888+0000] {subprocess.py:106} INFO - 26/04/13 14:06:21 INFO Executor: Fetching file:///home/spark/.ivy2.5.2/jars/org.apache.iceberg_iceberg-spark-runtime-4.0_2.13-1.10.1.jar with timestamp 1776089169037
[2026-04-13T14:06:25.206+0000] {subprocess.py:106} INFO - 26/04/13 14:06:25 INFO Utils: /home/spark/.ivy2.5.2/jars/org.apache.iceberg_iceberg-spark-runtime-4.0_2.13-1.10.1.jar has been previously copied to /tmp/spark-00fcefdc-f4d7-4701-a2df-c56290c04859/userFiles-dc59afcb-1401-44cc-924d-f3fe3f5e18a7/org.apache.iceberg_iceberg-spark-runtime-4.0_2.13-1.10.1.jar
[2026-04-13T14:06:25.285+0000] {subprocess.py:106} INFO - 26/04/13 14:06:25 INFO Executor: Fetching spark://spark-master:42353/jars/org.apache.iceberg_iceberg-spark-runtime-4.0_2.13-1.10.1.jar with timestamp 1776089169037
[2026-04-13T14:06:25.696+0000] {subprocess.py:106} INFO - 26/04/13 14:06:25 INFO TransportClientFactory: Successfully created connection to spark-master/172.20.0.5:42353 after 240 ms (0 ms spent in bootstraps)
[2026-04-13T14:06:25.761+0000] {subprocess.py:106} INFO - 26/04/13 14:06:25 INFO Utils: Fetching spark://spark-master:42353/jars/org.apache.iceberg_iceberg-spark-runtime-4.0_2.13-1.10.1.jar to /tmp/spark-00fcefdc-f4d7-4701-a2df-c56290c04859/userFiles-dc59afcb-1401-44cc-924d-f3fe3f5e18a7/fetchFileTemp1119848422050345389.tmp
[2026-04-13T14:06:32.824+0000] {subprocess.py:106} INFO - 26/04/13 14:06:32 INFO Utils: /tmp/spark-00fcefdc-f4d7-4701-a2df-c56290c04859/userFiles-dc59afcb-1401-44cc-924d-f3fe3f5e18a7/fetchFileTemp1119848422050345389.tmp has been previously copied to /tmp/spark-00fcefdc-f4d7-4701-a2df-c56290c04859/userFiles-dc59afcb-1401-44cc-924d-f3fe3f5e18a7/org.apache.iceberg_iceberg-spark-runtime-4.0_2.13-1.10.1.jar
[2026-04-13T14:06:33.372+0000] {subprocess.py:106} INFO - 26/04/13 14:06:33 INFO Executor: Adding file:/tmp/spark-00fcefdc-f4d7-4701-a2df-c56290c04859/userFiles-dc59afcb-1401-44cc-924d-f3fe3f5e18a7/org.apache.iceberg_iceberg-spark-runtime-4.0_2.13-1.10.1.jar to class loader default
[2026-04-13T14:06:33.611+0000] {subprocess.py:106} INFO - 26/04/13 14:06:33 INFO Utils: Successfully started service 'org.apache.spark.network.netty.NettyBlockTransferService' on port 41447.
[2026-04-13T14:06:33.621+0000] {subprocess.py:106} INFO - 26/04/13 14:06:33 INFO NettyBlockTransferService: Server created on spark-master:41447
[2026-04-13T14:06:33.678+0000] {subprocess.py:106} INFO - 26/04/13 14:06:33 INFO BlockManager: Using org.apache.spark.storage.RandomBlockReplicationPolicy for block replication policy
[2026-04-13T14:06:33.984+0000] {subprocess.py:106} INFO - 26/04/13 14:06:33 INFO BlockManagerMaster: Registering BlockManager BlockManagerId(driver, spark-master, 41447, None)
[2026-04-13T14:06:34.253+0000] {subprocess.py:106} INFO - 26/04/13 14:06:34 INFO BlockManagerMasterEndpoint: Registering block manager spark-master:41447 with 1048.8 MiB RAM, BlockManagerId(driver, spark-master, 41447, None)
[2026-04-13T14:06:34.259+0000] {subprocess.py:106} INFO - 26/04/13 14:06:34 INFO BlockManagerMaster: Registered BlockManager BlockManagerId(driver, spark-master, 41447, None)
[2026-04-13T14:06:34.298+0000] {subprocess.py:106} INFO - 26/04/13 14:06:34 INFO BlockManager: Initialized BlockManager: BlockManagerId(driver, spark-master, 41447, None)
[2026-04-13T14:06:55.965+0000] {subprocess.py:106} INFO - Đọc dữ liệu Silver từ iceberg.air_quality_db.air_quality_silver
[2026-04-13T14:06:56.026+0000] {subprocess.py:106} INFO - 26/04/13 14:06:56 INFO SharedState: spark.sql.warehouse.dir is not set, but hive.metastore.warehouse.dir is set. Setting spark.sql.warehouse.dir to the value of hive.metastore.warehouse.dir.
[2026-04-13T14:06:57.470+0000] {subprocess.py:106} INFO - 26/04/13 14:06:57 INFO SharedState: Warehouse path is 'hdfs://23133083thuyvan-master:9000/user/hive/lakehouse'.
[2026-04-13T14:07:01.948+0000] {subprocess.py:106} INFO - 26/04/13 14:07:01 INFO CatalogUtil: Loading custom FileIO implementation: org.apache.iceberg.hadoop.HadoopFileIO
[2026-04-13T14:07:02.199+0000] {subprocess.py:106} INFO - 26/04/13 14:07:02 INFO HiveConf: Found configuration file file:/home/spark/spark/conf/hive-site.xml
[2026-04-13T14:07:02.646+0000] {subprocess.py:106} INFO - 26/04/13 14:07:02 INFO metastore: Trying to connect to metastore with URI thrift://23133083thuyvan-master:9083
[2026-04-13T14:07:02.701+0000] {subprocess.py:106} INFO - 26/04/13 14:07:02 INFO metastore: Opened a connection to metastore, current connections: 1
[2026-04-13T14:07:02.867+0000] {subprocess.py:106} INFO - 26/04/13 14:07:02 INFO metastore: Connected to metastore.
[2026-04-13T14:07:03.227+0000] {subprocess.py:106} INFO - 26/04/13 14:07:03 INFO BaseMetastoreTableOperations: Refreshing table metadata from new version: hdfs://23133083thuyvan-master:9000/user/hive/lakehouse/silver/air_quality_silver/metadata/00003-8e71d277-3336-4b24-8390-00b46931a63f.metadata.json
[2026-04-13T14:07:04.765+0000] {subprocess.py:106} INFO - 26/04/13 14:07:04 INFO BaseMetastoreCatalog: Table loaded by catalog: iceberg.air_quality_db.air_quality_silver
[2026-04-13T14:07:07.983+0000] {subprocess.py:106} INFO - 26/04/13 14:07:07 INFO BaseMetastoreTableOperations: Refreshing table metadata from new version: hdfs://23133083thuyvan-master:9000/user/hive/lakehouse/gold/ml/air_quality_gold/metadata/00008-1db34c02-ebd6-4f61-b688-2676fd27f1fb.metadata.json
[2026-04-13T14:07:08.239+0000] {subprocess.py:106} INFO - 26/04/13 14:07:08 INFO BaseMetastoreCatalog: Table loaded by catalog: iceberg.air_quality_ml.air_quality_gold
[2026-04-13T14:07:08.269+0000] {subprocess.py:106} INFO - Bảng đã tồn tại, append dữ liệu vào iceberg.air_quality_ml.air_quality_gold
[2026-04-13T14:07:08.539+0000] {subprocess.py:106} INFO - 26/04/13 14:07:08 INFO V2ScanRelationPushDown:
[2026-04-13T14:07:08.541+0000] {subprocess.py:106} INFO - Output: timestamp#94, location#95, latitude#96, longitude#97, country#98, condition_text#99, timezone#100, temperature_2m#101, relative_humidity_2m#102, apparent_temperature#103, precipitation#104, cloud_cover#105, wind_speed_10m#106, wind_direction_10m#107, wind_gusts_10m#108, uv_index#109, weather_code#110, european_aqi#111, us_aqi#112, us_aqi_index#113, aqi_label#114, pm10#115, pm2_5#116, carbon_monoxide#117, nitrogen_dioxide#118, sulphur_dioxide#119, ozone#120, processing_time#121, data_source#122
[2026-04-13T14:07:08.543+0000] {subprocess.py:106} INFO - 
[2026-04-13T14:07:08.563+0000] {subprocess.py:106} INFO - 26/04/13 14:07:08 INFO SnapshotScan: Scanning table iceberg.air_quality_db.air_quality_silver snapshot 4518274335865062319 created at 2026-04-13T11:48:03.562+00:00 with filter true
[2026-04-13T14:07:08.992+0000] {subprocess.py:106} INFO - 26/04/13 14:07:08 INFO BaseDistributedDataScan: Planning file tasks locally for table iceberg.air_quality_db.air_quality_silver
[2026-04-13T14:07:09.322+0000] {subprocess.py:106} INFO - 26/04/13 14:07:09 INFO SparkPartitioningAwareScan: Reporting UnknownPartitioning with 15 partition(s) for table iceberg.air_quality_db.air_quality_silver
[2026-04-13T14:07:09.496+0000] {subprocess.py:106} INFO - 26/04/13 14:07:09 INFO MemoryStore: MemoryStore started with capacity 1048.8 MiB
[2026-04-13T14:07:09.584+0000] {subprocess.py:106} INFO - 26/04/13 14:07:09 INFO MemoryStore: Block broadcast_0 stored as values in memory (estimated size 32.0 KiB, free 1048.8 MiB)
[2026-04-13T14:07:09.884+0000] {subprocess.py:106} INFO - 26/04/13 14:07:09 INFO MemoryStore: Block broadcast_0_piece0 stored as bytes in memory (estimated size 34.8 KiB, free 1048.7 MiB)
[2026-04-13T14:07:09.924+0000] {subprocess.py:106} INFO - 26/04/13 14:07:09 INFO SparkContext: Created broadcast 0 from broadcast at SparkBatch.java:87
[2026-04-13T14:07:10.035+0000] {subprocess.py:106} INFO - 26/04/13 14:07:10 INFO MemoryStore: Block broadcast_1 stored as values in memory (estimated size 32.0 KiB, free 1048.7 MiB)
[2026-04-13T14:07:10.045+0000] {subprocess.py:106} INFO - 26/04/13 14:07:10 INFO MemoryStore: Block broadcast_1_piece0 stored as bytes in memory (estimated size 34.9 KiB, free 1048.7 MiB)
[2026-04-13T14:07:10.047+0000] {subprocess.py:106} INFO - 26/04/13 14:07:10 INFO SparkContext: Created broadcast 1 from broadcast at SparkBatch.java:87
[2026-04-13T14:07:10.238+0000] {subprocess.py:106} INFO - 26/04/13 14:07:10 WARN SparkStringUtils: Truncated the string representation of a plan since it was too large. This behavior can be adjusted by setting 'spark.sql.debug.maxToStringFields'.
[2026-04-13T14:07:12.404+0000] {subprocess.py:106} INFO - 26/04/13 14:07:12 INFO CodeGenerator: Code generated in 1568.975527 ms
[2026-04-13T14:07:12.806+0000] {subprocess.py:106} INFO - 26/04/13 14:07:12 INFO MemoryStore: Block broadcast_2 stored as values in memory (estimated size 32.0 KiB, free 1048.6 MiB)
[2026-04-13T14:07:12.834+0000] {subprocess.py:106} INFO - 26/04/13 14:07:12 INFO MemoryStore: Block broadcast_2_piece0 stored as bytes in memory (estimated size 34.8 KiB, free 1048.6 MiB)
[2026-04-13T14:07:12.849+0000] {subprocess.py:106} INFO - 26/04/13 14:07:12 INFO SparkContext: Created broadcast 2 from broadcast at SparkWrite.java:198
[2026-04-13T14:07:12.860+0000] {subprocess.py:106} INFO - 26/04/13 14:07:12 INFO AppendDataExec: Start processing data source write support: IcebergBatchWrite(table=iceberg.air_quality_ml.air_quality_gold, format=PARQUET). The input RDD has 15} partitions.
[2026-04-13T14:07:13.055+0000] {subprocess.py:106} INFO - 26/04/13 14:07:13 INFO SparkContext: Starting job: append at NativeMethodAccessorImpl.java:0
[2026-04-13T14:07:13.145+0000] {subprocess.py:106} INFO - 26/04/13 14:07:13 INFO DAGScheduler: Got job 0 (append at NativeMethodAccessorImpl.java:0) with 15 output partitions
[2026-04-13T14:07:13.158+0000] {subprocess.py:106} INFO - 26/04/13 14:07:13 INFO DAGScheduler: Final stage: ResultStage 0 (append at NativeMethodAccessorImpl.java:0)
[2026-04-13T14:07:13.160+0000] {subprocess.py:106} INFO - 26/04/13 14:07:13 INFO DAGScheduler: Parents of final stage: List()
[2026-04-13T14:07:13.166+0000] {subprocess.py:106} INFO - 26/04/13 14:07:13 INFO DAGScheduler: Missing parents: List()
[2026-04-13T14:07:13.187+0000] {subprocess.py:106} INFO - 26/04/13 14:07:13 INFO DAGScheduler: Submitting ResultStage 0 (MapPartitionsRDD[2] at append at NativeMethodAccessorImpl.java:0), which has no missing parents
[2026-04-13T14:07:13.440+0000] {subprocess.py:106} INFO - 26/04/13 14:07:13 INFO MemoryStore: Block broadcast_3 stored as values in memory (estimated size 33.8 KiB, free 1048.6 MiB)
[2026-04-13T14:07:13.450+0000] {subprocess.py:106} INFO - 26/04/13 14:07:13 INFO MemoryStore: Block broadcast_3_piece0 stored as bytes in memory (estimated size 10.3 KiB, free 1048.6 MiB)
[2026-04-13T14:07:13.456+0000] {subprocess.py:106} INFO - 26/04/13 14:07:13 INFO SparkContext: Created broadcast 3 from broadcast at DAGScheduler.scala:1676
[2026-04-13T14:07:13.550+0000] {subprocess.py:106} INFO - 26/04/13 14:07:13 INFO DAGScheduler: Submitting 15 missing tasks from ResultStage 0 (MapPartitionsRDD[2] at append at NativeMethodAccessorImpl.java:0) (first 15 tasks are for partitions Vector(0, 1, 2, 3, 4, 5, 6, 7, 8, 9, 10, 11, 12, 13, 14))
[2026-04-13T14:07:13.561+0000] {subprocess.py:106} INFO - 26/04/13 14:07:13 INFO TaskSchedulerImpl: Adding task set 0.0 with 15 tasks resource profile 0
[2026-04-13T14:07:13.808+0000] {subprocess.py:106} INFO - 26/04/13 14:07:13 INFO TaskSetManager: Starting task 0.0 in stage 0.0 (TID 0) (spark-master,executor driver, partition 0, ANY, 22261 bytes)
[2026-04-13T14:07:13.830+0000] {subprocess.py:106} INFO - 26/04/13 14:07:13 INFO TaskSetManager: Starting task 1.0 in stage 0.0 (TID 1) (spark-master,executor driver, partition 1, ANY, 21811 bytes)
[2026-04-13T14:07:13.848+0000] {subprocess.py:106} INFO - 26/04/13 14:07:13 INFO TaskSetManager: Starting task 2.0 in stage 0.0 (TID 2) (spark-master,executor driver, partition 2, ANY, 22272 bytes)
[2026-04-13T14:07:13.865+0000] {subprocess.py:106} INFO - 26/04/13 14:07:13 INFO TaskSetManager: Starting task 3.0 in stage 0.0 (TID 3) (spark-master,executor driver, partition 3, ANY, 22271 bytes)
[2026-04-13T14:07:13.882+0000] {subprocess.py:106} INFO - 26/04/13 14:07:13 INFO TaskSetManager: Starting task 4.0 in stage 0.0 (TID 4) (spark-master,executor driver, partition 4, ANY, 21822 bytes)
[2026-04-13T14:07:13.888+0000] {subprocess.py:106} INFO - 26/04/13 14:07:13 INFO TaskSetManager: Starting task 5.0 in stage 0.0 (TID 5) (spark-master,executor driver, partition 5, ANY, 22262 bytes)
[2026-04-13T14:07:13.893+0000] {subprocess.py:106} INFO - 26/04/13 14:07:13 INFO TaskSetManager: Starting task 6.0 in stage 0.0 (TID 6) (spark-master,executor driver, partition 6, ANY, 22264 bytes)
[2026-04-13T14:07:13.898+0000] {subprocess.py:106} INFO - 26/04/13 14:07:13 INFO TaskSetManager: Starting task 7.0 in stage 0.0 (TID 7) (spark-master,executor driver, partition 7, ANY, 22262 bytes)
[2026-04-13T14:07:13.901+0000] {subprocess.py:106} INFO - 26/04/13 14:07:13 INFO TaskSetManager: Starting task 8.0 in stage 0.0 (TID 8) (spark-master,executor driver, partition 8, ANY, 22252 bytes)
[2026-04-13T14:07:13.906+0000] {subprocess.py:106} INFO - 26/04/13 14:07:13 INFO TaskSetManager: Starting task 9.0 in stage 0.0 (TID 9) (spark-master,executor driver, partition 9, ANY, 22268 bytes)
[2026-04-13T14:07:13.908+0000] {subprocess.py:106} INFO - 26/04/13 14:07:13 INFO TaskSetManager: Starting task 10.0 in stage 0.0 (TID 10) (spark-master,executor driver, partition 10, ANY, 22264 bytes)
[2026-04-13T14:07:13.917+0000] {subprocess.py:106} INFO - 26/04/13 14:07:13 INFO TaskSetManager: Starting task 11.0 in stage 0.0 (TID 11) (spark-master,executor driver, partition 11, ANY, 21800 bytes)
[2026-04-13T14:07:13.920+0000] {subprocess.py:106} INFO - 26/04/13 14:07:13 INFO TaskSetManager: Starting task 12.0 in stage 0.0 (TID 12) (spark-master,executor driver, partition 12, ANY, 21814 bytes)
[2026-04-13T14:07:13.928+0000] {subprocess.py:106} INFO - 26/04/13 14:07:13 INFO TaskSetManager: Starting task 13.0 in stage 0.0 (TID 13) (spark-master,executor driver, partition 13, ANY, 21806 bytes)
[2026-04-13T14:07:13.931+0000] {subprocess.py:106} INFO - 26/04/13 14:07:13 INFO TaskSetManager: Starting task 14.0 in stage 0.0 (TID 14) (spark-master,executor driver, partition 14, ANY, 21346 bytes)
[2026-04-13T14:07:13.984+0000] {subprocess.py:106} INFO - 26/04/13 14:07:13 INFO Executor: Running task 5.0 in stage 0.0 (TID 5)
[2026-04-13T14:07:13.986+0000] {subprocess.py:106} INFO - 26/04/13 14:07:13 INFO Executor: Running task 2.0 in stage 0.0 (TID 2)
[2026-04-13T14:07:13.987+0000] {subprocess.py:106} INFO - 26/04/13 14:07:13 INFO Executor: Running task 7.0 in stage 0.0 (TID 7)
[2026-04-13T14:07:13.989+0000] {subprocess.py:106} INFO - 26/04/13 14:07:13 INFO Executor: Running task 8.0 in stage 0.0 (TID 8)
[2026-04-13T14:07:13.991+0000] {subprocess.py:106} INFO - 26/04/13 14:07:13 INFO Executor: Running task 12.0 in stage 0.0 (TID 12)
[2026-04-13T14:07:13.992+0000] {subprocess.py:106} INFO - 26/04/13 14:07:13 INFO Executor: Running task 11.0 in stage 0.0 (TID 11)
[2026-04-13T14:07:13.993+0000] {subprocess.py:106} INFO - 26/04/13 14:07:13 INFO Executor: Running task 4.0 in stage 0.0 (TID 4)
[2026-04-13T14:07:13.994+0000] {subprocess.py:106} INFO - 26/04/13 14:07:13 INFO Executor: Running task 0.0 in stage 0.0 (TID 0)
[2026-04-13T14:07:13.996+0000] {subprocess.py:106} INFO - 26/04/13 14:07:13 INFO Executor: Running task 9.0 in stage 0.0 (TID 9)
[2026-04-13T14:07:13.997+0000] {subprocess.py:106} INFO - 26/04/13 14:07:13 INFO Executor: Running task 13.0 in stage 0.0 (TID 13)
[2026-04-13T14:07:13.998+0000] {subprocess.py:106} INFO - 26/04/13 14:07:13 INFO Executor: Running task 1.0 in stage 0.0 (TID 1)
[2026-04-13T14:07:14.000+0000] {subprocess.py:106} INFO - 26/04/13 14:07:13 INFO Executor: Running task 14.0 in stage 0.0 (TID 14)
[2026-04-13T14:07:14.001+0000] {subprocess.py:106} INFO - 26/04/13 14:07:13 INFO Executor: Running task 3.0 in stage 0.0 (TID 3)
[2026-04-13T14:07:14.003+0000] {subprocess.py:106} INFO - 26/04/13 14:07:13 INFO Executor: Running task 10.0 in stage 0.0 (TID 10)
[2026-04-13T14:07:14.004+0000] {subprocess.py:106} INFO - 26/04/13 14:07:13 INFO Executor: Running task 6.0 in stage 0.0 (TID 6)
[2026-04-13T14:07:16.253+0000] {subprocess.py:106} INFO - 26/04/13 14:07:16 INFO CodeGenerator: Code generated in 1731.774277 ms
[2026-04-13T14:07:16.954+0000] {subprocess.py:106} INFO - 26/04/13 14:07:16 INFO CodecPool: Got brand-new compressor [.zstd]
[2026-04-13T14:07:16.958+0000] {subprocess.py:106} INFO - 26/04/13 14:07:16 INFO CodecPool: Got brand-new compressor [.zstd]
[2026-04-13T14:07:16.960+0000] {subprocess.py:106} INFO - 26/04/13 14:07:16 INFO CodecPool: Got brand-new compressor [.zstd]
[2026-04-13T14:07:16.961+0000] {subprocess.py:106} INFO - 26/04/13 14:07:16 INFO CodecPool: Got brand-new compressor [.zstd]
[2026-04-13T14:07:16.962+0000] {subprocess.py:106} INFO - 26/04/13 14:07:16 INFO CodecPool: Got brand-new compressor [.zstd]
[2026-04-13T14:07:16.973+0000] {subprocess.py:106} INFO - 26/04/13 14:07:16 INFO CodecPool: Got brand-new compressor [.zstd]
[2026-04-13T14:07:16.974+0000] {subprocess.py:106} INFO - 26/04/13 14:07:16 INFO CodecPool: Got brand-new compressor [.zstd]
[2026-04-13T14:07:16.975+0000] {subprocess.py:106} INFO - 26/04/13 14:07:16 INFO CodecPool: Got brand-new compressor [.zstd]
[2026-04-13T14:07:16.976+0000] {subprocess.py:106} INFO - 26/04/13 14:07:16 INFO CodecPool: Got brand-new compressor [.zstd]
[2026-04-13T14:07:16.977+0000] {subprocess.py:106} INFO - 26/04/13 14:07:16 INFO CodecPool: Got brand-new compressor [.zstd]
[2026-04-13T14:07:16.978+0000] {subprocess.py:106} INFO - 26/04/13 14:07:16 INFO CodecPool: Got brand-new compressor [.zstd]
[2026-04-13T14:07:16.979+0000] {subprocess.py:106} INFO - 26/04/13 14:07:16 INFO CodecPool: Got brand-new compressor [.zstd]
[2026-04-13T14:07:16.980+0000] {subprocess.py:106} INFO - 26/04/13 14:07:16 INFO CodecPool: Got brand-new compressor [.zstd]
[2026-04-13T14:07:16.981+0000] {subprocess.py:106} INFO - 26/04/13 14:07:16 INFO CodecPool: Got brand-new compressor [.zstd]
[2026-04-13T14:07:16.984+0000] {subprocess.py:106} INFO - 26/04/13 14:07:16 INFO CodecPool: Got brand-new compressor [.zstd]
[2026-04-13T14:07:19.739+0000] {subprocess.py:106} INFO - 26/04/13 14:07:19 INFO VectorizedSparkParquetReaders: Enabling arrow.enable_unsafe_memory_access
[2026-04-13T14:07:19.740+0000] {subprocess.py:106} INFO - 26/04/13 14:07:19 INFO VectorizedSparkParquetReaders: Disabling arrow.enable_null_check_for_get
[2026-04-13T14:07:19.752+0000] {subprocess.py:106} INFO - 26/04/13 14:07:19 INFO BaseAllocator: Debug mode disabled. Enable with the VM option -Darrow.memory.debug.allocator=true.
[2026-04-13T14:07:19.758+0000] {subprocess.py:106} INFO - 26/04/13 14:07:19 INFO DefaultAllocationManagerOption: allocation manager type not specified, using netty as the default type
[2026-04-13T14:07:19.764+0000] {subprocess.py:106} INFO - 26/04/13 14:07:19 INFO CheckAllocator: Using DefaultAllocationManager at memory/DefaultAllocationManagerFactory.class
[2026-04-13T14:07:20.049+0000] {subprocess.py:106} INFO - 26/04/13 14:07:20 INFO CodecPool: Got brand-new decompressor [.zstd]
[2026-04-13T14:07:20.051+0000] {subprocess.py:106} INFO - 26/04/13 14:07:20 INFO CodecPool: Got brand-new decompressor [.zstd]
[2026-04-13T14:07:20.054+0000] {subprocess.py:106} INFO - 26/04/13 14:07:20 INFO CodecPool: Got brand-new decompressor [.zstd]
[2026-04-13T14:07:20.055+0000] {subprocess.py:106} INFO - 26/04/13 14:07:20 INFO CodecPool: Got brand-new decompressor [.zstd]
[2026-04-13T14:07:20.057+0000] {subprocess.py:106} INFO - 26/04/13 14:07:20 INFO CodecPool: Got brand-new decompressor [.zstd]
[2026-04-13T14:07:20.059+0000] {subprocess.py:106} INFO - 26/04/13 14:07:20 INFO CodecPool: Got brand-new decompressor [.zstd]
[2026-04-13T14:07:20.062+0000] {subprocess.py:106} INFO - 26/04/13 14:07:20 INFO CodecPool: Got brand-new decompressor [.zstd]
[2026-04-13T14:07:20.063+0000] {subprocess.py:106} INFO - 26/04/13 14:07:20 INFO CodecPool: Got brand-new decompressor [.zstd]
[2026-04-13T14:07:20.064+0000] {subprocess.py:106} INFO - 26/04/13 14:07:20 INFO CodecPool: Got brand-new decompressor [.zstd]
[2026-04-13T14:07:20.065+0000] {subprocess.py:106} INFO - 26/04/13 14:07:20 INFO CodecPool: Got brand-new decompressor [.zstd]
[2026-04-13T14:07:20.066+0000] {subprocess.py:106} INFO - 26/04/13 14:07:20 INFO CodecPool: Got brand-new decompressor [.zstd]
[2026-04-13T14:07:20.067+0000] {subprocess.py:106} INFO - 26/04/13 14:07:20 INFO CodecPool: Got brand-new decompressor [.zstd]
[2026-04-13T14:07:20.069+0000] {subprocess.py:106} INFO - 26/04/13 14:07:20 INFO CodecPool: Got brand-new decompressor [.zstd]
[2026-04-13T14:07:20.074+0000] {subprocess.py:106} INFO - 26/04/13 14:07:20 INFO CodecPool: Got brand-new decompressor [.zstd]
[2026-04-13T14:07:20.075+0000] {subprocess.py:106} INFO - 26/04/13 14:07:20 INFO CodecPool: Got brand-new decompressor [.zstd]
[2026-04-13T14:07:20.906+0000] {subprocess.py:106} INFO - 26/04/13 14:07:20 INFO CodecPool: Got brand-new decompressor [.zstd]
[2026-04-13T14:07:20.910+0000] {subprocess.py:106} INFO - 26/04/13 14:07:20 INFO CodecPool: Got brand-new decompressor [.zstd]
[2026-04-13T14:07:20.914+0000] {subprocess.py:106} INFO - 26/04/13 14:07:20 INFO CodecPool: Got brand-new decompressor [.zstd]
[2026-04-13T14:07:20.917+0000] {subprocess.py:106} INFO - 26/04/13 14:07:20 INFO CodecPool: Got brand-new decompressor [.zstd]
[2026-04-13T14:07:20.924+0000] {subprocess.py:106} INFO - 26/04/13 14:07:20 INFO CodecPool: Got brand-new decompressor [.zstd]
[2026-04-13T14:07:20.926+0000] {subprocess.py:106} INFO - 26/04/13 14:07:20 INFO CodecPool: Got brand-new decompressor [.zstd]
[2026-04-13T14:07:20.928+0000] {subprocess.py:106} INFO - 26/04/13 14:07:20 INFO CodecPool: Got brand-new decompressor [.zstd]
[2026-04-13T14:07:20.930+0000] {subprocess.py:106} INFO - 26/04/13 14:07:20 INFO CodecPool: Got brand-new decompressor [.zstd]
[2026-04-13T14:07:20.936+0000] {subprocess.py:106} INFO - 26/04/13 14:07:20 INFO CodecPool: Got brand-new decompressor [.zstd]
[2026-04-13T14:07:20.937+0000] {subprocess.py:106} INFO - 26/04/13 14:07:20 INFO CodecPool: Got brand-new decompressor [.zstd]
[2026-04-13T14:07:20.943+0000] {subprocess.py:106} INFO - 26/04/13 14:07:20 INFO CodecPool: Got brand-new decompressor [.zstd]
[2026-04-13T14:07:20.945+0000] {subprocess.py:106} INFO - 26/04/13 14:07:20 INFO CodecPool: Got brand-new decompressor [.zstd]
[2026-04-13T14:07:20.950+0000] {subprocess.py:106} INFO - 26/04/13 14:07:20 INFO CodecPool: Got brand-new decompressor [.zstd]
[2026-04-13T14:07:20.954+0000] {subprocess.py:106} INFO - 26/04/13 14:07:20 INFO CodecPool: Got brand-new decompressor [.zstd]
[2026-04-13T14:07:20.957+0000] {subprocess.py:106} INFO - 26/04/13 14:07:20 INFO CodecPool: Got brand-new decompressor [.zstd]
[2026-04-13T14:07:20.977+0000] {subprocess.py:106} INFO - 26/04/13 14:07:20 INFO CodecPool: Got brand-new decompressor [.zstd]
[2026-04-13T14:07:21.002+0000] {subprocess.py:106} INFO - 26/04/13 14:07:20 INFO CodecPool: Got brand-new decompressor [.zstd]
[2026-04-13T14:07:21.017+0000] {subprocess.py:106} INFO - 26/04/13 14:07:21 INFO CodecPool: Got brand-new decompressor [.zstd]
[2026-04-13T14:07:21.023+0000] {subprocess.py:106} INFO - 26/04/13 14:07:21 INFO CodecPool: Got brand-new decompressor [.zstd]
[2026-04-13T14:07:21.029+0000] {subprocess.py:106} INFO - 26/04/13 14:07:21 INFO CodecPool: Got brand-new decompressor [.zstd]
[2026-04-13T14:07:21.031+0000] {subprocess.py:106} INFO - 26/04/13 14:07:21 INFO CodecPool: Got brand-new decompressor [.zstd]
[2026-04-13T14:07:21.048+0000] {subprocess.py:106} INFO - 26/04/13 14:07:21 INFO CodecPool: Got brand-new decompressor [.zstd]
[2026-04-13T14:07:21.050+0000] {subprocess.py:106} INFO - 26/04/13 14:07:21 INFO CodecPool: Got brand-new decompressor [.zstd]
[2026-04-13T14:07:21.077+0000] {subprocess.py:106} INFO - 26/04/13 14:07:21 INFO CodecPool: Got brand-new decompressor [.zstd]
[2026-04-13T14:07:21.079+0000] {subprocess.py:106} INFO - 26/04/13 14:07:21 INFO CodecPool: Got brand-new decompressor [.zstd]
[2026-04-13T14:07:21.080+0000] {subprocess.py:106} INFO - 26/04/13 14:07:21 INFO CodecPool: Got brand-new decompressor [.zstd]
[2026-04-13T14:07:21.081+0000] {subprocess.py:106} INFO - 26/04/13 14:07:21 INFO CodecPool: Got brand-new decompressor [.zstd]
[2026-04-13T14:07:21.117+0000] {subprocess.py:106} INFO - 26/04/13 14:07:21 INFO CodecPool: Got brand-new decompressor [.zstd]
[2026-04-13T14:07:21.119+0000] {subprocess.py:106} INFO - 26/04/13 14:07:21 INFO CodecPool: Got brand-new decompressor [.zstd]
[2026-04-13T14:07:21.123+0000] {subprocess.py:106} INFO - 26/04/13 14:07:21 INFO CodecPool: Got brand-new decompressor [.zstd]
[2026-04-13T14:07:21.124+0000] {subprocess.py:106} INFO - 26/04/13 14:07:21 INFO CodecPool: Got brand-new decompressor [.zstd]
[2026-04-13T14:07:21.128+0000] {subprocess.py:106} INFO - 26/04/13 14:07:21 INFO CodecPool: Got brand-new decompressor [.zstd]
[2026-04-13T14:07:21.131+0000] {subprocess.py:106} INFO - 26/04/13 14:07:21 INFO DataWritingSparkTask: Writer for partition 11 is committing.
[2026-04-13T14:07:21.140+0000] {subprocess.py:106} INFO - 26/04/13 14:07:21 INFO CodecPool: Got brand-new decompressor [.zstd]
[2026-04-13T14:07:21.141+0000] {subprocess.py:106} INFO - 26/04/13 14:07:21 INFO DataWritingSparkTask: Writer for partition 4 is committing.
[2026-04-13T14:07:21.147+0000] {subprocess.py:106} INFO - 26/04/13 14:07:21 INFO DataWritingSparkTask: Writer for partition 3 is committing.
[2026-04-13T14:07:21.167+0000] {subprocess.py:106} INFO - 26/04/13 14:07:21 INFO DataWritingSparkTask: Writer for partition 10 is committing.
[2026-04-13T14:07:21.176+0000] {subprocess.py:106} INFO - 26/04/13 14:07:21 INFO CodecPool: Got brand-new decompressor [.zstd]
[2026-04-13T14:07:21.177+0000] {subprocess.py:106} INFO - 26/04/13 14:07:21 INFO CodecPool: Got brand-new decompressor [.zstd]
[2026-04-13T14:07:21.178+0000] {subprocess.py:106} INFO - 26/04/13 14:07:21 INFO CodecPool: Got brand-new decompressor [.zstd]
[2026-04-13T14:07:21.181+0000] {subprocess.py:106} INFO - 26/04/13 14:07:21 INFO CodecPool: Got brand-new decompressor [.zstd]
[2026-04-13T14:07:21.186+0000] {subprocess.py:106} INFO - 26/04/13 14:07:21 INFO DataWritingSparkTask: Writer for partition 0 is committing.
[2026-04-13T14:07:21.189+0000] {subprocess.py:106} INFO - 26/04/13 14:07:21 INFO DataWritingSparkTask: Writer for partition 5 is committing.
[2026-04-13T14:07:21.190+0000] {subprocess.py:106} INFO - 26/04/13 14:07:21 INFO DataWritingSparkTask: Writer for partition 7 is committing.
[2026-04-13T14:07:21.195+0000] {subprocess.py:106} INFO - 26/04/13 14:07:21 INFO CodecPool: Got brand-new decompressor [.zstd]
[2026-04-13T14:07:21.212+0000] {subprocess.py:106} INFO - 26/04/13 14:07:21 INFO DataWritingSparkTask: Writer for partition 1 is committing.
[2026-04-13T14:07:21.549+0000] {subprocess.py:106} INFO - 26/04/13 14:07:21 INFO DataWritingSparkTask: Writer for partition 6 is committing.
[2026-04-13T14:07:21.575+0000] {subprocess.py:106} INFO - 26/04/13 14:07:21 INFO CodecPool: Got brand-new decompressor [.zstd]
[2026-04-13T14:07:21.578+0000] {subprocess.py:106} INFO - 26/04/13 14:07:21 INFO CodecPool: Got brand-new decompressor [.zstd]
[2026-04-13T14:07:21.597+0000] {subprocess.py:106} INFO - 26/04/13 14:07:21 INFO DataWritingSparkTask: Writer for partition 9 is committing.
[2026-04-13T14:07:21.599+0000] {subprocess.py:106} INFO - 26/04/13 14:07:21 INFO CodecPool: Got brand-new decompressor [.zstd]
[2026-04-13T14:07:21.601+0000] {subprocess.py:106} INFO - 26/04/13 14:07:21 INFO DataWritingSparkTask: Writer for partition 2 is committing.
[2026-04-13T14:07:21.644+0000] {subprocess.py:106} INFO - 26/04/13 14:07:21 INFO CodecPool: Got brand-new decompressor [.zstd]
[2026-04-13T14:07:21.657+0000] {subprocess.py:106} INFO - 26/04/13 14:07:21 INFO DataWritingSparkTask: Writer for partition 8 is committing.
[2026-04-13T14:07:21.711+0000] {subprocess.py:106} INFO - 26/04/13 14:07:21 INFO CodecPool: Got brand-new decompressor [.zstd]
[2026-04-13T14:07:21.729+0000] {subprocess.py:106} INFO - 26/04/13 14:07:21 INFO CodecPool: Got brand-new decompressor [.zstd]
[2026-04-13T14:07:21.740+0000] {subprocess.py:106} INFO - 26/04/13 14:07:21 INFO CodecPool: Got brand-new decompressor [.zstd]
[2026-04-13T14:07:22.080+0000] {subprocess.py:106} INFO - 26/04/13 14:07:22 INFO DataWritingSparkTask: Writer for partition 13 is committing.
[2026-04-13T14:07:22.086+0000] {subprocess.py:106} INFO - 26/04/13 14:07:22 INFO DataWritingSparkTask: Writer for partition 14 is committing.
[2026-04-13T14:07:22.302+0000] {subprocess.py:106} INFO - 26/04/13 14:07:22 INFO DataWritingSparkTask: Writer for partition 12 is committing.
[2026-04-13T14:07:24.162+0000] {subprocess.py:106} INFO - 26/04/13 14:07:24 INFO DataWritingSparkTask: Committed partition 6 (task 6, attempt 0, stage 0.0)
[2026-04-13T14:07:24.165+0000] {subprocess.py:106} INFO - 26/04/13 14:07:24 INFO DataWritingSparkTask: Committed partition 1 (task 1, attempt 0, stage 0.0)
[2026-04-13T14:07:24.166+0000] {subprocess.py:106} INFO - 26/04/13 14:07:24 INFO DataWritingSparkTask: Committed partition 12 (task 12, attempt 0, stage 0.0)
[2026-04-13T14:07:24.168+0000] {subprocess.py:106} INFO - 26/04/13 14:07:24 INFO DataWritingSparkTask: Committed partition 0 (task 0, attempt 0, stage 0.0)
[2026-04-13T14:07:24.169+0000] {subprocess.py:106} INFO - 26/04/13 14:07:24 INFO DataWritingSparkTask: Committed partition 13 (task 13, attempt 0, stage 0.0)
[2026-04-13T14:07:24.170+0000] {subprocess.py:106} INFO - 26/04/13 14:07:24 INFO DataWritingSparkTask: Committed partition 10 (task 10, attempt 0, stage 0.0)
[2026-04-13T14:07:24.172+0000] {subprocess.py:106} INFO - 26/04/13 14:07:24 INFO DataWritingSparkTask: Committed partition 11 (task 11, attempt 0, stage 0.0)
[2026-04-13T14:07:24.173+0000] {subprocess.py:106} INFO - 26/04/13 14:07:24 INFO DataWritingSparkTask: Committed partition 4 (task 4, attempt 0, stage 0.0)
[2026-04-13T14:07:24.175+0000] {subprocess.py:106} INFO - 26/04/13 14:07:24 INFO DataWritingSparkTask: Committed partition 14 (task 14, attempt 0, stage 0.0)
[2026-04-13T14:07:24.382+0000] {subprocess.py:106} INFO - 26/04/13 14:07:24 INFO Executor: Finished task 13.0 in stage 0.0 (TID 13). 9501 bytes result sent to driver
[2026-04-13T14:07:24.383+0000] {subprocess.py:106} INFO - 26/04/13 14:07:24 INFO Executor: Finished task 6.0 in stage 0.0 (TID 6). 9505 bytes result sent to driver
[2026-04-13T14:07:24.385+0000] {subprocess.py:106} INFO - 26/04/13 14:07:24 INFO Executor: Finished task 11.0 in stage 0.0 (TID 11). 9535 bytes result sent to driver
[2026-04-13T14:07:24.388+0000] {subprocess.py:106} INFO - 26/04/13 14:07:24 INFO Executor: Finished task 12.0 in stage 0.0 (TID 12). 9547 bytes result sent to driver
[2026-04-13T14:07:24.389+0000] {subprocess.py:106} INFO - 26/04/13 14:07:24 INFO Executor: Finished task 10.0 in stage 0.0 (TID 10). 9541 bytes result sent to driver
[2026-04-13T14:07:24.390+0000] {subprocess.py:106} INFO - 26/04/13 14:07:24 INFO Executor: Finished task 14.0 in stage 0.0 (TID 14). 9531 bytes result sent to driver
[2026-04-13T14:07:24.393+0000] {subprocess.py:106} INFO - 26/04/13 14:07:24 INFO Executor: Finished task 4.0 in stage 0.0 (TID 4). 9559 bytes result sent to driver
[2026-04-13T14:07:24.395+0000] {subprocess.py:106} INFO - 26/04/13 14:07:24 INFO Executor: Finished task 1.0 in stage 0.0 (TID 1). 9576 bytes result sent to driver
[2026-04-13T14:07:24.397+0000] {subprocess.py:106} INFO - 26/04/13 14:07:24 INFO Executor: Finished task 0.0 in stage 0.0 (TID 0). 9532 bytes result sent to driver
[2026-04-13T14:07:24.847+0000] {subprocess.py:106} INFO - 26/04/13 14:07:24 INFO DataWritingSparkTask: Committed partition 2 (task 2, attempt 0, stage 0.0)
[2026-04-13T14:07:24.859+0000] {subprocess.py:106} INFO - 26/04/13 14:07:24 INFO Executor: Finished task 2.0 in stage 0.0 (TID 2). 9564 bytes result sent to driver
[2026-04-13T14:07:24.876+0000] {subprocess.py:106} INFO - 26/04/13 14:07:24 INFO DataWritingSparkTask: Committed partition 7 (task 7, attempt 0, stage 0.0)
[2026-04-13T14:07:24.882+0000] {subprocess.py:106} INFO - 26/04/13 14:07:24 INFO TaskSetManager: Finished task 6.0 in stage 0.0 (TID 6) in 10969 ms on spark-master (executor driver) (1/15)
[2026-04-13T14:07:24.891+0000] {subprocess.py:106} INFO - 26/04/13 14:07:24 INFO DataWritingSparkTask: Committed partition 3 (task 3, attempt 0, stage 0.0)
[2026-04-13T14:07:24.893+0000] {subprocess.py:106} INFO - 26/04/13 14:07:24 INFO DataWritingSparkTask: Committed partition 5 (task 5, attempt 0, stage 0.0)
[2026-04-13T14:07:24.895+0000] {subprocess.py:106} INFO - 26/04/13 14:07:24 INFO DataWritingSparkTask: Committed partition 9 (task 9, attempt 0, stage 0.0)
[2026-04-13T14:07:24.898+0000] {subprocess.py:106} INFO - 26/04/13 14:07:24 INFO Executor: Finished task 5.0 in stage 0.0 (TID 5). 9549 bytes result sent to driver
[2026-04-13T14:07:24.899+0000] {subprocess.py:106} INFO - 26/04/13 14:07:24 INFO TaskSetManager: Finished task 12.0 in stage 0.0 (TID 12) in 10974 ms on spark-master (executor driver) (2/15)
[2026-04-13T14:07:24.901+0000] {subprocess.py:106} INFO - 26/04/13 14:07:24 INFO DataWritingSparkTask: Committed partition 8 (task 8, attempt 0, stage 0.0)
[2026-04-13T14:07:24.906+0000] {subprocess.py:106} INFO - 26/04/13 14:07:24 INFO Executor: Finished task 7.0 in stage 0.0 (TID 7). 9532 bytes result sent to driver
[2026-04-13T14:07:24.911+0000] {subprocess.py:106} INFO - 26/04/13 14:07:24 INFO Executor: Finished task 8.0 in stage 0.0 (TID 8). 9511 bytes result sent to driver
[2026-04-13T14:07:24.916+0000] {subprocess.py:106} INFO - 26/04/13 14:07:24 INFO TaskSetManager: Finished task 13.0 in stage 0.0 (TID 13) in 10976 ms on spark-master (executor driver) (3/15)
[2026-04-13T14:07:24.917+0000] {subprocess.py:106} INFO - 26/04/13 14:07:24 INFO Executor: Finished task 9.0 in stage 0.0 (TID 9). 9505 bytes result sent to driver
[2026-04-13T14:07:24.920+0000] {subprocess.py:106} INFO - 26/04/13 14:07:24 INFO TaskSetManager: Finished task 11.0 in stage 0.0 (TID 11) in 10996 ms on spark-master (executor driver) (4/15)
[2026-04-13T14:07:24.921+0000] {subprocess.py:106} INFO - 26/04/13 14:07:24 INFO Executor: Finished task 3.0 in stage 0.0 (TID 3). 9541 bytes result sent to driver
[2026-04-13T14:07:24.924+0000] {subprocess.py:106} INFO - 26/04/13 14:07:24 INFO TaskSetManager: Finished task 1.0 in stage 0.0 (TID 1) in 11093 ms on spark-master (executor driver) (5/15)
[2026-04-13T14:07:24.935+0000] {subprocess.py:106} INFO - 26/04/13 14:07:24 INFO TaskSetManager: Finished task 4.0 in stage 0.0 (TID 4) in 11047 ms on spark-master (executor driver) (6/15)
[2026-04-13T14:07:24.939+0000] {subprocess.py:106} INFO - 26/04/13 14:07:24 INFO TaskSetManager: Finished task 14.0 in stage 0.0 (TID 14) in 10999 ms on spark-master (executor driver) (7/15)
[2026-04-13T14:07:24.952+0000] {subprocess.py:106} INFO - 26/04/13 14:07:24 INFO TaskSetManager: Finished task 10.0 in stage 0.0 (TID 10) in 11028 ms on spark-master (executor driver) (8/15)
[2026-04-13T14:07:24.955+0000] {subprocess.py:106} INFO - 26/04/13 14:07:24 INFO TaskSetManager: Finished task 0.0 in stage 0.0 (TID 0) in 11270 ms on spark-master (executor driver) (9/15)
[2026-04-13T14:07:24.959+0000] {subprocess.py:106} INFO - 26/04/13 14:07:24 INFO TaskSetManager: Finished task 5.0 in stage 0.0 (TID 5) in 11064 ms on spark-master (executor driver) (10/15)
[2026-04-13T14:07:24.962+0000] {subprocess.py:106} INFO - 26/04/13 14:07:24 INFO TaskSetManager: Finished task 2.0 in stage 0.0 (TID 2) in 11114 ms on spark-master (executor driver) (11/15)
[2026-04-13T14:07:24.964+0000] {subprocess.py:106} INFO - 26/04/13 14:07:24 INFO TaskSetManager: Finished task 7.0 in stage 0.0 (TID 7) in 11066 ms on spark-master (executor driver) (12/15)
[2026-04-13T14:07:24.966+0000] {subprocess.py:106} INFO - 26/04/13 14:07:24 INFO TaskSetManager: Finished task 3.0 in stage 0.0 (TID 3) in 11110 ms on spark-master (executor driver) (13/15)
[2026-04-13T14:07:24.968+0000] {subprocess.py:106} INFO - 26/04/13 14:07:24 INFO TaskSetManager: Finished task 8.0 in stage 0.0 (TID 8) in 11066 ms on spark-master (executor driver) (14/15)
[2026-04-13T14:07:24.977+0000] {subprocess.py:106} INFO - 26/04/13 14:07:24 INFO TaskSetManager: Finished task 9.0 in stage 0.0 (TID 9) in 11067 ms on spark-master (executor driver) (15/15)
[2026-04-13T14:07:25.000+0000] {subprocess.py:106} INFO - 26/04/13 14:07:24 INFO TaskSchedulerImpl: Removed TaskSet 0.0 whose tasks have all completed, from pool
[2026-04-13T14:07:25.013+0000] {subprocess.py:106} INFO - 26/04/13 14:07:24 INFO DAGScheduler: ResultStage 0 (append at NativeMethodAccessorImpl.java:0) finished in 11754 ms
[2026-04-13T14:07:25.043+0000] {subprocess.py:106} INFO - 26/04/13 14:07:25 INFO DAGScheduler: Job 0 is finished. Cancelling potential speculative or zombie tasks for this job
[2026-04-13T14:07:25.048+0000] {subprocess.py:106} INFO - 26/04/13 14:07:25 INFO TaskSchedulerImpl: Canceling stage 0
[2026-04-13T14:07:25.057+0000] {subprocess.py:106} INFO - 26/04/13 14:07:25 INFO TaskSchedulerImpl: Killing all running tasks in stage 0: Stage finished
[2026-04-13T14:07:25.061+0000] {subprocess.py:106} INFO - 26/04/13 14:07:25 INFO DAGScheduler: Job 0 finished: append at NativeMethodAccessorImpl.java:0, took 12026.168918 ms
[2026-04-13T14:07:25.079+0000] {subprocess.py:106} INFO - 26/04/13 14:07:25 INFO AppendDataExec: Data source write support IcebergBatchWrite(table=iceberg.air_quality_ml.air_quality_gold, format=PARQUET) is committing.
[2026-04-13T14:07:25.206+0000] {subprocess.py:106} INFO - 26/04/13 14:07:25 INFO SparkWrite: Committing append with 15 new data files to table iceberg.air_quality_ml.air_quality_gold
[2026-04-13T14:07:25.352+0000] {subprocess.py:106} INFO - 26/04/13 14:07:25 INFO BaseMetastoreTableOperations: Refreshing table metadata from new version: hdfs://23133083thuyvan-master:9000/user/hive/lakehouse/gold/ml/air_quality_gold/metadata/00009-be05bc97-353f-418c-b7d0-d0feee013940.metadata.json
[2026-04-13T14:07:28.171+0000] {subprocess.py:106} INFO - 26/04/13 14:07:28 INFO HiveTableOperations: Committed to table iceberg.air_quality_ml.air_quality_gold with the new metadata location hdfs://23133083thuyvan-master:9000/user/hive/lakehouse/gold/ml/air_quality_gold/metadata/00010-ed4ab30b-a58b-4b66-a582-ff05f3c1bf25.metadata.json
[2026-04-13T14:07:28.188+0000] {subprocess.py:106} INFO - 26/04/13 14:07:28 INFO BaseMetastoreTableOperations: Successfully committed to table iceberg.air_quality_ml.air_quality_gold in 1971 ms
[2026-04-13T14:07:28.189+0000] {subprocess.py:106} INFO - 26/04/13 14:07:28 INFO SnapshotProducer: Committed snapshot 1174611684001987323 (MergeAppend)
[2026-04-13T14:07:28.336+0000] {subprocess.py:106} INFO - 26/04/13 14:07:28 INFO BaseMetastoreTableOperations: Refreshing table metadata from new version: hdfs://23133083thuyvan-master:9000/user/hive/lakehouse/gold/ml/air_quality_gold/metadata/00010-ed4ab30b-a58b-4b66-a582-ff05f3c1bf25.metadata.json
[2026-04-13T14:07:28.426+0000] {subprocess.py:106} INFO - 26/04/13 14:07:28 INFO LoggingMetricsReporter: Received metrics report: CommitReport{tableName=iceberg.air_quality_ml.air_quality_gold, snapshotId=1174611684001987323, sequenceNumber=11, operation=append, commitMetrics=CommitMetricsResult{totalDuration=TimerResult{timeUnit=NANOSECONDS, totalDuration=PT3.032311108S, count=1}, attempts=CounterResult{unit=COUNT, value=1}, addedDataFiles=CounterResult{unit=COUNT, value=15}, removedDataFiles=null, totalDataFiles=CounterResult{unit=COUNT, value=165}, addedDeleteFiles=null, addedEqualityDeleteFiles=null, addedPositionalDeleteFiles=null, addedDVs=null, removedDeleteFiles=null, removedEqualityDeleteFiles=null, removedPositionalDeleteFiles=null, removedDVs=null, totalDeleteFiles=CounterResult{unit=COUNT, value=0}, addedRecords=CounterResult{unit=COUNT, value=100}, removedRecords=null, totalRecords=CounterResult{unit=COUNT, value=1100}, addedFilesSizeInBytes=CounterResult{unit=BYTES, value=146778}, removedFilesSizeInBytes=null, totalFilesSizeInBytes=CounterResult{unit=BYTES, value=1610088}, addedPositionalDeletes=null, removedPositionalDeletes=null, totalPositionalDeletes=CounterResult{unit=COUNT, value=0}, addedEqualityDeletes=null, removedEqualityDeletes=null, totalEqualityDeletes=CounterResult{unit=COUNT, value=0}, manifestsCreated=null, manifestsReplaced=null, manifestsKept=null, manifestEntriesProcessed=null}, metadata={engine-version=4.0.2, app-id=local-1776089180321, engine-name=spark, iceberg-version=Apache Iceberg 1.10.1 (commit ccb8bc435062171e64bc8b7e5f56e6aed9c5b934)}}
[2026-04-13T14:07:28.428+0000] {subprocess.py:106} INFO - 26/04/13 14:07:28 INFO SparkWrite: Committed in 3207 ms
[2026-04-13T14:07:28.429+0000] {subprocess.py:106} INFO - 26/04/13 14:07:28 INFO AppendDataExec: Data source write support IcebergBatchWrite(table=iceberg.air_quality_ml.air_quality_gold, format=PARQUET) committed.
[2026-04-13T14:07:28.482+0000] {subprocess.py:106} INFO - Dữ liệu đã được append vào iceberg.air_quality_ml.air_quality_gold.
[2026-04-13T14:07:28.484+0000] {subprocess.py:106} INFO - ETL from Silver to Gold completed!
[2026-04-13T14:07:28.500+0000] {subprocess.py:106} INFO - 26/04/13 14:07:28 INFO SparkContext: SparkContext is stopping with exitCode 0 from stop at NativeMethodAccessorImpl.java:0.
[2026-04-13T14:07:28.618+0000] {subprocess.py:106} INFO - 26/04/13 14:07:28 INFO SparkUI: Stopped Spark web UI at http://spark-master:4041
[2026-04-13T14:07:28.732+0000] {subprocess.py:106} INFO - 26/04/13 14:07:28 INFO MapOutputTrackerMasterEndpoint: MapOutputTrackerMasterEndpoint stopped!
[2026-04-13T14:07:28.824+0000] {subprocess.py:106} INFO - 26/04/13 14:07:28 INFO MemoryStore: MemoryStore cleared
[2026-04-13T14:07:28.826+0000] {subprocess.py:106} INFO - 26/04/13 14:07:28 INFO BlockManager: BlockManager stopped
[2026-04-13T14:07:28.849+0000] {subprocess.py:106} INFO - 26/04/13 14:07:28 INFO BlockManagerMaster: BlockManagerMaster stopped
[2026-04-13T14:07:28.857+0000] {subprocess.py:106} INFO - 26/04/13 14:07:28 INFO OutputCommitCoordinator$OutputCommitCoordinatorEndpoint: OutputCommitCoordinator stopped!
[2026-04-13T14:07:28.891+0000] {subprocess.py:106} INFO - 26/04/13 14:07:28 INFO SparkContext: Successfully stopped SparkContext
[2026-04-13T14:07:32.077+0000] {subprocess.py:106} INFO - 26/04/13 14:07:32 INFO ShutdownHookManager: Shutdown hook called
[2026-04-13T14:07:32.085+0000] {subprocess.py:106} INFO - 26/04/13 14:07:32 INFO ShutdownHookManager: Deleting directory /tmp/spark-00fcefdc-f4d7-4701-a2df-c56290c04859
[2026-04-13T14:07:32.108+0000] {subprocess.py:106} INFO - 26/04/13 14:07:32 INFO ShutdownHookManager: Deleting directory /tmp/spark-00fcefdc-f4d7-4701-a2df-c56290c04859/pyspark-1fdfd079-1bb7-4d03-b4d0-8bf5966cb5a5
[2026-04-13T14:07:32.122+0000] {subprocess.py:106} INFO - 26/04/13 14:07:32 INFO ShutdownHookManager: Deleting directory /tmp/spark-0c040ab6-d360-4c4b-8745-b4582463f8cd
[2026-04-13T14:07:32.138+0000] {subprocess.py:106} INFO - 26/04/13 14:07:32 INFO ShutdownHookManager: Deleting directory /tmp/artifacts-1f079c16-9f39-4a56-82b4-f541af6dd029
[2026-04-13T14:07:32.645+0000] {subprocess.py:110} INFO - Command exited with return code 0
[2026-04-13T14:07:33.416+0000] {taskinstance.py:340} INFO - ::group::Post task execution logs
[2026-04-13T14:07:33.431+0000] {taskinstance.py:352} INFO - Marking task as SUCCESS. dag_id=predict_aqi, task_id=silver_to_gold, run_id=manual__2026-04-13T13:05:03.915853+00:00, execution_date=20260413T130503, start_date=20260413T140555, end_date=20260413T140733
[2026-04-13T14:07:33.692+0000] {local_task_job_runner.py:266} INFO - Task exited with return code 0
[2026-04-13T14:07:34.061+0000] {taskinstance.py:3895} INFO - 1 downstream tasks scheduled from follow-on schedule check
[2026-04-13T14:07:34.075+0000] {local_task_job_runner.py:245} INFO - ::endgroup::
