[2026-04-13T17:41:38.573+0000] {local_task_job_runner.py:123} INFO - ::group::Pre task execution logs
[2026-04-13T17:41:38.696+0000] {taskinstance.py:2613} INFO - Dependencies all met for dep_context=non-requeueable deps ti=<TaskInstance: predict_aqi.train_model manual__2026-04-13T13:49:12.538061+00:00 [queued]>
[2026-04-13T17:41:38.753+0000] {taskinstance.py:2613} INFO - Dependencies all met for dep_context=requeueable deps ti=<TaskInstance: predict_aqi.train_model manual__2026-04-13T13:49:12.538061+00:00 [queued]>
[2026-04-13T17:41:38.754+0000] {taskinstance.py:2866} INFO - Starting attempt 3 of 3
[2026-04-13T17:41:38.789+0000] {taskinstance.py:2889} INFO - Executing <Task(BashOperator): train_model> on 2026-04-13 13:49:12.538061+00:00
[2026-04-13T17:41:38.816+0000] {standard_task_runner.py:104} INFO - Running: ['airflow', 'tasks', 'run', 'predict_aqi', 'train_model', 'manual__2026-04-13T13:49:12.538061+00:00', '--job-id', '203', '--raw', '--subdir', 'DAGS_FOLDER/dag_ml.py', '--cfg-path', '/tmp/tmpydpqzr_s']
[2026-04-13T17:41:38.819+0000] {standard_task_runner.py:105} INFO - Job 203: Subtask train_model
[2026-04-13T17:41:38.896+0000] {logging_mixin.py:190} WARNING - /home/airflow/airflow/venv/lib/python3.12/site-packages/airflow/task/task_runner/standard_task_runner.py:70 DeprecationWarning: This process (pid=86025) is multi-threaded, use of fork() may lead to deadlocks in the child.
[2026-04-13T17:41:38.898+0000] {standard_task_runner.py:72} INFO - Started process 86097 to run task
[2026-04-13T17:41:39.423+0000] {task_command.py:467} INFO - Running <TaskInstance: predict_aqi.train_model manual__2026-04-13T13:49:12.538061+00:00 [running]> on host airflow
[2026-04-13T17:41:40.584+0000] {taskinstance.py:3132} INFO - Exporting env vars: AIRFLOW_CTX_DAG_OWNER='airflow' AIRFLOW_CTX_DAG_ID='predict_aqi' AIRFLOW_CTX_TASK_ID='train_model' AIRFLOW_CTX_EXECUTION_DATE='2026-04-13T13:49:12.538061+00:00' AIRFLOW_CTX_TRY_NUMBER='3' AIRFLOW_CTX_DAG_RUN_ID='manual__2026-04-13T13:49:12.538061+00:00'
[2026-04-13T17:41:40.591+0000] {taskinstance.py:731} INFO - ::endgroup::
[2026-04-13T17:41:40.716+0000] {subprocess.py:78} INFO - Tmp dir root location: /tmp
[2026-04-13T17:41:40.728+0000] {subprocess.py:88} INFO - Running command: ['/usr/bin/bash', '-c', '\n            docker exec spark-master spark-submit                 --conf spark.pyspark.python=python3                 --packages org.apache.iceberg:iceberg-spark-runtime-4.0_2.13:1.10.1                 /home/spark/spark/spark_jobs/train_model.py 2026-04-13\n        ']
[2026-04-13T17:41:40.810+0000] {subprocess.py:99} INFO - Output:
[2026-04-13T17:42:00.487+0000] {job.py:229} INFO - Heartbeat recovered after 22.34 seconds
[2026-04-13T17:43:25.859+0000] {job.py:229} INFO - Heartbeat recovered after 61.92 seconds
[2026-04-13T17:43:29.784+0000] {subprocess.py:106} INFO - WARNING: Using incubator modules: jdk.incubator.vector
[2026-04-13T17:43:39.158+0000] {subprocess.py:106} INFO - :: loading settings :: url = jar:file:/home/spark/spark/jars/ivy-2.5.3.jar!/org/apache/ivy/core/settings/ivysettings.xml
[2026-04-13T17:43:39.631+0000] {subprocess.py:106} INFO - Ivy Default Cache set to: /home/spark/.ivy2.5.2/cache
[2026-04-13T17:43:39.639+0000] {subprocess.py:106} INFO - The jars for the packages stored in: /home/spark/.ivy2.5.2/jars
[2026-04-13T17:43:39.660+0000] {subprocess.py:106} INFO - org.apache.iceberg#iceberg-spark-runtime-4.0_2.13 added as a dependency
[2026-04-13T17:43:39.663+0000] {subprocess.py:106} INFO - :: resolving dependencies :: org.apache.spark#spark-submit-parent-7b0e489e-7099-441b-8f32-e74e236d4aca;1.0
[2026-04-13T17:43:39.670+0000] {subprocess.py:106} INFO - 	confs: [default]
[2026-04-13T17:43:40.206+0000] {subprocess.py:106} INFO - 	found org.apache.iceberg#iceberg-spark-runtime-4.0_2.13;1.10.1 in central
[2026-04-13T17:43:40.318+0000] {subprocess.py:106} INFO - :: resolution report :: resolve 620ms :: artifacts dl 40ms
[2026-04-13T17:43:40.320+0000] {subprocess.py:106} INFO - 	:: modules in use:
[2026-04-13T17:43:40.348+0000] {subprocess.py:106} INFO - 	org.apache.iceberg#iceberg-spark-runtime-4.0_2.13;1.10.1 from central in [default]
[2026-04-13T17:43:40.350+0000] {subprocess.py:106} INFO - 	---------------------------------------------------------------------
[2026-04-13T17:43:40.351+0000] {subprocess.py:106} INFO - 	|                  |            modules            ||   artifacts   |
[2026-04-13T17:43:40.352+0000] {subprocess.py:106} INFO - 	|       conf       | number| search|dwnlded|evicted|| number|dwnlded|
[2026-04-13T17:43:40.354+0000] {subprocess.py:106} INFO - 	---------------------------------------------------------------------
[2026-04-13T17:43:40.355+0000] {subprocess.py:106} INFO - 	|      default     |   1   |   0   |   0   |   0   ||   1   |   0   |
[2026-04-13T17:43:40.357+0000] {subprocess.py:106} INFO - 	---------------------------------------------------------------------
[2026-04-13T17:43:40.361+0000] {subprocess.py:106} INFO - :: retrieving :: org.apache.spark#spark-submit-parent-7b0e489e-7099-441b-8f32-e74e236d4aca
[2026-04-13T17:43:40.382+0000] {subprocess.py:106} INFO - 	confs: [default]
[2026-04-13T17:43:40.471+0000] {subprocess.py:106} INFO - 	0 artifacts copied, 1 already retrieved (0kB/91ms)
[2026-04-13T17:43:41.654+0000] {subprocess.py:106} INFO - 26/04/13 17:43:41 WARN NativeCodeLoader: Unable to load native-hadoop library for your platform... using builtin-java classes where applicable
[2026-04-13T17:44:02.996+0000] {subprocess.py:106} INFO - Using Spark's default log4j profile: org/apache/spark/log4j2-defaults.properties
[2026-04-13T17:44:03.070+0000] {subprocess.py:106} INFO - 26/04/13 17:44:03 INFO SparkContext: Running Spark version 4.0.2
[2026-04-13T17:44:03.080+0000] {subprocess.py:106} INFO - 26/04/13 17:44:03 INFO SparkContext: OS info Linux, 6.6.87.2-microsoft-standard-WSL2, amd64
[2026-04-13T17:44:03.088+0000] {subprocess.py:106} INFO - 26/04/13 17:44:03 INFO SparkContext: Java version 21.0.10
[2026-04-13T17:44:03.363+0000] {subprocess.py:106} INFO - 26/04/13 17:44:03 INFO ResourceUtils: ==============================================================
[2026-04-13T17:44:03.609+0000] {subprocess.py:106} INFO - 26/04/13 17:44:03 INFO ResourceUtils: No custom resources configured for spark.driver.
[2026-04-13T17:44:03.617+0000] {subprocess.py:106} INFO - 26/04/13 17:44:03 INFO ResourceUtils: ==============================================================
[2026-04-13T17:44:03.623+0000] {subprocess.py:106} INFO - 26/04/13 17:44:03 INFO SparkContext: Submitted application: TrainModel
[2026-04-13T17:44:04.271+0000] {subprocess.py:106} INFO - 26/04/13 17:44:04 INFO ResourceProfile: Default ResourceProfile created, executor resources: Map(cores -> name: cores, amount: 2, script: , vendor: , memory -> name: memory, amount: 2048, script: , vendor: , offHeap -> name: offHeap, amount: 0, script: , vendor: ), task resources: Map(cpus -> name: cpus, amount: 1.0)
[2026-04-13T17:44:04.371+0000] {subprocess.py:106} INFO - 26/04/13 17:44:04 INFO ResourceProfile: Limiting resource is cpus at 2 tasks per executor
[2026-04-13T17:44:04.393+0000] {subprocess.py:106} INFO - 26/04/13 17:44:04 INFO ResourceProfileManager: Added ResourceProfile id: 0
[2026-04-13T17:44:06.407+0000] {subprocess.py:106} INFO - 26/04/13 17:44:06 INFO SecurityManager: Changing view acls to: spark
[2026-04-13T17:44:06.437+0000] {subprocess.py:106} INFO - 26/04/13 17:44:06 INFO SecurityManager: Changing modify acls to: spark
[2026-04-13T17:44:06.447+0000] {subprocess.py:106} INFO - 26/04/13 17:44:06 INFO SecurityManager: Changing view acls groups to: spark
[2026-04-13T17:44:06.451+0000] {subprocess.py:106} INFO - 26/04/13 17:44:06 INFO SecurityManager: Changing modify acls groups to: spark
[2026-04-13T17:44:06.457+0000] {subprocess.py:106} INFO - 26/04/13 17:44:06 INFO SecurityManager: SecurityManager: authentication disabled; ui acls disabled; users with view permissions: spark groups with view permissions: EMPTY; users with modify permissions: spark; groups with modify permissions: EMPTY; RPC SSL disabled
[2026-04-13T17:44:14.077+0000] {subprocess.py:106} INFO - 26/04/13 17:44:13 INFO Utils: Successfully started service 'sparkDriver' on port 39625.
[2026-04-13T17:44:14.618+0000] {subprocess.py:106} INFO - 26/04/13 17:44:14 INFO SparkEnv: Registering MapOutputTracker
[2026-04-13T17:44:14.716+0000] {subprocess.py:106} INFO - 26/04/13 17:44:14 INFO SparkEnv: Registering BlockManagerMaster
[2026-04-13T17:44:14.870+0000] {subprocess.py:106} INFO - 26/04/13 17:44:14 INFO BlockManagerMasterEndpoint: Using org.apache.spark.storage.DefaultTopologyMapper for getting topology information
[2026-04-13T17:44:14.876+0000] {subprocess.py:106} INFO - 26/04/13 17:44:14 INFO BlockManagerMasterEndpoint: BlockManagerMasterEndpoint up
[2026-04-13T17:44:14.935+0000] {subprocess.py:106} INFO - 26/04/13 17:44:14 INFO SparkEnv: Registering BlockManagerMasterHeartbeat
[2026-04-13T17:44:15.244+0000] {subprocess.py:106} INFO - 26/04/13 17:44:15 INFO DiskBlockManager: Created local directory at /tmp/blockmgr-50cfede1-11b5-4599-a7a5-d7ea750ddfe4
[2026-04-13T17:44:15.404+0000] {subprocess.py:106} INFO - 26/04/13 17:44:15 INFO SparkEnv: Registering OutputCommitCoordinator
[2026-04-13T17:44:16.407+0000] {subprocess.py:106} INFO - 26/04/13 17:44:16 INFO JettyUtils: Start Jetty 0.0.0.0:4040 for SparkUI
[2026-04-13T17:44:17.300+0000] {subprocess.py:106} INFO - 26/04/13 17:44:17 WARN Utils: Service 'SparkUI' could not bind on port 4040. Attempting port 4041.
[2026-04-13T17:44:17.302+0000] {subprocess.py:106} INFO - 26/04/13 17:44:17 WARN Utils: Service 'SparkUI' could not bind on port 4041. Attempting port 4042.
[2026-04-13T17:44:17.306+0000] {subprocess.py:106} INFO - 26/04/13 17:44:17 WARN Utils: Service 'SparkUI' could not bind on port 4042. Attempting port 4043.
[2026-04-13T17:44:17.319+0000] {subprocess.py:106} INFO - 26/04/13 17:44:17 WARN Utils: Service 'SparkUI' could not bind on port 4043. Attempting port 4044.
[2026-04-13T17:44:17.356+0000] {subprocess.py:106} INFO - 26/04/13 17:44:17 INFO Utils: Successfully started service 'SparkUI' on port 4044.
[2026-04-13T17:44:17.549+0000] {subprocess.py:106} INFO - 26/04/13 17:44:17 INFO SparkContext: Added JAR file:///home/spark/.ivy2.5.2/jars/org.apache.iceberg_iceberg-spark-runtime-4.0_2.13-1.10.1.jar at spark://spark-master:39625/jars/org.apache.iceberg_iceberg-spark-runtime-4.0_2.13-1.10.1.jar with timestamp 1776102242592
[2026-04-13T17:44:17.573+0000] {subprocess.py:106} INFO - 26/04/13 17:44:17 INFO SparkContext: Added file file:///home/spark/.ivy2.5.2/jars/org.apache.iceberg_iceberg-spark-runtime-4.0_2.13-1.10.1.jar at file:///home/spark/.ivy2.5.2/jars/org.apache.iceberg_iceberg-spark-runtime-4.0_2.13-1.10.1.jar with timestamp 1776102242592
[2026-04-13T17:44:17.582+0000] {subprocess.py:106} INFO - 26/04/13 17:44:17 INFO Utils: Copying /home/spark/.ivy2.5.2/jars/org.apache.iceberg_iceberg-spark-runtime-4.0_2.13-1.10.1.jar to /tmp/spark-fc8ff067-2188-4da8-be79-cc50fe420495/userFiles-3adbcf53-26ab-4e8a-b340-4081b3b007d2/org.apache.iceberg_iceberg-spark-runtime-4.0_2.13-1.10.1.jar
[2026-04-13T17:44:21.159+0000] {subprocess.py:106} INFO - 26/04/13 17:44:21 INFO SecurityManager: Changing view acls to: spark
[2026-04-13T17:44:21.219+0000] {subprocess.py:106} INFO - 26/04/13 17:44:21 INFO SecurityManager: Changing modify acls to: spark
[2026-04-13T17:44:21.221+0000] {subprocess.py:106} INFO - 26/04/13 17:44:21 INFO SecurityManager: Changing view acls groups to: spark
[2026-04-13T17:44:21.225+0000] {subprocess.py:106} INFO - 26/04/13 17:44:21 INFO SecurityManager: Changing modify acls groups to: spark
[2026-04-13T17:44:21.226+0000] {subprocess.py:106} INFO - 26/04/13 17:44:21 INFO SecurityManager: SecurityManager: authentication disabled; ui acls disabled; users with view permissions: spark groups with view permissions: EMPTY; users with modify permissions: spark; groups with modify permissions: EMPTY; RPC SSL disabled
[2026-04-13T17:44:22.775+0000] {subprocess.py:106} INFO - 26/04/13 17:44:22 INFO Executor: Starting executor ID driver on host spark-master
[2026-04-13T17:44:22.776+0000] {subprocess.py:106} INFO - 26/04/13 17:44:22 INFO Executor: OS info Linux, 6.6.87.2-microsoft-standard-WSL2, amd64
[2026-04-13T17:44:22.778+0000] {subprocess.py:106} INFO - 26/04/13 17:44:22 INFO Executor: Java version 21.0.10
[2026-04-13T17:44:22.838+0000] {subprocess.py:106} INFO - 26/04/13 17:44:22 INFO Executor: Starting executor with user classpath (userClassPathFirst = false): ''
[2026-04-13T17:44:22.848+0000] {subprocess.py:106} INFO - 26/04/13 17:44:22 INFO Executor: Created or updated repl class loader org.apache.spark.util.MutableURLClassLoader@2d54c6d6 for default.
[2026-04-13T17:44:22.921+0000] {subprocess.py:106} INFO - 26/04/13 17:44:22 INFO Executor: Fetching file:///home/spark/.ivy2.5.2/jars/org.apache.iceberg_iceberg-spark-runtime-4.0_2.13-1.10.1.jar with timestamp 1776102242592
[2026-04-13T17:44:23.637+0000] {subprocess.py:106} INFO - 26/04/13 17:44:23 INFO Utils: /home/spark/.ivy2.5.2/jars/org.apache.iceberg_iceberg-spark-runtime-4.0_2.13-1.10.1.jar has been previously copied to /tmp/spark-fc8ff067-2188-4da8-be79-cc50fe420495/userFiles-3adbcf53-26ab-4e8a-b340-4081b3b007d2/org.apache.iceberg_iceberg-spark-runtime-4.0_2.13-1.10.1.jar
[2026-04-13T17:44:23.703+0000] {subprocess.py:106} INFO - 26/04/13 17:44:23 INFO Executor: Fetching spark://spark-master:39625/jars/org.apache.iceberg_iceberg-spark-runtime-4.0_2.13-1.10.1.jar with timestamp 1776102242592
[2026-04-13T17:44:24.005+0000] {subprocess.py:106} INFO - 26/04/13 17:44:23 INFO TransportClientFactory: Successfully created connection to spark-master/172.20.0.5:39625 after 157 ms (0 ms spent in bootstraps)
[2026-04-13T17:44:24.050+0000] {subprocess.py:106} INFO - 26/04/13 17:44:24 INFO Utils: Fetching spark://spark-master:39625/jars/org.apache.iceberg_iceberg-spark-runtime-4.0_2.13-1.10.1.jar to /tmp/spark-fc8ff067-2188-4da8-be79-cc50fe420495/userFiles-3adbcf53-26ab-4e8a-b340-4081b3b007d2/fetchFileTemp6244361339259093584.tmp
[2026-04-13T17:44:28.628+0000] {subprocess.py:106} INFO - 26/04/13 17:44:28 INFO Utils: /tmp/spark-fc8ff067-2188-4da8-be79-cc50fe420495/userFiles-3adbcf53-26ab-4e8a-b340-4081b3b007d2/fetchFileTemp6244361339259093584.tmp has been previously copied to /tmp/spark-fc8ff067-2188-4da8-be79-cc50fe420495/userFiles-3adbcf53-26ab-4e8a-b340-4081b3b007d2/org.apache.iceberg_iceberg-spark-runtime-4.0_2.13-1.10.1.jar
[2026-04-13T17:44:28.979+0000] {subprocess.py:106} INFO - 26/04/13 17:44:28 INFO Executor: Adding file:/tmp/spark-fc8ff067-2188-4da8-be79-cc50fe420495/userFiles-3adbcf53-26ab-4e8a-b340-4081b3b007d2/org.apache.iceberg_iceberg-spark-runtime-4.0_2.13-1.10.1.jar to class loader default
[2026-04-13T17:44:29.567+0000] {subprocess.py:106} INFO - 26/04/13 17:44:29 INFO Utils: Successfully started service 'org.apache.spark.network.netty.NettyBlockTransferService' on port 44967.
[2026-04-13T17:44:29.568+0000] {subprocess.py:106} INFO - 26/04/13 17:44:29 INFO NettyBlockTransferService: Server created on spark-master:44967
[2026-04-13T17:44:29.587+0000] {subprocess.py:106} INFO - 26/04/13 17:44:29 INFO BlockManager: Using org.apache.spark.storage.RandomBlockReplicationPolicy for block replication policy
[2026-04-13T17:44:29.701+0000] {subprocess.py:106} INFO - 26/04/13 17:44:29 INFO BlockManagerMaster: Registering BlockManager BlockManagerId(driver, spark-master, 44967, None)
[2026-04-13T17:44:29.736+0000] {subprocess.py:106} INFO - 26/04/13 17:44:29 INFO BlockManagerMasterEndpoint: Registering block manager spark-master:44967 with 1048.8 MiB RAM, BlockManagerId(driver, spark-master, 44967, None)
[2026-04-13T17:44:29.807+0000] {subprocess.py:106} INFO - 26/04/13 17:44:29 INFO BlockManagerMaster: Registered BlockManager BlockManagerId(driver, spark-master, 44967, None)
[2026-04-13T17:44:29.816+0000] {subprocess.py:106} INFO - 26/04/13 17:44:29 INFO BlockManager: Initialized BlockManager: BlockManagerId(driver, spark-master, 44967, None)
[2026-04-13T17:44:46.552+0000] {subprocess.py:106} INFO - Đọc dữ liệu Gold từ iceberg.air_quality_ml.air_quality_gold
[2026-04-13T17:44:46.704+0000] {subprocess.py:106} INFO - 26/04/13 17:44:46 INFO SharedState: spark.sql.warehouse.dir is not set, but hive.metastore.warehouse.dir is set. Setting spark.sql.warehouse.dir to the value of hive.metastore.warehouse.dir.
[2026-04-13T17:44:49.067+0000] {subprocess.py:106} INFO - 26/04/13 17:44:49 INFO SharedState: Warehouse path is 'hdfs://23133083thuyvan-master:9000/user/hive/lakehouse'.
[2026-04-13T17:44:59.138+0000] {subprocess.py:106} INFO - 26/04/13 17:44:58 INFO CatalogUtil: Loading custom FileIO implementation: org.apache.iceberg.hadoop.HadoopFileIO
[2026-04-13T17:45:00.289+0000] {subprocess.py:106} INFO - 26/04/13 17:45:00 INFO HiveConf: Found configuration file file:/home/spark/spark/conf/hive-site.xml
[2026-04-13T17:45:04.115+0000] {subprocess.py:106} INFO - 26/04/13 17:45:04 INFO metastore: Trying to connect to metastore with URI thrift://23133083thuyvan-master:9083
[2026-04-13T17:45:04.243+0000] {subprocess.py:106} INFO - 26/04/13 17:45:04 INFO metastore: Opened a connection to metastore, current connections: 1
[2026-04-13T17:45:04.715+0000] {subprocess.py:106} INFO - 26/04/13 17:45:04 INFO metastore: Connected to metastore.
[2026-04-13T17:45:10.840+0000] {subprocess.py:106} INFO - 26/04/13 17:45:10 INFO BaseMetastoreTableOperations: Refreshing table metadata from new version: hdfs://23133083thuyvan-master:9000/user/hive/lakehouse/gold/ml/air_quality_gold/metadata/00017-5d622b02-94ed-422d-ad98-c11da9169046.metadata.json
[2026-04-13T17:46:09.770+0000] {job.py:239} ERROR - Job heartbeat failed with error
Traceback (most recent call last):
  File "/home/airflow/airflow/venv/lib/python3.12/site-packages/sqlalchemy/engine/base.py", line 3371, in _wrap_pool_connect
    return fn()
           ^^^^
  File "/home/airflow/airflow/venv/lib/python3.12/site-packages/sqlalchemy/pool/base.py", line 327, in connect
    return _ConnectionFairy._checkout(self)
           ^^^^^^^^^^^^^^^^^^^^^^^^^^^^^^^^
  File "/home/airflow/airflow/venv/lib/python3.12/site-packages/sqlalchemy/pool/base.py", line 894, in _checkout
    fairy = _ConnectionRecord.checkout(pool)
            ^^^^^^^^^^^^^^^^^^^^^^^^^^^^^^^^
  File "/home/airflow/airflow/venv/lib/python3.12/site-packages/sqlalchemy/pool/base.py", line 493, in checkout
    rec = pool._do_get()
          ^^^^^^^^^^^^^^
  File "/home/airflow/airflow/venv/lib/python3.12/site-packages/sqlalchemy/pool/impl.py", line 256, in _do_get
    return self._create_connection()
           ^^^^^^^^^^^^^^^^^^^^^^^^^
  File "/home/airflow/airflow/venv/lib/python3.12/site-packages/sqlalchemy/pool/base.py", line 273, in _create_connection
    return _ConnectionRecord(self)
           ^^^^^^^^^^^^^^^^^^^^^^^
  File "/home/airflow/airflow/venv/lib/python3.12/site-packages/sqlalchemy/pool/base.py", line 388, in __init__
    self.__connect()
  File "/home/airflow/airflow/venv/lib/python3.12/site-packages/sqlalchemy/pool/base.py", line 690, in __connect
    with util.safe_reraise():
         ^^^^^^^^^^^^^^^^^^^
  File "/home/airflow/airflow/venv/lib/python3.12/site-packages/sqlalchemy/util/langhelpers.py", line 70, in __exit__
    compat.raise_(
  File "/home/airflow/airflow/venv/lib/python3.12/site-packages/sqlalchemy/util/compat.py", line 211, in raise_
    raise exception
  File "/home/airflow/airflow/venv/lib/python3.12/site-packages/sqlalchemy/pool/base.py", line 686, in __connect
    self.dbapi_connection = connection = pool._invoke_creator(self)
                                         ^^^^^^^^^^^^^^^^^^^^^^^^^^
  File "/home/airflow/airflow/venv/lib/python3.12/site-packages/sqlalchemy/engine/create.py", line 574, in connect
    return dialect.connect(*cargs, **cparams)
           ^^^^^^^^^^^^^^^^^^^^^^^^^^^^^^^^^^
  File "/home/airflow/airflow/venv/lib/python3.12/site-packages/sqlalchemy/engine/default.py", line 598, in connect
    return self.dbapi.connect(*cargs, **cparams)
           ^^^^^^^^^^^^^^^^^^^^^^^^^^^^^^^^^^^^^
  File "/home/airflow/airflow/venv/lib/python3.12/site-packages/psycopg2/__init__.py", line 122, in connect
    conn = _connect(dsn, connection_factory=connection_factory, **kwasync)
           ^^^^^^^^^^^^^^^^^^^^^^^^^^^^^^^^^^^^^^^^^^^^^^^^^^^^^^^^^^^^^^^
psycopg2.OperationalError: could not translate host name "***" to address: Temporary failure in name resolution


The above exception was the direct cause of the following exception:

Traceback (most recent call last):
  File "/home/airflow/airflow/venv/lib/python3.12/site-packages/airflow/jobs/job.py", line 207, in heartbeat
    self._merge_from(Job._fetch_from_db(self, session))
                     ^^^^^^^^^^^^^^^^^^^^^^^^^^^^^^^^^
  File "/home/airflow/airflow/venv/lib/python3.12/site-packages/airflow/api_internal/internal_api_call.py", line 166, in wrapper
    return func(*args, **kwargs)
           ^^^^^^^^^^^^^^^^^^^^^
  File "/home/airflow/airflow/venv/lib/python3.12/site-packages/airflow/utils/session.py", line 94, in wrapper
    return func(*args, **kwargs)
           ^^^^^^^^^^^^^^^^^^^^^
  File "/home/airflow/airflow/venv/lib/python3.12/site-packages/airflow/utils/retries.py", line 93, in wrapped_function
    for attempt in run_with_db_retries(max_retries=retries, logger=logger, **retry_kwargs):
                   ^^^^^^^^^^^^^^^^^^^^^^^^^^^^^^^^^^^^^^^^^^^^^^^^^^^^^^^^^^^^^^^^^^^^^^^
  File "/home/airflow/airflow/venv/lib/python3.12/site-packages/tenacity/__init__.py", line 438, in __iter__
    do = self.iter(retry_state=retry_state)
         ^^^^^^^^^^^^^^^^^^^^^^^^^^^^^^^^^^
  File "/home/airflow/airflow/venv/lib/python3.12/site-packages/tenacity/__init__.py", line 371, in iter
    result = action(retry_state)
             ^^^^^^^^^^^^^^^^^^^
  File "/home/airflow/airflow/venv/lib/python3.12/site-packages/tenacity/__init__.py", line 413, in exc_check
    raise retry_exc.reraise()
          ^^^^^^^^^^^^^^^^^^^
  File "/home/airflow/airflow/venv/lib/python3.12/site-packages/tenacity/__init__.py", line 184, in reraise
    raise self.last_attempt.result()
          ^^^^^^^^^^^^^^^^^^^^^^^^^^
  File "/usr/local/lib/python3.12/concurrent/futures/_base.py", line 449, in result
    return self.__get_result()
           ^^^^^^^^^^^^^^^^^^^
  File "/usr/local/lib/python3.12/concurrent/futures/_base.py", line 401, in __get_result
    raise self._exception
  File "/home/airflow/airflow/venv/lib/python3.12/site-packages/airflow/utils/retries.py", line 102, in wrapped_function
    return func(*args, **kwargs)
           ^^^^^^^^^^^^^^^^^^^^^
  File "/home/airflow/airflow/venv/lib/python3.12/site-packages/airflow/jobs/job.py", line 335, in _fetch_from_db
    session.merge(job)
  File "/home/airflow/airflow/venv/lib/python3.12/site-packages/sqlalchemy/orm/session.py", line 3056, in merge
    return self._merge(
           ^^^^^^^^^^^^
  File "/home/airflow/airflow/venv/lib/python3.12/site-packages/sqlalchemy/orm/session.py", line 3136, in _merge
    merged = self.get(
             ^^^^^^^^^
  File "/home/airflow/airflow/venv/lib/python3.12/site-packages/sqlalchemy/orm/session.py", line 2853, in get
    return self._get_impl(
           ^^^^^^^^^^^^^^^
  File "/home/airflow/airflow/venv/lib/python3.12/site-packages/sqlalchemy/orm/session.py", line 2975, in _get_impl
    return db_load_fn(
           ^^^^^^^^^^^
  File "/home/airflow/airflow/venv/lib/python3.12/site-packages/sqlalchemy/orm/loading.py", line 530, in load_on_pk_identity
    session.execute(
  File "/home/airflow/airflow/venv/lib/python3.12/site-packages/sqlalchemy/orm/session.py", line 1716, in execute
    conn = self._connection_for_bind(bind)
           ^^^^^^^^^^^^^^^^^^^^^^^^^^^^^^^
  File "/home/airflow/airflow/venv/lib/python3.12/site-packages/sqlalchemy/orm/session.py", line 1555, in _connection_for_bind
    return self._transaction._connection_for_bind(
           ^^^^^^^^^^^^^^^^^^^^^^^^^^^^^^^^^^^^^^^
  File "/home/airflow/airflow/venv/lib/python3.12/site-packages/sqlalchemy/orm/session.py", line 750, in _connection_for_bind
    conn = bind.connect()
           ^^^^^^^^^^^^^^
  File "/home/airflow/airflow/venv/lib/python3.12/site-packages/sqlalchemy/future/engine.py", line 412, in connect
    return super(Engine, self).connect()
           ^^^^^^^^^^^^^^^^^^^^^^^^^^^^^
  File "/home/airflow/airflow/venv/lib/python3.12/site-packages/sqlalchemy/engine/base.py", line 3325, in connect
    return self._connection_cls(self, close_with_result=close_with_result)
           ^^^^^^^^^^^^^^^^^^^^^^^^^^^^^^^^^^^^^^^^^^^^^^^^^^^^^^^^^^^^^^^
  File "/home/airflow/airflow/venv/lib/python3.12/site-packages/sqlalchemy/engine/base.py", line 96, in __init__
    else engine.raw_connection()
         ^^^^^^^^^^^^^^^^^^^^^^^
  File "/home/airflow/airflow/venv/lib/python3.12/site-packages/sqlalchemy/engine/base.py", line 3404, in raw_connection
    return self._wrap_pool_connect(self.pool.connect, _connection)
           ^^^^^^^^^^^^^^^^^^^^^^^^^^^^^^^^^^^^^^^^^^^^^^^^^^^^^^^
  File "/home/airflow/airflow/venv/lib/python3.12/site-packages/sqlalchemy/engine/base.py", line 3374, in _wrap_pool_connect
    Connection._handle_dbapi_exception_noconnection(
  File "/home/airflow/airflow/venv/lib/python3.12/site-packages/sqlalchemy/engine/base.py", line 2208, in _handle_dbapi_exception_noconnection
    util.raise_(
  File "/home/airflow/airflow/venv/lib/python3.12/site-packages/sqlalchemy/util/compat.py", line 211, in raise_
    raise exception
  File "/home/airflow/airflow/venv/lib/python3.12/site-packages/sqlalchemy/engine/base.py", line 3371, in _wrap_pool_connect
    return fn()
           ^^^^
  File "/home/airflow/airflow/venv/lib/python3.12/site-packages/sqlalchemy/pool/base.py", line 327, in connect
    return _ConnectionFairy._checkout(self)
           ^^^^^^^^^^^^^^^^^^^^^^^^^^^^^^^^
  File "/home/airflow/airflow/venv/lib/python3.12/site-packages/sqlalchemy/pool/base.py", line 894, in _checkout
    fairy = _ConnectionRecord.checkout(pool)
            ^^^^^^^^^^^^^^^^^^^^^^^^^^^^^^^^
  File "/home/airflow/airflow/venv/lib/python3.12/site-packages/sqlalchemy/pool/base.py", line 493, in checkout
    rec = pool._do_get()
          ^^^^^^^^^^^^^^
  File "/home/airflow/airflow/venv/lib/python3.12/site-packages/sqlalchemy/pool/impl.py", line 256, in _do_get
    return self._create_connection()
           ^^^^^^^^^^^^^^^^^^^^^^^^^
  File "/home/airflow/airflow/venv/lib/python3.12/site-packages/sqlalchemy/pool/base.py", line 273, in _create_connection
    return _ConnectionRecord(self)
           ^^^^^^^^^^^^^^^^^^^^^^^
  File "/home/airflow/airflow/venv/lib/python3.12/site-packages/sqlalchemy/pool/base.py", line 388, in __init__
    self.__connect()
  File "/home/airflow/airflow/venv/lib/python3.12/site-packages/sqlalchemy/pool/base.py", line 690, in __connect
    with util.safe_reraise():
         ^^^^^^^^^^^^^^^^^^^
  File "/home/airflow/airflow/venv/lib/python3.12/site-packages/sqlalchemy/util/langhelpers.py", line 70, in __exit__
    compat.raise_(
  File "/home/airflow/airflow/venv/lib/python3.12/site-packages/sqlalchemy/util/compat.py", line 211, in raise_
    raise exception
  File "/home/airflow/airflow/venv/lib/python3.12/site-packages/sqlalchemy/pool/base.py", line 686, in __connect
    self.dbapi_connection = connection = pool._invoke_creator(self)
                                         ^^^^^^^^^^^^^^^^^^^^^^^^^^
  File "/home/airflow/airflow/venv/lib/python3.12/site-packages/sqlalchemy/engine/create.py", line 574, in connect
    return dialect.connect(*cargs, **cparams)
           ^^^^^^^^^^^^^^^^^^^^^^^^^^^^^^^^^^
  File "/home/airflow/airflow/venv/lib/python3.12/site-packages/sqlalchemy/engine/default.py", line 598, in connect
    return self.dbapi.connect(*cargs, **cparams)
           ^^^^^^^^^^^^^^^^^^^^^^^^^^^^^^^^^^^^^
  File "/home/airflow/airflow/venv/lib/python3.12/site-packages/psycopg2/__init__.py", line 122, in connect
    conn = _connect(dsn, connection_factory=connection_factory, **kwasync)
           ^^^^^^^^^^^^^^^^^^^^^^^^^^^^^^^^^^^^^^^^^^^^^^^^^^^^^^^^^^^^^^^
sqlalchemy.exc.OperationalError: (psycopg2.OperationalError) could not translate host name "***" to address: Temporary failure in name resolution

(Background on this error at: https://sqlalche.me/e/14/e3q8)
[2026-04-13T17:46:13.779+0000] {job.py:254} ERROR - Job heartbeat failed with error. Scheduler is in unhealthy state
[2026-04-13T17:47:03.299+0000] {job.py:229} INFO - Heartbeat recovered after 110.48 seconds
[2026-04-13T17:47:03.797+0000] {subprocess.py:106} INFO - 26/04/13 17:47:02 INFO AsyncEventQueue: Process of event SparkListenerExecutorMetricsUpdate(driver,ArraySeq(),HashMap((-1,-1) -> org.apache.spark.executor.ExecutorMetrics@5b31effc)) bylistener AppStatusListener took 5922.565595ms.
[2026-04-13T17:47:09.307+0000] {subprocess.py:106} INFO - 26/04/13 17:47:09 INFO BaseMetastoreCatalog: Table loaded by catalog: iceberg.air_quality_ml.air_quality_gold
[2026-04-13T17:47:32.778+0000] {job.py:229} INFO - Heartbeat recovered after 18.60 seconds
[2026-04-13T17:47:50.541+0000] {subprocess.py:106} INFO - 26/04/13 17:47:50 INFO BaseMetastoreTableOperations: Refreshing table metadata from new version: hdfs://23133083thuyvan-master:9000/user/hive/lakehouse/gold/ml/air_quality_train/metadata/00005-5625da1c-b408-4197-bbc4-15bc42d63f95.metadata.json
[2026-04-13T17:47:55.213+0000] {subprocess.py:106} INFO - 26/04/13 17:47:55 INFO BaseMetastoreCatalog: Table loaded by catalog: iceberg.air_quality_ml.air_quality_train
[2026-04-13T17:47:55.611+0000] {subprocess.py:106} INFO - 26/04/13 17:47:55 INFO BaseMetastoreCatalog: Table properties set at catalog level through catalog properties: {}
[2026-04-13T17:47:55.805+0000] {subprocess.py:106} INFO - 26/04/13 17:47:55 INFO BaseMetastoreCatalog: Table properties enforced at catalog level through catalog properties: {}
[2026-04-13T17:47:56.105+0000] {subprocess.py:106} INFO - 26/04/13 17:47:56 INFO BaseMetastoreTableOperations: Refreshing table metadata from new version: hdfs://23133083thuyvan-master:9000/user/hive/lakehouse/gold/ml/air_quality_train/metadata/00005-5625da1c-b408-4197-bbc4-15bc42d63f95.metadata.json
[2026-04-13T17:47:59.324+0000] {subprocess.py:106} INFO - 26/04/13 17:47:59 INFO V2ScanRelationPushDown:
[2026-04-13T17:48:00.443+0000] {subprocess.py:106} INFO - Output: timestamp#0, location#1, latitude#2, longitude#3, country#4, condition_text#5, timezone#6, temperature_2m#7, relative_humidity_2m#8, apparent_temperature#9, precipitation#10, cloud_cover#11, wind_speed_10m#12, wind_direction_10m#13, wind_gusts_10m#14, uv_index#15, weather_code#16, european_aqi#17, us_aqi#18, us_aqi_index#19, aqi_label#20, pm10#21, pm2_5#22, carbon_monoxide#23, nitrogen_dioxide#24, sulphur_dioxide#25, ozone#26, processing_time#27, data_source#28
[2026-04-13T17:48:00.452+0000] {subprocess.py:106} INFO - 
[2026-04-13T17:48:00.454+0000] {subprocess.py:106} INFO - 26/04/13 17:47:59 INFO SnapshotScan: Scanning table iceberg.air_quality_ml.air_quality_gold snapshot 1720910725916225615 created at 2026-04-13T17:34:39.216+00:00 with filter true
[2026-04-13T17:48:08.692+0000] {subprocess.py:106} INFO - 26/04/13 17:48:08 INFO BaseDistributedDataScan: Planning file tasks locally for table iceberg.air_quality_ml.air_quality_gold
[2026-04-13T17:48:17.812+0000] {subprocess.py:106} INFO - 26/04/13 17:48:17 INFO SparkPartitioningAwareScan: Reporting UnknownPartitioning with 68 partition(s) for table iceberg.air_quality_ml.air_quality_gold
[2026-04-13T17:48:21.512+0000] {subprocess.py:106} INFO - 26/04/13 17:48:21 INFO MemoryStore: MemoryStore started with capacity 1048.8 MiB
[2026-04-13T17:48:21.934+0000] {subprocess.py:106} INFO - 26/04/13 17:48:21 INFO MemoryStore: Block broadcast_0 stored as values in memory (estimated size 32.0 KiB, free 1048.8 MiB)
[2026-04-13T17:48:23.401+0000] {subprocess.py:106} INFO - 26/04/13 17:48:23 INFO MemoryStore: Block broadcast_0_piece0 stored as bytes in memory (estimated size 34.8 KiB, free 1048.7 MiB)
[2026-04-13T17:48:23.610+0000] {subprocess.py:106} INFO - 26/04/13 17:48:23 INFO SparkContext: Created broadcast 0 from broadcast at SparkBatch.java:87
[2026-04-13T17:48:25.592+0000] {subprocess.py:106} INFO - 26/04/13 17:48:25 INFO MemoryStore: Block broadcast_1 stored as values in memory (estimated size 32.0 KiB, free 1048.7 MiB)
[2026-04-13T17:48:26.544+0000] {subprocess.py:106} INFO - 26/04/13 17:48:26 INFO MemoryStore: Block broadcast_1_piece0 stored as bytes in memory (estimated size 34.8 KiB, free 1048.7 MiB)
[2026-04-13T17:48:26.545+0000] {subprocess.py:106} INFO - 26/04/13 17:48:26 INFO SparkContext: Created broadcast 1 from broadcast at SparkBatch.java:87
[2026-04-13T17:48:47.474+0000] {job.py:229} INFO - Heartbeat recovered after 25.29 seconds
[2026-04-13T17:48:47.777+0000] {subprocess.py:106} INFO - 26/04/13 17:48:46 WARN SparkStringUtils: Truncated the string representation of a plan since it was too large. This behavior can be adjusted by setting 'spark.sql.debug.maxToStringFields'.
[2026-04-13T17:49:11.516+0000] {job.py:229} INFO - Heartbeat recovered after 24.14 seconds
[2026-04-13T17:49:11.640+0000] {local_task_job_runner.py:346} WARNING - State of this instance has been externally set to None. Terminating instance.
[2026-04-13T17:49:11.644+0000] {local_task_job_runner.py:245} INFO - ::endgroup::
[2026-04-13T17:49:11.691+0000] {process_utils.py:132} INFO - Sending 15 to group 86097. PIDs of all processes in the group: [86132, 86138, 86097]
[2026-04-13T17:49:11.709+0000] {process_utils.py:87} INFO - Sending the signal 15 to group 86097
[2026-04-13T17:49:11.729+0000] {taskinstance.py:3093} ERROR - Received SIGTERM. Terminating subprocesses.
[2026-04-13T17:49:11.743+0000] {subprocess.py:117} INFO - Sending SIGTERM signal to process group
[2026-04-13T17:49:12.889+0000] {taskinstance.py:3311} ERROR - Task failed with exception
Traceback (most recent call last):
  File "/home/airflow/airflow/venv/lib/python3.12/site-packages/airflow/models/taskinstance.py", line 767, in _execute_task
    result = _execute_callable(context=context, **execute_callable_kwargs)
             ^^^^^^^^^^^^^^^^^^^^^^^^^^^^^^^^^^^^^^^^^^^^^^^^^^^^^^^^^^^^^
  File "/home/airflow/airflow/venv/lib/python3.12/site-packages/airflow/models/taskinstance.py", line 733, in _execute_callable
    return ExecutionCallableRunner(
           ^^^^^^^^^^^^^^^^^^^^^^^^
  File "/home/airflow/airflow/venv/lib/python3.12/site-packages/airflow/utils/operator_helpers.py", line 252, in run
    return self.func(*args, **kwargs)
           ^^^^^^^^^^^^^^^^^^^^^^^^^^
  File "/home/airflow/airflow/venv/lib/python3.12/site-packages/airflow/models/baseoperator.py", line 422, in wrapper
    return func(self, *args, **kwargs)
           ^^^^^^^^^^^^^^^^^^^^^^^^^^^
  File "/home/airflow/airflow/venv/lib/python3.12/site-packages/airflow/operators/bash.py", line 257, in execute
    result = self._run_inline_command(bash_path=bash_path, env=env)
             ^^^^^^^^^^^^^^^^^^^^^^^^^^^^^^^^^^^^^^^^^^^^^^^^^^^^^^
  File "/home/airflow/airflow/venv/lib/python3.12/site-packages/airflow/operators/bash.py", line 284, in _run_inline_command
    return self.subprocess_hook.run_command(
           ^^^^^^^^^^^^^^^^^^^^^^^^^^^^^^^^^
  File "/home/airflow/airflow/venv/lib/python3.12/site-packages/airflow/hooks/subprocess.py", line 104, in run_command
    for raw_line in iter(self.sub_process.stdout.readline, b""):
                    ^^^^^^^^^^^^^^^^^^^^^^^^^^^^^^^^^^^^^^^^^^^
  File "/home/airflow/airflow/venv/lib/python3.12/site-packages/airflow/models/taskinstance.py", line 3095, in signal_handler
    raise AirflowTaskTerminated("Task received SIGTERM signal")
airflow.exceptions.AirflowTaskTerminated: Task received SIGTERM signal
[2026-04-13T17:49:13.227+0000] {taskinstance.py:1225} INFO - Marking task as FAILED. dag_id=predict_aqi, task_id=train_model, run_id=manual__2026-04-13T13:49:12.538061+00:00, execution_date=20260413T134912, start_date=20260413T174138, end_date=20260413T174913
[2026-04-13T17:49:13.638+0000] {taskinstance.py:340} INFO - ::group::Post task execution logs
[2026-04-13T17:49:13.685+0000] {standard_task_runner.py:124} ERROR - Failed to execute job 203 for task train_model ((psycopg2.errors.ForeignKeyViolation) insert or update on table "task_fail" violates foreign key constraint "task_fail_ti_fkey"
DETAIL:  Key (dag_id, task_id, run_id, map_index)=(predict_aqi, train_model, manual__2026-04-13T13:49:12.538061+00:00, -1) is not present in table "task_instance".

[SQL: INSERT INTO task_fail (task_id, dag_id, run_id, map_index, start_date, end_date, duration) VALUES (%(task_id)s, %(dag_id)s, %(run_id)s, %(map_index)s, %(start_date)s, %(end_date)s, %(duration)s) RETURNING task_fail.id]
[parameters: {'task_id': 'train_model', 'dag_id': 'predict_aqi', 'run_id': 'manual__2026-04-13T13:49:12.538061+00:00', 'map_index': -1, 'start_date': datetime.datetime(2026, 4, 13, 17, 41, 38, 697903, tzinfo=Timezone('UTC')), 'end_date': datetime.datetime(2026, 4, 13, 17, 49, 13, 109024, tzinfo=Timezone('UTC')), 'duration': 454}]
(Background on this error at: https://sqlalche.me/e/14/gkpj); 86097)
Traceback (most recent call last):
  File "/home/airflow/airflow/venv/lib/python3.12/site-packages/airflow/models/taskinstance.py", line 273, in _run_raw_task
    TaskInstance._execute_task_with_callbacks(
  File "/home/airflow/airflow/venv/lib/python3.12/site-packages/airflow/models/taskinstance.py", line 3159, in _execute_task_with_callbacks
    result = self._execute_task(context, task_orig)
             ^^^^^^^^^^^^^^^^^^^^^^^^^^^^^^^^^^^^^^
  File "/home/airflow/airflow/venv/lib/python3.12/site-packages/airflow/models/taskinstance.py", line 3183, in _execute_task
    return _execute_task(self, context, task_orig)
           ^^^^^^^^^^^^^^^^^^^^^^^^^^^^^^^^^^^^^^^
  File "/home/airflow/airflow/venv/lib/python3.12/site-packages/airflow/models/taskinstance.py", line 767, in _execute_task
    result = _execute_callable(context=context, **execute_callable_kwargs)
             ^^^^^^^^^^^^^^^^^^^^^^^^^^^^^^^^^^^^^^^^^^^^^^^^^^^^^^^^^^^^^
  File "/home/airflow/airflow/venv/lib/python3.12/site-packages/airflow/models/taskinstance.py", line 733, in _execute_callable
    return ExecutionCallableRunner(
           ^^^^^^^^^^^^^^^^^^^^^^^^
  File "/home/airflow/airflow/venv/lib/python3.12/site-packages/airflow/utils/operator_helpers.py", line 252, in run
    return self.func(*args, **kwargs)
           ^^^^^^^^^^^^^^^^^^^^^^^^^^
  File "/home/airflow/airflow/venv/lib/python3.12/site-packages/airflow/models/baseoperator.py", line 422, in wrapper
    return func(self, *args, **kwargs)
           ^^^^^^^^^^^^^^^^^^^^^^^^^^^
  File "/home/airflow/airflow/venv/lib/python3.12/site-packages/airflow/operators/bash.py", line 257, in execute
    result = self._run_inline_command(bash_path=bash_path, env=env)
             ^^^^^^^^^^^^^^^^^^^^^^^^^^^^^^^^^^^^^^^^^^^^^^^^^^^^^^
  File "/home/airflow/airflow/venv/lib/python3.12/site-packages/airflow/operators/bash.py", line 284, in _run_inline_command
    return self.subprocess_hook.run_command(
           ^^^^^^^^^^^^^^^^^^^^^^^^^^^^^^^^^
  File "/home/airflow/airflow/venv/lib/python3.12/site-packages/airflow/hooks/subprocess.py", line 104, in run_command
    for raw_line in iter(self.sub_process.stdout.readline, b""):
                    ^^^^^^^^^^^^^^^^^^^^^^^^^^^^^^^^^^^^^^^^^^^
  File "/home/airflow/airflow/venv/lib/python3.12/site-packages/airflow/models/taskinstance.py", line 3095, in signal_handler
    raise AirflowTaskTerminated("Task received SIGTERM signal")
airflow.exceptions.AirflowTaskTerminated: Task received SIGTERM signal

During handling of the above exception, another exception occurred:

Traceback (most recent call last):
  File "/home/airflow/airflow/venv/lib/python3.12/site-packages/sqlalchemy/engine/base.py", line 1910, in _execute_context
    self.dialect.do_execute(
  File "/home/airflow/airflow/venv/lib/python3.12/site-packages/sqlalchemy/engine/default.py", line 736, in do_execute
    cursor.execute(statement, parameters)
psycopg2.errors.ForeignKeyViolation: insert or update on table "task_fail" violates foreign key constraint "task_fail_ti_fkey"
DETAIL:  Key (dag_id, task_id, run_id, map_index)=(predict_aqi, train_model, manual__2026-04-13T13:49:12.538061+00:00, -1) is not present in table "task_instance".


The above exception was the direct cause of the following exception:

Traceback (most recent call last):
  File "/home/airflow/airflow/venv/lib/python3.12/site-packages/airflow/task/task_runner/standard_task_runner.py", line 117, in _start_by_fork
    ret = args.func(args, dag=self.dag)
          ^^^^^^^^^^^^^^^^^^^^^^^^^^^^^
  File "/home/airflow/airflow/venv/lib/python3.12/site-packages/airflow/cli/cli_config.py", line 49, in command
    return func(*args, **kwargs)
           ^^^^^^^^^^^^^^^^^^^^^
  File "/home/airflow/airflow/venv/lib/python3.12/site-packages/airflow/utils/cli.py", line 116, in wrapper
    return f(*args, **kwargs)
           ^^^^^^^^^^^^^^^^^^
  File "/home/airflow/airflow/venv/lib/python3.12/site-packages/airflow/cli/commands/task_command.py", line 483, in task_run
    task_return_code = _run_task_by_selected_method(args, _dag, ti)
                       ^^^^^^^^^^^^^^^^^^^^^^^^^^^^^^^^^^^^^^^^^^^^
  File "/home/airflow/airflow/venv/lib/python3.12/site-packages/airflow/cli/commands/task_command.py", line 256, in _run_task_by_selected_method
    return _run_raw_task(args, ti)
           ^^^^^^^^^^^^^^^^^^^^^^^
  File "/home/airflow/airflow/venv/lib/python3.12/site-packages/airflow/cli/commands/task_command.py", line 341, in _run_raw_task
    return ti._run_raw_task(
           ^^^^^^^^^^^^^^^^^
  File "/home/airflow/airflow/venv/lib/python3.12/site-packages/airflow/utils/session.py", line 97, in wrapper
    return func(*args, session=session, **kwargs)
           ^^^^^^^^^^^^^^^^^^^^^^^^^^^^^^^^^^^^^^
  File "/home/airflow/airflow/venv/lib/python3.12/site-packages/airflow/models/taskinstance.py", line 3005, in _run_raw_task
    return _run_raw_task(
           ^^^^^^^^^^^^^^
  File "/home/airflow/airflow/venv/lib/python3.12/site-packages/airflow/models/taskinstance.py", line 327, in _run_raw_task
    ti.handle_failure(e, test_mode, context, session=session)
  File "/home/airflow/airflow/venv/lib/python3.12/site-packages/airflow/utils/session.py", line 94, in wrapper
    return func(*args, **kwargs)
           ^^^^^^^^^^^^^^^^^^^^^
  File "/home/airflow/airflow/venv/lib/python3.12/site-packages/airflow/models/taskinstance.py", line 3428, in handle_failure
    _handle_failure(
  File "/home/airflow/airflow/venv/lib/python3.12/site-packages/airflow/utils/session.py", line 94, in wrapper
    return func(*args, **kwargs)
           ^^^^^^^^^^^^^^^^^^^^^
  File "/home/airflow/airflow/venv/lib/python3.12/site-packages/airflow/api_internal/internal_api_call.py", line 166, in wrapper
    return func(*args, **kwargs)
           ^^^^^^^^^^^^^^^^^^^^^
  File "/home/airflow/airflow/venv/lib/python3.12/site-packages/airflow/models/taskinstance.py", line 1243, in _handle_failure
    TaskInstance.save_to_db(failure_context["ti"], session)
  File "/home/airflow/airflow/venv/lib/python3.12/site-packages/airflow/api_internal/internal_api_call.py", line 166, in wrapper
    return func(*args, **kwargs)
           ^^^^^^^^^^^^^^^^^^^^^
  File "/home/airflow/airflow/venv/lib/python3.12/site-packages/airflow/utils/session.py", line 94, in wrapper
    return func(*args, **kwargs)
           ^^^^^^^^^^^^^^^^^^^^^
  File "/home/airflow/airflow/venv/lib/python3.12/site-packages/airflow/models/taskinstance.py", line 3400, in save_to_db
    session.flush()
  File "/home/airflow/airflow/venv/lib/python3.12/site-packages/sqlalchemy/orm/session.py", line 3449, in flush
    self._flush(objects)
  File "/home/airflow/airflow/venv/lib/python3.12/site-packages/sqlalchemy/orm/session.py", line 3588, in _flush
    with util.safe_reraise():
         ^^^^^^^^^^^^^^^^^^^
  File "/home/airflow/airflow/venv/lib/python3.12/site-packages/sqlalchemy/util/langhelpers.py", line 70, in __exit__
    compat.raise_(
  File "/home/airflow/airflow/venv/lib/python3.12/site-packages/sqlalchemy/util/compat.py", line 211, in raise_
    raise exception
  File "/home/airflow/airflow/venv/lib/python3.12/site-packages/sqlalchemy/orm/session.py", line 3549, in _flush
    flush_context.execute()
  File "/home/airflow/airflow/venv/lib/python3.12/site-packages/sqlalchemy/orm/unitofwork.py", line 456, in execute
    rec.execute(self)
  File "/home/airflow/airflow/venv/lib/python3.12/site-packages/sqlalchemy/orm/unitofwork.py", line 630, in execute
    util.preloaded.orm_persistence.save_obj(
  File "/home/airflow/airflow/venv/lib/python3.12/site-packages/sqlalchemy/orm/persistence.py", line 245, in save_obj
    _emit_insert_statements(
  File "/home/airflow/airflow/venv/lib/python3.12/site-packages/sqlalchemy/orm/persistence.py", line 1238, in _emit_insert_statements
    result = connection._execute_20(
             ^^^^^^^^^^^^^^^^^^^^^^^
  File "/home/airflow/airflow/venv/lib/python3.12/site-packages/sqlalchemy/engine/base.py", line 1710, in _execute_20
    return meth(self, args_10style, kwargs_10style, execution_options)
           ^^^^^^^^^^^^^^^^^^^^^^^^^^^^^^^^^^^^^^^^^^^^^^^^^^^^^^^^^^^
  File "/home/airflow/airflow/venv/lib/python3.12/site-packages/sqlalchemy/sql/elements.py", line 334, in _execute_on_connection
    return connection._execute_clauseelement(
           ^^^^^^^^^^^^^^^^^^^^^^^^^^^^^^^^^^
  File "/home/airflow/airflow/venv/lib/python3.12/site-packages/sqlalchemy/engine/base.py", line 1577, in _execute_clauseelement
    ret = self._execute_context(
          ^^^^^^^^^^^^^^^^^^^^^^
  File "/home/airflow/airflow/venv/lib/python3.12/site-packages/sqlalchemy/engine/base.py", line 1953, in _execute_context
    self._handle_dbapi_exception(
  File "/home/airflow/airflow/venv/lib/python3.12/site-packages/sqlalchemy/engine/base.py", line 2134, in _handle_dbapi_exception
    util.raise_(
  File "/home/airflow/airflow/venv/lib/python3.12/site-packages/sqlalchemy/util/compat.py", line 211, in raise_
    raise exception
  File "/home/airflow/airflow/venv/lib/python3.12/site-packages/sqlalchemy/engine/base.py", line 1910, in _execute_context
    self.dialect.do_execute(
  File "/home/airflow/airflow/venv/lib/python3.12/site-packages/sqlalchemy/engine/default.py", line 736, in do_execute
    cursor.execute(statement, parameters)
sqlalchemy.exc.IntegrityError: (psycopg2.errors.ForeignKeyViolation) insert or update on table "task_fail" violates foreign key constraint "task_fail_ti_fkey"
DETAIL:  Key (dag_id, task_id, run_id, map_index)=(predict_aqi, train_model, manual__2026-04-13T13:49:12.538061+00:00, -1) is not present in table "task_instance".

[SQL: INSERT INTO task_fail (task_id, dag_id, run_id, map_index, start_date, end_date, duration) VALUES (%(task_id)s, %(dag_id)s, %(run_id)s, %(map_index)s, %(start_date)s, %(end_date)s, %(duration)s) RETURNING task_fail.id]
[parameters: {'task_id': 'train_model', 'dag_id': 'predict_aqi', 'run_id': 'manual__2026-04-13T13:49:12.538061+00:00', 'map_index': -1, 'start_date': datetime.datetime(2026, 4, 13, 17, 41, 38, 697903, tzinfo=Timezone('UTC')), 'end_date': datetime.datetime(2026, 4, 13, 17, 49, 13, 109024, tzinfo=Timezone('UTC')), 'duration': 454}]
(Background on this error at: https://sqlalche.me/e/14/gkpj)
[2026-04-13T17:49:14.162+0000] {process_utils.py:80} INFO - Process psutil.Process(pid=86097, status='terminated', exitcode=1) (86097) terminated with exit code 1
[2026-04-13T17:49:15.452+0000] {standard_task_runner.py:217} INFO - Process not found (most likely exited), stop collecting metrics
[2026-04-13T17:50:13.377+0000] {process_utils.py:150} WARNING - process psutil.Process(pid=86132, name='bash', status='zombie', started='17:41:38') did not respond to SIGTERM. Trying SIGKILL
[2026-04-13T17:50:18.718+0000] {process_utils.py:150} WARNING - process psutil.Process(pid=86138, name='docker', status='zombie', started='17:41:38') did not respond to SIGTERM. Trying SIGKILL
[2026-04-13T17:50:19.885+0000] {process_utils.py:87} INFO - Sending the signal 9 to group 86097
[2026-04-13T17:50:21.007+0000] {process_utils.py:101} INFO - Sending the signal 9 to process 86097 as process group is missing.
[2026-04-13T17:51:22.909+0000] {process_utils.py:161} ERROR - Process psutil.Process(pid=86132, name='bash', status='zombie', started='17:41:38') (86132) could not be killed. Giving up.
[2026-04-13T17:51:25.496+0000] {process_utils.py:161} ERROR - Process psutil.Process(pid=86138, name='docker', status='zombie', started='17:41:38') (86138) could not be killed. Giving up.
