[2026-04-14T02:59:01.719+0000] {local_task_job_runner.py:123} INFO - ::group::Pre task execution logs
[2026-04-14T02:59:01.930+0000] {taskinstance.py:2613} INFO - Dependencies all met for dep_context=non-requeueable deps ti=<TaskInstance: predict_aqi.silver_to_gold manual__2026-04-13T16:43:24.437040+00:00 [queued]>
[2026-04-14T02:59:02.010+0000] {taskinstance.py:2613} INFO - Dependencies all met for dep_context=requeueable deps ti=<TaskInstance: predict_aqi.silver_to_gold manual__2026-04-13T16:43:24.437040+00:00 [queued]>
[2026-04-14T02:59:02.015+0000] {taskinstance.py:2866} INFO - Starting attempt 3 of 3
[2026-04-14T02:59:02.092+0000] {taskinstance.py:2889} INFO - Executing <Task(BashOperator): silver_to_gold> on 2026-04-13 16:43:24.437040+00:00
[2026-04-14T02:59:02.137+0000] {standard_task_runner.py:104} INFO - Running: ['airflow', 'tasks', 'run', 'predict_aqi', 'silver_to_gold', 'manual__2026-04-13T16:43:24.437040+00:00', '--job-id', '232', '--raw', '--subdir', 'DAGS_FOLDER/dag_ml.py', '--cfg-path', '/tmp/tmpm_at9hok']
[2026-04-14T02:59:02.145+0000] {standard_task_runner.py:105} INFO - Job 232: Subtask silver_to_gold
[2026-04-14T02:59:02.168+0000] {logging_mixin.py:190} WARNING - /home/airflow/airflow/venv/lib/python3.12/site-packages/airflow/task/task_runner/standard_task_runner.py:70 DeprecationWarning: This process (pid=178) is multi-threaded, use of fork() may lead to deadlocks in the child.
[2026-04-14T02:59:02.176+0000] {standard_task_runner.py:72} INFO - Started process 219 to run task
[2026-04-14T02:59:02.618+0000] {task_command.py:467} INFO - Running <TaskInstance: predict_aqi.silver_to_gold manual__2026-04-13T16:43:24.437040+00:00 [running]> on host airflow
[2026-04-14T02:59:03.042+0000] {taskinstance.py:3132} INFO - Exporting env vars: AIRFLOW_CTX_DAG_OWNER='airflow' AIRFLOW_CTX_DAG_ID='predict_aqi' AIRFLOW_CTX_TASK_ID='silver_to_gold' AIRFLOW_CTX_EXECUTION_DATE='2026-04-13T16:43:24.437040+00:00' AIRFLOW_CTX_TRY_NUMBER='3' AIRFLOW_CTX_DAG_RUN_ID='manual__2026-04-13T16:43:24.437040+00:00'
[2026-04-14T02:59:03.047+0000] {taskinstance.py:731} INFO - ::endgroup::
[2026-04-14T02:59:03.117+0000] {subprocess.py:78} INFO - Tmp dir root location: /tmp
[2026-04-14T02:59:03.127+0000] {subprocess.py:88} INFO - Running command: ['/usr/bin/bash', '-c', '\n            docker exec spark-master spark-submit                 --packages org.apache.iceberg:iceberg-spark-runtime-4.0_2.13:1.10.1                 /home/spark/spark/spark_jobs/silver_to_gold.py 2026-04-13\n        ']
[2026-04-14T02:59:03.198+0000] {subprocess.py:99} INFO - Output:
[2026-04-14T02:59:07.284+0000] {subprocess.py:106} INFO - WARNING: Using incubator modules: jdk.incubator.vector
[2026-04-14T02:59:28.039+0000] {subprocess.py:106} INFO - :: loading settings :: url = jar:file:/home/spark/spark/jars/ivy-2.5.3.jar!/org/apache/ivy/core/settings/ivysettings.xml
[2026-04-14T02:59:28.532+0000] {subprocess.py:106} INFO - Ivy Default Cache set to: /home/spark/.ivy2.5.2/cache
[2026-04-14T02:59:28.540+0000] {subprocess.py:106} INFO - The jars for the packages stored in: /home/spark/.ivy2.5.2/jars
[2026-04-14T02:59:28.545+0000] {subprocess.py:106} INFO - org.apache.iceberg#iceberg-spark-runtime-4.0_2.13 added as a dependency
[2026-04-14T02:59:28.584+0000] {subprocess.py:106} INFO - :: resolving dependencies :: org.apache.spark#spark-submit-parent-355bb82f-21bd-49d9-abab-14637d12c5ea;1.0
[2026-04-14T02:59:28.598+0000] {subprocess.py:106} INFO - 	confs: [default]
[2026-04-14T02:59:29.807+0000] {subprocess.py:106} INFO - 	found org.apache.iceberg#iceberg-spark-runtime-4.0_2.13;1.10.1 in central
[2026-04-14T02:59:30.083+0000] {subprocess.py:106} INFO - :: resolution report :: resolve 1407ms :: artifacts dl 79ms
[2026-04-14T02:59:30.104+0000] {subprocess.py:106} INFO - 	:: modules in use:
[2026-04-14T02:59:30.149+0000] {subprocess.py:106} INFO - 	org.apache.iceberg#iceberg-spark-runtime-4.0_2.13;1.10.1 from central in [default]
[2026-04-14T02:59:30.160+0000] {subprocess.py:106} INFO - 	---------------------------------------------------------------------
[2026-04-14T02:59:30.180+0000] {subprocess.py:106} INFO - 	|                  |            modules            ||   artifacts   |
[2026-04-14T02:59:30.188+0000] {subprocess.py:106} INFO - 	|       conf       | number| search|dwnlded|evicted|| number|dwnlded|
[2026-04-14T02:59:30.190+0000] {subprocess.py:106} INFO - 	---------------------------------------------------------------------
[2026-04-14T02:59:30.192+0000] {subprocess.py:106} INFO - 	|      default     |   1   |   0   |   0   |   0   ||   1   |   0   |
[2026-04-14T02:59:30.195+0000] {subprocess.py:106} INFO - 	---------------------------------------------------------------------
[2026-04-14T02:59:30.204+0000] {subprocess.py:106} INFO - :: retrieving :: org.apache.spark#spark-submit-parent-355bb82f-21bd-49d9-abab-14637d12c5ea
[2026-04-14T02:59:30.211+0000] {subprocess.py:106} INFO - 	confs: [default]
[2026-04-14T02:59:30.282+0000] {subprocess.py:106} INFO - 	0 artifacts copied, 1 already retrieved (0kB/103ms)
[2026-04-14T02:59:32.700+0000] {subprocess.py:106} INFO - 26/04/14 02:59:32 WARN NativeCodeLoader: Unable to load native-hadoop library for your platform... using builtin-java classes where applicable
[2026-04-14T02:59:54.513+0000] {subprocess.py:106} INFO - Using Spark's default log4j profile: org/apache/spark/log4j2-defaults.properties
[2026-04-14T02:59:54.694+0000] {subprocess.py:106} INFO - 26/04/14 02:59:54 INFO SparkContext: Running Spark version 4.0.2
[2026-04-14T02:59:54.754+0000] {subprocess.py:106} INFO - 26/04/14 02:59:54 INFO SparkContext: OS info Linux, 6.6.87.2-microsoft-standard-WSL2, amd64
[2026-04-14T02:59:54.765+0000] {subprocess.py:106} INFO - 26/04/14 02:59:54 INFO SparkContext: Java version 21.0.10
[2026-04-14T02:59:59.602+0000] {subprocess.py:106} INFO - 26/04/14 02:59:59 INFO ResourceUtils: ==============================================================
[2026-04-14T02:59:59.625+0000] {subprocess.py:106} INFO - 26/04/14 02:59:59 INFO ResourceUtils: No custom resources configured for spark.driver.
[2026-04-14T02:59:59.633+0000] {subprocess.py:106} INFO - 26/04/14 02:59:59 INFO ResourceUtils: ==============================================================
[2026-04-14T02:59:59.641+0000] {subprocess.py:106} INFO - 26/04/14 02:59:59 INFO SparkContext: Submitted application: Silver_to_Gold
[2026-04-14T03:00:00.434+0000] {subprocess.py:106} INFO - 26/04/14 03:00:00 INFO ResourceProfile: Default ResourceProfile created, executor resources: Map(cores -> name: cores, amount: 2, script: , vendor: , memory -> name: memory, amount: 2048, script: , vendor: , offHeap -> name: offHeap, amount: 0, script: , vendor: ), task resources: Map(cpus -> name: cpus, amount: 1.0)
[2026-04-14T03:00:00.675+0000] {subprocess.py:106} INFO - 26/04/14 03:00:00 INFO ResourceProfile: Limiting resource is cpus at 2 tasks per executor
[2026-04-14T03:00:00.692+0000] {subprocess.py:106} INFO - 26/04/14 03:00:00 INFO ResourceProfileManager: Added ResourceProfile id: 0
[2026-04-14T03:00:09.140+0000] {subprocess.py:106} INFO - 26/04/14 03:00:09 INFO SecurityManager: Changing view acls to: spark
[2026-04-14T03:00:09.184+0000] {subprocess.py:106} INFO - 26/04/14 03:00:09 INFO SecurityManager: Changing modify acls to: spark
[2026-04-14T03:00:09.190+0000] {subprocess.py:106} INFO - 26/04/14 03:00:09 INFO SecurityManager: Changing view acls groups to: spark
[2026-04-14T03:00:09.201+0000] {subprocess.py:106} INFO - 26/04/14 03:00:09 INFO SecurityManager: Changing modify acls groups to: spark
[2026-04-14T03:00:09.227+0000] {subprocess.py:106} INFO - 26/04/14 03:00:09 INFO SecurityManager: SecurityManager: authentication disabled; ui acls disabled; users with view permissions: spark groups with view permissions: EMPTY; users with modify permissions: spark; groups with modify permissions: EMPTY; RPC SSL disabled
[2026-04-14T03:00:16.307+0000] {subprocess.py:106} INFO - 26/04/14 03:00:16 INFO Utils: Successfully started service 'sparkDriver' on port 42887.
[2026-04-14T03:00:16.789+0000] {subprocess.py:106} INFO - 26/04/14 03:00:16 INFO SparkEnv: Registering MapOutputTracker
[2026-04-14T03:00:20.145+0000] {subprocess.py:106} INFO - 26/04/14 03:00:20 INFO SparkEnv: Registering BlockManagerMaster
[2026-04-14T03:00:20.601+0000] {subprocess.py:106} INFO - 26/04/14 03:00:20 INFO BlockManagerMasterEndpoint: Using org.apache.spark.storage.DefaultTopologyMapper for getting topology information
[2026-04-14T03:00:20.611+0000] {subprocess.py:106} INFO - 26/04/14 03:00:20 INFO BlockManagerMasterEndpoint: BlockManagerMasterEndpoint up
[2026-04-14T03:00:20.667+0000] {subprocess.py:106} INFO - 26/04/14 03:00:20 INFO SparkEnv: Registering BlockManagerMasterHeartbeat
[2026-04-14T03:00:21.241+0000] {subprocess.py:106} INFO - 26/04/14 03:00:21 INFO DiskBlockManager: Created local directory at /tmp/blockmgr-0f13a1aa-3456-4ff3-95e0-696b02d08205
[2026-04-14T03:00:21.521+0000] {subprocess.py:106} INFO - 26/04/14 03:00:21 INFO SparkEnv: Registering OutputCommitCoordinator
[2026-04-14T03:00:25.633+0000] {subprocess.py:106} INFO - 26/04/14 03:00:25 INFO JettyUtils: Start Jetty 0.0.0.0:4040 for SparkUI
[2026-04-14T03:00:29.132+0000] {subprocess.py:106} INFO - 26/04/14 03:00:29 WARN Utils: Service 'SparkUI' could not bind on port 4040. Attempting port 4041.
[2026-04-14T03:00:29.146+0000] {subprocess.py:106} INFO - 26/04/14 03:00:29 WARN Utils: Service 'SparkUI' could not bind on port 4041. Attempting port 4042.
[2026-04-14T03:00:29.147+0000] {subprocess.py:106} INFO - 26/04/14 03:00:29 WARN Utils: Service 'SparkUI' could not bind on port 4042. Attempting port 4043.
[2026-04-14T03:00:29.150+0000] {subprocess.py:106} INFO - 26/04/14 03:00:29 WARN Utils: Service 'SparkUI' could not bind on port 4043. Attempting port 4044.
[2026-04-14T03:00:29.151+0000] {subprocess.py:106} INFO - 26/04/14 03:00:29 WARN Utils: Service 'SparkUI' could not bind on port 4044. Attempting port 4045.
[2026-04-14T03:00:29.473+0000] {subprocess.py:106} INFO - 26/04/14 03:00:29 INFO Utils: Successfully started service 'SparkUI' on port 4045.
[2026-04-14T03:00:30.098+0000] {subprocess.py:106} INFO - 26/04/14 03:00:30 INFO SparkContext: Added JAR file:///home/spark/.ivy2.5.2/jars/org.apache.iceberg_iceberg-spark-runtime-4.0_2.13-1.10.1.jar at spark://spark-master:42887/jars/org.apache.iceberg_iceberg-spark-runtime-4.0_2.13-1.10.1.jar with timestamp 1776135594039
[2026-04-14T03:00:30.259+0000] {subprocess.py:106} INFO - 26/04/14 03:00:30 INFO SparkContext: Added file file:///home/spark/.ivy2.5.2/jars/org.apache.iceberg_iceberg-spark-runtime-4.0_2.13-1.10.1.jar at file:///home/spark/.ivy2.5.2/jars/org.apache.iceberg_iceberg-spark-runtime-4.0_2.13-1.10.1.jar with timestamp 1776135594039
[2026-04-14T03:00:30.272+0000] {subprocess.py:106} INFO - 26/04/14 03:00:30 INFO Utils: Copying /home/spark/.ivy2.5.2/jars/org.apache.iceberg_iceberg-spark-runtime-4.0_2.13-1.10.1.jar to /tmp/spark-eb8605ba-88e2-4dcb-988f-d84a0500c395/userFiles-d683fdf7-7f15-4636-bb50-a6915f93ad62/org.apache.iceberg_iceberg-spark-runtime-4.0_2.13-1.10.1.jar
[2026-04-14T03:00:39.213+0000] {subprocess.py:106} INFO - 26/04/14 03:00:39 INFO SecurityManager: Changing view acls to: spark
[2026-04-14T03:00:39.240+0000] {subprocess.py:106} INFO - 26/04/14 03:00:39 INFO SecurityManager: Changing modify acls to: spark
[2026-04-14T03:00:39.241+0000] {subprocess.py:106} INFO - 26/04/14 03:00:39 INFO SecurityManager: Changing view acls groups to: spark
[2026-04-14T03:00:39.244+0000] {subprocess.py:106} INFO - 26/04/14 03:00:39 INFO SecurityManager: Changing modify acls groups to: spark
[2026-04-14T03:00:39.254+0000] {subprocess.py:106} INFO - 26/04/14 03:00:39 INFO SecurityManager: SecurityManager: authentication disabled; ui acls disabled; users with view permissions: spark groups with view permissions: EMPTY; users with modify permissions: spark; groups with modify permissions: EMPTY; RPC SSL disabled
[2026-04-14T03:00:44.025+0000] {subprocess.py:106} INFO - 26/04/14 03:00:44 INFO Executor: Starting executor ID driver on host spark-master
[2026-04-14T03:00:44.032+0000] {subprocess.py:106} INFO - 26/04/14 03:00:44 INFO Executor: OS info Linux, 6.6.87.2-microsoft-standard-WSL2, amd64
[2026-04-14T03:00:44.033+0000] {subprocess.py:106} INFO - 26/04/14 03:00:44 INFO Executor: Java version 21.0.10
[2026-04-14T03:00:44.081+0000] {subprocess.py:106} INFO - 26/04/14 03:00:44 INFO Executor: Starting executor with user classpath (userClassPathFirst = false): ''
[2026-04-14T03:00:44.091+0000] {subprocess.py:106} INFO - 26/04/14 03:00:44 INFO Executor: Created or updated repl class loader org.apache.spark.util.MutableURLClassLoader@10b780e5 for default.
[2026-04-14T03:00:44.133+0000] {subprocess.py:106} INFO - 26/04/14 03:00:44 INFO Executor: Fetching file:///home/spark/.ivy2.5.2/jars/org.apache.iceberg_iceberg-spark-runtime-4.0_2.13-1.10.1.jar with timestamp 1776135594039
[2026-04-14T03:00:47.168+0000] {subprocess.py:106} INFO - 26/04/14 03:00:47 INFO Utils: /home/spark/.ivy2.5.2/jars/org.apache.iceberg_iceberg-spark-runtime-4.0_2.13-1.10.1.jar has been previously copied to /tmp/spark-eb8605ba-88e2-4dcb-988f-d84a0500c395/userFiles-d683fdf7-7f15-4636-bb50-a6915f93ad62/org.apache.iceberg_iceberg-spark-runtime-4.0_2.13-1.10.1.jar
[2026-04-14T03:00:47.396+0000] {subprocess.py:106} INFO - 26/04/14 03:00:47 INFO Executor: Fetching spark://spark-master:42887/jars/org.apache.iceberg_iceberg-spark-runtime-4.0_2.13-1.10.1.jar with timestamp 1776135594039
[2026-04-14T03:00:49.045+0000] {subprocess.py:106} INFO - 26/04/14 03:00:49 INFO TransportClientFactory: Successfully created connection to spark-master/172.20.0.5:42887 after 348 ms (0 ms spent in bootstraps)
[2026-04-14T03:00:49.208+0000] {subprocess.py:106} INFO - 26/04/14 03:00:49 INFO Utils: Fetching spark://spark-master:42887/jars/org.apache.iceberg_iceberg-spark-runtime-4.0_2.13-1.10.1.jar to /tmp/spark-eb8605ba-88e2-4dcb-988f-d84a0500c395/userFiles-d683fdf7-7f15-4636-bb50-a6915f93ad62/fetchFileTemp11751019770810766065.tmp
[2026-04-14T03:00:53.313+0000] {subprocess.py:106} INFO - 26/04/14 03:00:53 INFO Utils: /tmp/spark-eb8605ba-88e2-4dcb-988f-d84a0500c395/userFiles-d683fdf7-7f15-4636-bb50-a6915f93ad62/fetchFileTemp11751019770810766065.tmp has been previously copied to /tmp/spark-eb8605ba-88e2-4dcb-988f-d84a0500c395/userFiles-d683fdf7-7f15-4636-bb50-a6915f93ad62/org.apache.iceberg_iceberg-spark-runtime-4.0_2.13-1.10.1.jar
[2026-04-14T03:00:53.383+0000] {subprocess.py:106} INFO - 26/04/14 03:00:53 INFO Executor: Adding file:/tmp/spark-eb8605ba-88e2-4dcb-988f-d84a0500c395/userFiles-d683fdf7-7f15-4636-bb50-a6915f93ad62/org.apache.iceberg_iceberg-spark-runtime-4.0_2.13-1.10.1.jar to class loader default
[2026-04-14T03:00:53.677+0000] {subprocess.py:106} INFO - 26/04/14 03:00:53 INFO Utils: Successfully started service 'org.apache.spark.network.netty.NettyBlockTransferService' on port 36711.
[2026-04-14T03:00:53.687+0000] {subprocess.py:106} INFO - 26/04/14 03:00:53 INFO NettyBlockTransferService: Server created on spark-master:36711
[2026-04-14T03:00:53.859+0000] {subprocess.py:106} INFO - 26/04/14 03:00:53 INFO BlockManager: Using org.apache.spark.storage.RandomBlockReplicationPolicy for block replication policy
[2026-04-14T03:00:54.124+0000] {subprocess.py:106} INFO - 26/04/14 03:00:54 INFO BlockManagerMaster: Registering BlockManager BlockManagerId(driver, spark-master, 36711, None)
[2026-04-14T03:00:54.248+0000] {subprocess.py:106} INFO - 26/04/14 03:00:54 INFO BlockManagerMasterEndpoint: Registering block manager spark-master:36711 with 1048.8 MiB RAM, BlockManagerId(driver, spark-master, 36711, None)
[2026-04-14T03:00:54.274+0000] {subprocess.py:106} INFO - 26/04/14 03:00:54 INFO BlockManagerMaster: Registered BlockManager BlockManagerId(driver, spark-master, 36711, None)
[2026-04-14T03:00:54.282+0000] {subprocess.py:106} INFO - 26/04/14 03:00:54 INFO BlockManager: Initialized BlockManager: BlockManagerId(driver, spark-master, 36711, None)
[2026-04-14T03:04:22.981+0000] {job.py:239} ERROR - Job heartbeat failed with error
Traceback (most recent call last):
  File "/home/airflow/airflow/venv/lib/python3.12/site-packages/sqlalchemy/engine/base.py", line 3371, in _wrap_pool_connect
    return fn()
           ^^^^
  File "/home/airflow/airflow/venv/lib/python3.12/site-packages/sqlalchemy/pool/base.py", line 327, in connect
    return _ConnectionFairy._checkout(self)
           ^^^^^^^^^^^^^^^^^^^^^^^^^^^^^^^^
  File "/home/airflow/airflow/venv/lib/python3.12/site-packages/sqlalchemy/pool/base.py", line 894, in _checkout
    fairy = _ConnectionRecord.checkout(pool)
            ^^^^^^^^^^^^^^^^^^^^^^^^^^^^^^^^
  File "/home/airflow/airflow/venv/lib/python3.12/site-packages/sqlalchemy/pool/base.py", line 493, in checkout
    rec = pool._do_get()
          ^^^^^^^^^^^^^^
  File "/home/airflow/airflow/venv/lib/python3.12/site-packages/sqlalchemy/pool/impl.py", line 256, in _do_get
    return self._create_connection()
           ^^^^^^^^^^^^^^^^^^^^^^^^^
  File "/home/airflow/airflow/venv/lib/python3.12/site-packages/sqlalchemy/pool/base.py", line 273, in _create_connection
    return _ConnectionRecord(self)
           ^^^^^^^^^^^^^^^^^^^^^^^
  File "/home/airflow/airflow/venv/lib/python3.12/site-packages/sqlalchemy/pool/base.py", line 388, in __init__
    self.__connect()
  File "/home/airflow/airflow/venv/lib/python3.12/site-packages/sqlalchemy/pool/base.py", line 690, in __connect
    with util.safe_reraise():
         ^^^^^^^^^^^^^^^^^^^
  File "/home/airflow/airflow/venv/lib/python3.12/site-packages/sqlalchemy/util/langhelpers.py", line 70, in __exit__
    compat.raise_(
  File "/home/airflow/airflow/venv/lib/python3.12/site-packages/sqlalchemy/util/compat.py", line 211, in raise_
    raise exception
  File "/home/airflow/airflow/venv/lib/python3.12/site-packages/sqlalchemy/pool/base.py", line 686, in __connect
    self.dbapi_connection = connection = pool._invoke_creator(self)
                                         ^^^^^^^^^^^^^^^^^^^^^^^^^^
  File "/home/airflow/airflow/venv/lib/python3.12/site-packages/sqlalchemy/engine/create.py", line 574, in connect
    return dialect.connect(*cargs, **cparams)
           ^^^^^^^^^^^^^^^^^^^^^^^^^^^^^^^^^^
  File "/home/airflow/airflow/venv/lib/python3.12/site-packages/sqlalchemy/engine/default.py", line 598, in connect
    return self.dbapi.connect(*cargs, **cparams)
           ^^^^^^^^^^^^^^^^^^^^^^^^^^^^^^^^^^^^^
  File "/home/airflow/airflow/venv/lib/python3.12/site-packages/psycopg2/__init__.py", line 122, in connect
    conn = _connect(dsn, connection_factory=connection_factory, **kwasync)
           ^^^^^^^^^^^^^^^^^^^^^^^^^^^^^^^^^^^^^^^^^^^^^^^^^^^^^^^^^^^^^^^
psycopg2.OperationalError: could not translate host name "***" to address: Temporary failure in name resolution


The above exception was the direct cause of the following exception:

Traceback (most recent call last):
  File "/home/airflow/airflow/venv/lib/python3.12/site-packages/airflow/jobs/job.py", line 207, in heartbeat
    self._merge_from(Job._fetch_from_db(self, session))
                     ^^^^^^^^^^^^^^^^^^^^^^^^^^^^^^^^^
  File "/home/airflow/airflow/venv/lib/python3.12/site-packages/airflow/api_internal/internal_api_call.py", line 166, in wrapper
    return func(*args, **kwargs)
           ^^^^^^^^^^^^^^^^^^^^^
  File "/home/airflow/airflow/venv/lib/python3.12/site-packages/airflow/utils/session.py", line 94, in wrapper
    return func(*args, **kwargs)
           ^^^^^^^^^^^^^^^^^^^^^
  File "/home/airflow/airflow/venv/lib/python3.12/site-packages/airflow/utils/retries.py", line 93, in wrapped_function
    for attempt in run_with_db_retries(max_retries=retries, logger=logger, **retry_kwargs):
                   ^^^^^^^^^^^^^^^^^^^^^^^^^^^^^^^^^^^^^^^^^^^^^^^^^^^^^^^^^^^^^^^^^^^^^^^
  File "/home/airflow/airflow/venv/lib/python3.12/site-packages/tenacity/__init__.py", line 438, in __iter__
    do = self.iter(retry_state=retry_state)
         ^^^^^^^^^^^^^^^^^^^^^^^^^^^^^^^^^^
  File "/home/airflow/airflow/venv/lib/python3.12/site-packages/tenacity/__init__.py", line 371, in iter
    result = action(retry_state)
             ^^^^^^^^^^^^^^^^^^^
  File "/home/airflow/airflow/venv/lib/python3.12/site-packages/tenacity/__init__.py", line 413, in exc_check
    raise retry_exc.reraise()
          ^^^^^^^^^^^^^^^^^^^
  File "/home/airflow/airflow/venv/lib/python3.12/site-packages/tenacity/__init__.py", line 184, in reraise
    raise self.last_attempt.result()
          ^^^^^^^^^^^^^^^^^^^^^^^^^^
  File "/usr/local/lib/python3.12/concurrent/futures/_base.py", line 449, in result
    return self.__get_result()
           ^^^^^^^^^^^^^^^^^^^
  File "/usr/local/lib/python3.12/concurrent/futures/_base.py", line 401, in __get_result
    raise self._exception
  File "/home/airflow/airflow/venv/lib/python3.12/site-packages/airflow/utils/retries.py", line 102, in wrapped_function
    return func(*args, **kwargs)
           ^^^^^^^^^^^^^^^^^^^^^
  File "/home/airflow/airflow/venv/lib/python3.12/site-packages/airflow/jobs/job.py", line 335, in _fetch_from_db
    session.merge(job)
  File "/home/airflow/airflow/venv/lib/python3.12/site-packages/sqlalchemy/orm/session.py", line 3056, in merge
    return self._merge(
           ^^^^^^^^^^^^
  File "/home/airflow/airflow/venv/lib/python3.12/site-packages/sqlalchemy/orm/session.py", line 3136, in _merge
    merged = self.get(
             ^^^^^^^^^
  File "/home/airflow/airflow/venv/lib/python3.12/site-packages/sqlalchemy/orm/session.py", line 2853, in get
    return self._get_impl(
           ^^^^^^^^^^^^^^^
  File "/home/airflow/airflow/venv/lib/python3.12/site-packages/sqlalchemy/orm/session.py", line 2975, in _get_impl
    return db_load_fn(
           ^^^^^^^^^^^
  File "/home/airflow/airflow/venv/lib/python3.12/site-packages/sqlalchemy/orm/loading.py", line 530, in load_on_pk_identity
    session.execute(
  File "/home/airflow/airflow/venv/lib/python3.12/site-packages/sqlalchemy/orm/session.py", line 1716, in execute
    conn = self._connection_for_bind(bind)
           ^^^^^^^^^^^^^^^^^^^^^^^^^^^^^^^
  File "/home/airflow/airflow/venv/lib/python3.12/site-packages/sqlalchemy/orm/session.py", line 1555, in _connection_for_bind
    return self._transaction._connection_for_bind(
           ^^^^^^^^^^^^^^^^^^^^^^^^^^^^^^^^^^^^^^^
  File "/home/airflow/airflow/venv/lib/python3.12/site-packages/sqlalchemy/orm/session.py", line 750, in _connection_for_bind
    conn = bind.connect()
           ^^^^^^^^^^^^^^
  File "/home/airflow/airflow/venv/lib/python3.12/site-packages/sqlalchemy/future/engine.py", line 412, in connect
    return super(Engine, self).connect()
           ^^^^^^^^^^^^^^^^^^^^^^^^^^^^^
  File "/home/airflow/airflow/venv/lib/python3.12/site-packages/sqlalchemy/engine/base.py", line 3325, in connect
    return self._connection_cls(self, close_with_result=close_with_result)
           ^^^^^^^^^^^^^^^^^^^^^^^^^^^^^^^^^^^^^^^^^^^^^^^^^^^^^^^^^^^^^^^
  File "/home/airflow/airflow/venv/lib/python3.12/site-packages/sqlalchemy/engine/base.py", line 96, in __init__
    else engine.raw_connection()
         ^^^^^^^^^^^^^^^^^^^^^^^
  File "/home/airflow/airflow/venv/lib/python3.12/site-packages/sqlalchemy/engine/base.py", line 3404, in raw_connection
    return self._wrap_pool_connect(self.pool.connect, _connection)
           ^^^^^^^^^^^^^^^^^^^^^^^^^^^^^^^^^^^^^^^^^^^^^^^^^^^^^^^
  File "/home/airflow/airflow/venv/lib/python3.12/site-packages/sqlalchemy/engine/base.py", line 3374, in _wrap_pool_connect
    Connection._handle_dbapi_exception_noconnection(
  File "/home/airflow/airflow/venv/lib/python3.12/site-packages/sqlalchemy/engine/base.py", line 2208, in _handle_dbapi_exception_noconnection
    util.raise_(
  File "/home/airflow/airflow/venv/lib/python3.12/site-packages/sqlalchemy/util/compat.py", line 211, in raise_
    raise exception
  File "/home/airflow/airflow/venv/lib/python3.12/site-packages/sqlalchemy/engine/base.py", line 3371, in _wrap_pool_connect
    return fn()
           ^^^^
  File "/home/airflow/airflow/venv/lib/python3.12/site-packages/sqlalchemy/pool/base.py", line 327, in connect
    return _ConnectionFairy._checkout(self)
           ^^^^^^^^^^^^^^^^^^^^^^^^^^^^^^^^
  File "/home/airflow/airflow/venv/lib/python3.12/site-packages/sqlalchemy/pool/base.py", line 894, in _checkout
    fairy = _ConnectionRecord.checkout(pool)
            ^^^^^^^^^^^^^^^^^^^^^^^^^^^^^^^^
  File "/home/airflow/airflow/venv/lib/python3.12/site-packages/sqlalchemy/pool/base.py", line 493, in checkout
    rec = pool._do_get()
          ^^^^^^^^^^^^^^
  File "/home/airflow/airflow/venv/lib/python3.12/site-packages/sqlalchemy/pool/impl.py", line 256, in _do_get
    return self._create_connection()
           ^^^^^^^^^^^^^^^^^^^^^^^^^
  File "/home/airflow/airflow/venv/lib/python3.12/site-packages/sqlalchemy/pool/base.py", line 273, in _create_connection
    return _ConnectionRecord(self)
           ^^^^^^^^^^^^^^^^^^^^^^^
  File "/home/airflow/airflow/venv/lib/python3.12/site-packages/sqlalchemy/pool/base.py", line 388, in __init__
    self.__connect()
  File "/home/airflow/airflow/venv/lib/python3.12/site-packages/sqlalchemy/pool/base.py", line 690, in __connect
    with util.safe_reraise():
         ^^^^^^^^^^^^^^^^^^^
  File "/home/airflow/airflow/venv/lib/python3.12/site-packages/sqlalchemy/util/langhelpers.py", line 70, in __exit__
    compat.raise_(
  File "/home/airflow/airflow/venv/lib/python3.12/site-packages/sqlalchemy/util/compat.py", line 211, in raise_
    raise exception
  File "/home/airflow/airflow/venv/lib/python3.12/site-packages/sqlalchemy/pool/base.py", line 686, in __connect
    self.dbapi_connection = connection = pool._invoke_creator(self)
                                         ^^^^^^^^^^^^^^^^^^^^^^^^^^
  File "/home/airflow/airflow/venv/lib/python3.12/site-packages/sqlalchemy/engine/create.py", line 574, in connect
    return dialect.connect(*cargs, **cparams)
           ^^^^^^^^^^^^^^^^^^^^^^^^^^^^^^^^^^
  File "/home/airflow/airflow/venv/lib/python3.12/site-packages/sqlalchemy/engine/default.py", line 598, in connect
    return self.dbapi.connect(*cargs, **cparams)
           ^^^^^^^^^^^^^^^^^^^^^^^^^^^^^^^^^^^^^
  File "/home/airflow/airflow/venv/lib/python3.12/site-packages/psycopg2/__init__.py", line 122, in connect
    conn = _connect(dsn, connection_factory=connection_factory, **kwasync)
           ^^^^^^^^^^^^^^^^^^^^^^^^^^^^^^^^^^^^^^^^^^^^^^^^^^^^^^^^^^^^^^^
sqlalchemy.exc.OperationalError: (psycopg2.OperationalError) could not translate host name "***" to address: Temporary failure in name resolution

(Background on this error at: https://sqlalche.me/e/14/e3q8)
[2026-04-14T03:07:51.647+0000] {job.py:254} ERROR - Job heartbeat failed with error. Scheduler is in unhealthy state
[2026-04-14T03:07:52.018+0000] {local_task_job_runner.py:228} ERROR - Heartbeat time limit exceeded!
[2026-04-14T03:07:52.194+0000] {local_task_job_runner.py:245} INFO - ::endgroup::
[2026-04-14T03:07:52.708+0000] {process_utils.py:132} INFO - Sending 15 to group 219. PIDs of all processes in the group: [253, 259, 219]
[2026-04-14T03:07:52.813+0000] {process_utils.py:87} INFO - Sending the signal 15 to group 219
[2026-04-14T03:07:53.292+0000] {taskinstance.py:3093} ERROR - Received SIGTERM. Terminating subprocesses.
[2026-04-14T03:07:53.914+0000] {subprocess.py:117} INFO - Sending SIGTERM signal to process group
[2026-04-14T03:07:54.913+0000] {process_utils.py:80} INFO - Process psutil.Process(pid=259, status='terminated', started='02:59:02') (259) terminated with exit code None
