[2026-04-11T16:11:50.094+0000] {local_task_job_runner.py:123} INFO - ::group::Pre task execution logs
[2026-04-11T16:11:50.118+0000] {taskinstance.py:2613} INFO - Dependencies all met for dep_context=non-requeueable deps ti=<TaskInstance: weather_real_time_pipeline_v2.check_spark_before_start scheduled__2026-04-11T16:05:00+00:00 [queued]>
[2026-04-11T16:11:50.126+0000] {taskinstance.py:2613} INFO - Dependencies all met for dep_context=requeueable deps ti=<TaskInstance: weather_real_time_pipeline_v2.check_spark_before_start scheduled__2026-04-11T16:05:00+00:00 [queued]>
[2026-04-11T16:11:50.126+0000] {taskinstance.py:2866} INFO - Starting attempt 1 of 2
[2026-04-11T16:11:50.140+0000] {taskinstance.py:2889} INFO - Executing <Task(ShortCircuitOperator): check_spark_before_start> on 2026-04-11 16:05:00+00:00
[2026-04-11T16:11:50.147+0000] {standard_task_runner.py:104} INFO - Running: ['airflow', 'tasks', 'run', 'weather_real_time_pipeline_v2', 'check_spark_before_start', 'scheduled__2026-04-11T16:05:00+00:00', '--job-id', '213', '--raw', '--subdir', 'DAGS_FOLDER/weather_pipeline_dag.py', '--cfg-path', '/tmp/tmppkkj7x37']
[2026-04-11T16:11:50.149+0000] {standard_task_runner.py:105} INFO - Job 213: Subtask check_spark_before_start
[2026-04-11T16:11:50.149+0000] {logging_mixin.py:190} WARNING - /home/airflow/airflow/venv/lib/python3.12/site-packages/airflow/task/task_runner/standard_task_runner.py:70 DeprecationWarning: This process (pid=129231) is multi-threaded, use of fork() may lead to deadlocks in the child.
[2026-04-11T16:11:50.150+0000] {standard_task_runner.py:72} INFO - Started process 129247 to run task
[2026-04-11T16:11:50.222+0000] {task_command.py:467} INFO - Running <TaskInstance: weather_real_time_pipeline_v2.check_spark_before_start scheduled__2026-04-11T16:05:00+00:00 [running]> on host airflow
[2026-04-11T16:11:50.381+0000] {taskinstance.py:3132} INFO - Exporting env vars: AIRFLOW_CTX_DAG_OWNER='van' AIRFLOW_CTX_DAG_ID='weather_real_time_pipeline_v2' AIRFLOW_CTX_TASK_ID='check_spark_before_start' AIRFLOW_CTX_EXECUTION_DATE='2026-04-11T16:05:00+00:00' AIRFLOW_CTX_TRY_NUMBER='1' AIRFLOW_CTX_DAG_RUN_ID='scheduled__2026-04-11T16:05:00+00:00'
[2026-04-11T16:11:50.383+0000] {taskinstance.py:731} INFO - ::endgroup::
[2026-04-11T16:11:50.402+0000] {baseoperator.py:421} WARNING - ShortCircuitOperator.execute cannot be called outside TaskInstance!
[2026-04-11T16:11:50.565+0000] {logging_mixin.py:190} INFO - Không thấy job. Sẽ kích hoạt khởi động...
[2026-04-11T16:11:50.565+0000] {python.py:240} INFO - Done. Returned value was: True
[2026-04-11T16:11:50.567+0000] {python.py:309} INFO - Condition result is True
[2026-04-11T16:11:50.567+0000] {python.py:312} INFO - Proceeding with downstream tasks...
[2026-04-11T16:11:50.614+0000] {taskinstance.py:340} INFO - ::group::Post task execution logs
[2026-04-11T16:11:50.617+0000] {taskinstance.py:352} INFO - Marking task as SUCCESS. dag_id=weather_real_time_pipeline_v2, task_id=check_spark_before_start, run_id=scheduled__2026-04-11T16:05:00+00:00, execution_date=20260411T160500, start_date=20260411T161150, end_date=20260411T161150
[2026-04-11T16:11:50.645+0000] {local_task_job_runner.py:266} INFO - Task exited with return code 0
[2026-04-11T16:11:50.698+0000] {taskinstance.py:3895} INFO - 1 downstream tasks scheduled from follow-on schedule check
[2026-04-11T16:11:50.701+0000] {local_task_job_runner.py:245} INFO - ::endgroup::
[2026-04-11T16:13:53.464+0000] {local_task_job_runner.py:123} INFO - ::group::Pre task execution logs
[2026-04-11T16:13:53.490+0000] {taskinstance.py:2613} INFO - Dependencies all met for dep_context=non-requeueable deps ti=<TaskInstance: weather_real_time_pipeline_v2.check_spark_before_start scheduled__2026-04-11T16:05:00+00:00 [queued]>
[2026-04-11T16:13:53.499+0000] {taskinstance.py:2613} INFO - Dependencies all met for dep_context=requeueable deps ti=<TaskInstance: weather_real_time_pipeline_v2.check_spark_before_start scheduled__2026-04-11T16:05:00+00:00 [queued]>
[2026-04-11T16:13:53.499+0000] {taskinstance.py:2866} INFO - Starting attempt 1 of 2
[2026-04-11T16:13:53.512+0000] {taskinstance.py:2889} INFO - Executing <Task(ShortCircuitOperator): check_spark_before_start> on 2026-04-11 16:05:00+00:00
[2026-04-11T16:13:53.518+0000] {standard_task_runner.py:104} INFO - Running: ['airflow', 'tasks', 'run', 'weather_real_time_pipeline_v2', 'check_spark_before_start', 'scheduled__2026-04-11T16:05:00+00:00', '--job-id', '217', '--raw', '--subdir', 'DAGS_FOLDER/weather_pipeline_dag.py', '--cfg-path', '/tmp/tmpy2epuoeo']
[2026-04-11T16:13:53.520+0000] {standard_task_runner.py:105} INFO - Job 217: Subtask check_spark_before_start
[2026-04-11T16:13:53.520+0000] {logging_mixin.py:190} WARNING - /home/airflow/airflow/venv/lib/python3.12/site-packages/airflow/task/task_runner/standard_task_runner.py:70 DeprecationWarning: This process (pid=134646) is multi-threaded, use of fork() may lead to deadlocks in the child.
[2026-04-11T16:13:53.521+0000] {standard_task_runner.py:72} INFO - Started process 134662 to run task
[2026-04-11T16:13:53.591+0000] {task_command.py:467} INFO - Running <TaskInstance: weather_real_time_pipeline_v2.check_spark_before_start scheduled__2026-04-11T16:05:00+00:00 [running]> on host airflow
[2026-04-11T16:13:53.687+0000] {taskinstance.py:3132} INFO - Exporting env vars: AIRFLOW_CTX_DAG_OWNER='van' AIRFLOW_CTX_DAG_ID='weather_real_time_pipeline_v2' AIRFLOW_CTX_TASK_ID='check_spark_before_start' AIRFLOW_CTX_EXECUTION_DATE='2026-04-11T16:05:00+00:00' AIRFLOW_CTX_TRY_NUMBER='1' AIRFLOW_CTX_DAG_RUN_ID='scheduled__2026-04-11T16:05:00+00:00'
[2026-04-11T16:13:53.688+0000] {taskinstance.py:731} INFO - ::endgroup::
[2026-04-11T16:13:53.699+0000] {baseoperator.py:421} WARNING - ShortCircuitOperator.execute cannot be called outside TaskInstance!
[2026-04-11T16:13:53.828+0000] {logging_mixin.py:190} INFO - Không thấy job. Sẽ kích hoạt khởi động...
[2026-04-11T16:13:53.829+0000] {python.py:240} INFO - Done. Returned value was: True
[2026-04-11T16:13:53.830+0000] {python.py:309} INFO - Condition result is True
[2026-04-11T16:13:53.831+0000] {python.py:312} INFO - Proceeding with downstream tasks...
[2026-04-11T16:13:53.868+0000] {taskinstance.py:340} INFO - ::group::Post task execution logs
[2026-04-11T16:13:53.868+0000] {taskinstance.py:352} INFO - Marking task as SUCCESS. dag_id=weather_real_time_pipeline_v2, task_id=check_spark_before_start, run_id=scheduled__2026-04-11T16:05:00+00:00, execution_date=20260411T160500, start_date=20260411T161353, end_date=20260411T161353
[2026-04-11T16:13:53.887+0000] {local_task_job_runner.py:266} INFO - Task exited with return code 0
[2026-04-11T16:13:53.918+0000] {taskinstance.py:3895} INFO - 1 downstream tasks scheduled from follow-on schedule check
[2026-04-11T16:13:53.920+0000] {local_task_job_runner.py:245} INFO - ::endgroup::
