[2026-04-14T06:52:11.287+0000] {local_task_job_runner.py:123} INFO - ::group::Pre task execution logs
[2026-04-14T06:52:11.314+0000] {taskinstance.py:2613} INFO - Dependencies all met for dep_context=non-requeueable deps ti=<TaskInstance: predict_aqi.wait_for_silver_data scheduled__2026-04-14T05:00:00+00:00 [queued]>
[2026-04-14T06:52:11.330+0000] {taskinstance.py:2613} INFO - Dependencies all met for dep_context=requeueable deps ti=<TaskInstance: predict_aqi.wait_for_silver_data scheduled__2026-04-14T05:00:00+00:00 [queued]>
[2026-04-14T06:52:11.331+0000] {taskinstance.py:2866} INFO - Starting attempt 1 of 3
[2026-04-14T06:52:11.346+0000] {taskinstance.py:2889} INFO - Executing <Task(BashSensor): wait_for_silver_data> on 2026-04-14 05:00:00+00:00
[2026-04-14T06:52:11.360+0000] {standard_task_runner.py:104} INFO - Running: ['airflow', 'tasks', 'run', 'predict_aqi', 'wait_for_silver_data', 'scheduled__2026-04-14T05:00:00+00:00', '--job-id', '275', '--raw', '--subdir', 'DAGS_FOLDER/dag_ml.py', '--cfg-path', '/tmp/tmpcer9exi5']
[2026-04-14T06:52:11.362+0000] {standard_task_runner.py:105} INFO - Job 275: Subtask wait_for_silver_data
[2026-04-14T06:52:11.366+0000] {logging_mixin.py:190} WARNING - /home/airflow/airflow/venv/lib/python3.12/site-packages/airflow/task/task_runner/standard_task_runner.py:70 DeprecationWarning: This process (pid=174) is multi-threaded, use of fork() may lead to deadlocks in the child.
[2026-04-14T06:52:11.367+0000] {standard_task_runner.py:72} INFO - Started process 188 to run task
[2026-04-14T06:52:11.544+0000] {task_command.py:467} INFO - Running <TaskInstance: predict_aqi.wait_for_silver_data scheduled__2026-04-14T05:00:00+00:00 [running]> on host airflow
[2026-04-14T06:52:11.728+0000] {taskinstance.py:3132} INFO - Exporting env vars: AIRFLOW_CTX_DAG_OWNER='airflow' AIRFLOW_CTX_DAG_ID='predict_aqi' AIRFLOW_CTX_TASK_ID='wait_for_silver_data' AIRFLOW_CTX_EXECUTION_DATE='2026-04-14T05:00:00+00:00' AIRFLOW_CTX_TRY_NUMBER='1' AIRFLOW_CTX_DAG_RUN_ID='scheduled__2026-04-14T05:00:00+00:00'
[2026-04-14T06:52:11.729+0000] {taskinstance.py:731} INFO - ::endgroup::
[2026-04-14T06:52:11.767+0000] {bash.py:72} INFO - Tmp dir root location: /tmp
[2026-04-14T06:52:11.778+0000] {bash.py:80} INFO - Temporary script location: /tmp/airflowtmpwgebrmb8//tmp/airflowtmpwgebrmb8/wait_for_silver_datanfunmh63
[2026-04-14T06:52:11.779+0000] {bash.py:81} INFO - Running command: 
        count=$(docker exec trino trino --execute "
            SELECT COUNT(*) FROM iceberg.air_quality_db.air_quality_silver;
        " | tail -n 1 | tr -d '"[:space:]')

        echo "Record count: $count"

        if [ "$count" -gt 0 ]; then
            exit 0
        else
            exit 1
        fi
        
[2026-04-14T06:52:11.816+0000] {bash.py:93} INFO - Output:
[2026-04-14T06:52:34.583+0000] {bash.py:95} INFO - Query 20260414_065215_00000_xtvmy failed: Failed connecting to Hive metastore: [23133083thuyvan-master:9083]
[2026-04-14T06:52:34.593+0000] {bash.py:95} INFO - 
[2026-04-14T06:52:34.618+0000] {bash.py:95} INFO - Record count:
[2026-04-14T06:52:34.619+0000] {bash.py:95} INFO - /tmp/airflowtmpwgebrmb8/wait_for_silver_datanfunmh63: line 8: [: : integer expression expected
[2026-04-14T06:52:34.621+0000] {bash.py:97} INFO - Command exited with return code 1
[2026-04-14T06:52:34.622+0000] {bash.py:113} INFO - Non-zero return code and no retry code set, will retry later
[2026-04-14T06:53:04.621+0000] {bash.py:72} INFO - Tmp dir root location: /tmp
[2026-04-14T06:53:04.634+0000] {bash.py:80} INFO - Temporary script location: /tmp/airflowtmpetkzja4g//tmp/airflowtmpetkzja4g/wait_for_silver_datab5ftxd4u
[2026-04-14T06:53:04.636+0000] {bash.py:81} INFO - Running command: 
        count=$(docker exec trino trino --execute "
            SELECT COUNT(*) FROM iceberg.air_quality_db.air_quality_silver;
        " | tail -n 1 | tr -d '"[:space:]')

        echo "Record count: $count"

        if [ "$count" -gt 0 ]; then
            exit 0
        else
            exit 1
        fi
        
[2026-04-14T06:53:04.668+0000] {bash.py:93} INFO - Output:
[2026-04-14T06:53:32.285+0000] {bash.py:95} INFO - Record count: 100
[2026-04-14T06:53:32.295+0000] {bash.py:97} INFO - Command exited with return code 0
[2026-04-14T06:53:32.306+0000] {base.py:336} INFO - Success criteria met. Exiting.
[2026-04-14T06:53:32.840+0000] {taskinstance.py:340} INFO - ::group::Post task execution logs
[2026-04-14T06:53:32.850+0000] {taskinstance.py:352} INFO - Marking task as SUCCESS. dag_id=predict_aqi, task_id=wait_for_silver_data, run_id=scheduled__2026-04-14T05:00:00+00:00, execution_date=20260414T050000, start_date=20260414T065211, end_date=20260414T065332
[2026-04-14T06:53:33.063+0000] {local_task_job_runner.py:266} INFO - Task exited with return code 0
[2026-04-14T06:53:33.332+0000] {taskinstance.py:3895} INFO - 1 downstream tasks scheduled from follow-on schedule check
[2026-04-14T06:53:33.336+0000] {local_task_job_runner.py:245} INFO - ::endgroup::
