[2026-04-12T04:40:01.406+0000] {local_task_job_runner.py:123} INFO - ::group::Pre task execution logs
[2026-04-12T04:40:01.450+0000] {taskinstance.py:2613} INFO - Dependencies all met for dep_context=non-requeueable deps ti=<TaskInstance: weather_real_time_pipeline_v2.check_spark_before_start scheduled__2026-04-12T04:38:00+00:00 [queued]>
[2026-04-12T04:40:01.469+0000] {taskinstance.py:2613} INFO - Dependencies all met for dep_context=requeueable deps ti=<TaskInstance: weather_real_time_pipeline_v2.check_spark_before_start scheduled__2026-04-12T04:38:00+00:00 [queued]>
[2026-04-12T04:40:01.470+0000] {taskinstance.py:2866} INFO - Starting attempt 1 of 4
[2026-04-12T04:40:01.491+0000] {taskinstance.py:2889} INFO - Executing <Task(ShortCircuitOperator): check_spark_before_start> on 2026-04-12 04:38:00+00:00
[2026-04-12T04:40:01.501+0000] {standard_task_runner.py:104} INFO - Running: ['airflow', 'tasks', 'run', 'weather_real_time_pipeline_v2', 'check_spark_before_start', 'scheduled__2026-04-12T04:38:00+00:00', '--job-id', '250', '--raw', '--subdir', 'DAGS_FOLDER/weather_pipeline_dag.py', '--cfg-path', '/tmp/tmpruz0ly2o']
[2026-04-12T04:40:01.505+0000] {logging_mixin.py:190} WARNING - /home/airflow/airflow/venv/lib/python3.12/site-packages/airflow/task/task_runner/standard_task_runner.py:70 DeprecationWarning: This process (pid=51550) is multi-threaded, use of fork() may lead to deadlocks in the child.
[2026-04-12T04:40:01.506+0000] {standard_task_runner.py:105} INFO - Job 250: Subtask check_spark_before_start
[2026-04-12T04:40:01.507+0000] {standard_task_runner.py:72} INFO - Started process 51567 to run task
[2026-04-12T04:40:01.602+0000] {task_command.py:467} INFO - Running <TaskInstance: weather_real_time_pipeline_v2.check_spark_before_start scheduled__2026-04-12T04:38:00+00:00 [running]> on host airflow
[2026-04-12T04:40:01.748+0000] {taskinstance.py:3132} INFO - Exporting env vars: AIRFLOW_CTX_DAG_OWNER='airflow' AIRFLOW_CTX_DAG_ID='weather_real_time_pipeline_v2' AIRFLOW_CTX_TASK_ID='check_spark_before_start' AIRFLOW_CTX_EXECUTION_DATE='2026-04-12T04:38:00+00:00' AIRFLOW_CTX_TRY_NUMBER='1' AIRFLOW_CTX_DAG_RUN_ID='scheduled__2026-04-12T04:38:00+00:00'
[2026-04-12T04:40:01.752+0000] {taskinstance.py:731} INFO - ::endgroup::
[2026-04-12T04:40:01.783+0000] {baseoperator.py:421} WARNING - ShortCircuitOperator.execute cannot be called outside TaskInstance!
[2026-04-12T04:40:01.967+0000] {logging_mixin.py:190} INFO - Job 'weather_streaming.py' đang chạy. Sẽ skip task khởi động.
[2026-04-12T04:40:01.968+0000] {python.py:240} INFO - Done. Returned value was: False
[2026-04-12T04:40:01.971+0000] {python.py:309} INFO - Condition result is False
[2026-04-12T04:40:01.974+0000] {python.py:336} INFO - Skipping downstream tasks
[2026-04-12T04:40:02.047+0000] {python.py:344} INFO - Done.
[2026-04-12T04:40:02.095+0000] {taskinstance.py:340} INFO - ::group::Post task execution logs
[2026-04-12T04:40:02.096+0000] {taskinstance.py:352} INFO - Marking task as SUCCESS. dag_id=weather_real_time_pipeline_v2, task_id=check_spark_before_start, run_id=scheduled__2026-04-12T04:38:00+00:00, execution_date=20260412T043800, start_date=20260412T044001, end_date=20260412T044002
[2026-04-12T04:40:02.119+0000] {local_task_job_runner.py:266} INFO - Task exited with return code 0
[2026-04-12T04:40:02.150+0000] {taskinstance.py:3895} INFO - 0 downstream tasks scheduled from follow-on schedule check
[2026-04-12T04:40:02.154+0000] {local_task_job_runner.py:245} INFO - ::endgroup::
[2026-04-12T04:41:41.798+0000] {local_task_job_runner.py:123} INFO - ::group::Pre task execution logs
[2026-04-12T04:41:41.830+0000] {taskinstance.py:2613} INFO - Dependencies all met for dep_context=non-requeueable deps ti=<TaskInstance: weather_real_time_pipeline_v2.check_spark_before_start scheduled__2026-04-12T04:38:00+00:00 [queued]>
[2026-04-12T04:41:41.843+0000] {taskinstance.py:2613} INFO - Dependencies all met for dep_context=requeueable deps ti=<TaskInstance: weather_real_time_pipeline_v2.check_spark_before_start scheduled__2026-04-12T04:38:00+00:00 [queued]>
[2026-04-12T04:41:41.844+0000] {taskinstance.py:2866} INFO - Starting attempt 1 of 4
[2026-04-12T04:41:41.869+0000] {taskinstance.py:2889} INFO - Executing <Task(ShortCircuitOperator): check_spark_before_start> on 2026-04-12 04:38:00+00:00
[2026-04-12T04:41:41.882+0000] {standard_task_runner.py:104} INFO - Running: ['airflow', 'tasks', 'run', 'weather_real_time_pipeline_v2', 'check_spark_before_start', 'scheduled__2026-04-12T04:38:00+00:00', '--job-id', '254', '--raw', '--subdir', 'DAGS_FOLDER/weather_pipeline_dag.py', '--cfg-path', '/tmp/tmpj50cy_xu']
[2026-04-12T04:41:41.885+0000] {standard_task_runner.py:105} INFO - Job 254: Subtask check_spark_before_start
[2026-04-12T04:41:41.889+0000] {logging_mixin.py:190} WARNING - /home/airflow/airflow/venv/lib/python3.12/site-packages/airflow/task/task_runner/standard_task_runner.py:70 DeprecationWarning: This process (pid=55743) is multi-threaded, use of fork() may lead to deadlocks in the child.
[2026-04-12T04:41:41.890+0000] {standard_task_runner.py:72} INFO - Started process 55759 to run task
[2026-04-12T04:41:42.012+0000] {task_command.py:467} INFO - Running <TaskInstance: weather_real_time_pipeline_v2.check_spark_before_start scheduled__2026-04-12T04:38:00+00:00 [running]> on host airflow
[2026-04-12T04:41:42.211+0000] {taskinstance.py:3132} INFO - Exporting env vars: AIRFLOW_CTX_DAG_OWNER='airflow' AIRFLOW_CTX_DAG_ID='weather_real_time_pipeline_v2' AIRFLOW_CTX_TASK_ID='check_spark_before_start' AIRFLOW_CTX_EXECUTION_DATE='2026-04-12T04:38:00+00:00' AIRFLOW_CTX_TRY_NUMBER='1' AIRFLOW_CTX_DAG_RUN_ID='scheduled__2026-04-12T04:38:00+00:00'
[2026-04-12T04:41:42.215+0000] {taskinstance.py:731} INFO - ::endgroup::
[2026-04-12T04:41:42.239+0000] {baseoperator.py:421} WARNING - ShortCircuitOperator.execute cannot be called outside TaskInstance!
[2026-04-12T04:41:42.482+0000] {logging_mixin.py:190} INFO - Job 'weather_streaming.py' đang chạy. Sẽ skip task khởi động.
[2026-04-12T04:41:42.484+0000] {python.py:240} INFO - Done. Returned value was: False
[2026-04-12T04:41:42.487+0000] {python.py:309} INFO - Condition result is False
[2026-04-12T04:41:42.487+0000] {python.py:336} INFO - Skipping downstream tasks
[2026-04-12T04:41:42.553+0000] {python.py:344} INFO - Done.
[2026-04-12T04:41:42.608+0000] {taskinstance.py:340} INFO - ::group::Post task execution logs
[2026-04-12T04:41:42.609+0000] {taskinstance.py:352} INFO - Marking task as SUCCESS. dag_id=weather_real_time_pipeline_v2, task_id=check_spark_before_start, run_id=scheduled__2026-04-12T04:38:00+00:00, execution_date=20260412T043800, start_date=20260412T044141, end_date=20260412T044142
[2026-04-12T04:41:42.634+0000] {local_task_job_runner.py:266} INFO - Task exited with return code 0
[2026-04-12T04:41:42.665+0000] {taskinstance.py:3895} INFO - 0 downstream tasks scheduled from follow-on schedule check
[2026-04-12T04:41:42.669+0000] {local_task_job_runner.py:245} INFO - ::endgroup::
