[2026-04-13T13:23:37.973+0000] {local_task_job_runner.py:123} INFO - ::group::Pre task execution logs
[2026-04-13T13:23:38.006+0000] {taskinstance.py:2613} INFO - Dependencies all met for dep_context=non-requeueable deps ti=<TaskInstance: predict_aqi.silver_to_gold manual__2026-04-13T13:23:21.829408+00:00 [queued]>
[2026-04-13T13:23:38.020+0000] {taskinstance.py:2613} INFO - Dependencies all met for dep_context=requeueable deps ti=<TaskInstance: predict_aqi.silver_to_gold manual__2026-04-13T13:23:21.829408+00:00 [queued]>
[2026-04-13T13:23:38.021+0000] {taskinstance.py:2866} INFO - Starting attempt 1 of 3
[2026-04-13T13:23:38.042+0000] {taskinstance.py:2889} INFO - Executing <Task(BashOperator): silver_to_gold> on 2026-04-13 13:23:21.829408+00:00
[2026-04-13T13:23:38.052+0000] {standard_task_runner.py:104} INFO - Running: ['airflow', 'tasks', 'run', 'predict_aqi', 'silver_to_gold', 'manual__2026-04-13T13:23:21.829408+00:00', '--job-id', '139', '--raw', '--subdir', 'DAGS_FOLDER/dag_ml.py', '--cfg-path', '/tmp/tmplvhhyqtd']
[2026-04-13T13:23:38.053+0000] {standard_task_runner.py:105} INFO - Job 139: Subtask silver_to_gold
[2026-04-13T13:23:38.057+0000] {logging_mixin.py:190} WARNING - /home/airflow/airflow/venv/lib/python3.12/site-packages/airflow/task/task_runner/standard_task_runner.py:70 DeprecationWarning: This process (pid=34510) is multi-threaded, use of fork() may lead to deadlocks in the child.
[2026-04-13T13:23:38.058+0000] {standard_task_runner.py:72} INFO - Started process 34541 to run task
[2026-04-13T13:23:38.143+0000] {task_command.py:467} INFO - Running <TaskInstance: predict_aqi.silver_to_gold manual__2026-04-13T13:23:21.829408+00:00 [running]> on host airflow
[2026-04-13T13:23:38.262+0000] {taskinstance.py:3132} INFO - Exporting env vars: AIRFLOW_CTX_DAG_OWNER='airflow' AIRFLOW_CTX_DAG_ID='predict_aqi' AIRFLOW_CTX_TASK_ID='silver_to_gold' AIRFLOW_CTX_EXECUTION_DATE='2026-04-13T13:23:21.829408+00:00' AIRFLOW_CTX_TRY_NUMBER='1' AIRFLOW_CTX_DAG_RUN_ID='manual__2026-04-13T13:23:21.829408+00:00'
[2026-04-13T13:23:38.264+0000] {taskinstance.py:731} INFO - ::endgroup::
[2026-04-13T13:23:38.287+0000] {subprocess.py:78} INFO - Tmp dir root location: /tmp
[2026-04-13T13:23:38.292+0000] {subprocess.py:88} INFO - Running command: ['/usr/bin/bash', '-c', '\n            docker exec spark-master spark-submit                 --packages org.apache.iceberg:iceberg-spark-runtime-4.0_2.13:1.10.1                 /home/spark/spark/spark_jobs/silver_to_gold.py 2026-04-13\n        ']
[2026-04-13T13:23:38.303+0000] {subprocess.py:99} INFO - Output:
[2026-04-13T13:23:40.601+0000] {subprocess.py:106} INFO - WARNING: Using incubator modules: jdk.incubator.vector
[2026-04-13T13:23:44.236+0000] {subprocess.py:106} INFO - :: loading settings :: url = jar:file:/home/spark/spark/jars/ivy-2.5.3.jar!/org/apache/ivy/core/settings/ivysettings.xml
[2026-04-13T13:23:44.470+0000] {subprocess.py:106} INFO - Ivy Default Cache set to: /home/spark/.ivy2.5.2/cache
[2026-04-13T13:23:44.471+0000] {subprocess.py:106} INFO - The jars for the packages stored in: /home/spark/.ivy2.5.2/jars
[2026-04-13T13:23:44.487+0000] {subprocess.py:106} INFO - org.apache.iceberg#iceberg-spark-runtime-4.0_2.13 added as a dependency
[2026-04-13T13:23:44.489+0000] {subprocess.py:106} INFO - :: resolving dependencies :: org.apache.spark#spark-submit-parent-78d31fc7-7ea9-4458-949d-1bff76991c73;1.0
[2026-04-13T13:23:44.490+0000] {subprocess.py:106} INFO - 	confs: [default]
[2026-04-13T13:23:44.751+0000] {subprocess.py:106} INFO - 	found org.apache.iceberg#iceberg-spark-runtime-4.0_2.13;1.10.1 in central
[2026-04-13T13:23:44.782+0000] {subprocess.py:106} INFO - :: resolution report :: resolve 283ms :: artifacts dl 9ms
[2026-04-13T13:23:44.783+0000] {subprocess.py:106} INFO - 	:: modules in use:
[2026-04-13T13:23:44.784+0000] {subprocess.py:106} INFO - 	org.apache.iceberg#iceberg-spark-runtime-4.0_2.13;1.10.1 from central in [default]
[2026-04-13T13:23:44.784+0000] {subprocess.py:106} INFO - 	---------------------------------------------------------------------
[2026-04-13T13:23:44.785+0000] {subprocess.py:106} INFO - 	|                  |            modules            ||   artifacts   |
[2026-04-13T13:23:44.786+0000] {subprocess.py:106} INFO - 	|       conf       | number| search|dwnlded|evicted|| number|dwnlded|
[2026-04-13T13:23:44.787+0000] {subprocess.py:106} INFO - 	---------------------------------------------------------------------
[2026-04-13T13:23:44.788+0000] {subprocess.py:106} INFO - 	|      default     |   1   |   0   |   0   |   0   ||   1   |   0   |
[2026-04-13T13:23:44.789+0000] {subprocess.py:106} INFO - 	---------------------------------------------------------------------
[2026-04-13T13:23:44.790+0000] {subprocess.py:106} INFO - :: retrieving :: org.apache.spark#spark-submit-parent-78d31fc7-7ea9-4458-949d-1bff76991c73
[2026-04-13T13:23:44.791+0000] {subprocess.py:106} INFO - 	confs: [default]
[2026-04-13T13:23:44.799+0000] {subprocess.py:106} INFO - 	0 artifacts copied, 1 already retrieved (0kB/8ms)
[2026-04-13T13:23:45.312+0000] {subprocess.py:106} INFO - 26/04/13 13:23:45 WARN NativeCodeLoader: Unable to load native-hadoop library for your platform... using builtin-java classes where applicable
[2026-04-13T13:23:48.940+0000] {subprocess.py:106} INFO - Using Spark's default log4j profile: org/apache/spark/log4j2-defaults.properties
[2026-04-13T13:23:48.960+0000] {subprocess.py:106} INFO - 26/04/13 13:23:48 INFO SparkContext: Running Spark version 4.0.2
[2026-04-13T13:23:48.966+0000] {subprocess.py:106} INFO - 26/04/13 13:23:48 INFO SparkContext: OS info Linux, 6.6.87.2-microsoft-standard-WSL2, amd64
[2026-04-13T13:23:48.971+0000] {subprocess.py:106} INFO - 26/04/13 13:23:48 INFO SparkContext: Java version 21.0.10
[2026-04-13T13:23:49.058+0000] {subprocess.py:106} INFO - 26/04/13 13:23:49 INFO ResourceUtils: ==============================================================
[2026-04-13T13:23:49.059+0000] {subprocess.py:106} INFO - 26/04/13 13:23:49 INFO ResourceUtils: No custom resources configured for spark.driver.
[2026-04-13T13:23:49.061+0000] {subprocess.py:106} INFO - 26/04/13 13:23:49 INFO ResourceUtils: ==============================================================
[2026-04-13T13:23:49.063+0000] {subprocess.py:106} INFO - 26/04/13 13:23:49 INFO SparkContext: Submitted application: Silver_to_Gold
[2026-04-13T13:23:49.161+0000] {subprocess.py:106} INFO - 26/04/13 13:23:49 INFO ResourceProfile: Default ResourceProfile created, executor resources: Map(cores -> name: cores, amount: 2, script: , vendor: , memory -> name: memory, amount: 2048, script: , vendor: , offHeap -> name: offHeap, amount: 0, script: , vendor: ), task resources: Map(cpus -> name: cpus, amount: 1.0)
[2026-04-13T13:23:49.177+0000] {subprocess.py:106} INFO - 26/04/13 13:23:49 INFO ResourceProfile: Limiting resource is cpus at 2 tasks per executor
[2026-04-13T13:23:49.182+0000] {subprocess.py:106} INFO - 26/04/13 13:23:49 INFO ResourceProfileManager: Added ResourceProfile id: 0
[2026-04-13T13:23:49.377+0000] {subprocess.py:106} INFO - 26/04/13 13:23:49 INFO SecurityManager: Changing view acls to: spark
[2026-04-13T13:23:49.381+0000] {subprocess.py:106} INFO - 26/04/13 13:23:49 INFO SecurityManager: Changing modify acls to: spark
[2026-04-13T13:23:49.383+0000] {subprocess.py:106} INFO - 26/04/13 13:23:49 INFO SecurityManager: Changing view acls groups to: spark
[2026-04-13T13:23:49.385+0000] {subprocess.py:106} INFO - 26/04/13 13:23:49 INFO SecurityManager: Changing modify acls groups to: spark
[2026-04-13T13:23:49.403+0000] {subprocess.py:106} INFO - 26/04/13 13:23:49 INFO SecurityManager: SecurityManager: authentication disabled; ui acls disabled; users with view permissions: spark groups with view permissions: EMPTY; users with modify permissions: spark; groups with modify permissions: EMPTY; RPC SSL disabled
[2026-04-13T13:23:50.699+0000] {subprocess.py:106} INFO - 26/04/13 13:23:50 INFO Utils: Successfully started service 'sparkDriver' on port 39395.
[2026-04-13T13:23:50.817+0000] {subprocess.py:106} INFO - 26/04/13 13:23:50 INFO SparkEnv: Registering MapOutputTracker
[2026-04-13T13:23:50.859+0000] {subprocess.py:106} INFO - 26/04/13 13:23:50 INFO SparkEnv: Registering BlockManagerMaster
[2026-04-13T13:23:50.922+0000] {subprocess.py:106} INFO - 26/04/13 13:23:50 INFO BlockManagerMasterEndpoint: Using org.apache.spark.storage.DefaultTopologyMapper for getting topology information
[2026-04-13T13:23:50.923+0000] {subprocess.py:106} INFO - 26/04/13 13:23:50 INFO BlockManagerMasterEndpoint: BlockManagerMasterEndpoint up
[2026-04-13T13:23:50.944+0000] {subprocess.py:106} INFO - 26/04/13 13:23:50 INFO SparkEnv: Registering BlockManagerMasterHeartbeat
[2026-04-13T13:23:51.089+0000] {subprocess.py:106} INFO - 26/04/13 13:23:51 INFO DiskBlockManager: Created local directory at /tmp/blockmgr-046c31bb-028b-48b9-9133-43e3607e8a49
[2026-04-13T13:23:51.149+0000] {subprocess.py:106} INFO - 26/04/13 13:23:51 INFO SparkEnv: Registering OutputCommitCoordinator
[2026-04-13T13:23:51.519+0000] {subprocess.py:106} INFO - 26/04/13 13:23:51 INFO JettyUtils: Start Jetty 0.0.0.0:4040 for SparkUI
[2026-04-13T13:23:51.744+0000] {subprocess.py:106} INFO - 26/04/13 13:23:51 INFO Utils: Successfully started service 'SparkUI' on port 4040.
[2026-04-13T13:23:51.864+0000] {subprocess.py:106} INFO - 26/04/13 13:23:51 INFO SparkContext: Added JAR file:///home/spark/.ivy2.5.2/jars/org.apache.iceberg_iceberg-spark-runtime-4.0_2.13-1.10.1.jar at spark://spark-master:39395/jars/org.apache.iceberg_iceberg-spark-runtime-4.0_2.13-1.10.1.jar with timestamp 1776086628912
[2026-04-13T13:23:51.871+0000] {subprocess.py:106} INFO - 26/04/13 13:23:51 INFO SparkContext: Added file file:///home/spark/.ivy2.5.2/jars/org.apache.iceberg_iceberg-spark-runtime-4.0_2.13-1.10.1.jar at file:///home/spark/.ivy2.5.2/jars/org.apache.iceberg_iceberg-spark-runtime-4.0_2.13-1.10.1.jar with timestamp 1776086628912
[2026-04-13T13:23:51.880+0000] {subprocess.py:106} INFO - 26/04/13 13:23:51 INFO Utils: Copying /home/spark/.ivy2.5.2/jars/org.apache.iceberg_iceberg-spark-runtime-4.0_2.13-1.10.1.jar to /tmp/spark-6821d1c2-b0c6-4495-a67b-35d31d65ed9f/userFiles-0e11b5f4-7fb3-415a-8067-de6d2c8deddf/org.apache.iceberg_iceberg-spark-runtime-4.0_2.13-1.10.1.jar
[2026-04-13T13:23:54.263+0000] {subprocess.py:106} INFO - 26/04/13 13:23:54 INFO SecurityManager: Changing view acls to: spark
[2026-04-13T13:23:54.264+0000] {subprocess.py:106} INFO - 26/04/13 13:23:54 INFO SecurityManager: Changing modify acls to: spark
[2026-04-13T13:23:54.265+0000] {subprocess.py:106} INFO - 26/04/13 13:23:54 INFO SecurityManager: Changing view acls groups to: spark
[2026-04-13T13:23:54.266+0000] {subprocess.py:106} INFO - 26/04/13 13:23:54 INFO SecurityManager: Changing modify acls groups to: spark
[2026-04-13T13:23:54.266+0000] {subprocess.py:106} INFO - 26/04/13 13:23:54 INFO SecurityManager: SecurityManager: authentication disabled; ui acls disabled; users with view permissions: spark groups with view permissions: EMPTY; users with modify permissions: spark; groups with modify permissions: EMPTY; RPC SSL disabled
[2026-04-13T13:23:54.755+0000] {subprocess.py:106} INFO - 26/04/13 13:23:54 INFO Executor: Starting executor ID driver on host spark-master
[2026-04-13T13:23:54.756+0000] {subprocess.py:106} INFO - 26/04/13 13:23:54 INFO Executor: OS info Linux, 6.6.87.2-microsoft-standard-WSL2, amd64
[2026-04-13T13:23:54.757+0000] {subprocess.py:106} INFO - 26/04/13 13:23:54 INFO Executor: Java version 21.0.10
[2026-04-13T13:23:54.784+0000] {subprocess.py:106} INFO - 26/04/13 13:23:54 INFO Executor: Starting executor with user classpath (userClassPathFirst = false): ''
[2026-04-13T13:23:54.787+0000] {subprocess.py:106} INFO - 26/04/13 13:23:54 INFO Executor: Created or updated repl class loader org.apache.spark.util.MutableURLClassLoader@28e07770 for default.
[2026-04-13T13:23:54.807+0000] {subprocess.py:106} INFO - 26/04/13 13:23:54 INFO Executor: Fetching file:///home/spark/.ivy2.5.2/jars/org.apache.iceberg_iceberg-spark-runtime-4.0_2.13-1.10.1.jar with timestamp 1776086628912
[2026-04-13T13:23:54.875+0000] {subprocess.py:106} INFO - 26/04/13 13:23:54 INFO Utils: /home/spark/.ivy2.5.2/jars/org.apache.iceberg_iceberg-spark-runtime-4.0_2.13-1.10.1.jar has been previously copied to /tmp/spark-6821d1c2-b0c6-4495-a67b-35d31d65ed9f/userFiles-0e11b5f4-7fb3-415a-8067-de6d2c8deddf/org.apache.iceberg_iceberg-spark-runtime-4.0_2.13-1.10.1.jar
[2026-04-13T13:23:54.939+0000] {subprocess.py:106} INFO - 26/04/13 13:23:54 INFO Executor: Fetching spark://spark-master:39395/jars/org.apache.iceberg_iceberg-spark-runtime-4.0_2.13-1.10.1.jar with timestamp 1776086628912
[2026-04-13T13:23:55.085+0000] {subprocess.py:106} INFO - 26/04/13 13:23:55 INFO TransportClientFactory: Successfully created connection to spark-master/172.20.0.5:39395 after 64 ms (0 ms spent in bootstraps)
[2026-04-13T13:23:55.118+0000] {subprocess.py:106} INFO - 26/04/13 13:23:55 INFO Utils: Fetching spark://spark-master:39395/jars/org.apache.iceberg_iceberg-spark-runtime-4.0_2.13-1.10.1.jar to /tmp/spark-6821d1c2-b0c6-4495-a67b-35d31d65ed9f/userFiles-0e11b5f4-7fb3-415a-8067-de6d2c8deddf/fetchFileTemp8588839520726138864.tmp
[2026-04-13T13:23:55.842+0000] {subprocess.py:106} INFO - 26/04/13 13:23:55 INFO Utils: /tmp/spark-6821d1c2-b0c6-4495-a67b-35d31d65ed9f/userFiles-0e11b5f4-7fb3-415a-8067-de6d2c8deddf/fetchFileTemp8588839520726138864.tmp has been previously copied to /tmp/spark-6821d1c2-b0c6-4495-a67b-35d31d65ed9f/userFiles-0e11b5f4-7fb3-415a-8067-de6d2c8deddf/org.apache.iceberg_iceberg-spark-runtime-4.0_2.13-1.10.1.jar
[2026-04-13T13:23:55.883+0000] {subprocess.py:106} INFO - 26/04/13 13:23:55 INFO Executor: Adding file:/tmp/spark-6821d1c2-b0c6-4495-a67b-35d31d65ed9f/userFiles-0e11b5f4-7fb3-415a-8067-de6d2c8deddf/org.apache.iceberg_iceberg-spark-runtime-4.0_2.13-1.10.1.jar to class loader default
[2026-04-13T13:23:55.907+0000] {subprocess.py:106} INFO - 26/04/13 13:23:55 INFO Utils: Successfully started service 'org.apache.spark.network.netty.NettyBlockTransferService' on port 46833.
[2026-04-13T13:23:55.908+0000] {subprocess.py:106} INFO - 26/04/13 13:23:55 INFO NettyBlockTransferService: Server created on spark-master:46833
[2026-04-13T13:23:55.911+0000] {subprocess.py:106} INFO - 26/04/13 13:23:55 INFO BlockManager: Using org.apache.spark.storage.RandomBlockReplicationPolicy for block replication policy
[2026-04-13T13:23:55.945+0000] {subprocess.py:106} INFO - 26/04/13 13:23:55 INFO BlockManagerMaster: Registering BlockManager BlockManagerId(driver, spark-master, 46833, None)
[2026-04-13T13:23:55.958+0000] {subprocess.py:106} INFO - 26/04/13 13:23:55 INFO BlockManagerMasterEndpoint: Registering block manager spark-master:46833 with 1048.8 MiB RAM, BlockManagerId(driver, spark-master, 46833, None)
[2026-04-13T13:23:55.965+0000] {subprocess.py:106} INFO - 26/04/13 13:23:55 INFO BlockManagerMaster: Registered BlockManager BlockManagerId(driver, spark-master, 46833, None)
[2026-04-13T13:23:55.968+0000] {subprocess.py:106} INFO - 26/04/13 13:23:55 INFO BlockManager: Initialized BlockManager: BlockManagerId(driver, spark-master, 46833, None)
[2026-04-13T13:24:01.763+0000] {subprocess.py:106} INFO - Đọc dữ liệu Silver từ iceberg.air_quality_db.air_quality_silver
[2026-04-13T13:24:01.792+0000] {subprocess.py:106} INFO - 26/04/13 13:24:01 INFO SharedState: spark.sql.warehouse.dir is not set, but hive.metastore.warehouse.dir is set. Setting spark.sql.warehouse.dir to the value of hive.metastore.warehouse.dir.
[2026-04-13T13:24:03.169+0000] {subprocess.py:106} INFO - 26/04/13 13:24:03 INFO SharedState: Warehouse path is 'hdfs://23133083thuyvan-master:9000/user/hive/lakehouse'.
[2026-04-13T13:24:06.264+0000] {subprocess.py:106} INFO - 26/04/13 13:24:06 INFO CatalogUtil: Loading custom FileIO implementation: org.apache.iceberg.hadoop.HadoopFileIO
[2026-04-13T13:24:06.391+0000] {subprocess.py:106} INFO - 26/04/13 13:24:06 INFO HiveConf: Found configuration file file:/home/spark/spark/conf/hive-site.xml
[2026-04-13T13:24:06.674+0000] {subprocess.py:106} INFO - 26/04/13 13:24:06 INFO metastore: Trying to connect to metastore with URI thrift://23133083thuyvan-master:9083
[2026-04-13T13:24:06.719+0000] {subprocess.py:106} INFO - 26/04/13 13:24:06 INFO metastore: Opened a connection to metastore, current connections: 1
[2026-04-13T13:24:06.811+0000] {subprocess.py:106} INFO - 26/04/13 13:24:06 INFO metastore: Connected to metastore.
[2026-04-13T13:24:07.165+0000] {subprocess.py:106} INFO - 26/04/13 13:24:07 INFO BaseMetastoreTableOperations: Refreshing table metadata from new version: hdfs://23133083thuyvan-master:9000/user/hive/lakehouse/silver/air_quality_silver/metadata/00003-8e71d277-3336-4b24-8390-00b46931a63f.metadata.json
[2026-04-13T13:24:08.789+0000] {subprocess.py:106} INFO - 26/04/13 13:24:08 INFO BaseMetastoreCatalog: Table loaded by catalog: iceberg.air_quality_db.air_quality_silver
[2026-04-13T13:24:11.310+0000] {subprocess.py:106} INFO - 26/04/13 13:24:11 INFO BaseMetastoreTableOperations: Refreshing table metadata from new version: hdfs://23133083thuyvan-master:9000/user/hive/lakehouse/gold/ml/air_quality_gold/metadata/00003-f9a9b3c2-5d1d-4cbe-b2a9-269ebd285690.metadata.json
[2026-04-13T13:24:11.337+0000] {subprocess.py:106} INFO - 26/04/13 13:24:11 INFO BaseMetastoreCatalog: Table loaded by catalog: iceberg.air_quality_ml.air_quality_gold
[2026-04-13T13:24:11.357+0000] {subprocess.py:106} INFO - Bảng đã tồn tại, append dữ liệu vào iceberg.air_quality_ml.air_quality_gold
[2026-04-13T13:24:11.575+0000] {subprocess.py:106} INFO - 26/04/13 13:24:11 INFO V2ScanRelationPushDown:
[2026-04-13T13:24:11.576+0000] {subprocess.py:106} INFO - Output: timestamp#94, location#95, latitude#96, longitude#97, country#98, condition_text#99, timezone#100, temperature_2m#101, relative_humidity_2m#102, apparent_temperature#103, precipitation#104, cloud_cover#105, wind_speed_10m#106, wind_direction_10m#107, wind_gusts_10m#108, uv_index#109, weather_code#110, european_aqi#111, us_aqi#112, us_aqi_index#113, aqi_label#114, pm10#115, pm2_5#116, carbon_monoxide#117, nitrogen_dioxide#118, sulphur_dioxide#119, ozone#120, processing_time#121, data_source#122
[2026-04-13T13:24:11.577+0000] {subprocess.py:106} INFO - 
[2026-04-13T13:24:11.607+0000] {subprocess.py:106} INFO - 26/04/13 13:24:11 INFO SnapshotScan: Scanning table iceberg.air_quality_db.air_quality_silver snapshot 4518274335865062319 created at 2026-04-13T11:48:03.562+00:00 with filter true
[2026-04-13T13:24:12.154+0000] {subprocess.py:106} INFO - 26/04/13 13:24:12 INFO BaseDistributedDataScan: Planning file tasks locally for table iceberg.air_quality_db.air_quality_silver
[2026-04-13T13:24:12.408+0000] {subprocess.py:106} INFO - 26/04/13 13:24:12 INFO SparkPartitioningAwareScan: Reporting UnknownPartitioning with 15 partition(s) for table iceberg.air_quality_db.air_quality_silver
[2026-04-13T13:24:12.614+0000] {subprocess.py:106} INFO - 26/04/13 13:24:12 INFO MemoryStore: MemoryStore started with capacity 1048.8 MiB
[2026-04-13T13:24:13.015+0000] {subprocess.py:106} INFO - 26/04/13 13:24:13 INFO MemoryStore: Block broadcast_0 stored as values in memory (estimated size 32.0 KiB, free 1048.8 MiB)
[2026-04-13T13:24:13.169+0000] {subprocess.py:106} INFO - 26/04/13 13:24:13 INFO MemoryStore: Block broadcast_0_piece0 stored as bytes in memory (estimated size 34.8 KiB, free 1048.7 MiB)
[2026-04-13T13:24:13.188+0000] {subprocess.py:106} INFO - 26/04/13 13:24:13 INFO SparkContext: Created broadcast 0 from broadcast at SparkBatch.java:87
[2026-04-13T13:24:13.334+0000] {subprocess.py:106} INFO - 26/04/13 13:24:13 INFO MemoryStore: Block broadcast_1 stored as values in memory (estimated size 32.0 KiB, free 1048.7 MiB)
[2026-04-13T13:24:13.347+0000] {subprocess.py:106} INFO - 26/04/13 13:24:13 INFO MemoryStore: Block broadcast_1_piece0 stored as bytes in memory (estimated size 34.9 KiB, free 1048.7 MiB)
[2026-04-13T13:24:13.349+0000] {subprocess.py:106} INFO - 26/04/13 13:24:13 INFO SparkContext: Created broadcast 1 from broadcast at SparkBatch.java:87
[2026-04-13T13:24:13.481+0000] {subprocess.py:106} INFO - 26/04/13 13:24:13 WARN SparkStringUtils: Truncated the string representation of a plan since it was too large. This behavior can be adjusted by setting 'spark.sql.debug.maxToStringFields'.
[2026-04-13T13:24:14.340+0000] {subprocess.py:106} INFO - 26/04/13 13:24:14 INFO CodeGenerator: Code generated in 610.438566 ms
[2026-04-13T13:24:14.496+0000] {subprocess.py:106} INFO - 26/04/13 13:24:14 INFO MemoryStore: Block broadcast_2 stored as values in memory (estimated size 32.0 KiB, free 1048.6 MiB)
[2026-04-13T13:24:14.518+0000] {subprocess.py:106} INFO - 26/04/13 13:24:14 INFO MemoryStore: Block broadcast_2_piece0 stored as bytes in memory (estimated size 34.8 KiB, free 1048.6 MiB)
[2026-04-13T13:24:14.523+0000] {subprocess.py:106} INFO - 26/04/13 13:24:14 INFO SparkContext: Created broadcast 2 from broadcast at SparkWrite.java:198
[2026-04-13T13:24:14.536+0000] {subprocess.py:106} INFO - 26/04/13 13:24:14 INFO AppendDataExec: Start processing data source write support: IcebergBatchWrite(table=iceberg.air_quality_ml.air_quality_gold, format=PARQUET). The input RDD has 15} partitions.
[2026-04-13T13:24:14.598+0000] {subprocess.py:106} INFO - 26/04/13 13:24:14 INFO SparkContext: Starting job: append at NativeMethodAccessorImpl.java:0
[2026-04-13T13:24:14.624+0000] {subprocess.py:106} INFO - 26/04/13 13:24:14 INFO DAGScheduler: Got job 0 (append at NativeMethodAccessorImpl.java:0) with 15 output partitions
[2026-04-13T13:24:14.630+0000] {subprocess.py:106} INFO - 26/04/13 13:24:14 INFO DAGScheduler: Final stage: ResultStage 0 (append at NativeMethodAccessorImpl.java:0)
[2026-04-13T13:24:14.635+0000] {subprocess.py:106} INFO - 26/04/13 13:24:14 INFO DAGScheduler: Parents of final stage: List()
[2026-04-13T13:24:14.636+0000] {subprocess.py:106} INFO - 26/04/13 13:24:14 INFO DAGScheduler: Missing parents: List()
[2026-04-13T13:24:14.646+0000] {subprocess.py:106} INFO - 26/04/13 13:24:14 INFO DAGScheduler: Submitting ResultStage 0 (MapPartitionsRDD[2] at append at NativeMethodAccessorImpl.java:0), which has no missing parents
[2026-04-13T13:24:14.773+0000] {subprocess.py:106} INFO - 26/04/13 13:24:14 INFO MemoryStore: Block broadcast_3 stored as values in memory (estimated size 33.8 KiB, free 1048.6 MiB)
[2026-04-13T13:24:14.779+0000] {subprocess.py:106} INFO - 26/04/13 13:24:14 INFO MemoryStore: Block broadcast_3_piece0 stored as bytes in memory (estimated size 10.3 KiB, free 1048.6 MiB)
[2026-04-13T13:24:14.781+0000] {subprocess.py:106} INFO - 26/04/13 13:24:14 INFO SparkContext: Created broadcast 3 from broadcast at DAGScheduler.scala:1676
[2026-04-13T13:24:14.825+0000] {subprocess.py:106} INFO - 26/04/13 13:24:14 INFO DAGScheduler: Submitting 15 missing tasks from ResultStage 0 (MapPartitionsRDD[2] at append at NativeMethodAccessorImpl.java:0) (first 15 tasks are for partitions Vector(0, 1, 2, 3, 4, 5, 6, 7, 8, 9, 10, 11, 12, 13, 14))
[2026-04-13T13:24:14.831+0000] {subprocess.py:106} INFO - 26/04/13 13:24:14 INFO TaskSchedulerImpl: Adding task set 0.0 with 15 tasks resource profile 0
[2026-04-13T13:24:14.924+0000] {subprocess.py:106} INFO - 26/04/13 13:24:14 INFO TaskSetManager: Starting task 0.0 in stage 0.0 (TID 0) (spark-master,executor driver, partition 0, ANY, 21823 bytes)
[2026-04-13T13:24:14.935+0000] {subprocess.py:106} INFO - 26/04/13 13:24:14 INFO TaskSetManager: Starting task 1.0 in stage 0.0 (TID 1) (spark-master,executor driver, partition 1, ANY, 21814 bytes)
[2026-04-13T13:24:14.936+0000] {subprocess.py:106} INFO - 26/04/13 13:24:14 INFO TaskSetManager: Starting task 2.0 in stage 0.0 (TID 2) (spark-master,executor driver, partition 2, ANY, 21803 bytes)
[2026-04-13T13:24:14.939+0000] {subprocess.py:106} INFO - 26/04/13 13:24:14 INFO TaskSetManager: Starting task 3.0 in stage 0.0 (TID 3) (spark-master,executor driver, partition 3, ANY, 21814 bytes)
[2026-04-13T13:24:14.943+0000] {subprocess.py:106} INFO - 26/04/13 13:24:14 INFO TaskSetManager: Starting task 4.0 in stage 0.0 (TID 4) (spark-master,executor driver, partition 4, ANY, 21816 bytes)
[2026-04-13T13:24:14.947+0000] {subprocess.py:106} INFO - 26/04/13 13:24:14 INFO TaskSetManager: Starting task 5.0 in stage 0.0 (TID 5) (spark-master,executor driver, partition 5, ANY, 21812 bytes)
[2026-04-13T13:24:14.950+0000] {subprocess.py:106} INFO - 26/04/13 13:24:14 INFO TaskSetManager: Starting task 6.0 in stage 0.0 (TID 6) (spark-master,executor driver, partition 6, ANY, 21812 bytes)
[2026-04-13T13:24:14.955+0000] {subprocess.py:106} INFO - 26/04/13 13:24:14 INFO TaskSetManager: Starting task 7.0 in stage 0.0 (TID 7) (spark-master,executor driver, partition 7, ANY, 21802 bytes)
[2026-04-13T13:24:14.955+0000] {subprocess.py:106} INFO - 26/04/13 13:24:14 INFO TaskSetManager: Starting task 8.0 in stage 0.0 (TID 8) (spark-master,executor driver, partition 8, ANY, 21812 bytes)
[2026-04-13T13:24:14.956+0000] {subprocess.py:106} INFO - 26/04/13 13:24:14 INFO TaskSetManager: Starting task 9.0 in stage 0.0 (TID 9) (spark-master,executor driver, partition 9, ANY, 21346 bytes)
[2026-04-13T13:24:14.957+0000] {subprocess.py:106} INFO - 26/04/13 13:24:14 INFO TaskSetManager: Starting task 10.0 in stage 0.0 (TID 10) (spark-master,executor driver, partition 10, ANY, 21375 bytes)
[2026-04-13T13:24:14.959+0000] {subprocess.py:106} INFO - 26/04/13 13:24:14 INFO TaskSetManager: Starting task 11.0 in stage 0.0 (TID 11) (spark-master,executor driver, partition 11, ANY, 21379 bytes)
[2026-04-13T13:24:14.963+0000] {subprocess.py:106} INFO - 26/04/13 13:24:14 INFO TaskSetManager: Starting task 12.0 in stage 0.0 (TID 12) (spark-master,executor driver, partition 12, ANY, 21365 bytes)
[2026-04-13T13:24:14.967+0000] {subprocess.py:106} INFO - 26/04/13 13:24:14 INFO TaskSetManager: Starting task 13.0 in stage 0.0 (TID 13) (spark-master,executor driver, partition 13, ANY, 21373 bytes)
[2026-04-13T13:24:14.969+0000] {subprocess.py:106} INFO - 26/04/13 13:24:14 INFO TaskSetManager: Starting task 14.0 in stage 0.0 (TID 14) (spark-master,executor driver, partition 14, ANY, 21355 bytes)
[2026-04-13T13:24:14.988+0000] {subprocess.py:106} INFO - 26/04/13 13:24:14 INFO Executor: Running task 10.0 in stage 0.0 (TID 10)
[2026-04-13T13:24:14.990+0000] {subprocess.py:106} INFO - 26/04/13 13:24:14 INFO Executor: Running task 3.0 in stage 0.0 (TID 3)
[2026-04-13T13:24:14.992+0000] {subprocess.py:106} INFO - 26/04/13 13:24:14 INFO Executor: Running task 1.0 in stage 0.0 (TID 1)
[2026-04-13T13:24:14.994+0000] {subprocess.py:106} INFO - 26/04/13 13:24:14 INFO Executor: Running task 5.0 in stage 0.0 (TID 5)
[2026-04-13T13:24:14.995+0000] {subprocess.py:106} INFO - 26/04/13 13:24:14 INFO Executor: Running task 7.0 in stage 0.0 (TID 7)
[2026-04-13T13:24:14.996+0000] {subprocess.py:106} INFO - 26/04/13 13:24:14 INFO Executor: Running task 4.0 in stage 0.0 (TID 4)
[2026-04-13T13:24:14.997+0000] {subprocess.py:106} INFO - 26/04/13 13:24:14 INFO Executor: Running task 6.0 in stage 0.0 (TID 6)
[2026-04-13T13:24:14.998+0000] {subprocess.py:106} INFO - 26/04/13 13:24:14 INFO Executor: Running task 8.0 in stage 0.0 (TID 8)
[2026-04-13T13:24:14.999+0000] {subprocess.py:106} INFO - 26/04/13 13:24:14 INFO Executor: Running task 0.0 in stage 0.0 (TID 0)
[2026-04-13T13:24:14.999+0000] {subprocess.py:106} INFO - 26/04/13 13:24:14 INFO Executor: Running task 9.0 in stage 0.0 (TID 9)
[2026-04-13T13:24:15.000+0000] {subprocess.py:106} INFO - 26/04/13 13:24:14 INFO Executor: Running task 12.0 in stage 0.0 (TID 12)
[2026-04-13T13:24:15.001+0000] {subprocess.py:106} INFO - 26/04/13 13:24:14 INFO Executor: Running task 13.0 in stage 0.0 (TID 13)
[2026-04-13T13:24:15.002+0000] {subprocess.py:106} INFO - 26/04/13 13:24:14 INFO Executor: Running task 11.0 in stage 0.0 (TID 11)
[2026-04-13T13:24:15.002+0000] {subprocess.py:106} INFO - 26/04/13 13:24:14 INFO Executor: Running task 2.0 in stage 0.0 (TID 2)
[2026-04-13T13:24:15.003+0000] {subprocess.py:106} INFO - 26/04/13 13:24:14 INFO Executor: Running task 14.0 in stage 0.0 (TID 14)
[2026-04-13T13:24:15.647+0000] {subprocess.py:106} INFO - 26/04/13 13:24:15 INFO CodeGenerator: Code generated in 117.950614 ms
[2026-04-13T13:24:15.904+0000] {subprocess.py:106} INFO - 26/04/13 13:24:15 INFO CodecPool: Got brand-new compressor [.zstd]
[2026-04-13T13:24:15.905+0000] {subprocess.py:106} INFO - 26/04/13 13:24:15 INFO CodecPool: Got brand-new compressor [.zstd]
[2026-04-13T13:24:15.906+0000] {subprocess.py:106} INFO - 26/04/13 13:24:15 INFO CodecPool: Got brand-new compressor [.zstd]
[2026-04-13T13:24:15.906+0000] {subprocess.py:106} INFO - 26/04/13 13:24:15 INFO CodecPool: Got brand-new compressor [.zstd]
[2026-04-13T13:24:15.908+0000] {subprocess.py:106} INFO - 26/04/13 13:24:15 INFO CodecPool: Got brand-new compressor [.zstd]
[2026-04-13T13:24:15.908+0000] {subprocess.py:106} INFO - 26/04/13 13:24:15 INFO CodecPool: Got brand-new compressor [.zstd]
[2026-04-13T13:24:15.909+0000] {subprocess.py:106} INFO - 26/04/13 13:24:15 INFO CodecPool: Got brand-new compressor [.zstd]
[2026-04-13T13:24:15.910+0000] {subprocess.py:106} INFO - 26/04/13 13:24:15 INFO CodecPool: Got brand-new compressor [.zstd]
[2026-04-13T13:24:15.911+0000] {subprocess.py:106} INFO - 26/04/13 13:24:15 INFO CodecPool: Got brand-new compressor [.zstd]
[2026-04-13T13:24:15.912+0000] {subprocess.py:106} INFO - 26/04/13 13:24:15 INFO CodecPool: Got brand-new compressor [.zstd]
[2026-04-13T13:24:15.913+0000] {subprocess.py:106} INFO - 26/04/13 13:24:15 INFO CodecPool: Got brand-new compressor [.zstd]
[2026-04-13T13:24:15.913+0000] {subprocess.py:106} INFO - 26/04/13 13:24:15 INFO CodecPool: Got brand-new compressor [.zstd]
[2026-04-13T13:24:15.914+0000] {subprocess.py:106} INFO - 26/04/13 13:24:15 INFO CodecPool: Got brand-new compressor [.zstd]
[2026-04-13T13:24:15.915+0000] {subprocess.py:106} INFO - 26/04/13 13:24:15 INFO CodecPool: Got brand-new compressor [.zstd]
[2026-04-13T13:24:15.915+0000] {subprocess.py:106} INFO - 26/04/13 13:24:15 INFO CodecPool: Got brand-new compressor [.zstd]
[2026-04-13T13:24:17.591+0000] {subprocess.py:106} INFO - 26/04/13 13:24:17 INFO VectorizedSparkParquetReaders: Enabling arrow.enable_unsafe_memory_access
[2026-04-13T13:24:17.592+0000] {subprocess.py:106} INFO - 26/04/13 13:24:17 INFO VectorizedSparkParquetReaders: Disabling arrow.enable_null_check_for_get
[2026-04-13T13:24:17.616+0000] {subprocess.py:106} INFO - 26/04/13 13:24:17 INFO BaseAllocator: Debug mode disabled. Enable with the VM option -Darrow.memory.debug.allocator=true.
[2026-04-13T13:24:17.622+0000] {subprocess.py:106} INFO - 26/04/13 13:24:17 INFO DefaultAllocationManagerOption: allocation manager type not specified, using netty as the default type
[2026-04-13T13:24:17.631+0000] {subprocess.py:106} INFO - 26/04/13 13:24:17 INFO CheckAllocator: Using DefaultAllocationManager at memory/DefaultAllocationManagerFactory.class
[2026-04-13T13:24:18.751+0000] {subprocess.py:106} INFO - 26/04/13 13:24:18 INFO CodecPool: Got brand-new decompressor [.zstd]
[2026-04-13T13:24:18.752+0000] {subprocess.py:106} INFO - 26/04/13 13:24:18 INFO CodecPool: Got brand-new decompressor [.zstd]
[2026-04-13T13:24:19.218+0000] {subprocess.py:106} INFO - 26/04/13 13:24:19 INFO CodecPool: Got brand-new decompressor [.zstd]
[2026-04-13T13:24:19.219+0000] {subprocess.py:106} INFO - 26/04/13 13:24:19 INFO CodecPool: Got brand-new decompressor [.zstd]
[2026-04-13T13:24:19.220+0000] {subprocess.py:106} INFO - 26/04/13 13:24:19 INFO CodecPool: Got brand-new decompressor [.zstd]
[2026-04-13T13:24:19.224+0000] {subprocess.py:106} INFO - 26/04/13 13:24:19 INFO CodecPool: Got brand-new decompressor [.zstd]
[2026-04-13T13:24:19.225+0000] {subprocess.py:106} INFO - 26/04/13 13:24:19 INFO CodecPool: Got brand-new decompressor [.zstd]
[2026-04-13T13:24:19.226+0000] {subprocess.py:106} INFO - 26/04/13 13:24:19 INFO CodecPool: Got brand-new decompressor [.zstd]
[2026-04-13T13:24:19.227+0000] {subprocess.py:106} INFO - 26/04/13 13:24:19 INFO CodecPool: Got brand-new decompressor [.zstd]
[2026-04-13T13:24:19.233+0000] {subprocess.py:106} INFO - 26/04/13 13:24:19 INFO CodecPool: Got brand-new decompressor [.zstd]
[2026-04-13T13:24:19.313+0000] {subprocess.py:106} INFO - 26/04/13 13:24:19 INFO CodecPool: Got brand-new decompressor [.zstd]
[2026-04-13T13:24:19.327+0000] {subprocess.py:106} INFO - 26/04/13 13:24:19 INFO CodecPool: Got brand-new decompressor [.zstd]
[2026-04-13T13:24:19.328+0000] {subprocess.py:106} INFO - 26/04/13 13:24:19 INFO CodecPool: Got brand-new decompressor [.zstd]
[2026-04-13T13:24:19.329+0000] {subprocess.py:106} INFO - 26/04/13 13:24:19 INFO CodecPool: Got brand-new decompressor [.zstd]
[2026-04-13T13:24:19.330+0000] {subprocess.py:106} INFO - 26/04/13 13:24:19 INFO CodecPool: Got brand-new decompressor [.zstd]
[2026-04-13T13:24:19.503+0000] {subprocess.py:106} INFO - 26/04/13 13:24:19 INFO CodecPool: Got brand-new decompressor [.zstd]
[2026-04-13T13:24:19.526+0000] {subprocess.py:106} INFO - 26/04/13 13:24:19 INFO CodecPool: Got brand-new decompressor [.zstd]
[2026-04-13T13:24:19.535+0000] {subprocess.py:106} INFO - 26/04/13 13:24:19 INFO CodecPool: Got brand-new decompressor [.zstd]
[2026-04-13T13:24:19.537+0000] {subprocess.py:106} INFO - 26/04/13 13:24:19 INFO CodecPool: Got brand-new decompressor [.zstd]
[2026-04-13T13:24:19.539+0000] {subprocess.py:106} INFO - 26/04/13 13:24:19 INFO CodecPool: Got brand-new decompressor [.zstd]
[2026-04-13T13:24:19.540+0000] {subprocess.py:106} INFO - 26/04/13 13:24:19 INFO CodecPool: Got brand-new decompressor [.zstd]
[2026-04-13T13:24:19.547+0000] {subprocess.py:106} INFO - 26/04/13 13:24:19 INFO CodecPool: Got brand-new decompressor [.zstd]
[2026-04-13T13:24:19.556+0000] {subprocess.py:106} INFO - 26/04/13 13:24:19 INFO CodecPool: Got brand-new decompressor [.zstd]
[2026-04-13T13:24:19.558+0000] {subprocess.py:106} INFO - 26/04/13 13:24:19 INFO CodecPool: Got brand-new decompressor [.zstd]
[2026-04-13T13:24:19.560+0000] {subprocess.py:106} INFO - 26/04/13 13:24:19 INFO CodecPool: Got brand-new decompressor [.zstd]
[2026-04-13T13:24:19.567+0000] {subprocess.py:106} INFO - 26/04/13 13:24:19 INFO CodecPool: Got brand-new decompressor [.zstd]
[2026-04-13T13:24:19.570+0000] {subprocess.py:106} INFO - 26/04/13 13:24:19 INFO CodecPool: Got brand-new decompressor [.zstd]
[2026-04-13T13:24:19.585+0000] {subprocess.py:106} INFO - 26/04/13 13:24:19 INFO CodecPool: Got brand-new decompressor [.zstd]
[2026-04-13T13:24:19.591+0000] {subprocess.py:106} INFO - 26/04/13 13:24:19 INFO CodecPool: Got brand-new decompressor [.zstd]
[2026-04-13T13:24:19.593+0000] {subprocess.py:106} INFO - 26/04/13 13:24:19 INFO CodecPool: Got brand-new decompressor [.zstd]
[2026-04-13T13:24:19.667+0000] {subprocess.py:106} INFO - 26/04/13 13:24:19 INFO CodecPool: Got brand-new decompressor [.zstd]
[2026-04-13T13:24:19.689+0000] {subprocess.py:106} INFO - 26/04/13 13:24:19 INFO CodecPool: Got brand-new decompressor [.zstd]
[2026-04-13T13:24:19.690+0000] {subprocess.py:106} INFO - 26/04/13 13:24:19 INFO CodecPool: Got brand-new decompressor [.zstd]
[2026-04-13T13:24:19.707+0000] {subprocess.py:106} INFO - 26/04/13 13:24:19 INFO CodecPool: Got brand-new decompressor [.zstd]
[2026-04-13T13:24:19.719+0000] {subprocess.py:106} INFO - 26/04/13 13:24:19 INFO CodecPool: Got brand-new decompressor [.zstd]
[2026-04-13T13:24:19.721+0000] {subprocess.py:106} INFO - 26/04/13 13:24:19 INFO CodecPool: Got brand-new decompressor [.zstd]
[2026-04-13T13:24:19.731+0000] {subprocess.py:106} INFO - 26/04/13 13:24:19 INFO CodecPool: Got brand-new decompressor [.zstd]
[2026-04-13T13:24:19.902+0000] {subprocess.py:106} INFO - 26/04/13 13:24:19 INFO CodecPool: Got brand-new decompressor [.zstd]
[2026-04-13T13:24:19.903+0000] {subprocess.py:106} INFO - 26/04/13 13:24:19 INFO CodecPool: Got brand-new decompressor [.zstd]
[2026-04-13T13:24:19.905+0000] {subprocess.py:106} INFO - 26/04/13 13:24:19 INFO CodecPool: Got brand-new decompressor [.zstd]
[2026-04-13T13:24:19.914+0000] {subprocess.py:106} INFO - 26/04/13 13:24:19 INFO CodecPool: Got brand-new decompressor [.zstd]
[2026-04-13T13:24:19.918+0000] {subprocess.py:106} INFO - 26/04/13 13:24:19 INFO CodecPool: Got brand-new decompressor [.zstd]
[2026-04-13T13:24:19.928+0000] {subprocess.py:106} INFO - 26/04/13 13:24:19 INFO CodecPool: Got brand-new decompressor [.zstd]
[2026-04-13T13:24:19.929+0000] {subprocess.py:106} INFO - 26/04/13 13:24:19 INFO CodecPool: Got brand-new decompressor [.zstd]
[2026-04-13T13:24:19.931+0000] {subprocess.py:106} INFO - 26/04/13 13:24:19 INFO CodecPool: Got brand-new decompressor [.zstd]
[2026-04-13T13:24:19.935+0000] {subprocess.py:106} INFO - 26/04/13 13:24:19 INFO CodecPool: Got brand-new decompressor [.zstd]
[2026-04-13T13:24:19.944+0000] {subprocess.py:106} INFO - 26/04/13 13:24:19 INFO CodecPool: Got brand-new decompressor [.zstd]
[2026-04-13T13:24:19.948+0000] {subprocess.py:106} INFO - 26/04/13 13:24:19 INFO CodecPool: Got brand-new decompressor [.zstd]
[2026-04-13T13:24:19.949+0000] {subprocess.py:106} INFO - 26/04/13 13:24:19 INFO CodecPool: Got brand-new decompressor [.zstd]
[2026-04-13T13:24:19.955+0000] {subprocess.py:106} INFO - 26/04/13 13:24:19 INFO CodecPool: Got brand-new decompressor [.zstd]
[2026-04-13T13:24:19.958+0000] {subprocess.py:106} INFO - 26/04/13 13:24:19 INFO CodecPool: Got brand-new decompressor [.zstd]
[2026-04-13T13:24:19.972+0000] {subprocess.py:106} INFO - 26/04/13 13:24:19 INFO DataWritingSparkTask: Writer for partition 5 is committing.
[2026-04-13T13:24:19.982+0000] {subprocess.py:106} INFO - 26/04/13 13:24:19 INFO DataWritingSparkTask: Writer for partition 11 is committing.
[2026-04-13T13:24:19.983+0000] {subprocess.py:106} INFO - 26/04/13 13:24:19 INFO DataWritingSparkTask: Writer for partition 12 is committing.
[2026-04-13T13:24:19.984+0000] {subprocess.py:106} INFO - 26/04/13 13:24:19 INFO CodecPool: Got brand-new decompressor [.zstd]
[2026-04-13T13:24:20.027+0000] {subprocess.py:106} INFO - 26/04/13 13:24:20 INFO CodecPool: Got brand-new decompressor [.zstd]
[2026-04-13T13:24:20.032+0000] {subprocess.py:106} INFO - 26/04/13 13:24:20 INFO DataWritingSparkTask: Writer for partition 0 is committing.
[2026-04-13T13:24:20.044+0000] {subprocess.py:106} INFO - 26/04/13 13:24:20 INFO DataWritingSparkTask: Writer for partition 14 is committing.
[2026-04-13T13:24:20.047+0000] {subprocess.py:106} INFO - 26/04/13 13:24:20 INFO CodecPool: Got brand-new decompressor [.zstd]
[2026-04-13T13:24:20.051+0000] {subprocess.py:106} INFO - 26/04/13 13:24:20 INFO CodecPool: Got brand-new decompressor [.zstd]
[2026-04-13T13:24:20.052+0000] {subprocess.py:106} INFO - 26/04/13 13:24:20 INFO DataWritingSparkTask: Writer for partition 4 is committing.
[2026-04-13T13:24:20.060+0000] {subprocess.py:106} INFO - 26/04/13 13:24:20 INFO CodecPool: Got brand-new decompressor [.zstd]
[2026-04-13T13:24:20.063+0000] {subprocess.py:106} INFO - 26/04/13 13:24:20 INFO DataWritingSparkTask: Writer for partition 10 is committing.
[2026-04-13T13:24:20.064+0000] {subprocess.py:106} INFO - 26/04/13 13:24:20 INFO CodecPool: Got brand-new decompressor [.zstd]
[2026-04-13T13:24:20.066+0000] {subprocess.py:106} INFO - 26/04/13 13:24:20 INFO DataWritingSparkTask: Writer for partition 2 is committing.
[2026-04-13T13:24:20.071+0000] {subprocess.py:106} INFO - 26/04/13 13:24:20 INFO CodecPool: Got brand-new decompressor [.zstd]
[2026-04-13T13:24:20.074+0000] {subprocess.py:106} INFO - 26/04/13 13:24:20 INFO DataWritingSparkTask: Writer for partition 1 is committing.
[2026-04-13T13:24:20.075+0000] {subprocess.py:106} INFO - 26/04/13 13:24:20 INFO DataWritingSparkTask: Writer for partition 7 is committing.
[2026-04-13T13:24:20.076+0000] {subprocess.py:106} INFO - 26/04/13 13:24:20 INFO DataWritingSparkTask: Writer for partition 13 is committing.
[2026-04-13T13:24:20.077+0000] {subprocess.py:106} INFO - 26/04/13 13:24:20 INFO DataWritingSparkTask: Writer for partition 8 is committing.
[2026-04-13T13:24:20.084+0000] {subprocess.py:106} INFO - 26/04/13 13:24:20 INFO DataWritingSparkTask: Writer for partition 9 is committing.
[2026-04-13T13:24:20.090+0000] {subprocess.py:106} INFO - 26/04/13 13:24:20 INFO CodecPool: Got brand-new decompressor [.zstd]
[2026-04-13T13:24:20.108+0000] {subprocess.py:106} INFO - 26/04/13 13:24:20 INFO DataWritingSparkTask: Writer for partition 6 is committing.
[2026-04-13T13:24:20.111+0000] {subprocess.py:106} INFO - 26/04/13 13:24:20 INFO CodecPool: Got brand-new decompressor [.zstd]
[2026-04-13T13:24:20.120+0000] {subprocess.py:106} INFO - 26/04/13 13:24:20 INFO DataWritingSparkTask: Writer for partition 3 is committing.
[2026-04-13T13:24:22.507+0000] {subprocess.py:106} INFO - 26/04/13 13:24:22 INFO DataWritingSparkTask: Committed partition 6 (task 6, attempt 0, stage 0.0)
[2026-04-13T13:24:22.508+0000] {subprocess.py:106} INFO - 26/04/13 13:24:22 INFO DataWritingSparkTask: Committed partition 7 (task 7, attempt 0, stage 0.0)
[2026-04-13T13:24:22.509+0000] {subprocess.py:106} INFO - 26/04/13 13:24:22 INFO DataWritingSparkTask: Committed partition 14 (task 14, attempt 0, stage 0.0)
[2026-04-13T13:24:22.510+0000] {subprocess.py:106} INFO - 26/04/13 13:24:22 INFO DataWritingSparkTask: Committed partition 13 (task 13, attempt 0, stage 0.0)
[2026-04-13T13:24:22.512+0000] {subprocess.py:106} INFO - 26/04/13 13:24:22 INFO DataWritingSparkTask: Committed partition 4 (task 4, attempt 0, stage 0.0)
[2026-04-13T13:24:22.513+0000] {subprocess.py:106} INFO - 26/04/13 13:24:22 INFO DataWritingSparkTask: Committed partition 12 (task 12, attempt 0, stage 0.0)
[2026-04-13T13:24:22.516+0000] {subprocess.py:106} INFO - 26/04/13 13:24:22 INFO DataWritingSparkTask: Committed partition 2 (task 2, attempt 0, stage 0.0)
[2026-04-13T13:24:22.522+0000] {subprocess.py:106} INFO - 26/04/13 13:24:22 INFO DataWritingSparkTask: Committed partition 1 (task 1, attempt 0, stage 0.0)
[2026-04-13T13:24:22.523+0000] {subprocess.py:106} INFO - 26/04/13 13:24:22 INFO DataWritingSparkTask: Committed partition 8 (task 8, attempt 0, stage 0.0)
[2026-04-13T13:24:22.525+0000] {subprocess.py:106} INFO - 26/04/13 13:24:22 INFO DataWritingSparkTask: Committed partition 5 (task 5, attempt 0, stage 0.0)
[2026-04-13T13:24:22.526+0000] {subprocess.py:106} INFO - 26/04/13 13:24:22 INFO DataWritingSparkTask: Committed partition 11 (task 11, attempt 0, stage 0.0)
[2026-04-13T13:24:22.528+0000] {subprocess.py:106} INFO - 26/04/13 13:24:22 INFO DataWritingSparkTask: Committed partition 9 (task 9, attempt 0, stage 0.0)
[2026-04-13T13:24:22.530+0000] {subprocess.py:106} INFO - 26/04/13 13:24:22 INFO DataWritingSparkTask: Committed partition 3 (task 3, attempt 0, stage 0.0)
[2026-04-13T13:24:22.534+0000] {subprocess.py:106} INFO - 26/04/13 13:24:22 INFO DataWritingSparkTask: Committed partition 0 (task 0, attempt 0, stage 0.0)
[2026-04-13T13:24:22.535+0000] {subprocess.py:106} INFO - 26/04/13 13:24:22 INFO DataWritingSparkTask: Committed partition 10 (task 10, attempt 0, stage 0.0)
[2026-04-13T13:24:22.678+0000] {subprocess.py:106} INFO - 26/04/13 13:24:22 INFO Executor: Finished task 4.0 in stage 0.0 (TID 4). 9547 bytes result sent to driver
[2026-04-13T13:24:22.679+0000] {subprocess.py:106} INFO - 26/04/13 13:24:22 INFO Executor: Finished task 12.0 in stage 0.0 (TID 12). 9533 bytes result sent to driver
[2026-04-13T13:24:22.680+0000] {subprocess.py:106} INFO - 26/04/13 13:24:22 INFO Executor: Finished task 2.0 in stage 0.0 (TID 2). 9559 bytes result sent to driver
[2026-04-13T13:24:22.686+0000] {subprocess.py:106} INFO - 26/04/13 13:24:22 INFO Executor: Finished task 5.0 in stage 0.0 (TID 5). 9548 bytes result sent to driver
[2026-04-13T13:24:22.687+0000] {subprocess.py:106} INFO - 26/04/13 13:24:22 INFO Executor: Finished task 6.0 in stage 0.0 (TID 6). 9542 bytes result sent to driver
[2026-04-13T13:24:22.688+0000] {subprocess.py:106} INFO - 26/04/13 13:24:22 INFO Executor: Finished task 3.0 in stage 0.0 (TID 3). 9527 bytes result sent to driver
[2026-04-13T13:24:22.689+0000] {subprocess.py:106} INFO - 26/04/13 13:24:22 INFO Executor: Finished task 9.0 in stage 0.0 (TID 9). 9587 bytes result sent to driver
[2026-04-13T13:24:22.689+0000] {subprocess.py:106} INFO - 26/04/13 13:24:22 INFO Executor: Finished task 8.0 in stage 0.0 (TID 8). 9560 bytes result sent to driver
[2026-04-13T13:24:22.690+0000] {subprocess.py:106} INFO - 26/04/13 13:24:22 INFO Executor: Finished task 11.0 in stage 0.0 (TID 11). 9551 bytes result sent to driver
[2026-04-13T13:24:22.691+0000] {subprocess.py:106} INFO - 26/04/13 13:24:22 INFO Executor: Finished task 13.0 in stage 0.0 (TID 13). 9520 bytes result sent to driver
[2026-04-13T13:24:22.692+0000] {subprocess.py:106} INFO - 26/04/13 13:24:22 INFO Executor: Finished task 1.0 in stage 0.0 (TID 1). 9573 bytes result sent to driver
[2026-04-13T13:24:22.692+0000] {subprocess.py:106} INFO - 26/04/13 13:24:22 INFO Executor: Finished task 10.0 in stage 0.0 (TID 10). 9559 bytes result sent to driver
[2026-04-13T13:24:22.693+0000] {subprocess.py:106} INFO - 26/04/13 13:24:22 INFO Executor: Finished task 0.0 in stage 0.0 (TID 0). 9559 bytes result sent to driver
[2026-04-13T13:24:22.694+0000] {subprocess.py:106} INFO - 26/04/13 13:24:22 INFO Executor: Finished task 14.0 in stage 0.0 (TID 14). 9522 bytes result sent to driver
[2026-04-13T13:24:22.694+0000] {subprocess.py:106} INFO - 26/04/13 13:24:22 INFO Executor: Finished task 7.0 in stage 0.0 (TID 7). 9531 bytes result sent to driver
[2026-04-13T13:24:22.704+0000] {subprocess.py:106} INFO - 26/04/13 13:24:22 INFO TaskSetManager: Finished task 5.0 in stage 0.0 (TID 5) in 7755 ms on spark-master (executor driver) (1/15)
[2026-04-13T13:24:22.707+0000] {subprocess.py:106} INFO - 26/04/13 13:24:22 INFO TaskSetManager: Finished task 13.0 in stage 0.0 (TID 13) in 7742 ms on spark-master (executor driver) (2/15)
[2026-04-13T13:24:22.709+0000] {subprocess.py:106} INFO - 26/04/13 13:24:22 INFO TaskSetManager: Finished task 9.0 in stage 0.0 (TID 9) in 7753 ms on spark-master (executor driver) (3/15)
[2026-04-13T13:24:22.710+0000] {subprocess.py:106} INFO - 26/04/13 13:24:22 INFO TaskSetManager: Finished task 3.0 in stage 0.0 (TID 3) in 7770 ms on spark-master (executor driver) (4/15)
[2026-04-13T13:24:22.711+0000] {subprocess.py:106} INFO - 26/04/13 13:24:22 INFO TaskSetManager: Finished task 1.0 in stage 0.0 (TID 1) in 7777 ms on spark-master (executor driver) (5/15)
[2026-04-13T13:24:22.713+0000] {subprocess.py:106} INFO - 26/04/13 13:24:22 INFO TaskSetManager: Finished task 4.0 in stage 0.0 (TID 4) in 7770 ms on spark-master (executor driver) (6/15)
[2026-04-13T13:24:22.715+0000] {subprocess.py:106} INFO - 26/04/13 13:24:22 INFO TaskSetManager: Finished task 0.0 in stage 0.0 (TID 0) in 7838 ms on spark-master (executor driver) (7/15)
[2026-04-13T13:24:22.722+0000] {subprocess.py:106} INFO - 26/04/13 13:24:22 INFO TaskSetManager: Finished task 6.0 in stage 0.0 (TID 6) in 7766 ms on spark-master (executor driver) (8/15)
[2026-04-13T13:24:22.723+0000] {subprocess.py:106} INFO - 26/04/13 13:24:22 INFO TaskSetManager: Finished task 2.0 in stage 0.0 (TID 2) in 7780 ms on spark-master (executor driver) (9/15)
[2026-04-13T13:24:22.724+0000] {subprocess.py:106} INFO - 26/04/13 13:24:22 INFO TaskSetManager: Finished task 10.0 in stage 0.0 (TID 10) in 7761 ms on spark-master (executor driver) (10/15)
[2026-04-13T13:24:22.725+0000] {subprocess.py:106} INFO - 26/04/13 13:24:22 INFO TaskSetManager: Finished task 7.0 in stage 0.0 (TID 7) in 7769 ms on spark-master (executor driver) (11/15)
[2026-04-13T13:24:22.727+0000] {subprocess.py:106} INFO - 26/04/13 13:24:22 INFO TaskSetManager: Finished task 14.0 in stage 0.0 (TID 14) in 7752 ms on spark-master (executor driver) (12/15)
[2026-04-13T13:24:22.729+0000] {subprocess.py:106} INFO - 26/04/13 13:24:22 INFO TaskSetManager: Finished task 8.0 in stage 0.0 (TID 8) in 7768 ms on spark-master (executor driver) (13/15)
[2026-04-13T13:24:22.730+0000] {subprocess.py:106} INFO - 26/04/13 13:24:22 INFO TaskSetManager: Finished task 11.0 in stage 0.0 (TID 11) in 7764 ms on spark-master (executor driver) (14/15)
[2026-04-13T13:24:22.731+0000] {subprocess.py:106} INFO - 26/04/13 13:24:22 INFO TaskSetManager: Finished task 12.0 in stage 0.0 (TID 12) in 7764 ms on spark-master (executor driver) (15/15)
[2026-04-13T13:24:22.732+0000] {subprocess.py:106} INFO - 26/04/13 13:24:22 INFO TaskSchedulerImpl: Removed TaskSet 0.0 whose tasks have all completed, from pool
[2026-04-13T13:24:22.738+0000] {subprocess.py:106} INFO - 26/04/13 13:24:22 INFO DAGScheduler: ResultStage 0 (append at NativeMethodAccessorImpl.java:0) finished in 8062 ms
[2026-04-13T13:24:22.745+0000] {subprocess.py:106} INFO - 26/04/13 13:24:22 INFO DAGScheduler: Job 0 is finished. Cancelling potential speculative or zombie tasks for this job
[2026-04-13T13:24:22.747+0000] {subprocess.py:106} INFO - 26/04/13 13:24:22 INFO TaskSchedulerImpl: Canceling stage 0
[2026-04-13T13:24:22.750+0000] {subprocess.py:106} INFO - 26/04/13 13:24:22 INFO TaskSchedulerImpl: Killing all running tasks in stage 0: Stage finished
[2026-04-13T13:24:22.755+0000] {subprocess.py:106} INFO - 26/04/13 13:24:22 INFO DAGScheduler: Job 0 finished: append at NativeMethodAccessorImpl.java:0, took 8161.623419 ms
[2026-04-13T13:24:22.760+0000] {subprocess.py:106} INFO - 26/04/13 13:24:22 INFO AppendDataExec: Data source write support IcebergBatchWrite(table=iceberg.air_quality_ml.air_quality_gold, format=PARQUET) is committing.
[2026-04-13T13:24:22.806+0000] {subprocess.py:106} INFO - 26/04/13 13:24:22 INFO SparkWrite: Committing append with 15 new data files to table iceberg.air_quality_ml.air_quality_gold
[2026-04-13T13:24:25.904+0000] {subprocess.py:106} INFO - 26/04/13 13:24:25 INFO HiveTableOperations: Committed to table iceberg.air_quality_ml.air_quality_gold with the new metadata location hdfs://23133083thuyvan-master:9000/user/hive/lakehouse/gold/ml/air_quality_gold/metadata/00004-11307cda-4bda-46c4-b969-875ebf3efc3d.metadata.json
[2026-04-13T13:24:25.909+0000] {subprocess.py:106} INFO - 26/04/13 13:24:25 INFO BaseMetastoreTableOperations: Successfully committed to table iceberg.air_quality_ml.air_quality_gold in 1915 ms
[2026-04-13T13:24:25.910+0000] {subprocess.py:106} INFO - 26/04/13 13:24:25 INFO SnapshotProducer: Committed snapshot 5033588104891520517 (MergeAppend)
[2026-04-13T13:24:26.038+0000] {subprocess.py:106} INFO - 26/04/13 13:24:26 INFO BaseMetastoreTableOperations: Refreshing table metadata from new version: hdfs://23133083thuyvan-master:9000/user/hive/lakehouse/gold/ml/air_quality_gold/metadata/00004-11307cda-4bda-46c4-b969-875ebf3efc3d.metadata.json
[2026-04-13T13:24:26.136+0000] {subprocess.py:106} INFO - 26/04/13 13:24:26 INFO LoggingMetricsReporter: Received metrics report: CommitReport{tableName=iceberg.air_quality_ml.air_quality_gold, snapshotId=5033588104891520517, sequenceNumber=5, operation=append, commitMetrics=CommitMetricsResult{totalDuration=TimerResult{timeUnit=NANOSECONDS, totalDuration=PT3.130797299S, count=1}, attempts=CounterResult{unit=COUNT, value=1}, addedDataFiles=CounterResult{unit=COUNT, value=15}, removedDataFiles=null, totalDataFiles=CounterResult{unit=COUNT, value=75}, addedDeleteFiles=null, addedEqualityDeleteFiles=null, addedPositionalDeleteFiles=null, addedDVs=null, removedDeleteFiles=null, removedEqualityDeleteFiles=null, removedPositionalDeleteFiles=null, removedDVs=null, totalDeleteFiles=CounterResult{unit=COUNT, value=0}, addedRecords=CounterResult{unit=COUNT, value=100}, removedRecords=null, totalRecords=CounterResult{unit=COUNT, value=500}, addedFilesSizeInBytes=CounterResult{unit=BYTES, value=145838}, removedFilesSizeInBytes=null, totalFilesSizeInBytes=CounterResult{unit=BYTES, value=731855}, addedPositionalDeletes=null, removedPositionalDeletes=null, totalPositionalDeletes=CounterResult{unit=COUNT, value=0}, addedEqualityDeletes=null, removedEqualityDeletes=null, totalEqualityDeletes=CounterResult{unit=COUNT, value=0}, manifestsCreated=null, manifestsReplaced=null, manifestsKept=null, manifestEntriesProcessed=null}, metadata={engine-version=4.0.2, app-id=local-1776086634340, engine-name=spark, iceberg-version=Apache Iceberg 1.10.1 (commit ccb8bc435062171e64bc8b7e5f56e6aed9c5b934)}}
[2026-04-13T13:24:26.142+0000] {subprocess.py:106} INFO - 26/04/13 13:24:26 INFO SparkWrite: Committed in 3318 ms
[2026-04-13T13:24:26.146+0000] {subprocess.py:106} INFO - 26/04/13 13:24:26 INFO AppendDataExec: Data source write support IcebergBatchWrite(table=iceberg.air_quality_ml.air_quality_gold, format=PARQUET) committed.
[2026-04-13T13:24:26.167+0000] {subprocess.py:106} INFO - Dữ liệu đã được append vào iceberg.air_quality_ml.air_quality_gold.
[2026-04-13T13:24:26.168+0000] {subprocess.py:106} INFO - ETL from Silver to Gold completed!
[2026-04-13T13:24:26.181+0000] {subprocess.py:106} INFO - 26/04/13 13:24:26 INFO SparkContext: SparkContext is stopping with exitCode 0 from stop at NativeMethodAccessorImpl.java:0.
[2026-04-13T13:24:26.245+0000] {subprocess.py:106} INFO - 26/04/13 13:24:26 INFO SparkUI: Stopped Spark web UI at http://spark-master:4040
[2026-04-13T13:24:26.292+0000] {subprocess.py:106} INFO - 26/04/13 13:24:26 INFO MapOutputTrackerMasterEndpoint: MapOutputTrackerMasterEndpoint stopped!
[2026-04-13T13:24:26.354+0000] {subprocess.py:106} INFO - 26/04/13 13:24:26 INFO MemoryStore: MemoryStore cleared
[2026-04-13T13:24:26.358+0000] {subprocess.py:106} INFO - 26/04/13 13:24:26 INFO BlockManager: BlockManager stopped
[2026-04-13T13:24:26.426+0000] {subprocess.py:106} INFO - 26/04/13 13:24:26 INFO BlockManagerMaster: BlockManagerMaster stopped
[2026-04-13T13:24:26.454+0000] {subprocess.py:106} INFO - 26/04/13 13:24:26 INFO OutputCommitCoordinator$OutputCommitCoordinatorEndpoint: OutputCommitCoordinator stopped!
[2026-04-13T13:24:26.604+0000] {subprocess.py:106} INFO - 26/04/13 13:24:26 INFO SparkContext: Successfully stopped SparkContext
[2026-04-13T13:24:28.006+0000] {subprocess.py:106} INFO - 26/04/13 13:24:28 INFO ShutdownHookManager: Shutdown hook called
[2026-04-13T13:24:28.009+0000] {subprocess.py:106} INFO - 26/04/13 13:24:28 INFO ShutdownHookManager: Deleting directory /tmp/artifacts-e8d645ad-8538-49c2-b6c7-8d0d08f471a6
[2026-04-13T13:24:28.027+0000] {subprocess.py:106} INFO - 26/04/13 13:24:28 INFO ShutdownHookManager: Deleting directory /tmp/spark-6821d1c2-b0c6-4495-a67b-35d31d65ed9f/pyspark-35dc833f-a037-4bae-8818-99e99a96b4e7
[2026-04-13T13:24:28.049+0000] {subprocess.py:106} INFO - 26/04/13 13:24:28 INFO ShutdownHookManager: Deleting directory /tmp/spark-6821d1c2-b0c6-4495-a67b-35d31d65ed9f
[2026-04-13T13:24:28.062+0000] {subprocess.py:106} INFO - 26/04/13 13:24:28 INFO ShutdownHookManager: Deleting directory /tmp/spark-e1312138-7339-43fd-8c96-e03d0d07be4b
[2026-04-13T13:24:28.614+0000] {subprocess.py:110} INFO - Command exited with return code 0
[2026-04-13T13:24:29.730+0000] {taskinstance.py:340} INFO - ::group::Post task execution logs
[2026-04-13T13:24:29.736+0000] {taskinstance.py:352} INFO - Marking task as SUCCESS. dag_id=predict_aqi, task_id=silver_to_gold, run_id=manual__2026-04-13T13:23:21.829408+00:00, execution_date=20260413T132321, start_date=20260413T132338, end_date=20260413T132429
[2026-04-13T13:24:29.880+0000] {local_task_job_runner.py:266} INFO - Task exited with return code 0
[2026-04-13T13:24:30.110+0000] {taskinstance.py:3895} INFO - 1 downstream tasks scheduled from follow-on schedule check
[2026-04-13T13:24:30.120+0000] {local_task_job_runner.py:245} INFO - ::endgroup::
