[2026-04-14T03:11:59.163+0000] {local_task_job_runner.py:123} INFO - ::group::Pre task execution logs
[2026-04-14T03:11:59.275+0000] {taskinstance.py:2613} INFO - Dependencies all met for dep_context=non-requeueable deps ti=<TaskInstance: predict_aqi.train_model manual__2026-04-13T17:16:10.558713+00:00 [queued]>
[2026-04-14T03:11:59.309+0000] {taskinstance.py:2613} INFO - Dependencies all met for dep_context=requeueable deps ti=<TaskInstance: predict_aqi.train_model manual__2026-04-13T17:16:10.558713+00:00 [queued]>
[2026-04-14T03:11:59.310+0000] {taskinstance.py:2866} INFO - Starting attempt 3 of 3
[2026-04-14T03:11:59.359+0000] {taskinstance.py:2889} INFO - Executing <Task(BashOperator): train_model> on 2026-04-13 17:16:10.558713+00:00
[2026-04-14T03:11:59.404+0000] {logging_mixin.py:190} WARNING - /home/airflow/airflow/venv/lib/python3.12/site-packages/airflow/task/task_runner/standard_task_runner.py:70 DeprecationWarning: This process (pid=222) is multi-threaded, use of fork() may lead to deadlocks in the child.
[2026-04-14T03:11:59.406+0000] {standard_task_runner.py:72} INFO - Started process 257 to run task
[2026-04-14T03:11:59.476+0000] {standard_task_runner.py:104} INFO - Running: ['airflow', 'tasks', 'run', 'predict_aqi', 'train_model', 'manual__2026-04-13T17:16:10.558713+00:00', '--job-id', '253', '--raw', '--subdir', 'DAGS_FOLDER/dag_ml.py', '--cfg-path', '/tmp/tmp7jfq_yxx']
[2026-04-14T03:11:59.483+0000] {standard_task_runner.py:105} INFO - Job 253: Subtask train_model
[2026-04-14T03:12:00.022+0000] {task_command.py:467} INFO - Running <TaskInstance: predict_aqi.train_model manual__2026-04-13T17:16:10.558713+00:00 [running]> on host airflow
[2026-04-14T03:12:00.684+0000] {taskinstance.py:3132} INFO - Exporting env vars: AIRFLOW_CTX_DAG_OWNER='airflow' AIRFLOW_CTX_DAG_ID='predict_aqi' AIRFLOW_CTX_TASK_ID='train_model' AIRFLOW_CTX_EXECUTION_DATE='2026-04-13T17:16:10.558713+00:00' AIRFLOW_CTX_TRY_NUMBER='3' AIRFLOW_CTX_DAG_RUN_ID='manual__2026-04-13T17:16:10.558713+00:00'
[2026-04-14T03:12:00.695+0000] {taskinstance.py:731} INFO - ::endgroup::
[2026-04-14T03:12:00.815+0000] {subprocess.py:78} INFO - Tmp dir root location: /tmp
[2026-04-14T03:12:00.825+0000] {subprocess.py:88} INFO - Running command: ['/usr/bin/bash', '-c', '\n            docker exec spark-master spark-submit                 --conf spark.pyspark.python=python3                 --packages org.apache.iceberg:iceberg-spark-runtime-4.0_2.13:1.10.1                 /home/spark/spark/spark_jobs/train_model.py 2026-04-13\n        ']
[2026-04-14T03:12:00.915+0000] {subprocess.py:99} INFO - Output:
[2026-04-14T03:12:06.050+0000] {subprocess.py:106} INFO - WARNING: Using incubator modules: jdk.incubator.vector
[2026-04-14T03:12:23.240+0000] {subprocess.py:106} INFO - :: loading settings :: url = jar:file:/home/spark/spark/jars/ivy-2.5.3.jar!/org/apache/ivy/core/settings/ivysettings.xml
[2026-04-14T03:12:23.606+0000] {subprocess.py:106} INFO - Ivy Default Cache set to: /home/spark/.ivy2.5.2/cache
[2026-04-14T03:12:23.608+0000] {subprocess.py:106} INFO - The jars for the packages stored in: /home/spark/.ivy2.5.2/jars
[2026-04-14T03:12:23.787+0000] {subprocess.py:106} INFO - org.apache.iceberg#iceberg-spark-runtime-4.0_2.13 added as a dependency
[2026-04-14T03:12:23.806+0000] {subprocess.py:106} INFO - :: resolving dependencies :: org.apache.spark#spark-submit-parent-da7eb351-7db9-45d4-ae9a-c4a2dfd2acf1;1.0
[2026-04-14T03:12:23.809+0000] {subprocess.py:106} INFO - 	confs: [default]
[2026-04-14T03:12:24.579+0000] {subprocess.py:106} INFO - 	found org.apache.iceberg#iceberg-spark-runtime-4.0_2.13;1.10.1 in spark-list
[2026-04-14T03:12:24.694+0000] {subprocess.py:106} INFO - :: resolution report :: resolve 877ms :: artifacts dl 8ms
[2026-04-14T03:12:24.695+0000] {subprocess.py:106} INFO - 	:: modules in use:
[2026-04-14T03:12:24.707+0000] {subprocess.py:106} INFO - 	org.apache.iceberg#iceberg-spark-runtime-4.0_2.13;1.10.1 from spark-list in [default]
[2026-04-14T03:12:24.712+0000] {subprocess.py:106} INFO - 	---------------------------------------------------------------------
[2026-04-14T03:12:24.715+0000] {subprocess.py:106} INFO - 	|                  |            modules            ||   artifacts   |
[2026-04-14T03:12:24.717+0000] {subprocess.py:106} INFO - 	|       conf       | number| search|dwnlded|evicted|| number|dwnlded|
[2026-04-14T03:12:24.719+0000] {subprocess.py:106} INFO - 	---------------------------------------------------------------------
[2026-04-14T03:12:24.723+0000] {subprocess.py:106} INFO - 	|      default     |   1   |   0   |   0   |   0   ||   1   |   0   |
[2026-04-14T03:12:24.726+0000] {subprocess.py:106} INFO - 	---------------------------------------------------------------------
[2026-04-14T03:12:24.729+0000] {subprocess.py:106} INFO - 
[2026-04-14T03:12:24.731+0000] {subprocess.py:106} INFO - :: problems summary ::
[2026-04-14T03:12:24.734+0000] {subprocess.py:106} INFO - :::: ERRORS
[2026-04-14T03:12:24.736+0000] {subprocess.py:106} INFO - 	unknown resolver null
[2026-04-14T03:12:24.738+0000] {subprocess.py:106} INFO - 
[2026-04-14T03:12:24.739+0000] {subprocess.py:106} INFO - 	unknown resolver null
[2026-04-14T03:12:24.742+0000] {subprocess.py:106} INFO - 
[2026-04-14T03:12:24.743+0000] {subprocess.py:106} INFO - 
[2026-04-14T03:12:24.746+0000] {subprocess.py:106} INFO - :: USE VERBOSE OR DEBUG MESSAGE LEVEL FOR MORE DETAILS
[2026-04-14T03:12:24.747+0000] {subprocess.py:106} INFO - :: retrieving :: org.apache.spark#spark-submit-parent-da7eb351-7db9-45d4-ae9a-c4a2dfd2acf1
[2026-04-14T03:12:24.748+0000] {subprocess.py:106} INFO - 	confs: [default]
[2026-04-14T03:12:24.763+0000] {subprocess.py:106} INFO - 	0 artifacts copied, 1 already retrieved (0kB/33ms)
[2026-04-14T03:12:27.885+0000] {subprocess.py:106} INFO - 26/04/14 03:12:27 WARN NativeCodeLoader: Unable to load native-hadoop library for your platform... using builtin-java classes where applicable
[2026-04-14T03:12:48.914+0000] {subprocess.py:106} INFO - Using Spark's default log4j profile: org/apache/spark/log4j2-defaults.properties
[2026-04-14T03:12:48.987+0000] {subprocess.py:106} INFO - 26/04/14 03:12:48 INFO SparkContext: Running Spark version 4.0.2
[2026-04-14T03:12:49.058+0000] {subprocess.py:106} INFO - 26/04/14 03:12:49 INFO SparkContext: OS info Linux, 6.6.87.2-microsoft-standard-WSL2, amd64
[2026-04-14T03:12:49.060+0000] {subprocess.py:106} INFO - 26/04/14 03:12:49 INFO SparkContext: Java version 21.0.10
[2026-04-14T03:12:49.321+0000] {subprocess.py:106} INFO - 26/04/14 03:12:49 INFO ResourceUtils: ==============================================================
[2026-04-14T03:12:49.331+0000] {subprocess.py:106} INFO - 26/04/14 03:12:49 INFO ResourceUtils: No custom resources configured for spark.driver.
[2026-04-14T03:12:49.336+0000] {subprocess.py:106} INFO - 26/04/14 03:12:49 INFO ResourceUtils: ==============================================================
[2026-04-14T03:12:49.340+0000] {subprocess.py:106} INFO - 26/04/14 03:12:49 INFO SparkContext: Submitted application: TrainModel
[2026-04-14T03:12:49.511+0000] {subprocess.py:106} INFO - 26/04/14 03:12:49 INFO ResourceProfile: Default ResourceProfile created, executor resources: Map(cores -> name: cores, amount: 2, script: , vendor: , memory -> name: memory, amount: 2048, script: , vendor: , offHeap -> name: offHeap, amount: 0, script: , vendor: ), task resources: Map(cpus -> name: cpus, amount: 1.0)
[2026-04-14T03:12:49.559+0000] {subprocess.py:106} INFO - 26/04/14 03:12:49 INFO ResourceProfile: Limiting resource is cpus at 2 tasks per executor
[2026-04-14T03:12:49.568+0000] {subprocess.py:106} INFO - 26/04/14 03:12:49 INFO ResourceProfileManager: Added ResourceProfile id: 0
[2026-04-14T03:12:49.935+0000] {subprocess.py:106} INFO - 26/04/14 03:12:49 INFO SecurityManager: Changing view acls to: spark
[2026-04-14T03:12:49.939+0000] {subprocess.py:106} INFO - 26/04/14 03:12:49 INFO SecurityManager: Changing modify acls to: spark
[2026-04-14T03:12:49.941+0000] {subprocess.py:106} INFO - 26/04/14 03:12:49 INFO SecurityManager: Changing view acls groups to: spark
[2026-04-14T03:12:49.944+0000] {subprocess.py:106} INFO - 26/04/14 03:12:49 INFO SecurityManager: Changing modify acls groups to: spark
[2026-04-14T03:12:49.956+0000] {subprocess.py:106} INFO - 26/04/14 03:12:49 INFO SecurityManager: SecurityManager: authentication disabled; ui acls disabled; users with view permissions: spark groups with view permissions: EMPTY; users with modify permissions: spark; groups with modify permissions: EMPTY; RPC SSL disabled
[2026-04-14T03:12:52.106+0000] {subprocess.py:106} INFO - 26/04/14 03:12:52 INFO Utils: Successfully started service 'sparkDriver' on port 36293.
[2026-04-14T03:12:52.351+0000] {subprocess.py:106} INFO - 26/04/14 03:12:52 INFO SparkEnv: Registering MapOutputTracker
[2026-04-14T03:12:52.454+0000] {subprocess.py:106} INFO - 26/04/14 03:12:52 INFO SparkEnv: Registering BlockManagerMaster
[2026-04-14T03:12:52.906+0000] {subprocess.py:106} INFO - 26/04/14 03:12:52 INFO BlockManagerMasterEndpoint: Using org.apache.spark.storage.DefaultTopologyMapper for getting topology information
[2026-04-14T03:12:52.911+0000] {subprocess.py:106} INFO - 26/04/14 03:12:52 INFO BlockManagerMasterEndpoint: BlockManagerMasterEndpoint up
[2026-04-14T03:12:52.962+0000] {subprocess.py:106} INFO - 26/04/14 03:12:52 INFO SparkEnv: Registering BlockManagerMasterHeartbeat
[2026-04-14T03:12:53.484+0000] {subprocess.py:106} INFO - 26/04/14 03:12:53 INFO DiskBlockManager: Created local directory at /tmp/blockmgr-f489ec41-1b93-4f93-8fc1-b13bc68801cc
[2026-04-14T03:12:53.610+0000] {subprocess.py:106} INFO - 26/04/14 03:12:53 INFO SparkEnv: Registering OutputCommitCoordinator
[2026-04-14T03:12:59.938+0000] {subprocess.py:106} INFO - 26/04/14 03:12:59 INFO JettyUtils: Start Jetty 0.0.0.0:4040 for SparkUI
[2026-04-14T03:13:01.543+0000] {subprocess.py:106} INFO - 26/04/14 03:13:01 INFO Utils: Successfully started service 'SparkUI' on port 4040.
[2026-04-14T03:13:02.697+0000] {subprocess.py:106} INFO - 26/04/14 03:13:02 INFO SparkContext: Added JAR file:///home/spark/.ivy2.5.2/jars/org.apache.iceberg_iceberg-spark-runtime-4.0_2.13-1.10.1.jar at spark://spark-master:36293/jars/org.apache.iceberg_iceberg-spark-runtime-4.0_2.13-1.10.1.jar with timestamp 1776136368551
[2026-04-14T03:13:02.948+0000] {subprocess.py:106} INFO - 26/04/14 03:13:02 INFO SparkContext: Added file file:///home/spark/.ivy2.5.2/jars/org.apache.iceberg_iceberg-spark-runtime-4.0_2.13-1.10.1.jar at file:///home/spark/.ivy2.5.2/jars/org.apache.iceberg_iceberg-spark-runtime-4.0_2.13-1.10.1.jar with timestamp 1776136368551
[2026-04-14T03:13:03.015+0000] {subprocess.py:106} INFO - 26/04/14 03:13:02 INFO Utils: Copying /home/spark/.ivy2.5.2/jars/org.apache.iceberg_iceberg-spark-runtime-4.0_2.13-1.10.1.jar to /tmp/spark-c4124ff5-5e9a-4fc8-97af-fa40ac5824e5/userFiles-867f4bf7-fbb3-4890-8963-49e02f372dac/org.apache.iceberg_iceberg-spark-runtime-4.0_2.13-1.10.1.jar
[2026-04-14T03:13:12.879+0000] {subprocess.py:106} INFO - 26/04/14 03:13:12 INFO SecurityManager: Changing view acls to: spark
[2026-04-14T03:13:12.945+0000] {subprocess.py:106} INFO - 26/04/14 03:13:12 INFO SecurityManager: Changing modify acls to: spark
[2026-04-14T03:13:12.948+0000] {subprocess.py:106} INFO - 26/04/14 03:13:12 INFO SecurityManager: Changing view acls groups to: spark
[2026-04-14T03:13:12.954+0000] {subprocess.py:106} INFO - 26/04/14 03:13:12 INFO SecurityManager: Changing modify acls groups to: spark
[2026-04-14T03:13:12.957+0000] {subprocess.py:106} INFO - 26/04/14 03:13:12 INFO SecurityManager: SecurityManager: authentication disabled; ui acls disabled; users with view permissions: spark groups with view permissions: EMPTY; users with modify permissions: spark; groups with modify permissions: EMPTY; RPC SSL disabled
[2026-04-14T03:13:31.437+0000] {subprocess.py:106} INFO - 26/04/14 03:13:31 INFO Executor: Starting executor ID driver on host spark-master
[2026-04-14T03:13:31.463+0000] {subprocess.py:106} INFO - 26/04/14 03:13:31 INFO Executor: OS info Linux, 6.6.87.2-microsoft-standard-WSL2, amd64
[2026-04-14T03:13:31.466+0000] {subprocess.py:106} INFO - 26/04/14 03:13:31 INFO Executor: Java version 21.0.10
[2026-04-14T03:13:31.951+0000] {subprocess.py:106} INFO - 26/04/14 03:13:31 INFO Executor: Starting executor with user classpath (userClassPathFirst = false): ''
[2026-04-14T03:13:31.963+0000] {subprocess.py:106} INFO - 26/04/14 03:13:31 INFO Executor: Created or updated repl class loader org.apache.spark.util.MutableURLClassLoader@5532d029 for default.
[2026-04-14T03:13:32.343+0000] {subprocess.py:106} INFO - 26/04/14 03:13:32 INFO Executor: Fetching file:///home/spark/.ivy2.5.2/jars/org.apache.iceberg_iceberg-spark-runtime-4.0_2.13-1.10.1.jar with timestamp 1776136368551
[2026-04-14T03:13:39.951+0000] {subprocess.py:106} INFO - 26/04/14 03:13:39 INFO Utils: /home/spark/.ivy2.5.2/jars/org.apache.iceberg_iceberg-spark-runtime-4.0_2.13-1.10.1.jar has been previously copied to /tmp/spark-c4124ff5-5e9a-4fc8-97af-fa40ac5824e5/userFiles-867f4bf7-fbb3-4890-8963-49e02f372dac/org.apache.iceberg_iceberg-spark-runtime-4.0_2.13-1.10.1.jar
[2026-04-14T03:13:40.506+0000] {subprocess.py:106} INFO - 26/04/14 03:13:40 INFO Executor: Fetching spark://spark-master:36293/jars/org.apache.iceberg_iceberg-spark-runtime-4.0_2.13-1.10.1.jar with timestamp 1776136368551
[2026-04-14T03:13:42.308+0000] {subprocess.py:106} INFO - 26/04/14 03:13:42 INFO TransportClientFactory: Successfully created connection to spark-master/172.20.0.5:36293 after 1215 ms (0 ms spent in bootstraps)
[2026-04-14T03:13:42.363+0000] {subprocess.py:106} INFO - 26/04/14 03:13:42 INFO Utils: Fetching spark://spark-master:36293/jars/org.apache.iceberg_iceberg-spark-runtime-4.0_2.13-1.10.1.jar to /tmp/spark-c4124ff5-5e9a-4fc8-97af-fa40ac5824e5/userFiles-867f4bf7-fbb3-4890-8963-49e02f372dac/fetchFileTemp10888539423810191759.tmp
[2026-04-14T03:13:45.375+0000] {subprocess.py:106} INFO - 26/04/14 03:13:45 INFO Utils: /tmp/spark-c4124ff5-5e9a-4fc8-97af-fa40ac5824e5/userFiles-867f4bf7-fbb3-4890-8963-49e02f372dac/fetchFileTemp10888539423810191759.tmp has been previously copied to /tmp/spark-c4124ff5-5e9a-4fc8-97af-fa40ac5824e5/userFiles-867f4bf7-fbb3-4890-8963-49e02f372dac/org.apache.iceberg_iceberg-spark-runtime-4.0_2.13-1.10.1.jar
[2026-04-14T03:13:45.891+0000] {subprocess.py:106} INFO - 26/04/14 03:13:45 INFO Executor: Adding file:/tmp/spark-c4124ff5-5e9a-4fc8-97af-fa40ac5824e5/userFiles-867f4bf7-fbb3-4890-8963-49e02f372dac/org.apache.iceberg_iceberg-spark-runtime-4.0_2.13-1.10.1.jar to class loader default
[2026-04-14T03:13:46.383+0000] {subprocess.py:106} INFO - 26/04/14 03:13:46 INFO Utils: Successfully started service 'org.apache.spark.network.netty.NettyBlockTransferService' on port 38065.
[2026-04-14T03:13:46.389+0000] {subprocess.py:106} INFO - 26/04/14 03:13:46 INFO NettyBlockTransferService: Server created on spark-master:38065
[2026-04-14T03:13:46.505+0000] {subprocess.py:106} INFO - 26/04/14 03:13:46 INFO BlockManager: Using org.apache.spark.storage.RandomBlockReplicationPolicy for block replication policy
[2026-04-14T03:13:47.325+0000] {subprocess.py:106} INFO - 26/04/14 03:13:47 INFO BlockManagerMaster: Registering BlockManager BlockManagerId(driver, spark-master, 38065, None)
[2026-04-14T03:13:47.393+0000] {subprocess.py:106} INFO - 26/04/14 03:13:47 INFO BlockManagerMasterEndpoint: Registering block manager spark-master:38065 with 1048.8 MiB RAM, BlockManagerId(driver, spark-master, 38065, None)
[2026-04-14T03:13:47.492+0000] {subprocess.py:106} INFO - 26/04/14 03:13:47 INFO BlockManagerMaster: Registered BlockManager BlockManagerId(driver, spark-master, 38065, None)
[2026-04-14T03:13:47.739+0000] {subprocess.py:106} INFO - 26/04/14 03:13:47 INFO BlockManager: Initialized BlockManager: BlockManagerId(driver, spark-master, 38065, None)
[2026-04-14T03:13:49.166+0000] {subprocess.py:106} INFO - 26/04/14 03:13:49 INFO Executor: Told to re-register on heartbeat
[2026-04-14T03:13:49.178+0000] {subprocess.py:106} INFO - 26/04/14 03:13:49 INFO BlockManager: BlockManager BlockManagerId(driver, spark-master, 38065, None) re-registering with master
[2026-04-14T03:13:49.183+0000] {subprocess.py:106} INFO - 26/04/14 03:13:49 INFO BlockManagerMaster: Registering BlockManager BlockManagerId(driver, spark-master, 38065, None)
[2026-04-14T03:13:49.293+0000] {subprocess.py:106} INFO - 26/04/14 03:13:49 ERROR Inbox: Ignoring error
[2026-04-14T03:13:49.297+0000] {subprocess.py:106} INFO - org.apache.spark.SparkException: Exception thrown in awaitResult:
[2026-04-14T03:13:49.301+0000] {subprocess.py:106} INFO - 	at org.apache.spark.util.SparkThreadUtils$.awaitResult(SparkThreadUtils.scala:53)
[2026-04-14T03:13:49.305+0000] {subprocess.py:106} INFO - 	at org.apache.spark.util.ThreadUtils$.awaitResult(ThreadUtils.scala:342)
[2026-04-14T03:13:49.310+0000] {subprocess.py:106} INFO - 	at org.apache.spark.rpc.RpcTimeout.awaitResult(RpcTimeout.scala:75)
[2026-04-14T03:13:49.318+0000] {subprocess.py:106} INFO - 	at org.apache.spark.rpc.RpcEnv.setupEndpointRefByURI(RpcEnv.scala:102)
[2026-04-14T03:13:49.322+0000] {subprocess.py:106} INFO - 	at org.apache.spark.rpc.RpcEnv.setupEndpointRef(RpcEnv.scala:110)
[2026-04-14T03:13:49.330+0000] {subprocess.py:106} INFO - 	at org.apache.spark.util.RpcUtils$.makeDriverRef(RpcUtils.scala:36)
[2026-04-14T03:13:49.337+0000] {subprocess.py:106} INFO - 	at org.apache.spark.storage.BlockManagerMasterEndpoint.driverEndpoint$lzycompute(BlockManagerMasterEndpoint.scala:132)
[2026-04-14T03:13:49.339+0000] {subprocess.py:106} INFO - 	at org.apache.spark.storage.BlockManagerMasterEndpoint.org$apache$spark$storage$BlockManagerMasterEndpoint$$driverEndpoint(BlockManagerMasterEndpoint.scala:131)
[2026-04-14T03:13:49.340+0000] {subprocess.py:106} INFO - 	at org.apache.spark.storage.BlockManagerMasterEndpoint.isExecutorAlive$lzycompute$1(BlockManagerMasterEndpoint.scala:700)
[2026-04-14T03:13:49.345+0000] {subprocess.py:106} INFO - 	at org.apache.spark.storage.BlockManagerMasterEndpoint.isExecutorAlive$1(BlockManagerMasterEndpoint.scala:699)
[2026-04-14T03:13:49.348+0000] {subprocess.py:106} INFO - 	at org.apache.spark.storage.BlockManagerMasterEndpoint.org$apache$spark$storage$BlockManagerMasterEndpoint$$register(BlockManagerMasterEndpoint.scala:739)
[2026-04-14T03:13:49.352+0000] {subprocess.py:106} INFO - 	at org.apache.spark.storage.BlockManagerMasterEndpoint$$anonfun$receiveAndReply$1.applyOrElse(BlockManagerMasterEndpoint.scala:141)
[2026-04-14T03:13:49.354+0000] {subprocess.py:106} INFO - 	at org.apache.spark.rpc.netty.Inbox.$anonfun$process$1(Inbox.scala:104)
[2026-04-14T03:13:49.355+0000] {subprocess.py:106} INFO - 	at org.apache.spark.rpc.netty.Inbox.safelyCall(Inbox.scala:216)
[2026-04-14T03:13:49.359+0000] {subprocess.py:106} INFO - 	at org.apache.spark.rpc.netty.Inbox.process(Inbox.scala:101)
[2026-04-14T03:13:49.363+0000] {subprocess.py:106} INFO - 	at org.apache.spark.rpc.netty.MessageLoop.org$apache$spark$rpc$netty$MessageLoop$$receiveLoop(MessageLoop.scala:76)
[2026-04-14T03:13:49.366+0000] {subprocess.py:106} INFO - 	at org.apache.spark.rpc.netty.MessageLoop$$anon$1.run(MessageLoop.scala:42)
[2026-04-14T03:13:49.368+0000] {subprocess.py:106} INFO - 	at java.base/java.util.concurrent.ThreadPoolExecutor.runWorker(ThreadPoolExecutor.java:1144)
[2026-04-14T03:13:49.375+0000] {subprocess.py:106} INFO - 	at java.base/java.util.concurrent.ThreadPoolExecutor$Worker.run(ThreadPoolExecutor.java:642)
[2026-04-14T03:13:49.376+0000] {subprocess.py:106} INFO - 	at java.base/java.lang.Thread.run(Thread.java:1583)
[2026-04-14T03:13:49.382+0000] {subprocess.py:106} INFO - Caused by: org.apache.spark.rpc.RpcEndpointNotFoundException: Cannot find endpoint: spark://CoarseGrainedScheduler@spark-master:36293
[2026-04-14T03:13:49.385+0000] {subprocess.py:106} INFO - 	at org.apache.spark.rpc.netty.NettyRpcEnv.$anonfun$asyncSetupEndpointRefByURI$1(NettyRpcEnv.scala:151)
[2026-04-14T03:13:49.388+0000] {subprocess.py:106} INFO - 	at org.apache.spark.rpc.netty.NettyRpcEnv.$anonfun$asyncSetupEndpointRefByURI$1$adapted(NettyRpcEnv.scala:147)
[2026-04-14T03:13:49.391+0000] {subprocess.py:106} INFO - 	at scala.concurrent.impl.Promise$Transformation.run(Promise.scala:470)
[2026-04-14T03:13:49.392+0000] {subprocess.py:106} INFO - 	at org.apache.spark.util.ThreadUtils$$anon$1.execute(ThreadUtils.scala:99)
[2026-04-14T03:13:49.394+0000] {subprocess.py:106} INFO - 	at scala.concurrent.impl.ExecutionContextImpl.execute(ExecutionContextImpl.scala:21)
[2026-04-14T03:13:49.395+0000] {subprocess.py:106} INFO - 	at scala.concurrent.impl.Promise$Transformation.submitWithValue(Promise.scala:429)
[2026-04-14T03:13:49.396+0000] {subprocess.py:106} INFO - 	at scala.concurrent.impl.Promise$DefaultPromise.submitWithValue(Promise.scala:338)
[2026-04-14T03:13:49.397+0000] {subprocess.py:106} INFO - 	at scala.concurrent.impl.Promise$DefaultPromise.tryComplete0(Promise.scala:285)
[2026-04-14T03:13:49.398+0000] {subprocess.py:106} INFO - 	at scala.concurrent.impl.Promise$Transformation.run(Promise.scala:504)
[2026-04-14T03:13:49.402+0000] {subprocess.py:106} INFO - 	at org.apache.spark.util.ThreadUtils$$anon$1.execute(ThreadUtils.scala:99)
[2026-04-14T03:13:49.406+0000] {subprocess.py:106} INFO - 	at scala.concurrent.impl.ExecutionContextImpl.execute(ExecutionContextImpl.scala:21)
[2026-04-14T03:13:49.408+0000] {subprocess.py:106} INFO - 	at scala.concurrent.impl.Promise$Transformation.submitWithValue(Promise.scala:429)
[2026-04-14T03:13:49.413+0000] {subprocess.py:106} INFO - 	at scala.concurrent.impl.Promise$DefaultPromise.submitWithValue(Promise.scala:338)
[2026-04-14T03:13:49.417+0000] {subprocess.py:106} INFO - 	at scala.concurrent.impl.Promise$DefaultPromise.tryComplete0(Promise.scala:285)
[2026-04-14T03:13:49.418+0000] {subprocess.py:106} INFO - 	at scala.concurrent.impl.Promise$Transformation.run(Promise.scala:504)
[2026-04-14T03:13:49.420+0000] {subprocess.py:106} INFO - 	at scala.concurrent.ExecutionContext$parasitic$.execute(ExecutionContext.scala:222)
[2026-04-14T03:13:49.422+0000] {subprocess.py:106} INFO - 	at scala.concurrent.impl.Promise$Transformation.submitWithValue(Promise.scala:429)
[2026-04-14T03:13:49.423+0000] {subprocess.py:106} INFO - 	at scala.concurrent.impl.Promise$DefaultPromise.submitWithValue(Promise.scala:335)
[2026-04-14T03:13:49.424+0000] {subprocess.py:106} INFO - 	at scala.concurrent.impl.Promise$DefaultPromise.tryComplete0(Promise.scala:285)
[2026-04-14T03:13:49.426+0000] {subprocess.py:106} INFO - 	at scala.concurrent.impl.Promise$DefaultPromise.tryComplete(Promise.scala:278)
[2026-04-14T03:13:49.428+0000] {subprocess.py:106} INFO - 	at scala.concurrent.Promise.trySuccess(Promise.scala:99)
[2026-04-14T03:13:49.433+0000] {subprocess.py:106} INFO - 	at scala.concurrent.Promise.trySuccess$(Promise.scala:99)
[2026-04-14T03:13:49.437+0000] {subprocess.py:106} INFO - 	at scala.concurrent.impl.Promise$DefaultPromise.trySuccess(Promise.scala:104)
[2026-04-14T03:13:49.438+0000] {subprocess.py:106} INFO - 	at org.apache.spark.rpc.netty.NettyRpcEnv.onSuccess$1(NettyRpcEnv.scala:228)
[2026-04-14T03:13:49.440+0000] {subprocess.py:106} INFO - 	at org.apache.spark.rpc.netty.NettyRpcEnv.$anonfun$askAbortable$5(NettyRpcEnv.scala:242)
[2026-04-14T03:13:49.444+0000] {subprocess.py:106} INFO - 	at org.apache.spark.rpc.netty.NettyRpcEnv.$anonfun$askAbortable$5$adapted(NettyRpcEnv.scala:241)
[2026-04-14T03:13:49.446+0000] {subprocess.py:106} INFO - 	at scala.concurrent.impl.Promise$Transformation.run(Promise.scala:484)
[2026-04-14T03:13:49.448+0000] {subprocess.py:106} INFO - 	at org.apache.spark.util.ThreadUtils$$anon$1.execute(ThreadUtils.scala:99)
[2026-04-14T03:13:49.449+0000] {subprocess.py:106} INFO - 	at scala.concurrent.impl.ExecutionContextImpl.execute(ExecutionContextImpl.scala:21)
[2026-04-14T03:13:49.450+0000] {subprocess.py:106} INFO - 	at scala.concurrent.impl.Promise$Transformation.submitWithValue(Promise.scala:429)
[2026-04-14T03:13:49.451+0000] {subprocess.py:106} INFO - 	at scala.concurrent.impl.Promise$DefaultPromise.submitWithValue(Promise.scala:338)
[2026-04-14T03:13:49.455+0000] {subprocess.py:106} INFO - 	at scala.concurrent.impl.Promise$DefaultPromise.tryComplete0(Promise.scala:285)
[2026-04-14T03:13:49.462+0000] {subprocess.py:106} INFO - 	at scala.concurrent.impl.Promise$DefaultPromise.tryComplete(Promise.scala:278)
[2026-04-14T03:13:49.463+0000] {subprocess.py:106} INFO - 	at scala.concurrent.Promise.complete(Promise.scala:57)
[2026-04-14T03:13:49.464+0000] {subprocess.py:106} INFO - 	at scala.concurrent.Promise.complete$(Promise.scala:56)
[2026-04-14T03:13:49.465+0000] {subprocess.py:106} INFO - 	at scala.concurrent.impl.Promise$DefaultPromise.complete(Promise.scala:104)
[2026-04-14T03:13:49.467+0000] {subprocess.py:106} INFO - 	at scala.concurrent.Promise.success(Promise.scala:91)
[2026-04-14T03:13:49.470+0000] {subprocess.py:106} INFO - 	at scala.concurrent.Promise.success$(Promise.scala:91)
[2026-04-14T03:13:49.475+0000] {subprocess.py:106} INFO - 	at scala.concurrent.impl.Promise$DefaultPromise.success(Promise.scala:104)
[2026-04-14T03:13:49.476+0000] {subprocess.py:106} INFO - 	at org.apache.spark.rpc.netty.LocalNettyRpcCallContext.send(NettyRpcCallContext.scala:50)
[2026-04-14T03:13:49.479+0000] {subprocess.py:106} INFO - 	at org.apache.spark.rpc.netty.NettyRpcCallContext.reply(NettyRpcCallContext.scala:32)
[2026-04-14T03:13:49.486+0000] {subprocess.py:106} INFO - 	at org.apache.spark.rpc.netty.RpcEndpointVerifier$$anonfun$receiveAndReply$1.applyOrElse(RpcEndpointVerifier.scala:31)
[2026-04-14T03:13:49.487+0000] {subprocess.py:106} INFO - 	... 8 more
[2026-04-14T03:13:49.489+0000] {subprocess.py:106} INFO - 26/04/14 03:13:49 WARN Executor: Issue communicating with driver in heartbeater
[2026-04-14T03:13:49.491+0000] {subprocess.py:106} INFO - org.apache.spark.SparkException: Exception thrown in awaitResult:
[2026-04-14T03:13:49.494+0000] {subprocess.py:106} INFO - 	at org.apache.spark.util.SparkThreadUtils$.awaitResult(SparkThreadUtils.scala:53)
[2026-04-14T03:13:49.499+0000] {subprocess.py:106} INFO - 	at org.apache.spark.util.ThreadUtils$.awaitResult(ThreadUtils.scala:342)
[2026-04-14T03:13:49.500+0000] {subprocess.py:106} INFO - 	at org.apache.spark.rpc.RpcTimeout.awaitResult(RpcTimeout.scala:75)
[2026-04-14T03:13:49.503+0000] {subprocess.py:106} INFO - 	at org.apache.spark.rpc.RpcEndpointRef.askSync(RpcEndpointRef.scala:101)
[2026-04-14T03:13:49.504+0000] {subprocess.py:106} INFO - 	at org.apache.spark.rpc.RpcEndpointRef.askSync(RpcEndpointRef.scala:85)
[2026-04-14T03:13:49.507+0000] {subprocess.py:106} INFO - 	at org.apache.spark.storage.BlockManagerMaster.registerBlockManager(BlockManagerMaster.scala:81)
[2026-04-14T03:13:49.508+0000] {subprocess.py:106} INFO - 	at org.apache.spark.storage.BlockManager.reregister(BlockManager.scala:669)
[2026-04-14T03:13:49.513+0000] {subprocess.py:106} INFO - 	at org.apache.spark.executor.Executor.reportHeartBeat(Executor.scala:1296)
[2026-04-14T03:13:49.516+0000] {subprocess.py:106} INFO - 	at org.apache.spark.executor.Executor.$anonfun$heartbeater$1(Executor.scala:307)
[2026-04-14T03:13:49.517+0000] {subprocess.py:106} INFO - 	at scala.runtime.java8.JFunction0$mcV$sp.apply(JFunction0$mcV$sp.scala:18)
[2026-04-14T03:13:49.522+0000] {subprocess.py:106} INFO - 	at org.apache.spark.util.Utils$.logUncaughtExceptions(Utils.scala:1937)
[2026-04-14T03:13:49.524+0000] {subprocess.py:106} INFO - 	at org.apache.spark.Heartbeater$$anon$1.run(Heartbeater.scala:46)
[2026-04-14T03:13:49.527+0000] {subprocess.py:106} INFO - 	at java.base/java.util.concurrent.Executors$RunnableAdapter.call(Executors.java:572)
[2026-04-14T03:13:49.528+0000] {subprocess.py:106} INFO - 	at java.base/java.util.concurrent.FutureTask.runAndReset(FutureTask.java:358)
[2026-04-14T03:13:49.534+0000] {subprocess.py:106} INFO - 	at java.base/java.util.concurrent.ScheduledThreadPoolExecutor$ScheduledFutureTask.run(ScheduledThreadPoolExecutor.java:305)
[2026-04-14T03:13:49.535+0000] {subprocess.py:106} INFO - 	at java.base/java.util.concurrent.ThreadPoolExecutor.runWorker(ThreadPoolExecutor.java:1144)
[2026-04-14T03:13:49.536+0000] {subprocess.py:106} INFO - 	at java.base/java.util.concurrent.ThreadPoolExecutor$Worker.run(ThreadPoolExecutor.java:642)
[2026-04-14T03:13:49.538+0000] {subprocess.py:106} INFO - 	at java.base/java.lang.Thread.run(Thread.java:1583)
[2026-04-14T03:13:49.539+0000] {subprocess.py:106} INFO - Caused by: org.apache.spark.SparkException: Exception thrown in awaitResult:
[2026-04-14T03:13:49.542+0000] {subprocess.py:106} INFO - 	at org.apache.spark.util.SparkThreadUtils$.awaitResult(SparkThreadUtils.scala:53)
[2026-04-14T03:13:49.543+0000] {subprocess.py:106} INFO - 	at org.apache.spark.util.ThreadUtils$.awaitResult(ThreadUtils.scala:342)
[2026-04-14T03:13:49.544+0000] {subprocess.py:106} INFO - 	at org.apache.spark.rpc.RpcTimeout.awaitResult(RpcTimeout.scala:75)
[2026-04-14T03:13:49.545+0000] {subprocess.py:106} INFO - 	at org.apache.spark.rpc.RpcEnv.setupEndpointRefByURI(RpcEnv.scala:102)
[2026-04-14T03:13:49.549+0000] {subprocess.py:106} INFO - 	at org.apache.spark.rpc.RpcEnv.setupEndpointRef(RpcEnv.scala:110)
[2026-04-14T03:13:49.552+0000] {subprocess.py:106} INFO - 	at org.apache.spark.util.RpcUtils$.makeDriverRef(RpcUtils.scala:36)
[2026-04-14T03:13:49.555+0000] {subprocess.py:106} INFO - 	at org.apache.spark.storage.BlockManagerMasterEndpoint.driverEndpoint$lzycompute(BlockManagerMasterEndpoint.scala:132)
[2026-04-14T03:13:49.556+0000] {subprocess.py:106} INFO - 	at org.apache.spark.storage.BlockManagerMasterEndpoint.org$apache$spark$storage$BlockManagerMasterEndpoint$$driverEndpoint(BlockManagerMasterEndpoint.scala:131)
[2026-04-14T03:13:49.557+0000] {subprocess.py:106} INFO - 	at org.apache.spark.storage.BlockManagerMasterEndpoint.isExecutorAlive$lzycompute$1(BlockManagerMasterEndpoint.scala:700)
[2026-04-14T03:13:49.558+0000] {subprocess.py:106} INFO - 	at org.apache.spark.storage.BlockManagerMasterEndpoint.isExecutorAlive$1(BlockManagerMasterEndpoint.scala:699)
[2026-04-14T03:13:49.560+0000] {subprocess.py:106} INFO - 	at org.apache.spark.storage.BlockManagerMasterEndpoint.org$apache$spark$storage$BlockManagerMasterEndpoint$$register(BlockManagerMasterEndpoint.scala:739)
[2026-04-14T03:13:49.564+0000] {subprocess.py:106} INFO - 	at org.apache.spark.storage.BlockManagerMasterEndpoint$$anonfun$receiveAndReply$1.applyOrElse(BlockManagerMasterEndpoint.scala:141)
[2026-04-14T03:13:49.565+0000] {subprocess.py:106} INFO - 	at org.apache.spark.rpc.netty.Inbox.$anonfun$process$1(Inbox.scala:104)
[2026-04-14T03:13:49.566+0000] {subprocess.py:106} INFO - 	at org.apache.spark.rpc.netty.Inbox.safelyCall(Inbox.scala:216)
[2026-04-14T03:13:49.569+0000] {subprocess.py:106} INFO - 	at org.apache.spark.rpc.netty.Inbox.process(Inbox.scala:101)
[2026-04-14T03:13:49.577+0000] {subprocess.py:106} INFO - 	at org.apache.spark.rpc.netty.MessageLoop.org$apache$spark$rpc$netty$MessageLoop$$receiveLoop(MessageLoop.scala:76)
[2026-04-14T03:13:49.579+0000] {subprocess.py:106} INFO - 	at org.apache.spark.rpc.netty.MessageLoop$$anon$1.run(MessageLoop.scala:42)
[2026-04-14T03:13:49.589+0000] {subprocess.py:106} INFO - 	... 3 more
[2026-04-14T03:13:49.590+0000] {subprocess.py:106} INFO - Caused by: org.apache.spark.rpc.RpcEndpointNotFoundException: Cannot find endpoint: spark://CoarseGrainedScheduler@spark-master:36293
[2026-04-14T03:13:49.598+0000] {subprocess.py:106} INFO - 	at org.apache.spark.rpc.netty.NettyRpcEnv.$anonfun$asyncSetupEndpointRefByURI$1(NettyRpcEnv.scala:151)
[2026-04-14T03:13:49.606+0000] {subprocess.py:106} INFO - 	at org.apache.spark.rpc.netty.NettyRpcEnv.$anonfun$asyncSetupEndpointRefByURI$1$adapted(NettyRpcEnv.scala:147)
[2026-04-14T03:13:49.607+0000] {subprocess.py:106} INFO - 	at scala.concurrent.impl.Promise$Transformation.run(Promise.scala:470)
[2026-04-14T03:13:49.608+0000] {subprocess.py:106} INFO - 	at org.apache.spark.util.ThreadUtils$$anon$1.execute(ThreadUtils.scala:99)
[2026-04-14T03:13:49.610+0000] {subprocess.py:106} INFO - 	at scala.concurrent.impl.ExecutionContextImpl.execute(ExecutionContextImpl.scala:21)
[2026-04-14T03:13:49.613+0000] {subprocess.py:106} INFO - 	at scala.concurrent.impl.Promise$Transformation.submitWithValue(Promise.scala:429)
[2026-04-14T03:13:49.615+0000] {subprocess.py:106} INFO - 	at scala.concurrent.impl.Promise$DefaultPromise.submitWithValue(Promise.scala:338)
[2026-04-14T03:13:49.617+0000] {subprocess.py:106} INFO - 	at scala.concurrent.impl.Promise$DefaultPromise.tryComplete0(Promise.scala:285)
[2026-04-14T03:13:49.621+0000] {subprocess.py:106} INFO - 	at scala.concurrent.impl.Promise$Transformation.run(Promise.scala:504)
[2026-04-14T03:13:49.623+0000] {subprocess.py:106} INFO - 	at org.apache.spark.util.ThreadUtils$$anon$1.execute(ThreadUtils.scala:99)
[2026-04-14T03:13:49.629+0000] {subprocess.py:106} INFO - 	at scala.concurrent.impl.ExecutionContextImpl.execute(ExecutionContextImpl.scala:21)
[2026-04-14T03:13:49.630+0000] {subprocess.py:106} INFO - 	at scala.concurrent.impl.Promise$Transformation.submitWithValue(Promise.scala:429)
[2026-04-14T03:13:49.631+0000] {subprocess.py:106} INFO - 	at scala.concurrent.impl.Promise$DefaultPromise.submitWithValue(Promise.scala:338)
[2026-04-14T03:13:49.632+0000] {subprocess.py:106} INFO - 	at scala.concurrent.impl.Promise$DefaultPromise.tryComplete0(Promise.scala:285)
[2026-04-14T03:13:49.637+0000] {subprocess.py:106} INFO - 	at scala.concurrent.impl.Promise$Transformation.run(Promise.scala:504)
[2026-04-14T03:13:49.639+0000] {subprocess.py:106} INFO - 	at scala.concurrent.ExecutionContext$parasitic$.execute(ExecutionContext.scala:222)
[2026-04-14T03:13:49.642+0000] {subprocess.py:106} INFO - 	at scala.concurrent.impl.Promise$Transformation.submitWithValue(Promise.scala:429)
[2026-04-14T03:13:49.645+0000] {subprocess.py:106} INFO - 	at scala.concurrent.impl.Promise$DefaultPromise.submitWithValue(Promise.scala:335)
[2026-04-14T03:13:49.648+0000] {subprocess.py:106} INFO - 	at scala.concurrent.impl.Promise$DefaultPromise.tryComplete0(Promise.scala:285)
[2026-04-14T03:13:49.653+0000] {subprocess.py:106} INFO - 	at scala.concurrent.impl.Promise$DefaultPromise.tryComplete(Promise.scala:278)
[2026-04-14T03:13:49.655+0000] {subprocess.py:106} INFO - 	at scala.concurrent.Promise.trySuccess(Promise.scala:99)
[2026-04-14T03:13:49.656+0000] {subprocess.py:106} INFO - 	at scala.concurrent.Promise.trySuccess$(Promise.scala:99)
[2026-04-14T03:13:49.658+0000] {subprocess.py:106} INFO - 	at scala.concurrent.impl.Promise$DefaultPromise.trySuccess(Promise.scala:104)
[2026-04-14T03:13:49.659+0000] {subprocess.py:106} INFO - 	at org.apache.spark.rpc.netty.NettyRpcEnv.onSuccess$1(NettyRpcEnv.scala:228)
[2026-04-14T03:13:49.660+0000] {subprocess.py:106} INFO - 	at org.apache.spark.rpc.netty.NettyRpcEnv.$anonfun$askAbortable$5(NettyRpcEnv.scala:242)
[2026-04-14T03:13:49.662+0000] {subprocess.py:106} INFO - 	at org.apache.spark.rpc.netty.NettyRpcEnv.$anonfun$askAbortable$5$adapted(NettyRpcEnv.scala:241)
[2026-04-14T03:13:49.663+0000] {subprocess.py:106} INFO - 	at scala.concurrent.impl.Promise$Transformation.run(Promise.scala:484)
[2026-04-14T03:13:49.665+0000] {subprocess.py:106} INFO - 	at org.apache.spark.util.ThreadUtils$$anon$1.execute(ThreadUtils.scala:99)
[2026-04-14T03:13:49.669+0000] {subprocess.py:106} INFO - 	at scala.concurrent.impl.ExecutionContextImpl.execute(ExecutionContextImpl.scala:21)
[2026-04-14T03:13:49.671+0000] {subprocess.py:106} INFO - 	at scala.concurrent.impl.Promise$Transformation.submitWithValue(Promise.scala:429)
[2026-04-14T03:13:49.674+0000] {subprocess.py:106} INFO - 	at scala.concurrent.impl.Promise$DefaultPromise.submitWithValue(Promise.scala:338)
[2026-04-14T03:13:49.675+0000] {subprocess.py:106} INFO - 	at scala.concurrent.impl.Promise$DefaultPromise.tryComplete0(Promise.scala:285)
[2026-04-14T03:13:49.676+0000] {subprocess.py:106} INFO - 	at scala.concurrent.impl.Promise$DefaultPromise.tryComplete(Promise.scala:278)
[2026-04-14T03:13:49.678+0000] {subprocess.py:106} INFO - 	at scala.concurrent.Promise.complete(Promise.scala:57)
[2026-04-14T03:13:49.679+0000] {subprocess.py:106} INFO - 	at scala.concurrent.Promise.complete$(Promise.scala:56)
[2026-04-14T03:13:49.680+0000] {subprocess.py:106} INFO - 	at scala.concurrent.impl.Promise$DefaultPromise.complete(Promise.scala:104)
[2026-04-14T03:13:49.681+0000] {subprocess.py:106} INFO - 	at scala.concurrent.Promise.success(Promise.scala:91)
[2026-04-14T03:13:49.682+0000] {subprocess.py:106} INFO - 	at scala.concurrent.Promise.success$(Promise.scala:91)
[2026-04-14T03:13:49.683+0000] {subprocess.py:106} INFO - 	at scala.concurrent.impl.Promise$DefaultPromise.success(Promise.scala:104)
[2026-04-14T03:13:49.685+0000] {subprocess.py:106} INFO - 	at org.apache.spark.rpc.netty.LocalNettyRpcCallContext.send(NettyRpcCallContext.scala:50)
[2026-04-14T03:13:49.688+0000] {subprocess.py:106} INFO - 	at org.apache.spark.rpc.netty.NettyRpcCallContext.reply(NettyRpcCallContext.scala:32)
[2026-04-14T03:13:49.693+0000] {subprocess.py:106} INFO - 	at org.apache.spark.rpc.netty.RpcEndpointVerifier$$anonfun$receiveAndReply$1.applyOrElse(RpcEndpointVerifier.scala:31)
[2026-04-14T03:13:49.694+0000] {subprocess.py:106} INFO - 	... 8 more
[2026-04-14T03:14:31.223+0000] {job.py:229} INFO - Heartbeat recovered after 24.74 seconds
[2026-04-14T03:14:53.395+0000] {job.py:229} INFO - Heartbeat recovered after 22.19 seconds
[2026-04-14T03:15:12.396+0000] {subprocess.py:106} INFO - Đọc dữ liệu Gold từ iceberg.air_quality_ml.air_quality_gold
[2026-04-14T03:15:12.939+0000] {subprocess.py:106} INFO - 26/04/14 03:15:12 INFO SharedState: spark.sql.warehouse.dir is not set, but hive.metastore.warehouse.dir is set. Setting spark.sql.warehouse.dir to the value of hive.metastore.warehouse.dir.
[2026-04-14T03:16:14.791+0000] {job.py:239} ERROR - Job heartbeat failed with error
Traceback (most recent call last):
  File "/home/airflow/airflow/venv/lib/python3.12/site-packages/sqlalchemy/engine/base.py", line 3371, in _wrap_pool_connect
    return fn()
           ^^^^
  File "/home/airflow/airflow/venv/lib/python3.12/site-packages/sqlalchemy/pool/base.py", line 327, in connect
    return _ConnectionFairy._checkout(self)
           ^^^^^^^^^^^^^^^^^^^^^^^^^^^^^^^^
  File "/home/airflow/airflow/venv/lib/python3.12/site-packages/sqlalchemy/pool/base.py", line 894, in _checkout
    fairy = _ConnectionRecord.checkout(pool)
            ^^^^^^^^^^^^^^^^^^^^^^^^^^^^^^^^
  File "/home/airflow/airflow/venv/lib/python3.12/site-packages/sqlalchemy/pool/base.py", line 493, in checkout
    rec = pool._do_get()
          ^^^^^^^^^^^^^^
  File "/home/airflow/airflow/venv/lib/python3.12/site-packages/sqlalchemy/pool/impl.py", line 256, in _do_get
    return self._create_connection()
           ^^^^^^^^^^^^^^^^^^^^^^^^^
  File "/home/airflow/airflow/venv/lib/python3.12/site-packages/sqlalchemy/pool/base.py", line 273, in _create_connection
    return _ConnectionRecord(self)
           ^^^^^^^^^^^^^^^^^^^^^^^
  File "/home/airflow/airflow/venv/lib/python3.12/site-packages/sqlalchemy/pool/base.py", line 388, in __init__
    self.__connect()
  File "/home/airflow/airflow/venv/lib/python3.12/site-packages/sqlalchemy/pool/base.py", line 690, in __connect
    with util.safe_reraise():
         ^^^^^^^^^^^^^^^^^^^
  File "/home/airflow/airflow/venv/lib/python3.12/site-packages/sqlalchemy/util/langhelpers.py", line 70, in __exit__
    compat.raise_(
  File "/home/airflow/airflow/venv/lib/python3.12/site-packages/sqlalchemy/util/compat.py", line 211, in raise_
    raise exception
  File "/home/airflow/airflow/venv/lib/python3.12/site-packages/sqlalchemy/pool/base.py", line 686, in __connect
    self.dbapi_connection = connection = pool._invoke_creator(self)
                                         ^^^^^^^^^^^^^^^^^^^^^^^^^^
  File "/home/airflow/airflow/venv/lib/python3.12/site-packages/sqlalchemy/engine/create.py", line 574, in connect
    return dialect.connect(*cargs, **cparams)
           ^^^^^^^^^^^^^^^^^^^^^^^^^^^^^^^^^^
  File "/home/airflow/airflow/venv/lib/python3.12/site-packages/sqlalchemy/engine/default.py", line 598, in connect
    return self.dbapi.connect(*cargs, **cparams)
           ^^^^^^^^^^^^^^^^^^^^^^^^^^^^^^^^^^^^^
  File "/home/airflow/airflow/venv/lib/python3.12/site-packages/psycopg2/__init__.py", line 122, in connect
    conn = _connect(dsn, connection_factory=connection_factory, **kwasync)
           ^^^^^^^^^^^^^^^^^^^^^^^^^^^^^^^^^^^^^^^^^^^^^^^^^^^^^^^^^^^^^^^
psycopg2.OperationalError: could not translate host name "***" to address: Temporary failure in name resolution


The above exception was the direct cause of the following exception:

Traceback (most recent call last):
  File "/home/airflow/airflow/venv/lib/python3.12/site-packages/airflow/jobs/job.py", line 207, in heartbeat
    self._merge_from(Job._fetch_from_db(self, session))
                     ^^^^^^^^^^^^^^^^^^^^^^^^^^^^^^^^^
  File "/home/airflow/airflow/venv/lib/python3.12/site-packages/airflow/api_internal/internal_api_call.py", line 166, in wrapper
    return func(*args, **kwargs)
           ^^^^^^^^^^^^^^^^^^^^^
  File "/home/airflow/airflow/venv/lib/python3.12/site-packages/airflow/utils/session.py", line 94, in wrapper
    return func(*args, **kwargs)
           ^^^^^^^^^^^^^^^^^^^^^
  File "/home/airflow/airflow/venv/lib/python3.12/site-packages/airflow/utils/retries.py", line 93, in wrapped_function
    for attempt in run_with_db_retries(max_retries=retries, logger=logger, **retry_kwargs):
                   ^^^^^^^^^^^^^^^^^^^^^^^^^^^^^^^^^^^^^^^^^^^^^^^^^^^^^^^^^^^^^^^^^^^^^^^
  File "/home/airflow/airflow/venv/lib/python3.12/site-packages/tenacity/__init__.py", line 438, in __iter__
    do = self.iter(retry_state=retry_state)
         ^^^^^^^^^^^^^^^^^^^^^^^^^^^^^^^^^^
  File "/home/airflow/airflow/venv/lib/python3.12/site-packages/tenacity/__init__.py", line 371, in iter
    result = action(retry_state)
             ^^^^^^^^^^^^^^^^^^^
  File "/home/airflow/airflow/venv/lib/python3.12/site-packages/tenacity/__init__.py", line 413, in exc_check
    raise retry_exc.reraise()
          ^^^^^^^^^^^^^^^^^^^
  File "/home/airflow/airflow/venv/lib/python3.12/site-packages/tenacity/__init__.py", line 184, in reraise
    raise self.last_attempt.result()
          ^^^^^^^^^^^^^^^^^^^^^^^^^^
  File "/usr/local/lib/python3.12/concurrent/futures/_base.py", line 449, in result
    return self.__get_result()
           ^^^^^^^^^^^^^^^^^^^
  File "/usr/local/lib/python3.12/concurrent/futures/_base.py", line 401, in __get_result
    raise self._exception
  File "/home/airflow/airflow/venv/lib/python3.12/site-packages/airflow/utils/retries.py", line 102, in wrapped_function
    return func(*args, **kwargs)
           ^^^^^^^^^^^^^^^^^^^^^
  File "/home/airflow/airflow/venv/lib/python3.12/site-packages/airflow/jobs/job.py", line 335, in _fetch_from_db
    session.merge(job)
  File "/home/airflow/airflow/venv/lib/python3.12/site-packages/sqlalchemy/orm/session.py", line 3056, in merge
    return self._merge(
           ^^^^^^^^^^^^
  File "/home/airflow/airflow/venv/lib/python3.12/site-packages/sqlalchemy/orm/session.py", line 3136, in _merge
    merged = self.get(
             ^^^^^^^^^
  File "/home/airflow/airflow/venv/lib/python3.12/site-packages/sqlalchemy/orm/session.py", line 2853, in get
    return self._get_impl(
           ^^^^^^^^^^^^^^^
  File "/home/airflow/airflow/venv/lib/python3.12/site-packages/sqlalchemy/orm/session.py", line 2975, in _get_impl
    return db_load_fn(
           ^^^^^^^^^^^
  File "/home/airflow/airflow/venv/lib/python3.12/site-packages/sqlalchemy/orm/loading.py", line 530, in load_on_pk_identity
    session.execute(
  File "/home/airflow/airflow/venv/lib/python3.12/site-packages/sqlalchemy/orm/session.py", line 1716, in execute
    conn = self._connection_for_bind(bind)
           ^^^^^^^^^^^^^^^^^^^^^^^^^^^^^^^
  File "/home/airflow/airflow/venv/lib/python3.12/site-packages/sqlalchemy/orm/session.py", line 1555, in _connection_for_bind
    return self._transaction._connection_for_bind(
           ^^^^^^^^^^^^^^^^^^^^^^^^^^^^^^^^^^^^^^^
  File "/home/airflow/airflow/venv/lib/python3.12/site-packages/sqlalchemy/orm/session.py", line 750, in _connection_for_bind
    conn = bind.connect()
           ^^^^^^^^^^^^^^
  File "/home/airflow/airflow/venv/lib/python3.12/site-packages/sqlalchemy/future/engine.py", line 412, in connect
    return super(Engine, self).connect()
           ^^^^^^^^^^^^^^^^^^^^^^^^^^^^^
  File "/home/airflow/airflow/venv/lib/python3.12/site-packages/sqlalchemy/engine/base.py", line 3325, in connect
    return self._connection_cls(self, close_with_result=close_with_result)
           ^^^^^^^^^^^^^^^^^^^^^^^^^^^^^^^^^^^^^^^^^^^^^^^^^^^^^^^^^^^^^^^
  File "/home/airflow/airflow/venv/lib/python3.12/site-packages/sqlalchemy/engine/base.py", line 96, in __init__
    else engine.raw_connection()
         ^^^^^^^^^^^^^^^^^^^^^^^
  File "/home/airflow/airflow/venv/lib/python3.12/site-packages/sqlalchemy/engine/base.py", line 3404, in raw_connection
    return self._wrap_pool_connect(self.pool.connect, _connection)
           ^^^^^^^^^^^^^^^^^^^^^^^^^^^^^^^^^^^^^^^^^^^^^^^^^^^^^^^
  File "/home/airflow/airflow/venv/lib/python3.12/site-packages/sqlalchemy/engine/base.py", line 3374, in _wrap_pool_connect
    Connection._handle_dbapi_exception_noconnection(
  File "/home/airflow/airflow/venv/lib/python3.12/site-packages/sqlalchemy/engine/base.py", line 2208, in _handle_dbapi_exception_noconnection
    util.raise_(
  File "/home/airflow/airflow/venv/lib/python3.12/site-packages/sqlalchemy/util/compat.py", line 211, in raise_
    raise exception
  File "/home/airflow/airflow/venv/lib/python3.12/site-packages/sqlalchemy/engine/base.py", line 3371, in _wrap_pool_connect
    return fn()
           ^^^^
  File "/home/airflow/airflow/venv/lib/python3.12/site-packages/sqlalchemy/pool/base.py", line 327, in connect
    return _ConnectionFairy._checkout(self)
           ^^^^^^^^^^^^^^^^^^^^^^^^^^^^^^^^
  File "/home/airflow/airflow/venv/lib/python3.12/site-packages/sqlalchemy/pool/base.py", line 894, in _checkout
    fairy = _ConnectionRecord.checkout(pool)
            ^^^^^^^^^^^^^^^^^^^^^^^^^^^^^^^^
  File "/home/airflow/airflow/venv/lib/python3.12/site-packages/sqlalchemy/pool/base.py", line 493, in checkout
    rec = pool._do_get()
          ^^^^^^^^^^^^^^
  File "/home/airflow/airflow/venv/lib/python3.12/site-packages/sqlalchemy/pool/impl.py", line 256, in _do_get
    return self._create_connection()
           ^^^^^^^^^^^^^^^^^^^^^^^^^
  File "/home/airflow/airflow/venv/lib/python3.12/site-packages/sqlalchemy/pool/base.py", line 273, in _create_connection
    return _ConnectionRecord(self)
           ^^^^^^^^^^^^^^^^^^^^^^^
  File "/home/airflow/airflow/venv/lib/python3.12/site-packages/sqlalchemy/pool/base.py", line 388, in __init__
    self.__connect()
  File "/home/airflow/airflow/venv/lib/python3.12/site-packages/sqlalchemy/pool/base.py", line 690, in __connect
    with util.safe_reraise():
         ^^^^^^^^^^^^^^^^^^^
  File "/home/airflow/airflow/venv/lib/python3.12/site-packages/sqlalchemy/util/langhelpers.py", line 70, in __exit__
    compat.raise_(
  File "/home/airflow/airflow/venv/lib/python3.12/site-packages/sqlalchemy/util/compat.py", line 211, in raise_
    raise exception
  File "/home/airflow/airflow/venv/lib/python3.12/site-packages/sqlalchemy/pool/base.py", line 686, in __connect
    self.dbapi_connection = connection = pool._invoke_creator(self)
                                         ^^^^^^^^^^^^^^^^^^^^^^^^^^
  File "/home/airflow/airflow/venv/lib/python3.12/site-packages/sqlalchemy/engine/create.py", line 574, in connect
    return dialect.connect(*cargs, **cparams)
           ^^^^^^^^^^^^^^^^^^^^^^^^^^^^^^^^^^
  File "/home/airflow/airflow/venv/lib/python3.12/site-packages/sqlalchemy/engine/default.py", line 598, in connect
    return self.dbapi.connect(*cargs, **cparams)
           ^^^^^^^^^^^^^^^^^^^^^^^^^^^^^^^^^^^^^
  File "/home/airflow/airflow/venv/lib/python3.12/site-packages/psycopg2/__init__.py", line 122, in connect
    conn = _connect(dsn, connection_factory=connection_factory, **kwasync)
           ^^^^^^^^^^^^^^^^^^^^^^^^^^^^^^^^^^^^^^^^^^^^^^^^^^^^^^^^^^^^^^^
sqlalchemy.exc.OperationalError: (psycopg2.OperationalError) could not translate host name "***" to address: Temporary failure in name resolution

(Background on this error at: https://sqlalche.me/e/14/e3q8)
[2026-04-14T03:16:25.990+0000] {job.py:254} ERROR - Job heartbeat failed with error. Scheduler is in unhealthy state
[2026-04-14T03:16:26.098+0000] {subprocess.py:106} INFO - 26/04/14 03:15:19 INFO SharedState: Warehouse path is 'hdfs://23133083thuyvan-master:9000/user/hive/lakehouse'.
[2026-04-14T03:16:26.131+0000] {subprocess.py:106} INFO - 26/04/14 03:16:25 INFO AsyncEventQueue: Process of event SparkListenerExecutorMetricsUpdate(driver,ArraySeq(),HashMap((-1,-1) -> org.apache.spark.executor.ExecutorMetrics@513d4678)) bylistener SQLAppStatusListener took 15276.003607ms.
[2026-04-14T03:16:37.801+0000] {job.py:229} INFO - Heartbeat recovered after 81.79 seconds
[2026-04-14T03:16:41.524+0000] {subprocess.py:110} INFO - Command exited with return code 137
[2026-04-14T03:16:45.327+0000] {taskinstance.py:3311} ERROR - Task failed with exception
Traceback (most recent call last):
  File "/home/airflow/airflow/venv/lib/python3.12/site-packages/airflow/models/taskinstance.py", line 767, in _execute_task
    result = _execute_callable(context=context, **execute_callable_kwargs)
             ^^^^^^^^^^^^^^^^^^^^^^^^^^^^^^^^^^^^^^^^^^^^^^^^^^^^^^^^^^^^^
  File "/home/airflow/airflow/venv/lib/python3.12/site-packages/airflow/models/taskinstance.py", line 733, in _execute_callable
    return ExecutionCallableRunner(
           ^^^^^^^^^^^^^^^^^^^^^^^^
  File "/home/airflow/airflow/venv/lib/python3.12/site-packages/airflow/utils/operator_helpers.py", line 252, in run
    return self.func(*args, **kwargs)
           ^^^^^^^^^^^^^^^^^^^^^^^^^^
  File "/home/airflow/airflow/venv/lib/python3.12/site-packages/airflow/models/baseoperator.py", line 422, in wrapper
    return func(self, *args, **kwargs)
           ^^^^^^^^^^^^^^^^^^^^^^^^^^^
  File "/home/airflow/airflow/venv/lib/python3.12/site-packages/airflow/operators/bash.py", line 276, in execute
    raise AirflowException(
airflow.exceptions.AirflowException: Bash command failed. The command returned a non-zero exit code 137.
[2026-04-14T03:16:45.783+0000] {taskinstance.py:1225} INFO - Marking task as FAILED. dag_id=predict_aqi, task_id=train_model, run_id=manual__2026-04-13T17:16:10.558713+00:00, execution_date=20260413T171610, start_date=20260414T031159, end_date=20260414T031645
[2026-04-14T03:16:46.622+0000] {taskinstance.py:340} INFO - ::group::Post task execution logs
[2026-04-14T03:16:46.659+0000] {standard_task_runner.py:124} ERROR - Failed to execute job 253 for task train_model (Bash command failed. The command returned a non-zero exit code 137.; 257)
Traceback (most recent call last):
  File "/home/airflow/airflow/venv/lib/python3.12/site-packages/airflow/task/task_runner/standard_task_runner.py", line 117, in _start_by_fork
    ret = args.func(args, dag=self.dag)
          ^^^^^^^^^^^^^^^^^^^^^^^^^^^^^
  File "/home/airflow/airflow/venv/lib/python3.12/site-packages/airflow/cli/cli_config.py", line 49, in command
    return func(*args, **kwargs)
           ^^^^^^^^^^^^^^^^^^^^^
  File "/home/airflow/airflow/venv/lib/python3.12/site-packages/airflow/utils/cli.py", line 116, in wrapper
    return f(*args, **kwargs)
           ^^^^^^^^^^^^^^^^^^
  File "/home/airflow/airflow/venv/lib/python3.12/site-packages/airflow/cli/commands/task_command.py", line 483, in task_run
    task_return_code = _run_task_by_selected_method(args, _dag, ti)
                       ^^^^^^^^^^^^^^^^^^^^^^^^^^^^^^^^^^^^^^^^^^^^
  File "/home/airflow/airflow/venv/lib/python3.12/site-packages/airflow/cli/commands/task_command.py", line 256, in _run_task_by_selected_method
    return _run_raw_task(args, ti)
           ^^^^^^^^^^^^^^^^^^^^^^^
  File "/home/airflow/airflow/venv/lib/python3.12/site-packages/airflow/cli/commands/task_command.py", line 341, in _run_raw_task
    return ti._run_raw_task(
           ^^^^^^^^^^^^^^^^^
  File "/home/airflow/airflow/venv/lib/python3.12/site-packages/airflow/utils/session.py", line 97, in wrapper
    return func(*args, session=session, **kwargs)
           ^^^^^^^^^^^^^^^^^^^^^^^^^^^^^^^^^^^^^^
  File "/home/airflow/airflow/venv/lib/python3.12/site-packages/airflow/models/taskinstance.py", line 3005, in _run_raw_task
    return _run_raw_task(
           ^^^^^^^^^^^^^^
  File "/home/airflow/airflow/venv/lib/python3.12/site-packages/airflow/models/taskinstance.py", line 273, in _run_raw_task
    TaskInstance._execute_task_with_callbacks(
  File "/home/airflow/airflow/venv/lib/python3.12/site-packages/airflow/models/taskinstance.py", line 3159, in _execute_task_with_callbacks
    result = self._execute_task(context, task_orig)
             ^^^^^^^^^^^^^^^^^^^^^^^^^^^^^^^^^^^^^^
  File "/home/airflow/airflow/venv/lib/python3.12/site-packages/airflow/models/taskinstance.py", line 3183, in _execute_task
    return _execute_task(self, context, task_orig)
           ^^^^^^^^^^^^^^^^^^^^^^^^^^^^^^^^^^^^^^^
  File "/home/airflow/airflow/venv/lib/python3.12/site-packages/airflow/models/taskinstance.py", line 767, in _execute_task
    result = _execute_callable(context=context, **execute_callable_kwargs)
             ^^^^^^^^^^^^^^^^^^^^^^^^^^^^^^^^^^^^^^^^^^^^^^^^^^^^^^^^^^^^^
  File "/home/airflow/airflow/venv/lib/python3.12/site-packages/airflow/models/taskinstance.py", line 733, in _execute_callable
    return ExecutionCallableRunner(
           ^^^^^^^^^^^^^^^^^^^^^^^^
  File "/home/airflow/airflow/venv/lib/python3.12/site-packages/airflow/utils/operator_helpers.py", line 252, in run
    return self.func(*args, **kwargs)
           ^^^^^^^^^^^^^^^^^^^^^^^^^^
  File "/home/airflow/airflow/venv/lib/python3.12/site-packages/airflow/models/baseoperator.py", line 422, in wrapper
    return func(self, *args, **kwargs)
           ^^^^^^^^^^^^^^^^^^^^^^^^^^^
  File "/home/airflow/airflow/venv/lib/python3.12/site-packages/airflow/operators/bash.py", line 276, in execute
    raise AirflowException(
airflow.exceptions.AirflowException: Bash command failed. The command returned a non-zero exit code 137.
[2026-04-14T03:16:46.890+0000] {local_task_job_runner.py:266} INFO - Task exited with return code 1
[2026-04-14T03:16:48.738+0000] {taskinstance.py:3895} INFO - 0 downstream tasks scheduled from follow-on schedule check
[2026-04-14T03:16:48.897+0000] {local_task_job_runner.py:245} INFO - ::endgroup::
[2026-04-14T03:16:50.928+0000] {standard_task_runner.py:217} INFO - Process not found (most likely exited), stop collecting metrics
