[2026-04-14T05:16:28.322+0000] {local_task_job_runner.py:123} INFO - ::group::Pre task execution logs
[2026-04-14T05:16:28.361+0000] {taskinstance.py:2613} INFO - Dependencies all met for dep_context=non-requeueable deps ti=<TaskInstance: predict_aqi.train_model scheduled__2026-04-14T03:00:00+00:00 [queued]>
[2026-04-14T05:16:28.377+0000] {taskinstance.py:2613} INFO - Dependencies all met for dep_context=requeueable deps ti=<TaskInstance: predict_aqi.train_model scheduled__2026-04-14T03:00:00+00:00 [queued]>
[2026-04-14T05:16:28.377+0000] {taskinstance.py:2866} INFO - Starting attempt 2 of 3
[2026-04-14T05:16:28.406+0000] {taskinstance.py:2889} INFO - Executing <Task(BashOperator): train_model> on 2026-04-14 03:00:00+00:00
[2026-04-14T05:16:28.418+0000] {standard_task_runner.py:104} INFO - Running: ['airflow', 'tasks', 'run', 'predict_aqi', 'train_model', 'scheduled__2026-04-14T03:00:00+00:00', '--job-id', '271', '--raw', '--subdir', 'DAGS_FOLDER/dag_ml.py', '--cfg-path', '/tmp/tmpsxq6v6o0']
[2026-04-14T05:16:28.420+0000] {standard_task_runner.py:105} INFO - Job 271: Subtask train_model
[2026-04-14T05:16:28.423+0000] {logging_mixin.py:190} WARNING - /home/airflow/airflow/venv/lib/python3.12/site-packages/airflow/task/task_runner/standard_task_runner.py:70 DeprecationWarning: This process (pid=17945) is multi-threaded, use of fork() may lead to deadlocks in the child.
[2026-04-14T05:16:28.424+0000] {standard_task_runner.py:72} INFO - Started process 18049 to run task
[2026-04-14T05:16:28.501+0000] {task_command.py:467} INFO - Running <TaskInstance: predict_aqi.train_model scheduled__2026-04-14T03:00:00+00:00 [running]> on host airflow
[2026-04-14T05:16:28.644+0000] {taskinstance.py:3132} INFO - Exporting env vars: AIRFLOW_CTX_DAG_OWNER='airflow' AIRFLOW_CTX_DAG_ID='predict_aqi' AIRFLOW_CTX_TASK_ID='train_model' AIRFLOW_CTX_EXECUTION_DATE='2026-04-14T03:00:00+00:00' AIRFLOW_CTX_TRY_NUMBER='2' AIRFLOW_CTX_DAG_RUN_ID='scheduled__2026-04-14T03:00:00+00:00'
[2026-04-14T05:16:28.648+0000] {taskinstance.py:731} INFO - ::endgroup::
[2026-04-14T05:16:28.693+0000] {subprocess.py:78} INFO - Tmp dir root location: /tmp
[2026-04-14T05:16:28.702+0000] {subprocess.py:88} INFO - Running command: ['/usr/bin/bash', '-c', '\n            docker exec spark-master spark-submit                 --conf spark.pyspark.python=python3                 --packages org.apache.iceberg:iceberg-spark-runtime-4.0_2.13:1.10.1                 /home/spark/spark/spark_jobs/train_model.py 2026-04-14\n        ']
[2026-04-14T05:16:28.721+0000] {subprocess.py:99} INFO - Output:
[2026-04-14T05:16:30.181+0000] {subprocess.py:106} INFO - WARNING: Using incubator modules: jdk.incubator.vector
[2026-04-14T05:16:32.997+0000] {subprocess.py:106} INFO - :: loading settings :: url = jar:file:/home/spark/spark/jars/ivy-2.5.3.jar!/org/apache/ivy/core/settings/ivysettings.xml
[2026-04-14T05:16:33.168+0000] {subprocess.py:106} INFO - Ivy Default Cache set to: /home/spark/.ivy2.5.2/cache
[2026-04-14T05:16:33.169+0000] {subprocess.py:106} INFO - The jars for the packages stored in: /home/spark/.ivy2.5.2/jars
[2026-04-14T05:16:33.184+0000] {subprocess.py:106} INFO - org.apache.iceberg#iceberg-spark-runtime-4.0_2.13 added as a dependency
[2026-04-14T05:16:33.186+0000] {subprocess.py:106} INFO - :: resolving dependencies :: org.apache.spark#spark-submit-parent-4e8dd7b8-a812-48ec-ace9-45cbb8170d2c;1.0
[2026-04-14T05:16:33.187+0000] {subprocess.py:106} INFO - 	confs: [default]
[2026-04-14T05:16:33.383+0000] {subprocess.py:106} INFO - 	found org.apache.iceberg#iceberg-spark-runtime-4.0_2.13;1.10.1 in spark-list
[2026-04-14T05:16:33.411+0000] {subprocess.py:106} INFO - :: resolution report :: resolve 221ms :: artifacts dl 4ms
[2026-04-14T05:16:33.414+0000] {subprocess.py:106} INFO - 	:: modules in use:
[2026-04-14T05:16:33.414+0000] {subprocess.py:106} INFO - 	org.apache.iceberg#iceberg-spark-runtime-4.0_2.13;1.10.1 from spark-list in [default]
[2026-04-14T05:16:33.415+0000] {subprocess.py:106} INFO - 	---------------------------------------------------------------------
[2026-04-14T05:16:33.416+0000] {subprocess.py:106} INFO - 	|                  |            modules            ||   artifacts   |
[2026-04-14T05:16:33.417+0000] {subprocess.py:106} INFO - 	|       conf       | number| search|dwnlded|evicted|| number|dwnlded|
[2026-04-14T05:16:33.418+0000] {subprocess.py:106} INFO - 	---------------------------------------------------------------------
[2026-04-14T05:16:33.419+0000] {subprocess.py:106} INFO - 	|      default     |   1   |   0   |   0   |   0   ||   1   |   0   |
[2026-04-14T05:16:33.420+0000] {subprocess.py:106} INFO - 	---------------------------------------------------------------------
[2026-04-14T05:16:33.421+0000] {subprocess.py:106} INFO - :: retrieving :: org.apache.spark#spark-submit-parent-4e8dd7b8-a812-48ec-ace9-45cbb8170d2c
[2026-04-14T05:16:33.422+0000] {subprocess.py:106} INFO - 	confs: [default]
[2026-04-14T05:16:33.429+0000] {subprocess.py:106} INFO - 	0 artifacts copied, 1 already retrieved (0kB/8ms)
[2026-04-14T05:16:33.809+0000] {subprocess.py:106} INFO - 26/04/14 05:16:33 WARN NativeCodeLoader: Unable to load native-hadoop library for your platform... using builtin-java classes where applicable
[2026-04-14T05:16:38.482+0000] {subprocess.py:106} INFO - Using Spark's default log4j profile: org/apache/spark/log4j2-defaults.properties
[2026-04-14T05:16:38.504+0000] {subprocess.py:106} INFO - 26/04/14 05:16:38 INFO SparkContext: Running Spark version 4.0.2
[2026-04-14T05:16:38.510+0000] {subprocess.py:106} INFO - 26/04/14 05:16:38 INFO SparkContext: OS info Linux, 6.6.87.2-microsoft-standard-WSL2, amd64
[2026-04-14T05:16:38.511+0000] {subprocess.py:106} INFO - 26/04/14 05:16:38 INFO SparkContext: Java version 21.0.10
[2026-04-14T05:16:38.571+0000] {subprocess.py:106} INFO - 26/04/14 05:16:38 INFO ResourceUtils: ==============================================================
[2026-04-14T05:16:38.572+0000] {subprocess.py:106} INFO - 26/04/14 05:16:38 INFO ResourceUtils: No custom resources configured for spark.driver.
[2026-04-14T05:16:38.573+0000] {subprocess.py:106} INFO - 26/04/14 05:16:38 INFO ResourceUtils: ==============================================================
[2026-04-14T05:16:38.575+0000] {subprocess.py:106} INFO - 26/04/14 05:16:38 INFO SparkContext: Submitted application: TrainModel
[2026-04-14T05:16:38.635+0000] {subprocess.py:106} INFO - 26/04/14 05:16:38 INFO ResourceProfile: Default ResourceProfile created, executor resources: Map(cores -> name: cores, amount: 2, script: , vendor: , memory -> name: memory, amount: 2048, script: , vendor: , offHeap -> name: offHeap, amount: 0, script: , vendor: ), task resources: Map(cpus -> name: cpus, amount: 1.0)
[2026-04-14T05:16:38.642+0000] {subprocess.py:106} INFO - 26/04/14 05:16:38 INFO ResourceProfile: Limiting resource is cpus at 2 tasks per executor
[2026-04-14T05:16:38.644+0000] {subprocess.py:106} INFO - 26/04/14 05:16:38 INFO ResourceProfileManager: Added ResourceProfile id: 0
[2026-04-14T05:16:38.777+0000] {subprocess.py:106} INFO - 26/04/14 05:16:38 INFO SecurityManager: Changing view acls to: spark
[2026-04-14T05:16:38.781+0000] {subprocess.py:106} INFO - 26/04/14 05:16:38 INFO SecurityManager: Changing modify acls to: spark
[2026-04-14T05:16:38.782+0000] {subprocess.py:106} INFO - 26/04/14 05:16:38 INFO SecurityManager: Changing view acls groups to: spark
[2026-04-14T05:16:38.785+0000] {subprocess.py:106} INFO - 26/04/14 05:16:38 INFO SecurityManager: Changing modify acls groups to: spark
[2026-04-14T05:16:38.798+0000] {subprocess.py:106} INFO - 26/04/14 05:16:38 INFO SecurityManager: SecurityManager: authentication disabled; ui acls disabled; users with view permissions: spark groups with view permissions: EMPTY; users with modify permissions: spark; groups with modify permissions: EMPTY; RPC SSL disabled
[2026-04-14T05:16:39.366+0000] {subprocess.py:106} INFO - 26/04/14 05:16:39 INFO Utils: Successfully started service 'sparkDriver' on port 45309.
[2026-04-14T05:16:39.422+0000] {subprocess.py:106} INFO - 26/04/14 05:16:39 INFO SparkEnv: Registering MapOutputTracker
[2026-04-14T05:16:39.449+0000] {subprocess.py:106} INFO - 26/04/14 05:16:39 INFO SparkEnv: Registering BlockManagerMaster
[2026-04-14T05:16:39.480+0000] {subprocess.py:106} INFO - 26/04/14 05:16:39 INFO BlockManagerMasterEndpoint: Using org.apache.spark.storage.DefaultTopologyMapper for getting topology information
[2026-04-14T05:16:39.481+0000] {subprocess.py:106} INFO - 26/04/14 05:16:39 INFO BlockManagerMasterEndpoint: BlockManagerMasterEndpoint up
[2026-04-14T05:16:39.486+0000] {subprocess.py:106} INFO - 26/04/14 05:16:39 INFO SparkEnv: Registering BlockManagerMasterHeartbeat
[2026-04-14T05:16:39.543+0000] {subprocess.py:106} INFO - 26/04/14 05:16:39 INFO DiskBlockManager: Created local directory at /tmp/blockmgr-053d9532-4c29-457a-8185-5ffa878e1c17
[2026-04-14T05:16:39.584+0000] {subprocess.py:106} INFO - 26/04/14 05:16:39 INFO SparkEnv: Registering OutputCommitCoordinator
[2026-04-14T05:16:39.791+0000] {subprocess.py:106} INFO - 26/04/14 05:16:39 INFO JettyUtils: Start Jetty 0.0.0.0:4040 for SparkUI
[2026-04-14T05:16:39.938+0000] {subprocess.py:106} INFO - 26/04/14 05:16:39 INFO Utils: Successfully started service 'SparkUI' on port 4040.
[2026-04-14T05:16:39.990+0000] {subprocess.py:106} INFO - 26/04/14 05:16:39 INFO SparkContext: Added JAR file:///home/spark/.ivy2.5.2/jars/org.apache.iceberg_iceberg-spark-runtime-4.0_2.13-1.10.1.jar at spark://spark-master:45309/jars/org.apache.iceberg_iceberg-spark-runtime-4.0_2.13-1.10.1.jar with timestamp 1776143798467
[2026-04-14T05:16:39.997+0000] {subprocess.py:106} INFO - 26/04/14 05:16:39 INFO SparkContext: Added file file:///home/spark/.ivy2.5.2/jars/org.apache.iceberg_iceberg-spark-runtime-4.0_2.13-1.10.1.jar at file:///home/spark/.ivy2.5.2/jars/org.apache.iceberg_iceberg-spark-runtime-4.0_2.13-1.10.1.jar with timestamp 1776143798467
[2026-04-14T05:16:40.000+0000] {subprocess.py:106} INFO - 26/04/14 05:16:39 INFO Utils: Copying /home/spark/.ivy2.5.2/jars/org.apache.iceberg_iceberg-spark-runtime-4.0_2.13-1.10.1.jar to /tmp/spark-a84b0887-5eb8-421f-b316-c1737482bf41/userFiles-fcf5ebf4-152a-4c6f-9e4d-20625c3d59d2/org.apache.iceberg_iceberg-spark-runtime-4.0_2.13-1.10.1.jar
[2026-04-14T05:16:41.395+0000] {subprocess.py:106} INFO - 26/04/14 05:16:41 INFO SecurityManager: Changing view acls to: spark
[2026-04-14T05:16:41.396+0000] {subprocess.py:106} INFO - 26/04/14 05:16:41 INFO SecurityManager: Changing modify acls to: spark
[2026-04-14T05:16:41.397+0000] {subprocess.py:106} INFO - 26/04/14 05:16:41 INFO SecurityManager: Changing view acls groups to: spark
[2026-04-14T05:16:41.398+0000] {subprocess.py:106} INFO - 26/04/14 05:16:41 INFO SecurityManager: Changing modify acls groups to: spark
[2026-04-14T05:16:41.398+0000] {subprocess.py:106} INFO - 26/04/14 05:16:41 INFO SecurityManager: SecurityManager: authentication disabled; ui acls disabled; users with view permissions: spark groups with view permissions: EMPTY; users with modify permissions: spark; groups with modify permissions: EMPTY; RPC SSL disabled
[2026-04-14T05:16:41.723+0000] {subprocess.py:106} INFO - 26/04/14 05:16:41 INFO Executor: Starting executor ID driver on host spark-master
[2026-04-14T05:16:41.723+0000] {subprocess.py:106} INFO - 26/04/14 05:16:41 INFO Executor: OS info Linux, 6.6.87.2-microsoft-standard-WSL2, amd64
[2026-04-14T05:16:41.724+0000] {subprocess.py:106} INFO - 26/04/14 05:16:41 INFO Executor: Java version 21.0.10
[2026-04-14T05:16:41.744+0000] {subprocess.py:106} INFO - 26/04/14 05:16:41 INFO Executor: Starting executor with user classpath (userClassPathFirst = false): ''
[2026-04-14T05:16:41.746+0000] {subprocess.py:106} INFO - 26/04/14 05:16:41 INFO Executor: Created or updated repl class loader org.apache.spark.util.MutableURLClassLoader@795767eb for default.
[2026-04-14T05:16:41.763+0000] {subprocess.py:106} INFO - 26/04/14 05:16:41 INFO Executor: Fetching file:///home/spark/.ivy2.5.2/jars/org.apache.iceberg_iceberg-spark-runtime-4.0_2.13-1.10.1.jar with timestamp 1776143798467
[2026-04-14T05:16:41.813+0000] {subprocess.py:106} INFO - 26/04/14 05:16:41 INFO Utils: /home/spark/.ivy2.5.2/jars/org.apache.iceberg_iceberg-spark-runtime-4.0_2.13-1.10.1.jar has been previously copied to /tmp/spark-a84b0887-5eb8-421f-b316-c1737482bf41/userFiles-fcf5ebf4-152a-4c6f-9e4d-20625c3d59d2/org.apache.iceberg_iceberg-spark-runtime-4.0_2.13-1.10.1.jar
[2026-04-14T05:16:41.826+0000] {subprocess.py:106} INFO - 26/04/14 05:16:41 INFO Executor: Fetching spark://spark-master:45309/jars/org.apache.iceberg_iceberg-spark-runtime-4.0_2.13-1.10.1.jar with timestamp 1776143798467
[2026-04-14T05:16:41.876+0000] {subprocess.py:106} INFO - 26/04/14 05:16:41 INFO TransportClientFactory: Successfully created connection to spark-master/172.20.0.5:45309 after 31 ms (0 ms spent in bootstraps)
[2026-04-14T05:16:41.886+0000] {subprocess.py:106} INFO - 26/04/14 05:16:41 INFO Utils: Fetching spark://spark-master:45309/jars/org.apache.iceberg_iceberg-spark-runtime-4.0_2.13-1.10.1.jar to /tmp/spark-a84b0887-5eb8-421f-b316-c1737482bf41/userFiles-fcf5ebf4-152a-4c6f-9e4d-20625c3d59d2/fetchFileTemp14929363599942485015.tmp
[2026-04-14T05:16:42.298+0000] {subprocess.py:106} INFO - 26/04/14 05:16:42 INFO Utils: /tmp/spark-a84b0887-5eb8-421f-b316-c1737482bf41/userFiles-fcf5ebf4-152a-4c6f-9e4d-20625c3d59d2/fetchFileTemp14929363599942485015.tmp has been previously copied to /tmp/spark-a84b0887-5eb8-421f-b316-c1737482bf41/userFiles-fcf5ebf4-152a-4c6f-9e4d-20625c3d59d2/org.apache.iceberg_iceberg-spark-runtime-4.0_2.13-1.10.1.jar
[2026-04-14T05:16:42.320+0000] {subprocess.py:106} INFO - 26/04/14 05:16:42 INFO Executor: Adding file:/tmp/spark-a84b0887-5eb8-421f-b316-c1737482bf41/userFiles-fcf5ebf4-152a-4c6f-9e4d-20625c3d59d2/org.apache.iceberg_iceberg-spark-runtime-4.0_2.13-1.10.1.jar to class loader default
[2026-04-14T05:16:42.337+0000] {subprocess.py:106} INFO - 26/04/14 05:16:42 INFO Utils: Successfully started service 'org.apache.spark.network.netty.NettyBlockTransferService' on port 39947.
[2026-04-14T05:16:42.338+0000] {subprocess.py:106} INFO - 26/04/14 05:16:42 INFO NettyBlockTransferService: Server created on spark-master:39947
[2026-04-14T05:16:42.340+0000] {subprocess.py:106} INFO - 26/04/14 05:16:42 INFO BlockManager: Using org.apache.spark.storage.RandomBlockReplicationPolicy for block replication policy
[2026-04-14T05:16:42.363+0000] {subprocess.py:106} INFO - 26/04/14 05:16:42 INFO BlockManagerMaster: Registering BlockManager BlockManagerId(driver, spark-master, 39947, None)
[2026-04-14T05:16:42.375+0000] {subprocess.py:106} INFO - 26/04/14 05:16:42 INFO BlockManagerMasterEndpoint: Registering block manager spark-master:39947 with 1048.8 MiB RAM, BlockManagerId(driver, spark-master, 39947, None)
[2026-04-14T05:16:42.380+0000] {subprocess.py:106} INFO - 26/04/14 05:16:42 INFO BlockManagerMaster: Registered BlockManager BlockManagerId(driver, spark-master, 39947, None)
[2026-04-14T05:16:42.382+0000] {subprocess.py:106} INFO - 26/04/14 05:16:42 INFO BlockManager: Initialized BlockManager: BlockManagerId(driver, spark-master, 39947, None)
[2026-04-14T05:16:46.862+0000] {subprocess.py:106} INFO - Đọc dữ liệu Gold từ iceberg.air_quality_ml.air_quality_gold
[2026-04-14T05:16:46.883+0000] {subprocess.py:106} INFO - 26/04/14 05:16:46 INFO SharedState: spark.sql.warehouse.dir is not set, but hive.metastore.warehouse.dir is set. Setting spark.sql.warehouse.dir to the value of hive.metastore.warehouse.dir.
[2026-04-14T05:16:47.617+0000] {subprocess.py:106} INFO - 26/04/14 05:16:47 INFO SharedState: Warehouse path is 'hdfs://23133083thuyvan-master:9000/user/hive/lakehouse'.
[2026-04-14T05:16:50.218+0000] {subprocess.py:106} INFO - 26/04/14 05:16:50 INFO CatalogUtil: Loading custom FileIO implementation: org.apache.iceberg.hadoop.HadoopFileIO
[2026-04-14T05:16:50.435+0000] {subprocess.py:106} INFO - 26/04/14 05:16:50 INFO HiveConf: Found configuration file file:/home/spark/spark/conf/hive-site.xml
[2026-04-14T05:16:50.818+0000] {subprocess.py:106} INFO - 26/04/14 05:16:50 INFO metastore: Trying to connect to metastore with URI thrift://23133083thuyvan-master:9083
[2026-04-14T05:16:50.866+0000] {subprocess.py:106} INFO - 26/04/14 05:16:50 INFO metastore: Opened a connection to metastore, current connections: 1
[2026-04-14T05:16:51.197+0000] {subprocess.py:106} INFO - 26/04/14 05:16:51 INFO metastore: Connected to metastore.
[2026-04-14T05:16:52.482+0000] {subprocess.py:106} INFO - 26/04/14 05:16:52 INFO BaseMetastoreTableOperations: Refreshing table metadata from new version: hdfs://23133083thuyvan-master:9000/user/hive/lakehouse/gold/ml/air_quality_gold/metadata/00009-08273f9d-4ce1-4fcb-b49f-82dff3c82b50.metadata.json
