[2026-04-13T17:34:04.249+0000] {local_task_job_runner.py:123} INFO - ::group::Pre task execution logs
[2026-04-13T17:34:04.275+0000] {taskinstance.py:2613} INFO - Dependencies all met for dep_context=non-requeueable deps ti=<TaskInstance: predict_aqi.silver_to_gold manual__2026-04-13T17:33:51.797141+00:00 [queued]>
[2026-04-13T17:34:04.285+0000] {taskinstance.py:2613} INFO - Dependencies all met for dep_context=requeueable deps ti=<TaskInstance: predict_aqi.silver_to_gold manual__2026-04-13T17:33:51.797141+00:00 [queued]>
[2026-04-13T17:34:04.287+0000] {taskinstance.py:2866} INFO - Starting attempt 1 of 3
[2026-04-13T17:34:04.301+0000] {taskinstance.py:2889} INFO - Executing <Task(BashOperator): silver_to_gold> on 2026-04-13 17:33:51.797141+00:00
[2026-04-13T17:34:04.308+0000] {standard_task_runner.py:104} INFO - Running: ['airflow', 'tasks', 'run', 'predict_aqi', 'silver_to_gold', 'manual__2026-04-13T17:33:51.797141+00:00', '--job-id', '199', '--raw', '--subdir', 'DAGS_FOLDER/dag_ml.py', '--cfg-path', '/tmp/tmpsmxv7wh4']
[2026-04-13T17:34:04.309+0000] {standard_task_runner.py:105} INFO - Job 199: Subtask silver_to_gold
[2026-04-13T17:34:04.310+0000] {logging_mixin.py:190} WARNING - /home/airflow/airflow/venv/lib/python3.12/site-packages/airflow/task/task_runner/standard_task_runner.py:70 DeprecationWarning: This process (pid=66498) is multi-threaded, use of fork() may lead to deadlocks in the child.
[2026-04-13T17:34:04.311+0000] {standard_task_runner.py:72} INFO - Started process 66542 to run task
[2026-04-13T17:34:04.379+0000] {task_command.py:467} INFO - Running <TaskInstance: predict_aqi.silver_to_gold manual__2026-04-13T17:33:51.797141+00:00 [running]> on host airflow
[2026-04-13T17:34:04.469+0000] {taskinstance.py:3132} INFO - Exporting env vars: AIRFLOW_CTX_DAG_OWNER='airflow' AIRFLOW_CTX_DAG_ID='predict_aqi' AIRFLOW_CTX_TASK_ID='silver_to_gold' AIRFLOW_CTX_EXECUTION_DATE='2026-04-13T17:33:51.797141+00:00' AIRFLOW_CTX_TRY_NUMBER='1' AIRFLOW_CTX_DAG_RUN_ID='manual__2026-04-13T17:33:51.797141+00:00'
[2026-04-13T17:34:04.470+0000] {taskinstance.py:731} INFO - ::endgroup::
[2026-04-13T17:34:04.482+0000] {subprocess.py:78} INFO - Tmp dir root location: /tmp
[2026-04-13T17:34:04.484+0000] {subprocess.py:88} INFO - Running command: ['/usr/bin/bash', '-c', '\n            docker exec spark-master spark-submit                 --packages org.apache.iceberg:iceberg-spark-runtime-4.0_2.13:1.10.1                 /home/spark/spark/spark_jobs/silver_to_gold.py 2026-04-13\n        ']
[2026-04-13T17:34:04.492+0000] {subprocess.py:99} INFO - Output:
[2026-04-13T17:34:05.519+0000] {subprocess.py:106} INFO - WARNING: Using incubator modules: jdk.incubator.vector
[2026-04-13T17:34:08.782+0000] {subprocess.py:106} INFO - :: loading settings :: url = jar:file:/home/spark/spark/jars/ivy-2.5.3.jar!/org/apache/ivy/core/settings/ivysettings.xml
[2026-04-13T17:34:08.914+0000] {subprocess.py:106} INFO - Ivy Default Cache set to: /home/spark/.ivy2.5.2/cache
[2026-04-13T17:34:08.915+0000] {subprocess.py:106} INFO - The jars for the packages stored in: /home/spark/.ivy2.5.2/jars
[2026-04-13T17:34:08.932+0000] {subprocess.py:106} INFO - org.apache.iceberg#iceberg-spark-runtime-4.0_2.13 added as a dependency
[2026-04-13T17:34:08.933+0000] {subprocess.py:106} INFO - :: resolving dependencies :: org.apache.spark#spark-submit-parent-06734165-5281-4b19-9d98-165701230e25;1.0
[2026-04-13T17:34:08.933+0000] {subprocess.py:106} INFO - 	confs: [default]
[2026-04-13T17:34:09.133+0000] {subprocess.py:106} INFO - 	found org.apache.iceberg#iceberg-spark-runtime-4.0_2.13;1.10.1 in central
[2026-04-13T17:34:09.157+0000] {subprocess.py:106} INFO - :: resolution report :: resolve 218ms :: artifacts dl 5ms
[2026-04-13T17:34:09.158+0000] {subprocess.py:106} INFO - 	:: modules in use:
[2026-04-13T17:34:09.159+0000] {subprocess.py:106} INFO - 	org.apache.iceberg#iceberg-spark-runtime-4.0_2.13;1.10.1 from central in [default]
[2026-04-13T17:34:09.160+0000] {subprocess.py:106} INFO - 	---------------------------------------------------------------------
[2026-04-13T17:34:09.161+0000] {subprocess.py:106} INFO - 	|                  |            modules            ||   artifacts   |
[2026-04-13T17:34:09.162+0000] {subprocess.py:106} INFO - 	|       conf       | number| search|dwnlded|evicted|| number|dwnlded|
[2026-04-13T17:34:09.162+0000] {subprocess.py:106} INFO - 	---------------------------------------------------------------------
[2026-04-13T17:34:09.163+0000] {subprocess.py:106} INFO - 	|      default     |   1   |   0   |   0   |   0   ||   1   |   0   |
[2026-04-13T17:34:09.164+0000] {subprocess.py:106} INFO - 	---------------------------------------------------------------------
[2026-04-13T17:34:09.166+0000] {subprocess.py:106} INFO - :: retrieving :: org.apache.spark#spark-submit-parent-06734165-5281-4b19-9d98-165701230e25
[2026-04-13T17:34:09.166+0000] {subprocess.py:106} INFO - 	confs: [default]
[2026-04-13T17:34:09.175+0000] {subprocess.py:106} INFO - 	0 artifacts copied, 1 already retrieved (0kB/9ms)
[2026-04-13T17:34:09.644+0000] {subprocess.py:106} INFO - 26/04/13 17:34:09 WARN NativeCodeLoader: Unable to load native-hadoop library for your platform... using builtin-java classes where applicable
[2026-04-13T17:34:13.090+0000] {subprocess.py:106} INFO - Using Spark's default log4j profile: org/apache/spark/log4j2-defaults.properties
[2026-04-13T17:34:13.103+0000] {subprocess.py:106} INFO - 26/04/13 17:34:13 INFO SparkContext: Running Spark version 4.0.2
[2026-04-13T17:34:13.107+0000] {subprocess.py:106} INFO - 26/04/13 17:34:13 INFO SparkContext: OS info Linux, 6.6.87.2-microsoft-standard-WSL2, amd64
[2026-04-13T17:34:13.109+0000] {subprocess.py:106} INFO - 26/04/13 17:34:13 INFO SparkContext: Java version 21.0.10
[2026-04-13T17:34:13.144+0000] {subprocess.py:106} INFO - 26/04/13 17:34:13 INFO ResourceUtils: ==============================================================
[2026-04-13T17:34:13.145+0000] {subprocess.py:106} INFO - 26/04/13 17:34:13 INFO ResourceUtils: No custom resources configured for spark.driver.
[2026-04-13T17:34:13.146+0000] {subprocess.py:106} INFO - 26/04/13 17:34:13 INFO ResourceUtils: ==============================================================
[2026-04-13T17:34:13.146+0000] {subprocess.py:106} INFO - 26/04/13 17:34:13 INFO SparkContext: Submitted application: Silver_to_Gold
[2026-04-13T17:34:13.194+0000] {subprocess.py:106} INFO - 26/04/13 17:34:13 INFO ResourceProfile: Default ResourceProfile created, executor resources: Map(cores -> name: cores, amount: 2, script: , vendor: , memory -> name: memory, amount: 2048, script: , vendor: , offHeap -> name: offHeap, amount: 0, script: , vendor: ), task resources: Map(cpus -> name: cpus, amount: 1.0)
[2026-04-13T17:34:13.201+0000] {subprocess.py:106} INFO - 26/04/13 17:34:13 INFO ResourceProfile: Limiting resource is cpus at 2 tasks per executor
[2026-04-13T17:34:13.204+0000] {subprocess.py:106} INFO - 26/04/13 17:34:13 INFO ResourceProfileManager: Added ResourceProfile id: 0
[2026-04-13T17:34:13.359+0000] {subprocess.py:106} INFO - 26/04/13 17:34:13 INFO SecurityManager: Changing view acls to: spark
[2026-04-13T17:34:13.360+0000] {subprocess.py:106} INFO - 26/04/13 17:34:13 INFO SecurityManager: Changing modify acls to: spark
[2026-04-13T17:34:13.361+0000] {subprocess.py:106} INFO - 26/04/13 17:34:13 INFO SecurityManager: Changing view acls groups to: spark
[2026-04-13T17:34:13.363+0000] {subprocess.py:106} INFO - 26/04/13 17:34:13 INFO SecurityManager: Changing modify acls groups to: spark
[2026-04-13T17:34:13.370+0000] {subprocess.py:106} INFO - 26/04/13 17:34:13 INFO SecurityManager: SecurityManager: authentication disabled; ui acls disabled; users with view permissions: spark groups with view permissions: EMPTY; users with modify permissions: spark; groups with modify permissions: EMPTY; RPC SSL disabled
[2026-04-13T17:34:14.190+0000] {subprocess.py:106} INFO - 26/04/13 17:34:14 INFO Utils: Successfully started service 'sparkDriver' on port 41247.
[2026-04-13T17:34:14.257+0000] {subprocess.py:106} INFO - 26/04/13 17:34:14 INFO SparkEnv: Registering MapOutputTracker
[2026-04-13T17:34:14.299+0000] {subprocess.py:106} INFO - 26/04/13 17:34:14 INFO SparkEnv: Registering BlockManagerMaster
[2026-04-13T17:34:14.361+0000] {subprocess.py:106} INFO - 26/04/13 17:34:14 INFO BlockManagerMasterEndpoint: Using org.apache.spark.storage.DefaultTopologyMapper for getting topology information
[2026-04-13T17:34:14.362+0000] {subprocess.py:106} INFO - 26/04/13 17:34:14 INFO BlockManagerMasterEndpoint: BlockManagerMasterEndpoint up
[2026-04-13T17:34:14.369+0000] {subprocess.py:106} INFO - 26/04/13 17:34:14 INFO SparkEnv: Registering BlockManagerMasterHeartbeat
[2026-04-13T17:34:14.440+0000] {subprocess.py:106} INFO - 26/04/13 17:34:14 INFO DiskBlockManager: Created local directory at /tmp/blockmgr-04057a26-92fe-4bbd-851c-63b5df058d79
[2026-04-13T17:34:14.505+0000] {subprocess.py:106} INFO - 26/04/13 17:34:14 INFO SparkEnv: Registering OutputCommitCoordinator
[2026-04-13T17:34:14.739+0000] {subprocess.py:106} INFO - 26/04/13 17:34:14 INFO JettyUtils: Start Jetty 0.0.0.0:4040 for SparkUI
[2026-04-13T17:34:14.919+0000] {subprocess.py:106} INFO - 26/04/13 17:34:14 INFO Utils: Successfully started service 'SparkUI' on port 4040.
[2026-04-13T17:34:14.997+0000] {subprocess.py:106} INFO - 26/04/13 17:34:14 INFO SparkContext: Added JAR file:///home/spark/.ivy2.5.2/jars/org.apache.iceberg_iceberg-spark-runtime-4.0_2.13-1.10.1.jar at spark://spark-master:41247/jars/org.apache.iceberg_iceberg-spark-runtime-4.0_2.13-1.10.1.jar with timestamp 1776101653076
[2026-04-13T17:34:15.005+0000] {subprocess.py:106} INFO - 26/04/13 17:34:15 INFO SparkContext: Added file file:///home/spark/.ivy2.5.2/jars/org.apache.iceberg_iceberg-spark-runtime-4.0_2.13-1.10.1.jar at file:///home/spark/.ivy2.5.2/jars/org.apache.iceberg_iceberg-spark-runtime-4.0_2.13-1.10.1.jar with timestamp 1776101653076
[2026-04-13T17:34:15.008+0000] {subprocess.py:106} INFO - 26/04/13 17:34:15 INFO Utils: Copying /home/spark/.ivy2.5.2/jars/org.apache.iceberg_iceberg-spark-runtime-4.0_2.13-1.10.1.jar to /tmp/spark-ec4b50bd-f9f6-44cb-86b0-e1d55585a330/userFiles-28f83133-885a-4205-8780-79c3bb0e23ba/org.apache.iceberg_iceberg-spark-runtime-4.0_2.13-1.10.1.jar
[2026-04-13T17:34:15.599+0000] {subprocess.py:106} INFO - 26/04/13 17:34:15 INFO SecurityManager: Changing view acls to: spark
[2026-04-13T17:34:15.600+0000] {subprocess.py:106} INFO - 26/04/13 17:34:15 INFO SecurityManager: Changing modify acls to: spark
[2026-04-13T17:34:15.600+0000] {subprocess.py:106} INFO - 26/04/13 17:34:15 INFO SecurityManager: Changing view acls groups to: spark
[2026-04-13T17:34:15.601+0000] {subprocess.py:106} INFO - 26/04/13 17:34:15 INFO SecurityManager: Changing modify acls groups to: spark
[2026-04-13T17:34:15.601+0000] {subprocess.py:106} INFO - 26/04/13 17:34:15 INFO SecurityManager: SecurityManager: authentication disabled; ui acls disabled; users with view permissions: spark groups with view permissions: EMPTY; users with modify permissions: spark; groups with modify permissions: EMPTY; RPC SSL disabled
[2026-04-13T17:34:15.969+0000] {subprocess.py:106} INFO - 26/04/13 17:34:15 INFO Executor: Starting executor ID driver on host spark-master
[2026-04-13T17:34:15.970+0000] {subprocess.py:106} INFO - 26/04/13 17:34:15 INFO Executor: OS info Linux, 6.6.87.2-microsoft-standard-WSL2, amd64
[2026-04-13T17:34:15.971+0000] {subprocess.py:106} INFO - 26/04/13 17:34:15 INFO Executor: Java version 21.0.10
[2026-04-13T17:34:15.992+0000] {subprocess.py:106} INFO - 26/04/13 17:34:15 INFO Executor: Starting executor with user classpath (userClassPathFirst = false): ''
[2026-04-13T17:34:15.996+0000] {subprocess.py:106} INFO - 26/04/13 17:34:15 INFO Executor: Created or updated repl class loader org.apache.spark.util.MutableURLClassLoader@49ac0006 for default.
[2026-04-13T17:34:16.014+0000] {subprocess.py:106} INFO - 26/04/13 17:34:16 INFO Executor: Fetching file:///home/spark/.ivy2.5.2/jars/org.apache.iceberg_iceberg-spark-runtime-4.0_2.13-1.10.1.jar with timestamp 1776101653076
[2026-04-13T17:34:16.078+0000] {subprocess.py:106} INFO - 26/04/13 17:34:16 INFO Utils: /home/spark/.ivy2.5.2/jars/org.apache.iceberg_iceberg-spark-runtime-4.0_2.13-1.10.1.jar has been previously copied to /tmp/spark-ec4b50bd-f9f6-44cb-86b0-e1d55585a330/userFiles-28f83133-885a-4205-8780-79c3bb0e23ba/org.apache.iceberg_iceberg-spark-runtime-4.0_2.13-1.10.1.jar
[2026-04-13T17:34:16.095+0000] {subprocess.py:106} INFO - 26/04/13 17:34:16 INFO Executor: Fetching spark://spark-master:41247/jars/org.apache.iceberg_iceberg-spark-runtime-4.0_2.13-1.10.1.jar with timestamp 1776101653076
[2026-04-13T17:34:16.186+0000] {subprocess.py:106} INFO - 26/04/13 17:34:16 INFO TransportClientFactory: Successfully created connection to spark-master/172.20.0.5:41247 after 55 ms (0 ms spent in bootstraps)
[2026-04-13T17:34:16.203+0000] {subprocess.py:106} INFO - 26/04/13 17:34:16 INFO Utils: Fetching spark://spark-master:41247/jars/org.apache.iceberg_iceberg-spark-runtime-4.0_2.13-1.10.1.jar to /tmp/spark-ec4b50bd-f9f6-44cb-86b0-e1d55585a330/userFiles-28f83133-885a-4205-8780-79c3bb0e23ba/fetchFileTemp1880713347099796624.tmp
[2026-04-13T17:34:16.698+0000] {subprocess.py:106} INFO - 26/04/13 17:34:16 INFO Utils: /tmp/spark-ec4b50bd-f9f6-44cb-86b0-e1d55585a330/userFiles-28f83133-885a-4205-8780-79c3bb0e23ba/fetchFileTemp1880713347099796624.tmp has been previously copied to /tmp/spark-ec4b50bd-f9f6-44cb-86b0-e1d55585a330/userFiles-28f83133-885a-4205-8780-79c3bb0e23ba/org.apache.iceberg_iceberg-spark-runtime-4.0_2.13-1.10.1.jar
[2026-04-13T17:34:16.714+0000] {subprocess.py:106} INFO - 26/04/13 17:34:16 INFO Executor: Adding file:/tmp/spark-ec4b50bd-f9f6-44cb-86b0-e1d55585a330/userFiles-28f83133-885a-4205-8780-79c3bb0e23ba/org.apache.iceberg_iceberg-spark-runtime-4.0_2.13-1.10.1.jar to class loader default
[2026-04-13T17:34:16.729+0000] {subprocess.py:106} INFO - 26/04/13 17:34:16 INFO Utils: Successfully started service 'org.apache.spark.network.netty.NettyBlockTransferService' on port 39385.
[2026-04-13T17:34:16.730+0000] {subprocess.py:106} INFO - 26/04/13 17:34:16 INFO NettyBlockTransferService: Server created on spark-master:39385
[2026-04-13T17:34:16.734+0000] {subprocess.py:106} INFO - 26/04/13 17:34:16 INFO BlockManager: Using org.apache.spark.storage.RandomBlockReplicationPolicy for block replication policy
[2026-04-13T17:34:16.768+0000] {subprocess.py:106} INFO - 26/04/13 17:34:16 INFO BlockManagerMaster: Registering BlockManager BlockManagerId(driver, spark-master, 39385, None)
[2026-04-13T17:34:16.782+0000] {subprocess.py:106} INFO - 26/04/13 17:34:16 INFO BlockManagerMasterEndpoint: Registering block manager spark-master:39385 with 1048.8 MiB RAM, BlockManagerId(driver, spark-master, 39385, None)
[2026-04-13T17:34:16.788+0000] {subprocess.py:106} INFO - 26/04/13 17:34:16 INFO BlockManagerMaster: Registered BlockManager BlockManagerId(driver, spark-master, 39385, None)
[2026-04-13T17:34:16.791+0000] {subprocess.py:106} INFO - 26/04/13 17:34:16 INFO BlockManager: Initialized BlockManager: BlockManagerId(driver, spark-master, 39385, None)
[2026-04-13T17:34:21.096+0000] {subprocess.py:106} INFO - Đọc dữ liệu Silver từ iceberg.air_quality_db.air_quality_silver
[2026-04-13T17:34:21.120+0000] {subprocess.py:106} INFO - 26/04/13 17:34:21 INFO SharedState: spark.sql.warehouse.dir is not set, but hive.metastore.warehouse.dir is set. Setting spark.sql.warehouse.dir to the value of hive.metastore.warehouse.dir.
[2026-04-13T17:34:21.665+0000] {subprocess.py:106} INFO - 26/04/13 17:34:21 INFO SharedState: Warehouse path is 'hdfs://23133083thuyvan-master:9000/user/hive/lakehouse'.
[2026-04-13T17:34:23.411+0000] {subprocess.py:106} INFO - 26/04/13 17:34:23 INFO CatalogUtil: Loading custom FileIO implementation: org.apache.iceberg.hadoop.HadoopFileIO
[2026-04-13T17:34:23.611+0000] {subprocess.py:106} INFO - 26/04/13 17:34:23 INFO HiveConf: Found configuration file file:/home/spark/spark/conf/hive-site.xml
[2026-04-13T17:34:23.916+0000] {subprocess.py:106} INFO - 26/04/13 17:34:23 INFO metastore: Trying to connect to metastore with URI thrift://23133083thuyvan-master:9083
[2026-04-13T17:34:23.958+0000] {subprocess.py:106} INFO - 26/04/13 17:34:23 INFO metastore: Opened a connection to metastore, current connections: 1
[2026-04-13T17:34:24.059+0000] {subprocess.py:106} INFO - 26/04/13 17:34:24 INFO metastore: Connected to metastore.
[2026-04-13T17:34:24.277+0000] {subprocess.py:106} INFO - 26/04/13 17:34:24 INFO BaseMetastoreTableOperations: Refreshing table metadata from new version: hdfs://23133083thuyvan-master:9000/user/hive/lakehouse/silver/air_quality_silver/metadata/00003-8e71d277-3336-4b24-8390-00b46931a63f.metadata.json
[2026-04-13T17:34:24.984+0000] {subprocess.py:106} INFO - 26/04/13 17:34:24 INFO BaseMetastoreCatalog: Table loaded by catalog: iceberg.air_quality_db.air_quality_silver
[2026-04-13T17:34:26.929+0000] {subprocess.py:106} INFO - 26/04/13 17:34:26 INFO BaseMetastoreTableOperations: Refreshing table metadata from new version: hdfs://23133083thuyvan-master:9000/user/hive/lakehouse/gold/ml/air_quality_gold/metadata/00016-1fc85e08-3fb3-4e46-93f7-410ed6b456ef.metadata.json
[2026-04-13T17:34:26.966+0000] {subprocess.py:106} INFO - 26/04/13 17:34:26 INFO BaseMetastoreCatalog: Table loaded by catalog: iceberg.air_quality_ml.air_quality_gold
[2026-04-13T17:34:26.977+0000] {subprocess.py:106} INFO - Bảng đã tồn tại, append dữ liệu vào iceberg.air_quality_ml.air_quality_gold
[2026-04-13T17:34:27.144+0000] {subprocess.py:106} INFO - 26/04/13 17:34:27 INFO V2ScanRelationPushDown:
[2026-04-13T17:34:27.146+0000] {subprocess.py:106} INFO - Output: timestamp#94, location#95, latitude#96, longitude#97, country#98, condition_text#99, timezone#100, temperature_2m#101, relative_humidity_2m#102, apparent_temperature#103, precipitation#104, cloud_cover#105, wind_speed_10m#106, wind_direction_10m#107, wind_gusts_10m#108, uv_index#109, weather_code#110, european_aqi#111, us_aqi#112, us_aqi_index#113, aqi_label#114, pm10#115, pm2_5#116, carbon_monoxide#117, nitrogen_dioxide#118, sulphur_dioxide#119, ozone#120, processing_time#121, data_source#122
[2026-04-13T17:34:27.147+0000] {subprocess.py:106} INFO - 
[2026-04-13T17:34:27.188+0000] {subprocess.py:106} INFO - 26/04/13 17:34:27 INFO SnapshotScan: Scanning table iceberg.air_quality_db.air_quality_silver snapshot 4518274335865062319 created at 2026-04-13T11:48:03.562+00:00 with filter true
[2026-04-13T17:34:27.811+0000] {subprocess.py:106} INFO - 26/04/13 17:34:27 INFO BaseDistributedDataScan: Planning file tasks locally for table iceberg.air_quality_db.air_quality_silver
[2026-04-13T17:34:28.101+0000] {subprocess.py:106} INFO - 26/04/13 17:34:28 INFO SparkPartitioningAwareScan: Reporting UnknownPartitioning with 15 partition(s) for table iceberg.air_quality_db.air_quality_silver
[2026-04-13T17:34:28.241+0000] {subprocess.py:106} INFO - 26/04/13 17:34:28 INFO MemoryStore: MemoryStore started with capacity 1048.8 MiB
[2026-04-13T17:34:28.300+0000] {subprocess.py:106} INFO - 26/04/13 17:34:28 INFO MemoryStore: Block broadcast_0 stored as values in memory (estimated size 32.0 KiB, free 1048.8 MiB)
[2026-04-13T17:34:28.478+0000] {subprocess.py:106} INFO - 26/04/13 17:34:28 INFO MemoryStore: Block broadcast_0_piece0 stored as bytes in memory (estimated size 34.8 KiB, free 1048.7 MiB)
[2026-04-13T17:34:28.490+0000] {subprocess.py:106} INFO - 26/04/13 17:34:28 INFO SparkContext: Created broadcast 0 from broadcast at SparkBatch.java:87
[2026-04-13T17:34:28.811+0000] {subprocess.py:106} INFO - 26/04/13 17:34:28 INFO MemoryStore: Block broadcast_1 stored as values in memory (estimated size 32.0 KiB, free 1048.7 MiB)
[2026-04-13T17:34:28.816+0000] {subprocess.py:106} INFO - 26/04/13 17:34:28 INFO MemoryStore: Block broadcast_1_piece0 stored as bytes in memory (estimated size 34.9 KiB, free 1048.7 MiB)
[2026-04-13T17:34:28.819+0000] {subprocess.py:106} INFO - 26/04/13 17:34:28 INFO SparkContext: Created broadcast 1 from broadcast at SparkBatch.java:87
[2026-04-13T17:34:28.908+0000] {subprocess.py:106} INFO - 26/04/13 17:34:28 WARN SparkStringUtils: Truncated the string representation of a plan since it was too large. This behavior can be adjusted by setting 'spark.sql.debug.maxToStringFields'.
[2026-04-13T17:34:29.661+0000] {subprocess.py:106} INFO - 26/04/13 17:34:29 INFO CodeGenerator: Code generated in 475.029129 ms
[2026-04-13T17:34:29.793+0000] {subprocess.py:106} INFO - 26/04/13 17:34:29 INFO MemoryStore: Block broadcast_2 stored as values in memory (estimated size 32.0 KiB, free 1048.6 MiB)
[2026-04-13T17:34:29.800+0000] {subprocess.py:106} INFO - 26/04/13 17:34:29 INFO MemoryStore: Block broadcast_2_piece0 stored as bytes in memory (estimated size 34.8 KiB, free 1048.6 MiB)
[2026-04-13T17:34:29.804+0000] {subprocess.py:106} INFO - 26/04/13 17:34:29 INFO SparkContext: Created broadcast 2 from broadcast at SparkWrite.java:198
[2026-04-13T17:34:29.812+0000] {subprocess.py:106} INFO - 26/04/13 17:34:29 INFO AppendDataExec: Start processing data source write support: IcebergBatchWrite(table=iceberg.air_quality_ml.air_quality_gold, format=PARQUET). The input RDD has 15} partitions.
[2026-04-13T17:34:29.873+0000] {subprocess.py:106} INFO - 26/04/13 17:34:29 INFO SparkContext: Starting job: append at NativeMethodAccessorImpl.java:0
[2026-04-13T17:34:29.898+0000] {subprocess.py:106} INFO - 26/04/13 17:34:29 INFO DAGScheduler: Got job 0 (append at NativeMethodAccessorImpl.java:0) with 15 output partitions
[2026-04-13T17:34:29.901+0000] {subprocess.py:106} INFO - 26/04/13 17:34:29 INFO DAGScheduler: Final stage: ResultStage 0 (append at NativeMethodAccessorImpl.java:0)
[2026-04-13T17:34:29.903+0000] {subprocess.py:106} INFO - 26/04/13 17:34:29 INFO DAGScheduler: Parents of final stage: List()
[2026-04-13T17:34:29.907+0000] {subprocess.py:106} INFO - 26/04/13 17:34:29 INFO DAGScheduler: Missing parents: List()
[2026-04-13T17:34:29.916+0000] {subprocess.py:106} INFO - 26/04/13 17:34:29 INFO DAGScheduler: Submitting ResultStage 0 (MapPartitionsRDD[2] at append at NativeMethodAccessorImpl.java:0), which has no missing parents
[2026-04-13T17:34:30.058+0000] {subprocess.py:106} INFO - 26/04/13 17:34:30 INFO MemoryStore: Block broadcast_3 stored as values in memory (estimated size 33.8 KiB, free 1048.6 MiB)
[2026-04-13T17:34:30.077+0000] {subprocess.py:106} INFO - 26/04/13 17:34:30 INFO MemoryStore: Block broadcast_3_piece0 stored as bytes in memory (estimated size 10.3 KiB, free 1048.6 MiB)
[2026-04-13T17:34:30.079+0000] {subprocess.py:106} INFO - 26/04/13 17:34:30 INFO SparkContext: Created broadcast 3 from broadcast at DAGScheduler.scala:1676
[2026-04-13T17:34:30.136+0000] {subprocess.py:106} INFO - 26/04/13 17:34:30 INFO DAGScheduler: Submitting 15 missing tasks from ResultStage 0 (MapPartitionsRDD[2] at append at NativeMethodAccessorImpl.java:0) (first 15 tasks are for partitions Vector(0, 1, 2, 3, 4, 5, 6, 7, 8, 9, 10, 11, 12, 13, 14))
[2026-04-13T17:34:30.143+0000] {subprocess.py:106} INFO - 26/04/13 17:34:30 INFO TaskSchedulerImpl: Adding task set 0.0 with 15 tasks resource profile 0
[2026-04-13T17:34:30.219+0000] {subprocess.py:106} INFO - 26/04/13 17:34:30 INFO TaskSetManager: Starting task 0.0 in stage 0.0 (TID 0) (spark-master,executor driver, partition 0, ANY, 22261 bytes)
[2026-04-13T17:34:30.226+0000] {subprocess.py:106} INFO - 26/04/13 17:34:30 INFO TaskSetManager: Starting task 1.0 in stage 0.0 (TID 1) (spark-master,executor driver, partition 1, ANY, 21826 bytes)
[2026-04-13T17:34:30.227+0000] {subprocess.py:106} INFO - 26/04/13 17:34:30 INFO TaskSetManager: Starting task 2.0 in stage 0.0 (TID 2) (spark-master,executor driver, partition 2, ANY, 22261 bytes)
[2026-04-13T17:34:30.230+0000] {subprocess.py:106} INFO - 26/04/13 17:34:30 INFO TaskSetManager: Starting task 3.0 in stage 0.0 (TID 3) (spark-master,executor driver, partition 3, ANY, 21816 bytes)
[2026-04-13T17:34:30.233+0000] {subprocess.py:106} INFO - 26/04/13 17:34:30 INFO TaskSetManager: Starting task 4.0 in stage 0.0 (TID 4) (spark-master,executor driver, partition 4, ANY, 22253 bytes)
[2026-04-13T17:34:30.237+0000] {subprocess.py:106} INFO - 26/04/13 17:34:30 INFO TaskSetManager: Starting task 5.0 in stage 0.0 (TID 5) (spark-master,executor driver, partition 5, ANY, 21796 bytes)
[2026-04-13T17:34:30.239+0000] {subprocess.py:106} INFO - 26/04/13 17:34:30 INFO TaskSetManager: Starting task 6.0 in stage 0.0 (TID 6) (spark-master,executor driver, partition 6, ANY, 22250 bytes)
[2026-04-13T17:34:30.241+0000] {subprocess.py:106} INFO - 26/04/13 17:34:30 INFO TaskSetManager: Starting task 7.0 in stage 0.0 (TID 7) (spark-master,executor driver, partition 7, ANY, 22224 bytes)
[2026-04-13T17:34:30.242+0000] {subprocess.py:106} INFO - 26/04/13 17:34:30 INFO TaskSetManager: Starting task 8.0 in stage 0.0 (TID 8) (spark-master,executor driver, partition 8, ANY, 22252 bytes)
[2026-04-13T17:34:30.245+0000] {subprocess.py:106} INFO - 26/04/13 17:34:30 INFO TaskSetManager: Starting task 9.0 in stage 0.0 (TID 9) (spark-master,executor driver, partition 9, ANY, 22248 bytes)
[2026-04-13T17:34:30.247+0000] {subprocess.py:106} INFO - 26/04/13 17:34:30 INFO TaskSetManager: Starting task 10.0 in stage 0.0 (TID 10) (spark-master,executor driver, partition 10, ANY, 21807 bytes)
[2026-04-13T17:34:30.249+0000] {subprocess.py:106} INFO - 26/04/13 17:34:30 INFO TaskSetManager: Starting task 11.0 in stage 0.0 (TID 11) (spark-master,executor driver, partition 11, ANY, 22253 bytes)
[2026-04-13T17:34:30.252+0000] {subprocess.py:106} INFO - 26/04/13 17:34:30 INFO TaskSetManager: Starting task 12.0 in stage 0.0 (TID 12) (spark-master,executor driver, partition 12, ANY, 21808 bytes)
[2026-04-13T17:34:30.254+0000] {subprocess.py:106} INFO - 26/04/13 17:34:30 INFO TaskSetManager: Starting task 13.0 in stage 0.0 (TID 13) (spark-master,executor driver, partition 13, ANY, 21787 bytes)
[2026-04-13T17:34:30.257+0000] {subprocess.py:106} INFO - 26/04/13 17:34:30 INFO TaskSetManager: Starting task 14.0 in stage 0.0 (TID 14) (spark-master,executor driver, partition 14, ANY, 21355 bytes)
[2026-04-13T17:34:30.277+0000] {subprocess.py:106} INFO - 26/04/13 17:34:30 INFO Executor: Running task 4.0 in stage 0.0 (TID 4)
[2026-04-13T17:34:30.278+0000] {subprocess.py:106} INFO - 26/04/13 17:34:30 INFO Executor: Running task 2.0 in stage 0.0 (TID 2)
[2026-04-13T17:34:30.279+0000] {subprocess.py:106} INFO - 26/04/13 17:34:30 INFO Executor: Running task 3.0 in stage 0.0 (TID 3)
[2026-04-13T17:34:30.280+0000] {subprocess.py:106} INFO - 26/04/13 17:34:30 INFO Executor: Running task 5.0 in stage 0.0 (TID 5)
[2026-04-13T17:34:30.281+0000] {subprocess.py:106} INFO - 26/04/13 17:34:30 INFO Executor: Running task 1.0 in stage 0.0 (TID 1)
[2026-04-13T17:34:30.282+0000] {subprocess.py:106} INFO - 26/04/13 17:34:30 INFO Executor: Running task 0.0 in stage 0.0 (TID 0)
[2026-04-13T17:34:30.283+0000] {subprocess.py:106} INFO - 26/04/13 17:34:30 INFO Executor: Running task 6.0 in stage 0.0 (TID 6)
[2026-04-13T17:34:30.283+0000] {subprocess.py:106} INFO - 26/04/13 17:34:30 INFO Executor: Running task 7.0 in stage 0.0 (TID 7)
[2026-04-13T17:34:30.284+0000] {subprocess.py:106} INFO - 26/04/13 17:34:30 INFO Executor: Running task 8.0 in stage 0.0 (TID 8)
[2026-04-13T17:34:30.286+0000] {subprocess.py:106} INFO - 26/04/13 17:34:30 INFO Executor: Running task 9.0 in stage 0.0 (TID 9)
[2026-04-13T17:34:30.289+0000] {subprocess.py:106} INFO - 26/04/13 17:34:30 INFO Executor: Running task 10.0 in stage 0.0 (TID 10)
[2026-04-13T17:34:30.292+0000] {subprocess.py:106} INFO - 26/04/13 17:34:30 INFO Executor: Running task 11.0 in stage 0.0 (TID 11)
[2026-04-13T17:34:30.297+0000] {subprocess.py:106} INFO - 26/04/13 17:34:30 INFO Executor: Running task 12.0 in stage 0.0 (TID 12)
[2026-04-13T17:34:30.302+0000] {subprocess.py:106} INFO - 26/04/13 17:34:30 INFO Executor: Running task 14.0 in stage 0.0 (TID 14)
[2026-04-13T17:34:30.306+0000] {subprocess.py:106} INFO - 26/04/13 17:34:30 INFO Executor: Running task 13.0 in stage 0.0 (TID 13)
[2026-04-13T17:34:30.663+0000] {subprocess.py:106} INFO - 26/04/13 17:34:30 INFO CodeGenerator: Code generated in 115.209138 ms
[2026-04-13T17:34:30.873+0000] {subprocess.py:106} INFO - 26/04/13 17:34:30 INFO CodecPool: Got brand-new compressor [.zstd]
[2026-04-13T17:34:30.875+0000] {subprocess.py:106} INFO - 26/04/13 17:34:30 INFO CodecPool: Got brand-new compressor [.zstd]
[2026-04-13T17:34:30.876+0000] {subprocess.py:106} INFO - 26/04/13 17:34:30 INFO CodecPool: Got brand-new compressor [.zstd]
[2026-04-13T17:34:30.877+0000] {subprocess.py:106} INFO - 26/04/13 17:34:30 INFO CodecPool: Got brand-new compressor [.zstd]
[2026-04-13T17:34:30.877+0000] {subprocess.py:106} INFO - 26/04/13 17:34:30 INFO CodecPool: Got brand-new compressor [.zstd]
[2026-04-13T17:34:30.879+0000] {subprocess.py:106} INFO - 26/04/13 17:34:30 INFO CodecPool: Got brand-new compressor [.zstd]
[2026-04-13T17:34:30.879+0000] {subprocess.py:106} INFO - 26/04/13 17:34:30 INFO CodecPool: Got brand-new compressor [.zstd]
[2026-04-13T17:34:30.880+0000] {subprocess.py:106} INFO - 26/04/13 17:34:30 INFO CodecPool: Got brand-new compressor [.zstd]
[2026-04-13T17:34:30.881+0000] {subprocess.py:106} INFO - 26/04/13 17:34:30 INFO CodecPool: Got brand-new compressor [.zstd]
[2026-04-13T17:34:30.882+0000] {subprocess.py:106} INFO - 26/04/13 17:34:30 INFO CodecPool: Got brand-new compressor [.zstd]
[2026-04-13T17:34:30.882+0000] {subprocess.py:106} INFO - 26/04/13 17:34:30 INFO CodecPool: Got brand-new compressor [.zstd]
[2026-04-13T17:34:30.883+0000] {subprocess.py:106} INFO - 26/04/13 17:34:30 INFO CodecPool: Got brand-new compressor [.zstd]
[2026-04-13T17:34:30.884+0000] {subprocess.py:106} INFO - 26/04/13 17:34:30 INFO CodecPool: Got brand-new compressor [.zstd]
[2026-04-13T17:34:30.885+0000] {subprocess.py:106} INFO - 26/04/13 17:34:30 INFO CodecPool: Got brand-new compressor [.zstd]
[2026-04-13T17:34:30.886+0000] {subprocess.py:106} INFO - 26/04/13 17:34:30 INFO CodecPool: Got brand-new compressor [.zstd]
[2026-04-13T17:34:33.327+0000] {subprocess.py:106} INFO - 26/04/13 17:34:33 INFO VectorizedSparkParquetReaders: Enabling arrow.enable_unsafe_memory_access
[2026-04-13T17:34:33.329+0000] {subprocess.py:106} INFO - 26/04/13 17:34:33 INFO VectorizedSparkParquetReaders: Disabling arrow.enable_null_check_for_get
[2026-04-13T17:34:33.343+0000] {subprocess.py:106} INFO - 26/04/13 17:34:33 INFO BaseAllocator: Debug mode disabled. Enable with the VM option -Darrow.memory.debug.allocator=true.
[2026-04-13T17:34:33.355+0000] {subprocess.py:106} INFO - 26/04/13 17:34:33 INFO DefaultAllocationManagerOption: allocation manager type not specified, using netty as the default type
[2026-04-13T17:34:33.358+0000] {subprocess.py:106} INFO - 26/04/13 17:34:33 INFO CheckAllocator: Using DefaultAllocationManager at memory/DefaultAllocationManagerFactory.class
[2026-04-13T17:34:33.784+0000] {subprocess.py:106} INFO - 26/04/13 17:34:33 INFO CodecPool: Got brand-new decompressor [.zstd]
[2026-04-13T17:34:33.792+0000] {subprocess.py:106} INFO - 26/04/13 17:34:33 INFO CodecPool: Got brand-new decompressor [.zstd]
[2026-04-13T17:34:33.793+0000] {subprocess.py:106} INFO - 26/04/13 17:34:33 INFO CodecPool: Got brand-new decompressor [.zstd]
[2026-04-13T17:34:33.795+0000] {subprocess.py:106} INFO - 26/04/13 17:34:33 INFO CodecPool: Got brand-new decompressor [.zstd]
[2026-04-13T17:34:33.799+0000] {subprocess.py:106} INFO - 26/04/13 17:34:33 INFO CodecPool: Got brand-new decompressor [.zstd]
[2026-04-13T17:34:33.802+0000] {subprocess.py:106} INFO - 26/04/13 17:34:33 INFO CodecPool: Got brand-new decompressor [.zstd]
[2026-04-13T17:34:33.803+0000] {subprocess.py:106} INFO - 26/04/13 17:34:33 INFO CodecPool: Got brand-new decompressor [.zstd]
[2026-04-13T17:34:33.806+0000] {subprocess.py:106} INFO - 26/04/13 17:34:33 INFO CodecPool: Got brand-new decompressor [.zstd]
[2026-04-13T17:34:33.809+0000] {subprocess.py:106} INFO - 26/04/13 17:34:33 INFO CodecPool: Got brand-new decompressor [.zstd]
[2026-04-13T17:34:33.810+0000] {subprocess.py:106} INFO - 26/04/13 17:34:33 INFO CodecPool: Got brand-new decompressor [.zstd]
[2026-04-13T17:34:33.812+0000] {subprocess.py:106} INFO - 26/04/13 17:34:33 INFO CodecPool: Got brand-new decompressor [.zstd]
[2026-04-13T17:34:33.854+0000] {subprocess.py:106} INFO - 26/04/13 17:34:33 INFO CodecPool: Got brand-new decompressor [.zstd]
[2026-04-13T17:34:33.858+0000] {subprocess.py:106} INFO - 26/04/13 17:34:33 INFO CodecPool: Got brand-new decompressor [.zstd]
[2026-04-13T17:34:33.862+0000] {subprocess.py:106} INFO - 26/04/13 17:34:33 INFO CodecPool: Got brand-new decompressor [.zstd]
[2026-04-13T17:34:33.865+0000] {subprocess.py:106} INFO - 26/04/13 17:34:33 INFO CodecPool: Got brand-new decompressor [.zstd]
[2026-04-13T17:34:34.990+0000] {subprocess.py:106} INFO - 26/04/13 17:34:34 INFO CodecPool: Got brand-new decompressor [.zstd]
[2026-04-13T17:34:34.991+0000] {subprocess.py:106} INFO - 26/04/13 17:34:34 INFO CodecPool: Got brand-new decompressor [.zstd]
[2026-04-13T17:34:34.998+0000] {subprocess.py:106} INFO - 26/04/13 17:34:34 INFO CodecPool: Got brand-new decompressor [.zstd]
[2026-04-13T17:34:35.003+0000] {subprocess.py:106} INFO - 26/04/13 17:34:34 INFO CodecPool: Got brand-new decompressor [.zstd]
[2026-04-13T17:34:35.004+0000] {subprocess.py:106} INFO - 26/04/13 17:34:34 INFO CodecPool: Got brand-new decompressor [.zstd]
[2026-04-13T17:34:35.006+0000] {subprocess.py:106} INFO - 26/04/13 17:34:34 INFO CodecPool: Got brand-new decompressor [.zstd]
[2026-04-13T17:34:35.008+0000] {subprocess.py:106} INFO - 26/04/13 17:34:34 INFO CodecPool: Got brand-new decompressor [.zstd]
[2026-04-13T17:34:35.009+0000] {subprocess.py:106} INFO - 26/04/13 17:34:34 INFO CodecPool: Got brand-new decompressor [.zstd]
[2026-04-13T17:34:35.014+0000] {subprocess.py:106} INFO - 26/04/13 17:34:35 INFO CodecPool: Got brand-new decompressor [.zstd]
[2026-04-13T17:34:35.019+0000] {subprocess.py:106} INFO - 26/04/13 17:34:35 INFO CodecPool: Got brand-new decompressor [.zstd]
[2026-04-13T17:34:35.021+0000] {subprocess.py:106} INFO - 26/04/13 17:34:35 INFO CodecPool: Got brand-new decompressor [.zstd]
[2026-04-13T17:34:35.023+0000] {subprocess.py:106} INFO - 26/04/13 17:34:35 INFO CodecPool: Got brand-new decompressor [.zstd]
[2026-04-13T17:34:35.030+0000] {subprocess.py:106} INFO - 26/04/13 17:34:35 INFO CodecPool: Got brand-new decompressor [.zstd]
[2026-04-13T17:34:35.037+0000] {subprocess.py:106} INFO - 26/04/13 17:34:35 INFO CodecPool: Got brand-new decompressor [.zstd]
[2026-04-13T17:34:35.042+0000] {subprocess.py:106} INFO - 26/04/13 17:34:35 INFO CodecPool: Got brand-new decompressor [.zstd]
[2026-04-13T17:34:35.108+0000] {subprocess.py:106} INFO - 26/04/13 17:34:35 INFO CodecPool: Got brand-new decompressor [.zstd]
[2026-04-13T17:34:35.110+0000] {subprocess.py:106} INFO - 26/04/13 17:34:35 INFO CodecPool: Got brand-new decompressor [.zstd]
[2026-04-13T17:34:35.112+0000] {subprocess.py:106} INFO - 26/04/13 17:34:35 INFO CodecPool: Got brand-new decompressor [.zstd]
[2026-04-13T17:34:35.113+0000] {subprocess.py:106} INFO - 26/04/13 17:34:35 INFO CodecPool: Got brand-new decompressor [.zstd]
[2026-04-13T17:34:35.114+0000] {subprocess.py:106} INFO - 26/04/13 17:34:35 INFO CodecPool: Got brand-new decompressor [.zstd]
[2026-04-13T17:34:35.125+0000] {subprocess.py:106} INFO - 26/04/13 17:34:35 INFO CodecPool: Got brand-new decompressor [.zstd]
[2026-04-13T17:34:35.125+0000] {subprocess.py:106} INFO - 26/04/13 17:34:35 INFO CodecPool: Got brand-new decompressor [.zstd]
[2026-04-13T17:34:35.184+0000] {subprocess.py:106} INFO - 26/04/13 17:34:35 INFO CodecPool: Got brand-new decompressor [.zstd]
[2026-04-13T17:34:35.186+0000] {subprocess.py:106} INFO - 26/04/13 17:34:35 INFO CodecPool: Got brand-new decompressor [.zstd]
[2026-04-13T17:34:35.187+0000] {subprocess.py:106} INFO - 26/04/13 17:34:35 INFO CodecPool: Got brand-new decompressor [.zstd]
[2026-04-13T17:34:35.199+0000] {subprocess.py:106} INFO - 26/04/13 17:34:35 INFO CodecPool: Got brand-new decompressor [.zstd]
[2026-04-13T17:34:35.202+0000] {subprocess.py:106} INFO - 26/04/13 17:34:35 INFO CodecPool: Got brand-new decompressor [.zstd]
[2026-04-13T17:34:35.203+0000] {subprocess.py:106} INFO - 26/04/13 17:34:35 INFO CodecPool: Got brand-new decompressor [.zstd]
[2026-04-13T17:34:35.222+0000] {subprocess.py:106} INFO - 26/04/13 17:34:35 INFO CodecPool: Got brand-new decompressor [.zstd]
[2026-04-13T17:34:35.235+0000] {subprocess.py:106} INFO - 26/04/13 17:34:35 INFO CodecPool: Got brand-new decompressor [.zstd]
[2026-04-13T17:34:35.262+0000] {subprocess.py:106} INFO - 26/04/13 17:34:35 INFO CodecPool: Got brand-new decompressor [.zstd]
[2026-04-13T17:34:35.267+0000] {subprocess.py:106} INFO - 26/04/13 17:34:35 INFO CodecPool: Got brand-new decompressor [.zstd]
[2026-04-13T17:34:35.284+0000] {subprocess.py:106} INFO - 26/04/13 17:34:35 INFO CodecPool: Got brand-new decompressor [.zstd]
[2026-04-13T17:34:35.312+0000] {subprocess.py:106} INFO - 26/04/13 17:34:35 INFO CodecPool: Got brand-new decompressor [.zstd]
[2026-04-13T17:34:35.321+0000] {subprocess.py:106} INFO - 26/04/13 17:34:35 INFO CodecPool: Got brand-new decompressor [.zstd]
[2026-04-13T17:34:35.324+0000] {subprocess.py:106} INFO - 26/04/13 17:34:35 INFO CodecPool: Got brand-new decompressor [.zstd]
[2026-04-13T17:34:35.352+0000] {subprocess.py:106} INFO - 26/04/13 17:34:35 INFO CodecPool: Got brand-new decompressor [.zstd]
[2026-04-13T17:34:35.372+0000] {subprocess.py:106} INFO - 26/04/13 17:34:35 INFO DataWritingSparkTask: Writer for partition 0 is committing.
[2026-04-13T17:34:35.382+0000] {subprocess.py:106} INFO - 26/04/13 17:34:35 INFO DataWritingSparkTask: Writer for partition 3 is committing.
[2026-04-13T17:34:35.384+0000] {subprocess.py:106} INFO - 26/04/13 17:34:35 INFO DataWritingSparkTask: Writer for partition 8 is committing.
[2026-04-13T17:34:35.387+0000] {subprocess.py:106} INFO - 26/04/13 17:34:35 INFO CodecPool: Got brand-new decompressor [.zstd]
[2026-04-13T17:34:35.429+0000] {subprocess.py:106} INFO - 26/04/13 17:34:35 INFO DataWritingSparkTask: Writer for partition 12 is committing.
[2026-04-13T17:34:35.447+0000] {subprocess.py:106} INFO - 26/04/13 17:34:35 INFO CodecPool: Got brand-new decompressor [.zstd]
[2026-04-13T17:34:35.459+0000] {subprocess.py:106} INFO - 26/04/13 17:34:35 INFO DataWritingSparkTask: Writer for partition 5 is committing.
[2026-04-13T17:34:35.463+0000] {subprocess.py:106} INFO - 26/04/13 17:34:35 INFO DataWritingSparkTask: Writer for partition 2 is committing.
[2026-04-13T17:34:35.465+0000] {subprocess.py:106} INFO - 26/04/13 17:34:35 INFO CodecPool: Got brand-new decompressor [.zstd]
[2026-04-13T17:34:35.471+0000] {subprocess.py:106} INFO - 26/04/13 17:34:35 INFO CodecPool: Got brand-new decompressor [.zstd]
[2026-04-13T17:34:35.480+0000] {subprocess.py:106} INFO - 26/04/13 17:34:35 INFO CodecPool: Got brand-new decompressor [.zstd]
[2026-04-13T17:34:35.519+0000] {subprocess.py:106} INFO - 26/04/13 17:34:35 INFO DataWritingSparkTask: Writer for partition 4 is committing.
[2026-04-13T17:34:35.528+0000] {subprocess.py:106} INFO - 26/04/13 17:34:35 INFO DataWritingSparkTask: Writer for partition 7 is committing.
[2026-04-13T17:34:35.545+0000] {subprocess.py:106} INFO - 26/04/13 17:34:35 INFO DataWritingSparkTask: Writer for partition 1 is committing.
[2026-04-13T17:34:35.650+0000] {subprocess.py:106} INFO - 26/04/13 17:34:35 INFO DataWritingSparkTask: Writer for partition 10 is committing.
[2026-04-13T17:34:35.659+0000] {subprocess.py:106} INFO - 26/04/13 17:34:35 INFO DataWritingSparkTask: Writer for partition 13 is committing.
[2026-04-13T17:34:35.664+0000] {subprocess.py:106} INFO - 26/04/13 17:34:35 INFO DataWritingSparkTask: Writer for partition 6 is committing.
[2026-04-13T17:34:35.671+0000] {subprocess.py:106} INFO - 26/04/13 17:34:35 INFO CodecPool: Got brand-new decompressor [.zstd]
[2026-04-13T17:34:35.677+0000] {subprocess.py:106} INFO - 26/04/13 17:34:35 INFO DataWritingSparkTask: Writer for partition 9 is committing.
[2026-04-13T17:34:35.679+0000] {subprocess.py:106} INFO - 26/04/13 17:34:35 INFO CodecPool: Got brand-new decompressor [.zstd]
[2026-04-13T17:34:35.728+0000] {subprocess.py:106} INFO - 26/04/13 17:34:35 INFO DataWritingSparkTask: Writer for partition 11 is committing.
[2026-04-13T17:34:35.908+0000] {subprocess.py:106} INFO - 26/04/13 17:34:35 INFO CodecPool: Got brand-new decompressor [.zstd]
[2026-04-13T17:34:36.160+0000] {subprocess.py:106} INFO - 26/04/13 17:34:36 INFO DataWritingSparkTask: Writer for partition 14 is committing.
[2026-04-13T17:34:37.367+0000] {subprocess.py:106} INFO - 26/04/13 17:34:37 INFO DataWritingSparkTask: Committed partition 9 (task 9, attempt 0, stage 0.0)
[2026-04-13T17:34:37.368+0000] {subprocess.py:106} INFO - 26/04/13 17:34:37 INFO DataWritingSparkTask: Committed partition 7 (task 7, attempt 0, stage 0.0)
[2026-04-13T17:34:37.370+0000] {subprocess.py:106} INFO - 26/04/13 17:34:37 INFO DataWritingSparkTask: Committed partition 6 (task 6, attempt 0, stage 0.0)
[2026-04-13T17:34:37.373+0000] {subprocess.py:106} INFO - 26/04/13 17:34:37 INFO DataWritingSparkTask: Committed partition 8 (task 8, attempt 0, stage 0.0)
[2026-04-13T17:34:37.374+0000] {subprocess.py:106} INFO - 26/04/13 17:34:37 INFO DataWritingSparkTask: Committed partition 13 (task 13, attempt 0, stage 0.0)
[2026-04-13T17:34:37.376+0000] {subprocess.py:106} INFO - 26/04/13 17:34:37 INFO DataWritingSparkTask: Committed partition 4 (task 4, attempt 0, stage 0.0)
[2026-04-13T17:34:37.377+0000] {subprocess.py:106} INFO - 26/04/13 17:34:37 INFO DataWritingSparkTask: Committed partition 12 (task 12, attempt 0, stage 0.0)
[2026-04-13T17:34:37.379+0000] {subprocess.py:106} INFO - 26/04/13 17:34:37 INFO DataWritingSparkTask: Committed partition 11 (task 11, attempt 0, stage 0.0)
[2026-04-13T17:34:37.380+0000] {subprocess.py:106} INFO - 26/04/13 17:34:37 INFO DataWritingSparkTask: Committed partition 5 (task 5, attempt 0, stage 0.0)
[2026-04-13T17:34:37.382+0000] {subprocess.py:106} INFO - 26/04/13 17:34:37 INFO DataWritingSparkTask: Committed partition 1 (task 1, attempt 0, stage 0.0)
[2026-04-13T17:34:37.383+0000] {subprocess.py:106} INFO - 26/04/13 17:34:37 INFO DataWritingSparkTask: Committed partition 10 (task 10, attempt 0, stage 0.0)
[2026-04-13T17:34:37.384+0000] {subprocess.py:106} INFO - 26/04/13 17:34:37 INFO DataWritingSparkTask: Committed partition 14 (task 14, attempt 0, stage 0.0)
[2026-04-13T17:34:37.385+0000] {subprocess.py:106} INFO - 26/04/13 17:34:37 INFO DataWritingSparkTask: Committed partition 3 (task 3, attempt 0, stage 0.0)
[2026-04-13T17:34:37.386+0000] {subprocess.py:106} INFO - 26/04/13 17:34:37 INFO DataWritingSparkTask: Committed partition 2 (task 2, attempt 0, stage 0.0)
[2026-04-13T17:34:37.386+0000] {subprocess.py:106} INFO - 26/04/13 17:34:37 INFO DataWritingSparkTask: Committed partition 0 (task 0, attempt 0, stage 0.0)
[2026-04-13T17:34:37.492+0000] {subprocess.py:106} INFO - 26/04/13 17:34:37 INFO Executor: Finished task 9.0 in stage 0.0 (TID 9). 9509 bytes result sent to driver
[2026-04-13T17:34:37.493+0000] {subprocess.py:106} INFO - 26/04/13 17:34:37 INFO Executor: Finished task 3.0 in stage 0.0 (TID 3). 9510 bytes result sent to driver
[2026-04-13T17:34:37.495+0000] {subprocess.py:106} INFO - 26/04/13 17:34:37 INFO Executor: Finished task 0.0 in stage 0.0 (TID 0). 9532 bytes result sent to driver
[2026-04-13T17:34:37.497+0000] {subprocess.py:106} INFO - 26/04/13 17:34:37 INFO Executor: Finished task 1.0 in stage 0.0 (TID 1). 9573 bytes result sent to driver
[2026-04-13T17:34:37.499+0000] {subprocess.py:106} INFO - 26/04/13 17:34:37 INFO Executor: Finished task 11.0 in stage 0.0 (TID 11). 9511 bytes result sent to driver
[2026-04-13T17:34:37.502+0000] {subprocess.py:106} INFO - 26/04/13 17:34:37 INFO Executor: Finished task 2.0 in stage 0.0 (TID 2). 9524 bytes result sent to driver
[2026-04-13T17:34:37.504+0000] {subprocess.py:106} INFO - 26/04/13 17:34:37 INFO Executor: Finished task 12.0 in stage 0.0 (TID 12). 9571 bytes result sent to driver
[2026-04-13T17:34:37.508+0000] {subprocess.py:106} INFO - 26/04/13 17:34:37 INFO Executor: Finished task 4.0 in stage 0.0 (TID 4). 9505 bytes result sent to driver
[2026-04-13T17:34:37.510+0000] {subprocess.py:106} INFO - 26/04/13 17:34:37 INFO Executor: Finished task 8.0 in stage 0.0 (TID 8). 9498 bytes result sent to driver
[2026-04-13T17:34:37.513+0000] {subprocess.py:106} INFO - 26/04/13 17:34:37 INFO Executor: Finished task 10.0 in stage 0.0 (TID 10). 9529 bytes result sent to driver
[2026-04-13T17:34:37.516+0000] {subprocess.py:106} INFO - 26/04/13 17:34:37 INFO Executor: Finished task 5.0 in stage 0.0 (TID 5). 9497 bytes result sent to driver
[2026-04-13T17:34:37.518+0000] {subprocess.py:106} INFO - 26/04/13 17:34:37 INFO Executor: Finished task 13.0 in stage 0.0 (TID 13). 9562 bytes result sent to driver
[2026-04-13T17:34:37.519+0000] {subprocess.py:106} INFO - 26/04/13 17:34:37 INFO Executor: Finished task 7.0 in stage 0.0 (TID 7). 9511 bytes result sent to driver
[2026-04-13T17:34:37.520+0000] {subprocess.py:106} INFO - 26/04/13 17:34:37 INFO Executor: Finished task 6.0 in stage 0.0 (TID 6). 9540 bytes result sent to driver
[2026-04-13T17:34:37.522+0000] {subprocess.py:106} INFO - 26/04/13 17:34:37 INFO Executor: Finished task 14.0 in stage 0.0 (TID 14). 9522 bytes result sent to driver
[2026-04-13T17:34:37.531+0000] {subprocess.py:106} INFO - 26/04/13 17:34:37 INFO TaskSetManager: Finished task 1.0 in stage 0.0 (TID 1) in 7289 ms on spark-master (executor driver) (1/15)
[2026-04-13T17:34:37.538+0000] {subprocess.py:106} INFO - 26/04/13 17:34:37 INFO TaskSetManager: Finished task 3.0 in stage 0.0 (TID 3) in 7295 ms on spark-master (executor driver) (2/15)
[2026-04-13T17:34:37.539+0000] {subprocess.py:106} INFO - 26/04/13 17:34:37 INFO TaskSetManager: Finished task 9.0 in stage 0.0 (TID 9) in 7284 ms on spark-master (executor driver) (3/15)
[2026-04-13T17:34:37.543+0000] {subprocess.py:106} INFO - 26/04/13 17:34:37 INFO TaskSetManager: Finished task 8.0 in stage 0.0 (TID 8) in 7293 ms on spark-master (executor driver) (4/15)
[2026-04-13T17:34:37.544+0000] {subprocess.py:106} INFO - 26/04/13 17:34:37 INFO TaskSetManager: Finished task 4.0 in stage 0.0 (TID 4) in 7305 ms on spark-master (executor driver) (5/15)
[2026-04-13T17:34:37.560+0000] {subprocess.py:106} INFO - 26/04/13 17:34:37 INFO TaskSetManager: Finished task 10.0 in stage 0.0 (TID 10) in 7295 ms on spark-master (executor driver) (6/15)
[2026-04-13T17:34:37.563+0000] {subprocess.py:106} INFO - 26/04/13 17:34:37 INFO TaskSetManager: Finished task 11.0 in stage 0.0 (TID 11) in 7296 ms on spark-master (executor driver) (7/15)
[2026-04-13T17:34:37.564+0000] {subprocess.py:106} INFO - 26/04/13 17:34:37 INFO TaskSetManager: Finished task 0.0 in stage 0.0 (TID 0) in 7368 ms on spark-master (executor driver) (8/15)
[2026-04-13T17:34:37.565+0000] {subprocess.py:106} INFO - 26/04/13 17:34:37 INFO TaskSetManager: Finished task 6.0 in stage 0.0 (TID 6) in 7311 ms on spark-master (executor driver) (9/15)
[2026-04-13T17:34:37.566+0000] {subprocess.py:106} INFO - 26/04/13 17:34:37 INFO TaskSetManager: Finished task 12.0 in stage 0.0 (TID 12) in 7302 ms on spark-master (executor driver) (10/15)
[2026-04-13T17:34:37.570+0000] {subprocess.py:106} INFO - 26/04/13 17:34:37 INFO TaskSetManager: Finished task 7.0 in stage 0.0 (TID 7) in 7311 ms on spark-master (executor driver) (11/15)
[2026-04-13T17:34:37.573+0000] {subprocess.py:106} INFO - 26/04/13 17:34:37 INFO TaskSetManager: Finished task 5.0 in stage 0.0 (TID 5) in 7320 ms on spark-master (executor driver) (12/15)
[2026-04-13T17:34:37.575+0000] {subprocess.py:106} INFO - 26/04/13 17:34:37 INFO TaskSetManager: Finished task 13.0 in stage 0.0 (TID 13) in 7302 ms on spark-master (executor driver) (13/15)
[2026-04-13T17:34:37.576+0000] {subprocess.py:106} INFO - 26/04/13 17:34:37 INFO TaskSetManager: Finished task 14.0 in stage 0.0 (TID 14) in 7302 ms on spark-master (executor driver) (14/15)
[2026-04-13T17:34:37.578+0000] {subprocess.py:106} INFO - 26/04/13 17:34:37 INFO TaskSetManager: Finished task 2.0 in stage 0.0 (TID 2) in 7332 ms on spark-master (executor driver) (15/15)
[2026-04-13T17:34:37.579+0000] {subprocess.py:106} INFO - 26/04/13 17:34:37 INFO TaskSchedulerImpl: Removed TaskSet 0.0 whose tasks have all completed, from pool
[2026-04-13T17:34:37.581+0000] {subprocess.py:106} INFO - 26/04/13 17:34:37 INFO DAGScheduler: ResultStage 0 (append at NativeMethodAccessorImpl.java:0) finished in 7632 ms
[2026-04-13T17:34:37.594+0000] {subprocess.py:106} INFO - 26/04/13 17:34:37 INFO DAGScheduler: Job 0 is finished. Cancelling potential speculative or zombie tasks for this job
[2026-04-13T17:34:37.598+0000] {subprocess.py:106} INFO - 26/04/13 17:34:37 INFO TaskSchedulerImpl: Canceling stage 0
[2026-04-13T17:34:37.604+0000] {subprocess.py:106} INFO - 26/04/13 17:34:37 INFO TaskSchedulerImpl: Killing all running tasks in stage 0: Stage finished
[2026-04-13T17:34:37.621+0000] {subprocess.py:106} INFO - 26/04/13 17:34:37 INFO DAGScheduler: Job 0 finished: append at NativeMethodAccessorImpl.java:0, took 7744.746801 ms
[2026-04-13T17:34:37.658+0000] {subprocess.py:106} INFO - 26/04/13 17:34:37 INFO AppendDataExec: Data source write support IcebergBatchWrite(table=iceberg.air_quality_ml.air_quality_gold, format=PARQUET) is committing.
[2026-04-13T17:34:37.746+0000] {subprocess.py:106} INFO - 26/04/13 17:34:37 INFO SparkWrite: Committing append with 15 new data files to table iceberg.air_quality_ml.air_quality_gold
[2026-04-13T17:34:40.339+0000] {subprocess.py:106} INFO - 26/04/13 17:34:40 INFO HiveTableOperations: Committed to table iceberg.air_quality_ml.air_quality_gold with the new metadata location hdfs://23133083thuyvan-master:9000/user/hive/lakehouse/gold/ml/air_quality_gold/metadata/00017-5d622b02-94ed-422d-ad98-c11da9169046.metadata.json
[2026-04-13T17:34:40.340+0000] {subprocess.py:106} INFO - 26/04/13 17:34:40 INFO BaseMetastoreTableOperations: Successfully committed to table iceberg.air_quality_ml.air_quality_gold in 1097 ms
[2026-04-13T17:34:40.341+0000] {subprocess.py:106} INFO - 26/04/13 17:34:40 INFO SnapshotProducer: Committed snapshot 1720910725916225615 (MergeAppend)
[2026-04-13T17:34:40.401+0000] {subprocess.py:106} INFO - 26/04/13 17:34:40 INFO BaseMetastoreTableOperations: Refreshing table metadata from new version: hdfs://23133083thuyvan-master:9000/user/hive/lakehouse/gold/ml/air_quality_gold/metadata/00017-5d622b02-94ed-422d-ad98-c11da9169046.metadata.json
[2026-04-13T17:34:40.433+0000] {subprocess.py:106} INFO - 26/04/13 17:34:40 INFO LoggingMetricsReporter: Received metrics report: CommitReport{tableName=iceberg.air_quality_ml.air_quality_gold, snapshotId=1720910725916225615, sequenceNumber=18, operation=append, commitMetrics=CommitMetricsResult{totalDuration=TimerResult{timeUnit=NANOSECONDS, totalDuration=PT2.602174358S, count=1}, attempts=CounterResult{unit=COUNT, value=1}, addedDataFiles=CounterResult{unit=COUNT, value=15}, removedDataFiles=null, totalDataFiles=CounterResult{unit=COUNT, value=270}, addedDeleteFiles=null, addedEqualityDeleteFiles=null, addedPositionalDeleteFiles=null, addedDVs=null, removedDeleteFiles=null, removedEqualityDeleteFiles=null, removedPositionalDeleteFiles=null, removedDVs=null, totalDeleteFiles=CounterResult{unit=COUNT, value=0}, addedRecords=CounterResult{unit=COUNT, value=100}, removedRecords=null, totalRecords=CounterResult{unit=COUNT, value=1800}, addedFilesSizeInBytes=CounterResult{unit=BYTES, value=148023}, removedFilesSizeInBytes=null, totalFilesSizeInBytes=CounterResult{unit=BYTES, value=2633456}, addedPositionalDeletes=null, removedPositionalDeletes=null, totalPositionalDeletes=CounterResult{unit=COUNT, value=0}, addedEqualityDeletes=null, removedEqualityDeletes=null, totalEqualityDeletes=CounterResult{unit=COUNT, value=0}, manifestsCreated=null, manifestsReplaced=null, manifestsKept=null, manifestEntriesProcessed=null}, metadata={engine-version=4.0.2, app-id=local-1776101655644, engine-name=spark, iceberg-version=Apache Iceberg 1.10.1 (commit ccb8bc435062171e64bc8b7e5f56e6aed9c5b934)}}
[2026-04-13T17:34:40.434+0000] {subprocess.py:106} INFO - 26/04/13 17:34:40 INFO SparkWrite: Committed in 2685 ms
[2026-04-13T17:34:40.437+0000] {subprocess.py:106} INFO - 26/04/13 17:34:40 INFO AppendDataExec: Data source write support IcebergBatchWrite(table=iceberg.air_quality_ml.air_quality_gold, format=PARQUET) committed.
[2026-04-13T17:34:40.458+0000] {subprocess.py:106} INFO - Dữ liệu đã được append vào iceberg.air_quality_ml.air_quality_gold.
[2026-04-13T17:34:40.460+0000] {subprocess.py:106} INFO - ETL from Silver to Gold completed!
[2026-04-13T17:34:40.468+0000] {subprocess.py:106} INFO - 26/04/13 17:34:40 INFO SparkContext: SparkContext is stopping with exitCode 0 from stop at NativeMethodAccessorImpl.java:0.
[2026-04-13T17:34:40.508+0000] {subprocess.py:106} INFO - 26/04/13 17:34:40 INFO SparkUI: Stopped Spark web UI at http://spark-master:4040
[2026-04-13T17:34:40.550+0000] {subprocess.py:106} INFO - 26/04/13 17:34:40 INFO MapOutputTrackerMasterEndpoint: MapOutputTrackerMasterEndpoint stopped!
[2026-04-13T17:34:40.620+0000] {subprocess.py:106} INFO - 26/04/13 17:34:40 INFO MemoryStore: MemoryStore cleared
[2026-04-13T17:34:40.621+0000] {subprocess.py:106} INFO - 26/04/13 17:34:40 INFO BlockManager: BlockManager stopped
[2026-04-13T17:34:40.635+0000] {subprocess.py:106} INFO - 26/04/13 17:34:40 INFO BlockManagerMaster: BlockManagerMaster stopped
[2026-04-13T17:34:40.643+0000] {subprocess.py:106} INFO - 26/04/13 17:34:40 INFO OutputCommitCoordinator$OutputCommitCoordinatorEndpoint: OutputCommitCoordinator stopped!
[2026-04-13T17:34:40.674+0000] {subprocess.py:106} INFO - 26/04/13 17:34:40 INFO SparkContext: Successfully stopped SparkContext
[2026-04-13T17:34:41.907+0000] {subprocess.py:106} INFO - 26/04/13 17:34:41 INFO ShutdownHookManager: Shutdown hook called
[2026-04-13T17:34:41.909+0000] {subprocess.py:106} INFO - 26/04/13 17:34:41 INFO ShutdownHookManager: Deleting directory /tmp/spark-ec4b50bd-f9f6-44cb-86b0-e1d55585a330/pyspark-85bffa8a-d061-49ca-8912-7f5da0be87a9
[2026-04-13T17:34:41.991+0000] {subprocess.py:106} INFO - 26/04/13 17:34:41 INFO ShutdownHookManager: Deleting directory /tmp/spark-ec4b50bd-f9f6-44cb-86b0-e1d55585a330
[2026-04-13T17:34:42.092+0000] {subprocess.py:106} INFO - 26/04/13 17:34:42 INFO ShutdownHookManager: Deleting directory /tmp/artifacts-118c68db-85e3-4560-bed5-99cffc7e3052
[2026-04-13T17:34:42.142+0000] {subprocess.py:106} INFO - 26/04/13 17:34:42 INFO ShutdownHookManager: Deleting directory /tmp/spark-4f823c92-15bf-4f21-93bc-f63d47e7e3d8
[2026-04-13T17:34:42.482+0000] {subprocess.py:110} INFO - Command exited with return code 0
[2026-04-13T17:34:42.871+0000] {taskinstance.py:340} INFO - ::group::Post task execution logs
[2026-04-13T17:34:42.877+0000] {taskinstance.py:352} INFO - Marking task as SUCCESS. dag_id=predict_aqi, task_id=silver_to_gold, run_id=manual__2026-04-13T17:33:51.797141+00:00, execution_date=20260413T173351, start_date=20260413T173404, end_date=20260413T173442
[2026-04-13T17:34:42.952+0000] {local_task_job_runner.py:266} INFO - Task exited with return code 0
[2026-04-13T17:34:43.041+0000] {taskinstance.py:3895} INFO - 1 downstream tasks scheduled from follow-on schedule check
[2026-04-13T17:34:43.045+0000] {local_task_job_runner.py:245} INFO - ::endgroup::
