[2026-04-13T16:41:33.234+0000] {local_task_job_runner.py:123} INFO - ::group::Pre task execution logs
[2026-04-13T16:41:33.290+0000] {taskinstance.py:2613} INFO - Dependencies all met for dep_context=non-requeueable deps ti=<TaskInstance: predict_aqi.wait_for_silver_data scheduled__2026-04-13T15:00:00+00:00 [queued]>
[2026-04-13T16:41:33.310+0000] {taskinstance.py:2613} INFO - Dependencies all met for dep_context=requeueable deps ti=<TaskInstance: predict_aqi.wait_for_silver_data scheduled__2026-04-13T15:00:00+00:00 [queued]>
[2026-04-13T16:41:33.312+0000] {taskinstance.py:2866} INFO - Starting attempt 1 of 3
[2026-04-13T16:41:33.347+0000] {taskinstance.py:2889} INFO - Executing <Task(BashSensor): wait_for_silver_data> on 2026-04-13 15:00:00+00:00
[2026-04-13T16:41:33.370+0000] {logging_mixin.py:190} WARNING - /home/airflow/airflow/venv/lib/python3.12/site-packages/airflow/task/task_runner/standard_task_runner.py:70 DeprecationWarning: This process (pid=196) is multi-threaded, use of fork() may lead to deadlocks in the child.
[2026-04-13T16:41:33.372+0000] {standard_task_runner.py:72} INFO - Started process 230 to run task
[2026-04-13T16:41:33.366+0000] {standard_task_runner.py:104} INFO - Running: ['airflow', 'tasks', 'run', 'predict_aqi', 'wait_for_silver_data', 'scheduled__2026-04-13T15:00:00+00:00', '--job-id', '179', '--raw', '--subdir', 'DAGS_FOLDER/dag_ml.py', '--cfg-path', '/tmp/tmp89qig8vj']
[2026-04-13T16:41:33.373+0000] {standard_task_runner.py:105} INFO - Job 179: Subtask wait_for_silver_data
[2026-04-13T16:41:33.560+0000] {task_command.py:467} INFO - Running <TaskInstance: predict_aqi.wait_for_silver_data scheduled__2026-04-13T15:00:00+00:00 [running]> on host airflow
[2026-04-13T16:41:33.802+0000] {taskinstance.py:3132} INFO - Exporting env vars: AIRFLOW_CTX_DAG_OWNER='airflow' AIRFLOW_CTX_DAG_ID='predict_aqi' AIRFLOW_CTX_TASK_ID='wait_for_silver_data' AIRFLOW_CTX_EXECUTION_DATE='2026-04-13T15:00:00+00:00' AIRFLOW_CTX_TRY_NUMBER='1' AIRFLOW_CTX_DAG_RUN_ID='scheduled__2026-04-13T15:00:00+00:00'
[2026-04-13T16:41:33.808+0000] {taskinstance.py:731} INFO - ::endgroup::
[2026-04-13T16:41:33.823+0000] {bash.py:72} INFO - Tmp dir root location: /tmp
[2026-04-13T16:41:33.826+0000] {bash.py:80} INFO - Temporary script location: /tmp/airflowtmpd5ye7rf9//tmp/airflowtmpd5ye7rf9/wait_for_silver_data8bvyoeyo
[2026-04-13T16:41:33.828+0000] {bash.py:81} INFO - Running command: 
        count=$(docker exec trino trino --execute "
            SELECT COUNT(*) FROM iceberg.air_quality_db.air_quality_silver;
        " | tail -n 1 | tr -d '"[:space:]')

        echo "Record count: $count"

        if [ "$count" -gt 0 ]; then
            exit 0
        else
            exit 1
        fi
        
[2026-04-13T16:41:33.844+0000] {bash.py:93} INFO - Output:
[2026-04-13T16:41:34.266+0000] {bash.py:95} INFO - Error response from daemon: container b8c71a9d5d3fb7b2409c7d3bb671add12f903de791377168facff31dc9f989f6 is not running
[2026-04-13T16:41:34.278+0000] {bash.py:95} INFO - Record count:
[2026-04-13T16:41:34.280+0000] {bash.py:95} INFO - /tmp/airflowtmpd5ye7rf9/wait_for_silver_data8bvyoeyo: line 8: [: : integer expression expected
[2026-04-13T16:41:34.281+0000] {bash.py:97} INFO - Command exited with return code 1
[2026-04-13T16:41:34.281+0000] {bash.py:113} INFO - Non-zero return code and no retry code set, will retry later
[2026-04-13T16:42:04.279+0000] {bash.py:72} INFO - Tmp dir root location: /tmp
[2026-04-13T16:42:04.280+0000] {bash.py:80} INFO - Temporary script location: /tmp/airflowtmpwbhgv8b9//tmp/airflowtmpwbhgv8b9/wait_for_silver_datad89ew_sh
[2026-04-13T16:42:04.281+0000] {bash.py:81} INFO - Running command: 
        count=$(docker exec trino trino --execute "
            SELECT COUNT(*) FROM iceberg.air_quality_db.air_quality_silver;
        " | tail -n 1 | tr -d '"[:space:]')

        echo "Record count: $count"

        if [ "$count" -gt 0 ]; then
            exit 0
        else
            exit 1
        fi
        
[2026-04-13T16:42:04.287+0000] {bash.py:93} INFO - Output:
[2026-04-13T16:42:04.325+0000] {bash.py:95} INFO - Error response from daemon: container b8c71a9d5d3fb7b2409c7d3bb671add12f903de791377168facff31dc9f989f6 is not running
[2026-04-13T16:42:04.327+0000] {bash.py:95} INFO - Record count:
[2026-04-13T16:42:04.328+0000] {bash.py:95} INFO - /tmp/airflowtmpwbhgv8b9/wait_for_silver_datad89ew_sh: line 8: [: : integer expression expected
[2026-04-13T16:42:04.328+0000] {bash.py:97} INFO - Command exited with return code 1
[2026-04-13T16:42:04.329+0000] {bash.py:113} INFO - Non-zero return code and no retry code set, will retry later
[2026-04-13T16:42:34.325+0000] {bash.py:72} INFO - Tmp dir root location: /tmp
[2026-04-13T16:42:34.347+0000] {bash.py:80} INFO - Temporary script location: /tmp/airflowtmp9hd6fn3q//tmp/airflowtmp9hd6fn3q/wait_for_silver_data5que_6bp
[2026-04-13T16:42:34.348+0000] {bash.py:81} INFO - Running command: 
        count=$(docker exec trino trino --execute "
            SELECT COUNT(*) FROM iceberg.air_quality_db.air_quality_silver;
        " | tail -n 1 | tr -d '"[:space:]')

        echo "Record count: $count"

        if [ "$count" -gt 0 ]; then
            exit 0
        else
            exit 1
        fi
        
[2026-04-13T16:42:34.373+0000] {bash.py:93} INFO - Output:
[2026-04-13T16:42:34.526+0000] {bash.py:95} INFO - Error response from daemon: container b8c71a9d5d3fb7b2409c7d3bb671add12f903de791377168facff31dc9f989f6 is not running
[2026-04-13T16:42:34.528+0000] {bash.py:95} INFO - Record count:
[2026-04-13T16:42:34.529+0000] {bash.py:95} INFO - /tmp/airflowtmp9hd6fn3q/wait_for_silver_data5que_6bp: line 8: [: : integer expression expected
[2026-04-13T16:42:34.530+0000] {bash.py:97} INFO - Command exited with return code 1
[2026-04-13T16:42:34.530+0000] {bash.py:113} INFO - Non-zero return code and no retry code set, will retry later
[2026-04-13T16:43:04.528+0000] {bash.py:72} INFO - Tmp dir root location: /tmp
[2026-04-13T16:43:04.536+0000] {bash.py:80} INFO - Temporary script location: /tmp/airflowtmp03ptgil5//tmp/airflowtmp03ptgil5/wait_for_silver_datazcuc4p0d
[2026-04-13T16:43:04.539+0000] {bash.py:81} INFO - Running command: 
        count=$(docker exec trino trino --execute "
            SELECT COUNT(*) FROM iceberg.air_quality_db.air_quality_silver;
        " | tail -n 1 | tr -d '"[:space:]')

        echo "Record count: $count"

        if [ "$count" -gt 0 ]; then
            exit 0
        else
            exit 1
        fi
        
[2026-04-13T16:43:04.549+0000] {bash.py:93} INFO - Output:
[2026-04-13T16:43:04.621+0000] {bash.py:95} INFO - Error response from daemon: container b8c71a9d5d3fb7b2409c7d3bb671add12f903de791377168facff31dc9f989f6 is not running
[2026-04-13T16:43:04.624+0000] {bash.py:95} INFO - Record count:
[2026-04-13T16:43:04.626+0000] {bash.py:95} INFO - /tmp/airflowtmp03ptgil5/wait_for_silver_datazcuc4p0d: line 8: [: : integer expression expected
[2026-04-13T16:43:04.627+0000] {bash.py:97} INFO - Command exited with return code 1
[2026-04-13T16:43:04.628+0000] {bash.py:113} INFO - Non-zero return code and no retry code set, will retry later
[2026-04-13T16:43:34.627+0000] {bash.py:72} INFO - Tmp dir root location: /tmp
[2026-04-13T16:43:34.630+0000] {bash.py:80} INFO - Temporary script location: /tmp/airflowtmp6poavklg//tmp/airflowtmp6poavklg/wait_for_silver_dataing44iiu
[2026-04-13T16:43:34.635+0000] {bash.py:81} INFO - Running command: 
        count=$(docker exec trino trino --execute "
            SELECT COUNT(*) FROM iceberg.air_quality_db.air_quality_silver;
        " | tail -n 1 | tr -d '"[:space:]')

        echo "Record count: $count"

        if [ "$count" -gt 0 ]; then
            exit 0
        else
            exit 1
        fi
        
[2026-04-13T16:43:34.646+0000] {bash.py:93} INFO - Output:
[2026-04-13T16:43:34.726+0000] {bash.py:95} INFO - Error response from daemon: container b8c71a9d5d3fb7b2409c7d3bb671add12f903de791377168facff31dc9f989f6 is not running
[2026-04-13T16:43:34.729+0000] {bash.py:95} INFO - Record count:
[2026-04-13T16:43:34.731+0000] {bash.py:95} INFO - /tmp/airflowtmp6poavklg/wait_for_silver_dataing44iiu: line 8: [: : integer expression expected
[2026-04-13T16:43:34.732+0000] {bash.py:97} INFO - Command exited with return code 1
[2026-04-13T16:43:34.732+0000] {bash.py:113} INFO - Non-zero return code and no retry code set, will retry later
[2026-04-13T16:44:04.730+0000] {bash.py:72} INFO - Tmp dir root location: /tmp
[2026-04-13T16:44:04.733+0000] {bash.py:80} INFO - Temporary script location: /tmp/airflowtmp441ym3f3//tmp/airflowtmp441ym3f3/wait_for_silver_dataqslg79bi
[2026-04-13T16:44:04.734+0000] {bash.py:81} INFO - Running command: 
        count=$(docker exec trino trino --execute "
            SELECT COUNT(*) FROM iceberg.air_quality_db.air_quality_silver;
        " | tail -n 1 | tr -d '"[:space:]')

        echo "Record count: $count"

        if [ "$count" -gt 0 ]; then
            exit 0
        else
            exit 1
        fi
        
[2026-04-13T16:44:04.742+0000] {bash.py:93} INFO - Output:
[2026-04-13T16:44:04.783+0000] {bash.py:95} INFO - Error response from daemon: container b8c71a9d5d3fb7b2409c7d3bb671add12f903de791377168facff31dc9f989f6 is not running
[2026-04-13T16:44:04.785+0000] {bash.py:95} INFO - Record count:
[2026-04-13T16:44:04.787+0000] {bash.py:95} INFO - /tmp/airflowtmp441ym3f3/wait_for_silver_dataqslg79bi: line 8: [: : integer expression expected
[2026-04-13T16:44:04.788+0000] {bash.py:97} INFO - Command exited with return code 1
[2026-04-13T16:44:04.789+0000] {bash.py:113} INFO - Non-zero return code and no retry code set, will retry later
[2026-04-13T16:44:34.788+0000] {bash.py:72} INFO - Tmp dir root location: /tmp
[2026-04-13T16:44:34.795+0000] {bash.py:80} INFO - Temporary script location: /tmp/airflowtmpz9m2i2st//tmp/airflowtmpz9m2i2st/wait_for_silver_datauw549r3y
[2026-04-13T16:44:34.796+0000] {bash.py:81} INFO - Running command: 
        count=$(docker exec trino trino --execute "
            SELECT COUNT(*) FROM iceberg.air_quality_db.air_quality_silver;
        " | tail -n 1 | tr -d '"[:space:]')

        echo "Record count: $count"

        if [ "$count" -gt 0 ]; then
            exit 0
        else
            exit 1
        fi
        
[2026-04-13T16:44:34.812+0000] {bash.py:93} INFO - Output:
[2026-04-13T16:44:51.530+0000] {bash.py:95} INFO - Record count: 100
[2026-04-13T16:44:51.542+0000] {bash.py:97} INFO - Command exited with return code 0
[2026-04-13T16:44:51.549+0000] {base.py:336} INFO - Success criteria met. Exiting.
[2026-04-13T16:44:52.017+0000] {taskinstance.py:340} INFO - ::group::Post task execution logs
[2026-04-13T16:44:52.027+0000] {taskinstance.py:352} INFO - Marking task as SUCCESS. dag_id=predict_aqi, task_id=wait_for_silver_data, run_id=scheduled__2026-04-13T15:00:00+00:00, execution_date=20260413T150000, start_date=20260413T164133, end_date=20260413T164452
[2026-04-13T16:44:52.292+0000] {local_task_job_runner.py:266} INFO - Task exited with return code 0
[2026-04-13T16:44:52.923+0000] {taskinstance.py:3895} INFO - 1 downstream tasks scheduled from follow-on schedule check
[2026-04-13T16:44:52.928+0000] {local_task_job_runner.py:245} INFO - ::endgroup::
