[2026-04-10T16:23:21.378+0000] {local_task_job_runner.py:123} INFO - ::group::Pre task execution logs
[2026-04-10T16:23:21.405+0000] {taskinstance.py:2613} INFO - Dependencies all met for dep_context=non-requeueable deps ti=<TaskInstance: weather_real_time_pipeline.call_weather_api_and_send_kafka scheduled__2026-04-10T16:15:00+00:00 [queued]>
[2026-04-10T16:23:21.417+0000] {taskinstance.py:2613} INFO - Dependencies all met for dep_context=requeueable deps ti=<TaskInstance: weather_real_time_pipeline.call_weather_api_and_send_kafka scheduled__2026-04-10T16:15:00+00:00 [queued]>
[2026-04-10T16:23:21.418+0000] {taskinstance.py:2866} INFO - Starting attempt 1 of 3
[2026-04-10T16:23:21.441+0000] {taskinstance.py:2889} INFO - Executing <Task(PythonOperator): call_weather_api_and_send_kafka> on 2026-04-10 16:15:00+00:00
[2026-04-10T16:23:21.451+0000] {standard_task_runner.py:104} INFO - Running: ['airflow', 'tasks', 'run', 'weather_real_time_pipeline', 'call_weather_api_and_send_kafka', 'scheduled__2026-04-10T16:15:00+00:00', '--job-id', '99', '--raw', '--subdir', 'DAGS_FOLDER/weather_pipeline_dag.py', '--cfg-path', '/tmp/tmpiu6k0i9n']
[2026-04-10T16:23:21.453+0000] {standard_task_runner.py:105} INFO - Job 99: Subtask call_weather_api_and_send_kafka
[2026-04-10T16:23:21.456+0000] {logging_mixin.py:190} WARNING - /home/airflow/airflow/venv/lib/python3.12/site-packages/airflow/task/task_runner/standard_task_runner.py:70 DeprecationWarning: This process (pid=186) is multi-threaded, use of fork() may lead to deadlocks in the child.
[2026-04-10T16:23:21.457+0000] {standard_task_runner.py:72} INFO - Started process 344 to run task
[2026-04-10T16:23:21.575+0000] {task_command.py:467} INFO - Running <TaskInstance: weather_real_time_pipeline.call_weather_api_and_send_kafka scheduled__2026-04-10T16:15:00+00:00 [running]> on host airflow
[2026-04-10T16:23:21.731+0000] {taskinstance.py:3132} INFO - Exporting env vars: AIRFLOW_CTX_DAG_OWNER='van' AIRFLOW_CTX_DAG_ID='weather_real_time_pipeline' AIRFLOW_CTX_TASK_ID='call_weather_api_and_send_kafka' AIRFLOW_CTX_EXECUTION_DATE='2026-04-10T16:15:00+00:00' AIRFLOW_CTX_TRY_NUMBER='1' AIRFLOW_CTX_DAG_RUN_ID='scheduled__2026-04-10T16:15:00+00:00'
[2026-04-10T16:23:21.732+0000] {taskinstance.py:731} INFO - ::endgroup::
[2026-04-10T16:23:25.588+0000] {conn.py:951} ERROR - <BrokerConnection client_id=kafka-python-producer-3, node_id=bootstrap-0 host=kafka:9092 <connected> [IPv4 ('172.20.0.4', 9092)]>: Closing connection. KafkaConnectionError: Socket EVENT_READ without in-flight-requests
[2026-04-10T16:24:27.354+0000] {logging_mixin.py:190} INFO - ❌ Error: KafkaTimeoutError: Failed to update metadata after 60.0 secs.
[2026-04-10T16:24:27.354+0000] {python.py:240} INFO - Done. Returned value was: False
[2026-04-10T16:24:27.384+0000] {taskinstance.py:340} INFO - ::group::Post task execution logs
[2026-04-10T16:24:27.385+0000] {taskinstance.py:352} INFO - Marking task as SUCCESS. dag_id=weather_real_time_pipeline, task_id=call_weather_api_and_send_kafka, run_id=scheduled__2026-04-10T16:15:00+00:00, execution_date=20260410T161500, start_date=20260410T162321, end_date=20260410T162427
[2026-04-10T16:24:27.401+0000] {local_task_job_runner.py:266} INFO - Task exited with return code 0
[2026-04-10T16:24:27.419+0000] {taskinstance.py:3895} INFO - 0 downstream tasks scheduled from follow-on schedule check
[2026-04-10T16:24:27.422+0000] {local_task_job_runner.py:245} INFO - ::endgroup::
