[2026-04-11T15:51:52.208+0000] {local_task_job_runner.py:123} INFO - ::group::Pre task execution logs
[2026-04-11T15:51:52.234+0000] {taskinstance.py:2613} INFO - Dependencies all met for dep_context=non-requeueable deps ti=<TaskInstance: weather_real_time_pipeline.manage_spark_streaming manual__2026-04-11T15:51:51.570393+00:00 [queued]>
[2026-04-11T15:51:52.244+0000] {taskinstance.py:2613} INFO - Dependencies all met for dep_context=requeueable deps ti=<TaskInstance: weather_real_time_pipeline.manage_spark_streaming manual__2026-04-11T15:51:51.570393+00:00 [queued]>
[2026-04-11T15:51:52.245+0000] {taskinstance.py:2866} INFO - Starting attempt 1 of 2
[2026-04-11T15:51:52.261+0000] {taskinstance.py:2889} INFO - Executing <Task(PythonOperator): manage_spark_streaming> on 2026-04-11 15:51:51.570393+00:00
[2026-04-11T15:51:52.271+0000] {standard_task_runner.py:104} INFO - Running: ['airflow', 'tasks', 'run', 'weather_real_time_pipeline', 'manage_spark_streaming', 'manual__2026-04-11T15:51:51.570393+00:00', '--job-id', '185', '--raw', '--subdir', 'DAGS_FOLDER/weather_pipeline_dag.py', '--cfg-path', '/tmp/tmpp12xhj02']
[2026-04-11T15:51:52.274+0000] {standard_task_runner.py:105} INFO - Job 185: Subtask manage_spark_streaming
[2026-04-11T15:51:52.274+0000] {logging_mixin.py:190} WARNING - /home/airflow/airflow/venv/lib/python3.12/site-packages/airflow/task/task_runner/standard_task_runner.py:70 DeprecationWarning: This process (pid=76628) is multi-threaded, use of fork() may lead to deadlocks in the child.
[2026-04-11T15:51:52.274+0000] {standard_task_runner.py:72} INFO - Started process 76638 to run task
[2026-04-11T15:51:52.358+0000] {task_command.py:467} INFO - Running <TaskInstance: weather_real_time_pipeline.manage_spark_streaming manual__2026-04-11T15:51:51.570393+00:00 [running]> on host airflow
[2026-04-11T15:51:52.477+0000] {taskinstance.py:3132} INFO - Exporting env vars: AIRFLOW_CTX_DAG_OWNER='airflow' AIRFLOW_CTX_DAG_ID='weather_real_time_pipeline' AIRFLOW_CTX_TASK_ID='manage_spark_streaming' AIRFLOW_CTX_EXECUTION_DATE='2026-04-11T15:51:51.570393+00:00' AIRFLOW_CTX_TRY_NUMBER='1' AIRFLOW_CTX_DAG_RUN_ID='manual__2026-04-11T15:51:51.570393+00:00'
[2026-04-11T15:51:52.478+0000] {taskinstance.py:731} INFO - ::endgroup::
[2026-04-11T15:51:52.613+0000] {logging_mixin.py:190} INFO - Không tìm thấy job. Đang khởi động Spark trong chế độ detached...
[2026-04-11T15:51:52.738+0000] {logging_mixin.py:190} INFO - Đã gửi lệnh khởi chạy Spark.
[2026-04-11T15:51:52.738+0000] {python.py:240} INFO - Done. Returned value was: None
[2026-04-11T15:51:52.755+0000] {taskinstance.py:340} INFO - ::group::Post task execution logs
[2026-04-11T15:51:52.756+0000] {taskinstance.py:352} INFO - Marking task as SUCCESS. dag_id=weather_real_time_pipeline, task_id=manage_spark_streaming, run_id=manual__2026-04-11T15:51:51.570393+00:00, execution_date=20260411T155151, start_date=20260411T155152, end_date=20260411T155152
[2026-04-11T15:51:52.772+0000] {local_task_job_runner.py:266} INFO - Task exited with return code 0
[2026-04-11T15:51:52.798+0000] {taskinstance.py:3895} INFO - 0 downstream tasks scheduled from follow-on schedule check
[2026-04-11T15:51:52.801+0000] {local_task_job_runner.py:245} INFO - ::endgroup::
