[2026-04-12T07:28:01.384+0000] {local_task_job_runner.py:123} INFO - ::group::Pre task execution logs
[2026-04-12T07:28:01.411+0000] {taskinstance.py:2613} INFO - Dependencies all met for dep_context=non-requeueable deps ti=<TaskInstance: weather_real_time_pipeline_v2.call_weather_api_and_send_kafka scheduled__2026-04-12T07:26:00+00:00 [queued]>
[2026-04-12T07:28:01.422+0000] {taskinstance.py:2613} INFO - Dependencies all met for dep_context=requeueable deps ti=<TaskInstance: weather_real_time_pipeline_v2.call_weather_api_and_send_kafka scheduled__2026-04-12T07:26:00+00:00 [queued]>
[2026-04-12T07:28:01.422+0000] {taskinstance.py:2866} INFO - Starting attempt 1 of 4
[2026-04-12T07:28:01.438+0000] {taskinstance.py:2889} INFO - Executing <Task(PythonOperator): call_weather_api_and_send_kafka> on 2026-04-12 07:26:00+00:00
[2026-04-12T07:28:01.448+0000] {standard_task_runner.py:104} INFO - Running: ['airflow', 'tasks', 'run', 'weather_real_time_pipeline_v2', 'call_weather_api_and_send_kafka', 'scheduled__2026-04-12T07:26:00+00:00', '--job-id', '340', '--raw', '--subdir', 'DAGS_FOLDER/weather_pipeline_dag.py', '--cfg-path', '/tmp/tmp7tajzxdc']
[2026-04-12T07:28:01.450+0000] {logging_mixin.py:190} WARNING - /home/airflow/airflow/venv/lib/python3.12/site-packages/airflow/task/task_runner/standard_task_runner.py:70 DeprecationWarning: This process (pid=206581) is multi-threaded, use of fork() may lead to deadlocks in the child.
[2026-04-12T07:28:01.450+0000] {standard_task_runner.py:105} INFO - Job 340: Subtask call_weather_api_and_send_kafka
[2026-04-12T07:28:01.451+0000] {standard_task_runner.py:72} INFO - Started process 206597 to run task
[2026-04-12T07:28:01.546+0000] {task_command.py:467} INFO - Running <TaskInstance: weather_real_time_pipeline_v2.call_weather_api_and_send_kafka scheduled__2026-04-12T07:26:00+00:00 [running]> on host airflow
[2026-04-12T07:28:01.735+0000] {taskinstance.py:3132} INFO - Exporting env vars: AIRFLOW_CTX_DAG_OWNER='airflow' AIRFLOW_CTX_DAG_ID='weather_real_time_pipeline_v2' AIRFLOW_CTX_TASK_ID='call_weather_api_and_send_kafka' AIRFLOW_CTX_EXECUTION_DATE='2026-04-12T07:26:00+00:00' AIRFLOW_CTX_TRY_NUMBER='1' AIRFLOW_CTX_DAG_RUN_ID='scheduled__2026-04-12T07:26:00+00:00'
[2026-04-12T07:28:01.736+0000] {taskinstance.py:731} INFO - ::endgroup::
[2026-04-12T07:28:01.756+0000] {logging_mixin.py:190} INFO - [2026-04-12 07:28:01.756631] Fetching data for 20 locations...
[2026-04-12T07:28:01.810+0000] {conn.py:362} INFO - <BrokerConnection node_id=bootstrap-0 host=kafka:9092 <connecting> [IPv4 ('172.20.0.4', 9092)]>: connecting to kafka:9092 [('172.20.0.4', 9092) IPv4]
[2026-04-12T07:28:01.811+0000] {conn.py:393} INFO - <BrokerConnection node_id=bootstrap-0 host=kafka:9092 <connecting> [IPv4 ('172.20.0.4', 9092)]>: Connection complete.
[2026-04-12T07:28:07.230+0000] {logging_mixin.py:190} INFO -   -> Skipping Ho Chi Minh City (timestamp 2026-04-12T14:15 already sent)
[2026-04-12T07:28:07.231+0000] {logging_mixin.py:190} INFO -   -> Skipping Da Nang (timestamp 2026-04-12T14:15 already sent)
[2026-04-12T07:28:07.232+0000] {logging_mixin.py:190} INFO -   -> Skipping Hai Phong (timestamp 2026-04-12T14:15 already sent)
[2026-04-12T07:28:07.232+0000] {logging_mixin.py:190} INFO -   -> Skipping Can Tho (timestamp 2026-04-12T14:15 already sent)
[2026-04-12T07:28:07.233+0000] {logging_mixin.py:190} INFO -   -> Skipping Bien Hoa (timestamp 2026-04-12T14:15 already sent)
[2026-04-12T07:28:07.234+0000] {logging_mixin.py:190} INFO -   -> Skipping Nha Trang (timestamp 2026-04-12T14:15 already sent)
[2026-04-12T07:28:07.234+0000] {logging_mixin.py:190} INFO -   -> Skipping Hue (timestamp 2026-04-12T14:15 already sent)
[2026-04-12T07:28:07.234+0000] {logging_mixin.py:190} INFO -   -> Skipping Vung Tau (timestamp 2026-04-12T14:15 already sent)
[2026-04-12T07:28:07.235+0000] {logging_mixin.py:190} INFO -   -> Skipping Da Lat (timestamp 2026-04-12T14:15 already sent)
[2026-04-12T07:28:07.235+0000] {logging_mixin.py:190} INFO -   -> Skipping Quy Nhon (timestamp 2026-04-12T14:15 already sent)
[2026-04-12T07:28:07.236+0000] {logging_mixin.py:190} INFO -   -> Skipping Nam Dinh (timestamp 2026-04-12T14:15 already sent)
[2026-04-12T07:28:07.236+0000] {logging_mixin.py:190} INFO -   -> Skipping Rach Gia (timestamp 2026-04-12T14:15 already sent)
[2026-04-12T07:28:07.237+0000] {logging_mixin.py:190} INFO -   -> Skipping Phan Thiet (timestamp 2026-04-12T14:15 already sent)
[2026-04-12T07:28:07.237+0000] {logging_mixin.py:190} INFO -   -> Skipping Long Xuyen (timestamp 2026-04-12T14:15 already sent)
[2026-04-12T07:28:07.237+0000] {logging_mixin.py:190} INFO -   -> Skipping Ca Mau (timestamp 2026-04-12T14:15 already sent)
[2026-04-12T07:28:07.238+0000] {logging_mixin.py:190} INFO -   -> Skipping Buon Ma Thuot (timestamp 2026-04-12T14:15 already sent)
[2026-04-12T07:28:07.238+0000] {logging_mixin.py:190} INFO -   -> Skipping Thai Nguyen (timestamp 2026-04-12T14:15 already sent)
[2026-04-12T07:28:07.238+0000] {logging_mixin.py:190} INFO -   -> Skipping Vinh (timestamp 2026-04-12T14:15 already sent)
[2026-04-12T07:28:07.239+0000] {logging_mixin.py:190} INFO -   -> Skipping Pleiku (timestamp 2026-04-12T14:15 already sent)
[2026-04-12T07:28:07.239+0000] {logging_mixin.py:190} INFO -   -> Skipping Phu Quoc (timestamp 2026-04-12T14:15 already sent)
[2026-04-12T07:28:07.239+0000] {logging_mixin.py:190} INFO - [2026-04-12 07:28:07.239574] No new data to send. All timestamps are up-to-date.
[2026-04-12T07:28:07.239+0000] {kafka.py:486} INFO - Closing the Kafka producer with 9223372036.0 secs timeout.
[2026-04-12T07:28:07.240+0000] {conn.py:673} INFO - <BrokerConnection node_id=bootstrap-0 host=kafka:9092 <connected> [IPv4 ('172.20.0.4', 9092)]>: Closing connection. 
[2026-04-12T07:28:07.241+0000] {python.py:240} INFO - Done. Returned value was: True
[2026-04-12T07:28:07.284+0000] {taskinstance.py:340} INFO - ::group::Post task execution logs
[2026-04-12T07:28:07.285+0000] {taskinstance.py:352} INFO - Marking task as SUCCESS. dag_id=weather_real_time_pipeline_v2, task_id=call_weather_api_and_send_kafka, run_id=scheduled__2026-04-12T07:26:00+00:00, execution_date=20260412T072600, start_date=20260412T072801, end_date=20260412T072807
[2026-04-12T07:28:07.304+0000] {local_task_job_runner.py:266} INFO - Task exited with return code 0
[2026-04-12T07:28:07.324+0000] {taskinstance.py:3895} INFO - 0 downstream tasks scheduled from follow-on schedule check
[2026-04-12T07:28:07.327+0000] {local_task_job_runner.py:245} INFO - ::endgroup::
