[2026-04-13T17:41:38.571+0000] {local_task_job_runner.py:123} INFO - ::group::Pre task execution logs
[2026-04-13T17:41:38.696+0000] {taskinstance.py:2613} INFO - Dependencies all met for dep_context=non-requeueable deps ti=<TaskInstance: predict_aqi.train_model manual__2026-04-13T13:05:03.915853+00:00 [queued]>
[2026-04-13T17:41:38.734+0000] {taskinstance.py:2613} INFO - Dependencies all met for dep_context=requeueable deps ti=<TaskInstance: predict_aqi.train_model manual__2026-04-13T13:05:03.915853+00:00 [queued]>
[2026-04-13T17:41:38.736+0000] {taskinstance.py:2866} INFO - Starting attempt 3 of 3
[2026-04-13T17:41:38.786+0000] {taskinstance.py:2889} INFO - Executing <Task(BashOperator): train_model> on 2026-04-13 13:05:03.915853+00:00
[2026-04-13T17:41:38.812+0000] {standard_task_runner.py:104} INFO - Running: ['airflow', 'tasks', 'run', 'predict_aqi', 'train_model', 'manual__2026-04-13T13:05:03.915853+00:00', '--job-id', '204', '--raw', '--subdir', 'DAGS_FOLDER/dag_ml.py', '--cfg-path', '/tmp/tmp4_e6zj_e']
[2026-04-13T17:41:38.818+0000] {standard_task_runner.py:105} INFO - Job 204: Subtask train_model
[2026-04-13T17:41:38.868+0000] {logging_mixin.py:190} WARNING - /home/airflow/airflow/venv/lib/python3.12/site-packages/airflow/task/task_runner/standard_task_runner.py:70 DeprecationWarning: This process (pid=86022) is multi-threaded, use of fork() may lead to deadlocks in the child.
[2026-04-13T17:41:38.869+0000] {standard_task_runner.py:72} INFO - Started process 86096 to run task
[2026-04-13T17:41:39.644+0000] {task_command.py:467} INFO - Running <TaskInstance: predict_aqi.train_model manual__2026-04-13T13:05:03.915853+00:00 [running]> on host airflow
[2026-04-13T17:41:40.584+0000] {taskinstance.py:3132} INFO - Exporting env vars: AIRFLOW_CTX_DAG_OWNER='airflow' AIRFLOW_CTX_DAG_ID='predict_aqi' AIRFLOW_CTX_TASK_ID='train_model' AIRFLOW_CTX_EXECUTION_DATE='2026-04-13T13:05:03.915853+00:00' AIRFLOW_CTX_TRY_NUMBER='3' AIRFLOW_CTX_DAG_RUN_ID='manual__2026-04-13T13:05:03.915853+00:00'
[2026-04-13T17:41:40.591+0000] {taskinstance.py:731} INFO - ::endgroup::
[2026-04-13T17:41:40.714+0000] {subprocess.py:78} INFO - Tmp dir root location: /tmp
[2026-04-13T17:41:40.728+0000] {subprocess.py:88} INFO - Running command: ['/usr/bin/bash', '-c', '\n            docker exec spark-master spark-submit                 --conf spark.pyspark.python=python3                 --packages org.apache.iceberg:iceberg-spark-runtime-4.0_2.13:1.10.1                 /home/spark/spark/spark_jobs/train_model.py 2026-04-13\n        ']
[2026-04-13T17:41:40.806+0000] {subprocess.py:99} INFO - Output:
[2026-04-13T17:42:00.526+0000] {job.py:229} INFO - Heartbeat recovered after 22.36 seconds
[2026-04-13T17:43:25.809+0000] {job.py:229} INFO - Heartbeat recovered after 61.85 seconds
[2026-04-13T17:43:29.784+0000] {subprocess.py:106} INFO - WARNING: Using incubator modules: jdk.incubator.vector
[2026-04-13T17:43:39.161+0000] {subprocess.py:106} INFO - :: loading settings :: url = jar:file:/home/spark/spark/jars/ivy-2.5.3.jar!/org/apache/ivy/core/settings/ivysettings.xml
[2026-04-13T17:43:39.749+0000] {subprocess.py:106} INFO - Ivy Default Cache set to: /home/spark/.ivy2.5.2/cache
[2026-04-13T17:43:39.763+0000] {subprocess.py:106} INFO - The jars for the packages stored in: /home/spark/.ivy2.5.2/jars
[2026-04-13T17:43:39.777+0000] {subprocess.py:106} INFO - org.apache.iceberg#iceberg-spark-runtime-4.0_2.13 added as a dependency
[2026-04-13T17:43:39.782+0000] {subprocess.py:106} INFO - :: resolving dependencies :: org.apache.spark#spark-submit-parent-554dc29d-aa12-41cc-8363-eec2318cb2f5;1.0
[2026-04-13T17:43:39.790+0000] {subprocess.py:106} INFO - 	confs: [default]
[2026-04-13T17:43:40.183+0000] {subprocess.py:106} INFO - 	found org.apache.iceberg#iceberg-spark-runtime-4.0_2.13;1.10.1 in central
[2026-04-13T17:43:40.283+0000] {subprocess.py:106} INFO - :: resolution report :: resolve 464ms :: artifacts dl 28ms
[2026-04-13T17:43:40.294+0000] {subprocess.py:106} INFO - 	:: modules in use:
[2026-04-13T17:43:40.296+0000] {subprocess.py:106} INFO - 	org.apache.iceberg#iceberg-spark-runtime-4.0_2.13;1.10.1 from central in [default]
[2026-04-13T17:43:40.297+0000] {subprocess.py:106} INFO - 	---------------------------------------------------------------------
[2026-04-13T17:43:40.306+0000] {subprocess.py:106} INFO - 	|                  |            modules            ||   artifacts   |
[2026-04-13T17:43:40.330+0000] {subprocess.py:106} INFO - 	|       conf       | number| search|dwnlded|evicted|| number|dwnlded|
[2026-04-13T17:43:40.331+0000] {subprocess.py:106} INFO - 	---------------------------------------------------------------------
[2026-04-13T17:43:40.333+0000] {subprocess.py:106} INFO - 	|      default     |   1   |   0   |   0   |   0   ||   1   |   0   |
[2026-04-13T17:43:40.334+0000] {subprocess.py:106} INFO - 	---------------------------------------------------------------------
[2026-04-13T17:43:40.335+0000] {subprocess.py:106} INFO - :: retrieving :: org.apache.spark#spark-submit-parent-554dc29d-aa12-41cc-8363-eec2318cb2f5
[2026-04-13T17:43:40.339+0000] {subprocess.py:106} INFO - 	confs: [default]
[2026-04-13T17:43:40.394+0000] {subprocess.py:106} INFO - 	0 artifacts copied, 1 already retrieved (0kB/83ms)
[2026-04-13T17:43:41.651+0000] {subprocess.py:106} INFO - 26/04/13 17:43:41 WARN NativeCodeLoader: Unable to load native-hadoop library for your platform... using builtin-java classes where applicable
[2026-04-13T17:44:03.915+0000] {subprocess.py:106} INFO - Using Spark's default log4j profile: org/apache/spark/log4j2-defaults.properties
[2026-04-13T17:44:04.162+0000] {subprocess.py:106} INFO - 26/04/13 17:44:04 INFO SparkContext: Running Spark version 4.0.2
[2026-04-13T17:44:04.205+0000] {subprocess.py:106} INFO - 26/04/13 17:44:04 INFO SparkContext: OS info Linux, 6.6.87.2-microsoft-standard-WSL2, amd64
[2026-04-13T17:44:04.222+0000] {subprocess.py:106} INFO - 26/04/13 17:44:04 INFO SparkContext: Java version 21.0.10
[2026-04-13T17:44:05.553+0000] {subprocess.py:106} INFO - 26/04/13 17:44:05 INFO ResourceUtils: ==============================================================
[2026-04-13T17:44:05.582+0000] {subprocess.py:106} INFO - 26/04/13 17:44:05 INFO ResourceUtils: No custom resources configured for spark.driver.
[2026-04-13T17:44:05.587+0000] {subprocess.py:106} INFO - 26/04/13 17:44:05 INFO ResourceUtils: ==============================================================
[2026-04-13T17:44:05.590+0000] {subprocess.py:106} INFO - 26/04/13 17:44:05 INFO SparkContext: Submitted application: TrainModel
[2026-04-13T17:44:06.160+0000] {subprocess.py:106} INFO - 26/04/13 17:44:06 INFO ResourceProfile: Default ResourceProfile created, executor resources: Map(cores -> name: cores, amount: 2, script: , vendor: , memory -> name: memory, amount: 2048, script: , vendor: , offHeap -> name: offHeap, amount: 0, script: , vendor: ), task resources: Map(cpus -> name: cpus, amount: 1.0)
[2026-04-13T17:44:06.190+0000] {subprocess.py:106} INFO - 26/04/13 17:44:06 INFO ResourceProfile: Limiting resource is cpus at 2 tasks per executor
[2026-04-13T17:44:06.218+0000] {subprocess.py:106} INFO - 26/04/13 17:44:06 INFO ResourceProfileManager: Added ResourceProfile id: 0
[2026-04-13T17:44:07.133+0000] {subprocess.py:106} INFO - 26/04/13 17:44:07 INFO SecurityManager: Changing view acls to: spark
[2026-04-13T17:44:07.163+0000] {subprocess.py:106} INFO - 26/04/13 17:44:07 INFO SecurityManager: Changing modify acls to: spark
[2026-04-13T17:44:07.165+0000] {subprocess.py:106} INFO - 26/04/13 17:44:07 INFO SecurityManager: Changing view acls groups to: spark
[2026-04-13T17:44:07.176+0000] {subprocess.py:106} INFO - 26/04/13 17:44:07 INFO SecurityManager: Changing modify acls groups to: spark
[2026-04-13T17:44:07.179+0000] {subprocess.py:106} INFO - 26/04/13 17:44:07 INFO SecurityManager: SecurityManager: authentication disabled; ui acls disabled; users with view permissions: spark groups with view permissions: EMPTY; users with modify permissions: spark; groups with modify permissions: EMPTY; RPC SSL disabled
[2026-04-13T17:44:14.054+0000] {subprocess.py:106} INFO - 26/04/13 17:44:13 INFO Utils: Successfully started service 'sparkDriver' on port 33119.
[2026-04-13T17:44:14.587+0000] {subprocess.py:106} INFO - 26/04/13 17:44:14 INFO SparkEnv: Registering MapOutputTracker
[2026-04-13T17:44:14.747+0000] {subprocess.py:106} INFO - 26/04/13 17:44:14 INFO SparkEnv: Registering BlockManagerMaster
[2026-04-13T17:44:14.880+0000] {subprocess.py:106} INFO - 26/04/13 17:44:14 INFO BlockManagerMasterEndpoint: Using org.apache.spark.storage.DefaultTopologyMapper for getting topology information
[2026-04-13T17:44:14.897+0000] {subprocess.py:106} INFO - 26/04/13 17:44:14 INFO BlockManagerMasterEndpoint: BlockManagerMasterEndpoint up
[2026-04-13T17:44:14.917+0000] {subprocess.py:106} INFO - 26/04/13 17:44:14 INFO SparkEnv: Registering BlockManagerMasterHeartbeat
[2026-04-13T17:44:15.239+0000] {subprocess.py:106} INFO - 26/04/13 17:44:15 INFO DiskBlockManager: Created local directory at /tmp/blockmgr-ef56bcfb-e8c1-49ba-91d6-e660b260d8ac
[2026-04-13T17:44:15.411+0000] {subprocess.py:106} INFO - 26/04/13 17:44:15 INFO SparkEnv: Registering OutputCommitCoordinator
[2026-04-13T17:44:16.569+0000] {subprocess.py:106} INFO - 26/04/13 17:44:16 INFO JettyUtils: Start Jetty 0.0.0.0:4040 for SparkUI
[2026-04-13T17:44:17.147+0000] {subprocess.py:106} INFO - 26/04/13 17:44:17 WARN Utils: Service 'SparkUI' could not bind on port 4040. Attempting port 4041.
[2026-04-13T17:44:17.157+0000] {subprocess.py:106} INFO - 26/04/13 17:44:17 WARN Utils: Service 'SparkUI' could not bind on port 4041. Attempting port 4042.
[2026-04-13T17:44:17.162+0000] {subprocess.py:106} INFO - 26/04/13 17:44:17 WARN Utils: Service 'SparkUI' could not bind on port 4042. Attempting port 4043.
[2026-04-13T17:44:17.249+0000] {subprocess.py:106} INFO - 26/04/13 17:44:17 INFO Utils: Successfully started service 'SparkUI' on port 4043.
[2026-04-13T17:44:17.492+0000] {subprocess.py:106} INFO - 26/04/13 17:44:17 INFO SparkContext: Added JAR file:///home/spark/.ivy2.5.2/jars/org.apache.iceberg_iceberg-spark-runtime-4.0_2.13-1.10.1.jar at spark://spark-master:33119/jars/org.apache.iceberg_iceberg-spark-runtime-4.0_2.13-1.10.1.jar with timestamp 1776102243127
[2026-04-13T17:44:17.521+0000] {subprocess.py:106} INFO - 26/04/13 17:44:17 INFO SparkContext: Added file file:///home/spark/.ivy2.5.2/jars/org.apache.iceberg_iceberg-spark-runtime-4.0_2.13-1.10.1.jar at file:///home/spark/.ivy2.5.2/jars/org.apache.iceberg_iceberg-spark-runtime-4.0_2.13-1.10.1.jar with timestamp 1776102243127
[2026-04-13T17:44:17.536+0000] {subprocess.py:106} INFO - 26/04/13 17:44:17 INFO Utils: Copying /home/spark/.ivy2.5.2/jars/org.apache.iceberg_iceberg-spark-runtime-4.0_2.13-1.10.1.jar to /tmp/spark-5ab3e97d-b04c-4baa-bc52-14d47d741905/userFiles-40832b0f-0434-4ff1-9b1f-593b963a42c3/org.apache.iceberg_iceberg-spark-runtime-4.0_2.13-1.10.1.jar
[2026-04-13T17:44:21.027+0000] {subprocess.py:106} INFO - 26/04/13 17:44:20 INFO SecurityManager: Changing view acls to: spark
[2026-04-13T17:44:21.182+0000] {subprocess.py:106} INFO - 26/04/13 17:44:21 INFO SecurityManager: Changing modify acls to: spark
[2026-04-13T17:44:21.190+0000] {subprocess.py:106} INFO - 26/04/13 17:44:21 INFO SecurityManager: Changing view acls groups to: spark
[2026-04-13T17:44:21.205+0000] {subprocess.py:106} INFO - 26/04/13 17:44:21 INFO SecurityManager: Changing modify acls groups to: spark
[2026-04-13T17:44:21.206+0000] {subprocess.py:106} INFO - 26/04/13 17:44:21 INFO SecurityManager: SecurityManager: authentication disabled; ui acls disabled; users with view permissions: spark groups with view permissions: EMPTY; users with modify permissions: spark; groups with modify permissions: EMPTY; RPC SSL disabled
[2026-04-13T17:44:22.825+0000] {subprocess.py:106} INFO - 26/04/13 17:44:22 INFO Executor: Starting executor ID driver on host spark-master
[2026-04-13T17:44:22.829+0000] {subprocess.py:106} INFO - 26/04/13 17:44:22 INFO Executor: OS info Linux, 6.6.87.2-microsoft-standard-WSL2, amd64
[2026-04-13T17:44:22.831+0000] {subprocess.py:106} INFO - 26/04/13 17:44:22 INFO Executor: Java version 21.0.10
[2026-04-13T17:44:22.896+0000] {subprocess.py:106} INFO - 26/04/13 17:44:22 INFO Executor: Starting executor with user classpath (userClassPathFirst = false): ''
[2026-04-13T17:44:22.905+0000] {subprocess.py:106} INFO - 26/04/13 17:44:22 INFO Executor: Created or updated repl class loader org.apache.spark.util.MutableURLClassLoader@67a9e42b for default.
[2026-04-13T17:44:23.018+0000] {subprocess.py:106} INFO - 26/04/13 17:44:23 INFO Executor: Fetching file:///home/spark/.ivy2.5.2/jars/org.apache.iceberg_iceberg-spark-runtime-4.0_2.13-1.10.1.jar with timestamp 1776102243127
[2026-04-13T17:44:23.637+0000] {subprocess.py:106} INFO - 26/04/13 17:44:23 INFO Utils: /home/spark/.ivy2.5.2/jars/org.apache.iceberg_iceberg-spark-runtime-4.0_2.13-1.10.1.jar has been previously copied to /tmp/spark-5ab3e97d-b04c-4baa-bc52-14d47d741905/userFiles-40832b0f-0434-4ff1-9b1f-593b963a42c3/org.apache.iceberg_iceberg-spark-runtime-4.0_2.13-1.10.1.jar
[2026-04-13T17:44:23.700+0000] {subprocess.py:106} INFO - 26/04/13 17:44:23 INFO Executor: Fetching spark://spark-master:33119/jars/org.apache.iceberg_iceberg-spark-runtime-4.0_2.13-1.10.1.jar with timestamp 1776102243127
[2026-04-13T17:44:24.009+0000] {subprocess.py:106} INFO - 26/04/13 17:44:23 INFO TransportClientFactory: Successfully created connection to spark-master/172.20.0.5:33119 after 169 ms (0 ms spent in bootstraps)
[2026-04-13T17:44:24.050+0000] {subprocess.py:106} INFO - 26/04/13 17:44:24 INFO Utils: Fetching spark://spark-master:33119/jars/org.apache.iceberg_iceberg-spark-runtime-4.0_2.13-1.10.1.jar to /tmp/spark-5ab3e97d-b04c-4baa-bc52-14d47d741905/userFiles-40832b0f-0434-4ff1-9b1f-593b963a42c3/fetchFileTemp13598650103853927752.tmp
[2026-04-13T17:44:29.056+0000] {subprocess.py:106} INFO - 26/04/13 17:44:29 INFO Utils: /tmp/spark-5ab3e97d-b04c-4baa-bc52-14d47d741905/userFiles-40832b0f-0434-4ff1-9b1f-593b963a42c3/fetchFileTemp13598650103853927752.tmp has been previously copied to /tmp/spark-5ab3e97d-b04c-4baa-bc52-14d47d741905/userFiles-40832b0f-0434-4ff1-9b1f-593b963a42c3/org.apache.iceberg_iceberg-spark-runtime-4.0_2.13-1.10.1.jar
[2026-04-13T17:44:29.455+0000] {subprocess.py:106} INFO - 26/04/13 17:44:29 INFO Executor: Adding file:/tmp/spark-5ab3e97d-b04c-4baa-bc52-14d47d741905/userFiles-40832b0f-0434-4ff1-9b1f-593b963a42c3/org.apache.iceberg_iceberg-spark-runtime-4.0_2.13-1.10.1.jar to class loader default
[2026-04-13T17:44:29.687+0000] {subprocess.py:106} INFO - 26/04/13 17:44:29 INFO Utils: Successfully started service 'org.apache.spark.network.netty.NettyBlockTransferService' on port 40029.
[2026-04-13T17:44:29.695+0000] {subprocess.py:106} INFO - 26/04/13 17:44:29 INFO NettyBlockTransferService: Server created on spark-master:40029
[2026-04-13T17:44:29.721+0000] {subprocess.py:106} INFO - 26/04/13 17:44:29 INFO BlockManager: Using org.apache.spark.storage.RandomBlockReplicationPolicy for block replication policy
[2026-04-13T17:44:29.916+0000] {subprocess.py:106} INFO - 26/04/13 17:44:29 INFO BlockManagerMaster: Registering BlockManager BlockManagerId(driver, spark-master, 40029, None)
[2026-04-13T17:44:30.013+0000] {subprocess.py:106} INFO - 26/04/13 17:44:30 INFO BlockManagerMasterEndpoint: Registering block manager spark-master:40029 with 1048.8 MiB RAM, BlockManagerId(driver, spark-master, 40029, None)
[2026-04-13T17:44:30.033+0000] {subprocess.py:106} INFO - 26/04/13 17:44:30 INFO BlockManagerMaster: Registered BlockManager BlockManagerId(driver, spark-master, 40029, None)
[2026-04-13T17:44:30.054+0000] {subprocess.py:106} INFO - 26/04/13 17:44:30 INFO BlockManager: Initialized BlockManager: BlockManagerId(driver, spark-master, 40029, None)
[2026-04-13T17:44:46.919+0000] {subprocess.py:106} INFO - Đọc dữ liệu Gold từ iceberg.air_quality_ml.air_quality_gold
[2026-04-13T17:44:47.053+0000] {subprocess.py:106} INFO - 26/04/13 17:44:47 INFO SharedState: spark.sql.warehouse.dir is not set, but hive.metastore.warehouse.dir is set. Setting spark.sql.warehouse.dir to the value of hive.metastore.warehouse.dir.
[2026-04-13T17:44:49.099+0000] {subprocess.py:106} INFO - 26/04/13 17:44:49 INFO SharedState: Warehouse path is 'hdfs://23133083thuyvan-master:9000/user/hive/lakehouse'.
[2026-04-13T17:44:59.552+0000] {subprocess.py:106} INFO - 26/04/13 17:44:59 INFO CatalogUtil: Loading custom FileIO implementation: org.apache.iceberg.hadoop.HadoopFileIO
[2026-04-13T17:45:01.059+0000] {subprocess.py:106} INFO - 26/04/13 17:45:00 INFO HiveConf: Found configuration file file:/home/spark/spark/conf/hive-site.xml
[2026-04-13T17:45:03.672+0000] {subprocess.py:106} INFO - 26/04/13 17:45:03 INFO metastore: Trying to connect to metastore with URI thrift://23133083thuyvan-master:9083
[2026-04-13T17:45:03.861+0000] {subprocess.py:106} INFO - 26/04/13 17:45:03 INFO metastore: Opened a connection to metastore, current connections: 1
[2026-04-13T17:45:04.696+0000] {subprocess.py:106} INFO - 26/04/13 17:45:04 INFO metastore: Connected to metastore.
[2026-04-13T17:45:10.475+0000] {subprocess.py:106} INFO - 26/04/13 17:45:10 INFO BaseMetastoreTableOperations: Refreshing table metadata from new version: hdfs://23133083thuyvan-master:9000/user/hive/lakehouse/gold/ml/air_quality_gold/metadata/00017-5d622b02-94ed-422d-ad98-c11da9169046.metadata.json
[2026-04-13T17:46:19.313+0000] {job.py:239} ERROR - Job heartbeat failed with error
Traceback (most recent call last):
  File "/home/airflow/airflow/venv/lib/python3.12/site-packages/sqlalchemy/engine/base.py", line 3371, in _wrap_pool_connect
    return fn()
           ^^^^
  File "/home/airflow/airflow/venv/lib/python3.12/site-packages/sqlalchemy/pool/base.py", line 327, in connect
    return _ConnectionFairy._checkout(self)
           ^^^^^^^^^^^^^^^^^^^^^^^^^^^^^^^^
  File "/home/airflow/airflow/venv/lib/python3.12/site-packages/sqlalchemy/pool/base.py", line 894, in _checkout
    fairy = _ConnectionRecord.checkout(pool)
            ^^^^^^^^^^^^^^^^^^^^^^^^^^^^^^^^
  File "/home/airflow/airflow/venv/lib/python3.12/site-packages/sqlalchemy/pool/base.py", line 493, in checkout
    rec = pool._do_get()
          ^^^^^^^^^^^^^^
  File "/home/airflow/airflow/venv/lib/python3.12/site-packages/sqlalchemy/pool/impl.py", line 256, in _do_get
    return self._create_connection()
           ^^^^^^^^^^^^^^^^^^^^^^^^^
  File "/home/airflow/airflow/venv/lib/python3.12/site-packages/sqlalchemy/pool/base.py", line 273, in _create_connection
    return _ConnectionRecord(self)
           ^^^^^^^^^^^^^^^^^^^^^^^
  File "/home/airflow/airflow/venv/lib/python3.12/site-packages/sqlalchemy/pool/base.py", line 388, in __init__
    self.__connect()
  File "/home/airflow/airflow/venv/lib/python3.12/site-packages/sqlalchemy/pool/base.py", line 690, in __connect
    with util.safe_reraise():
         ^^^^^^^^^^^^^^^^^^^
  File "/home/airflow/airflow/venv/lib/python3.12/site-packages/sqlalchemy/util/langhelpers.py", line 70, in __exit__
    compat.raise_(
  File "/home/airflow/airflow/venv/lib/python3.12/site-packages/sqlalchemy/util/compat.py", line 211, in raise_
    raise exception
  File "/home/airflow/airflow/venv/lib/python3.12/site-packages/sqlalchemy/pool/base.py", line 686, in __connect
    self.dbapi_connection = connection = pool._invoke_creator(self)
                                         ^^^^^^^^^^^^^^^^^^^^^^^^^^
  File "/home/airflow/airflow/venv/lib/python3.12/site-packages/sqlalchemy/engine/create.py", line 574, in connect
    return dialect.connect(*cargs, **cparams)
           ^^^^^^^^^^^^^^^^^^^^^^^^^^^^^^^^^^
  File "/home/airflow/airflow/venv/lib/python3.12/site-packages/sqlalchemy/engine/default.py", line 598, in connect
    return self.dbapi.connect(*cargs, **cparams)
           ^^^^^^^^^^^^^^^^^^^^^^^^^^^^^^^^^^^^^
  File "/home/airflow/airflow/venv/lib/python3.12/site-packages/psycopg2/__init__.py", line 122, in connect
    conn = _connect(dsn, connection_factory=connection_factory, **kwasync)
           ^^^^^^^^^^^^^^^^^^^^^^^^^^^^^^^^^^^^^^^^^^^^^^^^^^^^^^^^^^^^^^^
psycopg2.OperationalError: could not translate host name "***" to address: Temporary failure in name resolution


The above exception was the direct cause of the following exception:

Traceback (most recent call last):
  File "/home/airflow/airflow/venv/lib/python3.12/site-packages/airflow/jobs/job.py", line 207, in heartbeat
    self._merge_from(Job._fetch_from_db(self, session))
                     ^^^^^^^^^^^^^^^^^^^^^^^^^^^^^^^^^
  File "/home/airflow/airflow/venv/lib/python3.12/site-packages/airflow/api_internal/internal_api_call.py", line 166, in wrapper
    return func(*args, **kwargs)
           ^^^^^^^^^^^^^^^^^^^^^
  File "/home/airflow/airflow/venv/lib/python3.12/site-packages/airflow/utils/session.py", line 94, in wrapper
    return func(*args, **kwargs)
           ^^^^^^^^^^^^^^^^^^^^^
  File "/home/airflow/airflow/venv/lib/python3.12/site-packages/airflow/utils/retries.py", line 93, in wrapped_function
    for attempt in run_with_db_retries(max_retries=retries, logger=logger, **retry_kwargs):
                   ^^^^^^^^^^^^^^^^^^^^^^^^^^^^^^^^^^^^^^^^^^^^^^^^^^^^^^^^^^^^^^^^^^^^^^^
  File "/home/airflow/airflow/venv/lib/python3.12/site-packages/tenacity/__init__.py", line 438, in __iter__
    do = self.iter(retry_state=retry_state)
         ^^^^^^^^^^^^^^^^^^^^^^^^^^^^^^^^^^
  File "/home/airflow/airflow/venv/lib/python3.12/site-packages/tenacity/__init__.py", line 371, in iter
    result = action(retry_state)
             ^^^^^^^^^^^^^^^^^^^
  File "/home/airflow/airflow/venv/lib/python3.12/site-packages/tenacity/__init__.py", line 413, in exc_check
    raise retry_exc.reraise()
          ^^^^^^^^^^^^^^^^^^^
  File "/home/airflow/airflow/venv/lib/python3.12/site-packages/tenacity/__init__.py", line 184, in reraise
    raise self.last_attempt.result()
          ^^^^^^^^^^^^^^^^^^^^^^^^^^
  File "/usr/local/lib/python3.12/concurrent/futures/_base.py", line 449, in result
    return self.__get_result()
           ^^^^^^^^^^^^^^^^^^^
  File "/usr/local/lib/python3.12/concurrent/futures/_base.py", line 401, in __get_result
    raise self._exception
  File "/home/airflow/airflow/venv/lib/python3.12/site-packages/airflow/utils/retries.py", line 102, in wrapped_function
    return func(*args, **kwargs)
           ^^^^^^^^^^^^^^^^^^^^^
  File "/home/airflow/airflow/venv/lib/python3.12/site-packages/airflow/jobs/job.py", line 335, in _fetch_from_db
    session.merge(job)
  File "/home/airflow/airflow/venv/lib/python3.12/site-packages/sqlalchemy/orm/session.py", line 3056, in merge
    return self._merge(
           ^^^^^^^^^^^^
  File "/home/airflow/airflow/venv/lib/python3.12/site-packages/sqlalchemy/orm/session.py", line 3136, in _merge
    merged = self.get(
             ^^^^^^^^^
  File "/home/airflow/airflow/venv/lib/python3.12/site-packages/sqlalchemy/orm/session.py", line 2853, in get
    return self._get_impl(
           ^^^^^^^^^^^^^^^
  File "/home/airflow/airflow/venv/lib/python3.12/site-packages/sqlalchemy/orm/session.py", line 2975, in _get_impl
    return db_load_fn(
           ^^^^^^^^^^^
  File "/home/airflow/airflow/venv/lib/python3.12/site-packages/sqlalchemy/orm/loading.py", line 530, in load_on_pk_identity
    session.execute(
  File "/home/airflow/airflow/venv/lib/python3.12/site-packages/sqlalchemy/orm/session.py", line 1716, in execute
    conn = self._connection_for_bind(bind)
           ^^^^^^^^^^^^^^^^^^^^^^^^^^^^^^^
  File "/home/airflow/airflow/venv/lib/python3.12/site-packages/sqlalchemy/orm/session.py", line 1555, in _connection_for_bind
    return self._transaction._connection_for_bind(
           ^^^^^^^^^^^^^^^^^^^^^^^^^^^^^^^^^^^^^^^
  File "/home/airflow/airflow/venv/lib/python3.12/site-packages/sqlalchemy/orm/session.py", line 750, in _connection_for_bind
    conn = bind.connect()
           ^^^^^^^^^^^^^^
  File "/home/airflow/airflow/venv/lib/python3.12/site-packages/sqlalchemy/future/engine.py", line 412, in connect
    return super(Engine, self).connect()
           ^^^^^^^^^^^^^^^^^^^^^^^^^^^^^
  File "/home/airflow/airflow/venv/lib/python3.12/site-packages/sqlalchemy/engine/base.py", line 3325, in connect
    return self._connection_cls(self, close_with_result=close_with_result)
           ^^^^^^^^^^^^^^^^^^^^^^^^^^^^^^^^^^^^^^^^^^^^^^^^^^^^^^^^^^^^^^^
  File "/home/airflow/airflow/venv/lib/python3.12/site-packages/sqlalchemy/engine/base.py", line 96, in __init__
    else engine.raw_connection()
         ^^^^^^^^^^^^^^^^^^^^^^^
  File "/home/airflow/airflow/venv/lib/python3.12/site-packages/sqlalchemy/engine/base.py", line 3404, in raw_connection
    return self._wrap_pool_connect(self.pool.connect, _connection)
           ^^^^^^^^^^^^^^^^^^^^^^^^^^^^^^^^^^^^^^^^^^^^^^^^^^^^^^^
  File "/home/airflow/airflow/venv/lib/python3.12/site-packages/sqlalchemy/engine/base.py", line 3374, in _wrap_pool_connect
    Connection._handle_dbapi_exception_noconnection(
  File "/home/airflow/airflow/venv/lib/python3.12/site-packages/sqlalchemy/engine/base.py", line 2208, in _handle_dbapi_exception_noconnection
    util.raise_(
  File "/home/airflow/airflow/venv/lib/python3.12/site-packages/sqlalchemy/util/compat.py", line 211, in raise_
    raise exception
  File "/home/airflow/airflow/venv/lib/python3.12/site-packages/sqlalchemy/engine/base.py", line 3371, in _wrap_pool_connect
    return fn()
           ^^^^
  File "/home/airflow/airflow/venv/lib/python3.12/site-packages/sqlalchemy/pool/base.py", line 327, in connect
    return _ConnectionFairy._checkout(self)
           ^^^^^^^^^^^^^^^^^^^^^^^^^^^^^^^^
  File "/home/airflow/airflow/venv/lib/python3.12/site-packages/sqlalchemy/pool/base.py", line 894, in _checkout
    fairy = _ConnectionRecord.checkout(pool)
            ^^^^^^^^^^^^^^^^^^^^^^^^^^^^^^^^
  File "/home/airflow/airflow/venv/lib/python3.12/site-packages/sqlalchemy/pool/base.py", line 493, in checkout
    rec = pool._do_get()
          ^^^^^^^^^^^^^^
  File "/home/airflow/airflow/venv/lib/python3.12/site-packages/sqlalchemy/pool/impl.py", line 256, in _do_get
    return self._create_connection()
           ^^^^^^^^^^^^^^^^^^^^^^^^^
  File "/home/airflow/airflow/venv/lib/python3.12/site-packages/sqlalchemy/pool/base.py", line 273, in _create_connection
    return _ConnectionRecord(self)
           ^^^^^^^^^^^^^^^^^^^^^^^
  File "/home/airflow/airflow/venv/lib/python3.12/site-packages/sqlalchemy/pool/base.py", line 388, in __init__
    self.__connect()
  File "/home/airflow/airflow/venv/lib/python3.12/site-packages/sqlalchemy/pool/base.py", line 690, in __connect
    with util.safe_reraise():
         ^^^^^^^^^^^^^^^^^^^
  File "/home/airflow/airflow/venv/lib/python3.12/site-packages/sqlalchemy/util/langhelpers.py", line 70, in __exit__
    compat.raise_(
  File "/home/airflow/airflow/venv/lib/python3.12/site-packages/sqlalchemy/util/compat.py", line 211, in raise_
    raise exception
  File "/home/airflow/airflow/venv/lib/python3.12/site-packages/sqlalchemy/pool/base.py", line 686, in __connect
    self.dbapi_connection = connection = pool._invoke_creator(self)
                                         ^^^^^^^^^^^^^^^^^^^^^^^^^^
  File "/home/airflow/airflow/venv/lib/python3.12/site-packages/sqlalchemy/engine/create.py", line 574, in connect
    return dialect.connect(*cargs, **cparams)
           ^^^^^^^^^^^^^^^^^^^^^^^^^^^^^^^^^^
  File "/home/airflow/airflow/venv/lib/python3.12/site-packages/sqlalchemy/engine/default.py", line 598, in connect
    return self.dbapi.connect(*cargs, **cparams)
           ^^^^^^^^^^^^^^^^^^^^^^^^^^^^^^^^^^^^^
  File "/home/airflow/airflow/venv/lib/python3.12/site-packages/psycopg2/__init__.py", line 122, in connect
    conn = _connect(dsn, connection_factory=connection_factory, **kwasync)
           ^^^^^^^^^^^^^^^^^^^^^^^^^^^^^^^^^^^^^^^^^^^^^^^^^^^^^^^^^^^^^^^
sqlalchemy.exc.OperationalError: (psycopg2.OperationalError) could not translate host name "***" to address: Temporary failure in name resolution

(Background on this error at: https://sqlalche.me/e/14/e3q8)
[2026-04-13T17:47:02.328+0000] {job.py:254} ERROR - Job heartbeat failed with error. Scheduler is in unhealthy state
[2026-04-13T17:47:03.907+0000] {subprocess.py:106} INFO - 26/04/13 17:46:13 INFO AsyncEventQueue: Process of event SparkListenerExecutorMetricsUpdate(driver,ArraySeq(),HashMap()) bylistener AppStatusListener took 2056.062268ms.
[2026-04-13T17:47:08.318+0000] {job.py:229} INFO - Heartbeat recovered after 115.22 seconds
[2026-04-13T17:47:09.217+0000] {subprocess.py:106} INFO - 26/04/13 17:47:09 INFO BaseMetastoreCatalog: Table loaded by catalog: iceberg.air_quality_ml.air_quality_gold
[2026-04-13T17:47:32.709+0000] {job.py:229} INFO - Heartbeat recovered after 18.73 seconds
[2026-04-13T17:47:51.241+0000] {subprocess.py:106} INFO - 26/04/13 17:47:50 INFO BaseMetastoreTableOperations: Refreshing table metadata from new version: hdfs://23133083thuyvan-master:9000/user/hive/lakehouse/gold/ml/air_quality_train/metadata/00005-5625da1c-b408-4197-bbc4-15bc42d63f95.metadata.json
[2026-04-13T17:47:55.226+0000] {subprocess.py:106} INFO - 26/04/13 17:47:55 INFO BaseMetastoreCatalog: Table loaded by catalog: iceberg.air_quality_ml.air_quality_train
[2026-04-13T17:47:55.657+0000] {subprocess.py:106} INFO - 26/04/13 17:47:55 INFO BaseMetastoreCatalog: Table properties set at catalog level through catalog properties: {}
[2026-04-13T17:47:56.071+0000] {subprocess.py:106} INFO - 26/04/13 17:47:56 INFO BaseMetastoreCatalog: Table properties enforced at catalog level through catalog properties: {}
[2026-04-13T17:47:56.207+0000] {subprocess.py:106} INFO - 26/04/13 17:47:56 INFO BaseMetastoreTableOperations: Refreshing table metadata from new version: hdfs://23133083thuyvan-master:9000/user/hive/lakehouse/gold/ml/air_quality_train/metadata/00005-5625da1c-b408-4197-bbc4-15bc42d63f95.metadata.json
[2026-04-13T17:48:00.767+0000] {subprocess.py:106} INFO - 26/04/13 17:48:00 INFO V2ScanRelationPushDown:
[2026-04-13T17:48:00.799+0000] {subprocess.py:106} INFO - Output: timestamp#0, location#1, latitude#2, longitude#3, country#4, condition_text#5, timezone#6, temperature_2m#7, relative_humidity_2m#8, apparent_temperature#9, precipitation#10, cloud_cover#11, wind_speed_10m#12, wind_direction_10m#13, wind_gusts_10m#14, uv_index#15, weather_code#16, european_aqi#17, us_aqi#18, us_aqi_index#19, aqi_label#20, pm10#21, pm2_5#22, carbon_monoxide#23, nitrogen_dioxide#24, sulphur_dioxide#25, ozone#26, processing_time#27, data_source#28
[2026-04-13T17:48:00.802+0000] {subprocess.py:106} INFO - 
[2026-04-13T17:48:00.943+0000] {subprocess.py:106} INFO - 26/04/13 17:48:00 INFO SnapshotScan: Scanning table iceberg.air_quality_ml.air_quality_gold snapshot 1720910725916225615 created at 2026-04-13T17:34:39.216+00:00 with filter true
[2026-04-13T17:48:09.575+0000] {subprocess.py:106} INFO - 26/04/13 17:48:09 INFO BaseDistributedDataScan: Planning file tasks locally for table iceberg.air_quality_ml.air_quality_gold
[2026-04-13T17:48:17.647+0000] {subprocess.py:106} INFO - 26/04/13 17:48:17 INFO SparkPartitioningAwareScan: Reporting UnknownPartitioning with 68 partition(s) for table iceberg.air_quality_ml.air_quality_gold
[2026-04-13T17:48:21.939+0000] {subprocess.py:106} INFO - 26/04/13 17:48:21 INFO MemoryStore: MemoryStore started with capacity 1048.8 MiB
[2026-04-13T17:48:22.929+0000] {subprocess.py:106} INFO - 26/04/13 17:48:22 INFO MemoryStore: Block broadcast_0 stored as values in memory (estimated size 32.0 KiB, free 1048.8 MiB)
[2026-04-13T17:48:47.340+0000] {job.py:229} INFO - Heartbeat recovered after 23.25 seconds
[2026-04-13T17:48:47.787+0000] {subprocess.py:106} INFO - 26/04/13 17:48:27 INFO MemoryStore: Block broadcast_0_piece0 stored as bytes in memory (estimated size 34.8 KiB, free 1048.7 MiB)
[2026-04-13T17:48:47.813+0000] {subprocess.py:106} INFO - 26/04/13 17:48:33 INFO SparkContext: Created broadcast 0 from broadcast at SparkBatch.java:87
[2026-04-13T17:49:11.013+0000] {job.py:229} INFO - Heartbeat recovered after 23.68 seconds
[2026-04-13T17:49:11.213+0000] {subprocess.py:106} INFO - 26/04/13 17:48:48 INFO MemoryStore: Block broadcast_1 stored as values in memory (estimated size 32.0 KiB, free 1048.7 MiB)
[2026-04-13T17:49:11.219+0000] {subprocess.py:106} INFO - 26/04/13 17:48:52 INFO MemoryStore: Block broadcast_1_piece0 stored as bytes in memory (estimated size 34.8 KiB, free 1048.7 MiB)
[2026-04-13T17:49:11.221+0000] {subprocess.py:106} INFO - 26/04/13 17:48:58 INFO SparkContext: Created broadcast 1 from broadcast at SparkBatch.java:87
[2026-04-13T17:49:11.635+0000] {subprocess.py:106} INFO - 26/04/13 17:49:11 WARN SparkStringUtils: Truncated the string representation of a plan since it was too large. This behavior can be adjusted by setting 'spark.sql.debug.maxToStringFields'.
[2026-04-13T17:49:24.125+0000] {subprocess.py:106} INFO - 26/04/13 17:49:24 INFO CodeGenerator: Code generated in 5771.88344 ms
[2026-04-13T17:49:27.212+0000] {subprocess.py:106} INFO - 26/04/13 17:49:27 INFO MemoryStore: Block broadcast_2 stored as values in memory (estimated size 32.0 KiB, free 1048.6 MiB)
[2026-04-13T17:49:27.560+0000] {subprocess.py:106} INFO - 26/04/13 17:49:27 INFO MemoryStore: Block broadcast_2_piece0 stored as bytes in memory (estimated size 34.5 KiB, free 1048.6 MiB)
[2026-04-13T17:49:27.591+0000] {subprocess.py:106} INFO - 26/04/13 17:49:27 INFO SparkContext: Created broadcast 2 from broadcast at SparkWrite.java:198
[2026-04-13T17:49:27.829+0000] {subprocess.py:106} INFO - 26/04/13 17:49:27 INFO OverwriteByExpressionExec: Start processing data source write support: IcebergBatchWrite(table=air_quality_ml.air_quality_train, format=PARQUET). The input RDD has 68} partitions.
[2026-04-13T17:49:29.300+0000] {subprocess.py:106} INFO - 26/04/13 17:49:29 INFO SparkContext: Starting job: createOrReplace at NativeMethodAccessorImpl.java:0
[2026-04-13T17:49:29.891+0000] {subprocess.py:106} INFO - 26/04/13 17:49:29 INFO DAGScheduler: Got job 0 (createOrReplace at NativeMethodAccessorImpl.java:0) with 68 output partitions
[2026-04-13T17:49:29.921+0000] {subprocess.py:106} INFO - 26/04/13 17:49:29 INFO DAGScheduler: Final stage: ResultStage 0 (createOrReplace at NativeMethodAccessorImpl.java:0)
[2026-04-13T17:49:30.005+0000] {subprocess.py:106} INFO - 26/04/13 17:49:29 INFO DAGScheduler: Parents of final stage: List()
[2026-04-13T17:49:30.007+0000] {subprocess.py:106} INFO - 26/04/13 17:49:29 INFO DAGScheduler: Missing parents: List()
[2026-04-13T17:49:30.156+0000] {subprocess.py:106} INFO - 26/04/13 17:49:30 INFO DAGScheduler: Submitting ResultStage 0 (MapPartitionsRDD[2] at createOrReplace at NativeMethodAccessorImpl.java:0), which has no missing parents
[2026-04-13T17:49:30.365+0000] {subprocess.py:106} INFO - 26/04/13 17:49:30 INFO MemoryStore: Block broadcast_3 stored as values in memory (estimated size 53.3 KiB, free 1048.6 MiB)
[2026-04-13T17:49:31.368+0000] {subprocess.py:106} INFO - 26/04/13 17:49:31 INFO MemoryStore: Block broadcast_3_piece0 stored as bytes in memory (estimated size 16.3 KiB, free 1048.5 MiB)
[2026-04-13T17:49:31.369+0000] {subprocess.py:106} INFO - 26/04/13 17:49:31 INFO SparkContext: Created broadcast 3 from broadcast at DAGScheduler.scala:1676
[2026-04-13T17:49:31.378+0000] {subprocess.py:106} INFO - 26/04/13 17:49:31 INFO AsyncEventQueue: Process of event SparkListenerJobStart(0,1776102569977,ArraySeq(org.apache.spark.scheduler.StageInfo@3dffd5f7),{spark.submit.pyFiles=/home/spark/.ivy2.5.2/jars/org.apache.iceberg_iceberg-spark-runtime-4.0_2.13-1.10.1.jar, spark.rdd.compress=True, spark.hadoop.fs.s3a.vectored.read.min.seek.size=128K, spark.sql.shuffle.partitions=50, spark.streaming.backpressure.enabled=true, spark.sql.catalog.default_iceberg=org.apache.iceberg.spark.SparkCatalog, spark.sql.catalog.default_iceberg.cache-enabled=false, spark.sql.warehouse.dir=hdfs://23133083thuyvan-master:9000/user/hive/lakehouse, spark.app.name=TrainModel, spark.hadoop.fs.defaultFS=hdfs://23133083thuyvan-master:9000, spark.sql.execution.root.id=0, spark.jars=file:///home/spark/.ivy2.5.2/jars/org.apache.iceberg_iceberg-spark-runtime-4.0_2.13-1.10.1.jar, spark.app.initial.file.urls=file:///home/spark/.ivy2.5.2/jars/org.apache.iceberg_iceberg-spark-runtime-4.0_2.13-1.10.1.jar, spark.dynamicAllocation.enabled=true, spark.driver.port=33119, spark.hadoop.fs.s3a.impl=org.apache.hadoop.fs.s3a.S3AFileSystem, spark.sql.extensions=org.apache.iceberg.spark.extensions.IcebergSparkSessionExtensions, spark.sql.execution.id=1, spark.sql.catalog.default_cache_iceberg=org.apache.iceberg.spark.SparkCachedTableCatalog, spark.executor.memory=2g, spark.executor.id=driver, spark.submit.deployMode=client, spark.sql.catalog.iceberg.type=hive, spark.serializer.objectStreamReset=100, spark.app.startTime=1776102243127, spark.sql.catalog.default_iceberg.default-namespace=default, spark.sql.catalog.iceberg.io-impl=org.apache.iceberg.hadoop.HadoopFileIO, spark.kafka.bootstrap.servers=kafka:9092, spark.sql.catalog.default_iceberg.type=hive, spark.master=local[*], spark.driver.memory=2g, spark.jars.packages=org.apache.iceberg:iceberg-spark-runtime-4.0_2.13:1.10.1, spark.job.interruptOnCancel=true, spark.driver.host=spark-master, spark.app.id=local-1776102261748, spark.sql.catalog.iceberg=org.apache.iceberg.spark.SparkCatalog, spark.job.tags=spark-session-4df0dac1-e21f-45e1-b961-041eb8403c20-execution-root-id-0,spark-session-4df0dac1-e21f-45e1-b961-041eb8403c20, spark.files=file:///home/spark/.ivy2.5.2/jars/org.apache.iceberg_iceberg-spark-runtime-4.0_2.13-1.10.1.jar, spark.sql.catalog.iceberg.uri=thrift://23133083thuyvan-master:9083, spark.driver.extraJavaOptions=-Djava.net.preferIPv6Addresses=false -XX:+IgnoreUnrecognizedVMOptions --add-modules=jdk.incubator.vector --add-opens=java.base/java.lang=ALL-UNNAMED --add-opens=java.base/java.lang.invoke=ALL-UNNAMED --add-opens=java.base/java.lang.reflect=ALL-UNNAMED --add-opens=java.base/java.io=ALL-UNNAMED --add-opens=java.base/java.net=ALL-UNNAMED --add-opens=java.base/java.nio=ALL-UNNAMED --add-opens=java.base/java.util=ALL-UNNAMED --add-opens=java.base/java.util.concurrent=ALL-UNNAMED --add-opens=java.base/java.util.concurrent.atomic=ALL-UNNAMED --add-opens=java.base/jdk.internal.ref=ALL-UNNAMED --add-opens=java.base/sun.nio.ch=ALL-UNNAMED --add-opens=java.base/sun.nio.cs=ALL-UNNAMED --add-opens=java.base/sun.security.action=ALL-UNNAMED --add-opens=java.base/sun.util.calendar=ALL-UNNAMED --add-opens=java.security.jgss/sun.security.krb5=ALL-UNNAMED -Djdk.reflect.useDirectMethodHandle=false -Dio.netty.tryReflectionSetAccessible=true, spark.sql.catalog.iceberg.warehouse=hdfs://23133083thuyvan-master:9000/user/hive/lakehouse, spark.hadoop.fs.s3a.vectored.read.max.merged.size=2M, spark.streaming.kafka.maxRatePerPartition=10000, spark.app.submitTime=1776102222417, spark.app.initial.jar.urls=spark://spark-master:33119/jars/org.apache.iceberg_iceberg-spark-runtime-4.0_2.13-1.10.1.jar, spark.repl.local.jars=file:///home/spark/.ivy2.5.2/jars/org.apache.iceberg_iceberg-spark-runtime-4.0_2.13-1.10.1.jar, spark.executor.cores=2, spark.pyspark.python=python3, spark.sql.artifact.isolation.enabled=false, spark.executor.extraJavaOptions=-Djava.net.preferIPv6Addresses=false -XX:+IgnoreUnrecognizedVMOptions --add-modules=jdk.incubator.vector --add-opens=java.base/java.lang=ALL-UNNAMED --add-opens=java.base/java.lang.invoke=ALL-UNNAMED --add-opens=java.base/java.lang.reflect=ALL-UNNAMED --add-opens=java.base/java.io=ALL-UNNAMED --add-opens=java.base/java.net=ALL-UNNAMED --add-opens=java.base/java.nio=ALL-UNNAMED --add-opens=java.base/java.util=ALL-UNNAMED --add-opens=java.base/java.util.concurrent=ALL-UNNAMED --add-opens=java.base/java.util.concurrent.atomic=ALL-UNNAMED --add-opens=java.base/jdk.internal.ref=ALL-UNNAMED --add-opens=java.base/sun.nio.ch=ALL-UNNAMED --add-opens=java.base/sun.nio.cs=ALL-UNNAMED --add-opens=java.base/sun.security.action=ALL-UNNAMED --add-opens=java.base/sun.util.calendar=ALL-UNNAMED --add-opens=java.security.jgss/sun.security.krb5=ALL-UNNAMED -Djdk.reflect.useDirectMethodHandle=false -Dio.netty.tryReflectionSetAccessible=true}) bylistener AppStatusListener took 1089.571155ms.
[2026-04-13T17:49:31.383+0000] {subprocess.py:106} INFO - 26/04/13 17:49:31 INFO DAGScheduler: Submitting 68 missing tasks from ResultStage 0 (MapPartitionsRDD[2] at createOrReplace at NativeMethodAccessorImpl.java:0) (first 15 tasks are for partitions Vector(0, 1, 2, 3, 4, 5, 6, 7, 8, 9, 10, 11, 12, 13, 14))
[2026-04-13T17:49:31.405+0000] {subprocess.py:106} INFO - 26/04/13 17:49:31 INFO TaskSchedulerImpl: Adding task set 0.0 with 68 tasks resource profile 0
[2026-04-13T17:50:18.862+0000] {job.py:239} ERROR - Job heartbeat failed with error
Traceback (most recent call last):
  File "/home/airflow/airflow/venv/lib/python3.12/site-packages/sqlalchemy/engine/base.py", line 3371, in _wrap_pool_connect
    return fn()
           ^^^^
  File "/home/airflow/airflow/venv/lib/python3.12/site-packages/sqlalchemy/pool/base.py", line 327, in connect
    return _ConnectionFairy._checkout(self)
           ^^^^^^^^^^^^^^^^^^^^^^^^^^^^^^^^
  File "/home/airflow/airflow/venv/lib/python3.12/site-packages/sqlalchemy/pool/base.py", line 894, in _checkout
    fairy = _ConnectionRecord.checkout(pool)
            ^^^^^^^^^^^^^^^^^^^^^^^^^^^^^^^^
  File "/home/airflow/airflow/venv/lib/python3.12/site-packages/sqlalchemy/pool/base.py", line 493, in checkout
    rec = pool._do_get()
          ^^^^^^^^^^^^^^
  File "/home/airflow/airflow/venv/lib/python3.12/site-packages/sqlalchemy/pool/impl.py", line 256, in _do_get
    return self._create_connection()
           ^^^^^^^^^^^^^^^^^^^^^^^^^
  File "/home/airflow/airflow/venv/lib/python3.12/site-packages/sqlalchemy/pool/base.py", line 273, in _create_connection
    return _ConnectionRecord(self)
           ^^^^^^^^^^^^^^^^^^^^^^^
  File "/home/airflow/airflow/venv/lib/python3.12/site-packages/sqlalchemy/pool/base.py", line 388, in __init__
    self.__connect()
  File "/home/airflow/airflow/venv/lib/python3.12/site-packages/sqlalchemy/pool/base.py", line 690, in __connect
    with util.safe_reraise():
         ^^^^^^^^^^^^^^^^^^^
  File "/home/airflow/airflow/venv/lib/python3.12/site-packages/sqlalchemy/util/langhelpers.py", line 70, in __exit__
    compat.raise_(
  File "/home/airflow/airflow/venv/lib/python3.12/site-packages/sqlalchemy/util/compat.py", line 211, in raise_
    raise exception
  File "/home/airflow/airflow/venv/lib/python3.12/site-packages/sqlalchemy/pool/base.py", line 686, in __connect
    self.dbapi_connection = connection = pool._invoke_creator(self)
                                         ^^^^^^^^^^^^^^^^^^^^^^^^^^
  File "/home/airflow/airflow/venv/lib/python3.12/site-packages/sqlalchemy/engine/create.py", line 574, in connect
    return dialect.connect(*cargs, **cparams)
           ^^^^^^^^^^^^^^^^^^^^^^^^^^^^^^^^^^
  File "/home/airflow/airflow/venv/lib/python3.12/site-packages/sqlalchemy/engine/default.py", line 598, in connect
    return self.dbapi.connect(*cargs, **cparams)
           ^^^^^^^^^^^^^^^^^^^^^^^^^^^^^^^^^^^^^
  File "/home/airflow/airflow/venv/lib/python3.12/site-packages/psycopg2/__init__.py", line 122, in connect
    conn = _connect(dsn, connection_factory=connection_factory, **kwasync)
           ^^^^^^^^^^^^^^^^^^^^^^^^^^^^^^^^^^^^^^^^^^^^^^^^^^^^^^^^^^^^^^^
psycopg2.OperationalError: could not translate host name "***" to address: Temporary failure in name resolution


The above exception was the direct cause of the following exception:

Traceback (most recent call last):
  File "/home/airflow/airflow/venv/lib/python3.12/site-packages/airflow/jobs/job.py", line 207, in heartbeat
    self._merge_from(Job._fetch_from_db(self, session))
                     ^^^^^^^^^^^^^^^^^^^^^^^^^^^^^^^^^
  File "/home/airflow/airflow/venv/lib/python3.12/site-packages/airflow/api_internal/internal_api_call.py", line 166, in wrapper
    return func(*args, **kwargs)
           ^^^^^^^^^^^^^^^^^^^^^
  File "/home/airflow/airflow/venv/lib/python3.12/site-packages/airflow/utils/session.py", line 94, in wrapper
    return func(*args, **kwargs)
           ^^^^^^^^^^^^^^^^^^^^^
  File "/home/airflow/airflow/venv/lib/python3.12/site-packages/airflow/utils/retries.py", line 93, in wrapped_function
    for attempt in run_with_db_retries(max_retries=retries, logger=logger, **retry_kwargs):
                   ^^^^^^^^^^^^^^^^^^^^^^^^^^^^^^^^^^^^^^^^^^^^^^^^^^^^^^^^^^^^^^^^^^^^^^^
  File "/home/airflow/airflow/venv/lib/python3.12/site-packages/tenacity/__init__.py", line 438, in __iter__
    do = self.iter(retry_state=retry_state)
         ^^^^^^^^^^^^^^^^^^^^^^^^^^^^^^^^^^
  File "/home/airflow/airflow/venv/lib/python3.12/site-packages/tenacity/__init__.py", line 371, in iter
    result = action(retry_state)
             ^^^^^^^^^^^^^^^^^^^
  File "/home/airflow/airflow/venv/lib/python3.12/site-packages/tenacity/__init__.py", line 413, in exc_check
    raise retry_exc.reraise()
          ^^^^^^^^^^^^^^^^^^^
  File "/home/airflow/airflow/venv/lib/python3.12/site-packages/tenacity/__init__.py", line 184, in reraise
    raise self.last_attempt.result()
          ^^^^^^^^^^^^^^^^^^^^^^^^^^
  File "/usr/local/lib/python3.12/concurrent/futures/_base.py", line 449, in result
    return self.__get_result()
           ^^^^^^^^^^^^^^^^^^^
  File "/usr/local/lib/python3.12/concurrent/futures/_base.py", line 401, in __get_result
    raise self._exception
  File "/home/airflow/airflow/venv/lib/python3.12/site-packages/airflow/utils/retries.py", line 102, in wrapped_function
    return func(*args, **kwargs)
           ^^^^^^^^^^^^^^^^^^^^^
  File "/home/airflow/airflow/venv/lib/python3.12/site-packages/airflow/jobs/job.py", line 335, in _fetch_from_db
    session.merge(job)
  File "/home/airflow/airflow/venv/lib/python3.12/site-packages/sqlalchemy/orm/session.py", line 3056, in merge
    return self._merge(
           ^^^^^^^^^^^^
  File "/home/airflow/airflow/venv/lib/python3.12/site-packages/sqlalchemy/orm/session.py", line 3136, in _merge
    merged = self.get(
             ^^^^^^^^^
  File "/home/airflow/airflow/venv/lib/python3.12/site-packages/sqlalchemy/orm/session.py", line 2853, in get
    return self._get_impl(
           ^^^^^^^^^^^^^^^
  File "/home/airflow/airflow/venv/lib/python3.12/site-packages/sqlalchemy/orm/session.py", line 2975, in _get_impl
    return db_load_fn(
           ^^^^^^^^^^^
  File "/home/airflow/airflow/venv/lib/python3.12/site-packages/sqlalchemy/orm/loading.py", line 530, in load_on_pk_identity
    session.execute(
  File "/home/airflow/airflow/venv/lib/python3.12/site-packages/sqlalchemy/orm/session.py", line 1716, in execute
    conn = self._connection_for_bind(bind)
           ^^^^^^^^^^^^^^^^^^^^^^^^^^^^^^^
  File "/home/airflow/airflow/venv/lib/python3.12/site-packages/sqlalchemy/orm/session.py", line 1555, in _connection_for_bind
    return self._transaction._connection_for_bind(
           ^^^^^^^^^^^^^^^^^^^^^^^^^^^^^^^^^^^^^^^
  File "/home/airflow/airflow/venv/lib/python3.12/site-packages/sqlalchemy/orm/session.py", line 750, in _connection_for_bind
    conn = bind.connect()
           ^^^^^^^^^^^^^^
  File "/home/airflow/airflow/venv/lib/python3.12/site-packages/sqlalchemy/future/engine.py", line 412, in connect
    return super(Engine, self).connect()
           ^^^^^^^^^^^^^^^^^^^^^^^^^^^^^
  File "/home/airflow/airflow/venv/lib/python3.12/site-packages/sqlalchemy/engine/base.py", line 3325, in connect
    return self._connection_cls(self, close_with_result=close_with_result)
           ^^^^^^^^^^^^^^^^^^^^^^^^^^^^^^^^^^^^^^^^^^^^^^^^^^^^^^^^^^^^^^^
  File "/home/airflow/airflow/venv/lib/python3.12/site-packages/sqlalchemy/engine/base.py", line 96, in __init__
    else engine.raw_connection()
         ^^^^^^^^^^^^^^^^^^^^^^^
  File "/home/airflow/airflow/venv/lib/python3.12/site-packages/sqlalchemy/engine/base.py", line 3404, in raw_connection
    return self._wrap_pool_connect(self.pool.connect, _connection)
           ^^^^^^^^^^^^^^^^^^^^^^^^^^^^^^^^^^^^^^^^^^^^^^^^^^^^^^^
  File "/home/airflow/airflow/venv/lib/python3.12/site-packages/sqlalchemy/engine/base.py", line 3374, in _wrap_pool_connect
    Connection._handle_dbapi_exception_noconnection(
  File "/home/airflow/airflow/venv/lib/python3.12/site-packages/sqlalchemy/engine/base.py", line 2208, in _handle_dbapi_exception_noconnection
    util.raise_(
  File "/home/airflow/airflow/venv/lib/python3.12/site-packages/sqlalchemy/util/compat.py", line 211, in raise_
    raise exception
  File "/home/airflow/airflow/venv/lib/python3.12/site-packages/sqlalchemy/engine/base.py", line 3371, in _wrap_pool_connect
    return fn()
           ^^^^
  File "/home/airflow/airflow/venv/lib/python3.12/site-packages/sqlalchemy/pool/base.py", line 327, in connect
    return _ConnectionFairy._checkout(self)
           ^^^^^^^^^^^^^^^^^^^^^^^^^^^^^^^^
  File "/home/airflow/airflow/venv/lib/python3.12/site-packages/sqlalchemy/pool/base.py", line 894, in _checkout
    fairy = _ConnectionRecord.checkout(pool)
            ^^^^^^^^^^^^^^^^^^^^^^^^^^^^^^^^
  File "/home/airflow/airflow/venv/lib/python3.12/site-packages/sqlalchemy/pool/base.py", line 493, in checkout
    rec = pool._do_get()
          ^^^^^^^^^^^^^^
  File "/home/airflow/airflow/venv/lib/python3.12/site-packages/sqlalchemy/pool/impl.py", line 256, in _do_get
    return self._create_connection()
           ^^^^^^^^^^^^^^^^^^^^^^^^^
  File "/home/airflow/airflow/venv/lib/python3.12/site-packages/sqlalchemy/pool/base.py", line 273, in _create_connection
    return _ConnectionRecord(self)
           ^^^^^^^^^^^^^^^^^^^^^^^
  File "/home/airflow/airflow/venv/lib/python3.12/site-packages/sqlalchemy/pool/base.py", line 388, in __init__
    self.__connect()
  File "/home/airflow/airflow/venv/lib/python3.12/site-packages/sqlalchemy/pool/base.py", line 690, in __connect
    with util.safe_reraise():
         ^^^^^^^^^^^^^^^^^^^
  File "/home/airflow/airflow/venv/lib/python3.12/site-packages/sqlalchemy/util/langhelpers.py", line 70, in __exit__
    compat.raise_(
  File "/home/airflow/airflow/venv/lib/python3.12/site-packages/sqlalchemy/util/compat.py", line 211, in raise_
    raise exception
  File "/home/airflow/airflow/venv/lib/python3.12/site-packages/sqlalchemy/pool/base.py", line 686, in __connect
    self.dbapi_connection = connection = pool._invoke_creator(self)
                                         ^^^^^^^^^^^^^^^^^^^^^^^^^^
  File "/home/airflow/airflow/venv/lib/python3.12/site-packages/sqlalchemy/engine/create.py", line 574, in connect
    return dialect.connect(*cargs, **cparams)
           ^^^^^^^^^^^^^^^^^^^^^^^^^^^^^^^^^^
  File "/home/airflow/airflow/venv/lib/python3.12/site-packages/sqlalchemy/engine/default.py", line 598, in connect
    return self.dbapi.connect(*cargs, **cparams)
           ^^^^^^^^^^^^^^^^^^^^^^^^^^^^^^^^^^^^^
  File "/home/airflow/airflow/venv/lib/python3.12/site-packages/psycopg2/__init__.py", line 122, in connect
    conn = _connect(dsn, connection_factory=connection_factory, **kwasync)
           ^^^^^^^^^^^^^^^^^^^^^^^^^^^^^^^^^^^^^^^^^^^^^^^^^^^^^^^^^^^^^^^
sqlalchemy.exc.OperationalError: (psycopg2.OperationalError) could not translate host name "***" to address: Temporary failure in name resolution

(Background on this error at: https://sqlalche.me/e/14/e3q8)
[2026-04-13T17:50:37.266+0000] {job.py:254} ERROR - Job heartbeat failed with error. Scheduler is in unhealthy state
[2026-04-13T17:51:02.990+0000] {job.py:229} INFO - Heartbeat recovered after 90.55 seconds
[2026-04-13T17:51:14.182+0000] {job.py:254} ERROR - Job heartbeat failed with error. Scheduler is in unhealthy state
[2026-04-13T17:52:51.806+0000] {job.py:254} ERROR - Job heartbeat failed with error. Scheduler is in unhealthy state
[2026-04-13T17:53:42.520+0000] {job.py:229} INFO - Heartbeat recovered after 159.54 seconds
[2026-04-13T17:55:23.841+0000] {job.py:239} ERROR - Job heartbeat failed with error
Traceback (most recent call last):
  File "/home/airflow/airflow/venv/lib/python3.12/site-packages/sqlalchemy/engine/base.py", line 3371, in _wrap_pool_connect
    return fn()
           ^^^^
  File "/home/airflow/airflow/venv/lib/python3.12/site-packages/sqlalchemy/pool/base.py", line 327, in connect
    return _ConnectionFairy._checkout(self)
           ^^^^^^^^^^^^^^^^^^^^^^^^^^^^^^^^
  File "/home/airflow/airflow/venv/lib/python3.12/site-packages/sqlalchemy/pool/base.py", line 894, in _checkout
    fairy = _ConnectionRecord.checkout(pool)
            ^^^^^^^^^^^^^^^^^^^^^^^^^^^^^^^^
  File "/home/airflow/airflow/venv/lib/python3.12/site-packages/sqlalchemy/pool/base.py", line 493, in checkout
    rec = pool._do_get()
          ^^^^^^^^^^^^^^
  File "/home/airflow/airflow/venv/lib/python3.12/site-packages/sqlalchemy/pool/impl.py", line 256, in _do_get
    return self._create_connection()
           ^^^^^^^^^^^^^^^^^^^^^^^^^
  File "/home/airflow/airflow/venv/lib/python3.12/site-packages/sqlalchemy/pool/base.py", line 273, in _create_connection
    return _ConnectionRecord(self)
           ^^^^^^^^^^^^^^^^^^^^^^^
  File "/home/airflow/airflow/venv/lib/python3.12/site-packages/sqlalchemy/pool/base.py", line 388, in __init__
    self.__connect()
  File "/home/airflow/airflow/venv/lib/python3.12/site-packages/sqlalchemy/pool/base.py", line 690, in __connect
    with util.safe_reraise():
         ^^^^^^^^^^^^^^^^^^^
  File "/home/airflow/airflow/venv/lib/python3.12/site-packages/sqlalchemy/util/langhelpers.py", line 70, in __exit__
    compat.raise_(
  File "/home/airflow/airflow/venv/lib/python3.12/site-packages/sqlalchemy/util/compat.py", line 211, in raise_
    raise exception
  File "/home/airflow/airflow/venv/lib/python3.12/site-packages/sqlalchemy/pool/base.py", line 686, in __connect
    self.dbapi_connection = connection = pool._invoke_creator(self)
                                         ^^^^^^^^^^^^^^^^^^^^^^^^^^
  File "/home/airflow/airflow/venv/lib/python3.12/site-packages/sqlalchemy/engine/create.py", line 574, in connect
    return dialect.connect(*cargs, **cparams)
           ^^^^^^^^^^^^^^^^^^^^^^^^^^^^^^^^^^
  File "/home/airflow/airflow/venv/lib/python3.12/site-packages/sqlalchemy/engine/default.py", line 598, in connect
    return self.dbapi.connect(*cargs, **cparams)
           ^^^^^^^^^^^^^^^^^^^^^^^^^^^^^^^^^^^^^
  File "/home/airflow/airflow/venv/lib/python3.12/site-packages/psycopg2/__init__.py", line 122, in connect
    conn = _connect(dsn, connection_factory=connection_factory, **kwasync)
           ^^^^^^^^^^^^^^^^^^^^^^^^^^^^^^^^^^^^^^^^^^^^^^^^^^^^^^^^^^^^^^^
psycopg2.OperationalError: could not translate host name "***" to address: Temporary failure in name resolution


The above exception was the direct cause of the following exception:

Traceback (most recent call last):
  File "/home/airflow/airflow/venv/lib/python3.12/site-packages/airflow/jobs/job.py", line 207, in heartbeat
    self._merge_from(Job._fetch_from_db(self, session))
                     ^^^^^^^^^^^^^^^^^^^^^^^^^^^^^^^^^
  File "/home/airflow/airflow/venv/lib/python3.12/site-packages/airflow/api_internal/internal_api_call.py", line 166, in wrapper
    return func(*args, **kwargs)
           ^^^^^^^^^^^^^^^^^^^^^
  File "/home/airflow/airflow/venv/lib/python3.12/site-packages/airflow/utils/session.py", line 94, in wrapper
    return func(*args, **kwargs)
           ^^^^^^^^^^^^^^^^^^^^^
  File "/home/airflow/airflow/venv/lib/python3.12/site-packages/airflow/utils/retries.py", line 93, in wrapped_function
    for attempt in run_with_db_retries(max_retries=retries, logger=logger, **retry_kwargs):
                   ^^^^^^^^^^^^^^^^^^^^^^^^^^^^^^^^^^^^^^^^^^^^^^^^^^^^^^^^^^^^^^^^^^^^^^^
  File "/home/airflow/airflow/venv/lib/python3.12/site-packages/tenacity/__init__.py", line 438, in __iter__
    do = self.iter(retry_state=retry_state)
         ^^^^^^^^^^^^^^^^^^^^^^^^^^^^^^^^^^
  File "/home/airflow/airflow/venv/lib/python3.12/site-packages/tenacity/__init__.py", line 371, in iter
    result = action(retry_state)
             ^^^^^^^^^^^^^^^^^^^
  File "/home/airflow/airflow/venv/lib/python3.12/site-packages/tenacity/__init__.py", line 413, in exc_check
    raise retry_exc.reraise()
          ^^^^^^^^^^^^^^^^^^^
  File "/home/airflow/airflow/venv/lib/python3.12/site-packages/tenacity/__init__.py", line 184, in reraise
    raise self.last_attempt.result()
          ^^^^^^^^^^^^^^^^^^^^^^^^^^
  File "/usr/local/lib/python3.12/concurrent/futures/_base.py", line 449, in result
    return self.__get_result()
           ^^^^^^^^^^^^^^^^^^^
  File "/usr/local/lib/python3.12/concurrent/futures/_base.py", line 401, in __get_result
    raise self._exception
  File "/home/airflow/airflow/venv/lib/python3.12/site-packages/airflow/utils/retries.py", line 102, in wrapped_function
    return func(*args, **kwargs)
           ^^^^^^^^^^^^^^^^^^^^^
  File "/home/airflow/airflow/venv/lib/python3.12/site-packages/airflow/jobs/job.py", line 335, in _fetch_from_db
    session.merge(job)
  File "/home/airflow/airflow/venv/lib/python3.12/site-packages/sqlalchemy/orm/session.py", line 3056, in merge
    return self._merge(
           ^^^^^^^^^^^^
  File "/home/airflow/airflow/venv/lib/python3.12/site-packages/sqlalchemy/orm/session.py", line 3136, in _merge
    merged = self.get(
             ^^^^^^^^^
  File "/home/airflow/airflow/venv/lib/python3.12/site-packages/sqlalchemy/orm/session.py", line 2853, in get
    return self._get_impl(
           ^^^^^^^^^^^^^^^
  File "/home/airflow/airflow/venv/lib/python3.12/site-packages/sqlalchemy/orm/session.py", line 2975, in _get_impl
    return db_load_fn(
           ^^^^^^^^^^^
  File "/home/airflow/airflow/venv/lib/python3.12/site-packages/sqlalchemy/orm/loading.py", line 530, in load_on_pk_identity
    session.execute(
  File "/home/airflow/airflow/venv/lib/python3.12/site-packages/sqlalchemy/orm/session.py", line 1716, in execute
    conn = self._connection_for_bind(bind)
           ^^^^^^^^^^^^^^^^^^^^^^^^^^^^^^^
  File "/home/airflow/airflow/venv/lib/python3.12/site-packages/sqlalchemy/orm/session.py", line 1555, in _connection_for_bind
    return self._transaction._connection_for_bind(
           ^^^^^^^^^^^^^^^^^^^^^^^^^^^^^^^^^^^^^^^
  File "/home/airflow/airflow/venv/lib/python3.12/site-packages/sqlalchemy/orm/session.py", line 750, in _connection_for_bind
    conn = bind.connect()
           ^^^^^^^^^^^^^^
  File "/home/airflow/airflow/venv/lib/python3.12/site-packages/sqlalchemy/future/engine.py", line 412, in connect
    return super(Engine, self).connect()
           ^^^^^^^^^^^^^^^^^^^^^^^^^^^^^
  File "/home/airflow/airflow/venv/lib/python3.12/site-packages/sqlalchemy/engine/base.py", line 3325, in connect
    return self._connection_cls(self, close_with_result=close_with_result)
           ^^^^^^^^^^^^^^^^^^^^^^^^^^^^^^^^^^^^^^^^^^^^^^^^^^^^^^^^^^^^^^^
  File "/home/airflow/airflow/venv/lib/python3.12/site-packages/sqlalchemy/engine/base.py", line 96, in __init__
    else engine.raw_connection()
         ^^^^^^^^^^^^^^^^^^^^^^^
  File "/home/airflow/airflow/venv/lib/python3.12/site-packages/sqlalchemy/engine/base.py", line 3404, in raw_connection
    return self._wrap_pool_connect(self.pool.connect, _connection)
           ^^^^^^^^^^^^^^^^^^^^^^^^^^^^^^^^^^^^^^^^^^^^^^^^^^^^^^^
  File "/home/airflow/airflow/venv/lib/python3.12/site-packages/sqlalchemy/engine/base.py", line 3374, in _wrap_pool_connect
    Connection._handle_dbapi_exception_noconnection(
  File "/home/airflow/airflow/venv/lib/python3.12/site-packages/sqlalchemy/engine/base.py", line 2208, in _handle_dbapi_exception_noconnection
    util.raise_(
  File "/home/airflow/airflow/venv/lib/python3.12/site-packages/sqlalchemy/util/compat.py", line 211, in raise_
    raise exception
  File "/home/airflow/airflow/venv/lib/python3.12/site-packages/sqlalchemy/engine/base.py", line 3371, in _wrap_pool_connect
    return fn()
           ^^^^
  File "/home/airflow/airflow/venv/lib/python3.12/site-packages/sqlalchemy/pool/base.py", line 327, in connect
    return _ConnectionFairy._checkout(self)
           ^^^^^^^^^^^^^^^^^^^^^^^^^^^^^^^^
  File "/home/airflow/airflow/venv/lib/python3.12/site-packages/sqlalchemy/pool/base.py", line 894, in _checkout
    fairy = _ConnectionRecord.checkout(pool)
            ^^^^^^^^^^^^^^^^^^^^^^^^^^^^^^^^
  File "/home/airflow/airflow/venv/lib/python3.12/site-packages/sqlalchemy/pool/base.py", line 493, in checkout
    rec = pool._do_get()
          ^^^^^^^^^^^^^^
  File "/home/airflow/airflow/venv/lib/python3.12/site-packages/sqlalchemy/pool/impl.py", line 256, in _do_get
    return self._create_connection()
           ^^^^^^^^^^^^^^^^^^^^^^^^^
  File "/home/airflow/airflow/venv/lib/python3.12/site-packages/sqlalchemy/pool/base.py", line 273, in _create_connection
    return _ConnectionRecord(self)
           ^^^^^^^^^^^^^^^^^^^^^^^
  File "/home/airflow/airflow/venv/lib/python3.12/site-packages/sqlalchemy/pool/base.py", line 388, in __init__
    self.__connect()
  File "/home/airflow/airflow/venv/lib/python3.12/site-packages/sqlalchemy/pool/base.py", line 690, in __connect
    with util.safe_reraise():
         ^^^^^^^^^^^^^^^^^^^
  File "/home/airflow/airflow/venv/lib/python3.12/site-packages/sqlalchemy/util/langhelpers.py", line 70, in __exit__
    compat.raise_(
  File "/home/airflow/airflow/venv/lib/python3.12/site-packages/sqlalchemy/util/compat.py", line 211, in raise_
    raise exception
  File "/home/airflow/airflow/venv/lib/python3.12/site-packages/sqlalchemy/pool/base.py", line 686, in __connect
    self.dbapi_connection = connection = pool._invoke_creator(self)
                                         ^^^^^^^^^^^^^^^^^^^^^^^^^^
  File "/home/airflow/airflow/venv/lib/python3.12/site-packages/sqlalchemy/engine/create.py", line 574, in connect
    return dialect.connect(*cargs, **cparams)
           ^^^^^^^^^^^^^^^^^^^^^^^^^^^^^^^^^^
  File "/home/airflow/airflow/venv/lib/python3.12/site-packages/sqlalchemy/engine/default.py", line 598, in connect
    return self.dbapi.connect(*cargs, **cparams)
           ^^^^^^^^^^^^^^^^^^^^^^^^^^^^^^^^^^^^^
  File "/home/airflow/airflow/venv/lib/python3.12/site-packages/psycopg2/__init__.py", line 122, in connect
    conn = _connect(dsn, connection_factory=connection_factory, **kwasync)
           ^^^^^^^^^^^^^^^^^^^^^^^^^^^^^^^^^^^^^^^^^^^^^^^^^^^^^^^^^^^^^^^
sqlalchemy.exc.OperationalError: (psycopg2.OperationalError) could not translate host name "***" to address: Temporary failure in name resolution

(Background on this error at: https://sqlalche.me/e/14/e3q8)
[2026-04-13T17:56:31.186+0000] {job.py:254} ERROR - Job heartbeat failed with error. Scheduler is in unhealthy state
[2026-04-13T17:57:32.341+0000] {job.py:229} INFO - Heartbeat recovered after 230.01 seconds
[2026-04-13T17:57:34.364+0000] {subprocess.py:110} INFO - Command exited with return code 0
[2026-04-13T17:57:38.941+0000] {taskinstance.py:340} INFO - ::group::Post task execution logs
[2026-04-13T17:57:38.972+0000] {taskinstance.py:352} INFO - Marking task as SUCCESS. dag_id=predict_aqi, task_id=train_model, run_id=manual__2026-04-13T13:05:03.915853+00:00, execution_date=20260413T130503, start_date=20260413T174138, end_date=20260413T175738
[2026-04-13T17:57:40.051+0000] {local_task_job_runner.py:266} INFO - Task exited with return code 0
[2026-04-13T17:57:41.033+0000] {taskinstance.py:3895} INFO - 1 downstream tasks scheduled from follow-on schedule check
[2026-04-13T17:57:41.071+0000] {local_task_job_runner.py:245} INFO - ::endgroup::
