[2026-04-13T14:07:37.459+0000] {local_task_job_runner.py:123} INFO - ::group::Pre task execution logs
[2026-04-13T14:07:37.552+0000] {taskinstance.py:2613} INFO - Dependencies all met for dep_context=non-requeueable deps ti=<TaskInstance: predict_aqi.train_model manual__2026-04-13T13:05:03.915853+00:00 [queued]>
[2026-04-13T14:07:37.593+0000] {taskinstance.py:2613} INFO - Dependencies all met for dep_context=requeueable deps ti=<TaskInstance: predict_aqi.train_model manual__2026-04-13T13:05:03.915853+00:00 [queued]>
[2026-04-13T14:07:37.594+0000] {taskinstance.py:2866} INFO - Starting attempt 1 of 3
[2026-04-13T14:07:37.676+0000] {taskinstance.py:2889} INFO - Executing <Task(BashOperator): train_model> on 2026-04-13 13:05:03.915853+00:00
[2026-04-13T14:07:37.695+0000] {standard_task_runner.py:104} INFO - Running: ['airflow', 'tasks', 'run', 'predict_aqi', 'train_model', 'manual__2026-04-13T13:05:03.915853+00:00', '--job-id', '158', '--raw', '--subdir', 'DAGS_FOLDER/dag_ml.py', '--cfg-path', '/tmp/tmpq9dqvpg1']
[2026-04-13T14:07:37.699+0000] {standard_task_runner.py:105} INFO - Job 158: Subtask train_model
[2026-04-13T14:07:37.733+0000] {logging_mixin.py:190} WARNING - /home/airflow/airflow/venv/lib/python3.12/site-packages/airflow/task/task_runner/standard_task_runner.py:70 DeprecationWarning: This process (pid=55202) is multi-threaded, use of fork() may lead to deadlocks in the child.
[2026-04-13T14:07:37.735+0000] {standard_task_runner.py:72} INFO - Started process 55353 to run task
[2026-04-13T14:07:37.860+0000] {task_command.py:467} INFO - Running <TaskInstance: predict_aqi.train_model manual__2026-04-13T13:05:03.915853+00:00 [running]> on host airflow
[2026-04-13T14:07:38.263+0000] {taskinstance.py:3132} INFO - Exporting env vars: AIRFLOW_CTX_DAG_OWNER='airflow' AIRFLOW_CTX_DAG_ID='predict_aqi' AIRFLOW_CTX_TASK_ID='train_model' AIRFLOW_CTX_EXECUTION_DATE='2026-04-13T13:05:03.915853+00:00' AIRFLOW_CTX_TRY_NUMBER='1' AIRFLOW_CTX_DAG_RUN_ID='manual__2026-04-13T13:05:03.915853+00:00'
[2026-04-13T14:07:38.271+0000] {taskinstance.py:731} INFO - ::endgroup::
[2026-04-13T14:07:38.377+0000] {subprocess.py:78} INFO - Tmp dir root location: /tmp
[2026-04-13T14:07:38.386+0000] {subprocess.py:88} INFO - Running command: ['/usr/bin/bash', '-c', '\n            docker exec spark-master spark-submit                 --conf spark.pyspark.python=python3                 --packages org.apache.iceberg:iceberg-spark-runtime-4.0_2.13:1.10.1                 /home/spark/spark/spark_jobs/train_model.py 2026-04-13\n        ']
[2026-04-13T14:07:38.423+0000] {subprocess.py:99} INFO - Output:
[2026-04-13T14:07:41.702+0000] {subprocess.py:106} INFO - WARNING: Using incubator modules: jdk.incubator.vector
[2026-04-13T14:07:46.570+0000] {subprocess.py:106} INFO - :: loading settings :: url = jar:file:/home/spark/spark/jars/ivy-2.5.3.jar!/org/apache/ivy/core/settings/ivysettings.xml
[2026-04-13T14:07:46.817+0000] {subprocess.py:106} INFO - Ivy Default Cache set to: /home/spark/.ivy2.5.2/cache
[2026-04-13T14:07:46.819+0000] {subprocess.py:106} INFO - The jars for the packages stored in: /home/spark/.ivy2.5.2/jars
[2026-04-13T14:07:46.838+0000] {subprocess.py:106} INFO - org.apache.iceberg#iceberg-spark-runtime-4.0_2.13 added as a dependency
[2026-04-13T14:07:46.841+0000] {subprocess.py:106} INFO - :: resolving dependencies :: org.apache.spark#spark-submit-parent-ba2ec9e5-2e85-464b-ae37-fedd524ad812;1.0
[2026-04-13T14:07:46.842+0000] {subprocess.py:106} INFO - 	confs: [default]
[2026-04-13T14:07:47.095+0000] {subprocess.py:106} INFO - 	found org.apache.iceberg#iceberg-spark-runtime-4.0_2.13;1.10.1 in central
[2026-04-13T14:07:47.134+0000] {subprocess.py:106} INFO - :: resolution report :: resolve 284ms :: artifacts dl 9ms
[2026-04-13T14:07:47.136+0000] {subprocess.py:106} INFO - 	:: modules in use:
[2026-04-13T14:07:47.137+0000] {subprocess.py:106} INFO - 	org.apache.iceberg#iceberg-spark-runtime-4.0_2.13;1.10.1 from central in [default]
[2026-04-13T14:07:47.138+0000] {subprocess.py:106} INFO - 	---------------------------------------------------------------------
[2026-04-13T14:07:47.139+0000] {subprocess.py:106} INFO - 	|                  |            modules            ||   artifacts   |
[2026-04-13T14:07:47.140+0000] {subprocess.py:106} INFO - 	|       conf       | number| search|dwnlded|evicted|| number|dwnlded|
[2026-04-13T14:07:47.141+0000] {subprocess.py:106} INFO - 	---------------------------------------------------------------------
[2026-04-13T14:07:47.142+0000] {subprocess.py:106} INFO - 	|      default     |   1   |   0   |   0   |   0   ||   1   |   0   |
[2026-04-13T14:07:47.144+0000] {subprocess.py:106} INFO - 	---------------------------------------------------------------------
[2026-04-13T14:07:47.145+0000] {subprocess.py:106} INFO - :: retrieving :: org.apache.spark#spark-submit-parent-ba2ec9e5-2e85-464b-ae37-fedd524ad812
[2026-04-13T14:07:47.146+0000] {subprocess.py:106} INFO - 	confs: [default]
[2026-04-13T14:07:47.161+0000] {subprocess.py:106} INFO - 	0 artifacts copied, 1 already retrieved (0kB/16ms)
[2026-04-13T14:07:47.959+0000] {subprocess.py:106} INFO - 26/04/13 14:07:47 WARN NativeCodeLoader: Unable to load native-hadoop library for your platform... using builtin-java classes where applicable
[2026-04-13T14:07:56.524+0000] {subprocess.py:106} INFO - Using Spark's default log4j profile: org/apache/spark/log4j2-defaults.properties
[2026-04-13T14:07:56.540+0000] {subprocess.py:106} INFO - 26/04/13 14:07:56 INFO SparkContext: Running Spark version 4.0.2
[2026-04-13T14:07:56.547+0000] {subprocess.py:106} INFO - 26/04/13 14:07:56 INFO SparkContext: OS info Linux, 6.6.87.2-microsoft-standard-WSL2, amd64
[2026-04-13T14:07:56.548+0000] {subprocess.py:106} INFO - 26/04/13 14:07:56 INFO SparkContext: Java version 21.0.10
[2026-04-13T14:07:56.622+0000] {subprocess.py:106} INFO - 26/04/13 14:07:56 INFO ResourceUtils: ==============================================================
[2026-04-13T14:07:56.623+0000] {subprocess.py:106} INFO - 26/04/13 14:07:56 INFO ResourceUtils: No custom resources configured for spark.driver.
[2026-04-13T14:07:56.625+0000] {subprocess.py:106} INFO - 26/04/13 14:07:56 INFO ResourceUtils: ==============================================================
[2026-04-13T14:07:56.626+0000] {subprocess.py:106} INFO - 26/04/13 14:07:56 INFO SparkContext: Submitted application: TrainModel
[2026-04-13T14:07:56.702+0000] {subprocess.py:106} INFO - 26/04/13 14:07:56 INFO ResourceProfile: Default ResourceProfile created, executor resources: Map(cores -> name: cores, amount: 2, script: , vendor: , memory -> name: memory, amount: 2048, script: , vendor: , offHeap -> name: offHeap, amount: 0, script: , vendor: ), task resources: Map(cpus -> name: cpus, amount: 1.0)
[2026-04-13T14:07:56.718+0000] {subprocess.py:106} INFO - 26/04/13 14:07:56 INFO ResourceProfile: Limiting resource is cpus at 2 tasks per executor
[2026-04-13T14:07:56.727+0000] {subprocess.py:106} INFO - 26/04/13 14:07:56 INFO ResourceProfileManager: Added ResourceProfile id: 0
[2026-04-13T14:07:56.917+0000] {subprocess.py:106} INFO - 26/04/13 14:07:56 INFO SecurityManager: Changing view acls to: spark
[2026-04-13T14:07:56.921+0000] {subprocess.py:106} INFO - 26/04/13 14:07:56 INFO SecurityManager: Changing modify acls to: spark
[2026-04-13T14:07:56.923+0000] {subprocess.py:106} INFO - 26/04/13 14:07:56 INFO SecurityManager: Changing view acls groups to: spark
[2026-04-13T14:07:56.925+0000] {subprocess.py:106} INFO - 26/04/13 14:07:56 INFO SecurityManager: Changing modify acls groups to: spark
[2026-04-13T14:07:56.938+0000] {subprocess.py:106} INFO - 26/04/13 14:07:56 INFO SecurityManager: SecurityManager: authentication disabled; ui acls disabled; users with view permissions: spark groups with view permissions: EMPTY; users with modify permissions: spark; groups with modify permissions: EMPTY; RPC SSL disabled
[2026-04-13T14:07:57.691+0000] {subprocess.py:106} INFO - 26/04/13 14:07:57 INFO Utils: Successfully started service 'sparkDriver' on port 42897.
[2026-04-13T14:07:57.771+0000] {subprocess.py:106} INFO - 26/04/13 14:07:57 INFO SparkEnv: Registering MapOutputTracker
[2026-04-13T14:07:57.807+0000] {subprocess.py:106} INFO - 26/04/13 14:07:57 INFO SparkEnv: Registering BlockManagerMaster
[2026-04-13T14:07:57.848+0000] {subprocess.py:106} INFO - 26/04/13 14:07:57 INFO BlockManagerMasterEndpoint: Using org.apache.spark.storage.DefaultTopologyMapper for getting topology information
[2026-04-13T14:07:57.851+0000] {subprocess.py:106} INFO - 26/04/13 14:07:57 INFO BlockManagerMasterEndpoint: BlockManagerMasterEndpoint up
[2026-04-13T14:07:57.863+0000] {subprocess.py:106} INFO - 26/04/13 14:07:57 INFO SparkEnv: Registering BlockManagerMasterHeartbeat
[2026-04-13T14:07:58.046+0000] {subprocess.py:106} INFO - 26/04/13 14:07:58 INFO DiskBlockManager: Created local directory at /tmp/blockmgr-e981664f-3bbd-484d-9799-8fdb6ce47fa4
[2026-04-13T14:07:58.222+0000] {subprocess.py:106} INFO - 26/04/13 14:07:58 INFO SparkEnv: Registering OutputCommitCoordinator
[2026-04-13T14:07:58.950+0000] {subprocess.py:106} INFO - 26/04/13 14:07:58 INFO JettyUtils: Start Jetty 0.0.0.0:4040 for SparkUI
[2026-04-13T14:07:59.260+0000] {subprocess.py:106} INFO - 26/04/13 14:07:59 WARN Utils: Service 'SparkUI' could not bind on port 4040. Attempting port 4041.
[2026-04-13T14:07:59.297+0000] {subprocess.py:106} INFO - 26/04/13 14:07:59 INFO Utils: Successfully started service 'SparkUI' on port 4041.
[2026-04-13T14:07:59.467+0000] {subprocess.py:106} INFO - 26/04/13 14:07:59 INFO SparkContext: Added JAR file:///home/spark/.ivy2.5.2/jars/org.apache.iceberg_iceberg-spark-runtime-4.0_2.13-1.10.1.jar at spark://spark-master:42897/jars/org.apache.iceberg_iceberg-spark-runtime-4.0_2.13-1.10.1.jar with timestamp 1776089276498
[2026-04-13T14:07:59.481+0000] {subprocess.py:106} INFO - 26/04/13 14:07:59 INFO SparkContext: Added file file:///home/spark/.ivy2.5.2/jars/org.apache.iceberg_iceberg-spark-runtime-4.0_2.13-1.10.1.jar at file:///home/spark/.ivy2.5.2/jars/org.apache.iceberg_iceberg-spark-runtime-4.0_2.13-1.10.1.jar with timestamp 1776089276498
[2026-04-13T14:07:59.489+0000] {subprocess.py:106} INFO - 26/04/13 14:07:59 INFO Utils: Copying /home/spark/.ivy2.5.2/jars/org.apache.iceberg_iceberg-spark-runtime-4.0_2.13-1.10.1.jar to /tmp/spark-ed505c29-701e-4d5a-8d38-fb7e683ccae3/userFiles-24a41b26-e866-43ae-8981-2726846e4cf2/org.apache.iceberg_iceberg-spark-runtime-4.0_2.13-1.10.1.jar
[2026-04-13T14:08:02.120+0000] {subprocess.py:106} INFO - 26/04/13 14:08:02 INFO SecurityManager: Changing view acls to: spark
[2026-04-13T14:08:02.129+0000] {subprocess.py:106} INFO - 26/04/13 14:08:02 INFO SecurityManager: Changing modify acls to: spark
[2026-04-13T14:08:02.133+0000] {subprocess.py:106} INFO - 26/04/13 14:08:02 INFO SecurityManager: Changing view acls groups to: spark
[2026-04-13T14:08:02.136+0000] {subprocess.py:106} INFO - 26/04/13 14:08:02 INFO SecurityManager: Changing modify acls groups to: spark
[2026-04-13T14:08:02.137+0000] {subprocess.py:106} INFO - 26/04/13 14:08:02 INFO SecurityManager: SecurityManager: authentication disabled; ui acls disabled; users with view permissions: spark groups with view permissions: EMPTY; users with modify permissions: spark; groups with modify permissions: EMPTY; RPC SSL disabled
[2026-04-13T14:08:03.366+0000] {subprocess.py:106} INFO - 26/04/13 14:08:03 INFO Executor: Starting executor ID driver on host spark-master
[2026-04-13T14:08:03.378+0000] {subprocess.py:106} INFO - 26/04/13 14:08:03 INFO Executor: OS info Linux, 6.6.87.2-microsoft-standard-WSL2, amd64
[2026-04-13T14:08:03.379+0000] {subprocess.py:106} INFO - 26/04/13 14:08:03 INFO Executor: Java version 21.0.10
[2026-04-13T14:08:03.450+0000] {subprocess.py:106} INFO - 26/04/13 14:08:03 INFO Executor: Starting executor with user classpath (userClassPathFirst = false): ''
[2026-04-13T14:08:03.462+0000] {subprocess.py:106} INFO - 26/04/13 14:08:03 INFO Executor: Created or updated repl class loader org.apache.spark.util.MutableURLClassLoader@60594c4b for default.
[2026-04-13T14:08:03.546+0000] {subprocess.py:106} INFO - 26/04/13 14:08:03 INFO Executor: Fetching file:///home/spark/.ivy2.5.2/jars/org.apache.iceberg_iceberg-spark-runtime-4.0_2.13-1.10.1.jar with timestamp 1776089276498
[2026-04-13T14:08:04.740+0000] {subprocess.py:106} INFO - 26/04/13 14:08:04 INFO Utils: /home/spark/.ivy2.5.2/jars/org.apache.iceberg_iceberg-spark-runtime-4.0_2.13-1.10.1.jar has been previously copied to /tmp/spark-ed505c29-701e-4d5a-8d38-fb7e683ccae3/userFiles-24a41b26-e866-43ae-8981-2726846e4cf2/org.apache.iceberg_iceberg-spark-runtime-4.0_2.13-1.10.1.jar
[2026-04-13T14:08:04.835+0000] {subprocess.py:106} INFO - 26/04/13 14:08:04 INFO Executor: Fetching spark://spark-master:42897/jars/org.apache.iceberg_iceberg-spark-runtime-4.0_2.13-1.10.1.jar with timestamp 1776089276498
[2026-04-13T14:08:05.311+0000] {subprocess.py:106} INFO - 26/04/13 14:08:05 INFO TransportClientFactory: Successfully created connection to spark-master/172.20.0.5:42897 after 321 ms (0 ms spent in bootstraps)
[2026-04-13T14:08:05.364+0000] {subprocess.py:106} INFO - 26/04/13 14:08:05 INFO Utils: Fetching spark://spark-master:42897/jars/org.apache.iceberg_iceberg-spark-runtime-4.0_2.13-1.10.1.jar to /tmp/spark-ed505c29-701e-4d5a-8d38-fb7e683ccae3/userFiles-24a41b26-e866-43ae-8981-2726846e4cf2/fetchFileTemp17439714146280716603.tmp
[2026-04-13T14:08:08.172+0000] {subprocess.py:106} INFO - 26/04/13 14:08:08 INFO Utils: /tmp/spark-ed505c29-701e-4d5a-8d38-fb7e683ccae3/userFiles-24a41b26-e866-43ae-8981-2726846e4cf2/fetchFileTemp17439714146280716603.tmp has been previously copied to /tmp/spark-ed505c29-701e-4d5a-8d38-fb7e683ccae3/userFiles-24a41b26-e866-43ae-8981-2726846e4cf2/org.apache.iceberg_iceberg-spark-runtime-4.0_2.13-1.10.1.jar
[2026-04-13T14:08:08.376+0000] {subprocess.py:106} INFO - 26/04/13 14:08:08 INFO Executor: Adding file:/tmp/spark-ed505c29-701e-4d5a-8d38-fb7e683ccae3/userFiles-24a41b26-e866-43ae-8981-2726846e4cf2/org.apache.iceberg_iceberg-spark-runtime-4.0_2.13-1.10.1.jar to class loader default
[2026-04-13T14:08:08.624+0000] {subprocess.py:106} INFO - 26/04/13 14:08:08 INFO Utils: Successfully started service 'org.apache.spark.network.netty.NettyBlockTransferService' on port 38643.
[2026-04-13T14:08:08.637+0000] {subprocess.py:106} INFO - 26/04/13 14:08:08 INFO NettyBlockTransferService: Server created on spark-master:38643
[2026-04-13T14:08:08.666+0000] {subprocess.py:106} INFO - 26/04/13 14:08:08 INFO BlockManager: Using org.apache.spark.storage.RandomBlockReplicationPolicy for block replication policy
[2026-04-13T14:08:08.797+0000] {subprocess.py:106} INFO - 26/04/13 14:08:08 INFO BlockManagerMaster: Registering BlockManager BlockManagerId(driver, spark-master, 38643, None)
[2026-04-13T14:08:08.894+0000] {subprocess.py:106} INFO - 26/04/13 14:08:08 INFO BlockManagerMasterEndpoint: Registering block manager spark-master:38643 with 1048.8 MiB RAM, BlockManagerId(driver, spark-master, 38643, None)
[2026-04-13T14:08:08.901+0000] {subprocess.py:106} INFO - 26/04/13 14:08:08 INFO BlockManagerMaster: Registered BlockManager BlockManagerId(driver, spark-master, 38643, None)
[2026-04-13T14:08:08.903+0000] {subprocess.py:106} INFO - 26/04/13 14:08:08 INFO BlockManager: Initialized BlockManager: BlockManagerId(driver, spark-master, 38643, None)
[2026-04-13T14:08:21.163+0000] {subprocess.py:106} INFO - Đọc dữ liệu Gold từ iceberg.air_quality_ml.air_quality_gold
[2026-04-13T14:08:21.306+0000] {subprocess.py:106} INFO - 26/04/13 14:08:21 INFO SharedState: spark.sql.warehouse.dir is not set, but hive.metastore.warehouse.dir is set. Setting spark.sql.warehouse.dir to the value of hive.metastore.warehouse.dir.
[2026-04-13T14:08:22.951+0000] {subprocess.py:106} INFO - 26/04/13 14:08:22 INFO SharedState: Warehouse path is 'hdfs://23133083thuyvan-master:9000/user/hive/lakehouse'.
[2026-04-13T14:08:27.617+0000] {subprocess.py:106} INFO - 26/04/13 14:08:27 INFO CatalogUtil: Loading custom FileIO implementation: org.apache.iceberg.hadoop.HadoopFileIO
[2026-04-13T14:08:27.946+0000] {subprocess.py:106} INFO - 26/04/13 14:08:27 INFO HiveConf: Found configuration file file:/home/spark/spark/conf/hive-site.xml
[2026-04-13T14:08:28.883+0000] {subprocess.py:106} INFO - 26/04/13 14:08:28 INFO metastore: Trying to connect to metastore with URI thrift://23133083thuyvan-master:9083
[2026-04-13T14:08:28.946+0000] {subprocess.py:106} INFO - 26/04/13 14:08:28 INFO metastore: Opened a connection to metastore, current connections: 1
[2026-04-13T14:08:29.033+0000] {subprocess.py:106} INFO - 26/04/13 14:08:29 INFO metastore: Connected to metastore.
[2026-04-13T14:08:30.374+0000] {subprocess.py:106} INFO - 26/04/13 14:08:30 INFO BaseMetastoreTableOperations: Refreshing table metadata from new version: hdfs://23133083thuyvan-master:9000/user/hive/lakehouse/gold/ml/air_quality_gold/metadata/00010-ed4ab30b-a58b-4b66-a582-ff05f3c1bf25.metadata.json
[2026-04-13T14:08:32.721+0000] {subprocess.py:106} INFO - 26/04/13 14:08:32 INFO BaseMetastoreCatalog: Table loaded by catalog: iceberg.air_quality_ml.air_quality_gold
[2026-04-13T14:08:34.380+0000] {subprocess.py:106} INFO - Traceback (most recent call last):
[2026-04-13T14:08:34.383+0000] {subprocess.py:106} INFO -   File "/home/spark/spark/spark_jobs/train_model.py", line 37, in <module>
[2026-04-13T14:08:34.395+0000] {subprocess.py:106} INFO -     train.writeTo("iceberg.air_quality_ml.air_quality_train").overwrite()
[2026-04-13T14:08:34.396+0000] {subprocess.py:106} INFO - TypeError: DataFrameWriterV2.overwrite() missing 1 required positional argument: 'condition'
[2026-04-13T14:08:37.724+0000] {subprocess.py:106} INFO - 26/04/13 14:08:37 INFO SparkContext: Invoking stop() from shutdown hook
[2026-04-13T14:08:37.737+0000] {subprocess.py:106} INFO - 26/04/13 14:08:37 INFO SparkContext: SparkContext is stopping with exitCode 0 from run at Executors.java:572.
[2026-04-13T14:08:37.793+0000] {subprocess.py:106} INFO - 26/04/13 14:08:37 INFO SparkUI: Stopped Spark web UI at http://spark-master:4041
[2026-04-13T14:08:37.862+0000] {subprocess.py:106} INFO - 26/04/13 14:08:37 INFO MapOutputTrackerMasterEndpoint: MapOutputTrackerMasterEndpoint stopped!
[2026-04-13T14:08:38.063+0000] {subprocess.py:106} INFO - 26/04/13 14:08:38 INFO MemoryStore: MemoryStore started with capacity 1048.8 MiB
[2026-04-13T14:08:38.069+0000] {subprocess.py:106} INFO - 26/04/13 14:08:38 INFO MemoryStore: MemoryStore cleared
[2026-04-13T14:08:38.072+0000] {subprocess.py:106} INFO - 26/04/13 14:08:38 INFO BlockManager: BlockManager stopped
[2026-04-13T14:08:38.113+0000] {subprocess.py:106} INFO - 26/04/13 14:08:38 INFO BlockManagerMaster: BlockManagerMaster stopped
[2026-04-13T14:08:38.135+0000] {subprocess.py:106} INFO - 26/04/13 14:08:38 INFO OutputCommitCoordinator$OutputCommitCoordinatorEndpoint: OutputCommitCoordinator stopped!
[2026-04-13T14:08:38.320+0000] {subprocess.py:106} INFO - 26/04/13 14:08:38 INFO SparkContext: Successfully stopped SparkContext
[2026-04-13T14:08:38.326+0000] {subprocess.py:106} INFO - 26/04/13 14:08:38 INFO ShutdownHookManager: Shutdown hook called
[2026-04-13T14:08:38.332+0000] {subprocess.py:106} INFO - 26/04/13 14:08:38 INFO ShutdownHookManager: Deleting directory /tmp/spark-ed505c29-701e-4d5a-8d38-fb7e683ccae3
[2026-04-13T14:08:38.348+0000] {subprocess.py:106} INFO - 26/04/13 14:08:38 INFO ShutdownHookManager: Deleting directory /tmp/spark-0059f36a-d410-427a-a4bb-ef9314c56337
[2026-04-13T14:08:38.372+0000] {subprocess.py:106} INFO - 26/04/13 14:08:38 INFO ShutdownHookManager: Deleting directory /tmp/spark-ed505c29-701e-4d5a-8d38-fb7e683ccae3/pyspark-f61574e4-b945-4ef6-a869-116e7ddfae9f
[2026-04-13T14:08:38.874+0000] {subprocess.py:110} INFO - Command exited with return code 1
[2026-04-13T14:08:39.344+0000] {taskinstance.py:3311} ERROR - Task failed with exception
Traceback (most recent call last):
  File "/home/airflow/airflow/venv/lib/python3.12/site-packages/airflow/models/taskinstance.py", line 767, in _execute_task
    result = _execute_callable(context=context, **execute_callable_kwargs)
             ^^^^^^^^^^^^^^^^^^^^^^^^^^^^^^^^^^^^^^^^^^^^^^^^^^^^^^^^^^^^^
  File "/home/airflow/airflow/venv/lib/python3.12/site-packages/airflow/models/taskinstance.py", line 733, in _execute_callable
    return ExecutionCallableRunner(
           ^^^^^^^^^^^^^^^^^^^^^^^^
  File "/home/airflow/airflow/venv/lib/python3.12/site-packages/airflow/utils/operator_helpers.py", line 252, in run
    return self.func(*args, **kwargs)
           ^^^^^^^^^^^^^^^^^^^^^^^^^^
  File "/home/airflow/airflow/venv/lib/python3.12/site-packages/airflow/models/baseoperator.py", line 422, in wrapper
    return func(self, *args, **kwargs)
           ^^^^^^^^^^^^^^^^^^^^^^^^^^^
  File "/home/airflow/airflow/venv/lib/python3.12/site-packages/airflow/operators/bash.py", line 276, in execute
    raise AirflowException(
airflow.exceptions.AirflowException: Bash command failed. The command returned a non-zero exit code 1.
[2026-04-13T14:08:39.584+0000] {taskinstance.py:1225} INFO - Marking task as UP_FOR_RETRY. dag_id=predict_aqi, task_id=train_model, run_id=manual__2026-04-13T13:05:03.915853+00:00, execution_date=20260413T130503, start_date=20260413T140737, end_date=20260413T140839
[2026-04-13T14:08:39.947+0000] {taskinstance.py:340} INFO - ::group::Post task execution logs
[2026-04-13T14:08:39.972+0000] {standard_task_runner.py:124} ERROR - Failed to execute job 158 for task train_model (Bash command failed. The command returned a non-zero exit code 1.; 55353)
Traceback (most recent call last):
  File "/home/airflow/airflow/venv/lib/python3.12/site-packages/airflow/task/task_runner/standard_task_runner.py", line 117, in _start_by_fork
    ret = args.func(args, dag=self.dag)
          ^^^^^^^^^^^^^^^^^^^^^^^^^^^^^
  File "/home/airflow/airflow/venv/lib/python3.12/site-packages/airflow/cli/cli_config.py", line 49, in command
    return func(*args, **kwargs)
           ^^^^^^^^^^^^^^^^^^^^^
  File "/home/airflow/airflow/venv/lib/python3.12/site-packages/airflow/utils/cli.py", line 116, in wrapper
    return f(*args, **kwargs)
           ^^^^^^^^^^^^^^^^^^
  File "/home/airflow/airflow/venv/lib/python3.12/site-packages/airflow/cli/commands/task_command.py", line 483, in task_run
    task_return_code = _run_task_by_selected_method(args, _dag, ti)
                       ^^^^^^^^^^^^^^^^^^^^^^^^^^^^^^^^^^^^^^^^^^^^
  File "/home/airflow/airflow/venv/lib/python3.12/site-packages/airflow/cli/commands/task_command.py", line 256, in _run_task_by_selected_method
    return _run_raw_task(args, ti)
           ^^^^^^^^^^^^^^^^^^^^^^^
  File "/home/airflow/airflow/venv/lib/python3.12/site-packages/airflow/cli/commands/task_command.py", line 341, in _run_raw_task
    return ti._run_raw_task(
           ^^^^^^^^^^^^^^^^^
  File "/home/airflow/airflow/venv/lib/python3.12/site-packages/airflow/utils/session.py", line 97, in wrapper
    return func(*args, session=session, **kwargs)
           ^^^^^^^^^^^^^^^^^^^^^^^^^^^^^^^^^^^^^^
  File "/home/airflow/airflow/venv/lib/python3.12/site-packages/airflow/models/taskinstance.py", line 3005, in _run_raw_task
    return _run_raw_task(
           ^^^^^^^^^^^^^^
  File "/home/airflow/airflow/venv/lib/python3.12/site-packages/airflow/models/taskinstance.py", line 273, in _run_raw_task
    TaskInstance._execute_task_with_callbacks(
  File "/home/airflow/airflow/venv/lib/python3.12/site-packages/airflow/models/taskinstance.py", line 3159, in _execute_task_with_callbacks
    result = self._execute_task(context, task_orig)
             ^^^^^^^^^^^^^^^^^^^^^^^^^^^^^^^^^^^^^^
  File "/home/airflow/airflow/venv/lib/python3.12/site-packages/airflow/models/taskinstance.py", line 3183, in _execute_task
    return _execute_task(self, context, task_orig)
           ^^^^^^^^^^^^^^^^^^^^^^^^^^^^^^^^^^^^^^^
  File "/home/airflow/airflow/venv/lib/python3.12/site-packages/airflow/models/taskinstance.py", line 767, in _execute_task
    result = _execute_callable(context=context, **execute_callable_kwargs)
             ^^^^^^^^^^^^^^^^^^^^^^^^^^^^^^^^^^^^^^^^^^^^^^^^^^^^^^^^^^^^^
  File "/home/airflow/airflow/venv/lib/python3.12/site-packages/airflow/models/taskinstance.py", line 733, in _execute_callable
    return ExecutionCallableRunner(
           ^^^^^^^^^^^^^^^^^^^^^^^^
  File "/home/airflow/airflow/venv/lib/python3.12/site-packages/airflow/utils/operator_helpers.py", line 252, in run
    return self.func(*args, **kwargs)
           ^^^^^^^^^^^^^^^^^^^^^^^^^^
  File "/home/airflow/airflow/venv/lib/python3.12/site-packages/airflow/models/baseoperator.py", line 422, in wrapper
    return func(self, *args, **kwargs)
           ^^^^^^^^^^^^^^^^^^^^^^^^^^^
  File "/home/airflow/airflow/venv/lib/python3.12/site-packages/airflow/operators/bash.py", line 276, in execute
    raise AirflowException(
airflow.exceptions.AirflowException: Bash command failed. The command returned a non-zero exit code 1.
[2026-04-13T14:08:40.146+0000] {local_task_job_runner.py:266} INFO - Task exited with return code 1
[2026-04-13T14:08:40.965+0000] {taskinstance.py:3895} INFO - 0 downstream tasks scheduled from follow-on schedule check
[2026-04-13T14:08:40.973+0000] {local_task_job_runner.py:245} INFO - ::endgroup::
