[2026-04-13T17:41:38.571+0000] {local_task_job_runner.py:123} INFO - ::group::Pre task execution logs
[2026-04-13T17:41:38.697+0000] {taskinstance.py:2613} INFO - Dependencies all met for dep_context=non-requeueable deps ti=<TaskInstance: predict_aqi.train_model manual__2026-04-13T14:13:06.049161+00:00 [queued]>
[2026-04-13T17:41:38.733+0000] {taskinstance.py:2613} INFO - Dependencies all met for dep_context=requeueable deps ti=<TaskInstance: predict_aqi.train_model manual__2026-04-13T14:13:06.049161+00:00 [queued]>
[2026-04-13T17:41:38.734+0000] {taskinstance.py:2866} INFO - Starting attempt 3 of 3
[2026-04-13T17:41:38.794+0000] {taskinstance.py:2889} INFO - Executing <Task(BashOperator): train_model> on 2026-04-13 14:13:06.049161+00:00
[2026-04-13T17:41:38.842+0000] {standard_task_runner.py:104} INFO - Running: ['airflow', 'tasks', 'run', 'predict_aqi', 'train_model', 'manual__2026-04-13T14:13:06.049161+00:00', '--job-id', '201', '--raw', '--subdir', 'DAGS_FOLDER/dag_ml.py', '--cfg-path', '/tmp/tmp93twwsqq']
[2026-04-13T17:41:38.845+0000] {standard_task_runner.py:105} INFO - Job 201: Subtask train_model
[2026-04-13T17:41:38.925+0000] {logging_mixin.py:190} WARNING - /home/airflow/airflow/venv/lib/python3.12/site-packages/airflow/task/task_runner/standard_task_runner.py:70 DeprecationWarning: This process (pid=86023) is multi-threaded, use of fork() may lead to deadlocks in the child.
[2026-04-13T17:41:38.927+0000] {standard_task_runner.py:72} INFO - Started process 86098 to run task
[2026-04-13T17:41:39.661+0000] {task_command.py:467} INFO - Running <TaskInstance: predict_aqi.train_model manual__2026-04-13T14:13:06.049161+00:00 [running]> on host airflow
[2026-04-13T17:41:40.584+0000] {taskinstance.py:3132} INFO - Exporting env vars: AIRFLOW_CTX_DAG_OWNER='airflow' AIRFLOW_CTX_DAG_ID='predict_aqi' AIRFLOW_CTX_TASK_ID='train_model' AIRFLOW_CTX_EXECUTION_DATE='2026-04-13T14:13:06.049161+00:00' AIRFLOW_CTX_TRY_NUMBER='3' AIRFLOW_CTX_DAG_RUN_ID='manual__2026-04-13T14:13:06.049161+00:00'
[2026-04-13T17:41:40.594+0000] {taskinstance.py:731} INFO - ::endgroup::
[2026-04-13T17:41:40.714+0000] {subprocess.py:78} INFO - Tmp dir root location: /tmp
[2026-04-13T17:41:40.730+0000] {subprocess.py:88} INFO - Running command: ['/usr/bin/bash', '-c', '\n            docker exec spark-master spark-submit                 --conf spark.pyspark.python=python3                 --packages org.apache.iceberg:iceberg-spark-runtime-4.0_2.13:1.10.1                 /home/spark/spark/spark_jobs/train_model.py 2026-04-13\n        ']
[2026-04-13T17:41:40.810+0000] {subprocess.py:99} INFO - Output:
[2026-04-13T17:42:00.482+0000] {job.py:229} INFO - Heartbeat recovered after 22.34 seconds
[2026-04-13T17:43:25.872+0000] {job.py:229} INFO - Heartbeat recovered after 61.89 seconds
[2026-04-13T17:43:29.790+0000] {subprocess.py:106} INFO - WARNING: Using incubator modules: jdk.incubator.vector
[2026-04-13T17:43:39.180+0000] {subprocess.py:106} INFO - :: loading settings :: url = jar:file:/home/spark/spark/jars/ivy-2.5.3.jar!/org/apache/ivy/core/settings/ivysettings.xml
[2026-04-13T17:43:39.752+0000] {subprocess.py:106} INFO - Ivy Default Cache set to: /home/spark/.ivy2.5.2/cache
[2026-04-13T17:43:39.759+0000] {subprocess.py:106} INFO - The jars for the packages stored in: /home/spark/.ivy2.5.2/jars
[2026-04-13T17:43:39.846+0000] {subprocess.py:106} INFO - org.apache.iceberg#iceberg-spark-runtime-4.0_2.13 added as a dependency
[2026-04-13T17:43:39.857+0000] {subprocess.py:106} INFO - :: resolving dependencies :: org.apache.spark#spark-submit-parent-4612f78f-a32a-40b8-8062-4026ed4ba1cd;1.0
[2026-04-13T17:43:39.863+0000] {subprocess.py:106} INFO - 	confs: [default]
[2026-04-13T17:43:40.189+0000] {subprocess.py:106} INFO - 	found org.apache.iceberg#iceberg-spark-runtime-4.0_2.13;1.10.1 in central
[2026-04-13T17:43:40.308+0000] {subprocess.py:106} INFO - :: resolution report :: resolve 408ms :: artifacts dl 52ms
[2026-04-13T17:43:40.318+0000] {subprocess.py:106} INFO - 	:: modules in use:
[2026-04-13T17:43:40.324+0000] {subprocess.py:106} INFO - 	org.apache.iceberg#iceberg-spark-runtime-4.0_2.13;1.10.1 from central in [default]
[2026-04-13T17:43:40.333+0000] {subprocess.py:106} INFO - 	---------------------------------------------------------------------
[2026-04-13T17:43:40.342+0000] {subprocess.py:106} INFO - 	|                  |            modules            ||   artifacts   |
[2026-04-13T17:43:40.358+0000] {subprocess.py:106} INFO - 	|       conf       | number| search|dwnlded|evicted|| number|dwnlded|
[2026-04-13T17:43:40.368+0000] {subprocess.py:106} INFO - 	---------------------------------------------------------------------
[2026-04-13T17:43:40.373+0000] {subprocess.py:106} INFO - 	|      default     |   1   |   0   |   0   |   0   ||   1   |   0   |
[2026-04-13T17:43:40.380+0000] {subprocess.py:106} INFO - 	---------------------------------------------------------------------
[2026-04-13T17:43:40.404+0000] {subprocess.py:106} INFO - :: retrieving :: org.apache.spark#spark-submit-parent-4612f78f-a32a-40b8-8062-4026ed4ba1cd
[2026-04-13T17:43:40.409+0000] {subprocess.py:106} INFO - 	confs: [default]
[2026-04-13T17:43:40.476+0000] {subprocess.py:106} INFO - 	0 artifacts copied, 1 already retrieved (0kB/69ms)
[2026-04-13T17:43:41.670+0000] {subprocess.py:106} INFO - 26/04/13 17:43:41 WARN NativeCodeLoader: Unable to load native-hadoop library for your platform... using builtin-java classes where applicable
[2026-04-13T17:44:03.360+0000] {subprocess.py:106} INFO - Using Spark's default log4j profile: org/apache/spark/log4j2-defaults.properties
[2026-04-13T17:44:03.764+0000] {subprocess.py:106} INFO - 26/04/13 17:44:03 INFO SparkContext: Running Spark version 4.0.2
[2026-04-13T17:44:03.793+0000] {subprocess.py:106} INFO - 26/04/13 17:44:03 INFO SparkContext: OS info Linux, 6.6.87.2-microsoft-standard-WSL2, amd64
[2026-04-13T17:44:03.812+0000] {subprocess.py:106} INFO - 26/04/13 17:44:03 INFO SparkContext: Java version 21.0.10
[2026-04-13T17:44:04.928+0000] {subprocess.py:106} INFO - 26/04/13 17:44:04 INFO ResourceUtils: ==============================================================
[2026-04-13T17:44:04.968+0000] {subprocess.py:106} INFO - 26/04/13 17:44:04 INFO ResourceUtils: No custom resources configured for spark.driver.
[2026-04-13T17:44:04.972+0000] {subprocess.py:106} INFO - 26/04/13 17:44:04 INFO ResourceUtils: ==============================================================
[2026-04-13T17:44:04.982+0000] {subprocess.py:106} INFO - 26/04/13 17:44:04 INFO SparkContext: Submitted application: TrainModel
[2026-04-13T17:44:05.941+0000] {subprocess.py:106} INFO - 26/04/13 17:44:05 INFO ResourceProfile: Default ResourceProfile created, executor resources: Map(cores -> name: cores, amount: 2, script: , vendor: , memory -> name: memory, amount: 2048, script: , vendor: , offHeap -> name: offHeap, amount: 0, script: , vendor: ), task resources: Map(cpus -> name: cpus, amount: 1.0)
[2026-04-13T17:44:06.173+0000] {subprocess.py:106} INFO - 26/04/13 17:44:06 INFO ResourceProfile: Limiting resource is cpus at 2 tasks per executor
[2026-04-13T17:44:06.210+0000] {subprocess.py:106} INFO - 26/04/13 17:44:06 INFO ResourceProfileManager: Added ResourceProfile id: 0
[2026-04-13T17:44:07.386+0000] {subprocess.py:106} INFO - 26/04/13 17:44:07 INFO SecurityManager: Changing view acls to: spark
[2026-04-13T17:44:07.406+0000] {subprocess.py:106} INFO - 26/04/13 17:44:07 INFO SecurityManager: Changing modify acls to: spark
[2026-04-13T17:44:07.408+0000] {subprocess.py:106} INFO - 26/04/13 17:44:07 INFO SecurityManager: Changing view acls groups to: spark
[2026-04-13T17:44:07.410+0000] {subprocess.py:106} INFO - 26/04/13 17:44:07 INFO SecurityManager: Changing modify acls groups to: spark
[2026-04-13T17:44:07.412+0000] {subprocess.py:106} INFO - 26/04/13 17:44:07 INFO SecurityManager: SecurityManager: authentication disabled; ui acls disabled; users with view permissions: spark groups with view permissions: EMPTY; users with modify permissions: spark; groups with modify permissions: EMPTY; RPC SSL disabled
[2026-04-13T17:44:15.169+0000] {subprocess.py:106} INFO - 26/04/13 17:44:15 INFO Utils: Successfully started service 'sparkDriver' on port 41719.
[2026-04-13T17:44:15.389+0000] {subprocess.py:106} INFO - 26/04/13 17:44:15 INFO SparkEnv: Registering MapOutputTracker
[2026-04-13T17:44:15.429+0000] {subprocess.py:106} INFO - 26/04/13 17:44:15 INFO SparkEnv: Registering BlockManagerMaster
[2026-04-13T17:44:15.480+0000] {subprocess.py:106} INFO - 26/04/13 17:44:15 INFO BlockManagerMasterEndpoint: Using org.apache.spark.storage.DefaultTopologyMapper for getting topology information
[2026-04-13T17:44:15.482+0000] {subprocess.py:106} INFO - 26/04/13 17:44:15 INFO BlockManagerMasterEndpoint: BlockManagerMasterEndpoint up
[2026-04-13T17:44:15.495+0000] {subprocess.py:106} INFO - 26/04/13 17:44:15 INFO SparkEnv: Registering BlockManagerMasterHeartbeat
[2026-04-13T17:44:15.682+0000] {subprocess.py:106} INFO - 26/04/13 17:44:15 INFO DiskBlockManager: Created local directory at /tmp/blockmgr-692424a6-7185-4cba-beef-fd8cfc58c087
[2026-04-13T17:44:15.857+0000] {subprocess.py:106} INFO - 26/04/13 17:44:15 INFO SparkEnv: Registering OutputCommitCoordinator
[2026-04-13T17:44:16.571+0000] {subprocess.py:106} INFO - 26/04/13 17:44:16 INFO JettyUtils: Start Jetty 0.0.0.0:4040 for SparkUI
[2026-04-13T17:44:16.913+0000] {subprocess.py:106} INFO - 26/04/13 17:44:16 WARN Utils: Service 'SparkUI' could not bind on port 4040. Attempting port 4041.
[2026-04-13T17:44:17.014+0000] {subprocess.py:106} INFO - 26/04/13 17:44:17 INFO Utils: Successfully started service 'SparkUI' on port 4041.
[2026-04-13T17:44:17.412+0000] {subprocess.py:106} INFO - 26/04/13 17:44:17 INFO SparkContext: Added JAR file:///home/spark/.ivy2.5.2/jars/org.apache.iceberg_iceberg-spark-runtime-4.0_2.13-1.10.1.jar at spark://spark-master:41719/jars/org.apache.iceberg_iceberg-spark-runtime-4.0_2.13-1.10.1.jar with timestamp 1776102242670
[2026-04-13T17:44:17.445+0000] {subprocess.py:106} INFO - 26/04/13 17:44:17 INFO SparkContext: Added file file:///home/spark/.ivy2.5.2/jars/org.apache.iceberg_iceberg-spark-runtime-4.0_2.13-1.10.1.jar at file:///home/spark/.ivy2.5.2/jars/org.apache.iceberg_iceberg-spark-runtime-4.0_2.13-1.10.1.jar with timestamp 1776102242670
[2026-04-13T17:44:17.467+0000] {subprocess.py:106} INFO - 26/04/13 17:44:17 INFO Utils: Copying /home/spark/.ivy2.5.2/jars/org.apache.iceberg_iceberg-spark-runtime-4.0_2.13-1.10.1.jar to /tmp/spark-2c440d32-d50d-4bc0-83e4-38f03b65385b/userFiles-a25644d4-e1f3-4d2f-ad93-5338cb2394eb/org.apache.iceberg_iceberg-spark-runtime-4.0_2.13-1.10.1.jar
[2026-04-13T17:44:21.317+0000] {subprocess.py:106} INFO - 26/04/13 17:44:21 INFO SecurityManager: Changing view acls to: spark
[2026-04-13T17:44:21.344+0000] {subprocess.py:106} INFO - 26/04/13 17:44:21 INFO SecurityManager: Changing modify acls to: spark
[2026-04-13T17:44:21.353+0000] {subprocess.py:106} INFO - 26/04/13 17:44:21 INFO SecurityManager: Changing view acls groups to: spark
[2026-04-13T17:44:21.356+0000] {subprocess.py:106} INFO - 26/04/13 17:44:21 INFO SecurityManager: Changing modify acls groups to: spark
[2026-04-13T17:44:21.357+0000] {subprocess.py:106} INFO - 26/04/13 17:44:21 INFO SecurityManager: SecurityManager: authentication disabled; ui acls disabled; users with view permissions: spark groups with view permissions: EMPTY; users with modify permissions: spark; groups with modify permissions: EMPTY; RPC SSL disabled
[2026-04-13T17:44:22.801+0000] {subprocess.py:106} INFO - 26/04/13 17:44:22 INFO Executor: Starting executor ID driver on host spark-master
[2026-04-13T17:44:22.803+0000] {subprocess.py:106} INFO - 26/04/13 17:44:22 INFO Executor: OS info Linux, 6.6.87.2-microsoft-standard-WSL2, amd64
[2026-04-13T17:44:22.804+0000] {subprocess.py:106} INFO - 26/04/13 17:44:22 INFO Executor: Java version 21.0.10
[2026-04-13T17:44:22.864+0000] {subprocess.py:106} INFO - 26/04/13 17:44:22 INFO Executor: Starting executor with user classpath (userClassPathFirst = false): ''
[2026-04-13T17:44:22.877+0000] {subprocess.py:106} INFO - 26/04/13 17:44:22 INFO Executor: Created or updated repl class loader org.apache.spark.util.MutableURLClassLoader@3377572f for default.
[2026-04-13T17:44:22.946+0000] {subprocess.py:106} INFO - 26/04/13 17:44:22 INFO Executor: Fetching file:///home/spark/.ivy2.5.2/jars/org.apache.iceberg_iceberg-spark-runtime-4.0_2.13-1.10.1.jar with timestamp 1776102242670
[2026-04-13T17:44:23.637+0000] {subprocess.py:106} INFO - 26/04/13 17:44:23 INFO Utils: /home/spark/.ivy2.5.2/jars/org.apache.iceberg_iceberg-spark-runtime-4.0_2.13-1.10.1.jar has been previously copied to /tmp/spark-2c440d32-d50d-4bc0-83e4-38f03b65385b/userFiles-a25644d4-e1f3-4d2f-ad93-5338cb2394eb/org.apache.iceberg_iceberg-spark-runtime-4.0_2.13-1.10.1.jar
[2026-04-13T17:44:23.699+0000] {subprocess.py:106} INFO - 26/04/13 17:44:23 INFO Executor: Fetching spark://spark-master:41719/jars/org.apache.iceberg_iceberg-spark-runtime-4.0_2.13-1.10.1.jar with timestamp 1776102242670
[2026-04-13T17:44:23.937+0000] {subprocess.py:106} INFO - 26/04/13 17:44:23 INFO TransportClientFactory: Successfully created connection to spark-master/172.20.0.5:41719 after 146 ms (0 ms spent in bootstraps)
[2026-04-13T17:44:24.011+0000] {subprocess.py:106} INFO - 26/04/13 17:44:23 INFO Utils: Fetching spark://spark-master:41719/jars/org.apache.iceberg_iceberg-spark-runtime-4.0_2.13-1.10.1.jar to /tmp/spark-2c440d32-d50d-4bc0-83e4-38f03b65385b/userFiles-a25644d4-e1f3-4d2f-ad93-5338cb2394eb/fetchFileTemp7611757312990491051.tmp
[2026-04-13T17:44:28.827+0000] {subprocess.py:106} INFO - 26/04/13 17:44:28 INFO Utils: /tmp/spark-2c440d32-d50d-4bc0-83e4-38f03b65385b/userFiles-a25644d4-e1f3-4d2f-ad93-5338cb2394eb/fetchFileTemp7611757312990491051.tmp has been previously copied to /tmp/spark-2c440d32-d50d-4bc0-83e4-38f03b65385b/userFiles-a25644d4-e1f3-4d2f-ad93-5338cb2394eb/org.apache.iceberg_iceberg-spark-runtime-4.0_2.13-1.10.1.jar
[2026-04-13T17:44:29.031+0000] {subprocess.py:106} INFO - 26/04/13 17:44:29 INFO Executor: Adding file:/tmp/spark-2c440d32-d50d-4bc0-83e4-38f03b65385b/userFiles-a25644d4-e1f3-4d2f-ad93-5338cb2394eb/org.apache.iceberg_iceberg-spark-runtime-4.0_2.13-1.10.1.jar to class loader default
[2026-04-13T17:44:29.326+0000] {subprocess.py:106} INFO - 26/04/13 17:44:29 INFO Utils: Successfully started service 'org.apache.spark.network.netty.NettyBlockTransferService' on port 38167.
[2026-04-13T17:44:29.338+0000] {subprocess.py:106} INFO - 26/04/13 17:44:29 INFO NettyBlockTransferService: Server created on spark-master:38167
[2026-04-13T17:44:29.394+0000] {subprocess.py:106} INFO - 26/04/13 17:44:29 INFO BlockManager: Using org.apache.spark.storage.RandomBlockReplicationPolicy for block replication policy
[2026-04-13T17:44:29.676+0000] {subprocess.py:106} INFO - 26/04/13 17:44:29 INFO BlockManagerMaster: Registering BlockManager BlockManagerId(driver, spark-master, 38167, None)
[2026-04-13T17:44:29.717+0000] {subprocess.py:106} INFO - 26/04/13 17:44:29 INFO BlockManagerMasterEndpoint: Registering block manager spark-master:38167 with 1048.8 MiB RAM, BlockManagerId(driver, spark-master, 38167, None)
[2026-04-13T17:44:29.728+0000] {subprocess.py:106} INFO - 26/04/13 17:44:29 INFO BlockManagerMaster: Registered BlockManager BlockManagerId(driver, spark-master, 38167, None)
[2026-04-13T17:44:29.799+0000] {subprocess.py:106} INFO - 26/04/13 17:44:29 INFO BlockManager: Initialized BlockManager: BlockManagerId(driver, spark-master, 38167, None)
[2026-04-13T17:44:49.319+0000] {subprocess.py:106} INFO - Đọc dữ liệu Gold từ iceberg.air_quality_ml.air_quality_gold
[2026-04-13T17:44:49.622+0000] {subprocess.py:106} INFO - 26/04/13 17:44:49 INFO SharedState: spark.sql.warehouse.dir is not set, but hive.metastore.warehouse.dir is set. Setting spark.sql.warehouse.dir to the value of hive.metastore.warehouse.dir.
[2026-04-13T17:44:52.783+0000] {subprocess.py:106} INFO - 26/04/13 17:44:52 INFO SharedState: Warehouse path is 'hdfs://23133083thuyvan-master:9000/user/hive/lakehouse'.
[2026-04-13T17:45:04.635+0000] {subprocess.py:106} INFO - 26/04/13 17:45:04 INFO CatalogUtil: Loading custom FileIO implementation: org.apache.iceberg.hadoop.HadoopFileIO
[2026-04-13T17:45:05.660+0000] {subprocess.py:106} INFO - 26/04/13 17:45:05 INFO HiveConf: Found configuration file file:/home/spark/spark/conf/hive-site.xml
[2026-04-13T17:45:07.037+0000] {subprocess.py:106} INFO - 26/04/13 17:45:07 INFO metastore: Trying to connect to metastore with URI thrift://23133083thuyvan-master:9083
[2026-04-13T17:45:07.226+0000] {subprocess.py:106} INFO - 26/04/13 17:45:07 INFO metastore: Opened a connection to metastore, current connections: 1
[2026-04-13T17:45:07.837+0000] {subprocess.py:106} INFO - 26/04/13 17:45:07 INFO metastore: Connected to metastore.
[2026-04-13T17:46:18.027+0000] {job.py:239} ERROR - Job heartbeat failed with error
Traceback (most recent call last):
  File "/home/airflow/airflow/venv/lib/python3.12/site-packages/sqlalchemy/engine/base.py", line 3371, in _wrap_pool_connect
    return fn()
           ^^^^
  File "/home/airflow/airflow/venv/lib/python3.12/site-packages/sqlalchemy/pool/base.py", line 327, in connect
    return _ConnectionFairy._checkout(self)
           ^^^^^^^^^^^^^^^^^^^^^^^^^^^^^^^^
  File "/home/airflow/airflow/venv/lib/python3.12/site-packages/sqlalchemy/pool/base.py", line 894, in _checkout
    fairy = _ConnectionRecord.checkout(pool)
            ^^^^^^^^^^^^^^^^^^^^^^^^^^^^^^^^
  File "/home/airflow/airflow/venv/lib/python3.12/site-packages/sqlalchemy/pool/base.py", line 493, in checkout
    rec = pool._do_get()
          ^^^^^^^^^^^^^^
  File "/home/airflow/airflow/venv/lib/python3.12/site-packages/sqlalchemy/pool/impl.py", line 256, in _do_get
    return self._create_connection()
           ^^^^^^^^^^^^^^^^^^^^^^^^^
  File "/home/airflow/airflow/venv/lib/python3.12/site-packages/sqlalchemy/pool/base.py", line 273, in _create_connection
    return _ConnectionRecord(self)
           ^^^^^^^^^^^^^^^^^^^^^^^
  File "/home/airflow/airflow/venv/lib/python3.12/site-packages/sqlalchemy/pool/base.py", line 388, in __init__
    self.__connect()
  File "/home/airflow/airflow/venv/lib/python3.12/site-packages/sqlalchemy/pool/base.py", line 690, in __connect
    with util.safe_reraise():
         ^^^^^^^^^^^^^^^^^^^
  File "/home/airflow/airflow/venv/lib/python3.12/site-packages/sqlalchemy/util/langhelpers.py", line 70, in __exit__
    compat.raise_(
  File "/home/airflow/airflow/venv/lib/python3.12/site-packages/sqlalchemy/util/compat.py", line 211, in raise_
    raise exception
  File "/home/airflow/airflow/venv/lib/python3.12/site-packages/sqlalchemy/pool/base.py", line 686, in __connect
    self.dbapi_connection = connection = pool._invoke_creator(self)
                                         ^^^^^^^^^^^^^^^^^^^^^^^^^^
  File "/home/airflow/airflow/venv/lib/python3.12/site-packages/sqlalchemy/engine/create.py", line 574, in connect
    return dialect.connect(*cargs, **cparams)
           ^^^^^^^^^^^^^^^^^^^^^^^^^^^^^^^^^^
  File "/home/airflow/airflow/venv/lib/python3.12/site-packages/sqlalchemy/engine/default.py", line 598, in connect
    return self.dbapi.connect(*cargs, **cparams)
           ^^^^^^^^^^^^^^^^^^^^^^^^^^^^^^^^^^^^^
  File "/home/airflow/airflow/venv/lib/python3.12/site-packages/psycopg2/__init__.py", line 122, in connect
    conn = _connect(dsn, connection_factory=connection_factory, **kwasync)
           ^^^^^^^^^^^^^^^^^^^^^^^^^^^^^^^^^^^^^^^^^^^^^^^^^^^^^^^^^^^^^^^
psycopg2.OperationalError: could not translate host name "***" to address: Temporary failure in name resolution


The above exception was the direct cause of the following exception:

Traceback (most recent call last):
  File "/home/airflow/airflow/venv/lib/python3.12/site-packages/airflow/jobs/job.py", line 207, in heartbeat
    self._merge_from(Job._fetch_from_db(self, session))
                     ^^^^^^^^^^^^^^^^^^^^^^^^^^^^^^^^^
  File "/home/airflow/airflow/venv/lib/python3.12/site-packages/airflow/api_internal/internal_api_call.py", line 166, in wrapper
    return func(*args, **kwargs)
           ^^^^^^^^^^^^^^^^^^^^^
  File "/home/airflow/airflow/venv/lib/python3.12/site-packages/airflow/utils/session.py", line 94, in wrapper
    return func(*args, **kwargs)
           ^^^^^^^^^^^^^^^^^^^^^
  File "/home/airflow/airflow/venv/lib/python3.12/site-packages/airflow/utils/retries.py", line 93, in wrapped_function
    for attempt in run_with_db_retries(max_retries=retries, logger=logger, **retry_kwargs):
                   ^^^^^^^^^^^^^^^^^^^^^^^^^^^^^^^^^^^^^^^^^^^^^^^^^^^^^^^^^^^^^^^^^^^^^^^
  File "/home/airflow/airflow/venv/lib/python3.12/site-packages/tenacity/__init__.py", line 438, in __iter__
    do = self.iter(retry_state=retry_state)
         ^^^^^^^^^^^^^^^^^^^^^^^^^^^^^^^^^^
  File "/home/airflow/airflow/venv/lib/python3.12/site-packages/tenacity/__init__.py", line 371, in iter
    result = action(retry_state)
             ^^^^^^^^^^^^^^^^^^^
  File "/home/airflow/airflow/venv/lib/python3.12/site-packages/tenacity/__init__.py", line 413, in exc_check
    raise retry_exc.reraise()
          ^^^^^^^^^^^^^^^^^^^
  File "/home/airflow/airflow/venv/lib/python3.12/site-packages/tenacity/__init__.py", line 184, in reraise
    raise self.last_attempt.result()
          ^^^^^^^^^^^^^^^^^^^^^^^^^^
  File "/usr/local/lib/python3.12/concurrent/futures/_base.py", line 449, in result
    return self.__get_result()
           ^^^^^^^^^^^^^^^^^^^
  File "/usr/local/lib/python3.12/concurrent/futures/_base.py", line 401, in __get_result
    raise self._exception
  File "/home/airflow/airflow/venv/lib/python3.12/site-packages/airflow/utils/retries.py", line 102, in wrapped_function
    return func(*args, **kwargs)
           ^^^^^^^^^^^^^^^^^^^^^
  File "/home/airflow/airflow/venv/lib/python3.12/site-packages/airflow/jobs/job.py", line 335, in _fetch_from_db
    session.merge(job)
  File "/home/airflow/airflow/venv/lib/python3.12/site-packages/sqlalchemy/orm/session.py", line 3056, in merge
    return self._merge(
           ^^^^^^^^^^^^
  File "/home/airflow/airflow/venv/lib/python3.12/site-packages/sqlalchemy/orm/session.py", line 3136, in _merge
    merged = self.get(
             ^^^^^^^^^
  File "/home/airflow/airflow/venv/lib/python3.12/site-packages/sqlalchemy/orm/session.py", line 2853, in get
    return self._get_impl(
           ^^^^^^^^^^^^^^^
  File "/home/airflow/airflow/venv/lib/python3.12/site-packages/sqlalchemy/orm/session.py", line 2975, in _get_impl
    return db_load_fn(
           ^^^^^^^^^^^
  File "/home/airflow/airflow/venv/lib/python3.12/site-packages/sqlalchemy/orm/loading.py", line 530, in load_on_pk_identity
    session.execute(
  File "/home/airflow/airflow/venv/lib/python3.12/site-packages/sqlalchemy/orm/session.py", line 1716, in execute
    conn = self._connection_for_bind(bind)
           ^^^^^^^^^^^^^^^^^^^^^^^^^^^^^^^
  File "/home/airflow/airflow/venv/lib/python3.12/site-packages/sqlalchemy/orm/session.py", line 1555, in _connection_for_bind
    return self._transaction._connection_for_bind(
           ^^^^^^^^^^^^^^^^^^^^^^^^^^^^^^^^^^^^^^^
  File "/home/airflow/airflow/venv/lib/python3.12/site-packages/sqlalchemy/orm/session.py", line 750, in _connection_for_bind
    conn = bind.connect()
           ^^^^^^^^^^^^^^
  File "/home/airflow/airflow/venv/lib/python3.12/site-packages/sqlalchemy/future/engine.py", line 412, in connect
    return super(Engine, self).connect()
           ^^^^^^^^^^^^^^^^^^^^^^^^^^^^^
  File "/home/airflow/airflow/venv/lib/python3.12/site-packages/sqlalchemy/engine/base.py", line 3325, in connect
    return self._connection_cls(self, close_with_result=close_with_result)
           ^^^^^^^^^^^^^^^^^^^^^^^^^^^^^^^^^^^^^^^^^^^^^^^^^^^^^^^^^^^^^^^
  File "/home/airflow/airflow/venv/lib/python3.12/site-packages/sqlalchemy/engine/base.py", line 96, in __init__
    else engine.raw_connection()
         ^^^^^^^^^^^^^^^^^^^^^^^
  File "/home/airflow/airflow/venv/lib/python3.12/site-packages/sqlalchemy/engine/base.py", line 3404, in raw_connection
    return self._wrap_pool_connect(self.pool.connect, _connection)
           ^^^^^^^^^^^^^^^^^^^^^^^^^^^^^^^^^^^^^^^^^^^^^^^^^^^^^^^
  File "/home/airflow/airflow/venv/lib/python3.12/site-packages/sqlalchemy/engine/base.py", line 3374, in _wrap_pool_connect
    Connection._handle_dbapi_exception_noconnection(
  File "/home/airflow/airflow/venv/lib/python3.12/site-packages/sqlalchemy/engine/base.py", line 2208, in _handle_dbapi_exception_noconnection
    util.raise_(
  File "/home/airflow/airflow/venv/lib/python3.12/site-packages/sqlalchemy/util/compat.py", line 211, in raise_
    raise exception
  File "/home/airflow/airflow/venv/lib/python3.12/site-packages/sqlalchemy/engine/base.py", line 3371, in _wrap_pool_connect
    return fn()
           ^^^^
  File "/home/airflow/airflow/venv/lib/python3.12/site-packages/sqlalchemy/pool/base.py", line 327, in connect
    return _ConnectionFairy._checkout(self)
           ^^^^^^^^^^^^^^^^^^^^^^^^^^^^^^^^
  File "/home/airflow/airflow/venv/lib/python3.12/site-packages/sqlalchemy/pool/base.py", line 894, in _checkout
    fairy = _ConnectionRecord.checkout(pool)
            ^^^^^^^^^^^^^^^^^^^^^^^^^^^^^^^^
  File "/home/airflow/airflow/venv/lib/python3.12/site-packages/sqlalchemy/pool/base.py", line 493, in checkout
    rec = pool._do_get()
          ^^^^^^^^^^^^^^
  File "/home/airflow/airflow/venv/lib/python3.12/site-packages/sqlalchemy/pool/impl.py", line 256, in _do_get
    return self._create_connection()
           ^^^^^^^^^^^^^^^^^^^^^^^^^
  File "/home/airflow/airflow/venv/lib/python3.12/site-packages/sqlalchemy/pool/base.py", line 273, in _create_connection
    return _ConnectionRecord(self)
           ^^^^^^^^^^^^^^^^^^^^^^^
  File "/home/airflow/airflow/venv/lib/python3.12/site-packages/sqlalchemy/pool/base.py", line 388, in __init__
    self.__connect()
  File "/home/airflow/airflow/venv/lib/python3.12/site-packages/sqlalchemy/pool/base.py", line 690, in __connect
    with util.safe_reraise():
         ^^^^^^^^^^^^^^^^^^^
  File "/home/airflow/airflow/venv/lib/python3.12/site-packages/sqlalchemy/util/langhelpers.py", line 70, in __exit__
    compat.raise_(
  File "/home/airflow/airflow/venv/lib/python3.12/site-packages/sqlalchemy/util/compat.py", line 211, in raise_
    raise exception
  File "/home/airflow/airflow/venv/lib/python3.12/site-packages/sqlalchemy/pool/base.py", line 686, in __connect
    self.dbapi_connection = connection = pool._invoke_creator(self)
                                         ^^^^^^^^^^^^^^^^^^^^^^^^^^
  File "/home/airflow/airflow/venv/lib/python3.12/site-packages/sqlalchemy/engine/create.py", line 574, in connect
    return dialect.connect(*cargs, **cparams)
           ^^^^^^^^^^^^^^^^^^^^^^^^^^^^^^^^^^
  File "/home/airflow/airflow/venv/lib/python3.12/site-packages/sqlalchemy/engine/default.py", line 598, in connect
    return self.dbapi.connect(*cargs, **cparams)
           ^^^^^^^^^^^^^^^^^^^^^^^^^^^^^^^^^^^^^
  File "/home/airflow/airflow/venv/lib/python3.12/site-packages/psycopg2/__init__.py", line 122, in connect
    conn = _connect(dsn, connection_factory=connection_factory, **kwasync)
           ^^^^^^^^^^^^^^^^^^^^^^^^^^^^^^^^^^^^^^^^^^^^^^^^^^^^^^^^^^^^^^^
sqlalchemy.exc.OperationalError: (psycopg2.OperationalError) could not translate host name "***" to address: Temporary failure in name resolution

(Background on this error at: https://sqlalche.me/e/14/e3q8)
[2026-04-13T17:47:02.367+0000] {job.py:254} ERROR - Job heartbeat failed with error. Scheduler is in unhealthy state
[2026-04-13T17:47:03.890+0000] {subprocess.py:106} INFO - 26/04/13 17:45:14 INFO BaseMetastoreTableOperations: Refreshing table metadata from new version: hdfs://23133083thuyvan-master:9000/user/hive/lakehouse/gold/ml/air_quality_gold/metadata/00017-5d622b02-94ed-422d-ad98-c11da9169046.metadata.json
[2026-04-13T17:47:03.988+0000] {subprocess.py:106} INFO - 26/04/13 17:46:14 INFO AsyncEventQueue: Process of event SparkListenerExecutorMetricsUpdate(driver,ArraySeq(),HashMap()) bylistener AppStatusListener took 3358.250975ms.
[2026-04-13T17:47:08.505+0000] {job.py:229} INFO - Heartbeat recovered after 115.23 seconds
[2026-04-13T17:47:12.421+0000] {subprocess.py:106} INFO - 26/04/13 17:47:12 INFO BaseMetastoreCatalog: Table loaded by catalog: iceberg.air_quality_ml.air_quality_gold
[2026-04-13T17:47:32.770+0000] {job.py:229} INFO - Heartbeat recovered after 18.66 seconds
[2026-04-13T17:47:50.565+0000] {subprocess.py:106} INFO - 26/04/13 17:47:50 INFO BaseMetastoreTableOperations: Refreshing table metadata from new version: hdfs://23133083thuyvan-master:9000/user/hive/lakehouse/gold/ml/air_quality_train/metadata/00005-5625da1c-b408-4197-bbc4-15bc42d63f95.metadata.json
[2026-04-13T17:47:55.307+0000] {subprocess.py:106} INFO - 26/04/13 17:47:55 INFO BaseMetastoreCatalog: Table loaded by catalog: iceberg.air_quality_ml.air_quality_train
[2026-04-13T17:47:55.696+0000] {subprocess.py:106} INFO - 26/04/13 17:47:55 INFO BaseMetastoreCatalog: Table properties set at catalog level through catalog properties: {}
[2026-04-13T17:47:55.887+0000] {subprocess.py:106} INFO - 26/04/13 17:47:55 INFO BaseMetastoreCatalog: Table properties enforced at catalog level through catalog properties: {}
[2026-04-13T17:47:56.149+0000] {subprocess.py:106} INFO - 26/04/13 17:47:56 INFO BaseMetastoreTableOperations: Refreshing table metadata from new version: hdfs://23133083thuyvan-master:9000/user/hive/lakehouse/gold/ml/air_quality_train/metadata/00005-5625da1c-b408-4197-bbc4-15bc42d63f95.metadata.json
[2026-04-13T17:47:58.709+0000] {subprocess.py:106} INFO - 26/04/13 17:47:58 INFO V2ScanRelationPushDown:
[2026-04-13T17:47:58.765+0000] {subprocess.py:106} INFO - Output: timestamp#0, location#1, latitude#2, longitude#3, country#4, condition_text#5, timezone#6, temperature_2m#7, relative_humidity_2m#8, apparent_temperature#9, precipitation#10, cloud_cover#11, wind_speed_10m#12, wind_direction_10m#13, wind_gusts_10m#14, uv_index#15, weather_code#16, european_aqi#17, us_aqi#18, us_aqi_index#19, aqi_label#20, pm10#21, pm2_5#22, carbon_monoxide#23, nitrogen_dioxide#24, sulphur_dioxide#25, ozone#26, processing_time#27, data_source#28
[2026-04-13T17:47:58.771+0000] {subprocess.py:106} INFO - 
[2026-04-13T17:47:58.853+0000] {subprocess.py:106} INFO - 26/04/13 17:47:58 INFO SnapshotScan: Scanning table iceberg.air_quality_ml.air_quality_gold snapshot 1720910725916225615 created at 2026-04-13T17:34:39.216+00:00 with filter true
[2026-04-13T17:48:08.716+0000] {subprocess.py:106} INFO - 26/04/13 17:48:08 INFO BaseDistributedDataScan: Planning file tasks locally for table iceberg.air_quality_ml.air_quality_gold
[2026-04-13T17:48:18.412+0000] {subprocess.py:106} INFO - 26/04/13 17:48:18 INFO SparkPartitioningAwareScan: Reporting UnknownPartitioning with 68 partition(s) for table iceberg.air_quality_ml.air_quality_gold
[2026-04-13T17:48:21.267+0000] {subprocess.py:106} INFO - 26/04/13 17:48:21 INFO MemoryStore: MemoryStore started with capacity 1048.8 MiB
[2026-04-13T17:48:21.607+0000] {subprocess.py:106} INFO - 26/04/13 17:48:21 INFO MemoryStore: Block broadcast_0 stored as values in memory (estimated size 32.0 KiB, free 1048.8 MiB)
[2026-04-13T17:48:22.949+0000] {subprocess.py:106} INFO - 26/04/13 17:48:22 INFO MemoryStore: Block broadcast_0_piece0 stored as bytes in memory (estimated size 34.8 KiB, free 1048.7 MiB)
[2026-04-13T17:48:23.174+0000] {subprocess.py:106} INFO - 26/04/13 17:48:23 INFO SparkContext: Created broadcast 0 from broadcast at SparkBatch.java:87
[2026-04-13T17:48:25.743+0000] {subprocess.py:106} INFO - 26/04/13 17:48:25 INFO MemoryStore: Block broadcast_1 stored as values in memory (estimated size 32.0 KiB, free 1048.7 MiB)
[2026-04-13T17:48:25.894+0000] {subprocess.py:106} INFO - 26/04/13 17:48:25 INFO MemoryStore: Block broadcast_1_piece0 stored as bytes in memory (estimated size 34.8 KiB, free 1048.7 MiB)
[2026-04-13T17:48:25.906+0000] {subprocess.py:106} INFO - 26/04/13 17:48:25 INFO SparkContext: Created broadcast 1 from broadcast at SparkBatch.java:87
[2026-04-13T17:48:47.365+0000] {job.py:229} INFO - Heartbeat recovered after 23.68 seconds
[2026-04-13T17:48:47.777+0000] {subprocess.py:106} INFO - 26/04/13 17:48:27 WARN SparkStringUtils: Truncated the string representation of a plan since it was too large. This behavior can be adjusted by setting 'spark.sql.debug.maxToStringFields'.
[2026-04-13T17:49:11.011+0000] {job.py:229} INFO - Heartbeat recovered after 23.70 seconds
[2026-04-13T17:49:11.205+0000] {subprocess.py:106} INFO - 26/04/13 17:48:52 INFO AsyncEventQueue: Process of event SparkListenerExecutorMetricsUpdate(driver,ArraySeq(),HashMap((-1,-1) -> org.apache.spark.executor.ExecutorMetrics@68979ba7)) bylistener AppStatusListener took 1621.140201ms.
[2026-04-13T17:49:16.720+0000] {subprocess.py:106} INFO - 26/04/13 17:49:16 INFO CodeGenerator: Code generated in 4930.783583 ms
[2026-04-13T17:49:18.415+0000] {subprocess.py:106} INFO - 26/04/13 17:49:18 INFO MemoryStore: Block broadcast_2 stored as values in memory (estimated size 32.0 KiB, free 1048.6 MiB)
[2026-04-13T17:49:18.866+0000] {subprocess.py:106} INFO - 26/04/13 17:49:18 INFO MemoryStore: Block broadcast_2_piece0 stored as bytes in memory (estimated size 34.5 KiB, free 1048.6 MiB)
[2026-04-13T17:49:18.893+0000] {subprocess.py:106} INFO - 26/04/13 17:49:18 INFO SparkContext: Created broadcast 2 from broadcast at SparkWrite.java:198
[2026-04-13T17:49:18.922+0000] {subprocess.py:106} INFO - 26/04/13 17:49:18 INFO OverwriteByExpressionExec: Start processing data source write support: IcebergBatchWrite(table=air_quality_ml.air_quality_train, format=PARQUET). The input RDD has 68} partitions.
[2026-04-13T17:49:19.166+0000] {subprocess.py:106} INFO - 26/04/13 17:49:19 INFO SparkContext: Starting job: createOrReplace at NativeMethodAccessorImpl.java:0
[2026-04-13T17:49:19.364+0000] {subprocess.py:106} INFO - 26/04/13 17:49:19 INFO DAGScheduler: Got job 0 (createOrReplace at NativeMethodAccessorImpl.java:0) with 68 output partitions
[2026-04-13T17:49:19.386+0000] {subprocess.py:106} INFO - 26/04/13 17:49:19 INFO DAGScheduler: Final stage: ResultStage 0 (createOrReplace at NativeMethodAccessorImpl.java:0)
[2026-04-13T17:49:19.394+0000] {subprocess.py:106} INFO - 26/04/13 17:49:19 INFO DAGScheduler: Parents of final stage: List()
[2026-04-13T17:49:19.421+0000] {subprocess.py:106} INFO - 26/04/13 17:49:19 INFO DAGScheduler: Missing parents: List()
[2026-04-13T17:49:19.454+0000] {subprocess.py:106} INFO - 26/04/13 17:49:19 INFO DAGScheduler: Submitting ResultStage 0 (MapPartitionsRDD[2] at createOrReplace at NativeMethodAccessorImpl.java:0), which has no missing parents
[2026-04-13T17:49:19.614+0000] {subprocess.py:106} INFO - 26/04/13 17:49:19 INFO MemoryStore: Block broadcast_3 stored as values in memory (estimated size 53.3 KiB, free 1048.6 MiB)
[2026-04-13T17:49:19.931+0000] {subprocess.py:106} INFO - 26/04/13 17:49:19 INFO MemoryStore: Block broadcast_3_piece0 stored as bytes in memory (estimated size 16.3 KiB, free 1048.5 MiB)
[2026-04-13T17:49:19.938+0000] {subprocess.py:106} INFO - 26/04/13 17:49:19 INFO SparkContext: Created broadcast 3 from broadcast at DAGScheduler.scala:1676
[2026-04-13T17:49:20.055+0000] {subprocess.py:106} INFO - 26/04/13 17:49:20 INFO DAGScheduler: Submitting 68 missing tasks from ResultStage 0 (MapPartitionsRDD[2] at createOrReplace at NativeMethodAccessorImpl.java:0) (first 15 tasks are for partitions Vector(0, 1, 2, 3, 4, 5, 6, 7, 8, 9, 10, 11, 12, 13, 14))
[2026-04-13T17:49:20.109+0000] {subprocess.py:106} INFO - 26/04/13 17:49:20 INFO TaskSchedulerImpl: Adding task set 0.0 with 68 tasks resource profile 0
[2026-04-13T17:49:20.582+0000] {subprocess.py:106} INFO - 26/04/13 17:49:20 INFO TaskSetManager: Starting task 0.0 in stage 0.0 (TID 0) (spark-master,executor driver, partition 0, ANY, 19962 bytes)
[2026-04-13T17:49:20.672+0000] {subprocess.py:106} INFO - 26/04/13 17:49:20 INFO TaskSetManager: Starting task 1.0 in stage 0.0 (TID 1) (spark-master,executor driver, partition 1, ANY, 19962 bytes)
[2026-04-13T17:49:20.672+0000] {subprocess.py:106} INFO - 26/04/13 17:49:20 INFO TaskSetManager: Starting task 2.0 in stage 0.0 (TID 2) (spark-master,executor driver, partition 2, ANY, 19962 bytes)
[2026-04-13T17:49:20.677+0000] {subprocess.py:106} INFO - 26/04/13 17:49:20 INFO TaskSetManager: Starting task 3.0 in stage 0.0 (TID 3) (spark-master,executor driver, partition 3, ANY, 19962 bytes)
[2026-04-13T17:49:20.679+0000] {subprocess.py:106} INFO - 26/04/13 17:49:20 INFO TaskSetManager: Starting task 4.0 in stage 0.0 (TID 4) (spark-master,executor driver, partition 4, ANY, 19176 bytes)
[2026-04-13T17:49:20.680+0000] {subprocess.py:106} INFO - 26/04/13 17:49:20 INFO TaskSetManager: Starting task 5.0 in stage 0.0 (TID 5) (spark-master,executor driver, partition 5, ANY, 19185 bytes)
[2026-04-13T17:49:20.685+0000] {subprocess.py:106} INFO - 26/04/13 17:49:20 INFO TaskSetManager: Starting task 6.0 in stage 0.0 (TID 6) (spark-master,executor driver, partition 6, ANY, 19446 bytes)
[2026-04-13T17:49:20.695+0000] {subprocess.py:106} INFO - 26/04/13 17:49:20 INFO TaskSetManager: Starting task 7.0 in stage 0.0 (TID 7) (spark-master,executor driver, partition 7, ANY, 19167 bytes)
[2026-04-13T17:49:20.705+0000] {subprocess.py:106} INFO - 26/04/13 17:49:20 INFO TaskSetManager: Starting task 8.0 in stage 0.0 (TID 8) (spark-master,executor driver, partition 8, ANY, 19167 bytes)
[2026-04-13T17:49:20.712+0000] {subprocess.py:106} INFO - 26/04/13 17:49:20 INFO TaskSetManager: Starting task 9.0 in stage 0.0 (TID 9) (spark-master,executor driver, partition 9, ANY, 19180 bytes)
[2026-04-13T17:49:20.713+0000] {subprocess.py:106} INFO - 26/04/13 17:49:20 INFO TaskSetManager: Starting task 10.0 in stage 0.0 (TID 10) (spark-master,executor driver, partition 10, ANY, 19176 bytes)
[2026-04-13T17:49:20.725+0000] {subprocess.py:106} INFO - 26/04/13 17:49:20 INFO TaskSetManager: Starting task 11.0 in stage 0.0 (TID 11) (spark-master,executor driver, partition 11, ANY, 19453 bytes)
[2026-04-13T17:49:21.308+0000] {subprocess.py:106} INFO - 26/04/13 17:49:20 INFO TaskSetManager: Starting task 12.0 in stage 0.0 (TID 12) (spark-master,executor driver, partition 12, ANY, 19435 bytes)
[2026-04-13T17:49:21.311+0000] {subprocess.py:106} INFO - 26/04/13 17:49:20 INFO TaskSetManager: Starting task 13.0 in stage 0.0 (TID 13) (spark-master,executor driver, partition 13, ANY, 19437 bytes)
[2026-04-13T17:49:21.320+0000] {subprocess.py:106} INFO - 26/04/13 17:49:20 INFO TaskSetManager: Starting task 14.0 in stage 0.0 (TID 14) (spark-master,executor driver, partition 14, ANY, 19428 bytes)
[2026-04-13T17:49:21.321+0000] {subprocess.py:106} INFO - 26/04/13 17:49:20 INFO TaskSetManager: Starting task 15.0 in stage 0.0 (TID 15) (spark-master,executor driver, partition 15, ANY, 19167 bytes)
[2026-04-13T17:49:21.480+0000] {subprocess.py:106} INFO - 26/04/13 17:49:21 INFO Executor: Running task 5.0 in stage 0.0 (TID 5)
[2026-04-13T17:49:21.482+0000] {subprocess.py:106} INFO - 26/04/13 17:49:21 INFO Executor: Running task 0.0 in stage 0.0 (TID 0)
[2026-04-13T17:49:21.483+0000] {subprocess.py:106} INFO - 26/04/13 17:49:21 INFO Executor: Running task 3.0 in stage 0.0 (TID 3)
[2026-04-13T17:49:21.490+0000] {subprocess.py:106} INFO - 26/04/13 17:49:21 INFO Executor: Running task 4.0 in stage 0.0 (TID 4)
[2026-04-13T17:49:21.491+0000] {subprocess.py:106} INFO - 26/04/13 17:49:21 INFO Executor: Running task 1.0 in stage 0.0 (TID 1)
[2026-04-13T17:49:21.494+0000] {subprocess.py:106} INFO - 26/04/13 17:49:21 INFO Executor: Running task 2.0 in stage 0.0 (TID 2)
[2026-04-13T17:49:21.499+0000] {subprocess.py:106} INFO - 26/04/13 17:49:21 INFO Executor: Running task 6.0 in stage 0.0 (TID 6)
[2026-04-13T17:49:21.506+0000] {subprocess.py:106} INFO - 26/04/13 17:49:21 INFO Executor: Running task 7.0 in stage 0.0 (TID 7)
[2026-04-13T17:49:21.532+0000] {subprocess.py:106} INFO - 26/04/13 17:49:21 INFO Executor: Running task 8.0 in stage 0.0 (TID 8)
[2026-04-13T17:49:21.564+0000] {subprocess.py:106} INFO - 26/04/13 17:49:21 INFO Executor: Running task 9.0 in stage 0.0 (TID 9)
[2026-04-13T17:49:21.570+0000] {subprocess.py:106} INFO - 26/04/13 17:49:21 INFO Executor: Running task 11.0 in stage 0.0 (TID 11)
[2026-04-13T17:49:21.571+0000] {subprocess.py:106} INFO - 26/04/13 17:49:21 INFO Executor: Running task 12.0 in stage 0.0 (TID 12)
[2026-04-13T17:49:21.573+0000] {subprocess.py:106} INFO - 26/04/13 17:49:21 INFO Executor: Running task 13.0 in stage 0.0 (TID 13)
[2026-04-13T17:49:21.575+0000] {subprocess.py:106} INFO - 26/04/13 17:49:21 INFO Executor: Running task 10.0 in stage 0.0 (TID 10)
[2026-04-13T17:49:21.583+0000] {subprocess.py:106} INFO - 26/04/13 17:49:21 INFO Executor: Running task 15.0 in stage 0.0 (TID 15)
[2026-04-13T17:49:21.593+0000] {subprocess.py:106} INFO - 26/04/13 17:49:21 INFO Executor: Running task 14.0 in stage 0.0 (TID 14)
[2026-04-13T17:49:23.461+0000] {subprocess.py:106} INFO - 26/04/13 17:49:23 INFO CodeGenerator: Code generated in 568.81321 ms
[2026-04-13T17:49:24.804+0000] {subprocess.py:106} INFO - 26/04/13 17:49:24 INFO CodeGenerator: Code generated in 578.863256 ms
[2026-04-13T17:49:25.145+0000] {subprocess.py:106} INFO - 26/04/13 17:49:25 INFO CodeGenerator: Code generated in 138.164545 ms
[2026-04-13T17:49:26.952+0000] {subprocess.py:106} INFO - 26/04/13 17:49:26 INFO CodecPool: Got brand-new compressor [.zstd]
[2026-04-13T17:49:26.958+0000] {subprocess.py:106} INFO - 26/04/13 17:49:26 INFO CodecPool: Got brand-new compressor [.zstd]
[2026-04-13T17:49:27.014+0000] {subprocess.py:106} INFO - 26/04/13 17:49:27 INFO CodecPool: Got brand-new compressor [.zstd]
[2026-04-13T17:49:27.032+0000] {subprocess.py:106} INFO - 26/04/13 17:49:27 INFO CodecPool: Got brand-new compressor [.zstd]
[2026-04-13T17:49:27.033+0000] {subprocess.py:106} INFO - 26/04/13 17:49:27 INFO CodecPool: Got brand-new compressor [.zstd]
[2026-04-13T17:49:27.043+0000] {subprocess.py:106} INFO - 26/04/13 17:49:27 INFO CodecPool: Got brand-new compressor [.zstd]
[2026-04-13T17:49:27.046+0000] {subprocess.py:106} INFO - 26/04/13 17:49:27 INFO CodecPool: Got brand-new compressor [.zstd]
[2026-04-13T17:49:27.051+0000] {subprocess.py:106} INFO - 26/04/13 17:49:27 INFO CodecPool: Got brand-new compressor [.zstd]
[2026-04-13T17:49:27.058+0000] {subprocess.py:106} INFO - 26/04/13 17:49:27 INFO CodecPool: Got brand-new compressor [.zstd]
[2026-04-13T17:49:27.063+0000] {subprocess.py:106} INFO - 26/04/13 17:49:27 INFO CodecPool: Got brand-new compressor [.zstd]
[2026-04-13T17:49:27.064+0000] {subprocess.py:106} INFO - 26/04/13 17:49:27 INFO CodecPool: Got brand-new compressor [.zstd]
[2026-04-13T17:49:27.065+0000] {subprocess.py:106} INFO - 26/04/13 17:49:27 INFO CodecPool: Got brand-new compressor [.zstd]
[2026-04-13T17:49:27.170+0000] {subprocess.py:106} INFO - 26/04/13 17:49:27 INFO CodecPool: Got brand-new compressor [.zstd]
[2026-04-13T17:49:27.186+0000] {subprocess.py:106} INFO - 26/04/13 17:49:27 INFO CodecPool: Got brand-new compressor [.zstd]
[2026-04-13T17:49:27.187+0000] {subprocess.py:106} INFO - 26/04/13 17:49:27 INFO CodecPool: Got brand-new compressor [.zstd]
[2026-04-13T17:49:30.139+0000] {subprocess.py:106} INFO - 26/04/13 17:49:30 INFO CodecPool: Got brand-new compressor [.zstd]
[2026-04-13T17:50:22.051+0000] {job.py:239} ERROR - Job heartbeat failed with error
Traceback (most recent call last):
  File "/home/airflow/airflow/venv/lib/python3.12/site-packages/sqlalchemy/engine/base.py", line 3371, in _wrap_pool_connect
    return fn()
           ^^^^
  File "/home/airflow/airflow/venv/lib/python3.12/site-packages/sqlalchemy/pool/base.py", line 327, in connect
    return _ConnectionFairy._checkout(self)
           ^^^^^^^^^^^^^^^^^^^^^^^^^^^^^^^^
  File "/home/airflow/airflow/venv/lib/python3.12/site-packages/sqlalchemy/pool/base.py", line 894, in _checkout
    fairy = _ConnectionRecord.checkout(pool)
            ^^^^^^^^^^^^^^^^^^^^^^^^^^^^^^^^
  File "/home/airflow/airflow/venv/lib/python3.12/site-packages/sqlalchemy/pool/base.py", line 493, in checkout
    rec = pool._do_get()
          ^^^^^^^^^^^^^^
  File "/home/airflow/airflow/venv/lib/python3.12/site-packages/sqlalchemy/pool/impl.py", line 256, in _do_get
    return self._create_connection()
           ^^^^^^^^^^^^^^^^^^^^^^^^^
  File "/home/airflow/airflow/venv/lib/python3.12/site-packages/sqlalchemy/pool/base.py", line 273, in _create_connection
    return _ConnectionRecord(self)
           ^^^^^^^^^^^^^^^^^^^^^^^
  File "/home/airflow/airflow/venv/lib/python3.12/site-packages/sqlalchemy/pool/base.py", line 388, in __init__
    self.__connect()
  File "/home/airflow/airflow/venv/lib/python3.12/site-packages/sqlalchemy/pool/base.py", line 690, in __connect
    with util.safe_reraise():
         ^^^^^^^^^^^^^^^^^^^
  File "/home/airflow/airflow/venv/lib/python3.12/site-packages/sqlalchemy/util/langhelpers.py", line 70, in __exit__
    compat.raise_(
  File "/home/airflow/airflow/venv/lib/python3.12/site-packages/sqlalchemy/util/compat.py", line 211, in raise_
    raise exception
  File "/home/airflow/airflow/venv/lib/python3.12/site-packages/sqlalchemy/pool/base.py", line 686, in __connect
    self.dbapi_connection = connection = pool._invoke_creator(self)
                                         ^^^^^^^^^^^^^^^^^^^^^^^^^^
  File "/home/airflow/airflow/venv/lib/python3.12/site-packages/sqlalchemy/engine/create.py", line 574, in connect
    return dialect.connect(*cargs, **cparams)
           ^^^^^^^^^^^^^^^^^^^^^^^^^^^^^^^^^^
  File "/home/airflow/airflow/venv/lib/python3.12/site-packages/sqlalchemy/engine/default.py", line 598, in connect
    return self.dbapi.connect(*cargs, **cparams)
           ^^^^^^^^^^^^^^^^^^^^^^^^^^^^^^^^^^^^^
  File "/home/airflow/airflow/venv/lib/python3.12/site-packages/psycopg2/__init__.py", line 122, in connect
    conn = _connect(dsn, connection_factory=connection_factory, **kwasync)
           ^^^^^^^^^^^^^^^^^^^^^^^^^^^^^^^^^^^^^^^^^^^^^^^^^^^^^^^^^^^^^^^
psycopg2.OperationalError: could not translate host name "***" to address: Temporary failure in name resolution


The above exception was the direct cause of the following exception:

Traceback (most recent call last):
  File "/home/airflow/airflow/venv/lib/python3.12/site-packages/airflow/jobs/job.py", line 207, in heartbeat
    self._merge_from(Job._fetch_from_db(self, session))
                     ^^^^^^^^^^^^^^^^^^^^^^^^^^^^^^^^^
  File "/home/airflow/airflow/venv/lib/python3.12/site-packages/airflow/api_internal/internal_api_call.py", line 166, in wrapper
    return func(*args, **kwargs)
           ^^^^^^^^^^^^^^^^^^^^^
  File "/home/airflow/airflow/venv/lib/python3.12/site-packages/airflow/utils/session.py", line 94, in wrapper
    return func(*args, **kwargs)
           ^^^^^^^^^^^^^^^^^^^^^
  File "/home/airflow/airflow/venv/lib/python3.12/site-packages/airflow/utils/retries.py", line 93, in wrapped_function
    for attempt in run_with_db_retries(max_retries=retries, logger=logger, **retry_kwargs):
                   ^^^^^^^^^^^^^^^^^^^^^^^^^^^^^^^^^^^^^^^^^^^^^^^^^^^^^^^^^^^^^^^^^^^^^^^
  File "/home/airflow/airflow/venv/lib/python3.12/site-packages/tenacity/__init__.py", line 438, in __iter__
    do = self.iter(retry_state=retry_state)
         ^^^^^^^^^^^^^^^^^^^^^^^^^^^^^^^^^^
  File "/home/airflow/airflow/venv/lib/python3.12/site-packages/tenacity/__init__.py", line 371, in iter
    result = action(retry_state)
             ^^^^^^^^^^^^^^^^^^^
  File "/home/airflow/airflow/venv/lib/python3.12/site-packages/tenacity/__init__.py", line 413, in exc_check
    raise retry_exc.reraise()
          ^^^^^^^^^^^^^^^^^^^
  File "/home/airflow/airflow/venv/lib/python3.12/site-packages/tenacity/__init__.py", line 184, in reraise
    raise self.last_attempt.result()
          ^^^^^^^^^^^^^^^^^^^^^^^^^^
  File "/usr/local/lib/python3.12/concurrent/futures/_base.py", line 449, in result
    return self.__get_result()
           ^^^^^^^^^^^^^^^^^^^
  File "/usr/local/lib/python3.12/concurrent/futures/_base.py", line 401, in __get_result
    raise self._exception
  File "/home/airflow/airflow/venv/lib/python3.12/site-packages/airflow/utils/retries.py", line 102, in wrapped_function
    return func(*args, **kwargs)
           ^^^^^^^^^^^^^^^^^^^^^
  File "/home/airflow/airflow/venv/lib/python3.12/site-packages/airflow/jobs/job.py", line 335, in _fetch_from_db
    session.merge(job)
  File "/home/airflow/airflow/venv/lib/python3.12/site-packages/sqlalchemy/orm/session.py", line 3056, in merge
    return self._merge(
           ^^^^^^^^^^^^
  File "/home/airflow/airflow/venv/lib/python3.12/site-packages/sqlalchemy/orm/session.py", line 3136, in _merge
    merged = self.get(
             ^^^^^^^^^
  File "/home/airflow/airflow/venv/lib/python3.12/site-packages/sqlalchemy/orm/session.py", line 2853, in get
    return self._get_impl(
           ^^^^^^^^^^^^^^^
  File "/home/airflow/airflow/venv/lib/python3.12/site-packages/sqlalchemy/orm/session.py", line 2975, in _get_impl
    return db_load_fn(
           ^^^^^^^^^^^
  File "/home/airflow/airflow/venv/lib/python3.12/site-packages/sqlalchemy/orm/loading.py", line 530, in load_on_pk_identity
    session.execute(
  File "/home/airflow/airflow/venv/lib/python3.12/site-packages/sqlalchemy/orm/session.py", line 1716, in execute
    conn = self._connection_for_bind(bind)
           ^^^^^^^^^^^^^^^^^^^^^^^^^^^^^^^
  File "/home/airflow/airflow/venv/lib/python3.12/site-packages/sqlalchemy/orm/session.py", line 1555, in _connection_for_bind
    return self._transaction._connection_for_bind(
           ^^^^^^^^^^^^^^^^^^^^^^^^^^^^^^^^^^^^^^^
  File "/home/airflow/airflow/venv/lib/python3.12/site-packages/sqlalchemy/orm/session.py", line 750, in _connection_for_bind
    conn = bind.connect()
           ^^^^^^^^^^^^^^
  File "/home/airflow/airflow/venv/lib/python3.12/site-packages/sqlalchemy/future/engine.py", line 412, in connect
    return super(Engine, self).connect()
           ^^^^^^^^^^^^^^^^^^^^^^^^^^^^^
  File "/home/airflow/airflow/venv/lib/python3.12/site-packages/sqlalchemy/engine/base.py", line 3325, in connect
    return self._connection_cls(self, close_with_result=close_with_result)
           ^^^^^^^^^^^^^^^^^^^^^^^^^^^^^^^^^^^^^^^^^^^^^^^^^^^^^^^^^^^^^^^
  File "/home/airflow/airflow/venv/lib/python3.12/site-packages/sqlalchemy/engine/base.py", line 96, in __init__
    else engine.raw_connection()
         ^^^^^^^^^^^^^^^^^^^^^^^
  File "/home/airflow/airflow/venv/lib/python3.12/site-packages/sqlalchemy/engine/base.py", line 3404, in raw_connection
    return self._wrap_pool_connect(self.pool.connect, _connection)
           ^^^^^^^^^^^^^^^^^^^^^^^^^^^^^^^^^^^^^^^^^^^^^^^^^^^^^^^
  File "/home/airflow/airflow/venv/lib/python3.12/site-packages/sqlalchemy/engine/base.py", line 3374, in _wrap_pool_connect
    Connection._handle_dbapi_exception_noconnection(
  File "/home/airflow/airflow/venv/lib/python3.12/site-packages/sqlalchemy/engine/base.py", line 2208, in _handle_dbapi_exception_noconnection
    util.raise_(
  File "/home/airflow/airflow/venv/lib/python3.12/site-packages/sqlalchemy/util/compat.py", line 211, in raise_
    raise exception
  File "/home/airflow/airflow/venv/lib/python3.12/site-packages/sqlalchemy/engine/base.py", line 3371, in _wrap_pool_connect
    return fn()
           ^^^^
  File "/home/airflow/airflow/venv/lib/python3.12/site-packages/sqlalchemy/pool/base.py", line 327, in connect
    return _ConnectionFairy._checkout(self)
           ^^^^^^^^^^^^^^^^^^^^^^^^^^^^^^^^
  File "/home/airflow/airflow/venv/lib/python3.12/site-packages/sqlalchemy/pool/base.py", line 894, in _checkout
    fairy = _ConnectionRecord.checkout(pool)
            ^^^^^^^^^^^^^^^^^^^^^^^^^^^^^^^^
  File "/home/airflow/airflow/venv/lib/python3.12/site-packages/sqlalchemy/pool/base.py", line 493, in checkout
    rec = pool._do_get()
          ^^^^^^^^^^^^^^
  File "/home/airflow/airflow/venv/lib/python3.12/site-packages/sqlalchemy/pool/impl.py", line 256, in _do_get
    return self._create_connection()
           ^^^^^^^^^^^^^^^^^^^^^^^^^
  File "/home/airflow/airflow/venv/lib/python3.12/site-packages/sqlalchemy/pool/base.py", line 273, in _create_connection
    return _ConnectionRecord(self)
           ^^^^^^^^^^^^^^^^^^^^^^^
  File "/home/airflow/airflow/venv/lib/python3.12/site-packages/sqlalchemy/pool/base.py", line 388, in __init__
    self.__connect()
  File "/home/airflow/airflow/venv/lib/python3.12/site-packages/sqlalchemy/pool/base.py", line 690, in __connect
    with util.safe_reraise():
         ^^^^^^^^^^^^^^^^^^^
  File "/home/airflow/airflow/venv/lib/python3.12/site-packages/sqlalchemy/util/langhelpers.py", line 70, in __exit__
    compat.raise_(
  File "/home/airflow/airflow/venv/lib/python3.12/site-packages/sqlalchemy/util/compat.py", line 211, in raise_
    raise exception
  File "/home/airflow/airflow/venv/lib/python3.12/site-packages/sqlalchemy/pool/base.py", line 686, in __connect
    self.dbapi_connection = connection = pool._invoke_creator(self)
                                         ^^^^^^^^^^^^^^^^^^^^^^^^^^
  File "/home/airflow/airflow/venv/lib/python3.12/site-packages/sqlalchemy/engine/create.py", line 574, in connect
    return dialect.connect(*cargs, **cparams)
           ^^^^^^^^^^^^^^^^^^^^^^^^^^^^^^^^^^
  File "/home/airflow/airflow/venv/lib/python3.12/site-packages/sqlalchemy/engine/default.py", line 598, in connect
    return self.dbapi.connect(*cargs, **cparams)
           ^^^^^^^^^^^^^^^^^^^^^^^^^^^^^^^^^^^^^
  File "/home/airflow/airflow/venv/lib/python3.12/site-packages/psycopg2/__init__.py", line 122, in connect
    conn = _connect(dsn, connection_factory=connection_factory, **kwasync)
           ^^^^^^^^^^^^^^^^^^^^^^^^^^^^^^^^^^^^^^^^^^^^^^^^^^^^^^^^^^^^^^^
sqlalchemy.exc.OperationalError: (psycopg2.OperationalError) could not translate host name "***" to address: Temporary failure in name resolution

(Background on this error at: https://sqlalche.me/e/14/e3q8)
[2026-04-13T17:50:47.183+0000] {job.py:254} ERROR - Job heartbeat failed with error. Scheduler is in unhealthy state
[2026-04-13T17:51:03.002+0000] {job.py:229} INFO - Heartbeat recovered after 90.26 seconds
[2026-04-13T17:51:13.724+0000] {job.py:254} ERROR - Job heartbeat failed with error. Scheduler is in unhealthy state
[2026-04-13T17:52:37.236+0000] {job.py:254} ERROR - Job heartbeat failed with error. Scheduler is in unhealthy state
[2026-04-13T17:53:42.252+0000] {job.py:229} INFO - Heartbeat recovered after 159.27 seconds
[2026-04-13T17:55:07.636+0000] {job.py:239} ERROR - Job heartbeat failed with error
Traceback (most recent call last):
  File "/home/airflow/airflow/venv/lib/python3.12/site-packages/sqlalchemy/engine/base.py", line 3371, in _wrap_pool_connect
    return fn()
           ^^^^
  File "/home/airflow/airflow/venv/lib/python3.12/site-packages/sqlalchemy/pool/base.py", line 327, in connect
    return _ConnectionFairy._checkout(self)
           ^^^^^^^^^^^^^^^^^^^^^^^^^^^^^^^^
  File "/home/airflow/airflow/venv/lib/python3.12/site-packages/sqlalchemy/pool/base.py", line 894, in _checkout
    fairy = _ConnectionRecord.checkout(pool)
            ^^^^^^^^^^^^^^^^^^^^^^^^^^^^^^^^
  File "/home/airflow/airflow/venv/lib/python3.12/site-packages/sqlalchemy/pool/base.py", line 493, in checkout
    rec = pool._do_get()
          ^^^^^^^^^^^^^^
  File "/home/airflow/airflow/venv/lib/python3.12/site-packages/sqlalchemy/pool/impl.py", line 256, in _do_get
    return self._create_connection()
           ^^^^^^^^^^^^^^^^^^^^^^^^^
  File "/home/airflow/airflow/venv/lib/python3.12/site-packages/sqlalchemy/pool/base.py", line 273, in _create_connection
    return _ConnectionRecord(self)
           ^^^^^^^^^^^^^^^^^^^^^^^
  File "/home/airflow/airflow/venv/lib/python3.12/site-packages/sqlalchemy/pool/base.py", line 388, in __init__
    self.__connect()
  File "/home/airflow/airflow/venv/lib/python3.12/site-packages/sqlalchemy/pool/base.py", line 690, in __connect
    with util.safe_reraise():
         ^^^^^^^^^^^^^^^^^^^
  File "/home/airflow/airflow/venv/lib/python3.12/site-packages/sqlalchemy/util/langhelpers.py", line 70, in __exit__
    compat.raise_(
  File "/home/airflow/airflow/venv/lib/python3.12/site-packages/sqlalchemy/util/compat.py", line 211, in raise_
    raise exception
  File "/home/airflow/airflow/venv/lib/python3.12/site-packages/sqlalchemy/pool/base.py", line 686, in __connect
    self.dbapi_connection = connection = pool._invoke_creator(self)
                                         ^^^^^^^^^^^^^^^^^^^^^^^^^^
  File "/home/airflow/airflow/venv/lib/python3.12/site-packages/sqlalchemy/engine/create.py", line 574, in connect
    return dialect.connect(*cargs, **cparams)
           ^^^^^^^^^^^^^^^^^^^^^^^^^^^^^^^^^^
  File "/home/airflow/airflow/venv/lib/python3.12/site-packages/sqlalchemy/engine/default.py", line 598, in connect
    return self.dbapi.connect(*cargs, **cparams)
           ^^^^^^^^^^^^^^^^^^^^^^^^^^^^^^^^^^^^^
  File "/home/airflow/airflow/venv/lib/python3.12/site-packages/psycopg2/__init__.py", line 122, in connect
    conn = _connect(dsn, connection_factory=connection_factory, **kwasync)
           ^^^^^^^^^^^^^^^^^^^^^^^^^^^^^^^^^^^^^^^^^^^^^^^^^^^^^^^^^^^^^^^
psycopg2.OperationalError: could not translate host name "***" to address: Temporary failure in name resolution


The above exception was the direct cause of the following exception:

Traceback (most recent call last):
  File "/home/airflow/airflow/venv/lib/python3.12/site-packages/airflow/jobs/job.py", line 207, in heartbeat
    self._merge_from(Job._fetch_from_db(self, session))
                     ^^^^^^^^^^^^^^^^^^^^^^^^^^^^^^^^^
  File "/home/airflow/airflow/venv/lib/python3.12/site-packages/airflow/api_internal/internal_api_call.py", line 166, in wrapper
    return func(*args, **kwargs)
           ^^^^^^^^^^^^^^^^^^^^^
  File "/home/airflow/airflow/venv/lib/python3.12/site-packages/airflow/utils/session.py", line 94, in wrapper
    return func(*args, **kwargs)
           ^^^^^^^^^^^^^^^^^^^^^
  File "/home/airflow/airflow/venv/lib/python3.12/site-packages/airflow/utils/retries.py", line 93, in wrapped_function
    for attempt in run_with_db_retries(max_retries=retries, logger=logger, **retry_kwargs):
                   ^^^^^^^^^^^^^^^^^^^^^^^^^^^^^^^^^^^^^^^^^^^^^^^^^^^^^^^^^^^^^^^^^^^^^^^
  File "/home/airflow/airflow/venv/lib/python3.12/site-packages/tenacity/__init__.py", line 438, in __iter__
    do = self.iter(retry_state=retry_state)
         ^^^^^^^^^^^^^^^^^^^^^^^^^^^^^^^^^^
  File "/home/airflow/airflow/venv/lib/python3.12/site-packages/tenacity/__init__.py", line 371, in iter
    result = action(retry_state)
             ^^^^^^^^^^^^^^^^^^^
  File "/home/airflow/airflow/venv/lib/python3.12/site-packages/tenacity/__init__.py", line 413, in exc_check
    raise retry_exc.reraise()
          ^^^^^^^^^^^^^^^^^^^
  File "/home/airflow/airflow/venv/lib/python3.12/site-packages/tenacity/__init__.py", line 184, in reraise
    raise self.last_attempt.result()
          ^^^^^^^^^^^^^^^^^^^^^^^^^^
  File "/usr/local/lib/python3.12/concurrent/futures/_base.py", line 449, in result
    return self.__get_result()
           ^^^^^^^^^^^^^^^^^^^
  File "/usr/local/lib/python3.12/concurrent/futures/_base.py", line 401, in __get_result
    raise self._exception
  File "/home/airflow/airflow/venv/lib/python3.12/site-packages/airflow/utils/retries.py", line 102, in wrapped_function
    return func(*args, **kwargs)
           ^^^^^^^^^^^^^^^^^^^^^
  File "/home/airflow/airflow/venv/lib/python3.12/site-packages/airflow/jobs/job.py", line 335, in _fetch_from_db
    session.merge(job)
  File "/home/airflow/airflow/venv/lib/python3.12/site-packages/sqlalchemy/orm/session.py", line 3056, in merge
    return self._merge(
           ^^^^^^^^^^^^
  File "/home/airflow/airflow/venv/lib/python3.12/site-packages/sqlalchemy/orm/session.py", line 3136, in _merge
    merged = self.get(
             ^^^^^^^^^
  File "/home/airflow/airflow/venv/lib/python3.12/site-packages/sqlalchemy/orm/session.py", line 2853, in get
    return self._get_impl(
           ^^^^^^^^^^^^^^^
  File "/home/airflow/airflow/venv/lib/python3.12/site-packages/sqlalchemy/orm/session.py", line 2975, in _get_impl
    return db_load_fn(
           ^^^^^^^^^^^
  File "/home/airflow/airflow/venv/lib/python3.12/site-packages/sqlalchemy/orm/loading.py", line 530, in load_on_pk_identity
    session.execute(
  File "/home/airflow/airflow/venv/lib/python3.12/site-packages/sqlalchemy/orm/session.py", line 1716, in execute
    conn = self._connection_for_bind(bind)
           ^^^^^^^^^^^^^^^^^^^^^^^^^^^^^^^
  File "/home/airflow/airflow/venv/lib/python3.12/site-packages/sqlalchemy/orm/session.py", line 1555, in _connection_for_bind
    return self._transaction._connection_for_bind(
           ^^^^^^^^^^^^^^^^^^^^^^^^^^^^^^^^^^^^^^^
  File "/home/airflow/airflow/venv/lib/python3.12/site-packages/sqlalchemy/orm/session.py", line 750, in _connection_for_bind
    conn = bind.connect()
           ^^^^^^^^^^^^^^
  File "/home/airflow/airflow/venv/lib/python3.12/site-packages/sqlalchemy/future/engine.py", line 412, in connect
    return super(Engine, self).connect()
           ^^^^^^^^^^^^^^^^^^^^^^^^^^^^^
  File "/home/airflow/airflow/venv/lib/python3.12/site-packages/sqlalchemy/engine/base.py", line 3325, in connect
    return self._connection_cls(self, close_with_result=close_with_result)
           ^^^^^^^^^^^^^^^^^^^^^^^^^^^^^^^^^^^^^^^^^^^^^^^^^^^^^^^^^^^^^^^
  File "/home/airflow/airflow/venv/lib/python3.12/site-packages/sqlalchemy/engine/base.py", line 96, in __init__
    else engine.raw_connection()
         ^^^^^^^^^^^^^^^^^^^^^^^
  File "/home/airflow/airflow/venv/lib/python3.12/site-packages/sqlalchemy/engine/base.py", line 3404, in raw_connection
    return self._wrap_pool_connect(self.pool.connect, _connection)
           ^^^^^^^^^^^^^^^^^^^^^^^^^^^^^^^^^^^^^^^^^^^^^^^^^^^^^^^
  File "/home/airflow/airflow/venv/lib/python3.12/site-packages/sqlalchemy/engine/base.py", line 3374, in _wrap_pool_connect
    Connection._handle_dbapi_exception_noconnection(
  File "/home/airflow/airflow/venv/lib/python3.12/site-packages/sqlalchemy/engine/base.py", line 2208, in _handle_dbapi_exception_noconnection
    util.raise_(
  File "/home/airflow/airflow/venv/lib/python3.12/site-packages/sqlalchemy/util/compat.py", line 211, in raise_
    raise exception
  File "/home/airflow/airflow/venv/lib/python3.12/site-packages/sqlalchemy/engine/base.py", line 3371, in _wrap_pool_connect
    return fn()
           ^^^^
  File "/home/airflow/airflow/venv/lib/python3.12/site-packages/sqlalchemy/pool/base.py", line 327, in connect
    return _ConnectionFairy._checkout(self)
           ^^^^^^^^^^^^^^^^^^^^^^^^^^^^^^^^
  File "/home/airflow/airflow/venv/lib/python3.12/site-packages/sqlalchemy/pool/base.py", line 894, in _checkout
    fairy = _ConnectionRecord.checkout(pool)
            ^^^^^^^^^^^^^^^^^^^^^^^^^^^^^^^^
  File "/home/airflow/airflow/venv/lib/python3.12/site-packages/sqlalchemy/pool/base.py", line 493, in checkout
    rec = pool._do_get()
          ^^^^^^^^^^^^^^
  File "/home/airflow/airflow/venv/lib/python3.12/site-packages/sqlalchemy/pool/impl.py", line 256, in _do_get
    return self._create_connection()
           ^^^^^^^^^^^^^^^^^^^^^^^^^
  File "/home/airflow/airflow/venv/lib/python3.12/site-packages/sqlalchemy/pool/base.py", line 273, in _create_connection
    return _ConnectionRecord(self)
           ^^^^^^^^^^^^^^^^^^^^^^^
  File "/home/airflow/airflow/venv/lib/python3.12/site-packages/sqlalchemy/pool/base.py", line 388, in __init__
    self.__connect()
  File "/home/airflow/airflow/venv/lib/python3.12/site-packages/sqlalchemy/pool/base.py", line 690, in __connect
    with util.safe_reraise():
         ^^^^^^^^^^^^^^^^^^^
  File "/home/airflow/airflow/venv/lib/python3.12/site-packages/sqlalchemy/util/langhelpers.py", line 70, in __exit__
    compat.raise_(
  File "/home/airflow/airflow/venv/lib/python3.12/site-packages/sqlalchemy/util/compat.py", line 211, in raise_
    raise exception
  File "/home/airflow/airflow/venv/lib/python3.12/site-packages/sqlalchemy/pool/base.py", line 686, in __connect
    self.dbapi_connection = connection = pool._invoke_creator(self)
                                         ^^^^^^^^^^^^^^^^^^^^^^^^^^
  File "/home/airflow/airflow/venv/lib/python3.12/site-packages/sqlalchemy/engine/create.py", line 574, in connect
    return dialect.connect(*cargs, **cparams)
           ^^^^^^^^^^^^^^^^^^^^^^^^^^^^^^^^^^
  File "/home/airflow/airflow/venv/lib/python3.12/site-packages/sqlalchemy/engine/default.py", line 598, in connect
    return self.dbapi.connect(*cargs, **cparams)
           ^^^^^^^^^^^^^^^^^^^^^^^^^^^^^^^^^^^^^
  File "/home/airflow/airflow/venv/lib/python3.12/site-packages/psycopg2/__init__.py", line 122, in connect
    conn = _connect(dsn, connection_factory=connection_factory, **kwasync)
           ^^^^^^^^^^^^^^^^^^^^^^^^^^^^^^^^^^^^^^^^^^^^^^^^^^^^^^^^^^^^^^^
sqlalchemy.exc.OperationalError: (psycopg2.OperationalError) could not translate host name "***" to address: Temporary failure in name resolution

(Background on this error at: https://sqlalche.me/e/14/e3q8)
[2026-04-13T17:56:31.147+0000] {job.py:254} ERROR - Job heartbeat failed with error. Scheduler is in unhealthy state
[2026-04-13T17:57:32.394+0000] {job.py:229} INFO - Heartbeat recovered after 230.21 seconds
[2026-04-13T17:57:34.208+0000] {subprocess.py:110} INFO - Command exited with return code 0
[2026-04-13T17:57:38.943+0000] {taskinstance.py:340} INFO - ::group::Post task execution logs
[2026-04-13T17:57:38.983+0000] {taskinstance.py:352} INFO - Marking task as SUCCESS. dag_id=predict_aqi, task_id=train_model, run_id=manual__2026-04-13T14:13:06.049161+00:00, execution_date=20260413T141306, start_date=20260413T174138, end_date=20260413T175738
[2026-04-13T17:57:40.030+0000] {local_task_job_runner.py:266} INFO - Task exited with return code 0
[2026-04-13T17:57:40.945+0000] {taskinstance.py:3895} INFO - 1 downstream tasks scheduled from follow-on schedule check
[2026-04-13T17:57:40.981+0000] {local_task_job_runner.py:245} INFO - ::endgroup::
