[2026-04-14T02:59:02.098+0000] {local_task_job_runner.py:123} INFO - ::group::Pre task execution logs
[2026-04-14T02:59:02.300+0000] {taskinstance.py:2613} INFO - Dependencies all met for dep_context=non-requeueable deps ti=<TaskInstance: predict_aqi.predict scheduled__2026-04-13T16:00:00+00:00 [queued]>
[2026-04-14T02:59:02.367+0000] {taskinstance.py:2613} INFO - Dependencies all met for dep_context=requeueable deps ti=<TaskInstance: predict_aqi.predict scheduled__2026-04-13T16:00:00+00:00 [queued]>
[2026-04-14T02:59:02.388+0000] {taskinstance.py:2866} INFO - Starting attempt 2 of 3
[2026-04-14T02:59:02.521+0000] {taskinstance.py:2889} INFO - Executing <Task(BashOperator): predict> on 2026-04-13 16:00:00+00:00
[2026-04-14T02:59:02.640+0000] {logging_mixin.py:190} WARNING - /home/airflow/airflow/venv/lib/python3.12/site-packages/airflow/task/task_runner/standard_task_runner.py:70 DeprecationWarning: This process (pid=186) is multi-threaded, use of fork() may lead to deadlocks in the child.
[2026-04-14T02:59:02.642+0000] {standard_task_runner.py:72} INFO - Started process 239 to run task
[2026-04-14T02:59:02.635+0000] {standard_task_runner.py:104} INFO - Running: ['airflow', 'tasks', 'run', 'predict_aqi', 'predict', 'scheduled__2026-04-13T16:00:00+00:00', '--job-id', '244', '--raw', '--subdir', 'DAGS_FOLDER/dag_ml.py', '--cfg-path', '/tmp/tmpw_vrpw8r']
[2026-04-14T02:59:02.659+0000] {standard_task_runner.py:105} INFO - Job 244: Subtask predict
[2026-04-14T02:59:03.103+0000] {task_command.py:467} INFO - Running <TaskInstance: predict_aqi.predict scheduled__2026-04-13T16:00:00+00:00 [running]> on host airflow
[2026-04-14T02:59:03.919+0000] {taskinstance.py:3132} INFO - Exporting env vars: AIRFLOW_CTX_DAG_OWNER='airflow' AIRFLOW_CTX_DAG_ID='predict_aqi' AIRFLOW_CTX_TASK_ID='predict' AIRFLOW_CTX_EXECUTION_DATE='2026-04-13T16:00:00+00:00' AIRFLOW_CTX_TRY_NUMBER='2' AIRFLOW_CTX_DAG_RUN_ID='scheduled__2026-04-13T16:00:00+00:00'
[2026-04-14T02:59:03.931+0000] {taskinstance.py:731} INFO - ::endgroup::
[2026-04-14T02:59:04.030+0000] {subprocess.py:78} INFO - Tmp dir root location: /tmp
[2026-04-14T02:59:04.049+0000] {subprocess.py:88} INFO - Running command: ['/usr/bin/bash', '-c', '\n            docker exec spark-master spark-submit                 --packages org.apache.iceberg:iceberg-spark-runtime-4.0_2.13:1.10.1                 /home/spark/spark/spark_jobs/predict.py 2026-04-13\n        ']
[2026-04-14T02:59:04.146+0000] {subprocess.py:99} INFO - Output:
[2026-04-14T02:59:07.812+0000] {subprocess.py:106} INFO - WARNING: Using incubator modules: jdk.incubator.vector
[2026-04-14T02:59:29.114+0000] {subprocess.py:106} INFO - :: loading settings :: url = jar:file:/home/spark/spark/jars/ivy-2.5.3.jar!/org/apache/ivy/core/settings/ivysettings.xml
[2026-04-14T02:59:29.799+0000] {subprocess.py:106} INFO - Ivy Default Cache set to: /home/spark/.ivy2.5.2/cache
[2026-04-14T02:59:29.807+0000] {subprocess.py:106} INFO - The jars for the packages stored in: /home/spark/.ivy2.5.2/jars
[2026-04-14T02:59:29.961+0000] {subprocess.py:106} INFO - org.apache.iceberg#iceberg-spark-runtime-4.0_2.13 added as a dependency
[2026-04-14T02:59:30.004+0000] {subprocess.py:106} INFO - :: resolving dependencies :: org.apache.spark#spark-submit-parent-eec27732-5bd0-453c-a5b6-646054546b4b;1.0
[2026-04-14T02:59:30.014+0000] {subprocess.py:106} INFO - 	confs: [default]
[2026-04-14T02:59:32.233+0000] {subprocess.py:106} INFO - 	found org.apache.iceberg#iceberg-spark-runtime-4.0_2.13;1.10.1 in spark-list
[2026-04-14T02:59:32.408+0000] {subprocess.py:106} INFO - :: resolution report :: resolve 2311ms :: artifacts dl 108ms
[2026-04-14T02:59:32.413+0000] {subprocess.py:106} INFO - 	:: modules in use:
[2026-04-14T02:59:32.421+0000] {subprocess.py:106} INFO - 	org.apache.iceberg#iceberg-spark-runtime-4.0_2.13;1.10.1 from spark-list in [default]
[2026-04-14T02:59:32.429+0000] {subprocess.py:106} INFO - 	---------------------------------------------------------------------
[2026-04-14T02:59:32.431+0000] {subprocess.py:106} INFO - 	|                  |            modules            ||   artifacts   |
[2026-04-14T02:59:32.433+0000] {subprocess.py:106} INFO - 	|       conf       | number| search|dwnlded|evicted|| number|dwnlded|
[2026-04-14T02:59:32.434+0000] {subprocess.py:106} INFO - 	---------------------------------------------------------------------
[2026-04-14T02:59:32.437+0000] {subprocess.py:106} INFO - 	|      default     |   1   |   0   |   0   |   0   ||   1   |   0   |
[2026-04-14T02:59:32.438+0000] {subprocess.py:106} INFO - 	---------------------------------------------------------------------
[2026-04-14T02:59:32.520+0000] {subprocess.py:106} INFO - :: retrieving :: org.apache.spark#spark-submit-parent-eec27732-5bd0-453c-a5b6-646054546b4b
[2026-04-14T02:59:32.521+0000] {subprocess.py:106} INFO - 	confs: [default]
[2026-04-14T02:59:32.624+0000] {subprocess.py:106} INFO - 	0 artifacts copied, 1 already retrieved (0kB/102ms)
[2026-04-14T02:59:35.942+0000] {subprocess.py:106} INFO - 26/04/14 02:59:35 WARN NativeCodeLoader: Unable to load native-hadoop library for your platform... using builtin-java classes where applicable
[2026-04-14T03:00:02.832+0000] {subprocess.py:106} INFO - Using Spark's default log4j profile: org/apache/spark/log4j2-defaults.properties
[2026-04-14T03:00:07.044+0000] {subprocess.py:106} INFO - 26/04/14 03:00:06 INFO SparkContext: Running Spark version 4.0.2
[2026-04-14T03:00:07.278+0000] {subprocess.py:106} INFO - 26/04/14 03:00:07 INFO SparkContext: OS info Linux, 6.6.87.2-microsoft-standard-WSL2, amd64
[2026-04-14T03:00:07.338+0000] {subprocess.py:106} INFO - 26/04/14 03:00:07 INFO SparkContext: Java version 21.0.10
[2026-04-14T03:00:08.098+0000] {subprocess.py:106} INFO - 26/04/14 03:00:08 INFO ResourceUtils: ==============================================================
[2026-04-14T03:00:08.103+0000] {subprocess.py:106} INFO - 26/04/14 03:00:08 INFO ResourceUtils: No custom resources configured for spark.driver.
[2026-04-14T03:00:08.114+0000] {subprocess.py:106} INFO - 26/04/14 03:00:08 INFO ResourceUtils: ==============================================================
[2026-04-14T03:00:08.116+0000] {subprocess.py:106} INFO - 26/04/14 03:00:08 INFO SparkContext: Submitted application: predict
[2026-04-14T03:00:08.709+0000] {subprocess.py:106} INFO - 26/04/14 03:00:08 INFO ResourceProfile: Default ResourceProfile created, executor resources: Map(cores -> name: cores, amount: 2, script: , vendor: , memory -> name: memory, amount: 2048, script: , vendor: , offHeap -> name: offHeap, amount: 0, script: , vendor: ), task resources: Map(cpus -> name: cpus, amount: 1.0)
[2026-04-14T03:00:08.943+0000] {subprocess.py:106} INFO - 26/04/14 03:00:08 INFO ResourceProfile: Limiting resource is cpus at 2 tasks per executor
[2026-04-14T03:00:09.051+0000] {subprocess.py:106} INFO - 26/04/14 03:00:09 INFO ResourceProfileManager: Added ResourceProfile id: 0
[2026-04-14T03:00:10.173+0000] {subprocess.py:106} INFO - 26/04/14 03:00:10 INFO SecurityManager: Changing view acls to: spark
[2026-04-14T03:00:10.193+0000] {subprocess.py:106} INFO - 26/04/14 03:00:10 INFO SecurityManager: Changing modify acls to: spark
[2026-04-14T03:00:10.197+0000] {subprocess.py:106} INFO - 26/04/14 03:00:10 INFO SecurityManager: Changing view acls groups to: spark
[2026-04-14T03:00:10.217+0000] {subprocess.py:106} INFO - 26/04/14 03:00:10 INFO SecurityManager: Changing modify acls groups to: spark
[2026-04-14T03:00:10.271+0000] {subprocess.py:106} INFO - 26/04/14 03:00:10 INFO SecurityManager: SecurityManager: authentication disabled; ui acls disabled; users with view permissions: spark groups with view permissions: EMPTY; users with modify permissions: spark; groups with modify permissions: EMPTY; RPC SSL disabled
[2026-04-14T03:00:16.835+0000] {subprocess.py:106} INFO - 26/04/14 03:00:16 INFO Utils: Successfully started service 'sparkDriver' on port 43323.
[2026-04-14T03:00:20.704+0000] {subprocess.py:106} INFO - 26/04/14 03:00:20 INFO SparkEnv: Registering MapOutputTracker
[2026-04-14T03:00:20.835+0000] {subprocess.py:106} INFO - 26/04/14 03:00:20 INFO SparkEnv: Registering BlockManagerMaster
[2026-04-14T03:00:21.279+0000] {subprocess.py:106} INFO - 26/04/14 03:00:21 INFO BlockManagerMasterEndpoint: Using org.apache.spark.storage.DefaultTopologyMapper for getting topology information
[2026-04-14T03:00:21.307+0000] {subprocess.py:106} INFO - 26/04/14 03:00:21 INFO BlockManagerMasterEndpoint: BlockManagerMasterEndpoint up
[2026-04-14T03:00:21.408+0000] {subprocess.py:106} INFO - 26/04/14 03:00:21 INFO SparkEnv: Registering BlockManagerMasterHeartbeat
[2026-04-14T03:00:21.690+0000] {subprocess.py:106} INFO - 26/04/14 03:00:21 INFO DiskBlockManager: Created local directory at /tmp/blockmgr-63047640-f0b0-48e2-a462-66bb0fdb3a30
[2026-04-14T03:00:21.876+0000] {subprocess.py:106} INFO - 26/04/14 03:00:21 INFO SparkEnv: Registering OutputCommitCoordinator
[2026-04-14T03:00:25.741+0000] {subprocess.py:106} INFO - 26/04/14 03:00:25 INFO JettyUtils: Start Jetty 0.0.0.0:4040 for SparkUI
[2026-04-14T03:00:28.964+0000] {subprocess.py:106} INFO - 26/04/14 03:00:28 INFO Utils: Successfully started service 'SparkUI' on port 4040.
[2026-04-14T03:00:29.988+0000] {subprocess.py:106} INFO - 26/04/14 03:00:29 INFO SparkContext: Added JAR file:///home/spark/.ivy2.5.2/jars/org.apache.iceberg_iceberg-spark-runtime-4.0_2.13-1.10.1.jar at spark://spark-master:43323/jars/org.apache.iceberg_iceberg-spark-runtime-4.0_2.13-1.10.1.jar with timestamp 1776135602543
[2026-04-14T03:00:30.169+0000] {subprocess.py:106} INFO - 26/04/14 03:00:30 INFO SparkContext: Added file file:///home/spark/.ivy2.5.2/jars/org.apache.iceberg_iceberg-spark-runtime-4.0_2.13-1.10.1.jar at file:///home/spark/.ivy2.5.2/jars/org.apache.iceberg_iceberg-spark-runtime-4.0_2.13-1.10.1.jar with timestamp 1776135602543
[2026-04-14T03:00:30.398+0000] {subprocess.py:106} INFO - 26/04/14 03:00:30 INFO Utils: Copying /home/spark/.ivy2.5.2/jars/org.apache.iceberg_iceberg-spark-runtime-4.0_2.13-1.10.1.jar to /tmp/spark-2d320682-b357-44fd-8c1d-87410313b995/userFiles-7eba4c5a-602c-4bb7-8068-dd405c06acc7/org.apache.iceberg_iceberg-spark-runtime-4.0_2.13-1.10.1.jar
[2026-04-14T03:00:39.123+0000] {subprocess.py:106} INFO - 26/04/14 03:00:39 INFO SecurityManager: Changing view acls to: spark
[2026-04-14T03:00:39.144+0000] {subprocess.py:106} INFO - 26/04/14 03:00:39 INFO SecurityManager: Changing modify acls to: spark
[2026-04-14T03:00:39.154+0000] {subprocess.py:106} INFO - 26/04/14 03:00:39 INFO SecurityManager: Changing view acls groups to: spark
[2026-04-14T03:00:39.169+0000] {subprocess.py:106} INFO - 26/04/14 03:00:39 INFO SecurityManager: Changing modify acls groups to: spark
[2026-04-14T03:00:39.174+0000] {subprocess.py:106} INFO - 26/04/14 03:00:39 INFO SecurityManager: SecurityManager: authentication disabled; ui acls disabled; users with view permissions: spark groups with view permissions: EMPTY; users with modify permissions: spark; groups with modify permissions: EMPTY; RPC SSL disabled
[2026-04-14T03:00:47.709+0000] {subprocess.py:106} INFO - 26/04/14 03:00:47 INFO Executor: Starting executor ID driver on host spark-master
[2026-04-14T03:00:47.728+0000] {subprocess.py:106} INFO - 26/04/14 03:00:47 INFO Executor: OS info Linux, 6.6.87.2-microsoft-standard-WSL2, amd64
[2026-04-14T03:00:47.731+0000] {subprocess.py:106} INFO - 26/04/14 03:00:47 INFO Executor: Java version 21.0.10
[2026-04-14T03:00:49.036+0000] {subprocess.py:106} INFO - 26/04/14 03:00:49 INFO Executor: Starting executor with user classpath (userClassPathFirst = false): ''
[2026-04-14T03:00:49.063+0000] {subprocess.py:106} INFO - 26/04/14 03:00:49 INFO Executor: Created or updated repl class loader org.apache.spark.util.MutableURLClassLoader@cc656d9 for default.
[2026-04-14T03:00:49.279+0000] {subprocess.py:106} INFO - 26/04/14 03:00:49 INFO Executor: Fetching file:///home/spark/.ivy2.5.2/jars/org.apache.iceberg_iceberg-spark-runtime-4.0_2.13-1.10.1.jar with timestamp 1776135602543
[2026-04-14T03:00:53.157+0000] {subprocess.py:106} INFO - 26/04/14 03:00:52 INFO Utils: /home/spark/.ivy2.5.2/jars/org.apache.iceberg_iceberg-spark-runtime-4.0_2.13-1.10.1.jar has been previously copied to /tmp/spark-2d320682-b357-44fd-8c1d-87410313b995/userFiles-7eba4c5a-602c-4bb7-8068-dd405c06acc7/org.apache.iceberg_iceberg-spark-runtime-4.0_2.13-1.10.1.jar
[2026-04-14T03:00:53.183+0000] {subprocess.py:106} INFO - 26/04/14 03:00:52 INFO Executor: Fetching spark://spark-master:43323/jars/org.apache.iceberg_iceberg-spark-runtime-4.0_2.13-1.10.1.jar with timestamp 1776135602543
[2026-04-14T03:00:53.396+0000] {subprocess.py:106} INFO - 26/04/14 03:00:53 INFO TransportClientFactory: Successfully created connection to spark-master/172.20.0.5:43323 after 319 ms (0 ms spent in bootstraps)
[2026-04-14T03:00:53.493+0000] {subprocess.py:106} INFO - 26/04/14 03:00:53 INFO Utils: Fetching spark://spark-master:43323/jars/org.apache.iceberg_iceberg-spark-runtime-4.0_2.13-1.10.1.jar to /tmp/spark-2d320682-b357-44fd-8c1d-87410313b995/userFiles-7eba4c5a-602c-4bb7-8068-dd405c06acc7/fetchFileTemp9310628657319857819.tmp
[2026-04-14T03:00:58.237+0000] {subprocess.py:106} INFO - 26/04/14 03:00:58 INFO Utils: /tmp/spark-2d320682-b357-44fd-8c1d-87410313b995/userFiles-7eba4c5a-602c-4bb7-8068-dd405c06acc7/fetchFileTemp9310628657319857819.tmp has been previously copied to /tmp/spark-2d320682-b357-44fd-8c1d-87410313b995/userFiles-7eba4c5a-602c-4bb7-8068-dd405c06acc7/org.apache.iceberg_iceberg-spark-runtime-4.0_2.13-1.10.1.jar
[2026-04-14T03:00:58.279+0000] {subprocess.py:106} INFO - 26/04/14 03:00:58 INFO Executor: Adding file:/tmp/spark-2d320682-b357-44fd-8c1d-87410313b995/userFiles-7eba4c5a-602c-4bb7-8068-dd405c06acc7/org.apache.iceberg_iceberg-spark-runtime-4.0_2.13-1.10.1.jar to class loader default
[2026-04-14T03:00:58.882+0000] {subprocess.py:106} INFO - 26/04/14 03:00:58 INFO Utils: Successfully started service 'org.apache.spark.network.netty.NettyBlockTransferService' on port 42419.
[2026-04-14T03:00:58.893+0000] {subprocess.py:106} INFO - 26/04/14 03:00:58 INFO NettyBlockTransferService: Server created on spark-master:42419
[2026-04-14T03:00:58.939+0000] {subprocess.py:106} INFO - 26/04/14 03:00:58 INFO BlockManager: Using org.apache.spark.storage.RandomBlockReplicationPolicy for block replication policy
[2026-04-14T03:00:59.296+0000] {subprocess.py:106} INFO - 26/04/14 03:00:59 INFO BlockManagerMaster: Registering BlockManager BlockManagerId(driver, spark-master, 42419, None)
[2026-04-14T03:00:59.426+0000] {subprocess.py:106} INFO - 26/04/14 03:00:59 INFO BlockManagerMasterEndpoint: Registering block manager spark-master:42419 with 1048.8 MiB RAM, BlockManagerId(driver, spark-master, 42419, None)
[2026-04-14T03:00:59.515+0000] {subprocess.py:106} INFO - 26/04/14 03:00:59 INFO BlockManagerMaster: Registered BlockManager BlockManagerId(driver, spark-master, 42419, None)
[2026-04-14T03:00:59.536+0000] {subprocess.py:106} INFO - 26/04/14 03:00:59 INFO BlockManager: Initialized BlockManager: BlockManagerId(driver, spark-master, 42419, None)
[2026-04-14T03:01:01.762+0000] {subprocess.py:106} INFO - 26/04/14 03:01:01 INFO Executor: Told to re-register on heartbeat
[2026-04-14T03:01:01.769+0000] {subprocess.py:106} INFO - 26/04/14 03:01:01 INFO BlockManager: BlockManager BlockManagerId(driver, spark-master, 42419, None) re-registering with master
[2026-04-14T03:01:01.771+0000] {subprocess.py:106} INFO - 26/04/14 03:01:01 INFO BlockManagerMaster: Registering BlockManager BlockManagerId(driver, spark-master, 42419, None)
[2026-04-14T03:01:01.890+0000] {subprocess.py:106} INFO - 26/04/14 03:01:01 ERROR Inbox: Ignoring error
[2026-04-14T03:01:01.895+0000] {subprocess.py:106} INFO - org.apache.spark.SparkException: Exception thrown in awaitResult:
[2026-04-14T03:01:01.899+0000] {subprocess.py:106} INFO - 	at org.apache.spark.util.SparkThreadUtils$.awaitResult(SparkThreadUtils.scala:53)
[2026-04-14T03:01:01.902+0000] {subprocess.py:106} INFO - 	at org.apache.spark.util.ThreadUtils$.awaitResult(ThreadUtils.scala:342)
[2026-04-14T03:01:01.917+0000] {subprocess.py:106} INFO - 	at org.apache.spark.rpc.RpcTimeout.awaitResult(RpcTimeout.scala:75)
[2026-04-14T03:01:01.919+0000] {subprocess.py:106} INFO - 	at org.apache.spark.rpc.RpcEnv.setupEndpointRefByURI(RpcEnv.scala:102)
[2026-04-14T03:01:01.920+0000] {subprocess.py:106} INFO - 	at org.apache.spark.rpc.RpcEnv.setupEndpointRef(RpcEnv.scala:110)
[2026-04-14T03:01:01.928+0000] {subprocess.py:106} INFO - 	at org.apache.spark.util.RpcUtils$.makeDriverRef(RpcUtils.scala:36)
[2026-04-14T03:01:01.934+0000] {subprocess.py:106} INFO - 	at org.apache.spark.storage.BlockManagerMasterEndpoint.driverEndpoint$lzycompute(BlockManagerMasterEndpoint.scala:132)
[2026-04-14T03:01:01.938+0000] {subprocess.py:106} INFO - 	at org.apache.spark.storage.BlockManagerMasterEndpoint.org$apache$spark$storage$BlockManagerMasterEndpoint$$driverEndpoint(BlockManagerMasterEndpoint.scala:131)
[2026-04-14T03:01:01.940+0000] {subprocess.py:106} INFO - 	at org.apache.spark.storage.BlockManagerMasterEndpoint.isExecutorAlive$lzycompute$1(BlockManagerMasterEndpoint.scala:700)
[2026-04-14T03:01:01.942+0000] {subprocess.py:106} INFO - 	at org.apache.spark.storage.BlockManagerMasterEndpoint.isExecutorAlive$1(BlockManagerMasterEndpoint.scala:699)
[2026-04-14T03:01:01.944+0000] {subprocess.py:106} INFO - 	at org.apache.spark.storage.BlockManagerMasterEndpoint.org$apache$spark$storage$BlockManagerMasterEndpoint$$register(BlockManagerMasterEndpoint.scala:739)
[2026-04-14T03:01:01.945+0000] {subprocess.py:106} INFO - 	at org.apache.spark.storage.BlockManagerMasterEndpoint$$anonfun$receiveAndReply$1.applyOrElse(BlockManagerMasterEndpoint.scala:141)
[2026-04-14T03:01:01.948+0000] {subprocess.py:106} INFO - 	at org.apache.spark.rpc.netty.Inbox.$anonfun$process$1(Inbox.scala:104)
[2026-04-14T03:01:01.950+0000] {subprocess.py:106} INFO - 	at org.apache.spark.rpc.netty.Inbox.safelyCall(Inbox.scala:216)
[2026-04-14T03:01:01.951+0000] {subprocess.py:106} INFO - 	at org.apache.spark.rpc.netty.Inbox.process(Inbox.scala:101)
[2026-04-14T03:01:01.953+0000] {subprocess.py:106} INFO - 	at org.apache.spark.rpc.netty.MessageLoop.org$apache$spark$rpc$netty$MessageLoop$$receiveLoop(MessageLoop.scala:76)
[2026-04-14T03:01:01.955+0000] {subprocess.py:106} INFO - 	at org.apache.spark.rpc.netty.MessageLoop$$anon$1.run(MessageLoop.scala:42)
[2026-04-14T03:01:01.957+0000] {subprocess.py:106} INFO - 	at java.base/java.util.concurrent.ThreadPoolExecutor.runWorker(ThreadPoolExecutor.java:1144)
[2026-04-14T03:01:01.958+0000] {subprocess.py:106} INFO - 	at java.base/java.util.concurrent.ThreadPoolExecutor$Worker.run(ThreadPoolExecutor.java:642)
[2026-04-14T03:01:01.960+0000] {subprocess.py:106} INFO - 	at java.base/java.lang.Thread.run(Thread.java:1583)
[2026-04-14T03:01:01.961+0000] {subprocess.py:106} INFO - Caused by: org.apache.spark.rpc.RpcEndpointNotFoundException: Cannot find endpoint: spark://CoarseGrainedScheduler@spark-master:43323
[2026-04-14T03:01:01.967+0000] {subprocess.py:106} INFO - 	at org.apache.spark.rpc.netty.NettyRpcEnv.$anonfun$asyncSetupEndpointRefByURI$1(NettyRpcEnv.scala:151)
[2026-04-14T03:01:01.969+0000] {subprocess.py:106} INFO - 	at org.apache.spark.rpc.netty.NettyRpcEnv.$anonfun$asyncSetupEndpointRefByURI$1$adapted(NettyRpcEnv.scala:147)
[2026-04-14T03:01:01.972+0000] {subprocess.py:106} INFO - 	at scala.concurrent.impl.Promise$Transformation.run(Promise.scala:470)
[2026-04-14T03:01:01.976+0000] {subprocess.py:106} INFO - 	at org.apache.spark.util.ThreadUtils$$anon$1.execute(ThreadUtils.scala:99)
[2026-04-14T03:01:01.977+0000] {subprocess.py:106} INFO - 	at scala.concurrent.impl.ExecutionContextImpl.execute(ExecutionContextImpl.scala:21)
[2026-04-14T03:01:01.978+0000] {subprocess.py:106} INFO - 	at scala.concurrent.impl.Promise$Transformation.submitWithValue(Promise.scala:429)
[2026-04-14T03:01:01.988+0000] {subprocess.py:106} INFO - 	at scala.concurrent.impl.Promise$DefaultPromise.submitWithValue(Promise.scala:338)
[2026-04-14T03:01:01.991+0000] {subprocess.py:106} INFO - 	at scala.concurrent.impl.Promise$DefaultPromise.tryComplete0(Promise.scala:285)
[2026-04-14T03:01:01.992+0000] {subprocess.py:106} INFO - 	at scala.concurrent.impl.Promise$Transformation.run(Promise.scala:504)
[2026-04-14T03:01:01.994+0000] {subprocess.py:106} INFO - 	at org.apache.spark.util.ThreadUtils$$anon$1.execute(ThreadUtils.scala:99)
[2026-04-14T03:01:01.997+0000] {subprocess.py:106} INFO - 	at scala.concurrent.impl.ExecutionContextImpl.execute(ExecutionContextImpl.scala:21)
[2026-04-14T03:01:01.998+0000] {subprocess.py:106} INFO - 	at scala.concurrent.impl.Promise$Transformation.submitWithValue(Promise.scala:429)
[2026-04-14T03:01:02.004+0000] {subprocess.py:106} INFO - 	at scala.concurrent.impl.Promise$DefaultPromise.submitWithValue(Promise.scala:338)
[2026-04-14T03:01:02.006+0000] {subprocess.py:106} INFO - 	at scala.concurrent.impl.Promise$DefaultPromise.tryComplete0(Promise.scala:285)
[2026-04-14T03:01:02.007+0000] {subprocess.py:106} INFO - 	at scala.concurrent.impl.Promise$Transformation.run(Promise.scala:504)
[2026-04-14T03:01:02.007+0000] {subprocess.py:106} INFO - 	at scala.concurrent.ExecutionContext$parasitic$.execute(ExecutionContext.scala:222)
[2026-04-14T03:01:02.008+0000] {subprocess.py:106} INFO - 	at scala.concurrent.impl.Promise$Transformation.submitWithValue(Promise.scala:429)
[2026-04-14T03:01:02.010+0000] {subprocess.py:106} INFO - 	at scala.concurrent.impl.Promise$DefaultPromise.submitWithValue(Promise.scala:335)
[2026-04-14T03:01:02.011+0000] {subprocess.py:106} INFO - 	at scala.concurrent.impl.Promise$DefaultPromise.tryComplete0(Promise.scala:285)
[2026-04-14T03:01:02.013+0000] {subprocess.py:106} INFO - 	at scala.concurrent.impl.Promise$DefaultPromise.tryComplete(Promise.scala:278)
[2026-04-14T03:01:02.014+0000] {subprocess.py:106} INFO - 	at scala.concurrent.Promise.trySuccess(Promise.scala:99)
[2026-04-14T03:01:02.019+0000] {subprocess.py:106} INFO - 	at scala.concurrent.Promise.trySuccess$(Promise.scala:99)
[2026-04-14T03:01:02.022+0000] {subprocess.py:106} INFO - 	at scala.concurrent.impl.Promise$DefaultPromise.trySuccess(Promise.scala:104)
[2026-04-14T03:01:02.025+0000] {subprocess.py:106} INFO - 	at org.apache.spark.rpc.netty.NettyRpcEnv.onSuccess$1(NettyRpcEnv.scala:228)
[2026-04-14T03:01:02.026+0000] {subprocess.py:106} INFO - 	at org.apache.spark.rpc.netty.NettyRpcEnv.$anonfun$askAbortable$5(NettyRpcEnv.scala:242)
[2026-04-14T03:01:02.027+0000] {subprocess.py:106} INFO - 	at org.apache.spark.rpc.netty.NettyRpcEnv.$anonfun$askAbortable$5$adapted(NettyRpcEnv.scala:241)
[2026-04-14T03:01:02.029+0000] {subprocess.py:106} INFO - 	at scala.concurrent.impl.Promise$Transformation.run(Promise.scala:484)
[2026-04-14T03:01:02.036+0000] {subprocess.py:106} INFO - 	at org.apache.spark.util.ThreadUtils$$anon$1.execute(ThreadUtils.scala:99)
[2026-04-14T03:01:02.042+0000] {subprocess.py:106} INFO - 	at scala.concurrent.impl.ExecutionContextImpl.execute(ExecutionContextImpl.scala:21)
[2026-04-14T03:01:02.045+0000] {subprocess.py:106} INFO - 	at scala.concurrent.impl.Promise$Transformation.submitWithValue(Promise.scala:429)
[2026-04-14T03:01:02.046+0000] {subprocess.py:106} INFO - 	at scala.concurrent.impl.Promise$DefaultPromise.submitWithValue(Promise.scala:338)
[2026-04-14T03:01:02.047+0000] {subprocess.py:106} INFO - 	at scala.concurrent.impl.Promise$DefaultPromise.tryComplete0(Promise.scala:285)
[2026-04-14T03:01:02.048+0000] {subprocess.py:106} INFO - 	at scala.concurrent.impl.Promise$DefaultPromise.tryComplete(Promise.scala:278)
[2026-04-14T03:01:02.050+0000] {subprocess.py:106} INFO - 	at scala.concurrent.Promise.complete(Promise.scala:57)
[2026-04-14T03:01:02.053+0000] {subprocess.py:106} INFO - 	at scala.concurrent.Promise.complete$(Promise.scala:56)
[2026-04-14T03:01:02.057+0000] {subprocess.py:106} INFO - 	at scala.concurrent.impl.Promise$DefaultPromise.complete(Promise.scala:104)
[2026-04-14T03:01:02.061+0000] {subprocess.py:106} INFO - 	at scala.concurrent.Promise.success(Promise.scala:91)
[2026-04-14T03:01:02.064+0000] {subprocess.py:106} INFO - 	at scala.concurrent.Promise.success$(Promise.scala:91)
[2026-04-14T03:01:02.065+0000] {subprocess.py:106} INFO - 	at scala.concurrent.impl.Promise$DefaultPromise.success(Promise.scala:104)
[2026-04-14T03:01:02.066+0000] {subprocess.py:106} INFO - 	at org.apache.spark.rpc.netty.LocalNettyRpcCallContext.send(NettyRpcCallContext.scala:50)
[2026-04-14T03:01:02.067+0000] {subprocess.py:106} INFO - 	at org.apache.spark.rpc.netty.NettyRpcCallContext.reply(NettyRpcCallContext.scala:32)
[2026-04-14T03:01:02.068+0000] {subprocess.py:106} INFO - 	at org.apache.spark.rpc.netty.RpcEndpointVerifier$$anonfun$receiveAndReply$1.applyOrElse(RpcEndpointVerifier.scala:31)
[2026-04-14T03:01:02.071+0000] {subprocess.py:106} INFO - 	... 8 more
[2026-04-14T03:01:02.073+0000] {subprocess.py:106} INFO - 26/04/14 03:01:01 WARN Executor: Issue communicating with driver in heartbeater
[2026-04-14T03:01:02.075+0000] {subprocess.py:106} INFO - org.apache.spark.SparkException: Exception thrown in awaitResult:
[2026-04-14T03:01:02.076+0000] {subprocess.py:106} INFO - 	at org.apache.spark.util.SparkThreadUtils$.awaitResult(SparkThreadUtils.scala:53)
[2026-04-14T03:01:02.078+0000] {subprocess.py:106} INFO - 	at org.apache.spark.util.ThreadUtils$.awaitResult(ThreadUtils.scala:342)
[2026-04-14T03:01:02.081+0000] {subprocess.py:106} INFO - 	at org.apache.spark.rpc.RpcTimeout.awaitResult(RpcTimeout.scala:75)
[2026-04-14T03:01:02.087+0000] {subprocess.py:106} INFO - 	at org.apache.spark.rpc.RpcEndpointRef.askSync(RpcEndpointRef.scala:101)
[2026-04-14T03:01:02.089+0000] {subprocess.py:106} INFO - 	at org.apache.spark.rpc.RpcEndpointRef.askSync(RpcEndpointRef.scala:85)
[2026-04-14T03:01:02.094+0000] {subprocess.py:106} INFO - 	at org.apache.spark.storage.BlockManagerMaster.registerBlockManager(BlockManagerMaster.scala:81)
[2026-04-14T03:01:02.096+0000] {subprocess.py:106} INFO - 	at org.apache.spark.storage.BlockManager.reregister(BlockManager.scala:669)
[2026-04-14T03:01:02.098+0000] {subprocess.py:106} INFO - 	at org.apache.spark.executor.Executor.reportHeartBeat(Executor.scala:1296)
[2026-04-14T03:01:02.100+0000] {subprocess.py:106} INFO - 	at org.apache.spark.executor.Executor.$anonfun$heartbeater$1(Executor.scala:307)
[2026-04-14T03:01:02.102+0000] {subprocess.py:106} INFO - 	at scala.runtime.java8.JFunction0$mcV$sp.apply(JFunction0$mcV$sp.scala:18)
[2026-04-14T03:01:02.103+0000] {subprocess.py:106} INFO - 	at org.apache.spark.util.Utils$.logUncaughtExceptions(Utils.scala:1937)
[2026-04-14T03:01:02.106+0000] {subprocess.py:106} INFO - 	at org.apache.spark.Heartbeater$$anon$1.run(Heartbeater.scala:46)
[2026-04-14T03:01:02.107+0000] {subprocess.py:106} INFO - 	at java.base/java.util.concurrent.Executors$RunnableAdapter.call(Executors.java:572)
[2026-04-14T03:01:02.109+0000] {subprocess.py:106} INFO - 	at java.base/java.util.concurrent.FutureTask.runAndReset(FutureTask.java:358)
[2026-04-14T03:01:02.111+0000] {subprocess.py:106} INFO - 	at java.base/java.util.concurrent.ScheduledThreadPoolExecutor$ScheduledFutureTask.run(ScheduledThreadPoolExecutor.java:305)
[2026-04-14T03:01:02.113+0000] {subprocess.py:106} INFO - 	at java.base/java.util.concurrent.ThreadPoolExecutor.runWorker(ThreadPoolExecutor.java:1144)
[2026-04-14T03:01:02.114+0000] {subprocess.py:106} INFO - 	at java.base/java.util.concurrent.ThreadPoolExecutor$Worker.run(ThreadPoolExecutor.java:642)
[2026-04-14T03:01:02.118+0000] {subprocess.py:106} INFO - 	at java.base/java.lang.Thread.run(Thread.java:1583)
[2026-04-14T03:01:02.125+0000] {subprocess.py:106} INFO - Caused by: org.apache.spark.SparkException: Exception thrown in awaitResult:
[2026-04-14T03:01:02.131+0000] {subprocess.py:106} INFO - 	at org.apache.spark.util.SparkThreadUtils$.awaitResult(SparkThreadUtils.scala:53)
[2026-04-14T03:01:02.134+0000] {subprocess.py:106} INFO - 	at org.apache.spark.util.ThreadUtils$.awaitResult(ThreadUtils.scala:342)
[2026-04-14T03:01:02.137+0000] {subprocess.py:106} INFO - 	at org.apache.spark.rpc.RpcTimeout.awaitResult(RpcTimeout.scala:75)
[2026-04-14T03:01:02.138+0000] {subprocess.py:106} INFO - 	at org.apache.spark.rpc.RpcEnv.setupEndpointRefByURI(RpcEnv.scala:102)
[2026-04-14T03:01:02.141+0000] {subprocess.py:106} INFO - 	at org.apache.spark.rpc.RpcEnv.setupEndpointRef(RpcEnv.scala:110)
[2026-04-14T03:01:02.142+0000] {subprocess.py:106} INFO - 	at org.apache.spark.util.RpcUtils$.makeDriverRef(RpcUtils.scala:36)
[2026-04-14T03:01:02.144+0000] {subprocess.py:106} INFO - 	at org.apache.spark.storage.BlockManagerMasterEndpoint.driverEndpoint$lzycompute(BlockManagerMasterEndpoint.scala:132)
[2026-04-14T03:01:02.146+0000] {subprocess.py:106} INFO - 	at org.apache.spark.storage.BlockManagerMasterEndpoint.org$apache$spark$storage$BlockManagerMasterEndpoint$$driverEndpoint(BlockManagerMasterEndpoint.scala:131)
[2026-04-14T03:01:02.152+0000] {subprocess.py:106} INFO - 	at org.apache.spark.storage.BlockManagerMasterEndpoint.isExecutorAlive$lzycompute$1(BlockManagerMasterEndpoint.scala:700)
[2026-04-14T03:01:02.154+0000] {subprocess.py:106} INFO - 	at org.apache.spark.storage.BlockManagerMasterEndpoint.isExecutorAlive$1(BlockManagerMasterEndpoint.scala:699)
[2026-04-14T03:01:02.159+0000] {subprocess.py:106} INFO - 	at org.apache.spark.storage.BlockManagerMasterEndpoint.org$apache$spark$storage$BlockManagerMasterEndpoint$$register(BlockManagerMasterEndpoint.scala:739)
[2026-04-14T03:01:02.162+0000] {subprocess.py:106} INFO - 	at org.apache.spark.storage.BlockManagerMasterEndpoint$$anonfun$receiveAndReply$1.applyOrElse(BlockManagerMasterEndpoint.scala:141)
[2026-04-14T03:01:02.164+0000] {subprocess.py:106} INFO - 	at org.apache.spark.rpc.netty.Inbox.$anonfun$process$1(Inbox.scala:104)
[2026-04-14T03:01:02.166+0000] {subprocess.py:106} INFO - 	at org.apache.spark.rpc.netty.Inbox.safelyCall(Inbox.scala:216)
[2026-04-14T03:01:02.167+0000] {subprocess.py:106} INFO - 	at org.apache.spark.rpc.netty.Inbox.process(Inbox.scala:101)
[2026-04-14T03:01:02.171+0000] {subprocess.py:106} INFO - 	at org.apache.spark.rpc.netty.MessageLoop.org$apache$spark$rpc$netty$MessageLoop$$receiveLoop(MessageLoop.scala:76)
[2026-04-14T03:01:02.178+0000] {subprocess.py:106} INFO - 	at org.apache.spark.rpc.netty.MessageLoop$$anon$1.run(MessageLoop.scala:42)
[2026-04-14T03:01:02.183+0000] {subprocess.py:106} INFO - 	... 3 more
[2026-04-14T03:01:02.185+0000] {subprocess.py:106} INFO - Caused by: org.apache.spark.rpc.RpcEndpointNotFoundException: Cannot find endpoint: spark://CoarseGrainedScheduler@spark-master:43323
[2026-04-14T03:01:02.187+0000] {subprocess.py:106} INFO - 	at org.apache.spark.rpc.netty.NettyRpcEnv.$anonfun$asyncSetupEndpointRefByURI$1(NettyRpcEnv.scala:151)
[2026-04-14T03:01:02.189+0000] {subprocess.py:106} INFO - 	at org.apache.spark.rpc.netty.NettyRpcEnv.$anonfun$asyncSetupEndpointRefByURI$1$adapted(NettyRpcEnv.scala:147)
[2026-04-14T03:01:02.192+0000] {subprocess.py:106} INFO - 	at scala.concurrent.impl.Promise$Transformation.run(Promise.scala:470)
[2026-04-14T03:01:02.193+0000] {subprocess.py:106} INFO - 	at org.apache.spark.util.ThreadUtils$$anon$1.execute(ThreadUtils.scala:99)
[2026-04-14T03:01:02.203+0000] {subprocess.py:106} INFO - 	at scala.concurrent.impl.ExecutionContextImpl.execute(ExecutionContextImpl.scala:21)
[2026-04-14T03:01:02.205+0000] {subprocess.py:106} INFO - 	at scala.concurrent.impl.Promise$Transformation.submitWithValue(Promise.scala:429)
[2026-04-14T03:01:02.210+0000] {subprocess.py:106} INFO - 	at scala.concurrent.impl.Promise$DefaultPromise.submitWithValue(Promise.scala:338)
[2026-04-14T03:01:02.212+0000] {subprocess.py:106} INFO - 	at scala.concurrent.impl.Promise$DefaultPromise.tryComplete0(Promise.scala:285)
[2026-04-14T03:01:02.213+0000] {subprocess.py:106} INFO - 	at scala.concurrent.impl.Promise$Transformation.run(Promise.scala:504)
[2026-04-14T03:01:02.216+0000] {subprocess.py:106} INFO - 	at org.apache.spark.util.ThreadUtils$$anon$1.execute(ThreadUtils.scala:99)
[2026-04-14T03:01:02.219+0000] {subprocess.py:106} INFO - 	at scala.concurrent.impl.ExecutionContextImpl.execute(ExecutionContextImpl.scala:21)
[2026-04-14T03:01:02.220+0000] {subprocess.py:106} INFO - 	at scala.concurrent.impl.Promise$Transformation.submitWithValue(Promise.scala:429)
[2026-04-14T03:01:02.222+0000] {subprocess.py:106} INFO - 	at scala.concurrent.impl.Promise$DefaultPromise.submitWithValue(Promise.scala:338)
[2026-04-14T03:01:02.223+0000] {subprocess.py:106} INFO - 	at scala.concurrent.impl.Promise$DefaultPromise.tryComplete0(Promise.scala:285)
[2026-04-14T03:01:02.224+0000] {subprocess.py:106} INFO - 	at scala.concurrent.impl.Promise$Transformation.run(Promise.scala:504)
[2026-04-14T03:01:02.225+0000] {subprocess.py:106} INFO - 	at scala.concurrent.ExecutionContext$parasitic$.execute(ExecutionContext.scala:222)
[2026-04-14T03:01:02.226+0000] {subprocess.py:106} INFO - 	at scala.concurrent.impl.Promise$Transformation.submitWithValue(Promise.scala:429)
[2026-04-14T03:01:02.227+0000] {subprocess.py:106} INFO - 	at scala.concurrent.impl.Promise$DefaultPromise.submitWithValue(Promise.scala:335)
[2026-04-14T03:01:02.228+0000] {subprocess.py:106} INFO - 	at scala.concurrent.impl.Promise$DefaultPromise.tryComplete0(Promise.scala:285)
[2026-04-14T03:01:02.229+0000] {subprocess.py:106} INFO - 	at scala.concurrent.impl.Promise$DefaultPromise.tryComplete(Promise.scala:278)
[2026-04-14T03:01:02.230+0000] {subprocess.py:106} INFO - 	at scala.concurrent.Promise.trySuccess(Promise.scala:99)
[2026-04-14T03:01:02.232+0000] {subprocess.py:106} INFO - 	at scala.concurrent.Promise.trySuccess$(Promise.scala:99)
[2026-04-14T03:01:02.233+0000] {subprocess.py:106} INFO - 	at scala.concurrent.impl.Promise$DefaultPromise.trySuccess(Promise.scala:104)
[2026-04-14T03:01:02.235+0000] {subprocess.py:106} INFO - 	at org.apache.spark.rpc.netty.NettyRpcEnv.onSuccess$1(NettyRpcEnv.scala:228)
[2026-04-14T03:01:02.236+0000] {subprocess.py:106} INFO - 	at org.apache.spark.rpc.netty.NettyRpcEnv.$anonfun$askAbortable$5(NettyRpcEnv.scala:242)
[2026-04-14T03:01:02.238+0000] {subprocess.py:106} INFO - 	at org.apache.spark.rpc.netty.NettyRpcEnv.$anonfun$askAbortable$5$adapted(NettyRpcEnv.scala:241)
[2026-04-14T03:01:02.239+0000] {subprocess.py:106} INFO - 	at scala.concurrent.impl.Promise$Transformation.run(Promise.scala:484)
[2026-04-14T03:01:02.241+0000] {subprocess.py:106} INFO - 	at org.apache.spark.util.ThreadUtils$$anon$1.execute(ThreadUtils.scala:99)
[2026-04-14T03:01:02.242+0000] {subprocess.py:106} INFO - 	at scala.concurrent.impl.ExecutionContextImpl.execute(ExecutionContextImpl.scala:21)
[2026-04-14T03:01:02.244+0000] {subprocess.py:106} INFO - 	at scala.concurrent.impl.Promise$Transformation.submitWithValue(Promise.scala:429)
[2026-04-14T03:01:02.245+0000] {subprocess.py:106} INFO - 	at scala.concurrent.impl.Promise$DefaultPromise.submitWithValue(Promise.scala:338)
[2026-04-14T03:01:02.246+0000] {subprocess.py:106} INFO - 	at scala.concurrent.impl.Promise$DefaultPromise.tryComplete0(Promise.scala:285)
[2026-04-14T03:01:02.247+0000] {subprocess.py:106} INFO - 	at scala.concurrent.impl.Promise$DefaultPromise.tryComplete(Promise.scala:278)
[2026-04-14T03:01:02.249+0000] {subprocess.py:106} INFO - 	at scala.concurrent.Promise.complete(Promise.scala:57)
[2026-04-14T03:01:02.252+0000] {subprocess.py:106} INFO - 	at scala.concurrent.Promise.complete$(Promise.scala:56)
[2026-04-14T03:01:02.257+0000] {subprocess.py:106} INFO - 	at scala.concurrent.impl.Promise$DefaultPromise.complete(Promise.scala:104)
[2026-04-14T03:01:02.260+0000] {subprocess.py:106} INFO - 	at scala.concurrent.Promise.success(Promise.scala:91)
[2026-04-14T03:01:02.262+0000] {subprocess.py:106} INFO - 	at scala.concurrent.Promise.success$(Promise.scala:91)
[2026-04-14T03:01:02.263+0000] {subprocess.py:106} INFO - 	at scala.concurrent.impl.Promise$DefaultPromise.success(Promise.scala:104)
[2026-04-14T03:01:02.265+0000] {subprocess.py:106} INFO - 	at org.apache.spark.rpc.netty.LocalNettyRpcCallContext.send(NettyRpcCallContext.scala:50)
[2026-04-14T03:01:02.266+0000] {subprocess.py:106} INFO - 	at org.apache.spark.rpc.netty.NettyRpcCallContext.reply(NettyRpcCallContext.scala:32)
[2026-04-14T03:01:02.272+0000] {subprocess.py:106} INFO - 	at org.apache.spark.rpc.netty.RpcEndpointVerifier$$anonfun$receiveAndReply$1.applyOrElse(RpcEndpointVerifier.scala:31)
[2026-04-14T03:01:02.273+0000] {subprocess.py:106} INFO - 	... 8 more
[2026-04-14T03:04:22.447+0000] {job.py:239} ERROR - Job heartbeat failed with error
Traceback (most recent call last):
  File "/home/airflow/airflow/venv/lib/python3.12/site-packages/sqlalchemy/engine/base.py", line 3371, in _wrap_pool_connect
    return fn()
           ^^^^
  File "/home/airflow/airflow/venv/lib/python3.12/site-packages/sqlalchemy/pool/base.py", line 327, in connect
    return _ConnectionFairy._checkout(self)
           ^^^^^^^^^^^^^^^^^^^^^^^^^^^^^^^^
  File "/home/airflow/airflow/venv/lib/python3.12/site-packages/sqlalchemy/pool/base.py", line 894, in _checkout
    fairy = _ConnectionRecord.checkout(pool)
            ^^^^^^^^^^^^^^^^^^^^^^^^^^^^^^^^
  File "/home/airflow/airflow/venv/lib/python3.12/site-packages/sqlalchemy/pool/base.py", line 493, in checkout
    rec = pool._do_get()
          ^^^^^^^^^^^^^^
  File "/home/airflow/airflow/venv/lib/python3.12/site-packages/sqlalchemy/pool/impl.py", line 256, in _do_get
    return self._create_connection()
           ^^^^^^^^^^^^^^^^^^^^^^^^^
  File "/home/airflow/airflow/venv/lib/python3.12/site-packages/sqlalchemy/pool/base.py", line 273, in _create_connection
    return _ConnectionRecord(self)
           ^^^^^^^^^^^^^^^^^^^^^^^
  File "/home/airflow/airflow/venv/lib/python3.12/site-packages/sqlalchemy/pool/base.py", line 388, in __init__
    self.__connect()
  File "/home/airflow/airflow/venv/lib/python3.12/site-packages/sqlalchemy/pool/base.py", line 690, in __connect
    with util.safe_reraise():
         ^^^^^^^^^^^^^^^^^^^
  File "/home/airflow/airflow/venv/lib/python3.12/site-packages/sqlalchemy/util/langhelpers.py", line 70, in __exit__
    compat.raise_(
  File "/home/airflow/airflow/venv/lib/python3.12/site-packages/sqlalchemy/util/compat.py", line 211, in raise_
    raise exception
  File "/home/airflow/airflow/venv/lib/python3.12/site-packages/sqlalchemy/pool/base.py", line 686, in __connect
    self.dbapi_connection = connection = pool._invoke_creator(self)
                                         ^^^^^^^^^^^^^^^^^^^^^^^^^^
  File "/home/airflow/airflow/venv/lib/python3.12/site-packages/sqlalchemy/engine/create.py", line 574, in connect
    return dialect.connect(*cargs, **cparams)
           ^^^^^^^^^^^^^^^^^^^^^^^^^^^^^^^^^^
  File "/home/airflow/airflow/venv/lib/python3.12/site-packages/sqlalchemy/engine/default.py", line 598, in connect
    return self.dbapi.connect(*cargs, **cparams)
           ^^^^^^^^^^^^^^^^^^^^^^^^^^^^^^^^^^^^^
  File "/home/airflow/airflow/venv/lib/python3.12/site-packages/psycopg2/__init__.py", line 122, in connect
    conn = _connect(dsn, connection_factory=connection_factory, **kwasync)
           ^^^^^^^^^^^^^^^^^^^^^^^^^^^^^^^^^^^^^^^^^^^^^^^^^^^^^^^^^^^^^^^
psycopg2.OperationalError: could not translate host name "***" to address: Temporary failure in name resolution


The above exception was the direct cause of the following exception:

Traceback (most recent call last):
  File "/home/airflow/airflow/venv/lib/python3.12/site-packages/airflow/jobs/job.py", line 207, in heartbeat
    self._merge_from(Job._fetch_from_db(self, session))
                     ^^^^^^^^^^^^^^^^^^^^^^^^^^^^^^^^^
  File "/home/airflow/airflow/venv/lib/python3.12/site-packages/airflow/api_internal/internal_api_call.py", line 166, in wrapper
    return func(*args, **kwargs)
           ^^^^^^^^^^^^^^^^^^^^^
  File "/home/airflow/airflow/venv/lib/python3.12/site-packages/airflow/utils/session.py", line 94, in wrapper
    return func(*args, **kwargs)
           ^^^^^^^^^^^^^^^^^^^^^
  File "/home/airflow/airflow/venv/lib/python3.12/site-packages/airflow/utils/retries.py", line 93, in wrapped_function
    for attempt in run_with_db_retries(max_retries=retries, logger=logger, **retry_kwargs):
                   ^^^^^^^^^^^^^^^^^^^^^^^^^^^^^^^^^^^^^^^^^^^^^^^^^^^^^^^^^^^^^^^^^^^^^^^
  File "/home/airflow/airflow/venv/lib/python3.12/site-packages/tenacity/__init__.py", line 438, in __iter__
    do = self.iter(retry_state=retry_state)
         ^^^^^^^^^^^^^^^^^^^^^^^^^^^^^^^^^^
  File "/home/airflow/airflow/venv/lib/python3.12/site-packages/tenacity/__init__.py", line 371, in iter
    result = action(retry_state)
             ^^^^^^^^^^^^^^^^^^^
  File "/home/airflow/airflow/venv/lib/python3.12/site-packages/tenacity/__init__.py", line 413, in exc_check
    raise retry_exc.reraise()
          ^^^^^^^^^^^^^^^^^^^
  File "/home/airflow/airflow/venv/lib/python3.12/site-packages/tenacity/__init__.py", line 184, in reraise
    raise self.last_attempt.result()
          ^^^^^^^^^^^^^^^^^^^^^^^^^^
  File "/usr/local/lib/python3.12/concurrent/futures/_base.py", line 449, in result
    return self.__get_result()
           ^^^^^^^^^^^^^^^^^^^
  File "/usr/local/lib/python3.12/concurrent/futures/_base.py", line 401, in __get_result
    raise self._exception
  File "/home/airflow/airflow/venv/lib/python3.12/site-packages/airflow/utils/retries.py", line 102, in wrapped_function
    return func(*args, **kwargs)
           ^^^^^^^^^^^^^^^^^^^^^
  File "/home/airflow/airflow/venv/lib/python3.12/site-packages/airflow/jobs/job.py", line 335, in _fetch_from_db
    session.merge(job)
  File "/home/airflow/airflow/venv/lib/python3.12/site-packages/sqlalchemy/orm/session.py", line 3056, in merge
    return self._merge(
           ^^^^^^^^^^^^
  File "/home/airflow/airflow/venv/lib/python3.12/site-packages/sqlalchemy/orm/session.py", line 3136, in _merge
    merged = self.get(
             ^^^^^^^^^
  File "/home/airflow/airflow/venv/lib/python3.12/site-packages/sqlalchemy/orm/session.py", line 2853, in get
    return self._get_impl(
           ^^^^^^^^^^^^^^^
  File "/home/airflow/airflow/venv/lib/python3.12/site-packages/sqlalchemy/orm/session.py", line 2975, in _get_impl
    return db_load_fn(
           ^^^^^^^^^^^
  File "/home/airflow/airflow/venv/lib/python3.12/site-packages/sqlalchemy/orm/loading.py", line 530, in load_on_pk_identity
    session.execute(
  File "/home/airflow/airflow/venv/lib/python3.12/site-packages/sqlalchemy/orm/session.py", line 1716, in execute
    conn = self._connection_for_bind(bind)
           ^^^^^^^^^^^^^^^^^^^^^^^^^^^^^^^
  File "/home/airflow/airflow/venv/lib/python3.12/site-packages/sqlalchemy/orm/session.py", line 1555, in _connection_for_bind
    return self._transaction._connection_for_bind(
           ^^^^^^^^^^^^^^^^^^^^^^^^^^^^^^^^^^^^^^^
  File "/home/airflow/airflow/venv/lib/python3.12/site-packages/sqlalchemy/orm/session.py", line 750, in _connection_for_bind
    conn = bind.connect()
           ^^^^^^^^^^^^^^
  File "/home/airflow/airflow/venv/lib/python3.12/site-packages/sqlalchemy/future/engine.py", line 412, in connect
    return super(Engine, self).connect()
           ^^^^^^^^^^^^^^^^^^^^^^^^^^^^^
  File "/home/airflow/airflow/venv/lib/python3.12/site-packages/sqlalchemy/engine/base.py", line 3325, in connect
    return self._connection_cls(self, close_with_result=close_with_result)
           ^^^^^^^^^^^^^^^^^^^^^^^^^^^^^^^^^^^^^^^^^^^^^^^^^^^^^^^^^^^^^^^
  File "/home/airflow/airflow/venv/lib/python3.12/site-packages/sqlalchemy/engine/base.py", line 96, in __init__
    else engine.raw_connection()
         ^^^^^^^^^^^^^^^^^^^^^^^
  File "/home/airflow/airflow/venv/lib/python3.12/site-packages/sqlalchemy/engine/base.py", line 3404, in raw_connection
    return self._wrap_pool_connect(self.pool.connect, _connection)
           ^^^^^^^^^^^^^^^^^^^^^^^^^^^^^^^^^^^^^^^^^^^^^^^^^^^^^^^
  File "/home/airflow/airflow/venv/lib/python3.12/site-packages/sqlalchemy/engine/base.py", line 3374, in _wrap_pool_connect
    Connection._handle_dbapi_exception_noconnection(
  File "/home/airflow/airflow/venv/lib/python3.12/site-packages/sqlalchemy/engine/base.py", line 2208, in _handle_dbapi_exception_noconnection
    util.raise_(
  File "/home/airflow/airflow/venv/lib/python3.12/site-packages/sqlalchemy/util/compat.py", line 211, in raise_
    raise exception
  File "/home/airflow/airflow/venv/lib/python3.12/site-packages/sqlalchemy/engine/base.py", line 3371, in _wrap_pool_connect
    return fn()
           ^^^^
  File "/home/airflow/airflow/venv/lib/python3.12/site-packages/sqlalchemy/pool/base.py", line 327, in connect
    return _ConnectionFairy._checkout(self)
           ^^^^^^^^^^^^^^^^^^^^^^^^^^^^^^^^
  File "/home/airflow/airflow/venv/lib/python3.12/site-packages/sqlalchemy/pool/base.py", line 894, in _checkout
    fairy = _ConnectionRecord.checkout(pool)
            ^^^^^^^^^^^^^^^^^^^^^^^^^^^^^^^^
  File "/home/airflow/airflow/venv/lib/python3.12/site-packages/sqlalchemy/pool/base.py", line 493, in checkout
    rec = pool._do_get()
          ^^^^^^^^^^^^^^
  File "/home/airflow/airflow/venv/lib/python3.12/site-packages/sqlalchemy/pool/impl.py", line 256, in _do_get
    return self._create_connection()
           ^^^^^^^^^^^^^^^^^^^^^^^^^
  File "/home/airflow/airflow/venv/lib/python3.12/site-packages/sqlalchemy/pool/base.py", line 273, in _create_connection
    return _ConnectionRecord(self)
           ^^^^^^^^^^^^^^^^^^^^^^^
  File "/home/airflow/airflow/venv/lib/python3.12/site-packages/sqlalchemy/pool/base.py", line 388, in __init__
    self.__connect()
  File "/home/airflow/airflow/venv/lib/python3.12/site-packages/sqlalchemy/pool/base.py", line 690, in __connect
    with util.safe_reraise():
         ^^^^^^^^^^^^^^^^^^^
  File "/home/airflow/airflow/venv/lib/python3.12/site-packages/sqlalchemy/util/langhelpers.py", line 70, in __exit__
    compat.raise_(
  File "/home/airflow/airflow/venv/lib/python3.12/site-packages/sqlalchemy/util/compat.py", line 211, in raise_
    raise exception
  File "/home/airflow/airflow/venv/lib/python3.12/site-packages/sqlalchemy/pool/base.py", line 686, in __connect
    self.dbapi_connection = connection = pool._invoke_creator(self)
                                         ^^^^^^^^^^^^^^^^^^^^^^^^^^
  File "/home/airflow/airflow/venv/lib/python3.12/site-packages/sqlalchemy/engine/create.py", line 574, in connect
    return dialect.connect(*cargs, **cparams)
           ^^^^^^^^^^^^^^^^^^^^^^^^^^^^^^^^^^
  File "/home/airflow/airflow/venv/lib/python3.12/site-packages/sqlalchemy/engine/default.py", line 598, in connect
    return self.dbapi.connect(*cargs, **cparams)
           ^^^^^^^^^^^^^^^^^^^^^^^^^^^^^^^^^^^^^
  File "/home/airflow/airflow/venv/lib/python3.12/site-packages/psycopg2/__init__.py", line 122, in connect
    conn = _connect(dsn, connection_factory=connection_factory, **kwasync)
           ^^^^^^^^^^^^^^^^^^^^^^^^^^^^^^^^^^^^^^^^^^^^^^^^^^^^^^^^^^^^^^^
sqlalchemy.exc.OperationalError: (psycopg2.OperationalError) could not translate host name "***" to address: Temporary failure in name resolution

(Background on this error at: https://sqlalche.me/e/14/e3q8)
[2026-04-14T03:07:53.180+0000] {job.py:254} ERROR - Job heartbeat failed with error. Scheduler is in unhealthy state
[2026-04-14T03:07:53.400+0000] {local_task_job_runner.py:228} ERROR - Heartbeat time limit exceeded!
[2026-04-14T03:07:53.406+0000] {local_task_job_runner.py:245} INFO - ::endgroup::
[2026-04-14T03:07:53.716+0000] {process_utils.py:132} INFO - Sending 15 to group 239. PIDs of all processes in the group: [370, 371, 239]
[2026-04-14T03:07:53.737+0000] {process_utils.py:87} INFO - Sending the signal 15 to group 239
[2026-04-14T03:07:53.985+0000] {taskinstance.py:3093} ERROR - Received SIGTERM. Terminating subprocesses.
[2026-04-14T03:07:54.498+0000] {subprocess.py:117} INFO - Sending SIGTERM signal to process group
