[2026-04-13T18:18:32.726+0000] {local_task_job_runner.py:123} INFO - ::group::Pre task execution logs
[2026-04-13T18:18:32.928+0000] {taskinstance.py:2613} INFO - Dependencies all met for dep_context=non-requeueable deps ti=<TaskInstance: predict_aqi.predict scheduled__2026-04-13T16:00:00+00:00 [queued]>
[2026-04-13T18:18:33.036+0000] {taskinstance.py:2613} INFO - Dependencies all met for dep_context=requeueable deps ti=<TaskInstance: predict_aqi.predict scheduled__2026-04-13T16:00:00+00:00 [queued]>
[2026-04-13T18:18:33.037+0000] {taskinstance.py:2866} INFO - Starting attempt 1 of 3
[2026-04-13T18:18:33.171+0000] {taskinstance.py:2889} INFO - Executing <Task(BashOperator): predict> on 2026-04-13 16:00:00+00:00
[2026-04-13T18:18:33.238+0000] {standard_task_runner.py:104} INFO - Running: ['airflow', 'tasks', 'run', 'predict_aqi', 'predict', 'scheduled__2026-04-13T16:00:00+00:00', '--job-id', '230', '--raw', '--subdir', 'DAGS_FOLDER/dag_ml.py', '--cfg-path', '/tmp/tmp9s5mzk8g']
[2026-04-13T18:18:33.248+0000] {standard_task_runner.py:105} INFO - Job 230: Subtask predict
[2026-04-13T18:18:33.325+0000] {logging_mixin.py:190} WARNING - /home/airflow/airflow/venv/lib/python3.12/site-packages/airflow/task/task_runner/standard_task_runner.py:70 DeprecationWarning: This process (pid=91378) is multi-threaded, use of fork() may lead to deadlocks in the child.
[2026-04-13T18:18:33.331+0000] {standard_task_runner.py:72} INFO - Started process 91463 to run task
[2026-04-13T18:18:33.531+0000] {task_command.py:467} INFO - Running <TaskInstance: predict_aqi.predict scheduled__2026-04-13T16:00:00+00:00 [running]> on host airflow
[2026-04-13T18:18:34.305+0000] {taskinstance.py:3132} INFO - Exporting env vars: AIRFLOW_CTX_DAG_OWNER='airflow' AIRFLOW_CTX_DAG_ID='predict_aqi' AIRFLOW_CTX_TASK_ID='predict' AIRFLOW_CTX_EXECUTION_DATE='2026-04-13T16:00:00+00:00' AIRFLOW_CTX_TRY_NUMBER='1' AIRFLOW_CTX_DAG_RUN_ID='scheduled__2026-04-13T16:00:00+00:00'
[2026-04-13T18:18:34.311+0000] {taskinstance.py:731} INFO - ::endgroup::
[2026-04-13T18:18:34.533+0000] {subprocess.py:78} INFO - Tmp dir root location: /tmp
[2026-04-13T18:18:34.560+0000] {subprocess.py:88} INFO - Running command: ['/usr/bin/bash', '-c', '\n            docker exec spark-master spark-submit                 --packages org.apache.iceberg:iceberg-spark-runtime-4.0_2.13:1.10.1                 /home/spark/spark/spark_jobs/predict.py 2026-04-13\n        ']
[2026-04-13T18:18:34.711+0000] {subprocess.py:99} INFO - Output:
[2026-04-13T18:18:43.497+0000] {subprocess.py:106} INFO - WARNING: Using incubator modules: jdk.incubator.vector
[2026-04-13T18:18:59.334+0000] {subprocess.py:106} INFO - :: loading settings :: url = jar:file:/home/spark/spark/jars/ivy-2.5.3.jar!/org/apache/ivy/core/settings/ivysettings.xml
[2026-04-13T18:18:59.834+0000] {subprocess.py:106} INFO - Ivy Default Cache set to: /home/spark/.ivy2.5.2/cache
[2026-04-13T18:18:59.839+0000] {subprocess.py:106} INFO - The jars for the packages stored in: /home/spark/.ivy2.5.2/jars
[2026-04-13T18:18:59.968+0000] {subprocess.py:106} INFO - org.apache.iceberg#iceberg-spark-runtime-4.0_2.13 added as a dependency
[2026-04-13T18:19:00.075+0000] {subprocess.py:106} INFO - :: resolving dependencies :: org.apache.spark#spark-submit-parent-51c59e24-46aa-4c37-bee8-e07e03d106e7;1.0
[2026-04-13T18:19:00.078+0000] {subprocess.py:106} INFO - 	confs: [default]
[2026-04-13T18:19:00.666+0000] {subprocess.py:106} INFO - 	found org.apache.iceberg#iceberg-spark-runtime-4.0_2.13;1.10.1 in central
[2026-04-13T18:19:00.815+0000] {subprocess.py:106} INFO - :: resolution report :: resolve 762ms :: artifacts dl 46ms
[2026-04-13T18:19:00.832+0000] {subprocess.py:106} INFO - 	:: modules in use:
[2026-04-13T18:19:00.836+0000] {subprocess.py:106} INFO - 	org.apache.iceberg#iceberg-spark-runtime-4.0_2.13;1.10.1 from central in [default]
[2026-04-13T18:19:00.841+0000] {subprocess.py:106} INFO - 	---------------------------------------------------------------------
[2026-04-13T18:19:00.843+0000] {subprocess.py:106} INFO - 	|                  |            modules            ||   artifacts   |
[2026-04-13T18:19:00.845+0000] {subprocess.py:106} INFO - 	|       conf       | number| search|dwnlded|evicted|| number|dwnlded|
[2026-04-13T18:19:00.848+0000] {subprocess.py:106} INFO - 	---------------------------------------------------------------------
[2026-04-13T18:19:00.850+0000] {subprocess.py:106} INFO - 	|      default     |   1   |   0   |   0   |   0   ||   1   |   0   |
[2026-04-13T18:19:00.853+0000] {subprocess.py:106} INFO - 	---------------------------------------------------------------------
[2026-04-13T18:19:00.865+0000] {subprocess.py:106} INFO - :: retrieving :: org.apache.spark#spark-submit-parent-51c59e24-46aa-4c37-bee8-e07e03d106e7
[2026-04-13T18:19:00.866+0000] {subprocess.py:106} INFO - 	confs: [default]
[2026-04-13T18:19:00.894+0000] {subprocess.py:106} INFO - 	0 artifacts copied, 1 already retrieved (0kB/28ms)
[2026-04-13T18:19:02.909+0000] {subprocess.py:106} INFO - 26/04/13 18:19:02 WARN NativeCodeLoader: Unable to load native-hadoop library for your platform... using builtin-java classes where applicable
[2026-04-13T18:19:29.864+0000] {subprocess.py:106} INFO - Using Spark's default log4j profile: org/apache/spark/log4j2-defaults.properties
[2026-04-13T18:19:30.014+0000] {subprocess.py:106} INFO - 26/04/13 18:19:30 INFO SparkContext: Running Spark version 4.0.2
[2026-04-13T18:19:30.071+0000] {subprocess.py:106} INFO - 26/04/13 18:19:30 INFO SparkContext: OS info Linux, 6.6.87.2-microsoft-standard-WSL2, amd64
[2026-04-13T18:19:30.074+0000] {subprocess.py:106} INFO - 26/04/13 18:19:30 INFO SparkContext: Java version 21.0.10
[2026-04-13T18:19:30.635+0000] {subprocess.py:106} INFO - 26/04/13 18:19:30 INFO ResourceUtils: ==============================================================
[2026-04-13T18:19:30.644+0000] {subprocess.py:106} INFO - 26/04/13 18:19:30 INFO ResourceUtils: No custom resources configured for spark.driver.
[2026-04-13T18:19:30.651+0000] {subprocess.py:106} INFO - 26/04/13 18:19:30 INFO ResourceUtils: ==============================================================
[2026-04-13T18:19:30.656+0000] {subprocess.py:106} INFO - 26/04/13 18:19:30 INFO SparkContext: Submitted application: predict
[2026-04-13T18:19:31.192+0000] {subprocess.py:106} INFO - 26/04/13 18:19:31 INFO ResourceProfile: Default ResourceProfile created, executor resources: Map(cores -> name: cores, amount: 2, script: , vendor: , memory -> name: memory, amount: 2048, script: , vendor: , offHeap -> name: offHeap, amount: 0, script: , vendor: ), task resources: Map(cpus -> name: cpus, amount: 1.0)
[2026-04-13T18:19:31.284+0000] {subprocess.py:106} INFO - 26/04/13 18:19:31 INFO ResourceProfile: Limiting resource is cpus at 2 tasks per executor
[2026-04-13T18:19:31.326+0000] {subprocess.py:106} INFO - 26/04/13 18:19:31 INFO ResourceProfileManager: Added ResourceProfile id: 0
[2026-04-13T18:19:32.737+0000] {subprocess.py:106} INFO - 26/04/13 18:19:32 INFO SecurityManager: Changing view acls to: spark
[2026-04-13T18:19:32.753+0000] {subprocess.py:106} INFO - 26/04/13 18:19:32 INFO SecurityManager: Changing modify acls to: spark
[2026-04-13T18:19:32.758+0000] {subprocess.py:106} INFO - 26/04/13 18:19:32 INFO SecurityManager: Changing view acls groups to: spark
[2026-04-13T18:19:32.769+0000] {subprocess.py:106} INFO - 26/04/13 18:19:32 INFO SecurityManager: Changing modify acls groups to: spark
[2026-04-13T18:19:32.821+0000] {subprocess.py:106} INFO - 26/04/13 18:19:32 INFO SecurityManager: SecurityManager: authentication disabled; ui acls disabled; users with view permissions: spark groups with view permissions: EMPTY; users with modify permissions: spark; groups with modify permissions: EMPTY; RPC SSL disabled
[2026-04-13T18:19:47.856+0000] {job.py:229} INFO - Heartbeat recovered after 14.18 seconds
[2026-04-13T18:19:55.035+0000] {subprocess.py:106} INFO - 26/04/13 18:19:47 INFO Utils: Successfully started service 'sparkDriver' on port 38891.
[2026-04-13T18:19:55.111+0000] {subprocess.py:106} INFO - 26/04/13 18:19:47 INFO SparkEnv: Registering MapOutputTracker
[2026-04-13T18:19:55.113+0000] {subprocess.py:106} INFO - 26/04/13 18:19:48 INFO SparkEnv: Registering BlockManagerMaster
[2026-04-13T18:19:55.119+0000] {subprocess.py:106} INFO - 26/04/13 18:19:52 INFO BlockManagerMasterEndpoint: Using org.apache.spark.storage.DefaultTopologyMapper for getting topology information
[2026-04-13T18:19:55.122+0000] {subprocess.py:106} INFO - 26/04/13 18:19:52 INFO BlockManagerMasterEndpoint: BlockManagerMasterEndpoint up
[2026-04-13T18:19:55.123+0000] {subprocess.py:106} INFO - 26/04/13 18:19:52 INFO SparkEnv: Registering BlockManagerMasterHeartbeat
[2026-04-13T18:19:55.128+0000] {subprocess.py:106} INFO - 26/04/13 18:19:52 INFO DiskBlockManager: Created local directory at /tmp/blockmgr-ab9b0f0f-b78d-4297-bf1f-2673f9cead3b
[2026-04-13T18:19:55.131+0000] {subprocess.py:106} INFO - 26/04/13 18:19:53 INFO SparkEnv: Registering OutputCommitCoordinator
[2026-04-13T18:19:55.132+0000] {subprocess.py:106} INFO - 26/04/13 18:19:55 INFO JettyUtils: Start Jetty 0.0.0.0:4040 for SparkUI
[2026-04-13T18:19:56.068+0000] {subprocess.py:106} INFO - 26/04/13 18:19:56 WARN Utils: Service 'SparkUI' could not bind on port 4040. Attempting port 4041.
[2026-04-13T18:19:56.074+0000] {subprocess.py:106} INFO - 26/04/13 18:19:56 WARN Utils: Service 'SparkUI' could not bind on port 4041. Attempting port 4042.
[2026-04-13T18:19:56.077+0000] {subprocess.py:106} INFO - 26/04/13 18:19:56 WARN Utils: Service 'SparkUI' could not bind on port 4042. Attempting port 4043.
[2026-04-13T18:19:56.080+0000] {subprocess.py:106} INFO - 26/04/13 18:19:56 WARN Utils: Service 'SparkUI' could not bind on port 4043. Attempting port 4044.
[2026-04-13T18:19:56.747+0000] {subprocess.py:106} INFO - 26/04/13 18:19:56 INFO Utils: Successfully started service 'SparkUI' on port 4044.
[2026-04-13T18:19:57.623+0000] {subprocess.py:106} INFO - 26/04/13 18:19:57 INFO SparkContext: Added JAR file:///home/spark/.ivy2.5.2/jars/org.apache.iceberg_iceberg-spark-runtime-4.0_2.13-1.10.1.jar at spark://spark-master:38891/jars/org.apache.iceberg_iceberg-spark-runtime-4.0_2.13-1.10.1.jar with timestamp 1776104369302
[2026-04-13T18:19:57.693+0000] {subprocess.py:106} INFO - 26/04/13 18:19:57 INFO SparkContext: Added file file:///home/spark/.ivy2.5.2/jars/org.apache.iceberg_iceberg-spark-runtime-4.0_2.13-1.10.1.jar at file:///home/spark/.ivy2.5.2/jars/org.apache.iceberg_iceberg-spark-runtime-4.0_2.13-1.10.1.jar with timestamp 1776104369302
[2026-04-13T18:19:57.716+0000] {subprocess.py:106} INFO - 26/04/13 18:19:57 INFO Utils: Copying /home/spark/.ivy2.5.2/jars/org.apache.iceberg_iceberg-spark-runtime-4.0_2.13-1.10.1.jar to /tmp/spark-66e4fbec-9ca6-47a8-b407-1bd14b50f281/userFiles-101b0998-8062-40a8-b480-7d826b1f9130/org.apache.iceberg_iceberg-spark-runtime-4.0_2.13-1.10.1.jar
[2026-04-13T18:19:59.518+0000] {job.py:229} INFO - Heartbeat recovered after 11.68 seconds
[2026-04-13T18:20:00.690+0000] {subprocess.py:106} INFO - 26/04/13 18:20:00 INFO SecurityManager: Changing view acls to: spark
[2026-04-13T18:20:00.711+0000] {subprocess.py:106} INFO - 26/04/13 18:20:00 INFO SecurityManager: Changing modify acls to: spark
[2026-04-13T18:20:00.712+0000] {subprocess.py:106} INFO - 26/04/13 18:20:00 INFO SecurityManager: Changing view acls groups to: spark
[2026-04-13T18:20:00.715+0000] {subprocess.py:106} INFO - 26/04/13 18:20:00 INFO SecurityManager: Changing modify acls groups to: spark
[2026-04-13T18:20:00.720+0000] {subprocess.py:106} INFO - 26/04/13 18:20:00 INFO SecurityManager: SecurityManager: authentication disabled; ui acls disabled; users with view permissions: spark groups with view permissions: EMPTY; users with modify permissions: spark; groups with modify permissions: EMPTY; RPC SSL disabled
[2026-04-13T18:20:05.104+0000] {subprocess.py:106} INFO - 26/04/13 18:20:05 INFO Executor: Starting executor ID driver on host spark-master
[2026-04-13T18:20:05.206+0000] {subprocess.py:106} INFO - 26/04/13 18:20:05 INFO Executor: OS info Linux, 6.6.87.2-microsoft-standard-WSL2, amd64
[2026-04-13T18:20:05.208+0000] {subprocess.py:106} INFO - 26/04/13 18:20:05 INFO Executor: Java version 21.0.10
[2026-04-13T18:20:05.316+0000] {subprocess.py:106} INFO - 26/04/13 18:20:05 INFO Executor: Starting executor with user classpath (userClassPathFirst = false): ''
[2026-04-13T18:20:05.332+0000] {subprocess.py:106} INFO - 26/04/13 18:20:05 INFO Executor: Created or updated repl class loader org.apache.spark.util.MutableURLClassLoader@19a9adc0 for default.
[2026-04-13T18:20:05.727+0000] {subprocess.py:106} INFO - 26/04/13 18:20:05 INFO Executor: Fetching file:///home/spark/.ivy2.5.2/jars/org.apache.iceberg_iceberg-spark-runtime-4.0_2.13-1.10.1.jar with timestamp 1776104369302
[2026-04-13T18:20:11.280+0000] {subprocess.py:106} INFO - 26/04/13 18:20:10 INFO Utils: /home/spark/.ivy2.5.2/jars/org.apache.iceberg_iceberg-spark-runtime-4.0_2.13-1.10.1.jar has been previously copied to /tmp/spark-66e4fbec-9ca6-47a8-b407-1bd14b50f281/userFiles-101b0998-8062-40a8-b480-7d826b1f9130/org.apache.iceberg_iceberg-spark-runtime-4.0_2.13-1.10.1.jar
[2026-04-13T18:20:12.607+0000] {subprocess.py:106} INFO - 26/04/13 18:20:12 INFO Executor: Fetching spark://spark-master:38891/jars/org.apache.iceberg_iceberg-spark-runtime-4.0_2.13-1.10.1.jar with timestamp 1776104369302
