[2026-04-12T10:03:32.178+0000] {local_task_job_runner.py:123} INFO - ::group::Pre task execution logs
[2026-04-12T10:03:32.237+0000] {taskinstance.py:2613} INFO - Dependencies all met for dep_context=non-requeueable deps ti=<TaskInstance: weather_real_time_pipeline_v2.start_spark_streaming_job scheduled__2026-04-12T09:52:00+00:00 [queued]>
[2026-04-12T10:03:32.254+0000] {taskinstance.py:2613} INFO - Dependencies all met for dep_context=requeueable deps ti=<TaskInstance: weather_real_time_pipeline_v2.start_spark_streaming_job scheduled__2026-04-12T09:52:00+00:00 [queued]>
[2026-04-12T10:03:32.254+0000] {taskinstance.py:2866} INFO - Starting attempt 4 of 4
[2026-04-12T10:03:32.273+0000] {taskinstance.py:2889} INFO - Executing <Task(BashOperator): start_spark_streaming_job> on 2026-04-12 09:52:00+00:00
[2026-04-12T10:03:32.284+0000] {standard_task_runner.py:104} INFO - Running: ['airflow', 'tasks', 'run', 'weather_real_time_pipeline_v2', 'start_spark_streaming_job', 'scheduled__2026-04-12T09:52:00+00:00', '--job-id', '53', '--raw', '--subdir', 'DAGS_FOLDER/weather_pipeline_dag.py', '--cfg-path', '/tmp/tmplptg5o4v']
[2026-04-12T10:03:32.286+0000] {standard_task_runner.py:105} INFO - Job 53: Subtask start_spark_streaming_job
[2026-04-12T10:03:32.288+0000] {logging_mixin.py:190} WARNING - /home/airflow/airflow/venv/lib/python3.12/site-packages/airflow/task/task_runner/standard_task_runner.py:70 DeprecationWarning: This process (pid=85188) is multi-threaded, use of fork() may lead to deadlocks in the child.
[2026-04-12T10:03:32.289+0000] {standard_task_runner.py:72} INFO - Started process 85217 to run task
[2026-04-12T10:03:32.387+0000] {task_command.py:467} INFO - Running <TaskInstance: weather_real_time_pipeline_v2.start_spark_streaming_job scheduled__2026-04-12T09:52:00+00:00 [running]> on host airflow
[2026-04-12T10:03:32.533+0000] {taskinstance.py:3132} INFO - Exporting env vars: AIRFLOW_CTX_DAG_OWNER='airflow' AIRFLOW_CTX_DAG_ID='weather_real_time_pipeline_v2' AIRFLOW_CTX_TASK_ID='start_spark_streaming_job' AIRFLOW_CTX_EXECUTION_DATE='2026-04-12T09:52:00+00:00' AIRFLOW_CTX_TRY_NUMBER='4' AIRFLOW_CTX_DAG_RUN_ID='scheduled__2026-04-12T09:52:00+00:00'
[2026-04-12T10:03:32.534+0000] {taskinstance.py:731} INFO - ::endgroup::
[2026-04-12T10:03:32.548+0000] {subprocess.py:78} INFO - Tmp dir root location: /tmp
[2026-04-12T10:03:32.550+0000] {subprocess.py:88} INFO - Running command: ['/usr/bin/bash', '-c', 'docker exec spark-master spark-submit                 --packages org.apache.spark:spark-sql-kafka-0-10_2.13:4.0.0,org.apache.iceberg:iceberg-spark-runtime-4.0_2.13:1.10.1                 /home/spark/spark/spark_jobs/weather_streaming.py']
[2026-04-12T10:03:32.558+0000] {subprocess.py:99} INFO - Output:
[2026-04-12T10:03:33.167+0000] {subprocess.py:106} INFO - WARNING: Using incubator modules: jdk.incubator.vector
[2026-04-12T10:03:34.834+0000] {subprocess.py:106} INFO - :: loading settings :: url = jar:file:/home/spark/spark/jars/ivy-2.5.3.jar!/org/apache/ivy/core/settings/ivysettings.xml
[2026-04-12T10:03:34.914+0000] {subprocess.py:106} INFO - Ivy Default Cache set to: /home/spark/.ivy2.5.2/cache
[2026-04-12T10:03:34.915+0000] {subprocess.py:106} INFO - The jars for the packages stored in: /home/spark/.ivy2.5.2/jars
[2026-04-12T10:03:34.930+0000] {subprocess.py:106} INFO - org.apache.spark#spark-sql-kafka-0-10_2.13 added as a dependency
[2026-04-12T10:03:34.931+0000] {subprocess.py:106} INFO - org.apache.iceberg#iceberg-spark-runtime-4.0_2.13 added as a dependency
[2026-04-12T10:03:34.932+0000] {subprocess.py:106} INFO - :: resolving dependencies :: org.apache.spark#spark-submit-parent-d5caca12-df65-4114-80ab-dc25626fe561;1.0
[2026-04-12T10:03:34.933+0000] {subprocess.py:106} INFO - 	confs: [default]
[2026-04-12T10:03:35.141+0000] {subprocess.py:106} INFO - 	found org.apache.spark#spark-sql-kafka-0-10_2.13;4.0.0 in central
[2026-04-12T10:03:35.283+0000] {subprocess.py:106} INFO - 	found org.apache.spark#spark-token-provider-kafka-0-10_2.13;4.0.0 in central
[2026-04-12T10:03:35.319+0000] {subprocess.py:106} INFO - 	found org.apache.kafka#kafka-clients;3.9.0 in central
[2026-04-12T10:03:35.358+0000] {subprocess.py:106} INFO - 	found org.lz4#lz4-java;1.8.0 in central
[2026-04-12T10:03:35.399+0000] {subprocess.py:106} INFO - 	found org.xerial.snappy#snappy-java;1.1.10.7 in central
[2026-04-12T10:03:35.433+0000] {subprocess.py:106} INFO - 	found org.slf4j#slf4j-api;2.0.16 in central
[2026-04-12T10:03:35.479+0000] {subprocess.py:106} INFO - 	found org.apache.hadoop#hadoop-client-runtime;3.4.1 in central
[2026-04-12T10:03:35.532+0000] {subprocess.py:106} INFO - 	found org.apache.hadoop#hadoop-client-api;3.4.1 in central
[2026-04-12T10:03:35.567+0000] {subprocess.py:106} INFO - 	found com.google.code.findbugs#jsr305;3.0.0 in central
[2026-04-12T10:03:35.586+0000] {subprocess.py:106} INFO - 	found org.scala-lang.modules#scala-parallel-collections_2.13;1.2.0 in central
[2026-04-12T10:03:35.609+0000] {subprocess.py:106} INFO - 	found org.apache.commons#commons-pool2;2.12.0 in central
[2026-04-12T10:03:35.625+0000] {subprocess.py:106} INFO - 	found org.apache.iceberg#iceberg-spark-runtime-4.0_2.13;1.10.1 in central
[2026-04-12T10:03:35.657+0000] {subprocess.py:106} INFO - :: resolution report :: resolve 709ms :: artifacts dl 16ms
[2026-04-12T10:03:35.658+0000] {subprocess.py:106} INFO - 	:: modules in use:
[2026-04-12T10:03:35.672+0000] {subprocess.py:106} INFO - 	com.google.code.findbugs#jsr305;3.0.0 from central in [default]
[2026-04-12T10:03:35.673+0000] {subprocess.py:106} INFO - 	org.apache.commons#commons-pool2;2.12.0 from central in [default]
[2026-04-12T10:03:35.673+0000] {subprocess.py:106} INFO - 	org.apache.hadoop#hadoop-client-api;3.4.1 from central in [default]
[2026-04-12T10:03:35.674+0000] {subprocess.py:106} INFO - 	org.apache.hadoop#hadoop-client-runtime;3.4.1 from central in [default]
[2026-04-12T10:03:35.674+0000] {subprocess.py:106} INFO - 	org.apache.iceberg#iceberg-spark-runtime-4.0_2.13;1.10.1 from central in [default]
[2026-04-12T10:03:35.675+0000] {subprocess.py:106} INFO - 	org.apache.kafka#kafka-clients;3.9.0 from central in [default]
[2026-04-12T10:03:35.676+0000] {subprocess.py:106} INFO - 	org.apache.spark#spark-sql-kafka-0-10_2.13;4.0.0 from central in [default]
[2026-04-12T10:03:35.676+0000] {subprocess.py:106} INFO - 	org.apache.spark#spark-token-provider-kafka-0-10_2.13;4.0.0 from central in [default]
[2026-04-12T10:03:35.677+0000] {subprocess.py:106} INFO - 	org.lz4#lz4-java;1.8.0 from central in [default]
[2026-04-12T10:03:35.677+0000] {subprocess.py:106} INFO - 	org.scala-lang.modules#scala-parallel-collections_2.13;1.2.0 from central in [default]
[2026-04-12T10:03:35.678+0000] {subprocess.py:106} INFO - 	org.slf4j#slf4j-api;2.0.16 from central in [default]
[2026-04-12T10:03:35.678+0000] {subprocess.py:106} INFO - 	org.xerial.snappy#snappy-java;1.1.10.7 from central in [default]
[2026-04-12T10:03:35.679+0000] {subprocess.py:106} INFO - 	---------------------------------------------------------------------
[2026-04-12T10:03:35.679+0000] {subprocess.py:106} INFO - 	|                  |            modules            ||   artifacts   |
[2026-04-12T10:03:35.680+0000] {subprocess.py:106} INFO - 	|       conf       | number| search|dwnlded|evicted|| number|dwnlded|
[2026-04-12T10:03:35.680+0000] {subprocess.py:106} INFO - 	---------------------------------------------------------------------
[2026-04-12T10:03:35.681+0000] {subprocess.py:106} INFO - 	|      default     |   12  |   0   |   0   |   0   ||   12  |   0   |
[2026-04-12T10:03:35.681+0000] {subprocess.py:106} INFO - 	---------------------------------------------------------------------
[2026-04-12T10:03:35.682+0000] {subprocess.py:106} INFO - :: retrieving :: org.apache.spark#spark-submit-parent-d5caca12-df65-4114-80ab-dc25626fe561
[2026-04-12T10:03:35.682+0000] {subprocess.py:106} INFO - 	confs: [default]
[2026-04-12T10:03:35.683+0000] {subprocess.py:106} INFO - 	0 artifacts copied, 12 already retrieved (0kB/11ms)
[2026-04-12T10:03:35.967+0000] {subprocess.py:106} INFO - 26/04/12 10:03:35 WARN NativeCodeLoader: Unable to load native-hadoop library for your platform... using builtin-java classes where applicable
[2026-04-12T10:03:37.617+0000] {subprocess.py:106} INFO - Using Spark's default log4j profile: org/apache/spark/log4j2-defaults.properties
[2026-04-12T10:03:37.627+0000] {subprocess.py:106} INFO - 26/04/12 10:03:37 INFO SparkContext: Running Spark version 4.0.2
[2026-04-12T10:03:37.630+0000] {subprocess.py:106} INFO - 26/04/12 10:03:37 INFO SparkContext: OS info Linux, 6.6.87.2-microsoft-standard-WSL2, amd64
[2026-04-12T10:03:37.631+0000] {subprocess.py:106} INFO - 26/04/12 10:03:37 INFO SparkContext: Java version 21.0.10
[2026-04-12T10:03:37.667+0000] {subprocess.py:106} INFO - 26/04/12 10:03:37 INFO ResourceUtils: ==============================================================
[2026-04-12T10:03:37.667+0000] {subprocess.py:106} INFO - 26/04/12 10:03:37 INFO ResourceUtils: No custom resources configured for spark.driver.
[2026-04-12T10:03:37.668+0000] {subprocess.py:106} INFO - 26/04/12 10:03:37 INFO ResourceUtils: ==============================================================
[2026-04-12T10:03:37.669+0000] {subprocess.py:106} INFO - 26/04/12 10:03:37 INFO SparkContext: Submitted application: Weather_Kafka_to_Iceberg
[2026-04-12T10:03:37.713+0000] {subprocess.py:106} INFO - 26/04/12 10:03:37 INFO ResourceProfile: Default ResourceProfile created, executor resources: Map(cores -> name: cores, amount: 2, script: , vendor: , memory -> name: memory, amount: 2048, script: , vendor: , offHeap -> name: offHeap, amount: 0, script: , vendor: ), task resources: Map(cpus -> name: cpus, amount: 1.0)
[2026-04-12T10:03:37.723+0000] {subprocess.py:106} INFO - 26/04/12 10:03:37 INFO ResourceProfile: Limiting resource is cpus at 2 tasks per executor
[2026-04-12T10:03:37.726+0000] {subprocess.py:106} INFO - 26/04/12 10:03:37 INFO ResourceProfileManager: Added ResourceProfile id: 0
[2026-04-12T10:03:37.797+0000] {subprocess.py:106} INFO - 26/04/12 10:03:37 INFO SecurityManager: Changing view acls to: spark
[2026-04-12T10:03:37.801+0000] {subprocess.py:106} INFO - 26/04/12 10:03:37 INFO SecurityManager: Changing modify acls to: spark
[2026-04-12T10:03:37.801+0000] {subprocess.py:106} INFO - 26/04/12 10:03:37 INFO SecurityManager: Changing view acls groups to: spark
[2026-04-12T10:03:37.802+0000] {subprocess.py:106} INFO - 26/04/12 10:03:37 INFO SecurityManager: Changing modify acls groups to: spark
[2026-04-12T10:03:37.805+0000] {subprocess.py:106} INFO - 26/04/12 10:03:37 INFO SecurityManager: SecurityManager: authentication disabled; ui acls disabled; users with view permissions: spark groups with view permissions: EMPTY; users with modify permissions: spark; groups with modify permissions: EMPTY; RPC SSL disabled
[2026-04-12T10:03:38.151+0000] {subprocess.py:106} INFO - 26/04/12 10:03:38 INFO Utils: Successfully started service 'sparkDriver' on port 34973.
[2026-04-12T10:03:38.185+0000] {subprocess.py:106} INFO - 26/04/12 10:03:38 INFO SparkEnv: Registering MapOutputTracker
[2026-04-12T10:03:38.201+0000] {subprocess.py:106} INFO - 26/04/12 10:03:38 INFO SparkEnv: Registering BlockManagerMaster
[2026-04-12T10:03:38.226+0000] {subprocess.py:106} INFO - 26/04/12 10:03:38 INFO BlockManagerMasterEndpoint: Using org.apache.spark.storage.DefaultTopologyMapper for getting topology information
[2026-04-12T10:03:38.227+0000] {subprocess.py:106} INFO - 26/04/12 10:03:38 INFO BlockManagerMasterEndpoint: BlockManagerMasterEndpoint up
[2026-04-12T10:03:38.232+0000] {subprocess.py:106} INFO - 26/04/12 10:03:38 INFO SparkEnv: Registering BlockManagerMasterHeartbeat
[2026-04-12T10:03:38.272+0000] {subprocess.py:106} INFO - 26/04/12 10:03:38 INFO DiskBlockManager: Created local directory at /tmp/blockmgr-67f9fb0c-a716-4ead-a0da-bf5cc4dde7d4
[2026-04-12T10:03:38.300+0000] {subprocess.py:106} INFO - 26/04/12 10:03:38 INFO SparkEnv: Registering OutputCommitCoordinator
[2026-04-12T10:03:38.475+0000] {subprocess.py:106} INFO - 26/04/12 10:03:38 INFO JettyUtils: Start Jetty 0.0.0.0:4040 for SparkUI
[2026-04-12T10:03:38.582+0000] {subprocess.py:106} INFO - 26/04/12 10:03:38 WARN Utils: Service 'SparkUI' could not bind on port 4040. Attempting port 4041.
[2026-04-12T10:03:38.596+0000] {subprocess.py:106} INFO - 26/04/12 10:03:38 INFO Utils: Successfully started service 'SparkUI' on port 4041.
[2026-04-12T10:03:38.661+0000] {subprocess.py:106} INFO - 26/04/12 10:03:38 INFO SparkContext: Added JAR file:///home/spark/.ivy2.5.2/jars/org.apache.spark_spark-sql-kafka-0-10_2.13-4.0.0.jar at spark://spark-master:34973/jars/org.apache.spark_spark-sql-kafka-0-10_2.13-4.0.0.jar with timestamp 1775988217605
[2026-04-12T10:03:38.662+0000] {subprocess.py:106} INFO - 26/04/12 10:03:38 INFO SparkContext: Added JAR file:///home/spark/.ivy2.5.2/jars/org.apache.iceberg_iceberg-spark-runtime-4.0_2.13-1.10.1.jar at spark://spark-master:34973/jars/org.apache.iceberg_iceberg-spark-runtime-4.0_2.13-1.10.1.jar with timestamp 1775988217605
[2026-04-12T10:03:38.663+0000] {subprocess.py:106} INFO - 26/04/12 10:03:38 INFO SparkContext: Added JAR file:///home/spark/.ivy2.5.2/jars/org.apache.spark_spark-token-provider-kafka-0-10_2.13-4.0.0.jar at spark://spark-master:34973/jars/org.apache.spark_spark-token-provider-kafka-0-10_2.13-4.0.0.jar with timestamp 1775988217605
[2026-04-12T10:03:38.664+0000] {subprocess.py:106} INFO - 26/04/12 10:03:38 INFO SparkContext: Added JAR file:///home/spark/.ivy2.5.2/jars/org.scala-lang.modules_scala-parallel-collections_2.13-1.2.0.jar at spark://spark-master:34973/jars/org.scala-lang.modules_scala-parallel-collections_2.13-1.2.0.jar with timestamp 1775988217605
[2026-04-12T10:03:38.664+0000] {subprocess.py:106} INFO - 26/04/12 10:03:38 INFO SparkContext: Added JAR file:///home/spark/.ivy2.5.2/jars/org.apache.kafka_kafka-clients-3.9.0.jar at spark://spark-master:34973/jars/org.apache.kafka_kafka-clients-3.9.0.jar with timestamp 1775988217605
[2026-04-12T10:03:38.665+0000] {subprocess.py:106} INFO - 26/04/12 10:03:38 INFO SparkContext: Added JAR file:///home/spark/.ivy2.5.2/jars/com.google.code.findbugs_jsr305-3.0.0.jar at spark://spark-master:34973/jars/com.google.code.findbugs_jsr305-3.0.0.jar with timestamp 1775988217605
[2026-04-12T10:03:38.665+0000] {subprocess.py:106} INFO - 26/04/12 10:03:38 INFO SparkContext: Added JAR file:///home/spark/.ivy2.5.2/jars/org.apache.commons_commons-pool2-2.12.0.jar at spark://spark-master:34973/jars/org.apache.commons_commons-pool2-2.12.0.jar with timestamp 1775988217605
[2026-04-12T10:03:38.666+0000] {subprocess.py:106} INFO - 26/04/12 10:03:38 INFO SparkContext: Added JAR file:///home/spark/.ivy2.5.2/jars/org.apache.hadoop_hadoop-client-runtime-3.4.1.jar at spark://spark-master:34973/jars/org.apache.hadoop_hadoop-client-runtime-3.4.1.jar with timestamp 1775988217605
[2026-04-12T10:03:38.666+0000] {subprocess.py:106} INFO - 26/04/12 10:03:38 INFO SparkContext: Added JAR file:///home/spark/.ivy2.5.2/jars/org.lz4_lz4-java-1.8.0.jar at spark://spark-master:34973/jars/org.lz4_lz4-java-1.8.0.jar with timestamp 1775988217605
[2026-04-12T10:03:38.668+0000] {subprocess.py:106} INFO - 26/04/12 10:03:38 INFO SparkContext: Added JAR file:///home/spark/.ivy2.5.2/jars/org.xerial.snappy_snappy-java-1.1.10.7.jar at spark://spark-master:34973/jars/org.xerial.snappy_snappy-java-1.1.10.7.jar with timestamp 1775988217605
[2026-04-12T10:03:38.669+0000] {subprocess.py:106} INFO - 26/04/12 10:03:38 INFO SparkContext: Added JAR file:///home/spark/.ivy2.5.2/jars/org.slf4j_slf4j-api-2.0.16.jar at spark://spark-master:34973/jars/org.slf4j_slf4j-api-2.0.16.jar with timestamp 1775988217605
[2026-04-12T10:03:38.669+0000] {subprocess.py:106} INFO - 26/04/12 10:03:38 INFO SparkContext: Added JAR file:///home/spark/.ivy2.5.2/jars/org.apache.hadoop_hadoop-client-api-3.4.1.jar at spark://spark-master:34973/jars/org.apache.hadoop_hadoop-client-api-3.4.1.jar with timestamp 1775988217605
[2026-04-12T10:03:38.674+0000] {subprocess.py:106} INFO - 26/04/12 10:03:38 INFO SparkContext: Added file file:///home/spark/.ivy2.5.2/jars/org.apache.spark_spark-sql-kafka-0-10_2.13-4.0.0.jar at file:///home/spark/.ivy2.5.2/jars/org.apache.spark_spark-sql-kafka-0-10_2.13-4.0.0.jar with timestamp 1775988217605
[2026-04-12T10:03:38.677+0000] {subprocess.py:106} INFO - 26/04/12 10:03:38 INFO Utils: Copying /home/spark/.ivy2.5.2/jars/org.apache.spark_spark-sql-kafka-0-10_2.13-4.0.0.jar to /tmp/spark-f8a3bc29-a8e2-42a3-a66b-b4e7de493393/userFiles-20196d56-21b8-4f82-bb35-d6cce97aebdf/org.apache.spark_spark-sql-kafka-0-10_2.13-4.0.0.jar
[2026-04-12T10:03:38.691+0000] {subprocess.py:106} INFO - 26/04/12 10:03:38 INFO SparkContext: Added file file:///home/spark/.ivy2.5.2/jars/org.apache.iceberg_iceberg-spark-runtime-4.0_2.13-1.10.1.jar at file:///home/spark/.ivy2.5.2/jars/org.apache.iceberg_iceberg-spark-runtime-4.0_2.13-1.10.1.jar with timestamp 1775988217605
[2026-04-12T10:03:38.692+0000] {subprocess.py:106} INFO - 26/04/12 10:03:38 INFO Utils: Copying /home/spark/.ivy2.5.2/jars/org.apache.iceberg_iceberg-spark-runtime-4.0_2.13-1.10.1.jar to /tmp/spark-f8a3bc29-a8e2-42a3-a66b-b4e7de493393/userFiles-20196d56-21b8-4f82-bb35-d6cce97aebdf/org.apache.iceberg_iceberg-spark-runtime-4.0_2.13-1.10.1.jar
[2026-04-12T10:03:38.742+0000] {subprocess.py:106} INFO - 26/04/12 10:03:38 INFO SparkContext: Added file file:///home/spark/.ivy2.5.2/jars/org.apache.spark_spark-token-provider-kafka-0-10_2.13-4.0.0.jar at file:///home/spark/.ivy2.5.2/jars/org.apache.spark_spark-token-provider-kafka-0-10_2.13-4.0.0.jar with timestamp 1775988217605
[2026-04-12T10:03:38.743+0000] {subprocess.py:106} INFO - 26/04/12 10:03:38 INFO Utils: Copying /home/spark/.ivy2.5.2/jars/org.apache.spark_spark-token-provider-kafka-0-10_2.13-4.0.0.jar to /tmp/spark-f8a3bc29-a8e2-42a3-a66b-b4e7de493393/userFiles-20196d56-21b8-4f82-bb35-d6cce97aebdf/org.apache.spark_spark-token-provider-kafka-0-10_2.13-4.0.0.jar
[2026-04-12T10:03:38.747+0000] {subprocess.py:106} INFO - 26/04/12 10:03:38 INFO SparkContext: Added file file:///home/spark/.ivy2.5.2/jars/org.scala-lang.modules_scala-parallel-collections_2.13-1.2.0.jar at file:///home/spark/.ivy2.5.2/jars/org.scala-lang.modules_scala-parallel-collections_2.13-1.2.0.jar with timestamp 1775988217605
[2026-04-12T10:03:38.748+0000] {subprocess.py:106} INFO - 26/04/12 10:03:38 INFO Utils: Copying /home/spark/.ivy2.5.2/jars/org.scala-lang.modules_scala-parallel-collections_2.13-1.2.0.jar to /tmp/spark-f8a3bc29-a8e2-42a3-a66b-b4e7de493393/userFiles-20196d56-21b8-4f82-bb35-d6cce97aebdf/org.scala-lang.modules_scala-parallel-collections_2.13-1.2.0.jar
[2026-04-12T10:03:38.755+0000] {subprocess.py:106} INFO - 26/04/12 10:03:38 INFO SparkContext: Added file file:///home/spark/.ivy2.5.2/jars/org.apache.kafka_kafka-clients-3.9.0.jar at file:///home/spark/.ivy2.5.2/jars/org.apache.kafka_kafka-clients-3.9.0.jar with timestamp 1775988217605
[2026-04-12T10:03:38.755+0000] {subprocess.py:106} INFO - 26/04/12 10:03:38 INFO Utils: Copying /home/spark/.ivy2.5.2/jars/org.apache.kafka_kafka-clients-3.9.0.jar to /tmp/spark-f8a3bc29-a8e2-42a3-a66b-b4e7de493393/userFiles-20196d56-21b8-4f82-bb35-d6cce97aebdf/org.apache.kafka_kafka-clients-3.9.0.jar
[2026-04-12T10:03:38.785+0000] {subprocess.py:106} INFO - 26/04/12 10:03:38 INFO SparkContext: Added file file:///home/spark/.ivy2.5.2/jars/com.google.code.findbugs_jsr305-3.0.0.jar at file:///home/spark/.ivy2.5.2/jars/com.google.code.findbugs_jsr305-3.0.0.jar with timestamp 1775988217605
[2026-04-12T10:03:38.785+0000] {subprocess.py:106} INFO - 26/04/12 10:03:38 INFO Utils: Copying /home/spark/.ivy2.5.2/jars/com.google.code.findbugs_jsr305-3.0.0.jar to /tmp/spark-f8a3bc29-a8e2-42a3-a66b-b4e7de493393/userFiles-20196d56-21b8-4f82-bb35-d6cce97aebdf/com.google.code.findbugs_jsr305-3.0.0.jar
[2026-04-12T10:03:38.790+0000] {subprocess.py:106} INFO - 26/04/12 10:03:38 INFO SparkContext: Added file file:///home/spark/.ivy2.5.2/jars/org.apache.commons_commons-pool2-2.12.0.jar at file:///home/spark/.ivy2.5.2/jars/org.apache.commons_commons-pool2-2.12.0.jar with timestamp 1775988217605
[2026-04-12T10:03:38.793+0000] {subprocess.py:106} INFO - 26/04/12 10:03:38 INFO Utils: Copying /home/spark/.ivy2.5.2/jars/org.apache.commons_commons-pool2-2.12.0.jar to /tmp/spark-f8a3bc29-a8e2-42a3-a66b-b4e7de493393/userFiles-20196d56-21b8-4f82-bb35-d6cce97aebdf/org.apache.commons_commons-pool2-2.12.0.jar
[2026-04-12T10:03:38.797+0000] {subprocess.py:106} INFO - 26/04/12 10:03:38 INFO SparkContext: Added file file:///home/spark/.ivy2.5.2/jars/org.apache.hadoop_hadoop-client-runtime-3.4.1.jar at file:///home/spark/.ivy2.5.2/jars/org.apache.hadoop_hadoop-client-runtime-3.4.1.jar with timestamp 1775988217605
[2026-04-12T10:03:38.798+0000] {subprocess.py:106} INFO - 26/04/12 10:03:38 INFO Utils: Copying /home/spark/.ivy2.5.2/jars/org.apache.hadoop_hadoop-client-runtime-3.4.1.jar to /tmp/spark-f8a3bc29-a8e2-42a3-a66b-b4e7de493393/userFiles-20196d56-21b8-4f82-bb35-d6cce97aebdf/org.apache.hadoop_hadoop-client-runtime-3.4.1.jar
[2026-04-12T10:03:38.879+0000] {subprocess.py:106} INFO - 26/04/12 10:03:38 INFO SparkContext: Added file file:///home/spark/.ivy2.5.2/jars/org.lz4_lz4-java-1.8.0.jar at file:///home/spark/.ivy2.5.2/jars/org.lz4_lz4-java-1.8.0.jar with timestamp 1775988217605
[2026-04-12T10:03:38.880+0000] {subprocess.py:106} INFO - 26/04/12 10:03:38 INFO Utils: Copying /home/spark/.ivy2.5.2/jars/org.lz4_lz4-java-1.8.0.jar to /tmp/spark-f8a3bc29-a8e2-42a3-a66b-b4e7de493393/userFiles-20196d56-21b8-4f82-bb35-d6cce97aebdf/org.lz4_lz4-java-1.8.0.jar
[2026-04-12T10:03:38.890+0000] {subprocess.py:106} INFO - 26/04/12 10:03:38 INFO SparkContext: Added file file:///home/spark/.ivy2.5.2/jars/org.xerial.snappy_snappy-java-1.1.10.7.jar at file:///home/spark/.ivy2.5.2/jars/org.xerial.snappy_snappy-java-1.1.10.7.jar with timestamp 1775988217605
[2026-04-12T10:03:38.890+0000] {subprocess.py:106} INFO - 26/04/12 10:03:38 INFO Utils: Copying /home/spark/.ivy2.5.2/jars/org.xerial.snappy_snappy-java-1.1.10.7.jar to /tmp/spark-f8a3bc29-a8e2-42a3-a66b-b4e7de493393/userFiles-20196d56-21b8-4f82-bb35-d6cce97aebdf/org.xerial.snappy_snappy-java-1.1.10.7.jar
[2026-04-12T10:03:38.902+0000] {subprocess.py:106} INFO - 26/04/12 10:03:38 INFO SparkContext: Added file file:///home/spark/.ivy2.5.2/jars/org.slf4j_slf4j-api-2.0.16.jar at file:///home/spark/.ivy2.5.2/jars/org.slf4j_slf4j-api-2.0.16.jar with timestamp 1775988217605
[2026-04-12T10:03:38.902+0000] {subprocess.py:106} INFO - 26/04/12 10:03:38 INFO Utils: Copying /home/spark/.ivy2.5.2/jars/org.slf4j_slf4j-api-2.0.16.jar to /tmp/spark-f8a3bc29-a8e2-42a3-a66b-b4e7de493393/userFiles-20196d56-21b8-4f82-bb35-d6cce97aebdf/org.slf4j_slf4j-api-2.0.16.jar
[2026-04-12T10:03:38.911+0000] {subprocess.py:106} INFO - 26/04/12 10:03:38 INFO SparkContext: Added file file:///home/spark/.ivy2.5.2/jars/org.apache.hadoop_hadoop-client-api-3.4.1.jar at file:///home/spark/.ivy2.5.2/jars/org.apache.hadoop_hadoop-client-api-3.4.1.jar with timestamp 1775988217605
[2026-04-12T10:03:38.912+0000] {subprocess.py:106} INFO - 26/04/12 10:03:38 INFO Utils: Copying /home/spark/.ivy2.5.2/jars/org.apache.hadoop_hadoop-client-api-3.4.1.jar to /tmp/spark-f8a3bc29-a8e2-42a3-a66b-b4e7de493393/userFiles-20196d56-21b8-4f82-bb35-d6cce97aebdf/org.apache.hadoop_hadoop-client-api-3.4.1.jar
[2026-04-12T10:03:38.976+0000] {subprocess.py:106} INFO - 26/04/12 10:03:38 INFO SecurityManager: Changing view acls to: spark
[2026-04-12T10:03:38.976+0000] {subprocess.py:106} INFO - 26/04/12 10:03:38 INFO SecurityManager: Changing modify acls to: spark
[2026-04-12T10:03:38.977+0000] {subprocess.py:106} INFO - 26/04/12 10:03:38 INFO SecurityManager: Changing view acls groups to: spark
[2026-04-12T10:03:38.977+0000] {subprocess.py:106} INFO - 26/04/12 10:03:38 INFO SecurityManager: Changing modify acls groups to: spark
[2026-04-12T10:03:38.978+0000] {subprocess.py:106} INFO - 26/04/12 10:03:38 INFO SecurityManager: SecurityManager: authentication disabled; ui acls disabled; users with view permissions: spark groups with view permissions: EMPTY; users with modify permissions: spark; groups with modify permissions: EMPTY; RPC SSL disabled
[2026-04-12T10:03:39.273+0000] {subprocess.py:106} INFO - 26/04/12 10:03:39 INFO Executor: Starting executor ID driver on host spark-master
[2026-04-12T10:03:39.274+0000] {subprocess.py:106} INFO - 26/04/12 10:03:39 INFO Executor: OS info Linux, 6.6.87.2-microsoft-standard-WSL2, amd64
[2026-04-12T10:03:39.275+0000] {subprocess.py:106} INFO - 26/04/12 10:03:39 INFO Executor: Java version 21.0.10
[2026-04-12T10:03:39.299+0000] {subprocess.py:106} INFO - 26/04/12 10:03:39 INFO Executor: Starting executor with user classpath (userClassPathFirst = false): ''
[2026-04-12T10:03:39.301+0000] {subprocess.py:106} INFO - 26/04/12 10:03:39 INFO Executor: Created or updated repl class loader org.apache.spark.util.MutableURLClassLoader@5a75faf5 for default.
[2026-04-12T10:03:39.323+0000] {subprocess.py:106} INFO - 26/04/12 10:03:39 INFO Executor: Fetching file:///home/spark/.ivy2.5.2/jars/org.lz4_lz4-java-1.8.0.jar with timestamp 1775988217605
[2026-04-12T10:03:39.358+0000] {subprocess.py:106} INFO - 26/04/12 10:03:39 INFO Utils: /home/spark/.ivy2.5.2/jars/org.lz4_lz4-java-1.8.0.jar has been previously copied to /tmp/spark-f8a3bc29-a8e2-42a3-a66b-b4e7de493393/userFiles-20196d56-21b8-4f82-bb35-d6cce97aebdf/org.lz4_lz4-java-1.8.0.jar
[2026-04-12T10:03:39.362+0000] {subprocess.py:106} INFO - 26/04/12 10:03:39 INFO Executor: Fetching file:///home/spark/.ivy2.5.2/jars/org.scala-lang.modules_scala-parallel-collections_2.13-1.2.0.jar with timestamp 1775988217605
[2026-04-12T10:03:39.364+0000] {subprocess.py:106} INFO - 26/04/12 10:03:39 INFO Utils: /home/spark/.ivy2.5.2/jars/org.scala-lang.modules_scala-parallel-collections_2.13-1.2.0.jar has been previously copied to /tmp/spark-f8a3bc29-a8e2-42a3-a66b-b4e7de493393/userFiles-20196d56-21b8-4f82-bb35-d6cce97aebdf/org.scala-lang.modules_scala-parallel-collections_2.13-1.2.0.jar
[2026-04-12T10:03:39.368+0000] {subprocess.py:106} INFO - 26/04/12 10:03:39 INFO Executor: Fetching file:///home/spark/.ivy2.5.2/jars/org.apache.kafka_kafka-clients-3.9.0.jar with timestamp 1775988217605
[2026-04-12T10:03:39.375+0000] {subprocess.py:106} INFO - 26/04/12 10:03:39 INFO Utils: /home/spark/.ivy2.5.2/jars/org.apache.kafka_kafka-clients-3.9.0.jar has been previously copied to /tmp/spark-f8a3bc29-a8e2-42a3-a66b-b4e7de493393/userFiles-20196d56-21b8-4f82-bb35-d6cce97aebdf/org.apache.kafka_kafka-clients-3.9.0.jar
[2026-04-12T10:03:39.379+0000] {subprocess.py:106} INFO - 26/04/12 10:03:39 INFO Executor: Fetching file:///home/spark/.ivy2.5.2/jars/org.apache.spark_spark-sql-kafka-0-10_2.13-4.0.0.jar with timestamp 1775988217605
[2026-04-12T10:03:39.380+0000] {subprocess.py:106} INFO - 26/04/12 10:03:39 INFO Utils: /home/spark/.ivy2.5.2/jars/org.apache.spark_spark-sql-kafka-0-10_2.13-4.0.0.jar has been previously copied to /tmp/spark-f8a3bc29-a8e2-42a3-a66b-b4e7de493393/userFiles-20196d56-21b8-4f82-bb35-d6cce97aebdf/org.apache.spark_spark-sql-kafka-0-10_2.13-4.0.0.jar
[2026-04-12T10:03:39.385+0000] {subprocess.py:106} INFO - 26/04/12 10:03:39 INFO Executor: Fetching file:///home/spark/.ivy2.5.2/jars/org.apache.hadoop_hadoop-client-api-3.4.1.jar with timestamp 1775988217605
[2026-04-12T10:03:39.398+0000] {subprocess.py:106} INFO - 26/04/12 10:03:39 INFO Utils: /home/spark/.ivy2.5.2/jars/org.apache.hadoop_hadoop-client-api-3.4.1.jar has been previously copied to /tmp/spark-f8a3bc29-a8e2-42a3-a66b-b4e7de493393/userFiles-20196d56-21b8-4f82-bb35-d6cce97aebdf/org.apache.hadoop_hadoop-client-api-3.4.1.jar
[2026-04-12T10:03:39.403+0000] {subprocess.py:106} INFO - 26/04/12 10:03:39 INFO Executor: Fetching file:///home/spark/.ivy2.5.2/jars/org.apache.commons_commons-pool2-2.12.0.jar with timestamp 1775988217605
[2026-04-12T10:03:39.403+0000] {subprocess.py:106} INFO - 26/04/12 10:03:39 INFO Utils: /home/spark/.ivy2.5.2/jars/org.apache.commons_commons-pool2-2.12.0.jar has been previously copied to /tmp/spark-f8a3bc29-a8e2-42a3-a66b-b4e7de493393/userFiles-20196d56-21b8-4f82-bb35-d6cce97aebdf/org.apache.commons_commons-pool2-2.12.0.jar
[2026-04-12T10:03:39.407+0000] {subprocess.py:106} INFO - 26/04/12 10:03:39 INFO Executor: Fetching file:///home/spark/.ivy2.5.2/jars/org.slf4j_slf4j-api-2.0.16.jar with timestamp 1775988217605
[2026-04-12T10:03:39.408+0000] {subprocess.py:106} INFO - 26/04/12 10:03:39 INFO Utils: /home/spark/.ivy2.5.2/jars/org.slf4j_slf4j-api-2.0.16.jar has been previously copied to /tmp/spark-f8a3bc29-a8e2-42a3-a66b-b4e7de493393/userFiles-20196d56-21b8-4f82-bb35-d6cce97aebdf/org.slf4j_slf4j-api-2.0.16.jar
[2026-04-12T10:03:39.412+0000] {subprocess.py:106} INFO - 26/04/12 10:03:39 INFO Executor: Fetching file:///home/spark/.ivy2.5.2/jars/org.apache.iceberg_iceberg-spark-runtime-4.0_2.13-1.10.1.jar with timestamp 1775988217605
[2026-04-12T10:03:39.438+0000] {subprocess.py:106} INFO - 26/04/12 10:03:39 INFO Utils: /home/spark/.ivy2.5.2/jars/org.apache.iceberg_iceberg-spark-runtime-4.0_2.13-1.10.1.jar has been previously copied to /tmp/spark-f8a3bc29-a8e2-42a3-a66b-b4e7de493393/userFiles-20196d56-21b8-4f82-bb35-d6cce97aebdf/org.apache.iceberg_iceberg-spark-runtime-4.0_2.13-1.10.1.jar
[2026-04-12T10:03:39.441+0000] {subprocess.py:106} INFO - 26/04/12 10:03:39 INFO Executor: Fetching file:///home/spark/.ivy2.5.2/jars/org.apache.hadoop_hadoop-client-runtime-3.4.1.jar with timestamp 1775988217605
[2026-04-12T10:03:39.456+0000] {subprocess.py:106} INFO - 26/04/12 10:03:39 INFO Utils: /home/spark/.ivy2.5.2/jars/org.apache.hadoop_hadoop-client-runtime-3.4.1.jar has been previously copied to /tmp/spark-f8a3bc29-a8e2-42a3-a66b-b4e7de493393/userFiles-20196d56-21b8-4f82-bb35-d6cce97aebdf/org.apache.hadoop_hadoop-client-runtime-3.4.1.jar
[2026-04-12T10:03:39.460+0000] {subprocess.py:106} INFO - 26/04/12 10:03:39 INFO Executor: Fetching file:///home/spark/.ivy2.5.2/jars/org.apache.spark_spark-token-provider-kafka-0-10_2.13-4.0.0.jar with timestamp 1775988217605
[2026-04-12T10:03:39.461+0000] {subprocess.py:106} INFO - 26/04/12 10:03:39 INFO Utils: /home/spark/.ivy2.5.2/jars/org.apache.spark_spark-token-provider-kafka-0-10_2.13-4.0.0.jar has been previously copied to /tmp/spark-f8a3bc29-a8e2-42a3-a66b-b4e7de493393/userFiles-20196d56-21b8-4f82-bb35-d6cce97aebdf/org.apache.spark_spark-token-provider-kafka-0-10_2.13-4.0.0.jar
[2026-04-12T10:03:39.465+0000] {subprocess.py:106} INFO - 26/04/12 10:03:39 INFO Executor: Fetching file:///home/spark/.ivy2.5.2/jars/com.google.code.findbugs_jsr305-3.0.0.jar with timestamp 1775988217605
[2026-04-12T10:03:39.465+0000] {subprocess.py:106} INFO - 26/04/12 10:03:39 INFO Utils: /home/spark/.ivy2.5.2/jars/com.google.code.findbugs_jsr305-3.0.0.jar has been previously copied to /tmp/spark-f8a3bc29-a8e2-42a3-a66b-b4e7de493393/userFiles-20196d56-21b8-4f82-bb35-d6cce97aebdf/com.google.code.findbugs_jsr305-3.0.0.jar
[2026-04-12T10:03:39.469+0000] {subprocess.py:106} INFO - 26/04/12 10:03:39 INFO Executor: Fetching file:///home/spark/.ivy2.5.2/jars/org.xerial.snappy_snappy-java-1.1.10.7.jar with timestamp 1775988217605
[2026-04-12T10:03:39.471+0000] {subprocess.py:106} INFO - 26/04/12 10:03:39 INFO Utils: /home/spark/.ivy2.5.2/jars/org.xerial.snappy_snappy-java-1.1.10.7.jar has been previously copied to /tmp/spark-f8a3bc29-a8e2-42a3-a66b-b4e7de493393/userFiles-20196d56-21b8-4f82-bb35-d6cce97aebdf/org.xerial.snappy_snappy-java-1.1.10.7.jar
[2026-04-12T10:03:39.478+0000] {subprocess.py:106} INFO - 26/04/12 10:03:39 INFO Executor: Fetching spark://spark-master:34973/jars/org.lz4_lz4-java-1.8.0.jar with timestamp 1775988217605
[2026-04-12T10:03:39.533+0000] {subprocess.py:106} INFO - 26/04/12 10:03:39 INFO TransportClientFactory: Successfully created connection to spark-master/172.20.0.5:34973 after 39 ms (0 ms spent in bootstraps)
[2026-04-12T10:03:39.541+0000] {subprocess.py:106} INFO - 26/04/12 10:03:39 INFO Utils: Fetching spark://spark-master:34973/jars/org.lz4_lz4-java-1.8.0.jar to /tmp/spark-f8a3bc29-a8e2-42a3-a66b-b4e7de493393/userFiles-20196d56-21b8-4f82-bb35-d6cce97aebdf/fetchFileTemp5293396513554043848.tmp
[2026-04-12T10:03:39.567+0000] {subprocess.py:106} INFO - 26/04/12 10:03:39 INFO Utils: /tmp/spark-f8a3bc29-a8e2-42a3-a66b-b4e7de493393/userFiles-20196d56-21b8-4f82-bb35-d6cce97aebdf/fetchFileTemp5293396513554043848.tmp has been previously copied to /tmp/spark-f8a3bc29-a8e2-42a3-a66b-b4e7de493393/userFiles-20196d56-21b8-4f82-bb35-d6cce97aebdf/org.lz4_lz4-java-1.8.0.jar
[2026-04-12T10:03:39.573+0000] {subprocess.py:106} INFO - 26/04/12 10:03:39 INFO Executor: Adding file:/tmp/spark-f8a3bc29-a8e2-42a3-a66b-b4e7de493393/userFiles-20196d56-21b8-4f82-bb35-d6cce97aebdf/org.lz4_lz4-java-1.8.0.jar to class loader default
[2026-04-12T10:03:39.575+0000] {subprocess.py:106} INFO - 26/04/12 10:03:39 INFO Executor: Fetching spark://spark-master:34973/jars/org.apache.iceberg_iceberg-spark-runtime-4.0_2.13-1.10.1.jar with timestamp 1775988217605
[2026-04-12T10:03:39.576+0000] {subprocess.py:106} INFO - 26/04/12 10:03:39 INFO Utils: Fetching spark://spark-master:34973/jars/org.apache.iceberg_iceberg-spark-runtime-4.0_2.13-1.10.1.jar to /tmp/spark-f8a3bc29-a8e2-42a3-a66b-b4e7de493393/userFiles-20196d56-21b8-4f82-bb35-d6cce97aebdf/fetchFileTemp524407649567555065.tmp
[2026-04-12T10:03:39.829+0000] {subprocess.py:106} INFO - 26/04/12 10:03:39 INFO Utils: /tmp/spark-f8a3bc29-a8e2-42a3-a66b-b4e7de493393/userFiles-20196d56-21b8-4f82-bb35-d6cce97aebdf/fetchFileTemp524407649567555065.tmp has been previously copied to /tmp/spark-f8a3bc29-a8e2-42a3-a66b-b4e7de493393/userFiles-20196d56-21b8-4f82-bb35-d6cce97aebdf/org.apache.iceberg_iceberg-spark-runtime-4.0_2.13-1.10.1.jar
[2026-04-12T10:03:39.882+0000] {subprocess.py:106} INFO - 26/04/12 10:03:39 INFO Executor: Adding file:/tmp/spark-f8a3bc29-a8e2-42a3-a66b-b4e7de493393/userFiles-20196d56-21b8-4f82-bb35-d6cce97aebdf/org.apache.iceberg_iceberg-spark-runtime-4.0_2.13-1.10.1.jar to class loader default
[2026-04-12T10:03:39.882+0000] {subprocess.py:106} INFO - 26/04/12 10:03:39 INFO Executor: Fetching spark://spark-master:34973/jars/org.xerial.snappy_snappy-java-1.1.10.7.jar with timestamp 1775988217605
[2026-04-12T10:03:39.883+0000] {subprocess.py:106} INFO - 26/04/12 10:03:39 INFO Utils: Fetching spark://spark-master:34973/jars/org.xerial.snappy_snappy-java-1.1.10.7.jar to /tmp/spark-f8a3bc29-a8e2-42a3-a66b-b4e7de493393/userFiles-20196d56-21b8-4f82-bb35-d6cce97aebdf/fetchFileTemp13229071049889668146.tmp
[2026-04-12T10:03:39.894+0000] {subprocess.py:106} INFO - 26/04/12 10:03:39 INFO Utils: /tmp/spark-f8a3bc29-a8e2-42a3-a66b-b4e7de493393/userFiles-20196d56-21b8-4f82-bb35-d6cce97aebdf/fetchFileTemp13229071049889668146.tmp has been previously copied to /tmp/spark-f8a3bc29-a8e2-42a3-a66b-b4e7de493393/userFiles-20196d56-21b8-4f82-bb35-d6cce97aebdf/org.xerial.snappy_snappy-java-1.1.10.7.jar
[2026-04-12T10:03:39.900+0000] {subprocess.py:106} INFO - 26/04/12 10:03:39 INFO Executor: Adding file:/tmp/spark-f8a3bc29-a8e2-42a3-a66b-b4e7de493393/userFiles-20196d56-21b8-4f82-bb35-d6cce97aebdf/org.xerial.snappy_snappy-java-1.1.10.7.jar to class loader default
[2026-04-12T10:03:39.901+0000] {subprocess.py:106} INFO - 26/04/12 10:03:39 INFO Executor: Fetching spark://spark-master:34973/jars/org.apache.hadoop_hadoop-client-runtime-3.4.1.jar with timestamp 1775988217605
[2026-04-12T10:03:39.901+0000] {subprocess.py:106} INFO - 26/04/12 10:03:39 INFO Utils: Fetching spark://spark-master:34973/jars/org.apache.hadoop_hadoop-client-runtime-3.4.1.jar to /tmp/spark-f8a3bc29-a8e2-42a3-a66b-b4e7de493393/userFiles-20196d56-21b8-4f82-bb35-d6cce97aebdf/fetchFileTemp16817123375335519853.tmp
[2026-04-12T10:03:40.022+0000] {subprocess.py:106} INFO - 26/04/12 10:03:40 INFO Utils: /tmp/spark-f8a3bc29-a8e2-42a3-a66b-b4e7de493393/userFiles-20196d56-21b8-4f82-bb35-d6cce97aebdf/fetchFileTemp16817123375335519853.tmp has been previously copied to /tmp/spark-f8a3bc29-a8e2-42a3-a66b-b4e7de493393/userFiles-20196d56-21b8-4f82-bb35-d6cce97aebdf/org.apache.hadoop_hadoop-client-runtime-3.4.1.jar
[2026-04-12T10:03:40.054+0000] {subprocess.py:106} INFO - 26/04/12 10:03:40 INFO Executor: Adding file:/tmp/spark-f8a3bc29-a8e2-42a3-a66b-b4e7de493393/userFiles-20196d56-21b8-4f82-bb35-d6cce97aebdf/org.apache.hadoop_hadoop-client-runtime-3.4.1.jar to class loader default
[2026-04-12T10:03:40.055+0000] {subprocess.py:106} INFO - 26/04/12 10:03:40 INFO Executor: Fetching spark://spark-master:34973/jars/com.google.code.findbugs_jsr305-3.0.0.jar with timestamp 1775988217605
[2026-04-12T10:03:40.055+0000] {subprocess.py:106} INFO - 26/04/12 10:03:40 INFO Utils: Fetching spark://spark-master:34973/jars/com.google.code.findbugs_jsr305-3.0.0.jar to /tmp/spark-f8a3bc29-a8e2-42a3-a66b-b4e7de493393/userFiles-20196d56-21b8-4f82-bb35-d6cce97aebdf/fetchFileTemp9594805531365856511.tmp
[2026-04-12T10:03:40.057+0000] {subprocess.py:106} INFO - 26/04/12 10:03:40 INFO Utils: /tmp/spark-f8a3bc29-a8e2-42a3-a66b-b4e7de493393/userFiles-20196d56-21b8-4f82-bb35-d6cce97aebdf/fetchFileTemp9594805531365856511.tmp has been previously copied to /tmp/spark-f8a3bc29-a8e2-42a3-a66b-b4e7de493393/userFiles-20196d56-21b8-4f82-bb35-d6cce97aebdf/com.google.code.findbugs_jsr305-3.0.0.jar
[2026-04-12T10:03:40.068+0000] {subprocess.py:106} INFO - 26/04/12 10:03:40 INFO Executor: Adding file:/tmp/spark-f8a3bc29-a8e2-42a3-a66b-b4e7de493393/userFiles-20196d56-21b8-4f82-bb35-d6cce97aebdf/com.google.code.findbugs_jsr305-3.0.0.jar to class loader default
[2026-04-12T10:03:40.071+0000] {subprocess.py:106} INFO - 26/04/12 10:03:40 INFO Executor: Fetching spark://spark-master:34973/jars/org.apache.commons_commons-pool2-2.12.0.jar with timestamp 1775988217605
[2026-04-12T10:03:40.072+0000] {subprocess.py:106} INFO - 26/04/12 10:03:40 INFO Utils: Fetching spark://spark-master:34973/jars/org.apache.commons_commons-pool2-2.12.0.jar to /tmp/spark-f8a3bc29-a8e2-42a3-a66b-b4e7de493393/userFiles-20196d56-21b8-4f82-bb35-d6cce97aebdf/fetchFileTemp10416600350462595974.tmp
[2026-04-12T10:03:40.072+0000] {subprocess.py:106} INFO - 26/04/12 10:03:40 INFO Utils: /tmp/spark-f8a3bc29-a8e2-42a3-a66b-b4e7de493393/userFiles-20196d56-21b8-4f82-bb35-d6cce97aebdf/fetchFileTemp10416600350462595974.tmp has been previously copied to /tmp/spark-f8a3bc29-a8e2-42a3-a66b-b4e7de493393/userFiles-20196d56-21b8-4f82-bb35-d6cce97aebdf/org.apache.commons_commons-pool2-2.12.0.jar
[2026-04-12T10:03:40.075+0000] {subprocess.py:106} INFO - 26/04/12 10:03:40 INFO Executor: Adding file:/tmp/spark-f8a3bc29-a8e2-42a3-a66b-b4e7de493393/userFiles-20196d56-21b8-4f82-bb35-d6cce97aebdf/org.apache.commons_commons-pool2-2.12.0.jar to class loader default
[2026-04-12T10:03:40.076+0000] {subprocess.py:106} INFO - 26/04/12 10:03:40 INFO Executor: Fetching spark://spark-master:34973/jars/org.apache.hadoop_hadoop-client-api-3.4.1.jar with timestamp 1775988217605
[2026-04-12T10:03:40.077+0000] {subprocess.py:106} INFO - 26/04/12 10:03:40 INFO Utils: Fetching spark://spark-master:34973/jars/org.apache.hadoop_hadoop-client-api-3.4.1.jar to /tmp/spark-f8a3bc29-a8e2-42a3-a66b-b4e7de493393/userFiles-20196d56-21b8-4f82-bb35-d6cce97aebdf/fetchFileTemp7732235395497352046.tmp
[2026-04-12T10:03:40.152+0000] {subprocess.py:106} INFO - 26/04/12 10:03:40 INFO Utils: /tmp/spark-f8a3bc29-a8e2-42a3-a66b-b4e7de493393/userFiles-20196d56-21b8-4f82-bb35-d6cce97aebdf/fetchFileTemp7732235395497352046.tmp has been previously copied to /tmp/spark-f8a3bc29-a8e2-42a3-a66b-b4e7de493393/userFiles-20196d56-21b8-4f82-bb35-d6cce97aebdf/org.apache.hadoop_hadoop-client-api-3.4.1.jar
[2026-04-12T10:03:40.180+0000] {subprocess.py:106} INFO - 26/04/12 10:03:40 INFO Executor: Adding file:/tmp/spark-f8a3bc29-a8e2-42a3-a66b-b4e7de493393/userFiles-20196d56-21b8-4f82-bb35-d6cce97aebdf/org.apache.hadoop_hadoop-client-api-3.4.1.jar to class loader default
[2026-04-12T10:03:40.181+0000] {subprocess.py:106} INFO - 26/04/12 10:03:40 INFO Executor: Fetching spark://spark-master:34973/jars/org.slf4j_slf4j-api-2.0.16.jar with timestamp 1775988217605
[2026-04-12T10:03:40.182+0000] {subprocess.py:106} INFO - 26/04/12 10:03:40 INFO Utils: Fetching spark://spark-master:34973/jars/org.slf4j_slf4j-api-2.0.16.jar to /tmp/spark-f8a3bc29-a8e2-42a3-a66b-b4e7de493393/userFiles-20196d56-21b8-4f82-bb35-d6cce97aebdf/fetchFileTemp15164831171827294127.tmp
[2026-04-12T10:03:40.185+0000] {subprocess.py:106} INFO - 26/04/12 10:03:40 INFO Utils: /tmp/spark-f8a3bc29-a8e2-42a3-a66b-b4e7de493393/userFiles-20196d56-21b8-4f82-bb35-d6cce97aebdf/fetchFileTemp15164831171827294127.tmp has been previously copied to /tmp/spark-f8a3bc29-a8e2-42a3-a66b-b4e7de493393/userFiles-20196d56-21b8-4f82-bb35-d6cce97aebdf/org.slf4j_slf4j-api-2.0.16.jar
[2026-04-12T10:03:40.189+0000] {subprocess.py:106} INFO - 26/04/12 10:03:40 INFO Executor: Adding file:/tmp/spark-f8a3bc29-a8e2-42a3-a66b-b4e7de493393/userFiles-20196d56-21b8-4f82-bb35-d6cce97aebdf/org.slf4j_slf4j-api-2.0.16.jar to class loader default
[2026-04-12T10:03:40.190+0000] {subprocess.py:106} INFO - 26/04/12 10:03:40 INFO Executor: Fetching spark://spark-master:34973/jars/org.apache.kafka_kafka-clients-3.9.0.jar with timestamp 1775988217605
[2026-04-12T10:03:40.192+0000] {subprocess.py:106} INFO - 26/04/12 10:03:40 INFO Utils: Fetching spark://spark-master:34973/jars/org.apache.kafka_kafka-clients-3.9.0.jar to /tmp/spark-f8a3bc29-a8e2-42a3-a66b-b4e7de493393/userFiles-20196d56-21b8-4f82-bb35-d6cce97aebdf/fetchFileTemp5294550001053706601.tmp
[2026-04-12T10:03:40.230+0000] {subprocess.py:106} INFO - 26/04/12 10:03:40 INFO Utils: /tmp/spark-f8a3bc29-a8e2-42a3-a66b-b4e7de493393/userFiles-20196d56-21b8-4f82-bb35-d6cce97aebdf/fetchFileTemp5294550001053706601.tmp has been previously copied to /tmp/spark-f8a3bc29-a8e2-42a3-a66b-b4e7de493393/userFiles-20196d56-21b8-4f82-bb35-d6cce97aebdf/org.apache.kafka_kafka-clients-3.9.0.jar
[2026-04-12T10:03:40.239+0000] {subprocess.py:106} INFO - 26/04/12 10:03:40 INFO Executor: Adding file:/tmp/spark-f8a3bc29-a8e2-42a3-a66b-b4e7de493393/userFiles-20196d56-21b8-4f82-bb35-d6cce97aebdf/org.apache.kafka_kafka-clients-3.9.0.jar to class loader default
[2026-04-12T10:03:40.240+0000] {subprocess.py:106} INFO - 26/04/12 10:03:40 INFO Executor: Fetching spark://spark-master:34973/jars/org.apache.spark_spark-token-provider-kafka-0-10_2.13-4.0.0.jar with timestamp 1775988217605
[2026-04-12T10:03:40.241+0000] {subprocess.py:106} INFO - 26/04/12 10:03:40 INFO Utils: Fetching spark://spark-master:34973/jars/org.apache.spark_spark-token-provider-kafka-0-10_2.13-4.0.0.jar to /tmp/spark-f8a3bc29-a8e2-42a3-a66b-b4e7de493393/userFiles-20196d56-21b8-4f82-bb35-d6cce97aebdf/fetchFileTemp3342675164825674201.tmp
[2026-04-12T10:03:40.242+0000] {subprocess.py:106} INFO - 26/04/12 10:03:40 INFO Utils: /tmp/spark-f8a3bc29-a8e2-42a3-a66b-b4e7de493393/userFiles-20196d56-21b8-4f82-bb35-d6cce97aebdf/fetchFileTemp3342675164825674201.tmp has been previously copied to /tmp/spark-f8a3bc29-a8e2-42a3-a66b-b4e7de493393/userFiles-20196d56-21b8-4f82-bb35-d6cce97aebdf/org.apache.spark_spark-token-provider-kafka-0-10_2.13-4.0.0.jar
[2026-04-12T10:03:40.246+0000] {subprocess.py:106} INFO - 26/04/12 10:03:40 INFO Executor: Adding file:/tmp/spark-f8a3bc29-a8e2-42a3-a66b-b4e7de493393/userFiles-20196d56-21b8-4f82-bb35-d6cce97aebdf/org.apache.spark_spark-token-provider-kafka-0-10_2.13-4.0.0.jar to class loader default
[2026-04-12T10:03:40.247+0000] {subprocess.py:106} INFO - 26/04/12 10:03:40 INFO Executor: Fetching spark://spark-master:34973/jars/org.scala-lang.modules_scala-parallel-collections_2.13-1.2.0.jar with timestamp 1775988217605
[2026-04-12T10:03:40.248+0000] {subprocess.py:106} INFO - 26/04/12 10:03:40 INFO Utils: Fetching spark://spark-master:34973/jars/org.scala-lang.modules_scala-parallel-collections_2.13-1.2.0.jar to /tmp/spark-f8a3bc29-a8e2-42a3-a66b-b4e7de493393/userFiles-20196d56-21b8-4f82-bb35-d6cce97aebdf/fetchFileTemp10708697881494962854.tmp
[2026-04-12T10:03:40.253+0000] {subprocess.py:106} INFO - 26/04/12 10:03:40 INFO Utils: /tmp/spark-f8a3bc29-a8e2-42a3-a66b-b4e7de493393/userFiles-20196d56-21b8-4f82-bb35-d6cce97aebdf/fetchFileTemp10708697881494962854.tmp has been previously copied to /tmp/spark-f8a3bc29-a8e2-42a3-a66b-b4e7de493393/userFiles-20196d56-21b8-4f82-bb35-d6cce97aebdf/org.scala-lang.modules_scala-parallel-collections_2.13-1.2.0.jar
[2026-04-12T10:03:40.257+0000] {subprocess.py:106} INFO - 26/04/12 10:03:40 INFO Executor: Adding file:/tmp/spark-f8a3bc29-a8e2-42a3-a66b-b4e7de493393/userFiles-20196d56-21b8-4f82-bb35-d6cce97aebdf/org.scala-lang.modules_scala-parallel-collections_2.13-1.2.0.jar to class loader default
[2026-04-12T10:03:40.257+0000] {subprocess.py:106} INFO - 26/04/12 10:03:40 INFO Executor: Fetching spark://spark-master:34973/jars/org.apache.spark_spark-sql-kafka-0-10_2.13-4.0.0.jar with timestamp 1775988217605
[2026-04-12T10:03:40.258+0000] {subprocess.py:106} INFO - 26/04/12 10:03:40 INFO Utils: Fetching spark://spark-master:34973/jars/org.apache.spark_spark-sql-kafka-0-10_2.13-4.0.0.jar to /tmp/spark-f8a3bc29-a8e2-42a3-a66b-b4e7de493393/userFiles-20196d56-21b8-4f82-bb35-d6cce97aebdf/fetchFileTemp14636082761931368578.tmp
[2026-04-12T10:03:40.261+0000] {subprocess.py:106} INFO - 26/04/12 10:03:40 INFO Utils: /tmp/spark-f8a3bc29-a8e2-42a3-a66b-b4e7de493393/userFiles-20196d56-21b8-4f82-bb35-d6cce97aebdf/fetchFileTemp14636082761931368578.tmp has been previously copied to /tmp/spark-f8a3bc29-a8e2-42a3-a66b-b4e7de493393/userFiles-20196d56-21b8-4f82-bb35-d6cce97aebdf/org.apache.spark_spark-sql-kafka-0-10_2.13-4.0.0.jar
[2026-04-12T10:03:40.266+0000] {subprocess.py:106} INFO - 26/04/12 10:03:40 INFO Executor: Adding file:/tmp/spark-f8a3bc29-a8e2-42a3-a66b-b4e7de493393/userFiles-20196d56-21b8-4f82-bb35-d6cce97aebdf/org.apache.spark_spark-sql-kafka-0-10_2.13-4.0.0.jar to class loader default
[2026-04-12T10:03:40.280+0000] {subprocess.py:106} INFO - 26/04/12 10:03:40 INFO Utils: Successfully started service 'org.apache.spark.network.netty.NettyBlockTransferService' on port 43143.
[2026-04-12T10:03:40.281+0000] {subprocess.py:106} INFO - 26/04/12 10:03:40 INFO NettyBlockTransferService: Server created on spark-master:43143
[2026-04-12T10:03:40.284+0000] {subprocess.py:106} INFO - 26/04/12 10:03:40 INFO BlockManager: Using org.apache.spark.storage.RandomBlockReplicationPolicy for block replication policy
[2026-04-12T10:03:40.305+0000] {subprocess.py:106} INFO - 26/04/12 10:03:40 INFO BlockManagerMaster: Registering BlockManager BlockManagerId(driver, spark-master, 43143, None)
[2026-04-12T10:03:40.312+0000] {subprocess.py:106} INFO - 26/04/12 10:03:40 INFO BlockManagerMasterEndpoint: Registering block manager spark-master:43143 with 1048.8 MiB RAM, BlockManagerId(driver, spark-master, 43143, None)
[2026-04-12T10:03:40.316+0000] {subprocess.py:106} INFO - 26/04/12 10:03:40 INFO BlockManagerMaster: Registered BlockManager BlockManagerId(driver, spark-master, 43143, None)
[2026-04-12T10:03:40.317+0000] {subprocess.py:106} INFO - 26/04/12 10:03:40 INFO BlockManager: Initialized BlockManager: BlockManagerId(driver, spark-master, 43143, None)
[2026-04-12T10:03:43.588+0000] {subprocess.py:106} INFO - Spark + Iceberg ready!
[2026-04-12T10:03:43.613+0000] {subprocess.py:106} INFO - 26/04/12 10:03:43 INFO SharedState: spark.sql.warehouse.dir is not set, but hive.metastore.warehouse.dir is set. Setting spark.sql.warehouse.dir to the value of hive.metastore.warehouse.dir.
[2026-04-12T10:03:43.993+0000] {subprocess.py:106} INFO - 26/04/12 10:03:43 INFO SharedState: Warehouse path is 'hdfs://23133083thuyvan-master:9000/user/hive/warehouse'.
[2026-04-12T10:03:44.998+0000] {subprocess.py:106} INFO - 26/04/12 10:03:44 INFO CatalogUtil: Loading custom FileIO implementation: org.apache.iceberg.hadoop.HadoopFileIO
[2026-04-12T10:03:45.759+0000] {subprocess.py:106} INFO - 26/04/12 10:03:45 INFO HiveConf: Found configuration file file:/home/spark/spark/conf/hive-site.xml
[2026-04-12T10:03:45.928+0000] {subprocess.py:106} INFO - 26/04/12 10:03:45 INFO metastore: Trying to connect to metastore with URI thrift://23133083thuyvan-master:9083
[2026-04-12T10:03:45.948+0000] {subprocess.py:106} INFO - 26/04/12 10:03:45 INFO metastore: Opened a connection to metastore, current connections: 1
[2026-04-12T10:03:45.969+0000] {subprocess.py:106} INFO - 26/04/12 10:03:45 INFO metastore: Connected to metastore.
[2026-04-12T10:03:46.107+0000] {subprocess.py:106} INFO - Iceberg schema 'iceberg.air_quality_db' ready!
[2026-04-12T10:03:46.456+0000] {subprocess.py:106} INFO - 26/04/12 10:03:46 WARN SparkStringUtils: Truncated the string representation of a plan since it was too large. This behavior can be adjusted by setting 'spark.sql.debug.maxToStringFields'.
[2026-04-12T10:03:46.536+0000] {subprocess.py:106} INFO - 26/04/12 10:03:46 INFO BaseMetastoreTableOperations: Refreshing table metadata from new version: hdfs://23133083thuyvan-master:9000/user/hive/lakehouse/silver/air_quality_silver/metadata/00003-615be340-5610-4cf9-9afa-450c31292f86.metadata.json
[2026-04-12T10:03:47.335+0000] {subprocess.py:106} INFO - 26/04/12 10:03:47 INFO BaseMetastoreCatalog: Table loaded by catalog: iceberg.air_quality_db.air_quality_silver
[2026-04-12T10:03:47.345+0000] {subprocess.py:106} INFO - Iceberg table 'weather_real_time' ready!
[2026-04-12T10:03:48.630+0000] {subprocess.py:106} INFO - 26/04/12 10:03:48 INFO StateStoreCoordinatorRef: Registered StateStoreCoordinator endpoint
[2026-04-12T10:03:48.920+0000] {subprocess.py:106} INFO - 26/04/12 10:03:48 INFO ResolveWriteToStream: Checkpoint root hdfs://23133083thuyvan-master:9000/user/hive/checkpoints/air_quality_realtime resolved to hdfs://23133083thuyvan-master:9000/user/hive/checkpoints/air_quality_realtime.
[2026-04-12T10:03:48.920+0000] {subprocess.py:106} INFO - 26/04/12 10:03:48 WARN ResolveWriteToStream: spark.sql.adaptive.enabled is not supported in streaming DataFrames/Datasets and will be disabled.
[2026-04-12T10:03:49.790+0000] {subprocess.py:106} INFO - 26/04/12 10:03:49 INFO MicroBatchExecution: Starting [id = fffa4a28-b831-4a17-a849-992bff20d106, runId = 28292f8e-377d-4e04-9d1f-b465d1dfb57a]. Use hdfs://23133083thuyvan-master:9000/user/hive/checkpoints/air_quality_realtime to store the query checkpoint.
[2026-04-12T10:03:49.848+0000] {subprocess.py:106} INFO - Streaming job started! Listening to 'weather-topic'...
[2026-04-12T10:03:49.905+0000] {subprocess.py:106} INFO - 26/04/12 10:03:49 INFO MicroBatchExecution: Reading table [org.apache.spark.sql.kafka010.KafkaSourceProvider$KafkaTable@70de787a] from DataSourceV2 named 'kafka' [org.apache.spark.sql.kafka010.KafkaSourceProvider@793ccd2c]
[2026-04-12T10:03:50.012+0000] {subprocess.py:106} INFO - 26/04/12 10:03:50 INFO MicroBatchExecution: Finish initializing with logical plan:
[2026-04-12T10:03:50.013+0000] {subprocess.py:106} INFO - ~WriteToMicroBatchDataSourceV1 ForeachBatchSink, fffa4a28-b831-4a17-a849-992bff20d106, [checkpointLocation=hdfs://23133083thuyvan-master:9000/user/hive/checkpoints/air_quality_realtime], Append
[2026-04-12T10:03:50.014+0000] {subprocess.py:106} INFO - +- ~Project [timestamp#42, location#17, latitude#18, longitude#19, country#20, condition_text#21, timezone#22, temperature_2m#23, relative_humidity_2m#24, apparent_temperature#25, precipitation#26, cloud_cover#27, wind_speed_10m#28, wind_direction_10m#29, wind_gusts_10m#30, uv_index#31, weather_code#32, european_aqi#33, us_aqi#34, pm10#35, pm2_5#36, carbon_monoxide#37, nitrogen_dioxide#38, sulphur_dioxide#39, ozone#40, ... 2 more fields]
[2026-04-12T10:03:50.014+0000] {subprocess.py:106} INFO -    +- ~Project [to_timestamp(timestamp#16, None, TimestampType, Some(GMT), true) AS timestamp#42, location#17, latitude#18, longitude#19, country#20, condition_text#21, timezone#22, temperature_2m#23, relative_humidity_2m#24, apparent_temperature#25, precipitation#26, cloud_cover#27, wind_speed_10m#28, wind_direction_10m#29, wind_gusts_10m#30, uv_index#31, weather_code#32, european_aqi#33, us_aqi#34, pm10#35, pm2_5#36, carbon_monoxide#37, nitrogen_dioxide#38, sulphur_dioxide#39, ozone#40, ... 1 more fields]
[2026-04-12T10:03:50.015+0000] {subprocess.py:106} INFO -       +- ~Project [timestamp#16, location#17, latitude#18, longitude#19, country#20, condition_text#21, timezone#22, temperature_2m#23, relative_humidity_2m#24, apparent_temperature#25, precipitation#26, cloud_cover#27, wind_speed_10m#28, wind_direction_10m#29, wind_gusts_10m#30, uv_index#31, weather_code#32, european_aqi#33, us_aqi#34, pm10#35, pm2_5#36, carbon_monoxide#37, nitrogen_dioxide#38, sulphur_dioxide#39, ozone#40, ... 1 more fields]
[2026-04-12T10:03:50.015+0000] {subprocess.py:106} INFO -          +- ~Project [data#15.timestamp AS timestamp#16, data#15.location AS location#17, data#15.latitude AS latitude#18, data#15.longitude AS longitude#19, data#15.country AS country#20, data#15.condition_text AS condition_text#21, data#15.timezone AS timezone#22, data#15.temperature_2m AS temperature_2m#23, data#15.relative_humidity_2m AS relative_humidity_2m#24, data#15.apparent_temperature AS apparent_temperature#25, data#15.precipitation AS precipitation#26, data#15.cloud_cover AS cloud_cover#27, data#15.wind_speed_10m AS wind_speed_10m#28, data#15.wind_direction_10m AS wind_direction_10m#29, data#15.wind_gusts_10m AS wind_gusts_10m#30, data#15.uv_index AS uv_index#31, data#15.weather_code AS weather_code#32, data#15.european_aqi AS european_aqi#33, data#15.us_aqi AS us_aqi#34, data#15.pm10 AS pm10#35, data#15.pm2_5 AS pm2_5#36, data#15.carbon_monoxide AS carbon_monoxide#37, data#15.nitrogen_dioxide AS nitrogen_dioxide#38, data#15.sulphur_dioxide AS sulphur_dioxide#39, data#15.ozone AS ozone#40]
[2026-04-12T10:03:50.016+0000] {subprocess.py:106} INFO -             +- ~Project [from_json(StructField(timestamp,StringType,true), StructField(location,StringType,true), StructField(latitude,DoubleType,true), StructField(longitude,DoubleType,true), StructField(country,StringType,true), StructField(condition_text,StringType,true), StructField(timezone,StringType,true), StructField(temperature_2m,DoubleType,true), StructField(relative_humidity_2m,DoubleType,true), StructField(apparent_temperature,DoubleType,true), StructField(precipitation,DoubleType,true), StructField(cloud_cover,DoubleType,true), StructField(wind_speed_10m,DoubleType,true), StructField(wind_direction_10m,DoubleType,true), StructField(wind_gusts_10m,DoubleType,true), StructField(uv_index,DoubleType,true), StructField(weather_code,IntegerType,true), StructField(european_aqi,IntegerType,true), StructField(us_aqi,IntegerType,true), StructField(pm10,DoubleType,true), StructField(pm2_5,DoubleType,true), StructField(carbon_monoxide,DoubleType,true), StructField(nitrogen_dioxide,DoubleType,true), StructField(sulphur_dioxide,DoubleType,true), StructField(ozone,DoubleType,true), ... 3 more fields) AS data#15]
[2026-04-12T10:03:50.016+0000] {subprocess.py:106} INFO -                +- ~Project [cast(value#8 as string) AS json#14]
[2026-04-12T10:03:50.017+0000] {subprocess.py:106} INFO -                   +- ~StreamingDataSourceV2ScanRelation[key#7, value#8, topic#9, partition#10, offset#11L, timestamp#12, timestampType#13] KafkaTable
[2026-04-12T10:03:50.018+0000] {subprocess.py:106} INFO - 
[2026-04-12T10:03:50.066+0000] {subprocess.py:106} INFO - 26/04/12 10:03:50 INFO OffsetSeqLog: BatchIds found from listing: 0, 1, 2
[2026-04-12T10:03:50.080+0000] {subprocess.py:106} INFO - 26/04/12 10:03:50 INFO OffsetSeqLog: Getting latest batch 2
[2026-04-12T10:03:50.196+0000] {subprocess.py:106} INFO - 26/04/12 10:03:50 INFO OffsetSeqLog: BatchIds found from listing: 0, 1, 2
[2026-04-12T10:03:50.196+0000] {subprocess.py:106} INFO - 26/04/12 10:03:50 INFO OffsetSeqLog: Getting latest batch 2
[2026-04-12T10:03:50.295+0000] {subprocess.py:106} INFO - 26/04/12 10:03:50 INFO CommitLog: BatchIds found from listing: 0, 1, 2
[2026-04-12T10:03:50.295+0000] {subprocess.py:106} INFO - 26/04/12 10:03:50 INFO CommitLog: Getting latest batch 2
[2026-04-12T10:03:50.826+0000] {subprocess.py:106} INFO - 26/04/12 10:03:50 INFO MicroBatchExecution: Resuming at batch 3 with committed offsets {KafkaV2[Subscribe[weather-topic]]: {"weather-topic":{"0":15,"1":12,"2":13}}} and available offsets {KafkaV2[Subscribe[weather-topic]]: {"weather-topic":{"0":15,"1":12,"2":13}}}
[2026-04-12T10:03:50.827+0000] {subprocess.py:106} INFO - 26/04/12 10:03:50 INFO MicroBatchExecution: Stream started from {KafkaV2[Subscribe[weather-topic]]: {"weather-topic":{"0":15,"1":12,"2":13}}}
[2026-04-12T10:03:50.988+0000] {subprocess.py:106} INFO - 26/04/12 10:03:50 INFO AdminClientConfig: AdminClientConfig values:
[2026-04-12T10:03:50.988+0000] {subprocess.py:106} INFO - 	auto.include.jmx.reporter = true
[2026-04-12T10:03:50.989+0000] {subprocess.py:106} INFO - 	bootstrap.controllers = []
[2026-04-12T10:03:50.989+0000] {subprocess.py:106} INFO - 	bootstrap.servers = [kafka:9092]
[2026-04-12T10:03:50.990+0000] {subprocess.py:106} INFO - 	client.dns.lookup = use_all_dns_ips
[2026-04-12T10:03:50.990+0000] {subprocess.py:106} INFO - 	client.id =
[2026-04-12T10:03:50.991+0000] {subprocess.py:106} INFO - 	connections.max.idle.ms = 300000
[2026-04-12T10:03:50.991+0000] {subprocess.py:106} INFO - 	default.api.timeout.ms = 60000
[2026-04-12T10:03:50.992+0000] {subprocess.py:106} INFO - 	enable.metrics.push = true
[2026-04-12T10:03:50.992+0000] {subprocess.py:106} INFO - 	metadata.max.age.ms = 300000
[2026-04-12T10:03:50.993+0000] {subprocess.py:106} INFO - 	metadata.recovery.strategy = none
[2026-04-12T10:03:50.994+0000] {subprocess.py:106} INFO - 	metric.reporters = []
[2026-04-12T10:03:50.994+0000] {subprocess.py:106} INFO - 	metrics.num.samples = 2
[2026-04-12T10:03:50.994+0000] {subprocess.py:106} INFO - 	metrics.recording.level = INFO
[2026-04-12T10:03:50.995+0000] {subprocess.py:106} INFO - 	metrics.sample.window.ms = 30000
[2026-04-12T10:03:50.995+0000] {subprocess.py:106} INFO - 	receive.buffer.bytes = 65536
[2026-04-12T10:03:50.996+0000] {subprocess.py:106} INFO - 	reconnect.backoff.max.ms = 1000
[2026-04-12T10:03:50.996+0000] {subprocess.py:106} INFO - 	reconnect.backoff.ms = 50
[2026-04-12T10:03:50.997+0000] {subprocess.py:106} INFO - 	request.timeout.ms = 30000
[2026-04-12T10:03:50.997+0000] {subprocess.py:106} INFO - 	retries = 2147483647
[2026-04-12T10:03:50.998+0000] {subprocess.py:106} INFO - 	retry.backoff.max.ms = 1000
[2026-04-12T10:03:50.998+0000] {subprocess.py:106} INFO - 	retry.backoff.ms = 100
[2026-04-12T10:03:50.999+0000] {subprocess.py:106} INFO - 	sasl.client.callback.handler.class = null
[2026-04-12T10:03:50.999+0000] {subprocess.py:106} INFO - 	sasl.jaas.config = null
[2026-04-12T10:03:51.000+0000] {subprocess.py:106} INFO - 	sasl.kerberos.kinit.cmd = /usr/bin/kinit
[2026-04-12T10:03:51.000+0000] {subprocess.py:106} INFO - 	sasl.kerberos.min.time.before.relogin = 60000
[2026-04-12T10:03:51.001+0000] {subprocess.py:106} INFO - 	sasl.kerberos.service.name = null
[2026-04-12T10:03:51.002+0000] {subprocess.py:106} INFO - 	sasl.kerberos.ticket.renew.jitter = 0.05
[2026-04-12T10:03:51.002+0000] {subprocess.py:106} INFO - 	sasl.kerberos.ticket.renew.window.factor = 0.8
[2026-04-12T10:03:51.003+0000] {subprocess.py:106} INFO - 	sasl.login.callback.handler.class = null
[2026-04-12T10:03:51.003+0000] {subprocess.py:106} INFO - 	sasl.login.class = null
[2026-04-12T10:03:51.004+0000] {subprocess.py:106} INFO - 	sasl.login.connect.timeout.ms = null
[2026-04-12T10:03:51.005+0000] {subprocess.py:106} INFO - 	sasl.login.read.timeout.ms = null
[2026-04-12T10:03:51.005+0000] {subprocess.py:106} INFO - 	sasl.login.refresh.buffer.seconds = 300
[2026-04-12T10:03:51.006+0000] {subprocess.py:106} INFO - 	sasl.login.refresh.min.period.seconds = 60
[2026-04-12T10:03:51.007+0000] {subprocess.py:106} INFO - 	sasl.login.refresh.window.factor = 0.8
[2026-04-12T10:03:51.008+0000] {subprocess.py:106} INFO - 	sasl.login.refresh.window.jitter = 0.05
[2026-04-12T10:03:51.009+0000] {subprocess.py:106} INFO - 	sasl.login.retry.backoff.max.ms = 10000
[2026-04-12T10:03:51.009+0000] {subprocess.py:106} INFO - 	sasl.login.retry.backoff.ms = 100
[2026-04-12T10:03:51.011+0000] {subprocess.py:106} INFO - 	sasl.mechanism = GSSAPI
[2026-04-12T10:03:51.011+0000] {subprocess.py:106} INFO - 	sasl.oauthbearer.clock.skew.seconds = 30
[2026-04-12T10:03:51.013+0000] {subprocess.py:106} INFO - 	sasl.oauthbearer.expected.audience = null
[2026-04-12T10:03:51.013+0000] {subprocess.py:106} INFO - 	sasl.oauthbearer.expected.issuer = null
[2026-04-12T10:03:51.014+0000] {subprocess.py:106} INFO - 	sasl.oauthbearer.header.urlencode = false
[2026-04-12T10:03:51.014+0000] {subprocess.py:106} INFO - 	sasl.oauthbearer.jwks.endpoint.refresh.ms = 3600000
[2026-04-12T10:03:51.015+0000] {subprocess.py:106} INFO - 	sasl.oauthbearer.jwks.endpoint.retry.backoff.max.ms = 10000
[2026-04-12T10:03:51.015+0000] {subprocess.py:106} INFO - 	sasl.oauthbearer.jwks.endpoint.retry.backoff.ms = 100
[2026-04-12T10:03:51.016+0000] {subprocess.py:106} INFO - 	sasl.oauthbearer.jwks.endpoint.url = null
[2026-04-12T10:03:51.018+0000] {subprocess.py:106} INFO - 	sasl.oauthbearer.scope.claim.name = scope
[2026-04-12T10:03:51.019+0000] {subprocess.py:106} INFO - 	sasl.oauthbearer.sub.claim.name = sub
[2026-04-12T10:03:51.021+0000] {subprocess.py:106} INFO - 	sasl.oauthbearer.token.endpoint.url = null
[2026-04-12T10:03:51.022+0000] {subprocess.py:106} INFO - 	security.protocol = PLAINTEXT
[2026-04-12T10:03:51.022+0000] {subprocess.py:106} INFO - 	security.providers = null
[2026-04-12T10:03:51.023+0000] {subprocess.py:106} INFO - 	send.buffer.bytes = 131072
[2026-04-12T10:03:51.023+0000] {subprocess.py:106} INFO - 	socket.connection.setup.timeout.max.ms = 30000
[2026-04-12T10:03:51.024+0000] {subprocess.py:106} INFO - 	socket.connection.setup.timeout.ms = 10000
[2026-04-12T10:03:51.025+0000] {subprocess.py:106} INFO - 	ssl.cipher.suites = null
[2026-04-12T10:03:51.025+0000] {subprocess.py:106} INFO - 	ssl.enabled.protocols = [TLSv1.2, TLSv1.3]
[2026-04-12T10:03:51.026+0000] {subprocess.py:106} INFO - 	ssl.endpoint.identification.algorithm = https
[2026-04-12T10:03:51.026+0000] {subprocess.py:106} INFO - 	ssl.engine.factory.class = null
[2026-04-12T10:03:51.027+0000] {subprocess.py:106} INFO - 	ssl.key.password = null
[2026-04-12T10:03:51.027+0000] {subprocess.py:106} INFO - 	ssl.keymanager.algorithm = SunX509
[2026-04-12T10:03:51.028+0000] {subprocess.py:106} INFO - 	ssl.keystore.certificate.chain = null
[2026-04-12T10:03:51.029+0000] {subprocess.py:106} INFO - 	ssl.keystore.key = null
[2026-04-12T10:03:51.029+0000] {subprocess.py:106} INFO - 	ssl.keystore.location = null
[2026-04-12T10:03:51.030+0000] {subprocess.py:106} INFO - 	ssl.keystore.password = null
[2026-04-12T10:03:51.030+0000] {subprocess.py:106} INFO - 	ssl.keystore.type = JKS
[2026-04-12T10:03:51.031+0000] {subprocess.py:106} INFO - 	ssl.protocol = TLSv1.3
[2026-04-12T10:03:51.031+0000] {subprocess.py:106} INFO - 	ssl.provider = null
[2026-04-12T10:03:51.032+0000] {subprocess.py:106} INFO - 	ssl.secure.random.implementation = null
[2026-04-12T10:03:51.033+0000] {subprocess.py:106} INFO - 	ssl.trustmanager.algorithm = PKIX
[2026-04-12T10:03:51.034+0000] {subprocess.py:106} INFO - 	ssl.truststore.certificates = null
[2026-04-12T10:03:51.034+0000] {subprocess.py:106} INFO - 	ssl.truststore.location = null
[2026-04-12T10:03:51.035+0000] {subprocess.py:106} INFO - 	ssl.truststore.password = null
[2026-04-12T10:03:51.035+0000] {subprocess.py:106} INFO - 	ssl.truststore.type = JKS
[2026-04-12T10:03:51.036+0000] {subprocess.py:106} INFO - 
[2026-04-12T10:03:51.178+0000] {subprocess.py:106} INFO - 26/04/12 10:03:51 INFO AdminClientConfig: These configurations '[key.deserializer, value.deserializer, enable.auto.commit, max.poll.records, auto.offset.reset]' were supplied but are not used yet.
[2026-04-12T10:03:51.182+0000] {subprocess.py:106} INFO - 26/04/12 10:03:51 INFO AppInfoParser: Kafka version: 3.9.0
[2026-04-12T10:03:51.185+0000] {subprocess.py:106} INFO - 26/04/12 10:03:51 INFO AppInfoParser: Kafka commitId: 84caaa6e9da06435
[2026-04-12T10:03:51.185+0000] {subprocess.py:106} INFO - 26/04/12 10:03:51 INFO AppInfoParser: Kafka startTimeMs: 1775988231177
[2026-04-12T10:03:51.885+0000] {subprocess.py:106} INFO - 26/04/12 10:03:51 INFO MicroBatchExecutionContext: Extracting source progress metrics for source=KafkaV2[Subscribe[weather-topic]] took duration_ms=7
[2026-04-12T10:03:51.891+0000] {subprocess.py:106} INFO - 26/04/12 10:03:51 INFO MicroBatchExecutionContext: Extracting sink progress metrics for sink=ForeachBatchSink took duration_ms=1
[2026-04-12T10:04:00.015+0000] {subprocess.py:106} INFO - 26/04/12 10:04:00 INFO MicroBatchExecutionContext: Extracting source progress metrics for source=KafkaV2[Subscribe[weather-topic]] took duration_ms=0
[2026-04-12T10:04:00.016+0000] {subprocess.py:106} INFO - 26/04/12 10:04:00 INFO MicroBatchExecutionContext: Extracting sink progress metrics for sink=ForeachBatchSink took duration_ms=0
[2026-04-12T10:04:30.024+0000] {subprocess.py:106} INFO - 26/04/12 10:04:30 INFO MicroBatchExecutionContext: Extracting source progress metrics for source=KafkaV2[Subscribe[weather-topic]] took duration_ms=0
[2026-04-12T10:04:30.025+0000] {subprocess.py:106} INFO - 26/04/12 10:04:30 INFO MicroBatchExecutionContext: Extracting sink progress metrics for sink=ForeachBatchSink took duration_ms=0
[2026-04-12T10:04:30.033+0000] {subprocess.py:106} INFO - 26/04/12 10:04:30 INFO ProgressReporter: Streaming query has been idle and waiting for new data more than 10000 ms.
[2026-04-12T10:05:00.249+0000] {subprocess.py:106} INFO - 26/04/12 10:05:00 INFO MicroBatchExecutionContext: Extracting source progress metrics for source=KafkaV2[Subscribe[weather-topic]] took duration_ms=0
[2026-04-12T10:05:00.250+0000] {subprocess.py:106} INFO - 26/04/12 10:05:00 INFO MicroBatchExecutionContext: Extracting sink progress metrics for sink=ForeachBatchSink took duration_ms=0
[2026-04-12T10:05:00.250+0000] {subprocess.py:106} INFO - 26/04/12 10:05:00 INFO ProgressReporter: Streaming query has been idle and waiting for new data more than 10000 ms.
[2026-04-12T10:05:30.027+0000] {subprocess.py:106} INFO - 26/04/12 10:05:30 INFO MicroBatchExecutionContext: Extracting source progress metrics for source=KafkaV2[Subscribe[weather-topic]] took duration_ms=0
[2026-04-12T10:05:30.028+0000] {subprocess.py:106} INFO - 26/04/12 10:05:30 INFO MicroBatchExecutionContext: Extracting sink progress metrics for sink=ForeachBatchSink took duration_ms=0
[2026-04-12T10:05:30.028+0000] {subprocess.py:106} INFO - 26/04/12 10:05:30 INFO ProgressReporter: Streaming query has been idle and waiting for new data more than 10000 ms.
[2026-04-12T10:06:00.014+0000] {subprocess.py:106} INFO - 26/04/12 10:06:00 INFO MicroBatchExecutionContext: Extracting source progress metrics for source=KafkaV2[Subscribe[weather-topic]] took duration_ms=0
[2026-04-12T10:06:00.016+0000] {subprocess.py:106} INFO - 26/04/12 10:06:00 INFO MicroBatchExecutionContext: Extracting sink progress metrics for sink=ForeachBatchSink took duration_ms=0
[2026-04-12T10:06:00.016+0000] {subprocess.py:106} INFO - 26/04/12 10:06:00 INFO ProgressReporter: Streaming query has been idle and waiting for new data more than 10000 ms.
[2026-04-12T10:06:30.018+0000] {subprocess.py:106} INFO - 26/04/12 10:06:30 INFO MicroBatchExecutionContext: Extracting source progress metrics for source=KafkaV2[Subscribe[weather-topic]] took duration_ms=0
[2026-04-12T10:06:30.025+0000] {subprocess.py:106} INFO - 26/04/12 10:06:30 INFO MicroBatchExecutionContext: Extracting sink progress metrics for sink=ForeachBatchSink took duration_ms=0
[2026-04-12T10:06:30.025+0000] {subprocess.py:106} INFO - 26/04/12 10:06:30 INFO ProgressReporter: Streaming query has been idle and waiting for new data more than 10000 ms.
[2026-04-12T10:07:00.065+0000] {subprocess.py:106} INFO - 26/04/12 10:07:00 INFO MicroBatchExecutionContext: Extracting source progress metrics for source=KafkaV2[Subscribe[weather-topic]] took duration_ms=0
[2026-04-12T10:07:00.065+0000] {subprocess.py:106} INFO - 26/04/12 10:07:00 INFO MicroBatchExecutionContext: Extracting sink progress metrics for sink=ForeachBatchSink took duration_ms=0
[2026-04-12T10:07:00.066+0000] {subprocess.py:106} INFO - 26/04/12 10:07:00 INFO ProgressReporter: Streaming query has been idle and waiting for new data more than 10000 ms.
[2026-04-12T10:07:30.013+0000] {subprocess.py:106} INFO - 26/04/12 10:07:30 INFO MicroBatchExecutionContext: Extracting source progress metrics for source=KafkaV2[Subscribe[weather-topic]] took duration_ms=0
[2026-04-12T10:07:30.018+0000] {subprocess.py:106} INFO - 26/04/12 10:07:30 INFO MicroBatchExecutionContext: Extracting sink progress metrics for sink=ForeachBatchSink took duration_ms=0
[2026-04-12T10:07:30.019+0000] {subprocess.py:106} INFO - 26/04/12 10:07:30 INFO ProgressReporter: Streaming query has been idle and waiting for new data more than 10000 ms.
[2026-04-12T10:08:00.013+0000] {subprocess.py:106} INFO - 26/04/12 10:08:00 INFO MicroBatchExecutionContext: Extracting source progress metrics for source=KafkaV2[Subscribe[weather-topic]] took duration_ms=0
[2026-04-12T10:08:00.015+0000] {subprocess.py:106} INFO - 26/04/12 10:08:00 INFO MicroBatchExecutionContext: Extracting sink progress metrics for sink=ForeachBatchSink took duration_ms=0
[2026-04-12T10:08:00.015+0000] {subprocess.py:106} INFO - 26/04/12 10:08:00 INFO ProgressReporter: Streaming query has been idle and waiting for new data more than 10000 ms.
[2026-04-12T10:08:30.014+0000] {subprocess.py:106} INFO - 26/04/12 10:08:30 INFO MicroBatchExecutionContext: Extracting source progress metrics for source=KafkaV2[Subscribe[weather-topic]] took duration_ms=0
[2026-04-12T10:08:30.014+0000] {subprocess.py:106} INFO - 26/04/12 10:08:30 INFO MicroBatchExecutionContext: Extracting sink progress metrics for sink=ForeachBatchSink took duration_ms=0
[2026-04-12T10:08:30.015+0000] {subprocess.py:106} INFO - 26/04/12 10:08:30 INFO ProgressReporter: Streaming query has been idle and waiting for new data more than 10000 ms.
[2026-04-12T10:08:46.320+0000] {subprocess.py:106} INFO - 26/04/12 10:08:46 INFO metastore: Closed a connection to metastore, current connections: 0
[2026-04-12T10:09:00.017+0000] {subprocess.py:106} INFO - 26/04/12 10:09:00 INFO MicroBatchExecutionContext: Extracting source progress metrics for source=KafkaV2[Subscribe[weather-topic]] took duration_ms=0
[2026-04-12T10:09:00.018+0000] {subprocess.py:106} INFO - 26/04/12 10:09:00 INFO MicroBatchExecutionContext: Extracting sink progress metrics for sink=ForeachBatchSink took duration_ms=0
[2026-04-12T10:09:00.019+0000] {subprocess.py:106} INFO - 26/04/12 10:09:00 INFO ProgressReporter: Streaming query has been idle and waiting for new data more than 10000 ms.
[2026-04-12T10:09:30.013+0000] {subprocess.py:106} INFO - 26/04/12 10:09:30 INFO MicroBatchExecutionContext: Extracting source progress metrics for source=KafkaV2[Subscribe[weather-topic]] took duration_ms=0
[2026-04-12T10:09:30.014+0000] {subprocess.py:106} INFO - 26/04/12 10:09:30 INFO MicroBatchExecutionContext: Extracting sink progress metrics for sink=ForeachBatchSink took duration_ms=0
[2026-04-12T10:09:30.014+0000] {subprocess.py:106} INFO - 26/04/12 10:09:30 INFO ProgressReporter: Streaming query has been idle and waiting for new data more than 10000 ms.
[2026-04-12T10:10:00.020+0000] {subprocess.py:106} INFO - 26/04/12 10:10:00 INFO MicroBatchExecutionContext: Extracting source progress metrics for source=KafkaV2[Subscribe[weather-topic]] took duration_ms=0
[2026-04-12T10:10:00.022+0000] {subprocess.py:106} INFO - 26/04/12 10:10:00 INFO MicroBatchExecutionContext: Extracting sink progress metrics for sink=ForeachBatchSink took duration_ms=0
[2026-04-12T10:10:00.022+0000] {subprocess.py:106} INFO - 26/04/12 10:10:00 INFO ProgressReporter: Streaming query has been idle and waiting for new data more than 10000 ms.
[2026-04-12T10:10:30.036+0000] {subprocess.py:106} INFO - 26/04/12 10:10:30 INFO MicroBatchExecutionContext: Extracting source progress metrics for source=KafkaV2[Subscribe[weather-topic]] took duration_ms=0
[2026-04-12T10:10:30.037+0000] {subprocess.py:106} INFO - 26/04/12 10:10:30 INFO MicroBatchExecutionContext: Extracting sink progress metrics for sink=ForeachBatchSink took duration_ms=0
[2026-04-12T10:10:30.038+0000] {subprocess.py:106} INFO - 26/04/12 10:10:30 INFO ProgressReporter: Streaming query has been idle and waiting for new data more than 10000 ms.
[2026-04-12T10:11:00.016+0000] {subprocess.py:106} INFO - 26/04/12 10:11:00 INFO MicroBatchExecutionContext: Extracting source progress metrics for source=KafkaV2[Subscribe[weather-topic]] took duration_ms=0
[2026-04-12T10:11:00.016+0000] {subprocess.py:106} INFO - 26/04/12 10:11:00 INFO MicroBatchExecutionContext: Extracting sink progress metrics for sink=ForeachBatchSink took duration_ms=0
[2026-04-12T10:11:00.017+0000] {subprocess.py:106} INFO - 26/04/12 10:11:00 INFO ProgressReporter: Streaming query has been idle and waiting for new data more than 10000 ms.
[2026-04-12T10:11:30.013+0000] {subprocess.py:106} INFO - 26/04/12 10:11:30 INFO MicroBatchExecutionContext: Extracting source progress metrics for source=KafkaV2[Subscribe[weather-topic]] took duration_ms=0
[2026-04-12T10:11:30.013+0000] {subprocess.py:106} INFO - 26/04/12 10:11:30 INFO MicroBatchExecutionContext: Extracting sink progress metrics for sink=ForeachBatchSink took duration_ms=0
[2026-04-12T10:11:30.013+0000] {subprocess.py:106} INFO - 26/04/12 10:11:30 INFO ProgressReporter: Streaming query has been idle and waiting for new data more than 10000 ms.
[2026-04-12T10:12:00.017+0000] {subprocess.py:106} INFO - 26/04/12 10:12:00 INFO MicroBatchExecutionContext: Extracting source progress metrics for source=KafkaV2[Subscribe[weather-topic]] took duration_ms=0
[2026-04-12T10:12:00.018+0000] {subprocess.py:106} INFO - 26/04/12 10:12:00 INFO MicroBatchExecutionContext: Extracting sink progress metrics for sink=ForeachBatchSink took duration_ms=0
[2026-04-12T10:12:00.020+0000] {subprocess.py:106} INFO - 26/04/12 10:12:00 INFO ProgressReporter: Streaming query has been idle and waiting for new data more than 10000 ms.
[2026-04-12T10:12:30.019+0000] {subprocess.py:106} INFO - 26/04/12 10:12:30 INFO MicroBatchExecutionContext: Extracting source progress metrics for source=KafkaV2[Subscribe[weather-topic]] took duration_ms=0
[2026-04-12T10:12:30.020+0000] {subprocess.py:106} INFO - 26/04/12 10:12:30 INFO MicroBatchExecutionContext: Extracting sink progress metrics for sink=ForeachBatchSink took duration_ms=0
[2026-04-12T10:12:30.021+0000] {subprocess.py:106} INFO - 26/04/12 10:12:30 INFO ProgressReporter: Streaming query has been idle and waiting for new data more than 10000 ms.
[2026-04-12T10:13:00.065+0000] {subprocess.py:106} INFO - 26/04/12 10:13:00 INFO MicroBatchExecutionContext: Extracting source progress metrics for source=KafkaV2[Subscribe[weather-topic]] took duration_ms=0
[2026-04-12T10:13:00.067+0000] {subprocess.py:106} INFO - 26/04/12 10:13:00 INFO MicroBatchExecutionContext: Extracting sink progress metrics for sink=ForeachBatchSink took duration_ms=0
[2026-04-12T10:13:00.069+0000] {subprocess.py:106} INFO - 26/04/12 10:13:00 INFO ProgressReporter: Streaming query has been idle and waiting for new data more than 10000 ms.
