[2026-04-13T13:00:02.500+0000] {local_task_job_runner.py:123} INFO - ::group::Pre task execution logs
[2026-04-13T13:00:02.595+0000] {taskinstance.py:2613} INFO - Dependencies all met for dep_context=non-requeueable deps ti=<TaskInstance: predict_aqi.wait_for_silver_data scheduled__2026-04-13T11:00:00+00:00 [queued]>
[2026-04-13T13:00:02.606+0000] {taskinstance.py:2613} INFO - Dependencies all met for dep_context=requeueable deps ti=<TaskInstance: predict_aqi.wait_for_silver_data scheduled__2026-04-13T11:00:00+00:00 [queued]>
[2026-04-13T13:00:02.607+0000] {taskinstance.py:2866} INFO - Starting attempt 2 of 3
[2026-04-13T13:00:02.633+0000] {taskinstance.py:2889} INFO - Executing <Task(BashSensor): wait_for_silver_data> on 2026-04-13 11:00:00+00:00
[2026-04-13T13:00:02.642+0000] {standard_task_runner.py:104} INFO - Running: ['airflow', 'tasks', 'run', 'predict_aqi', 'wait_for_silver_data', 'scheduled__2026-04-13T11:00:00+00:00', '--job-id', '129', '--raw', '--subdir', 'DAGS_FOLDER/dag_ml.py', '--cfg-path', '/tmp/tmpx9uwqirc']
[2026-04-13T13:00:02.644+0000] {standard_task_runner.py:105} INFO - Job 129: Subtask wait_for_silver_data
[2026-04-13T13:00:02.646+0000] {logging_mixin.py:190} WARNING - /home/airflow/airflow/venv/lib/python3.12/site-packages/airflow/task/task_runner/standard_task_runner.py:70 DeprecationWarning: This process (pid=8663) is multi-threaded, use of fork() may lead to deadlocks in the child.
[2026-04-13T13:00:02.647+0000] {standard_task_runner.py:72} INFO - Started process 8752 to run task
[2026-04-13T13:00:02.784+0000] {task_command.py:467} INFO - Running <TaskInstance: predict_aqi.wait_for_silver_data scheduled__2026-04-13T11:00:00+00:00 [running]> on host airflow
[2026-04-13T13:00:02.938+0000] {taskinstance.py:3132} INFO - Exporting env vars: AIRFLOW_CTX_DAG_OWNER='airflow' AIRFLOW_CTX_DAG_ID='predict_aqi' AIRFLOW_CTX_TASK_ID='wait_for_silver_data' AIRFLOW_CTX_EXECUTION_DATE='2026-04-13T11:00:00+00:00' AIRFLOW_CTX_TRY_NUMBER='2' AIRFLOW_CTX_DAG_RUN_ID='scheduled__2026-04-13T11:00:00+00:00'
[2026-04-13T13:00:02.940+0000] {taskinstance.py:731} INFO - ::endgroup::
[2026-04-13T13:00:02.998+0000] {bash.py:72} INFO - Tmp dir root location: /tmp
[2026-04-13T13:00:03.003+0000] {bash.py:80} INFO - Temporary script location: /tmp/airflowtmpd4dk2gjl//tmp/airflowtmpd4dk2gjl/wait_for_silver_datafewywd_g
[2026-04-13T13:00:03.004+0000] {bash.py:81} INFO - Running command: 
        count=$(docker exec trino trino --execute "
            SELECT COUNT(*) FROM iceberg.air_quality_db.air_quality_silver;
        " | tail -n 1 | tr -d '"[:space:]')

        echo "Record count: $count"

        if [ "$count" -gt 0 ]; then
            exit 0
        else
            exit 1
        fi
        
[2026-04-13T13:00:03.019+0000] {bash.py:93} INFO - Output:
[2026-04-13T13:00:27.628+0000] {bash.py:95} INFO - Query 20260413_130007_00001_eriqv failed: Failed connecting to Hive metastore: [23133083thuyvan-master:9083]
[2026-04-13T13:00:27.629+0000] {bash.py:95} INFO - 
[2026-04-13T13:00:27.660+0000] {bash.py:95} INFO - Record count:
[2026-04-13T13:00:27.660+0000] {bash.py:95} INFO - /tmp/airflowtmpd4dk2gjl/wait_for_silver_datafewywd_g: line 8: [: : integer expression expected
[2026-04-13T13:00:27.661+0000] {bash.py:97} INFO - Command exited with return code 1
[2026-04-13T13:00:27.662+0000] {bash.py:113} INFO - Non-zero return code and no retry code set, will retry later
[2026-04-13T13:00:57.661+0000] {bash.py:72} INFO - Tmp dir root location: /tmp
[2026-04-13T13:00:57.662+0000] {bash.py:80} INFO - Temporary script location: /tmp/airflowtmpn9lpdvl4//tmp/airflowtmpn9lpdvl4/wait_for_silver_dataa0yx1gkl
[2026-04-13T13:00:57.663+0000] {bash.py:81} INFO - Running command: 
        count=$(docker exec trino trino --execute "
            SELECT COUNT(*) FROM iceberg.air_quality_db.air_quality_silver;
        " | tail -n 1 | tr -d '"[:space:]')

        echo "Record count: $count"

        if [ "$count" -gt 0 ]; then
            exit 0
        else
            exit 1
        fi
        
[2026-04-13T13:00:57.671+0000] {bash.py:93} INFO - Output:
[2026-04-13T13:01:17.760+0000] {bash.py:95} INFO - Query 20260413_130059_00003_eriqv failed: Failed connecting to Hive metastore: [23133083thuyvan-master:9083]
[2026-04-13T13:01:17.762+0000] {bash.py:95} INFO - 
[2026-04-13T13:01:17.794+0000] {bash.py:95} INFO - Record count:
[2026-04-13T13:01:17.794+0000] {bash.py:95} INFO - /tmp/airflowtmpn9lpdvl4/wait_for_silver_dataa0yx1gkl: line 8: [: : integer expression expected
[2026-04-13T13:01:17.795+0000] {bash.py:97} INFO - Command exited with return code 1
[2026-04-13T13:01:17.796+0000] {bash.py:113} INFO - Non-zero return code and no retry code set, will retry later
[2026-04-13T13:01:47.796+0000] {bash.py:72} INFO - Tmp dir root location: /tmp
[2026-04-13T13:01:47.797+0000] {bash.py:80} INFO - Temporary script location: /tmp/airflowtmp445r9fs6//tmp/airflowtmp445r9fs6/wait_for_silver_data5gowp93p
[2026-04-13T13:01:47.798+0000] {bash.py:81} INFO - Running command: 
        count=$(docker exec trino trino --execute "
            SELECT COUNT(*) FROM iceberg.air_quality_db.air_quality_silver;
        " | tail -n 1 | tr -d '"[:space:]')

        echo "Record count: $count"

        if [ "$count" -gt 0 ]; then
            exit 0
        else
            exit 1
        fi
        
[2026-04-13T13:01:47.806+0000] {bash.py:93} INFO - Output:
[2026-04-13T13:02:07.997+0000] {bash.py:95} INFO - Query 20260413_130149_00004_eriqv failed: Failed connecting to Hive metastore: [23133083thuyvan-master:9083]
[2026-04-13T13:02:08.000+0000] {bash.py:95} INFO - 
[2026-04-13T13:02:08.020+0000] {bash.py:95} INFO - Record count:
[2026-04-13T13:02:08.021+0000] {bash.py:95} INFO - /tmp/airflowtmp445r9fs6/wait_for_silver_data5gowp93p: line 8: [: : integer expression expected
[2026-04-13T13:02:08.021+0000] {bash.py:97} INFO - Command exited with return code 1
[2026-04-13T13:02:08.022+0000] {bash.py:113} INFO - Non-zero return code and no retry code set, will retry later
[2026-04-13T13:02:38.021+0000] {bash.py:72} INFO - Tmp dir root location: /tmp
[2026-04-13T13:02:38.023+0000] {bash.py:80} INFO - Temporary script location: /tmp/airflowtmpo346opc9//tmp/airflowtmpo346opc9/wait_for_silver_datagrskf4wr
[2026-04-13T13:02:38.024+0000] {bash.py:81} INFO - Running command: 
        count=$(docker exec trino trino --execute "
            SELECT COUNT(*) FROM iceberg.air_quality_db.air_quality_silver;
        " | tail -n 1 | tr -d '"[:space:]')

        echo "Record count: $count"

        if [ "$count" -gt 0 ]; then
            exit 0
        else
            exit 1
        fi
        
[2026-04-13T13:02:38.033+0000] {bash.py:93} INFO - Output:
[2026-04-13T13:02:58.133+0000] {bash.py:95} INFO - Query 20260413_130240_00007_eriqv failed: Failed connecting to Hive metastore: [23133083thuyvan-master:9083]
[2026-04-13T13:02:58.134+0000] {bash.py:95} INFO - 
[2026-04-13T13:02:58.154+0000] {bash.py:95} INFO - Record count:
[2026-04-13T13:02:58.155+0000] {bash.py:95} INFO - /tmp/airflowtmpo346opc9/wait_for_silver_datagrskf4wr: line 8: [: : integer expression expected
[2026-04-13T13:02:58.155+0000] {bash.py:97} INFO - Command exited with return code 1
[2026-04-13T13:02:58.156+0000] {bash.py:113} INFO - Non-zero return code and no retry code set, will retry later
[2026-04-13T13:03:28.155+0000] {bash.py:72} INFO - Tmp dir root location: /tmp
[2026-04-13T13:03:28.158+0000] {bash.py:80} INFO - Temporary script location: /tmp/airflowtmpuf57y67g//tmp/airflowtmpuf57y67g/wait_for_silver_datayr1m7d1h
[2026-04-13T13:03:28.159+0000] {bash.py:81} INFO - Running command: 
        count=$(docker exec trino trino --execute "
            SELECT COUNT(*) FROM iceberg.air_quality_db.air_quality_silver;
        " | tail -n 1 | tr -d '"[:space:]')

        echo "Record count: $count"

        if [ "$count" -gt 0 ]; then
            exit 0
        else
            exit 1
        fi
        
[2026-04-13T13:03:28.169+0000] {bash.py:93} INFO - Output:
[2026-04-13T13:03:48.104+0000] {bash.py:95} INFO - Query 20260413_130329_00009_eriqv failed: Failed connecting to Hive metastore: [23133083thuyvan-master:9083]
[2026-04-13T13:03:48.106+0000] {bash.py:95} INFO - 
[2026-04-13T13:03:48.134+0000] {bash.py:95} INFO - Record count:
[2026-04-13T13:03:48.135+0000] {bash.py:95} INFO - /tmp/airflowtmpuf57y67g/wait_for_silver_datayr1m7d1h: line 8: [: : integer expression expected
[2026-04-13T13:03:48.135+0000] {bash.py:97} INFO - Command exited with return code 1
[2026-04-13T13:03:48.137+0000] {bash.py:113} INFO - Non-zero return code and no retry code set, will retry later
[2026-04-13T13:04:18.132+0000] {bash.py:72} INFO - Tmp dir root location: /tmp
[2026-04-13T13:04:18.138+0000] {bash.py:80} INFO - Temporary script location: /tmp/airflowtmp8u4jw7or//tmp/airflowtmp8u4jw7or/wait_for_silver_datahcsgucf1
[2026-04-13T13:04:18.140+0000] {bash.py:81} INFO - Running command: 
        count=$(docker exec trino trino --execute "
            SELECT COUNT(*) FROM iceberg.air_quality_db.air_quality_silver;
        " | tail -n 1 | tr -d '"[:space:]')

        echo "Record count: $count"

        if [ "$count" -gt 0 ]; then
            exit 0
        else
            exit 1
        fi
        
[2026-04-13T13:04:18.153+0000] {bash.py:93} INFO - Output:
[2026-04-13T13:04:39.186+0000] {bash.py:95} INFO - Record count: 100
[2026-04-13T13:04:39.189+0000] {bash.py:97} INFO - Command exited with return code 0
[2026-04-13T13:04:39.194+0000] {base.py:336} INFO - Success criteria met. Exiting.
[2026-04-13T13:04:39.666+0000] {taskinstance.py:340} INFO - ::group::Post task execution logs
[2026-04-13T13:04:39.674+0000] {taskinstance.py:352} INFO - Marking task as SUCCESS. dag_id=predict_aqi, task_id=wait_for_silver_data, run_id=scheduled__2026-04-13T11:00:00+00:00, execution_date=20260413T110000, start_date=20260413T130002, end_date=20260413T130439
[2026-04-13T13:04:39.873+0000] {local_task_job_runner.py:266} INFO - Task exited with return code 0
[2026-04-13T13:04:40.181+0000] {taskinstance.py:3895} INFO - 1 downstream tasks scheduled from follow-on schedule check
[2026-04-13T13:04:40.190+0000] {local_task_job_runner.py:245} INFO - ::endgroup::
