[2026-04-11T16:00:01.170+0000] {local_task_job_runner.py:123} INFO - ::group::Pre task execution logs
[2026-04-11T16:00:01.194+0000] {taskinstance.py:2613} INFO - Dependencies all met for dep_context=non-requeueable deps ti=<TaskInstance: weather_real_time_pipeline.call_weather_api_and_send_kafka scheduled__2026-04-11T15:58:00+00:00 [queued]>
[2026-04-11T16:00:01.203+0000] {taskinstance.py:2613} INFO - Dependencies all met for dep_context=requeueable deps ti=<TaskInstance: weather_real_time_pipeline.call_weather_api_and_send_kafka scheduled__2026-04-11T15:58:00+00:00 [queued]>
[2026-04-11T16:00:01.203+0000] {taskinstance.py:2866} INFO - Starting attempt 1 of 2
[2026-04-11T16:00:01.222+0000] {taskinstance.py:2889} INFO - Executing <Task(PythonOperator): call_weather_api_and_send_kafka> on 2026-04-11 15:58:00+00:00
[2026-04-11T16:00:01.230+0000] {standard_task_runner.py:104} INFO - Running: ['airflow', 'tasks', 'run', 'weather_real_time_pipeline', 'call_weather_api_and_send_kafka', 'scheduled__2026-04-11T15:58:00+00:00', '--job-id', '198', '--raw', '--subdir', 'DAGS_FOLDER/weather_pipeline_dag.py', '--cfg-path', '/tmp/tmpdqlj6x0e']
[2026-04-11T16:00:01.232+0000] {standard_task_runner.py:105} INFO - Job 198: Subtask call_weather_api_and_send_kafka
[2026-04-11T16:00:01.233+0000] {logging_mixin.py:190} WARNING - /home/airflow/airflow/venv/lib/python3.12/site-packages/airflow/task/task_runner/standard_task_runner.py:70 DeprecationWarning: This process (pid=98350) is multi-threaded, use of fork() may lead to deadlocks in the child.
[2026-04-11T16:00:01.235+0000] {standard_task_runner.py:72} INFO - Started process 98365 to run task
[2026-04-11T16:00:01.310+0000] {task_command.py:467} INFO - Running <TaskInstance: weather_real_time_pipeline.call_weather_api_and_send_kafka scheduled__2026-04-11T15:58:00+00:00 [running]> on host airflow
[2026-04-11T16:00:01.452+0000] {taskinstance.py:3132} INFO - Exporting env vars: AIRFLOW_CTX_DAG_OWNER='airflow' AIRFLOW_CTX_DAG_ID='weather_real_time_pipeline' AIRFLOW_CTX_TASK_ID='call_weather_api_and_send_kafka' AIRFLOW_CTX_EXECUTION_DATE='2026-04-11T15:58:00+00:00' AIRFLOW_CTX_TRY_NUMBER='1' AIRFLOW_CTX_DAG_RUN_ID='scheduled__2026-04-11T15:58:00+00:00'
[2026-04-11T16:00:01.453+0000] {taskinstance.py:731} INFO - ::endgroup::
[2026-04-11T16:00:01.531+0000] {conn.py:362} INFO - <BrokerConnection node_id=bootstrap-0 host=kafka:9092 <connecting> [IPv4 ('172.20.0.4', 9092)]>: connecting to kafka:9092 [('172.20.0.4', 9092) IPv4]
[2026-04-11T16:00:01.533+0000] {conn.py:393} INFO - <BrokerConnection node_id=bootstrap-0 host=kafka:9092 <connecting> [IPv4 ('172.20.0.4', 9092)]>: Connection complete.
[2026-04-11T16:00:16.373+0000] {logging_mixin.py:190} INFO - Error: HTTPSConnectionPool(host='api.open-meteo.com', port=443): Read timed out. (read timeout=10)
[2026-04-11T16:00:16.374+0000] {python.py:240} INFO - Done. Returned value was: False
[2026-04-11T16:00:16.389+0000] {conn.py:673} INFO - <BrokerConnection node_id=bootstrap-0 host=kafka:9092 <connected> [IPv4 ('172.20.0.4', 9092)]>: Closing connection. 
[2026-04-11T16:00:16.419+0000] {taskinstance.py:340} INFO - ::group::Post task execution logs
[2026-04-11T16:00:16.420+0000] {taskinstance.py:352} INFO - Marking task as SUCCESS. dag_id=weather_real_time_pipeline, task_id=call_weather_api_and_send_kafka, run_id=scheduled__2026-04-11T15:58:00+00:00, execution_date=20260411T155800, start_date=20260411T160001, end_date=20260411T160016
[2026-04-11T16:00:16.440+0000] {local_task_job_runner.py:266} INFO - Task exited with return code 0
[2026-04-11T16:00:16.463+0000] {taskinstance.py:3895} INFO - 0 downstream tasks scheduled from follow-on schedule check
[2026-04-11T16:00:16.465+0000] {local_task_job_runner.py:245} INFO - ::endgroup::
