[2026-04-12T09:20:44.155+0000] {local_task_job_runner.py:123} INFO - ::group::Pre task execution logs
[2026-04-12T09:20:44.188+0000] {taskinstance.py:2613} INFO - Dependencies all met for dep_context=non-requeueable deps ti=<TaskInstance: kaggle_daily_batch_pipeline.download_kaggle_csv scheduled__2026-04-11T03:00:00+00:00 [queued]>
[2026-04-12T09:20:44.200+0000] {taskinstance.py:2613} INFO - Dependencies all met for dep_context=requeueable deps ti=<TaskInstance: kaggle_daily_batch_pipeline.download_kaggle_csv scheduled__2026-04-11T03:00:00+00:00 [queued]>
[2026-04-12T09:20:44.201+0000] {taskinstance.py:2866} INFO - Starting attempt 1 of 2
[2026-04-12T09:20:44.222+0000] {taskinstance.py:2889} INFO - Executing <Task(PythonOperator): download_kaggle_csv> on 2026-04-11 03:00:00+00:00
[2026-04-12T09:20:44.234+0000] {standard_task_runner.py:104} INFO - Running: ['airflow', 'tasks', 'run', 'kaggle_daily_batch_pipeline', 'download_kaggle_csv', 'scheduled__2026-04-11T03:00:00+00:00', '--job-id', '386', '--raw', '--subdir', 'DAGS_FOLDER/dag1.py', '--cfg-path', '/tmp/tmp24t31grf']
[2026-04-12T09:20:44.235+0000] {standard_task_runner.py:105} INFO - Job 386: Subtask download_kaggle_csv
[2026-04-12T09:20:44.238+0000] {logging_mixin.py:190} WARNING - /home/airflow/airflow/venv/lib/python3.12/site-packages/airflow/task/task_runner/standard_task_runner.py:70 DeprecationWarning: This process (pid=15416) is multi-threaded, use of fork() may lead to deadlocks in the child.
[2026-04-12T09:20:44.239+0000] {standard_task_runner.py:72} INFO - Started process 15439 to run task
[2026-04-12T09:20:44.321+0000] {task_command.py:467} INFO - Running <TaskInstance: kaggle_daily_batch_pipeline.download_kaggle_csv scheduled__2026-04-11T03:00:00+00:00 [running]> on host airflow
[2026-04-12T09:20:44.426+0000] {taskinstance.py:3132} INFO - Exporting env vars: AIRFLOW_CTX_DAG_OWNER='airflow' AIRFLOW_CTX_DAG_ID='kaggle_daily_batch_pipeline' AIRFLOW_CTX_TASK_ID='download_kaggle_csv' AIRFLOW_CTX_EXECUTION_DATE='2026-04-11T03:00:00+00:00' AIRFLOW_CTX_TRY_NUMBER='1' AIRFLOW_CTX_DAG_RUN_ID='scheduled__2026-04-11T03:00:00+00:00'
[2026-04-12T09:20:44.427+0000] {taskinstance.py:731} INFO - ::endgroup::
[2026-04-12T09:20:44.458+0000] {logging_mixin.py:190} INFO - Đang tải file từ Kaggle bằng API Token...
[2026-04-12T09:20:54.532+0000] {logging_mixin.py:190} INFO - Tải thành công! File lưu tại: /tmp/kaggle_data/GlobalWeatherRepository.csv
[2026-04-12T09:20:57.579+0000] {logging_mixin.py:190} INFO - HDFS sẵn sàng (attempt 1)
[2026-04-12T09:21:04.058+0000] {logging_mixin.py:190} INFO - Đã copy file vào Hadoop master: /tmp/GlobalWeatherRepository.csv
[2026-04-12T09:21:09.816+0000] {logging_mixin.py:190} INFO - Đã upload lên HDFS: /user/hive/lakehouse/bronze/raw_kaggle/GlobalWeatherRepository.csv
[2026-04-12T09:21:09.826+0000] {python.py:240} INFO - Done. Returned value was: None
[2026-04-12T09:21:09.845+0000] {taskinstance.py:340} INFO - ::group::Post task execution logs
[2026-04-12T09:21:09.846+0000] {taskinstance.py:352} INFO - Marking task as SUCCESS. dag_id=kaggle_daily_batch_pipeline, task_id=download_kaggle_csv, run_id=scheduled__2026-04-11T03:00:00+00:00, execution_date=20260411T030000, start_date=20260412T092044, end_date=20260412T092109
[2026-04-12T09:21:09.923+0000] {local_task_job_runner.py:266} INFO - Task exited with return code 0
[2026-04-12T09:21:09.963+0000] {taskinstance.py:3895} INFO - 1 downstream tasks scheduled from follow-on schedule check
[2026-04-12T09:21:09.985+0000] {local_task_job_runner.py:245} INFO - ::endgroup::
[2026-04-12T09:26:48.134+0000] {local_task_job_runner.py:123} INFO - ::group::Pre task execution logs
[2026-04-12T09:26:48.163+0000] {taskinstance.py:2613} INFO - Dependencies all met for dep_context=non-requeueable deps ti=<TaskInstance: kaggle_daily_batch_pipeline.download_kaggle_csv scheduled__2026-04-11T03:00:00+00:00 [queued]>
[2026-04-12T09:26:48.173+0000] {taskinstance.py:2613} INFO - Dependencies all met for dep_context=requeueable deps ti=<TaskInstance: kaggle_daily_batch_pipeline.download_kaggle_csv scheduled__2026-04-11T03:00:00+00:00 [queued]>
[2026-04-12T09:26:48.174+0000] {taskinstance.py:2866} INFO - Starting attempt 1 of 2
[2026-04-12T09:26:48.189+0000] {taskinstance.py:2889} INFO - Executing <Task(PythonOperator): download_kaggle_csv> on 2026-04-11 03:00:00+00:00
[2026-04-12T09:26:48.196+0000] {standard_task_runner.py:104} INFO - Running: ['airflow', 'tasks', 'run', 'kaggle_daily_batch_pipeline', 'download_kaggle_csv', 'scheduled__2026-04-11T03:00:00+00:00', '--job-id', '398', '--raw', '--subdir', 'DAGS_FOLDER/dag1.py', '--cfg-path', '/tmp/tmpup1ck9ex']
[2026-04-12T09:26:48.197+0000] {standard_task_runner.py:105} INFO - Job 398: Subtask download_kaggle_csv
[2026-04-12T09:26:48.199+0000] {logging_mixin.py:190} WARNING - /home/airflow/airflow/venv/lib/python3.12/site-packages/airflow/task/task_runner/standard_task_runner.py:70 DeprecationWarning: This process (pid=37224) is multi-threaded, use of fork() may lead to deadlocks in the child.
[2026-04-12T09:26:48.200+0000] {standard_task_runner.py:72} INFO - Started process 37245 to run task
[2026-04-12T09:26:48.274+0000] {task_command.py:467} INFO - Running <TaskInstance: kaggle_daily_batch_pipeline.download_kaggle_csv scheduled__2026-04-11T03:00:00+00:00 [running]> on host airflow
[2026-04-12T09:26:48.377+0000] {taskinstance.py:3132} INFO - Exporting env vars: AIRFLOW_CTX_DAG_OWNER='airflow' AIRFLOW_CTX_DAG_ID='kaggle_daily_batch_pipeline' AIRFLOW_CTX_TASK_ID='download_kaggle_csv' AIRFLOW_CTX_EXECUTION_DATE='2026-04-11T03:00:00+00:00' AIRFLOW_CTX_TRY_NUMBER='1' AIRFLOW_CTX_DAG_RUN_ID='scheduled__2026-04-11T03:00:00+00:00'
[2026-04-12T09:26:48.378+0000] {taskinstance.py:731} INFO - ::endgroup::
[2026-04-12T09:26:48.393+0000] {logging_mixin.py:190} INFO - Đang tải file từ Kaggle bằng API Token...
[2026-04-12T09:26:58.164+0000] {logging_mixin.py:190} INFO - Tải thành công! File lưu tại: /tmp/kaggle_data/GlobalWeatherRepository.csv
[2026-04-12T09:27:01.770+0000] {logging_mixin.py:190} INFO - HDFS sẵn sàng (attempt 1)
[2026-04-12T09:27:06.348+0000] {logging_mixin.py:190} INFO - Đã copy file vào Hadoop master: /tmp/GlobalWeatherRepository.csv
[2026-04-12T09:27:09.445+0000] {logging_mixin.py:190} INFO - Đã upload lên HDFS: /user/hive/lakehouse/bronze/raw_kaggle/GlobalWeatherRepository.csv
[2026-04-12T09:27:09.449+0000] {python.py:240} INFO - Done. Returned value was: None
[2026-04-12T09:27:09.466+0000] {taskinstance.py:340} INFO - ::group::Post task execution logs
[2026-04-12T09:27:09.466+0000] {taskinstance.py:352} INFO - Marking task as SUCCESS. dag_id=kaggle_daily_batch_pipeline, task_id=download_kaggle_csv, run_id=scheduled__2026-04-11T03:00:00+00:00, execution_date=20260411T030000, start_date=20260412T092648, end_date=20260412T092709
[2026-04-12T09:27:09.483+0000] {local_task_job_runner.py:266} INFO - Task exited with return code 0
[2026-04-12T09:27:09.519+0000] {taskinstance.py:3895} INFO - 1 downstream tasks scheduled from follow-on schedule check
[2026-04-12T09:27:09.522+0000] {local_task_job_runner.py:245} INFO - ::endgroup::
[2026-04-12T09:30:48.472+0000] {local_task_job_runner.py:123} INFO - ::group::Pre task execution logs
[2026-04-12T09:30:48.498+0000] {taskinstance.py:2613} INFO - Dependencies all met for dep_context=non-requeueable deps ti=<TaskInstance: kaggle_daily_batch_pipeline.download_kaggle_csv scheduled__2026-04-11T03:00:00+00:00 [queued]>
[2026-04-12T09:30:48.507+0000] {taskinstance.py:2613} INFO - Dependencies all met for dep_context=requeueable deps ti=<TaskInstance: kaggle_daily_batch_pipeline.download_kaggle_csv scheduled__2026-04-11T03:00:00+00:00 [queued]>
[2026-04-12T09:30:48.509+0000] {taskinstance.py:2866} INFO - Starting attempt 1 of 2
[2026-04-12T09:30:48.523+0000] {taskinstance.py:2889} INFO - Executing <Task(PythonOperator): download_kaggle_csv> on 2026-04-11 03:00:00+00:00
[2026-04-12T09:30:48.534+0000] {standard_task_runner.py:104} INFO - Running: ['airflow', 'tasks', 'run', 'kaggle_daily_batch_pipeline', 'download_kaggle_csv', 'scheduled__2026-04-11T03:00:00+00:00', '--job-id', '405', '--raw', '--subdir', 'DAGS_FOLDER/dag1.py', '--cfg-path', '/tmp/tmpt0nk23jg']
[2026-04-12T09:30:48.537+0000] {logging_mixin.py:190} WARNING - /home/airflow/airflow/venv/lib/python3.12/site-packages/airflow/task/task_runner/standard_task_runner.py:70 DeprecationWarning: This process (pid=52038) is multi-threaded, use of fork() may lead to deadlocks in the child.
[2026-04-12T09:30:48.537+0000] {standard_task_runner.py:105} INFO - Job 405: Subtask download_kaggle_csv
[2026-04-12T09:30:48.538+0000] {standard_task_runner.py:72} INFO - Started process 52064 to run task
[2026-04-12T09:30:48.625+0000] {task_command.py:467} INFO - Running <TaskInstance: kaggle_daily_batch_pipeline.download_kaggle_csv scheduled__2026-04-11T03:00:00+00:00 [running]> on host airflow
[2026-04-12T09:30:48.745+0000] {taskinstance.py:3132} INFO - Exporting env vars: AIRFLOW_CTX_DAG_OWNER='airflow' AIRFLOW_CTX_DAG_ID='kaggle_daily_batch_pipeline' AIRFLOW_CTX_TASK_ID='download_kaggle_csv' AIRFLOW_CTX_EXECUTION_DATE='2026-04-11T03:00:00+00:00' AIRFLOW_CTX_TRY_NUMBER='1' AIRFLOW_CTX_DAG_RUN_ID='scheduled__2026-04-11T03:00:00+00:00'
[2026-04-12T09:30:48.746+0000] {taskinstance.py:731} INFO - ::endgroup::
[2026-04-12T09:30:48.758+0000] {logging_mixin.py:190} INFO - Đang tải file từ Kaggle bằng API Token...
[2026-04-12T09:30:58.340+0000] {logging_mixin.py:190} INFO - Tải thành công! File lưu tại: /tmp/kaggle_data/GlobalWeatherRepository.csv
[2026-04-12T09:31:02.200+0000] {logging_mixin.py:190} INFO - HDFS sẵn sàng (attempt 1)
[2026-04-12T09:31:08.108+0000] {logging_mixin.py:190} INFO - Đã copy file vào Hadoop master: /tmp/GlobalWeatherRepository.csv
[2026-04-12T09:31:12.280+0000] {logging_mixin.py:190} INFO - Đã upload lên HDFS: /user/hive/lakehouse/bronze/raw_kaggle/GlobalWeatherRepository.csv
[2026-04-12T09:31:12.284+0000] {python.py:240} INFO - Done. Returned value was: None
[2026-04-12T09:31:12.314+0000] {taskinstance.py:340} INFO - ::group::Post task execution logs
[2026-04-12T09:31:12.315+0000] {taskinstance.py:352} INFO - Marking task as SUCCESS. dag_id=kaggle_daily_batch_pipeline, task_id=download_kaggle_csv, run_id=scheduled__2026-04-11T03:00:00+00:00, execution_date=20260411T030000, start_date=20260412T093048, end_date=20260412T093112
[2026-04-12T09:31:12.398+0000] {local_task_job_runner.py:266} INFO - Task exited with return code 0
[2026-04-12T09:31:12.441+0000] {local_task_job_runner.py:245} INFO - ::endgroup::
[2026-04-12T09:43:31.972+0000] {local_task_job_runner.py:123} INFO - ::group::Pre task execution logs
[2026-04-12T09:43:32.022+0000] {taskinstance.py:2613} INFO - Dependencies all met for dep_context=non-requeueable deps ti=<TaskInstance: kaggle_daily_batch_pipeline.download_kaggle_csv scheduled__2026-04-11T03:00:00+00:00 [queued]>
[2026-04-12T09:43:32.038+0000] {taskinstance.py:2613} INFO - Dependencies all met for dep_context=requeueable deps ti=<TaskInstance: kaggle_daily_batch_pipeline.download_kaggle_csv scheduled__2026-04-11T03:00:00+00:00 [queued]>
[2026-04-12T09:43:32.038+0000] {taskinstance.py:2866} INFO - Starting attempt 1 of 2
[2026-04-12T09:43:32.073+0000] {taskinstance.py:2889} INFO - Executing <Task(PythonOperator): download_kaggle_csv> on 2026-04-11 03:00:00+00:00
[2026-04-12T09:43:32.083+0000] {standard_task_runner.py:104} INFO - Running: ['airflow', 'tasks', 'run', 'kaggle_daily_batch_pipeline', 'download_kaggle_csv', 'scheduled__2026-04-11T03:00:00+00:00', '--job-id', '4', '--raw', '--subdir', 'DAGS_FOLDER/dag1.py', '--cfg-path', '/tmp/tmpnn3458ag']
[2026-04-12T09:43:32.087+0000] {standard_task_runner.py:105} INFO - Job 4: Subtask download_kaggle_csv
[2026-04-12T09:43:32.089+0000] {logging_mixin.py:190} WARNING - /home/airflow/airflow/venv/lib/python3.12/site-packages/airflow/task/task_runner/standard_task_runner.py:70 DeprecationWarning: This process (pid=18037) is multi-threaded, use of fork() may lead to deadlocks in the child.
[2026-04-12T09:43:32.090+0000] {standard_task_runner.py:72} INFO - Started process 18057 to run task
[2026-04-12T09:43:32.203+0000] {task_command.py:467} INFO - Running <TaskInstance: kaggle_daily_batch_pipeline.download_kaggle_csv scheduled__2026-04-11T03:00:00+00:00 [running]> on host airflow
[2026-04-12T09:43:32.345+0000] {taskinstance.py:3132} INFO - Exporting env vars: AIRFLOW_CTX_DAG_OWNER='airflow' AIRFLOW_CTX_DAG_ID='kaggle_daily_batch_pipeline' AIRFLOW_CTX_TASK_ID='download_kaggle_csv' AIRFLOW_CTX_EXECUTION_DATE='2026-04-11T03:00:00+00:00' AIRFLOW_CTX_TRY_NUMBER='1' AIRFLOW_CTX_DAG_RUN_ID='scheduled__2026-04-11T03:00:00+00:00'
[2026-04-12T09:43:32.348+0000] {taskinstance.py:731} INFO - ::endgroup::
[2026-04-12T09:43:32.368+0000] {logging_mixin.py:190} INFO - Đang tải file từ Kaggle bằng API Token...
[2026-04-12T09:43:41.183+0000] {logging_mixin.py:190} INFO - Tải thành công! File lưu tại: /tmp/kaggle_data/GlobalWeatherRepository.csv
[2026-04-12T09:43:44.905+0000] {logging_mixin.py:190} INFO - HDFS sẵn sàng (attempt 1)
[2026-04-12T09:43:50.526+0000] {logging_mixin.py:190} INFO - Đã copy file vào Hadoop master: /tmp/GlobalWeatherRepository.csv
[2026-04-12T09:43:55.664+0000] {logging_mixin.py:190} INFO - Đã upload lên HDFS: /user/hive/lakehouse/bronze/raw_kaggle/GlobalWeatherRepository.csv
[2026-04-12T09:43:55.669+0000] {python.py:240} INFO - Done. Returned value was: None
[2026-04-12T09:43:55.709+0000] {taskinstance.py:340} INFO - ::group::Post task execution logs
[2026-04-12T09:43:55.711+0000] {taskinstance.py:352} INFO - Marking task as SUCCESS. dag_id=kaggle_daily_batch_pipeline, task_id=download_kaggle_csv, run_id=scheduled__2026-04-11T03:00:00+00:00, execution_date=20260411T030000, start_date=20260412T094332, end_date=20260412T094355
[2026-04-12T09:43:55.809+0000] {local_task_job_runner.py:266} INFO - Task exited with return code 0
[2026-04-12T09:43:55.879+0000] {taskinstance.py:3895} INFO - 1 downstream tasks scheduled from follow-on schedule check
[2026-04-12T09:43:55.883+0000] {local_task_job_runner.py:245} INFO - ::endgroup::
[2026-04-12T09:49:48.063+0000] {local_task_job_runner.py:123} INFO - ::group::Pre task execution logs
[2026-04-12T09:49:48.097+0000] {taskinstance.py:2613} INFO - Dependencies all met for dep_context=non-requeueable deps ti=<TaskInstance: kaggle_daily_batch_pipeline.download_kaggle_csv scheduled__2026-04-11T03:00:00+00:00 [queued]>
[2026-04-12T09:49:48.112+0000] {taskinstance.py:2613} INFO - Dependencies all met for dep_context=requeueable deps ti=<TaskInstance: kaggle_daily_batch_pipeline.download_kaggle_csv scheduled__2026-04-11T03:00:00+00:00 [queued]>
[2026-04-12T09:49:48.113+0000] {taskinstance.py:2866} INFO - Starting attempt 1 of 2
[2026-04-12T09:49:48.140+0000] {taskinstance.py:2889} INFO - Executing <Task(PythonOperator): download_kaggle_csv> on 2026-04-11 03:00:00+00:00
[2026-04-12T09:49:48.155+0000] {standard_task_runner.py:104} INFO - Running: ['airflow', 'tasks', 'run', 'kaggle_daily_batch_pipeline', 'download_kaggle_csv', 'scheduled__2026-04-11T03:00:00+00:00', '--job-id', '18', '--raw', '--subdir', 'DAGS_FOLDER/dag1.py', '--cfg-path', '/tmp/tmpbwfbi6rh']
[2026-04-12T09:49:48.157+0000] {standard_task_runner.py:105} INFO - Job 18: Subtask download_kaggle_csv
[2026-04-12T09:49:48.161+0000] {logging_mixin.py:190} WARNING - /home/airflow/airflow/venv/lib/python3.12/site-packages/airflow/task/task_runner/standard_task_runner.py:70 DeprecationWarning: This process (pid=38593) is multi-threaded, use of fork() may lead to deadlocks in the child.
[2026-04-12T09:49:48.162+0000] {standard_task_runner.py:72} INFO - Started process 38616 to run task
[2026-04-12T09:49:48.289+0000] {task_command.py:467} INFO - Running <TaskInstance: kaggle_daily_batch_pipeline.download_kaggle_csv scheduled__2026-04-11T03:00:00+00:00 [running]> on host airflow
[2026-04-12T09:49:48.532+0000] {taskinstance.py:3132} INFO - Exporting env vars: AIRFLOW_CTX_DAG_OWNER='airflow' AIRFLOW_CTX_DAG_ID='kaggle_daily_batch_pipeline' AIRFLOW_CTX_TASK_ID='download_kaggle_csv' AIRFLOW_CTX_EXECUTION_DATE='2026-04-11T03:00:00+00:00' AIRFLOW_CTX_TRY_NUMBER='1' AIRFLOW_CTX_DAG_RUN_ID='scheduled__2026-04-11T03:00:00+00:00'
[2026-04-12T09:49:48.533+0000] {taskinstance.py:731} INFO - ::endgroup::
[2026-04-12T09:49:48.563+0000] {logging_mixin.py:190} INFO - Đang tải file từ Kaggle bằng API Token...
[2026-04-12T09:50:00.218+0000] {logging_mixin.py:190} INFO - Tải thành công! File lưu tại: /tmp/kaggle_data/GlobalWeatherRepository.csv
[2026-04-12T09:50:02.738+0000] {logging_mixin.py:190} INFO - HDFS sẵn sàng (attempt 1)
[2026-04-12T09:50:07.348+0000] {logging_mixin.py:190} INFO - Đã copy file vào Hadoop master: /tmp/GlobalWeatherRepository.csv
[2026-04-12T09:50:11.279+0000] {logging_mixin.py:190} INFO - Đã upload lên HDFS: /user/hive/lakehouse/bronze/raw_kaggle/GlobalWeatherRepository.csv
[2026-04-12T09:50:11.283+0000] {python.py:240} INFO - Done. Returned value was: None
[2026-04-12T09:50:11.304+0000] {taskinstance.py:340} INFO - ::group::Post task execution logs
[2026-04-12T09:50:11.305+0000] {taskinstance.py:352} INFO - Marking task as SUCCESS. dag_id=kaggle_daily_batch_pipeline, task_id=download_kaggle_csv, run_id=scheduled__2026-04-11T03:00:00+00:00, execution_date=20260411T030000, start_date=20260412T094948, end_date=20260412T095011
[2026-04-12T09:50:11.337+0000] {local_task_job_runner.py:266} INFO - Task exited with return code 0
[2026-04-12T09:50:11.382+0000] {taskinstance.py:3895} INFO - 1 downstream tasks scheduled from follow-on schedule check
[2026-04-12T09:50:11.591+0000] {local_task_job_runner.py:245} INFO - ::endgroup::
[2026-04-12T09:59:51.016+0000] {local_task_job_runner.py:123} INFO - ::group::Pre task execution logs
[2026-04-12T09:59:51.056+0000] {taskinstance.py:2613} INFO - Dependencies all met for dep_context=non-requeueable deps ti=<TaskInstance: kaggle_daily_batch_pipeline.download_kaggle_csv scheduled__2026-04-11T03:00:00+00:00 [queued]>
[2026-04-12T09:59:51.071+0000] {taskinstance.py:2613} INFO - Dependencies all met for dep_context=requeueable deps ti=<TaskInstance: kaggle_daily_batch_pipeline.download_kaggle_csv scheduled__2026-04-11T03:00:00+00:00 [queued]>
[2026-04-12T09:59:51.072+0000] {taskinstance.py:2866} INFO - Starting attempt 1 of 2
[2026-04-12T09:59:51.092+0000] {taskinstance.py:2889} INFO - Executing <Task(PythonOperator): download_kaggle_csv> on 2026-04-11 03:00:00+00:00
[2026-04-12T09:59:51.102+0000] {standard_task_runner.py:104} INFO - Running: ['airflow', 'tasks', 'run', 'kaggle_daily_batch_pipeline', 'download_kaggle_csv', 'scheduled__2026-04-11T03:00:00+00:00', '--job-id', '46', '--raw', '--subdir', 'DAGS_FOLDER/dag1.py', '--cfg-path', '/tmp/tmpbhw0k3sq']
[2026-04-12T09:59:51.104+0000] {standard_task_runner.py:105} INFO - Job 46: Subtask download_kaggle_csv
[2026-04-12T09:59:51.105+0000] {logging_mixin.py:190} WARNING - /home/airflow/airflow/venv/lib/python3.12/site-packages/airflow/task/task_runner/standard_task_runner.py:70 DeprecationWarning: This process (pid=72665) is multi-threaded, use of fork() may lead to deadlocks in the child.
[2026-04-12T09:59:51.105+0000] {standard_task_runner.py:72} INFO - Started process 72686 to run task
[2026-04-12T09:59:51.218+0000] {task_command.py:467} INFO - Running <TaskInstance: kaggle_daily_batch_pipeline.download_kaggle_csv scheduled__2026-04-11T03:00:00+00:00 [running]> on host airflow
[2026-04-12T09:59:51.354+0000] {taskinstance.py:3132} INFO - Exporting env vars: AIRFLOW_CTX_DAG_OWNER='airflow' AIRFLOW_CTX_DAG_ID='kaggle_daily_batch_pipeline' AIRFLOW_CTX_TASK_ID='download_kaggle_csv' AIRFLOW_CTX_EXECUTION_DATE='2026-04-11T03:00:00+00:00' AIRFLOW_CTX_TRY_NUMBER='1' AIRFLOW_CTX_DAG_RUN_ID='scheduled__2026-04-11T03:00:00+00:00'
[2026-04-12T09:59:51.355+0000] {taskinstance.py:731} INFO - ::endgroup::
[2026-04-12T09:59:51.372+0000] {logging_mixin.py:190} INFO - Đang tải file từ Kaggle bằng API Token...
[2026-04-12T10:00:00.163+0000] {logging_mixin.py:190} INFO - Tải thành công! File lưu tại: /tmp/kaggle_data/GlobalWeatherRepository.csv
[2026-04-12T10:00:02.981+0000] {logging_mixin.py:190} INFO - HDFS sẵn sàng (attempt 1)
[2026-04-12T10:00:07.290+0000] {logging_mixin.py:190} INFO - Đã copy file vào Hadoop master: /tmp/GlobalWeatherRepository.csv
[2026-04-12T10:00:13.583+0000] {logging_mixin.py:190} INFO - Đã upload lên HDFS: /user/hive/lakehouse/bronze/raw_kaggle/GlobalWeatherRepository.csv
[2026-04-12T10:00:13.586+0000] {python.py:240} INFO - Done. Returned value was: None
[2026-04-12T10:00:13.603+0000] {taskinstance.py:340} INFO - ::group::Post task execution logs
[2026-04-12T10:00:13.603+0000] {taskinstance.py:352} INFO - Marking task as SUCCESS. dag_id=kaggle_daily_batch_pipeline, task_id=download_kaggle_csv, run_id=scheduled__2026-04-11T03:00:00+00:00, execution_date=20260411T030000, start_date=20260412T095951, end_date=20260412T100013
[2026-04-12T10:00:13.666+0000] {local_task_job_runner.py:266} INFO - Task exited with return code 0
[2026-04-12T10:00:13.702+0000] {taskinstance.py:3895} INFO - 1 downstream tasks scheduled from follow-on schedule check
[2026-04-12T10:00:13.715+0000] {local_task_job_runner.py:245} INFO - ::endgroup::
[2026-04-12T10:04:38.075+0000] {local_task_job_runner.py:123} INFO - ::group::Pre task execution logs
[2026-04-12T10:04:38.109+0000] {taskinstance.py:2613} INFO - Dependencies all met for dep_context=non-requeueable deps ti=<TaskInstance: kaggle_daily_batch_pipeline.download_kaggle_csv scheduled__2026-04-11T03:00:00+00:00 [queued]>
[2026-04-12T10:04:38.122+0000] {taskinstance.py:2613} INFO - Dependencies all met for dep_context=requeueable deps ti=<TaskInstance: kaggle_daily_batch_pipeline.download_kaggle_csv scheduled__2026-04-11T03:00:00+00:00 [queued]>
[2026-04-12T10:04:38.123+0000] {taskinstance.py:2866} INFO - Starting attempt 1 of 2
[2026-04-12T10:04:38.148+0000] {taskinstance.py:2889} INFO - Executing <Task(PythonOperator): download_kaggle_csv> on 2026-04-11 03:00:00+00:00
[2026-04-12T10:04:38.162+0000] {standard_task_runner.py:104} INFO - Running: ['airflow', 'tasks', 'run', 'kaggle_daily_batch_pipeline', 'download_kaggle_csv', 'scheduled__2026-04-11T03:00:00+00:00', '--job-id', '56', '--raw', '--subdir', 'DAGS_FOLDER/dag1.py', '--cfg-path', '/tmp/tmps56nnf2a']
[2026-04-12T10:04:38.163+0000] {logging_mixin.py:190} WARNING - /home/airflow/airflow/venv/lib/python3.12/site-packages/airflow/task/task_runner/standard_task_runner.py:70 DeprecationWarning: This process (pid=89238) is multi-threaded, use of fork() may lead to deadlocks in the child.
[2026-04-12T10:04:38.164+0000] {standard_task_runner.py:105} INFO - Job 56: Subtask download_kaggle_csv
[2026-04-12T10:04:38.164+0000] {standard_task_runner.py:72} INFO - Started process 89259 to run task
[2026-04-12T10:04:38.288+0000] {task_command.py:467} INFO - Running <TaskInstance: kaggle_daily_batch_pipeline.download_kaggle_csv scheduled__2026-04-11T03:00:00+00:00 [running]> on host airflow
[2026-04-12T10:04:38.427+0000] {taskinstance.py:3132} INFO - Exporting env vars: AIRFLOW_CTX_DAG_OWNER='airflow' AIRFLOW_CTX_DAG_ID='kaggle_daily_batch_pipeline' AIRFLOW_CTX_TASK_ID='download_kaggle_csv' AIRFLOW_CTX_EXECUTION_DATE='2026-04-11T03:00:00+00:00' AIRFLOW_CTX_TRY_NUMBER='1' AIRFLOW_CTX_DAG_RUN_ID='scheduled__2026-04-11T03:00:00+00:00'
[2026-04-12T10:04:38.428+0000] {taskinstance.py:731} INFO - ::endgroup::
[2026-04-12T10:04:38.447+0000] {logging_mixin.py:190} INFO - Đang tải file từ Kaggle bằng API Token...
[2026-04-12T10:04:48.226+0000] {logging_mixin.py:190} INFO - Tải thành công! File lưu tại: /tmp/kaggle_data/GlobalWeatherRepository.csv
[2026-04-12T10:04:51.263+0000] {logging_mixin.py:190} INFO - HDFS sẵn sàng (attempt 1)
[2026-04-12T10:04:55.321+0000] {logging_mixin.py:190} INFO - Đã copy file vào Hadoop master: /tmp/GlobalWeatherRepository.csv
[2026-04-12T10:05:00.270+0000] {logging_mixin.py:190} INFO - Đã upload lên HDFS: /user/hive/lakehouse/bronze/raw_kaggle/GlobalWeatherRepository.csv
[2026-04-12T10:05:00.274+0000] {python.py:240} INFO - Done. Returned value was: None
[2026-04-12T10:05:00.294+0000] {taskinstance.py:340} INFO - ::group::Post task execution logs
[2026-04-12T10:05:00.294+0000] {taskinstance.py:352} INFO - Marking task as SUCCESS. dag_id=kaggle_daily_batch_pipeline, task_id=download_kaggle_csv, run_id=scheduled__2026-04-11T03:00:00+00:00, execution_date=20260411T030000, start_date=20260412T100438, end_date=20260412T100500
[2026-04-12T10:05:00.426+0000] {local_task_job_runner.py:266} INFO - Task exited with return code 0
[2026-04-12T10:05:00.571+0000] {taskinstance.py:3895} INFO - 1 downstream tasks scheduled from follow-on schedule check
[2026-04-12T10:05:00.600+0000] {local_task_job_runner.py:245} INFO - ::endgroup::
