[2026-04-13T14:00:14.587+0000] {local_task_job_runner.py:123} INFO - ::group::Pre task execution logs
[2026-04-13T14:00:14.626+0000] {taskinstance.py:2613} INFO - Dependencies all met for dep_context=non-requeueable deps ti=<TaskInstance: predict_aqi.silver_to_gold scheduled__2026-04-13T13:00:00+00:00 [queued]>
[2026-04-13T14:00:14.642+0000] {taskinstance.py:2613} INFO - Dependencies all met for dep_context=requeueable deps ti=<TaskInstance: predict_aqi.silver_to_gold scheduled__2026-04-13T13:00:00+00:00 [queued]>
[2026-04-13T14:00:14.643+0000] {taskinstance.py:2866} INFO - Starting attempt 1 of 3
[2026-04-13T14:00:14.662+0000] {taskinstance.py:2889} INFO - Executing <Task(BashOperator): silver_to_gold> on 2026-04-13 13:00:00+00:00
[2026-04-13T14:00:14.677+0000] {standard_task_runner.py:104} INFO - Running: ['airflow', 'tasks', 'run', 'predict_aqi', 'silver_to_gold', 'scheduled__2026-04-13T13:00:00+00:00', '--job-id', '154', '--raw', '--subdir', 'DAGS_FOLDER/dag_ml.py', '--cfg-path', '/tmp/tmpzbzz7nwu']
[2026-04-13T14:00:14.681+0000] {standard_task_runner.py:105} INFO - Job 154: Subtask silver_to_gold
[2026-04-13T14:00:14.682+0000] {logging_mixin.py:190} WARNING - /home/airflow/airflow/venv/lib/python3.12/site-packages/airflow/task/task_runner/standard_task_runner.py:70 DeprecationWarning: This process (pid=30082) is multi-threaded, use of fork() may lead to deadlocks in the child.
[2026-04-13T14:00:14.683+0000] {standard_task_runner.py:72} INFO - Started process 30162 to run task
[2026-04-13T14:00:14.804+0000] {task_command.py:467} INFO - Running <TaskInstance: predict_aqi.silver_to_gold scheduled__2026-04-13T13:00:00+00:00 [running]> on host airflow
[2026-04-13T14:00:14.987+0000] {taskinstance.py:3132} INFO - Exporting env vars: AIRFLOW_CTX_DAG_OWNER='airflow' AIRFLOW_CTX_DAG_ID='predict_aqi' AIRFLOW_CTX_TASK_ID='silver_to_gold' AIRFLOW_CTX_EXECUTION_DATE='2026-04-13T13:00:00+00:00' AIRFLOW_CTX_TRY_NUMBER='1' AIRFLOW_CTX_DAG_RUN_ID='scheduled__2026-04-13T13:00:00+00:00'
[2026-04-13T14:00:14.989+0000] {taskinstance.py:731} INFO - ::endgroup::
[2026-04-13T14:00:15.008+0000] {subprocess.py:78} INFO - Tmp dir root location: /tmp
[2026-04-13T14:00:15.022+0000] {subprocess.py:88} INFO - Running command: ['/usr/bin/bash', '-c', '\n            docker exec spark-master spark-submit                 --packages org.apache.iceberg:iceberg-spark-runtime-4.0_2.13:1.10.1                 /home/spark/spark/spark_jobs/silver_to_gold.py 2026-04-13\n        ']
[2026-04-13T14:00:15.033+0000] {subprocess.py:99} INFO - Output:
[2026-04-13T14:00:16.952+0000] {subprocess.py:106} INFO - WARNING: Using incubator modules: jdk.incubator.vector
[2026-04-13T14:00:19.644+0000] {subprocess.py:106} INFO - :: loading settings :: url = jar:file:/home/spark/spark/jars/ivy-2.5.3.jar!/org/apache/ivy/core/settings/ivysettings.xml
[2026-04-13T14:00:19.815+0000] {subprocess.py:106} INFO - Ivy Default Cache set to: /home/spark/.ivy2.5.2/cache
[2026-04-13T14:00:19.816+0000] {subprocess.py:106} INFO - The jars for the packages stored in: /home/spark/.ivy2.5.2/jars
[2026-04-13T14:00:19.854+0000] {subprocess.py:106} INFO - org.apache.iceberg#iceberg-spark-runtime-4.0_2.13 added as a dependency
[2026-04-13T14:00:19.870+0000] {subprocess.py:106} INFO - :: resolving dependencies :: org.apache.spark#spark-submit-parent-6eb34f54-760e-4259-add4-dc48a6efcffc;1.0
[2026-04-13T14:00:19.874+0000] {subprocess.py:106} INFO - 	confs: [default]
[2026-04-13T14:00:20.158+0000] {subprocess.py:106} INFO - 	found org.apache.iceberg#iceberg-spark-runtime-4.0_2.13;1.10.1 in central
[2026-04-13T14:00:20.182+0000] {subprocess.py:106} INFO - :: resolution report :: resolve 314ms :: artifacts dl 5ms
[2026-04-13T14:00:20.183+0000] {subprocess.py:106} INFO - 	:: modules in use:
[2026-04-13T14:00:20.184+0000] {subprocess.py:106} INFO - 	org.apache.iceberg#iceberg-spark-runtime-4.0_2.13;1.10.1 from central in [default]
[2026-04-13T14:00:20.185+0000] {subprocess.py:106} INFO - 	---------------------------------------------------------------------
[2026-04-13T14:00:20.185+0000] {subprocess.py:106} INFO - 	|                  |            modules            ||   artifacts   |
[2026-04-13T14:00:20.186+0000] {subprocess.py:106} INFO - 	|       conf       | number| search|dwnlded|evicted|| number|dwnlded|
[2026-04-13T14:00:20.187+0000] {subprocess.py:106} INFO - 	---------------------------------------------------------------------
[2026-04-13T14:00:20.187+0000] {subprocess.py:106} INFO - 	|      default     |   1   |   0   |   0   |   0   ||   1   |   0   |
[2026-04-13T14:00:20.187+0000] {subprocess.py:106} INFO - 	---------------------------------------------------------------------
[2026-04-13T14:00:20.192+0000] {subprocess.py:106} INFO - :: retrieving :: org.apache.spark#spark-submit-parent-6eb34f54-760e-4259-add4-dc48a6efcffc
[2026-04-13T14:00:20.193+0000] {subprocess.py:106} INFO - 	confs: [default]
[2026-04-13T14:00:20.201+0000] {subprocess.py:106} INFO - 	0 artifacts copied, 1 already retrieved (0kB/8ms)
[2026-04-13T14:00:20.639+0000] {subprocess.py:106} INFO - 26/04/13 14:00:20 WARN NativeCodeLoader: Unable to load native-hadoop library for your platform... using builtin-java classes where applicable
[2026-04-13T14:00:23.799+0000] {subprocess.py:106} INFO - Using Spark's default log4j profile: org/apache/spark/log4j2-defaults.properties
[2026-04-13T14:00:23.820+0000] {subprocess.py:106} INFO - 26/04/13 14:00:23 INFO SparkContext: Running Spark version 4.0.2
[2026-04-13T14:00:23.827+0000] {subprocess.py:106} INFO - 26/04/13 14:00:23 INFO SparkContext: OS info Linux, 6.6.87.2-microsoft-standard-WSL2, amd64
[2026-04-13T14:00:23.830+0000] {subprocess.py:106} INFO - 26/04/13 14:00:23 INFO SparkContext: Java version 21.0.10
[2026-04-13T14:00:23.896+0000] {subprocess.py:106} INFO - 26/04/13 14:00:23 INFO ResourceUtils: ==============================================================
[2026-04-13T14:00:23.898+0000] {subprocess.py:106} INFO - 26/04/13 14:00:23 INFO ResourceUtils: No custom resources configured for spark.driver.
[2026-04-13T14:00:23.899+0000] {subprocess.py:106} INFO - 26/04/13 14:00:23 INFO ResourceUtils: ==============================================================
[2026-04-13T14:00:23.900+0000] {subprocess.py:106} INFO - 26/04/13 14:00:23 INFO SparkContext: Submitted application: Silver_to_Gold
[2026-04-13T14:00:23.976+0000] {subprocess.py:106} INFO - 26/04/13 14:00:23 INFO ResourceProfile: Default ResourceProfile created, executor resources: Map(cores -> name: cores, amount: 2, script: , vendor: , memory -> name: memory, amount: 2048, script: , vendor: , offHeap -> name: offHeap, amount: 0, script: , vendor: ), task resources: Map(cpus -> name: cpus, amount: 1.0)
[2026-04-13T14:00:23.993+0000] {subprocess.py:106} INFO - 26/04/13 14:00:23 INFO ResourceProfile: Limiting resource is cpus at 2 tasks per executor
[2026-04-13T14:00:23.999+0000] {subprocess.py:106} INFO - 26/04/13 14:00:23 INFO ResourceProfileManager: Added ResourceProfile id: 0
[2026-04-13T14:00:24.175+0000] {subprocess.py:106} INFO - 26/04/13 14:00:24 INFO SecurityManager: Changing view acls to: spark
[2026-04-13T14:00:24.179+0000] {subprocess.py:106} INFO - 26/04/13 14:00:24 INFO SecurityManager: Changing modify acls to: spark
[2026-04-13T14:00:24.180+0000] {subprocess.py:106} INFO - 26/04/13 14:00:24 INFO SecurityManager: Changing view acls groups to: spark
[2026-04-13T14:00:24.182+0000] {subprocess.py:106} INFO - 26/04/13 14:00:24 INFO SecurityManager: Changing modify acls groups to: spark
[2026-04-13T14:00:24.194+0000] {subprocess.py:106} INFO - 26/04/13 14:00:24 INFO SecurityManager: SecurityManager: authentication disabled; ui acls disabled; users with view permissions: spark groups with view permissions: EMPTY; users with modify permissions: spark; groups with modify permissions: EMPTY; RPC SSL disabled
[2026-04-13T14:00:24.910+0000] {subprocess.py:106} INFO - 26/04/13 14:00:24 INFO Utils: Successfully started service 'sparkDriver' on port 43191.
[2026-04-13T14:00:25.004+0000] {subprocess.py:106} INFO - 26/04/13 14:00:25 INFO SparkEnv: Registering MapOutputTracker
[2026-04-13T14:00:25.029+0000] {subprocess.py:106} INFO - 26/04/13 14:00:25 INFO SparkEnv: Registering BlockManagerMaster
[2026-04-13T14:00:25.061+0000] {subprocess.py:106} INFO - 26/04/13 14:00:25 INFO BlockManagerMasterEndpoint: Using org.apache.spark.storage.DefaultTopologyMapper for getting topology information
[2026-04-13T14:00:25.062+0000] {subprocess.py:106} INFO - 26/04/13 14:00:25 INFO BlockManagerMasterEndpoint: BlockManagerMasterEndpoint up
[2026-04-13T14:00:25.070+0000] {subprocess.py:106} INFO - 26/04/13 14:00:25 INFO SparkEnv: Registering BlockManagerMasterHeartbeat
[2026-04-13T14:00:25.149+0000] {subprocess.py:106} INFO - 26/04/13 14:00:25 INFO DiskBlockManager: Created local directory at /tmp/blockmgr-783e2128-c25c-49df-8c2f-c43244749701
[2026-04-13T14:00:25.202+0000] {subprocess.py:106} INFO - 26/04/13 14:00:25 INFO SparkEnv: Registering OutputCommitCoordinator
[2026-04-13T14:00:25.514+0000] {subprocess.py:106} INFO - 26/04/13 14:00:25 INFO JettyUtils: Start Jetty 0.0.0.0:4040 for SparkUI
[2026-04-13T14:00:25.694+0000] {subprocess.py:106} INFO - 26/04/13 14:00:25 INFO Utils: Successfully started service 'SparkUI' on port 4040.
[2026-04-13T14:00:25.775+0000] {subprocess.py:106} INFO - 26/04/13 14:00:25 INFO SparkContext: Added JAR file:///home/spark/.ivy2.5.2/jars/org.apache.iceberg_iceberg-spark-runtime-4.0_2.13-1.10.1.jar at spark://spark-master:43191/jars/org.apache.iceberg_iceberg-spark-runtime-4.0_2.13-1.10.1.jar with timestamp 1776088823776
[2026-04-13T14:00:25.782+0000] {subprocess.py:106} INFO - 26/04/13 14:00:25 INFO SparkContext: Added file file:///home/spark/.ivy2.5.2/jars/org.apache.iceberg_iceberg-spark-runtime-4.0_2.13-1.10.1.jar at file:///home/spark/.ivy2.5.2/jars/org.apache.iceberg_iceberg-spark-runtime-4.0_2.13-1.10.1.jar with timestamp 1776088823776
[2026-04-13T14:00:25.790+0000] {subprocess.py:106} INFO - 26/04/13 14:00:25 INFO Utils: Copying /home/spark/.ivy2.5.2/jars/org.apache.iceberg_iceberg-spark-runtime-4.0_2.13-1.10.1.jar to /tmp/spark-eed5b6eb-f316-42bf-ba0e-8384af7678e4/userFiles-c7ce05cc-d2a6-45fb-a462-0b0ae2fddfd3/org.apache.iceberg_iceberg-spark-runtime-4.0_2.13-1.10.1.jar
[2026-04-13T14:00:27.946+0000] {subprocess.py:106} INFO - 26/04/13 14:00:27 INFO SecurityManager: Changing view acls to: spark
[2026-04-13T14:00:27.947+0000] {subprocess.py:106} INFO - 26/04/13 14:00:27 INFO SecurityManager: Changing modify acls to: spark
[2026-04-13T14:00:27.948+0000] {subprocess.py:106} INFO - 26/04/13 14:00:27 INFO SecurityManager: Changing view acls groups to: spark
[2026-04-13T14:00:27.949+0000] {subprocess.py:106} INFO - 26/04/13 14:00:27 INFO SecurityManager: Changing modify acls groups to: spark
[2026-04-13T14:00:27.949+0000] {subprocess.py:106} INFO - 26/04/13 14:00:27 INFO SecurityManager: SecurityManager: authentication disabled; ui acls disabled; users with view permissions: spark groups with view permissions: EMPTY; users with modify permissions: spark; groups with modify permissions: EMPTY; RPC SSL disabled
[2026-04-13T14:00:28.286+0000] {subprocess.py:106} INFO - 26/04/13 14:00:28 INFO Executor: Starting executor ID driver on host spark-master
[2026-04-13T14:00:28.287+0000] {subprocess.py:106} INFO - 26/04/13 14:00:28 INFO Executor: OS info Linux, 6.6.87.2-microsoft-standard-WSL2, amd64
[2026-04-13T14:00:28.288+0000] {subprocess.py:106} INFO - 26/04/13 14:00:28 INFO Executor: Java version 21.0.10
[2026-04-13T14:00:28.311+0000] {subprocess.py:106} INFO - 26/04/13 14:00:28 INFO Executor: Starting executor with user classpath (userClassPathFirst = false): ''
[2026-04-13T14:00:28.313+0000] {subprocess.py:106} INFO - 26/04/13 14:00:28 INFO Executor: Created or updated repl class loader org.apache.spark.util.MutableURLClassLoader@6f93c4cc for default.
[2026-04-13T14:00:28.331+0000] {subprocess.py:106} INFO - 26/04/13 14:00:28 INFO Executor: Fetching file:///home/spark/.ivy2.5.2/jars/org.apache.iceberg_iceberg-spark-runtime-4.0_2.13-1.10.1.jar with timestamp 1776088823776
[2026-04-13T14:00:28.391+0000] {subprocess.py:106} INFO - 26/04/13 14:00:28 INFO Utils: /home/spark/.ivy2.5.2/jars/org.apache.iceberg_iceberg-spark-runtime-4.0_2.13-1.10.1.jar has been previously copied to /tmp/spark-eed5b6eb-f316-42bf-ba0e-8384af7678e4/userFiles-c7ce05cc-d2a6-45fb-a462-0b0ae2fddfd3/org.apache.iceberg_iceberg-spark-runtime-4.0_2.13-1.10.1.jar
[2026-04-13T14:00:28.415+0000] {subprocess.py:106} INFO - 26/04/13 14:00:28 INFO Executor: Fetching spark://spark-master:43191/jars/org.apache.iceberg_iceberg-spark-runtime-4.0_2.13-1.10.1.jar with timestamp 1776088823776
[2026-04-13T14:00:28.500+0000] {subprocess.py:106} INFO - 26/04/13 14:00:28 INFO TransportClientFactory: Successfully created connection to spark-master/172.20.0.5:43191 after 51 ms (0 ms spent in bootstraps)
[2026-04-13T14:00:28.515+0000] {subprocess.py:106} INFO - 26/04/13 14:00:28 INFO Utils: Fetching spark://spark-master:43191/jars/org.apache.iceberg_iceberg-spark-runtime-4.0_2.13-1.10.1.jar to /tmp/spark-eed5b6eb-f316-42bf-ba0e-8384af7678e4/userFiles-c7ce05cc-d2a6-45fb-a462-0b0ae2fddfd3/fetchFileTemp7186372256175257881.tmp
[2026-04-13T14:00:29.063+0000] {subprocess.py:106} INFO - 26/04/13 14:00:29 INFO Utils: /tmp/spark-eed5b6eb-f316-42bf-ba0e-8384af7678e4/userFiles-c7ce05cc-d2a6-45fb-a462-0b0ae2fddfd3/fetchFileTemp7186372256175257881.tmp has been previously copied to /tmp/spark-eed5b6eb-f316-42bf-ba0e-8384af7678e4/userFiles-c7ce05cc-d2a6-45fb-a462-0b0ae2fddfd3/org.apache.iceberg_iceberg-spark-runtime-4.0_2.13-1.10.1.jar
[2026-04-13T14:00:29.096+0000] {subprocess.py:106} INFO - 26/04/13 14:00:29 INFO Executor: Adding file:/tmp/spark-eed5b6eb-f316-42bf-ba0e-8384af7678e4/userFiles-c7ce05cc-d2a6-45fb-a462-0b0ae2fddfd3/org.apache.iceberg_iceberg-spark-runtime-4.0_2.13-1.10.1.jar to class loader default
[2026-04-13T14:00:29.113+0000] {subprocess.py:106} INFO - 26/04/13 14:00:29 INFO Utils: Successfully started service 'org.apache.spark.network.netty.NettyBlockTransferService' on port 41077.
[2026-04-13T14:00:29.122+0000] {subprocess.py:106} INFO - 26/04/13 14:00:29 INFO NettyBlockTransferService: Server created on spark-master:41077
[2026-04-13T14:00:29.123+0000] {subprocess.py:106} INFO - 26/04/13 14:00:29 INFO BlockManager: Using org.apache.spark.storage.RandomBlockReplicationPolicy for block replication policy
[2026-04-13T14:00:29.153+0000] {subprocess.py:106} INFO - 26/04/13 14:00:29 INFO BlockManagerMaster: Registering BlockManager BlockManagerId(driver, spark-master, 41077, None)
[2026-04-13T14:00:29.167+0000] {subprocess.py:106} INFO - 26/04/13 14:00:29 INFO BlockManagerMasterEndpoint: Registering block manager spark-master:41077 with 1048.8 MiB RAM, BlockManagerId(driver, spark-master, 41077, None)
[2026-04-13T14:00:29.172+0000] {subprocess.py:106} INFO - 26/04/13 14:00:29 INFO BlockManagerMaster: Registered BlockManager BlockManagerId(driver, spark-master, 41077, None)
[2026-04-13T14:00:29.175+0000] {subprocess.py:106} INFO - 26/04/13 14:00:29 INFO BlockManager: Initialized BlockManager: BlockManagerId(driver, spark-master, 41077, None)
[2026-04-13T14:00:35.403+0000] {subprocess.py:106} INFO - Đọc dữ liệu Silver từ iceberg.air_quality_db.air_quality_silver
[2026-04-13T14:00:35.432+0000] {subprocess.py:106} INFO - 26/04/13 14:00:35 INFO SharedState: spark.sql.warehouse.dir is not set, but hive.metastore.warehouse.dir is set. Setting spark.sql.warehouse.dir to the value of hive.metastore.warehouse.dir.
[2026-04-13T14:00:36.131+0000] {subprocess.py:106} INFO - 26/04/13 14:00:36 INFO SharedState: Warehouse path is 'hdfs://23133083thuyvan-master:9000/user/hive/lakehouse'.
[2026-04-13T14:00:38.204+0000] {subprocess.py:106} INFO - 26/04/13 14:00:38 INFO CatalogUtil: Loading custom FileIO implementation: org.apache.iceberg.hadoop.HadoopFileIO
[2026-04-13T14:00:38.315+0000] {subprocess.py:106} INFO - 26/04/13 14:00:38 INFO HiveConf: Found configuration file file:/home/spark/spark/conf/hive-site.xml
[2026-04-13T14:00:38.616+0000] {subprocess.py:106} INFO - 26/04/13 14:00:38 INFO metastore: Trying to connect to metastore with URI thrift://23133083thuyvan-master:9083
[2026-04-13T14:00:38.661+0000] {subprocess.py:106} INFO - 26/04/13 14:00:38 INFO metastore: Opened a connection to metastore, current connections: 1
[2026-04-13T14:00:38.787+0000] {subprocess.py:106} INFO - 26/04/13 14:00:38 INFO metastore: Connected to metastore.
[2026-04-13T14:00:39.130+0000] {subprocess.py:106} INFO - 26/04/13 14:00:39 INFO BaseMetastoreTableOperations: Refreshing table metadata from new version: hdfs://23133083thuyvan-master:9000/user/hive/lakehouse/silver/air_quality_silver/metadata/00003-8e71d277-3336-4b24-8390-00b46931a63f.metadata.json
[2026-04-13T14:00:40.077+0000] {subprocess.py:106} INFO - 26/04/13 14:00:40 INFO BaseMetastoreCatalog: Table loaded by catalog: iceberg.air_quality_db.air_quality_silver
[2026-04-13T14:00:41.595+0000] {subprocess.py:106} INFO - 26/04/13 14:00:41 INFO BaseMetastoreTableOperations: Refreshing table metadata from new version: hdfs://23133083thuyvan-master:9000/user/hive/lakehouse/gold/ml/air_quality_gold/metadata/00007-c4e22210-683e-456d-80c3-15dd2e9aec1f.metadata.json
[2026-04-13T14:00:41.619+0000] {subprocess.py:106} INFO - 26/04/13 14:00:41 INFO BaseMetastoreCatalog: Table loaded by catalog: iceberg.air_quality_ml.air_quality_gold
[2026-04-13T14:00:41.636+0000] {subprocess.py:106} INFO - Bảng đã tồn tại, append dữ liệu vào iceberg.air_quality_ml.air_quality_gold
[2026-04-13T14:00:41.931+0000] {subprocess.py:106} INFO - 26/04/13 14:00:41 INFO V2ScanRelationPushDown:
[2026-04-13T14:00:41.932+0000] {subprocess.py:106} INFO - Output: timestamp#94, location#95, latitude#96, longitude#97, country#98, condition_text#99, timezone#100, temperature_2m#101, relative_humidity_2m#102, apparent_temperature#103, precipitation#104, cloud_cover#105, wind_speed_10m#106, wind_direction_10m#107, wind_gusts_10m#108, uv_index#109, weather_code#110, european_aqi#111, us_aqi#112, us_aqi_index#113, aqi_label#114, pm10#115, pm2_5#116, carbon_monoxide#117, nitrogen_dioxide#118, sulphur_dioxide#119, ozone#120, processing_time#121, data_source#122
[2026-04-13T14:00:41.933+0000] {subprocess.py:106} INFO - 
[2026-04-13T14:00:41.955+0000] {subprocess.py:106} INFO - 26/04/13 14:00:41 INFO SnapshotScan: Scanning table iceberg.air_quality_db.air_quality_silver snapshot 4518274335865062319 created at 2026-04-13T11:48:03.562+00:00 with filter true
[2026-04-13T14:00:42.375+0000] {subprocess.py:106} INFO - 26/04/13 14:00:42 INFO BaseDistributedDataScan: Planning file tasks locally for table iceberg.air_quality_db.air_quality_silver
[2026-04-13T14:00:42.597+0000] {subprocess.py:106} INFO - 26/04/13 14:00:42 INFO SparkPartitioningAwareScan: Reporting UnknownPartitioning with 15 partition(s) for table iceberg.air_quality_db.air_quality_silver
[2026-04-13T14:00:42.744+0000] {subprocess.py:106} INFO - 26/04/13 14:00:42 INFO MemoryStore: MemoryStore started with capacity 1048.8 MiB
[2026-04-13T14:00:42.790+0000] {subprocess.py:106} INFO - 26/04/13 14:00:42 INFO MemoryStore: Block broadcast_0 stored as values in memory (estimated size 32.0 KiB, free 1048.8 MiB)
[2026-04-13T14:00:42.906+0000] {subprocess.py:106} INFO - 26/04/13 14:00:42 INFO MemoryStore: Block broadcast_0_piece0 stored as bytes in memory (estimated size 34.8 KiB, free 1048.7 MiB)
[2026-04-13T14:00:42.922+0000] {subprocess.py:106} INFO - 26/04/13 14:00:42 INFO SparkContext: Created broadcast 0 from broadcast at SparkBatch.java:87
[2026-04-13T14:00:43.264+0000] {subprocess.py:106} INFO - 26/04/13 14:00:43 INFO MemoryStore: Block broadcast_1 stored as values in memory (estimated size 32.0 KiB, free 1048.7 MiB)
[2026-04-13T14:00:43.271+0000] {subprocess.py:106} INFO - 26/04/13 14:00:43 INFO MemoryStore: Block broadcast_1_piece0 stored as bytes in memory (estimated size 34.9 KiB, free 1048.7 MiB)
[2026-04-13T14:00:43.273+0000] {subprocess.py:106} INFO - 26/04/13 14:00:43 INFO SparkContext: Created broadcast 1 from broadcast at SparkBatch.java:87
[2026-04-13T14:00:43.359+0000] {subprocess.py:106} INFO - 26/04/13 14:00:43 WARN SparkStringUtils: Truncated the string representation of a plan since it was too large. This behavior can be adjusted by setting 'spark.sql.debug.maxToStringFields'.
[2026-04-13T14:00:44.287+0000] {subprocess.py:106} INFO - 26/04/13 14:00:44 INFO CodeGenerator: Code generated in 647.187966 ms
[2026-04-13T14:00:44.463+0000] {subprocess.py:106} INFO - 26/04/13 14:00:44 INFO MemoryStore: Block broadcast_2 stored as values in memory (estimated size 32.0 KiB, free 1048.6 MiB)
[2026-04-13T14:00:44.481+0000] {subprocess.py:106} INFO - 26/04/13 14:00:44 INFO MemoryStore: Block broadcast_2_piece0 stored as bytes in memory (estimated size 34.8 KiB, free 1048.6 MiB)
[2026-04-13T14:00:44.487+0000] {subprocess.py:106} INFO - 26/04/13 14:00:44 INFO SparkContext: Created broadcast 2 from broadcast at SparkWrite.java:198
[2026-04-13T14:00:44.497+0000] {subprocess.py:106} INFO - 26/04/13 14:00:44 INFO AppendDataExec: Start processing data source write support: IcebergBatchWrite(table=iceberg.air_quality_ml.air_quality_gold, format=PARQUET). The input RDD has 15} partitions.
[2026-04-13T14:00:44.573+0000] {subprocess.py:106} INFO - 26/04/13 14:00:44 INFO SparkContext: Starting job: append at NativeMethodAccessorImpl.java:0
[2026-04-13T14:00:44.606+0000] {subprocess.py:106} INFO - 26/04/13 14:00:44 INFO DAGScheduler: Got job 0 (append at NativeMethodAccessorImpl.java:0) with 15 output partitions
[2026-04-13T14:00:44.612+0000] {subprocess.py:106} INFO - 26/04/13 14:00:44 INFO DAGScheduler: Final stage: ResultStage 0 (append at NativeMethodAccessorImpl.java:0)
[2026-04-13T14:00:44.615+0000] {subprocess.py:106} INFO - 26/04/13 14:00:44 INFO DAGScheduler: Parents of final stage: List()
[2026-04-13T14:00:44.622+0000] {subprocess.py:106} INFO - 26/04/13 14:00:44 INFO DAGScheduler: Missing parents: List()
[2026-04-13T14:00:44.633+0000] {subprocess.py:106} INFO - 26/04/13 14:00:44 INFO DAGScheduler: Submitting ResultStage 0 (MapPartitionsRDD[2] at append at NativeMethodAccessorImpl.java:0), which has no missing parents
[2026-04-13T14:00:44.787+0000] {subprocess.py:106} INFO - 26/04/13 14:00:44 INFO MemoryStore: Block broadcast_3 stored as values in memory (estimated size 33.8 KiB, free 1048.6 MiB)
[2026-04-13T14:00:44.795+0000] {subprocess.py:106} INFO - 26/04/13 14:00:44 INFO MemoryStore: Block broadcast_3_piece0 stored as bytes in memory (estimated size 10.3 KiB, free 1048.6 MiB)
[2026-04-13T14:00:44.799+0000] {subprocess.py:106} INFO - 26/04/13 14:00:44 INFO SparkContext: Created broadcast 3 from broadcast at DAGScheduler.scala:1676
[2026-04-13T14:00:44.841+0000] {subprocess.py:106} INFO - 26/04/13 14:00:44 INFO DAGScheduler: Submitting 15 missing tasks from ResultStage 0 (MapPartitionsRDD[2] at append at NativeMethodAccessorImpl.java:0) (first 15 tasks are for partitions Vector(0, 1, 2, 3, 4, 5, 6, 7, 8, 9, 10, 11, 12, 13, 14))
[2026-04-13T14:00:44.846+0000] {subprocess.py:106} INFO - 26/04/13 14:00:44 INFO TaskSchedulerImpl: Adding task set 0.0 with 15 tasks resource profile 0
[2026-04-13T14:00:44.939+0000] {subprocess.py:106} INFO - 26/04/13 14:00:44 INFO TaskSetManager: Starting task 0.0 in stage 0.0 (TID 0) (spark-master,executor driver, partition 0, ANY, 22261 bytes)
[2026-04-13T14:00:44.947+0000] {subprocess.py:106} INFO - 26/04/13 14:00:44 INFO TaskSetManager: Starting task 1.0 in stage 0.0 (TID 1) (spark-master,executor driver, partition 1, ANY, 22270 bytes)
[2026-04-13T14:00:44.949+0000] {subprocess.py:106} INFO - 26/04/13 14:00:44 INFO TaskSetManager: Starting task 2.0 in stage 0.0 (TID 2) (spark-master,executor driver, partition 2, ANY, 22234 bytes)
[2026-04-13T14:00:44.951+0000] {subprocess.py:106} INFO - 26/04/13 14:00:44 INFO TaskSetManager: Starting task 3.0 in stage 0.0 (TID 3) (spark-master,executor driver, partition 3, ANY, 21823 bytes)
[2026-04-13T14:00:44.954+0000] {subprocess.py:106} INFO - 26/04/13 14:00:44 INFO TaskSetManager: Starting task 4.0 in stage 0.0 (TID 4) (spark-master,executor driver, partition 4, ANY, 22276 bytes)
[2026-04-13T14:00:44.959+0000] {subprocess.py:106} INFO - 26/04/13 14:00:44 INFO TaskSetManager: Starting task 5.0 in stage 0.0 (TID 5) (spark-master,executor driver, partition 5, ANY, 22260 bytes)
[2026-04-13T14:00:44.962+0000] {subprocess.py:106} INFO - 26/04/13 14:00:44 INFO TaskSetManager: Starting task 6.0 in stage 0.0 (TID 6) (spark-master,executor driver, partition 6, ANY, 22260 bytes)
[2026-04-13T14:00:44.964+0000] {subprocess.py:106} INFO - 26/04/13 14:00:44 INFO TaskSetManager: Starting task 7.0 in stage 0.0 (TID 7) (spark-master,executor driver, partition 7, ANY, 22268 bytes)
[2026-04-13T14:00:44.967+0000] {subprocess.py:106} INFO - 26/04/13 14:00:44 INFO TaskSetManager: Starting task 8.0 in stage 0.0 (TID 8) (spark-master,executor driver, partition 8, ANY, 22237 bytes)
[2026-04-13T14:00:44.968+0000] {subprocess.py:106} INFO - 26/04/13 14:00:44 INFO TaskSetManager: Starting task 9.0 in stage 0.0 (TID 9) (spark-master,executor driver, partition 9, ANY, 22261 bytes)
[2026-04-13T14:00:44.970+0000] {subprocess.py:106} INFO - 26/04/13 14:00:44 INFO TaskSetManager: Starting task 10.0 in stage 0.0 (TID 10) (spark-master,executor driver, partition 10, ANY, 21801 bytes)
[2026-04-13T14:00:44.974+0000] {subprocess.py:106} INFO - 26/04/13 14:00:44 INFO TaskSetManager: Starting task 11.0 in stage 0.0 (TID 11) (spark-master,executor driver, partition 11, ANY, 21811 bytes)
[2026-04-13T14:00:44.976+0000] {subprocess.py:106} INFO - 26/04/13 14:00:44 INFO TaskSetManager: Starting task 12.0 in stage 0.0 (TID 12) (spark-master,executor driver, partition 12, ANY, 21783 bytes)
[2026-04-13T14:00:44.981+0000] {subprocess.py:106} INFO - 26/04/13 14:00:44 INFO TaskSetManager: Starting task 13.0 in stage 0.0 (TID 13) (spark-master,executor driver, partition 13, ANY, 22266 bytes)
[2026-04-13T14:00:44.983+0000] {subprocess.py:106} INFO - 26/04/13 14:00:44 INFO TaskSetManager: Starting task 14.0 in stage 0.0 (TID 14) (spark-master,executor driver, partition 14, ANY, 21796 bytes)
[2026-04-13T14:00:45.006+0000] {subprocess.py:106} INFO - 26/04/13 14:00:45 INFO Executor: Running task 1.0 in stage 0.0 (TID 1)
[2026-04-13T14:00:45.008+0000] {subprocess.py:106} INFO - 26/04/13 14:00:45 INFO Executor: Running task 4.0 in stage 0.0 (TID 4)
[2026-04-13T14:00:45.010+0000] {subprocess.py:106} INFO - 26/04/13 14:00:45 INFO Executor: Running task 3.0 in stage 0.0 (TID 3)
[2026-04-13T14:00:45.011+0000] {subprocess.py:106} INFO - 26/04/13 14:00:45 INFO Executor: Running task 2.0 in stage 0.0 (TID 2)
[2026-04-13T14:00:45.012+0000] {subprocess.py:106} INFO - 26/04/13 14:00:45 INFO Executor: Running task 5.0 in stage 0.0 (TID 5)
[2026-04-13T14:00:45.013+0000] {subprocess.py:106} INFO - 26/04/13 14:00:45 INFO Executor: Running task 0.0 in stage 0.0 (TID 0)
[2026-04-13T14:00:45.014+0000] {subprocess.py:106} INFO - 26/04/13 14:00:45 INFO Executor: Running task 6.0 in stage 0.0 (TID 6)
[2026-04-13T14:00:45.015+0000] {subprocess.py:106} INFO - 26/04/13 14:00:45 INFO Executor: Running task 7.0 in stage 0.0 (TID 7)
[2026-04-13T14:00:45.016+0000] {subprocess.py:106} INFO - 26/04/13 14:00:45 INFO Executor: Running task 8.0 in stage 0.0 (TID 8)
[2026-04-13T14:00:45.016+0000] {subprocess.py:106} INFO - 26/04/13 14:00:45 INFO Executor: Running task 9.0 in stage 0.0 (TID 9)
[2026-04-13T14:00:45.017+0000] {subprocess.py:106} INFO - 26/04/13 14:00:45 INFO Executor: Running task 10.0 in stage 0.0 (TID 10)
[2026-04-13T14:00:45.018+0000] {subprocess.py:106} INFO - 26/04/13 14:00:45 INFO Executor: Running task 12.0 in stage 0.0 (TID 12)
[2026-04-13T14:00:45.018+0000] {subprocess.py:106} INFO - 26/04/13 14:00:45 INFO Executor: Running task 11.0 in stage 0.0 (TID 11)
[2026-04-13T14:00:45.019+0000] {subprocess.py:106} INFO - 26/04/13 14:00:45 INFO Executor: Running task 13.0 in stage 0.0 (TID 13)
[2026-04-13T14:00:45.020+0000] {subprocess.py:106} INFO - 26/04/13 14:00:45 INFO Executor: Running task 14.0 in stage 0.0 (TID 14)
[2026-04-13T14:00:45.478+0000] {subprocess.py:106} INFO - 26/04/13 14:00:45 INFO CodeGenerator: Code generated in 139.239866 ms
[2026-04-13T14:00:45.806+0000] {subprocess.py:106} INFO - 26/04/13 14:00:45 INFO CodecPool: Got brand-new compressor [.zstd]
[2026-04-13T14:00:45.807+0000] {subprocess.py:106} INFO - 26/04/13 14:00:45 INFO CodecPool: Got brand-new compressor [.zstd]
[2026-04-13T14:00:45.808+0000] {subprocess.py:106} INFO - 26/04/13 14:00:45 INFO CodecPool: Got brand-new compressor [.zstd]
[2026-04-13T14:00:45.809+0000] {subprocess.py:106} INFO - 26/04/13 14:00:45 INFO CodecPool: Got brand-new compressor [.zstd]
[2026-04-13T14:00:45.810+0000] {subprocess.py:106} INFO - 26/04/13 14:00:45 INFO CodecPool: Got brand-new compressor [.zstd]
[2026-04-13T14:00:45.811+0000] {subprocess.py:106} INFO - 26/04/13 14:00:45 INFO CodecPool: Got brand-new compressor [.zstd]
[2026-04-13T14:00:45.814+0000] {subprocess.py:106} INFO - 26/04/13 14:00:45 INFO CodecPool: Got brand-new compressor [.zstd]
[2026-04-13T14:00:45.815+0000] {subprocess.py:106} INFO - 26/04/13 14:00:45 INFO CodecPool: Got brand-new compressor [.zstd]
[2026-04-13T14:00:45.818+0000] {subprocess.py:106} INFO - 26/04/13 14:00:45 INFO CodecPool: Got brand-new compressor [.zstd]
[2026-04-13T14:00:45.820+0000] {subprocess.py:106} INFO - 26/04/13 14:00:45 INFO CodecPool: Got brand-new compressor [.zstd]
[2026-04-13T14:00:45.823+0000] {subprocess.py:106} INFO - 26/04/13 14:00:45 INFO CodecPool: Got brand-new compressor [.zstd]
[2026-04-13T14:00:45.824+0000] {subprocess.py:106} INFO - 26/04/13 14:00:45 INFO CodecPool: Got brand-new compressor [.zstd]
[2026-04-13T14:00:45.826+0000] {subprocess.py:106} INFO - 26/04/13 14:00:45 INFO CodecPool: Got brand-new compressor [.zstd]
[2026-04-13T14:00:45.827+0000] {subprocess.py:106} INFO - 26/04/13 14:00:45 INFO CodecPool: Got brand-new compressor [.zstd]
[2026-04-13T14:00:45.828+0000] {subprocess.py:106} INFO - 26/04/13 14:00:45 INFO CodecPool: Got brand-new compressor [.zstd]
[2026-04-13T14:00:47.130+0000] {subprocess.py:106} INFO - 26/04/13 14:00:47 INFO VectorizedSparkParquetReaders: Enabling arrow.enable_unsafe_memory_access
[2026-04-13T14:00:47.130+0000] {subprocess.py:106} INFO - 26/04/13 14:00:47 INFO VectorizedSparkParquetReaders: Disabling arrow.enable_null_check_for_get
[2026-04-13T14:00:47.137+0000] {subprocess.py:106} INFO - 26/04/13 14:00:47 INFO BaseAllocator: Debug mode disabled. Enable with the VM option -Darrow.memory.debug.allocator=true.
[2026-04-13T14:00:47.142+0000] {subprocess.py:106} INFO - 26/04/13 14:00:47 INFO DefaultAllocationManagerOption: allocation manager type not specified, using netty as the default type
[2026-04-13T14:00:47.143+0000] {subprocess.py:106} INFO - 26/04/13 14:00:47 INFO CheckAllocator: Using DefaultAllocationManager at memory/DefaultAllocationManagerFactory.class
[2026-04-13T14:00:47.354+0000] {subprocess.py:106} INFO - 26/04/13 14:00:47 INFO CodecPool: Got brand-new decompressor [.zstd]
[2026-04-13T14:00:47.355+0000] {subprocess.py:106} INFO - 26/04/13 14:00:47 INFO CodecPool: Got brand-new decompressor [.zstd]
[2026-04-13T14:00:47.356+0000] {subprocess.py:106} INFO - 26/04/13 14:00:47 INFO CodecPool: Got brand-new decompressor [.zstd]
[2026-04-13T14:00:47.359+0000] {subprocess.py:106} INFO - 26/04/13 14:00:47 INFO CodecPool: Got brand-new decompressor [.zstd]
[2026-04-13T14:00:47.361+0000] {subprocess.py:106} INFO - 26/04/13 14:00:47 INFO CodecPool: Got brand-new decompressor [.zstd]
[2026-04-13T14:00:47.362+0000] {subprocess.py:106} INFO - 26/04/13 14:00:47 INFO CodecPool: Got brand-new decompressor [.zstd]
[2026-04-13T14:00:47.363+0000] {subprocess.py:106} INFO - 26/04/13 14:00:47 INFO CodecPool: Got brand-new decompressor [.zstd]
[2026-04-13T14:00:47.363+0000] {subprocess.py:106} INFO - 26/04/13 14:00:47 INFO CodecPool: Got brand-new decompressor [.zstd]
[2026-04-13T14:00:47.364+0000] {subprocess.py:106} INFO - 26/04/13 14:00:47 INFO CodecPool: Got brand-new decompressor [.zstd]
[2026-04-13T14:00:47.365+0000] {subprocess.py:106} INFO - 26/04/13 14:00:47 INFO CodecPool: Got brand-new decompressor [.zstd]
[2026-04-13T14:00:47.366+0000] {subprocess.py:106} INFO - 26/04/13 14:00:47 INFO CodecPool: Got brand-new decompressor [.zstd]
[2026-04-13T14:00:47.368+0000] {subprocess.py:106} INFO - 26/04/13 14:00:47 INFO CodecPool: Got brand-new decompressor [.zstd]
[2026-04-13T14:00:47.368+0000] {subprocess.py:106} INFO - 26/04/13 14:00:47 INFO CodecPool: Got brand-new decompressor [.zstd]
[2026-04-13T14:00:47.369+0000] {subprocess.py:106} INFO - 26/04/13 14:00:47 INFO CodecPool: Got brand-new decompressor [.zstd]
[2026-04-13T14:00:47.370+0000] {subprocess.py:106} INFO - 26/04/13 14:00:47 INFO CodecPool: Got brand-new decompressor [.zstd]
[2026-04-13T14:00:48.212+0000] {subprocess.py:106} INFO - 26/04/13 14:00:48 INFO CodecPool: Got brand-new decompressor [.zstd]
[2026-04-13T14:00:48.215+0000] {subprocess.py:106} INFO - 26/04/13 14:00:48 INFO CodecPool: Got brand-new decompressor [.zstd]
[2026-04-13T14:00:48.226+0000] {subprocess.py:106} INFO - 26/04/13 14:00:48 INFO CodecPool: Got brand-new decompressor [.zstd]
[2026-04-13T14:00:48.227+0000] {subprocess.py:106} INFO - 26/04/13 14:00:48 INFO CodecPool: Got brand-new decompressor [.zstd]
[2026-04-13T14:00:48.229+0000] {subprocess.py:106} INFO - 26/04/13 14:00:48 INFO CodecPool: Got brand-new decompressor [.zstd]
[2026-04-13T14:00:48.238+0000] {subprocess.py:106} INFO - 26/04/13 14:00:48 INFO CodecPool: Got brand-new decompressor [.zstd]
[2026-04-13T14:00:48.242+0000] {subprocess.py:106} INFO - 26/04/13 14:00:48 INFO CodecPool: Got brand-new decompressor [.zstd]
[2026-04-13T14:00:48.243+0000] {subprocess.py:106} INFO - 26/04/13 14:00:48 INFO CodecPool: Got brand-new decompressor [.zstd]
[2026-04-13T14:00:48.244+0000] {subprocess.py:106} INFO - 26/04/13 14:00:48 INFO CodecPool: Got brand-new decompressor [.zstd]
[2026-04-13T14:00:48.244+0000] {subprocess.py:106} INFO - 26/04/13 14:00:48 INFO CodecPool: Got brand-new decompressor [.zstd]
[2026-04-13T14:00:48.254+0000] {subprocess.py:106} INFO - 26/04/13 14:00:48 INFO CodecPool: Got brand-new decompressor [.zstd]
[2026-04-13T14:00:48.255+0000] {subprocess.py:106} INFO - 26/04/13 14:00:48 INFO CodecPool: Got brand-new decompressor [.zstd]
[2026-04-13T14:00:48.259+0000] {subprocess.py:106} INFO - 26/04/13 14:00:48 INFO CodecPool: Got brand-new decompressor [.zstd]
[2026-04-13T14:00:48.278+0000] {subprocess.py:106} INFO - 26/04/13 14:00:48 INFO CodecPool: Got brand-new decompressor [.zstd]
[2026-04-13T14:00:48.282+0000] {subprocess.py:106} INFO - 26/04/13 14:00:48 INFO CodecPool: Got brand-new decompressor [.zstd]
[2026-04-13T14:00:48.290+0000] {subprocess.py:106} INFO - 26/04/13 14:00:48 INFO CodecPool: Got brand-new decompressor [.zstd]
[2026-04-13T14:00:48.320+0000] {subprocess.py:106} INFO - 26/04/13 14:00:48 INFO CodecPool: Got brand-new decompressor [.zstd]
[2026-04-13T14:00:48.321+0000] {subprocess.py:106} INFO - 26/04/13 14:00:48 INFO CodecPool: Got brand-new decompressor [.zstd]
[2026-04-13T14:00:48.325+0000] {subprocess.py:106} INFO - 26/04/13 14:00:48 INFO CodecPool: Got brand-new decompressor [.zstd]
[2026-04-13T14:00:48.329+0000] {subprocess.py:106} INFO - 26/04/13 14:00:48 INFO CodecPool: Got brand-new decompressor [.zstd]
[2026-04-13T14:00:48.330+0000] {subprocess.py:106} INFO - 26/04/13 14:00:48 INFO CodecPool: Got brand-new decompressor [.zstd]
[2026-04-13T14:00:48.332+0000] {subprocess.py:106} INFO - 26/04/13 14:00:48 INFO CodecPool: Got brand-new decompressor [.zstd]
[2026-04-13T14:00:48.337+0000] {subprocess.py:106} INFO - 26/04/13 14:00:48 INFO CodecPool: Got brand-new decompressor [.zstd]
[2026-04-13T14:00:48.343+0000] {subprocess.py:106} INFO - 26/04/13 14:00:48 INFO CodecPool: Got brand-new decompressor [.zstd]
[2026-04-13T14:00:48.345+0000] {subprocess.py:106} INFO - 26/04/13 14:00:48 INFO CodecPool: Got brand-new decompressor [.zstd]
[2026-04-13T14:00:48.357+0000] {subprocess.py:106} INFO - 26/04/13 14:00:48 INFO CodecPool: Got brand-new decompressor [.zstd]
[2026-04-13T14:00:48.364+0000] {subprocess.py:106} INFO - 26/04/13 14:00:48 INFO CodecPool: Got brand-new decompressor [.zstd]
[2026-04-13T14:00:48.366+0000] {subprocess.py:106} INFO - 26/04/13 14:00:48 INFO CodecPool: Got brand-new decompressor [.zstd]
[2026-04-13T14:00:48.368+0000] {subprocess.py:106} INFO - 26/04/13 14:00:48 INFO CodecPool: Got brand-new decompressor [.zstd]
[2026-04-13T14:00:48.372+0000] {subprocess.py:106} INFO - 26/04/13 14:00:48 INFO CodecPool: Got brand-new decompressor [.zstd]
[2026-04-13T14:00:48.377+0000] {subprocess.py:106} INFO - 26/04/13 14:00:48 INFO CodecPool: Got brand-new decompressor [.zstd]
[2026-04-13T14:00:48.389+0000] {subprocess.py:106} INFO - 26/04/13 14:00:48 INFO CodecPool: Got brand-new decompressor [.zstd]
[2026-04-13T14:00:48.391+0000] {subprocess.py:106} INFO - 26/04/13 14:00:48 INFO CodecPool: Got brand-new decompressor [.zstd]
[2026-04-13T14:00:48.402+0000] {subprocess.py:106} INFO - 26/04/13 14:00:48 INFO DataWritingSparkTask: Writer for partition 2 is committing.
[2026-04-13T14:00:48.403+0000] {subprocess.py:106} INFO - 26/04/13 14:00:48 INFO CodecPool: Got brand-new decompressor [.zstd]
[2026-04-13T14:00:48.404+0000] {subprocess.py:106} INFO - 26/04/13 14:00:48 INFO CodecPool: Got brand-new decompressor [.zstd]
[2026-04-13T14:00:48.405+0000] {subprocess.py:106} INFO - 26/04/13 14:00:48 INFO DataWritingSparkTask: Writer for partition 0 is committing.
[2026-04-13T14:00:48.407+0000] {subprocess.py:106} INFO - 26/04/13 14:00:48 INFO CodecPool: Got brand-new decompressor [.zstd]
[2026-04-13T14:00:48.409+0000] {subprocess.py:106} INFO - 26/04/13 14:00:48 INFO CodecPool: Got brand-new decompressor [.zstd]
[2026-04-13T14:00:48.416+0000] {subprocess.py:106} INFO - 26/04/13 14:00:48 INFO DataWritingSparkTask: Writer for partition 5 is committing.
[2026-04-13T14:00:48.417+0000] {subprocess.py:106} INFO - 26/04/13 14:00:48 INFO DataWritingSparkTask: Writer for partition 7 is committing.
[2026-04-13T14:00:48.421+0000] {subprocess.py:106} INFO - 26/04/13 14:00:48 INFO CodecPool: Got brand-new decompressor [.zstd]
[2026-04-13T14:00:48.425+0000] {subprocess.py:106} INFO - 26/04/13 14:00:48 INFO DataWritingSparkTask: Writer for partition 4 is committing.
[2026-04-13T14:00:48.427+0000] {subprocess.py:106} INFO - 26/04/13 14:00:48 INFO DataWritingSparkTask: Writer for partition 14 is committing.
[2026-04-13T14:00:48.439+0000] {subprocess.py:106} INFO - 26/04/13 14:00:48 INFO CodecPool: Got brand-new decompressor [.zstd]
[2026-04-13T14:00:48.445+0000] {subprocess.py:106} INFO - 26/04/13 14:00:48 INFO CodecPool: Got brand-new decompressor [.zstd]
[2026-04-13T14:00:48.450+0000] {subprocess.py:106} INFO - 26/04/13 14:00:48 INFO CodecPool: Got brand-new decompressor [.zstd]
[2026-04-13T14:00:48.479+0000] {subprocess.py:106} INFO - 26/04/13 14:00:48 INFO CodecPool: Got brand-new decompressor [.zstd]
[2026-04-13T14:00:48.491+0000] {subprocess.py:106} INFO - 26/04/13 14:00:48 INFO DataWritingSparkTask: Writer for partition 8 is committing.
[2026-04-13T14:00:48.496+0000] {subprocess.py:106} INFO - 26/04/13 14:00:48 INFO CodecPool: Got brand-new decompressor [.zstd]
[2026-04-13T14:00:48.497+0000] {subprocess.py:106} INFO - 26/04/13 14:00:48 INFO CodecPool: Got brand-new decompressor [.zstd]
[2026-04-13T14:00:48.499+0000] {subprocess.py:106} INFO - 26/04/13 14:00:48 INFO DataWritingSparkTask: Writer for partition 6 is committing.
[2026-04-13T14:00:48.511+0000] {subprocess.py:106} INFO - 26/04/13 14:00:48 INFO DataWritingSparkTask: Writer for partition 13 is committing.
[2026-04-13T14:00:48.515+0000] {subprocess.py:106} INFO - 26/04/13 14:00:48 INFO DataWritingSparkTask: Writer for partition 1 is committing.
[2026-04-13T14:00:48.537+0000] {subprocess.py:106} INFO - 26/04/13 14:00:48 INFO DataWritingSparkTask: Writer for partition 11 is committing.
[2026-04-13T14:00:48.539+0000] {subprocess.py:106} INFO - 26/04/13 14:00:48 INFO DataWritingSparkTask: Writer for partition 12 is committing.
[2026-04-13T14:00:48.660+0000] {subprocess.py:106} INFO - 26/04/13 14:00:48 INFO CodecPool: Got brand-new decompressor [.zstd]
[2026-04-13T14:00:48.665+0000] {subprocess.py:106} INFO - 26/04/13 14:00:48 INFO DataWritingSparkTask: Writer for partition 10 is committing.
[2026-04-13T14:00:48.690+0000] {subprocess.py:106} INFO - 26/04/13 14:00:48 INFO DataWritingSparkTask: Writer for partition 3 is committing.
[2026-04-13T14:00:48.824+0000] {subprocess.py:106} INFO - 26/04/13 14:00:48 INFO DataWritingSparkTask: Writer for partition 9 is committing.
[2026-04-13T14:00:49.935+0000] {subprocess.py:106} INFO - 26/04/13 14:00:49 INFO DataWritingSparkTask: Committed partition 0 (task 0, attempt 0, stage 0.0)
[2026-04-13T14:00:49.936+0000] {subprocess.py:106} INFO - 26/04/13 14:00:49 INFO DataWritingSparkTask: Committed partition 6 (task 6, attempt 0, stage 0.0)
[2026-04-13T14:00:49.937+0000] {subprocess.py:106} INFO - 26/04/13 14:00:49 INFO DataWritingSparkTask: Committed partition 5 (task 5, attempt 0, stage 0.0)
[2026-04-13T14:00:49.938+0000] {subprocess.py:106} INFO - 26/04/13 14:00:49 INFO DataWritingSparkTask: Committed partition 7 (task 7, attempt 0, stage 0.0)
[2026-04-13T14:00:49.938+0000] {subprocess.py:106} INFO - 26/04/13 14:00:49 INFO DataWritingSparkTask: Committed partition 14 (task 14, attempt 0, stage 0.0)
[2026-04-13T14:00:49.940+0000] {subprocess.py:106} INFO - 26/04/13 14:00:49 INFO DataWritingSparkTask: Committed partition 13 (task 13, attempt 0, stage 0.0)
[2026-04-13T14:00:49.941+0000] {subprocess.py:106} INFO - 26/04/13 14:00:49 INFO DataWritingSparkTask: Committed partition 12 (task 12, attempt 0, stage 0.0)
[2026-04-13T14:00:49.942+0000] {subprocess.py:106} INFO - 26/04/13 14:00:49 INFO DataWritingSparkTask: Committed partition 1 (task 1, attempt 0, stage 0.0)
[2026-04-13T14:00:49.943+0000] {subprocess.py:106} INFO - 26/04/13 14:00:49 INFO DataWritingSparkTask: Committed partition 9 (task 9, attempt 0, stage 0.0)
[2026-04-13T14:00:49.944+0000] {subprocess.py:106} INFO - 26/04/13 14:00:49 INFO DataWritingSparkTask: Committed partition 8 (task 8, attempt 0, stage 0.0)
[2026-04-13T14:00:49.945+0000] {subprocess.py:106} INFO - 26/04/13 14:00:49 INFO DataWritingSparkTask: Committed partition 10 (task 10, attempt 0, stage 0.0)
[2026-04-13T14:00:49.945+0000] {subprocess.py:106} INFO - 26/04/13 14:00:49 INFO DataWritingSparkTask: Committed partition 11 (task 11, attempt 0, stage 0.0)
[2026-04-13T14:00:49.946+0000] {subprocess.py:106} INFO - 26/04/13 14:00:49 INFO DataWritingSparkTask: Committed partition 3 (task 3, attempt 0, stage 0.0)
[2026-04-13T14:00:49.947+0000] {subprocess.py:106} INFO - 26/04/13 14:00:49 INFO DataWritingSparkTask: Committed partition 2 (task 2, attempt 0, stage 0.0)
[2026-04-13T14:00:49.947+0000] {subprocess.py:106} INFO - 26/04/13 14:00:49 INFO DataWritingSparkTask: Committed partition 4 (task 4, attempt 0, stage 0.0)
[2026-04-13T14:00:50.017+0000] {subprocess.py:106} INFO - 26/04/13 14:00:50 INFO Executor: Finished task 8.0 in stage 0.0 (TID 8). 9540 bytes result sent to driver
[2026-04-13T14:00:50.019+0000] {subprocess.py:106} INFO - 26/04/13 14:00:50 INFO Executor: Finished task 2.0 in stage 0.0 (TID 2). 9543 bytes result sent to driver
[2026-04-13T14:00:50.020+0000] {subprocess.py:106} INFO - 26/04/13 14:00:50 INFO Executor: Finished task 6.0 in stage 0.0 (TID 6). 9540 bytes result sent to driver
[2026-04-13T14:00:50.021+0000] {subprocess.py:106} INFO - 26/04/13 14:00:50 INFO Executor: Finished task 11.0 in stage 0.0 (TID 11). 9565 bytes result sent to driver
[2026-04-13T14:00:50.022+0000] {subprocess.py:106} INFO - 26/04/13 14:00:50 INFO Executor: Finished task 7.0 in stage 0.0 (TID 7). 9525 bytes result sent to driver
[2026-04-13T14:00:50.022+0000] {subprocess.py:106} INFO - 26/04/13 14:00:50 INFO Executor: Finished task 9.0 in stage 0.0 (TID 9). 9518 bytes result sent to driver
[2026-04-13T14:00:50.023+0000] {subprocess.py:106} INFO - 26/04/13 14:00:50 INFO Executor: Finished task 3.0 in stage 0.0 (TID 3). 9522 bytes result sent to driver
[2026-04-13T14:00:50.024+0000] {subprocess.py:106} INFO - 26/04/13 14:00:50 INFO Executor: Finished task 13.0 in stage 0.0 (TID 13). 9546 bytes result sent to driver
[2026-04-13T14:00:50.026+0000] {subprocess.py:106} INFO - 26/04/13 14:00:50 INFO Executor: Finished task 12.0 in stage 0.0 (TID 12). 9535 bytes result sent to driver
[2026-04-13T14:00:50.027+0000] {subprocess.py:106} INFO - 26/04/13 14:00:50 INFO Executor: Finished task 0.0 in stage 0.0 (TID 0). 9523 bytes result sent to driver
[2026-04-13T14:00:50.028+0000] {subprocess.py:106} INFO - 26/04/13 14:00:50 INFO Executor: Finished task 10.0 in stage 0.0 (TID 10). 9568 bytes result sent to driver
[2026-04-13T14:00:50.030+0000] {subprocess.py:106} INFO - 26/04/13 14:00:50 INFO Executor: Finished task 4.0 in stage 0.0 (TID 4). 9555 bytes result sent to driver
[2026-04-13T14:00:50.031+0000] {subprocess.py:106} INFO - 26/04/13 14:00:50 INFO Executor: Finished task 5.0 in stage 0.0 (TID 5). 9550 bytes result sent to driver
[2026-04-13T14:00:50.033+0000] {subprocess.py:106} INFO - 26/04/13 14:00:50 INFO Executor: Finished task 1.0 in stage 0.0 (TID 1). 9542 bytes result sent to driver
[2026-04-13T14:00:50.034+0000] {subprocess.py:106} INFO - 26/04/13 14:00:50 INFO Executor: Finished task 14.0 in stage 0.0 (TID 14). 9549 bytes result sent to driver
[2026-04-13T14:00:50.080+0000] {subprocess.py:106} INFO - 26/04/13 14:00:50 INFO TaskSetManager: Finished task 3.0 in stage 0.0 (TID 3) in 5126 ms on spark-master (executor driver) (1/15)
[2026-04-13T14:00:50.088+0000] {subprocess.py:106} INFO - 26/04/13 14:00:50 INFO TaskSetManager: Finished task 2.0 in stage 0.0 (TID 2) in 5136 ms on spark-master (executor driver) (2/15)
[2026-04-13T14:00:50.089+0000] {subprocess.py:106} INFO - 26/04/13 14:00:50 INFO TaskSetManager: Finished task 11.0 in stage 0.0 (TID 11) in 5115 ms on spark-master (executor driver) (3/15)
[2026-04-13T14:00:50.090+0000] {subprocess.py:106} INFO - 26/04/13 14:00:50 INFO TaskSetManager: Finished task 0.0 in stage 0.0 (TID 0) in 5202 ms on spark-master (executor driver) (4/15)
[2026-04-13T14:00:50.091+0000] {subprocess.py:106} INFO - 26/04/13 14:00:50 INFO TaskSetManager: Finished task 9.0 in stage 0.0 (TID 9) in 5123 ms on spark-master (executor driver) (5/15)
[2026-04-13T14:00:50.092+0000] {subprocess.py:106} INFO - 26/04/13 14:00:50 INFO TaskSetManager: Finished task 6.0 in stage 0.0 (TID 6) in 5130 ms on spark-master (executor driver) (6/15)
[2026-04-13T14:00:50.093+0000] {subprocess.py:106} INFO - 26/04/13 14:00:50 INFO TaskSetManager: Finished task 7.0 in stage 0.0 (TID 7) in 5127 ms on spark-master (executor driver) (7/15)
[2026-04-13T14:00:50.094+0000] {subprocess.py:106} INFO - 26/04/13 14:00:50 INFO TaskSetManager: Finished task 10.0 in stage 0.0 (TID 10) in 5124 ms on spark-master (executor driver) (8/15)
[2026-04-13T14:00:50.098+0000] {subprocess.py:106} INFO - 26/04/13 14:00:50 INFO TaskSetManager: Finished task 13.0 in stage 0.0 (TID 13) in 5116 ms on spark-master (executor driver) (9/15)
[2026-04-13T14:00:50.099+0000] {subprocess.py:106} INFO - 26/04/13 14:00:50 INFO TaskSetManager: Finished task 12.0 in stage 0.0 (TID 12) in 5122 ms on spark-master (executor driver) (10/15)
[2026-04-13T14:00:50.105+0000] {subprocess.py:106} INFO - 26/04/13 14:00:50 INFO TaskSetManager: Finished task 8.0 in stage 0.0 (TID 8) in 5135 ms on spark-master (executor driver) (11/15)
[2026-04-13T14:00:50.110+0000] {subprocess.py:106} INFO - 26/04/13 14:00:50 INFO TaskSetManager: Finished task 5.0 in stage 0.0 (TID 5) in 5150 ms on spark-master (executor driver) (12/15)
[2026-04-13T14:00:50.111+0000] {subprocess.py:106} INFO - 26/04/13 14:00:50 INFO TaskSetManager: Finished task 4.0 in stage 0.0 (TID 4) in 5155 ms on spark-master (executor driver) (13/15)
[2026-04-13T14:00:50.113+0000] {subprocess.py:106} INFO - 26/04/13 14:00:50 INFO TaskSetManager: Finished task 1.0 in stage 0.0 (TID 1) in 5165 ms on spark-master (executor driver) (14/15)
[2026-04-13T14:00:50.114+0000] {subprocess.py:106} INFO - 26/04/13 14:00:50 INFO TaskSetManager: Finished task 14.0 in stage 0.0 (TID 14) in 5131 ms on spark-master (executor driver) (15/15)
[2026-04-13T14:00:50.118+0000] {subprocess.py:106} INFO - 26/04/13 14:00:50 INFO TaskSchedulerImpl: Removed TaskSet 0.0 whose tasks have all completed, from pool
[2026-04-13T14:00:50.124+0000] {subprocess.py:106} INFO - 26/04/13 14:00:50 INFO DAGScheduler: ResultStage 0 (append at NativeMethodAccessorImpl.java:0) finished in 5445 ms
[2026-04-13T14:00:50.130+0000] {subprocess.py:106} INFO - 26/04/13 14:00:50 INFO DAGScheduler: Job 0 is finished. Cancelling potential speculative or zombie tasks for this job
[2026-04-13T14:00:50.132+0000] {subprocess.py:106} INFO - 26/04/13 14:00:50 INFO TaskSchedulerImpl: Canceling stage 0
[2026-04-13T14:00:50.136+0000] {subprocess.py:106} INFO - 26/04/13 14:00:50 INFO TaskSchedulerImpl: Killing all running tasks in stage 0: Stage finished
[2026-04-13T14:00:50.145+0000] {subprocess.py:106} INFO - 26/04/13 14:00:50 INFO DAGScheduler: Job 0 finished: append at NativeMethodAccessorImpl.java:0, took 5569.911574 ms
[2026-04-13T14:00:50.148+0000] {subprocess.py:106} INFO - 26/04/13 14:00:50 INFO AppendDataExec: Data source write support IcebergBatchWrite(table=iceberg.air_quality_ml.air_quality_gold, format=PARQUET) is committing.
[2026-04-13T14:00:50.181+0000] {subprocess.py:106} INFO - 26/04/13 14:00:50 INFO SparkWrite: Committing append with 15 new data files to table iceberg.air_quality_ml.air_quality_gold
[2026-04-13T14:00:51.527+0000] {subprocess.py:106} INFO - 26/04/13 14:00:51 INFO HiveTableOperations: Committed to table iceberg.air_quality_ml.air_quality_gold with the new metadata location hdfs://23133083thuyvan-master:9000/user/hive/lakehouse/gold/ml/air_quality_gold/metadata/00008-1db34c02-ebd6-4f61-b688-2676fd27f1fb.metadata.json
[2026-04-13T14:00:51.528+0000] {subprocess.py:106} INFO - 26/04/13 14:00:51 INFO BaseMetastoreTableOperations: Successfully committed to table iceberg.air_quality_ml.air_quality_gold in 644 ms
[2026-04-13T14:00:51.529+0000] {subprocess.py:106} INFO - 26/04/13 14:00:51 INFO SnapshotProducer: Committed snapshot 3899943820097492528 (MergeAppend)
[2026-04-13T14:00:51.627+0000] {subprocess.py:106} INFO - 26/04/13 14:00:51 INFO BaseMetastoreTableOperations: Refreshing table metadata from new version: hdfs://23133083thuyvan-master:9000/user/hive/lakehouse/gold/ml/air_quality_gold/metadata/00008-1db34c02-ebd6-4f61-b688-2676fd27f1fb.metadata.json
[2026-04-13T14:00:51.664+0000] {subprocess.py:106} INFO - 26/04/13 14:00:51 INFO LoggingMetricsReporter: Received metrics report: CommitReport{tableName=iceberg.air_quality_ml.air_quality_gold, snapshotId=3899943820097492528, sequenceNumber=9, operation=append, commitMetrics=CommitMetricsResult{totalDuration=TimerResult{timeUnit=NANOSECONDS, totalDuration=PT1.361506057S, count=1}, attempts=CounterResult{unit=COUNT, value=1}, addedDataFiles=CounterResult{unit=COUNT, value=15}, removedDataFiles=null, totalDataFiles=CounterResult{unit=COUNT, value=135}, addedDeleteFiles=null, addedEqualityDeleteFiles=null, addedPositionalDeleteFiles=null, addedDVs=null, removedDeleteFiles=null, removedEqualityDeleteFiles=null, removedPositionalDeleteFiles=null, removedDVs=null, totalDeleteFiles=CounterResult{unit=COUNT, value=0}, addedRecords=CounterResult{unit=COUNT, value=100}, removedRecords=null, totalRecords=CounterResult{unit=COUNT, value=900}, addedFilesSizeInBytes=CounterResult{unit=BYTES, value=149702}, removedFilesSizeInBytes=null, totalFilesSizeInBytes=CounterResult{unit=BYTES, value=1315635}, addedPositionalDeletes=null, removedPositionalDeletes=null, totalPositionalDeletes=CounterResult{unit=COUNT, value=0}, addedEqualityDeletes=null, removedEqualityDeletes=null, totalEqualityDeletes=CounterResult{unit=COUNT, value=0}, manifestsCreated=null, manifestsReplaced=null, manifestsKept=null, manifestEntriesProcessed=null}, metadata={engine-version=4.0.2, app-id=local-1776088828003, engine-name=spark, iceberg-version=Apache Iceberg 1.10.1 (commit ccb8bc435062171e64bc8b7e5f56e6aed9c5b934)}}
[2026-04-13T14:00:51.666+0000] {subprocess.py:106} INFO - 26/04/13 14:00:51 INFO SparkWrite: Committed in 1480 ms
[2026-04-13T14:00:51.667+0000] {subprocess.py:106} INFO - 26/04/13 14:00:51 INFO AppendDataExec: Data source write support IcebergBatchWrite(table=iceberg.air_quality_ml.air_quality_gold, format=PARQUET) committed.
[2026-04-13T14:00:51.675+0000] {subprocess.py:106} INFO - Dữ liệu đã được append vào iceberg.air_quality_ml.air_quality_gold.
[2026-04-13T14:00:51.676+0000] {subprocess.py:106} INFO - ETL from Silver to Gold completed!
[2026-04-13T14:00:51.681+0000] {subprocess.py:106} INFO - 26/04/13 14:00:51 INFO SparkContext: SparkContext is stopping with exitCode 0 from stop at NativeMethodAccessorImpl.java:0.
[2026-04-13T14:00:51.720+0000] {subprocess.py:106} INFO - 26/04/13 14:00:51 INFO SparkUI: Stopped Spark web UI at http://spark-master:4040
[2026-04-13T14:00:51.754+0000] {subprocess.py:106} INFO - 26/04/13 14:00:51 INFO MapOutputTrackerMasterEndpoint: MapOutputTrackerMasterEndpoint stopped!
[2026-04-13T14:00:51.812+0000] {subprocess.py:106} INFO - 26/04/13 14:00:51 INFO MemoryStore: MemoryStore cleared
[2026-04-13T14:00:51.813+0000] {subprocess.py:106} INFO - 26/04/13 14:00:51 INFO BlockManager: BlockManager stopped
[2026-04-13T14:00:51.830+0000] {subprocess.py:106} INFO - 26/04/13 14:00:51 INFO BlockManagerMaster: BlockManagerMaster stopped
[2026-04-13T14:00:51.836+0000] {subprocess.py:106} INFO - 26/04/13 14:00:51 INFO OutputCommitCoordinator$OutputCommitCoordinatorEndpoint: OutputCommitCoordinator stopped!
[2026-04-13T14:00:51.884+0000] {subprocess.py:106} INFO - 26/04/13 14:00:51 INFO SparkContext: Successfully stopped SparkContext
[2026-04-13T14:00:52.518+0000] {subprocess.py:106} INFO - 26/04/13 14:00:52 INFO ShutdownHookManager: Shutdown hook called
[2026-04-13T14:00:52.520+0000] {subprocess.py:106} INFO - 26/04/13 14:00:52 INFO ShutdownHookManager: Deleting directory /tmp/spark-eed5b6eb-f316-42bf-ba0e-8384af7678e4
[2026-04-13T14:00:52.556+0000] {subprocess.py:106} INFO - 26/04/13 14:00:52 INFO ShutdownHookManager: Deleting directory /tmp/spark-eed5b6eb-f316-42bf-ba0e-8384af7678e4/pyspark-04ac313b-421f-4222-8e73-4dff9b5b12f8
[2026-04-13T14:00:52.584+0000] {subprocess.py:106} INFO - 26/04/13 14:00:52 INFO ShutdownHookManager: Deleting directory /tmp/spark-3472be34-0469-4fee-b176-171060738906
[2026-04-13T14:00:52.613+0000] {subprocess.py:106} INFO - 26/04/13 14:00:52 INFO ShutdownHookManager: Deleting directory /tmp/artifacts-9e5ce9ca-6a30-4f75-800d-af674d47cc29
[2026-04-13T14:00:53.016+0000] {subprocess.py:110} INFO - Command exited with return code 0
[2026-04-13T14:00:53.208+0000] {taskinstance.py:340} INFO - ::group::Post task execution logs
[2026-04-13T14:00:53.212+0000] {taskinstance.py:352} INFO - Marking task as SUCCESS. dag_id=predict_aqi, task_id=silver_to_gold, run_id=scheduled__2026-04-13T13:00:00+00:00, execution_date=20260413T130000, start_date=20260413T140014, end_date=20260413T140053
[2026-04-13T14:00:53.284+0000] {local_task_job_runner.py:266} INFO - Task exited with return code 0
[2026-04-13T14:00:53.401+0000] {taskinstance.py:3895} INFO - 1 downstream tasks scheduled from follow-on schedule check
[2026-04-13T14:00:53.416+0000] {local_task_job_runner.py:245} INFO - ::endgroup::
