[2026-04-13T16:46:25.388+0000] {local_task_job_runner.py:123} INFO - ::group::Pre task execution logs
[2026-04-13T16:46:25.426+0000] {taskinstance.py:2613} INFO - Dependencies all met for dep_context=non-requeueable deps ti=<TaskInstance: predict_aqi.silver_to_gold manual__2026-04-13T16:46:18.867185+00:00 [queued]>
[2026-04-13T16:46:25.445+0000] {taskinstance.py:2613} INFO - Dependencies all met for dep_context=requeueable deps ti=<TaskInstance: predict_aqi.silver_to_gold manual__2026-04-13T16:46:18.867185+00:00 [queued]>
[2026-04-13T16:46:25.446+0000] {taskinstance.py:2866} INFO - Starting attempt 1 of 3
[2026-04-13T16:46:25.467+0000] {taskinstance.py:2889} INFO - Executing <Task(BashOperator): silver_to_gold> on 2026-04-13 16:46:18.867185+00:00
[2026-04-13T16:46:25.476+0000] {standard_task_runner.py:104} INFO - Running: ['airflow', 'tasks', 'run', 'predict_aqi', 'silver_to_gold', 'manual__2026-04-13T16:46:18.867185+00:00', '--job-id', '187', '--raw', '--subdir', 'DAGS_FOLDER/dag_ml.py', '--cfg-path', '/tmp/tmp1o94knw2']
[2026-04-13T16:46:25.478+0000] {standard_task_runner.py:105} INFO - Job 187: Subtask silver_to_gold
[2026-04-13T16:46:25.479+0000] {logging_mixin.py:190} WARNING - /home/airflow/airflow/venv/lib/python3.12/site-packages/airflow/task/task_runner/standard_task_runner.py:70 DeprecationWarning: This process (pid=25517) is multi-threaded, use of fork() may lead to deadlocks in the child.
[2026-04-13T16:46:25.481+0000] {standard_task_runner.py:72} INFO - Started process 25545 to run task
[2026-04-13T16:46:25.570+0000] {task_command.py:467} INFO - Running <TaskInstance: predict_aqi.silver_to_gold manual__2026-04-13T16:46:18.867185+00:00 [running]> on host airflow
[2026-04-13T16:46:25.685+0000] {taskinstance.py:3132} INFO - Exporting env vars: AIRFLOW_CTX_DAG_OWNER='airflow' AIRFLOW_CTX_DAG_ID='predict_aqi' AIRFLOW_CTX_TASK_ID='silver_to_gold' AIRFLOW_CTX_EXECUTION_DATE='2026-04-13T16:46:18.867185+00:00' AIRFLOW_CTX_TRY_NUMBER='1' AIRFLOW_CTX_DAG_RUN_ID='manual__2026-04-13T16:46:18.867185+00:00'
[2026-04-13T16:46:25.686+0000] {taskinstance.py:731} INFO - ::endgroup::
[2026-04-13T16:46:25.700+0000] {subprocess.py:78} INFO - Tmp dir root location: /tmp
[2026-04-13T16:46:25.703+0000] {subprocess.py:88} INFO - Running command: ['/usr/bin/bash', '-c', '\n            docker exec spark-master spark-submit                 --packages org.apache.iceberg:iceberg-spark-runtime-4.0_2.13:1.10.1                 /home/spark/spark/spark_jobs/silver_to_gold.py 2026-04-13\n        ']
[2026-04-13T16:46:25.716+0000] {subprocess.py:99} INFO - Output:
[2026-04-13T16:46:26.137+0000] {subprocess.py:106} INFO - WARNING: Using incubator modules: jdk.incubator.vector
[2026-04-13T16:46:27.898+0000] {subprocess.py:106} INFO - :: loading settings :: url = jar:file:/home/spark/spark/jars/ivy-2.5.3.jar!/org/apache/ivy/core/settings/ivysettings.xml
[2026-04-13T16:46:28.086+0000] {subprocess.py:106} INFO - Ivy Default Cache set to: /home/spark/.ivy2.5.2/cache
[2026-04-13T16:46:28.087+0000] {subprocess.py:106} INFO - The jars for the packages stored in: /home/spark/.ivy2.5.2/jars
[2026-04-13T16:46:28.105+0000] {subprocess.py:106} INFO - org.apache.iceberg#iceberg-spark-runtime-4.0_2.13 added as a dependency
[2026-04-13T16:46:28.106+0000] {subprocess.py:106} INFO - :: resolving dependencies :: org.apache.spark#spark-submit-parent-630f5d22-70f7-4733-bf5d-6e16de83e3e5;1.0
[2026-04-13T16:46:28.106+0000] {subprocess.py:106} INFO - 	confs: [default]
[2026-04-13T16:46:28.342+0000] {subprocess.py:106} INFO - 	found org.apache.iceberg#iceberg-spark-runtime-4.0_2.13;1.10.1 in central
[2026-04-13T16:46:28.366+0000] {subprocess.py:106} INFO - :: resolution report :: resolve 255ms :: artifacts dl 5ms
[2026-04-13T16:46:28.367+0000] {subprocess.py:106} INFO - 	:: modules in use:
[2026-04-13T16:46:28.368+0000] {subprocess.py:106} INFO - 	org.apache.iceberg#iceberg-spark-runtime-4.0_2.13;1.10.1 from central in [default]
[2026-04-13T16:46:28.369+0000] {subprocess.py:106} INFO - 	---------------------------------------------------------------------
[2026-04-13T16:46:28.369+0000] {subprocess.py:106} INFO - 	|                  |            modules            ||   artifacts   |
[2026-04-13T16:46:28.370+0000] {subprocess.py:106} INFO - 	|       conf       | number| search|dwnlded|evicted|| number|dwnlded|
[2026-04-13T16:46:28.370+0000] {subprocess.py:106} INFO - 	---------------------------------------------------------------------
[2026-04-13T16:46:28.371+0000] {subprocess.py:106} INFO - 	|      default     |   1   |   0   |   0   |   0   ||   1   |   0   |
[2026-04-13T16:46:28.371+0000] {subprocess.py:106} INFO - 	---------------------------------------------------------------------
[2026-04-13T16:46:28.374+0000] {subprocess.py:106} INFO - :: retrieving :: org.apache.spark#spark-submit-parent-630f5d22-70f7-4733-bf5d-6e16de83e3e5
[2026-04-13T16:46:28.374+0000] {subprocess.py:106} INFO - 	confs: [default]
[2026-04-13T16:46:28.385+0000] {subprocess.py:106} INFO - 	0 artifacts copied, 1 already retrieved (0kB/11ms)
[2026-04-13T16:46:28.721+0000] {subprocess.py:106} INFO - 26/04/13 16:46:28 WARN NativeCodeLoader: Unable to load native-hadoop library for your platform... using builtin-java classes where applicable
[2026-04-13T16:46:32.603+0000] {subprocess.py:106} INFO - Using Spark's default log4j profile: org/apache/spark/log4j2-defaults.properties
[2026-04-13T16:46:32.608+0000] {subprocess.py:106} INFO - 26/04/13 16:46:32 INFO SparkContext: Running Spark version 4.0.2
[2026-04-13T16:46:32.612+0000] {subprocess.py:106} INFO - 26/04/13 16:46:32 INFO SparkContext: OS info Linux, 6.6.87.2-microsoft-standard-WSL2, amd64
[2026-04-13T16:46:32.613+0000] {subprocess.py:106} INFO - 26/04/13 16:46:32 INFO SparkContext: Java version 21.0.10
[2026-04-13T16:46:32.638+0000] {subprocess.py:106} INFO - 26/04/13 16:46:32 INFO ResourceUtils: ==============================================================
[2026-04-13T16:46:32.639+0000] {subprocess.py:106} INFO - 26/04/13 16:46:32 INFO ResourceUtils: No custom resources configured for spark.driver.
[2026-04-13T16:46:32.639+0000] {subprocess.py:106} INFO - 26/04/13 16:46:32 INFO ResourceUtils: ==============================================================
[2026-04-13T16:46:32.640+0000] {subprocess.py:106} INFO - 26/04/13 16:46:32 INFO SparkContext: Submitted application: Silver_to_Gold
[2026-04-13T16:46:32.675+0000] {subprocess.py:106} INFO - 26/04/13 16:46:32 INFO ResourceProfile: Default ResourceProfile created, executor resources: Map(cores -> name: cores, amount: 2, script: , vendor: , memory -> name: memory, amount: 2048, script: , vendor: , offHeap -> name: offHeap, amount: 0, script: , vendor: ), task resources: Map(cpus -> name: cpus, amount: 1.0)
[2026-04-13T16:46:32.681+0000] {subprocess.py:106} INFO - 26/04/13 16:46:32 INFO ResourceProfile: Limiting resource is cpus at 2 tasks per executor
[2026-04-13T16:46:32.683+0000] {subprocess.py:106} INFO - 26/04/13 16:46:32 INFO ResourceProfileManager: Added ResourceProfile id: 0
[2026-04-13T16:46:32.768+0000] {subprocess.py:106} INFO - 26/04/13 16:46:32 INFO SecurityManager: Changing view acls to: spark
[2026-04-13T16:46:32.769+0000] {subprocess.py:106} INFO - 26/04/13 16:46:32 INFO SecurityManager: Changing modify acls to: spark
[2026-04-13T16:46:32.770+0000] {subprocess.py:106} INFO - 26/04/13 16:46:32 INFO SecurityManager: Changing view acls groups to: spark
[2026-04-13T16:46:32.771+0000] {subprocess.py:106} INFO - 26/04/13 16:46:32 INFO SecurityManager: Changing modify acls groups to: spark
[2026-04-13T16:46:32.776+0000] {subprocess.py:106} INFO - 26/04/13 16:46:32 INFO SecurityManager: SecurityManager: authentication disabled; ui acls disabled; users with view permissions: spark groups with view permissions: EMPTY; users with modify permissions: spark; groups with modify permissions: EMPTY; RPC SSL disabled
[2026-04-13T16:46:33.144+0000] {subprocess.py:106} INFO - 26/04/13 16:46:33 INFO Utils: Successfully started service 'sparkDriver' on port 36359.
[2026-04-13T16:46:33.226+0000] {subprocess.py:106} INFO - 26/04/13 16:46:33 INFO SparkEnv: Registering MapOutputTracker
[2026-04-13T16:46:33.250+0000] {subprocess.py:106} INFO - 26/04/13 16:46:33 INFO SparkEnv: Registering BlockManagerMaster
[2026-04-13T16:46:33.268+0000] {subprocess.py:106} INFO - 26/04/13 16:46:33 INFO BlockManagerMasterEndpoint: Using org.apache.spark.storage.DefaultTopologyMapper for getting topology information
[2026-04-13T16:46:33.268+0000] {subprocess.py:106} INFO - 26/04/13 16:46:33 INFO BlockManagerMasterEndpoint: BlockManagerMasterEndpoint up
[2026-04-13T16:46:33.276+0000] {subprocess.py:106} INFO - 26/04/13 16:46:33 INFO SparkEnv: Registering BlockManagerMasterHeartbeat
[2026-04-13T16:46:33.328+0000] {subprocess.py:106} INFO - 26/04/13 16:46:33 INFO DiskBlockManager: Created local directory at /tmp/blockmgr-ff8594c4-3c06-4949-a2fd-9e027042f62f
[2026-04-13T16:46:33.363+0000] {subprocess.py:106} INFO - 26/04/13 16:46:33 INFO SparkEnv: Registering OutputCommitCoordinator
[2026-04-13T16:46:33.588+0000] {subprocess.py:106} INFO - 26/04/13 16:46:33 INFO JettyUtils: Start Jetty 0.0.0.0:4040 for SparkUI
[2026-04-13T16:46:33.708+0000] {subprocess.py:106} INFO - 26/04/13 16:46:33 INFO Utils: Successfully started service 'SparkUI' on port 4040.
[2026-04-13T16:46:33.763+0000] {subprocess.py:106} INFO - 26/04/13 16:46:33 INFO SparkContext: Added JAR file:///home/spark/.ivy2.5.2/jars/org.apache.iceberg_iceberg-spark-runtime-4.0_2.13-1.10.1.jar at spark://spark-master:36359/jars/org.apache.iceberg_iceberg-spark-runtime-4.0_2.13-1.10.1.jar with timestamp 1776098792592
[2026-04-13T16:46:33.767+0000] {subprocess.py:106} INFO - 26/04/13 16:46:33 INFO SparkContext: Added file file:///home/spark/.ivy2.5.2/jars/org.apache.iceberg_iceberg-spark-runtime-4.0_2.13-1.10.1.jar at file:///home/spark/.ivy2.5.2/jars/org.apache.iceberg_iceberg-spark-runtime-4.0_2.13-1.10.1.jar with timestamp 1776098792592
[2026-04-13T16:46:33.772+0000] {subprocess.py:106} INFO - 26/04/13 16:46:33 INFO Utils: Copying /home/spark/.ivy2.5.2/jars/org.apache.iceberg_iceberg-spark-runtime-4.0_2.13-1.10.1.jar to /tmp/spark-c380aaa7-7aad-47e8-8076-96e707d6537c/userFiles-0205b23c-9919-4f42-a9ae-31e8ea919cec/org.apache.iceberg_iceberg-spark-runtime-4.0_2.13-1.10.1.jar
[2026-04-13T16:46:37.560+0000] {subprocess.py:106} INFO - 26/04/13 16:46:37 INFO SecurityManager: Changing view acls to: spark
[2026-04-13T16:46:37.562+0000] {subprocess.py:106} INFO - 26/04/13 16:46:37 INFO SecurityManager: Changing modify acls to: spark
[2026-04-13T16:46:37.562+0000] {subprocess.py:106} INFO - 26/04/13 16:46:37 INFO SecurityManager: Changing view acls groups to: spark
[2026-04-13T16:46:37.564+0000] {subprocess.py:106} INFO - 26/04/13 16:46:37 INFO SecurityManager: Changing modify acls groups to: spark
[2026-04-13T16:46:37.565+0000] {subprocess.py:106} INFO - 26/04/13 16:46:37 INFO SecurityManager: SecurityManager: authentication disabled; ui acls disabled; users with view permissions: spark groups with view permissions: EMPTY; users with modify permissions: spark; groups with modify permissions: EMPTY; RPC SSL disabled
[2026-04-13T16:46:37.866+0000] {subprocess.py:106} INFO - 26/04/13 16:46:37 INFO Executor: Starting executor ID driver on host spark-master
[2026-04-13T16:46:37.867+0000] {subprocess.py:106} INFO - 26/04/13 16:46:37 INFO Executor: OS info Linux, 6.6.87.2-microsoft-standard-WSL2, amd64
[2026-04-13T16:46:37.868+0000] {subprocess.py:106} INFO - 26/04/13 16:46:37 INFO Executor: Java version 21.0.10
[2026-04-13T16:46:37.893+0000] {subprocess.py:106} INFO - 26/04/13 16:46:37 INFO Executor: Starting executor with user classpath (userClassPathFirst = false): ''
[2026-04-13T16:46:37.896+0000] {subprocess.py:106} INFO - 26/04/13 16:46:37 INFO Executor: Created or updated repl class loader org.apache.spark.util.MutableURLClassLoader@78992a39 for default.
[2026-04-13T16:46:37.911+0000] {subprocess.py:106} INFO - 26/04/13 16:46:37 INFO Executor: Fetching file:///home/spark/.ivy2.5.2/jars/org.apache.iceberg_iceberg-spark-runtime-4.0_2.13-1.10.1.jar with timestamp 1776098792592
[2026-04-13T16:46:37.970+0000] {subprocess.py:106} INFO - 26/04/13 16:46:37 INFO Utils: /home/spark/.ivy2.5.2/jars/org.apache.iceberg_iceberg-spark-runtime-4.0_2.13-1.10.1.jar has been previously copied to /tmp/spark-c380aaa7-7aad-47e8-8076-96e707d6537c/userFiles-0205b23c-9919-4f42-a9ae-31e8ea919cec/org.apache.iceberg_iceberg-spark-runtime-4.0_2.13-1.10.1.jar
[2026-04-13T16:46:37.987+0000] {subprocess.py:106} INFO - 26/04/13 16:46:37 INFO Executor: Fetching spark://spark-master:36359/jars/org.apache.iceberg_iceberg-spark-runtime-4.0_2.13-1.10.1.jar with timestamp 1776098792592
[2026-04-13T16:46:38.026+0000] {subprocess.py:106} INFO - 26/04/13 16:46:38 INFO TransportClientFactory: Successfully created connection to spark-master/172.20.0.5:36359 after 24 ms (0 ms spent in bootstraps)
[2026-04-13T16:46:38.033+0000] {subprocess.py:106} INFO - 26/04/13 16:46:38 INFO Utils: Fetching spark://spark-master:36359/jars/org.apache.iceberg_iceberg-spark-runtime-4.0_2.13-1.10.1.jar to /tmp/spark-c380aaa7-7aad-47e8-8076-96e707d6537c/userFiles-0205b23c-9919-4f42-a9ae-31e8ea919cec/fetchFileTemp3963241959454815618.tmp
[2026-04-13T16:46:38.521+0000] {subprocess.py:106} INFO - 26/04/13 16:46:38 INFO Utils: /tmp/spark-c380aaa7-7aad-47e8-8076-96e707d6537c/userFiles-0205b23c-9919-4f42-a9ae-31e8ea919cec/fetchFileTemp3963241959454815618.tmp has been previously copied to /tmp/spark-c380aaa7-7aad-47e8-8076-96e707d6537c/userFiles-0205b23c-9919-4f42-a9ae-31e8ea919cec/org.apache.iceberg_iceberg-spark-runtime-4.0_2.13-1.10.1.jar
[2026-04-13T16:46:38.542+0000] {subprocess.py:106} INFO - 26/04/13 16:46:38 INFO Executor: Adding file:/tmp/spark-c380aaa7-7aad-47e8-8076-96e707d6537c/userFiles-0205b23c-9919-4f42-a9ae-31e8ea919cec/org.apache.iceberg_iceberg-spark-runtime-4.0_2.13-1.10.1.jar to class loader default
[2026-04-13T16:46:38.559+0000] {subprocess.py:106} INFO - 26/04/13 16:46:38 INFO Utils: Successfully started service 'org.apache.spark.network.netty.NettyBlockTransferService' on port 46091.
[2026-04-13T16:46:38.560+0000] {subprocess.py:106} INFO - 26/04/13 16:46:38 INFO NettyBlockTransferService: Server created on spark-master:46091
[2026-04-13T16:46:38.563+0000] {subprocess.py:106} INFO - 26/04/13 16:46:38 INFO BlockManager: Using org.apache.spark.storage.RandomBlockReplicationPolicy for block replication policy
[2026-04-13T16:46:38.584+0000] {subprocess.py:106} INFO - 26/04/13 16:46:38 INFO BlockManagerMaster: Registering BlockManager BlockManagerId(driver, spark-master, 46091, None)
[2026-04-13T16:46:38.593+0000] {subprocess.py:106} INFO - 26/04/13 16:46:38 INFO BlockManagerMasterEndpoint: Registering block manager spark-master:46091 with 1048.8 MiB RAM, BlockManagerId(driver, spark-master, 46091, None)
[2026-04-13T16:46:38.597+0000] {subprocess.py:106} INFO - 26/04/13 16:46:38 INFO BlockManagerMaster: Registered BlockManager BlockManagerId(driver, spark-master, 46091, None)
[2026-04-13T16:46:38.599+0000] {subprocess.py:106} INFO - 26/04/13 16:46:38 INFO BlockManager: Initialized BlockManager: BlockManagerId(driver, spark-master, 46091, None)
[2026-04-13T16:46:43.887+0000] {subprocess.py:106} INFO - Đọc dữ liệu Silver từ iceberg.air_quality_db.air_quality_silver
[2026-04-13T16:46:43.928+0000] {subprocess.py:106} INFO - 26/04/13 16:46:43 INFO SharedState: spark.sql.warehouse.dir is not set, but hive.metastore.warehouse.dir is set. Setting spark.sql.warehouse.dir to the value of hive.metastore.warehouse.dir.
[2026-04-13T16:46:44.769+0000] {subprocess.py:106} INFO - 26/04/13 16:46:44 INFO SharedState: Warehouse path is 'hdfs://23133083thuyvan-master:9000/user/hive/lakehouse'.
[2026-04-13T16:46:47.368+0000] {subprocess.py:106} INFO - 26/04/13 16:46:47 INFO CatalogUtil: Loading custom FileIO implementation: org.apache.iceberg.hadoop.HadoopFileIO
[2026-04-13T16:46:47.517+0000] {subprocess.py:106} INFO - 26/04/13 16:46:47 INFO HiveConf: Found configuration file file:/home/spark/spark/conf/hive-site.xml
[2026-04-13T16:46:47.844+0000] {subprocess.py:106} INFO - 26/04/13 16:46:47 INFO metastore: Trying to connect to metastore with URI thrift://23133083thuyvan-master:9083
[2026-04-13T16:46:47.885+0000] {subprocess.py:106} INFO - 26/04/13 16:46:47 INFO metastore: Opened a connection to metastore, current connections: 1
[2026-04-13T16:46:48.397+0000] {subprocess.py:106} INFO - 26/04/13 16:46:48 INFO metastore: Connected to metastore.
[2026-04-13T16:46:48.933+0000] {subprocess.py:106} INFO - 26/04/13 16:46:48 INFO BaseMetastoreTableOperations: Refreshing table metadata from new version: hdfs://23133083thuyvan-master:9000/user/hive/lakehouse/silver/air_quality_silver/metadata/00003-8e71d277-3336-4b24-8390-00b46931a63f.metadata.json
[2026-04-13T16:46:50.207+0000] {subprocess.py:106} INFO - 26/04/13 16:46:50 INFO BaseMetastoreCatalog: Table loaded by catalog: iceberg.air_quality_db.air_quality_silver
[2026-04-13T16:46:52.268+0000] {subprocess.py:106} INFO - 26/04/13 16:46:52 INFO BaseMetastoreTableOperations: Refreshing table metadata from new version: hdfs://23133083thuyvan-master:9000/user/hive/lakehouse/gold/ml/air_quality_gold/metadata/00012-c6e7dea7-6916-43e3-a88f-2d09408fe112.metadata.json
[2026-04-13T16:46:52.411+0000] {subprocess.py:106} INFO - 26/04/13 16:46:52 INFO BaseMetastoreCatalog: Table loaded by catalog: iceberg.air_quality_ml.air_quality_gold
[2026-04-13T16:46:52.428+0000] {subprocess.py:106} INFO - Bảng đã tồn tại, append dữ liệu vào iceberg.air_quality_ml.air_quality_gold
[2026-04-13T16:46:52.600+0000] {subprocess.py:106} INFO - 26/04/13 16:46:52 INFO V2ScanRelationPushDown:
[2026-04-13T16:46:52.601+0000] {subprocess.py:106} INFO - Output: timestamp#94, location#95, latitude#96, longitude#97, country#98, condition_text#99, timezone#100, temperature_2m#101, relative_humidity_2m#102, apparent_temperature#103, precipitation#104, cloud_cover#105, wind_speed_10m#106, wind_direction_10m#107, wind_gusts_10m#108, uv_index#109, weather_code#110, european_aqi#111, us_aqi#112, us_aqi_index#113, aqi_label#114, pm10#115, pm2_5#116, carbon_monoxide#117, nitrogen_dioxide#118, sulphur_dioxide#119, ozone#120, processing_time#121, data_source#122
[2026-04-13T16:46:52.604+0000] {subprocess.py:106} INFO - 
[2026-04-13T16:46:52.620+0000] {subprocess.py:106} INFO - 26/04/13 16:46:52 INFO SnapshotScan: Scanning table iceberg.air_quality_db.air_quality_silver snapshot 4518274335865062319 created at 2026-04-13T11:48:03.562+00:00 with filter true
[2026-04-13T16:46:52.975+0000] {subprocess.py:106} INFO - 26/04/13 16:46:52 INFO BaseDistributedDataScan: Planning file tasks locally for table iceberg.air_quality_db.air_quality_silver
[2026-04-13T16:46:53.203+0000] {subprocess.py:106} INFO - 26/04/13 16:46:53 INFO SparkPartitioningAwareScan: Reporting UnknownPartitioning with 15 partition(s) for table iceberg.air_quality_db.air_quality_silver
[2026-04-13T16:46:53.332+0000] {subprocess.py:106} INFO - 26/04/13 16:46:53 INFO MemoryStore: MemoryStore started with capacity 1048.8 MiB
[2026-04-13T16:46:53.383+0000] {subprocess.py:106} INFO - 26/04/13 16:46:53 INFO MemoryStore: Block broadcast_0 stored as values in memory (estimated size 32.0 KiB, free 1048.8 MiB)
[2026-04-13T16:46:53.546+0000] {subprocess.py:106} INFO - 26/04/13 16:46:53 INFO MemoryStore: Block broadcast_0_piece0 stored as bytes in memory (estimated size 34.8 KiB, free 1048.7 MiB)
[2026-04-13T16:46:53.567+0000] {subprocess.py:106} INFO - 26/04/13 16:46:53 INFO SparkContext: Created broadcast 0 from broadcast at SparkBatch.java:87
[2026-04-13T16:46:53.893+0000] {subprocess.py:106} INFO - 26/04/13 16:46:53 INFO MemoryStore: Block broadcast_1 stored as values in memory (estimated size 32.0 KiB, free 1048.7 MiB)
[2026-04-13T16:46:53.901+0000] {subprocess.py:106} INFO - 26/04/13 16:46:53 INFO MemoryStore: Block broadcast_1_piece0 stored as bytes in memory (estimated size 34.9 KiB, free 1048.7 MiB)
[2026-04-13T16:46:53.904+0000] {subprocess.py:106} INFO - 26/04/13 16:46:53 INFO SparkContext: Created broadcast 1 from broadcast at SparkBatch.java:87
[2026-04-13T16:46:54.049+0000] {subprocess.py:106} INFO - 26/04/13 16:46:54 WARN SparkStringUtils: Truncated the string representation of a plan since it was too large. This behavior can be adjusted by setting 'spark.sql.debug.maxToStringFields'.
[2026-04-13T16:46:55.051+0000] {subprocess.py:106} INFO - 26/04/13 16:46:55 INFO CodeGenerator: Code generated in 635.889427 ms
[2026-04-13T16:46:55.194+0000] {subprocess.py:106} INFO - 26/04/13 16:46:55 INFO MemoryStore: Block broadcast_2 stored as values in memory (estimated size 32.0 KiB, free 1048.6 MiB)
[2026-04-13T16:46:55.211+0000] {subprocess.py:106} INFO - 26/04/13 16:46:55 INFO MemoryStore: Block broadcast_2_piece0 stored as bytes in memory (estimated size 34.8 KiB, free 1048.6 MiB)
[2026-04-13T16:46:55.215+0000] {subprocess.py:106} INFO - 26/04/13 16:46:55 INFO SparkContext: Created broadcast 2 from broadcast at SparkWrite.java:198
[2026-04-13T16:46:55.221+0000] {subprocess.py:106} INFO - 26/04/13 16:46:55 INFO AppendDataExec: Start processing data source write support: IcebergBatchWrite(table=iceberg.air_quality_ml.air_quality_gold, format=PARQUET). The input RDD has 15} partitions.
[2026-04-13T16:46:55.277+0000] {subprocess.py:106} INFO - 26/04/13 16:46:55 INFO SparkContext: Starting job: append at NativeMethodAccessorImpl.java:0
[2026-04-13T16:46:55.300+0000] {subprocess.py:106} INFO - 26/04/13 16:46:55 INFO DAGScheduler: Got job 0 (append at NativeMethodAccessorImpl.java:0) with 15 output partitions
[2026-04-13T16:46:55.302+0000] {subprocess.py:106} INFO - 26/04/13 16:46:55 INFO DAGScheduler: Final stage: ResultStage 0 (append at NativeMethodAccessorImpl.java:0)
[2026-04-13T16:46:55.303+0000] {subprocess.py:106} INFO - 26/04/13 16:46:55 INFO DAGScheduler: Parents of final stage: List()
[2026-04-13T16:46:55.306+0000] {subprocess.py:106} INFO - 26/04/13 16:46:55 INFO DAGScheduler: Missing parents: List()
[2026-04-13T16:46:55.307+0000] {subprocess.py:106} INFO - 26/04/13 16:46:55 INFO DAGScheduler: Submitting ResultStage 0 (MapPartitionsRDD[2] at append at NativeMethodAccessorImpl.java:0), which has no missing parents
[2026-04-13T16:46:55.410+0000] {subprocess.py:106} INFO - 26/04/13 16:46:55 INFO MemoryStore: Block broadcast_3 stored as values in memory (estimated size 33.8 KiB, free 1048.6 MiB)
[2026-04-13T16:46:55.419+0000] {subprocess.py:106} INFO - 26/04/13 16:46:55 INFO MemoryStore: Block broadcast_3_piece0 stored as bytes in memory (estimated size 10.3 KiB, free 1048.6 MiB)
[2026-04-13T16:46:55.423+0000] {subprocess.py:106} INFO - 26/04/13 16:46:55 INFO SparkContext: Created broadcast 3 from broadcast at DAGScheduler.scala:1676
[2026-04-13T16:46:55.473+0000] {subprocess.py:106} INFO - 26/04/13 16:46:55 INFO DAGScheduler: Submitting 15 missing tasks from ResultStage 0 (MapPartitionsRDD[2] at append at NativeMethodAccessorImpl.java:0) (first 15 tasks are for partitions Vector(0, 1, 2, 3, 4, 5, 6, 7, 8, 9, 10, 11, 12, 13, 14))
[2026-04-13T16:46:55.482+0000] {subprocess.py:106} INFO - 26/04/13 16:46:55 INFO TaskSchedulerImpl: Adding task set 0.0 with 15 tasks resource profile 0
[2026-04-13T16:46:55.604+0000] {subprocess.py:106} INFO - 26/04/13 16:46:55 INFO TaskSetManager: Starting task 0.0 in stage 0.0 (TID 0) (spark-master,executor driver, partition 0, ANY, 21375 bytes)
[2026-04-13T16:46:55.618+0000] {subprocess.py:106} INFO - 26/04/13 16:46:55 INFO TaskSetManager: Starting task 1.0 in stage 0.0 (TID 1) (spark-master,executor driver, partition 1, ANY, 21370 bytes)
[2026-04-13T16:46:55.622+0000] {subprocess.py:106} INFO - 26/04/13 16:46:55 INFO TaskSetManager: Starting task 2.0 in stage 0.0 (TID 2) (spark-master,executor driver, partition 2, ANY, 21356 bytes)
[2026-04-13T16:46:55.624+0000] {subprocess.py:106} INFO - 26/04/13 16:46:55 INFO TaskSetManager: Starting task 3.0 in stage 0.0 (TID 3) (spark-master,executor driver, partition 3, ANY, 21364 bytes)
[2026-04-13T16:46:55.628+0000] {subprocess.py:106} INFO - 26/04/13 16:46:55 INFO TaskSetManager: Starting task 4.0 in stage 0.0 (TID 4) (spark-master,executor driver, partition 4, ANY, 21825 bytes)
[2026-04-13T16:46:55.631+0000] {subprocess.py:106} INFO - 26/04/13 16:46:55 INFO TaskSetManager: Starting task 5.0 in stage 0.0 (TID 5) (spark-master,executor driver, partition 5, ANY, 21800 bytes)
[2026-04-13T16:46:55.634+0000] {subprocess.py:106} INFO - 26/04/13 16:46:55 INFO TaskSetManager: Starting task 6.0 in stage 0.0 (TID 6) (spark-master,executor driver, partition 6, ANY, 21379 bytes)
[2026-04-13T16:46:55.636+0000] {subprocess.py:106} INFO - 26/04/13 16:46:55 INFO TaskSetManager: Starting task 7.0 in stage 0.0 (TID 7) (spark-master,executor driver, partition 7, ANY, 21365 bytes)
[2026-04-13T16:46:55.637+0000] {subprocess.py:106} INFO - 26/04/13 16:46:55 INFO TaskSetManager: Starting task 8.0 in stage 0.0 (TID 8) (spark-master,executor driver, partition 8, ANY, 21373 bytes)
[2026-04-13T16:46:55.640+0000] {subprocess.py:106} INFO - 26/04/13 16:46:55 INFO TaskSetManager: Starting task 9.0 in stage 0.0 (TID 9) (spark-master,executor driver, partition 9, ANY, 21355 bytes)
[2026-04-13T16:46:55.642+0000] {subprocess.py:106} INFO - 26/04/13 16:46:55 INFO TaskSetManager: Starting task 10.0 in stage 0.0 (TID 10) (spark-master,executor driver, partition 10, ANY, 21375 bytes)
[2026-04-13T16:46:55.643+0000] {subprocess.py:106} INFO - 26/04/13 16:46:55 INFO TaskSetManager: Starting task 11.0 in stage 0.0 (TID 11) (spark-master,executor driver, partition 11, ANY, 21370 bytes)
[2026-04-13T16:46:55.646+0000] {subprocess.py:106} INFO - 26/04/13 16:46:55 INFO TaskSetManager: Starting task 12.0 in stage 0.0 (TID 12) (spark-master,executor driver, partition 12, ANY, 21356 bytes)
[2026-04-13T16:46:55.649+0000] {subprocess.py:106} INFO - 26/04/13 16:46:55 INFO TaskSetManager: Starting task 13.0 in stage 0.0 (TID 13) (spark-master,executor driver, partition 13, ANY, 21364 bytes)
[2026-04-13T16:46:55.652+0000] {subprocess.py:106} INFO - 26/04/13 16:46:55 INFO TaskSetManager: Starting task 14.0 in stage 0.0 (TID 14) (spark-master,executor driver, partition 14, ANY, 21346 bytes)
[2026-04-13T16:46:55.669+0000] {subprocess.py:106} INFO - 26/04/13 16:46:55 INFO Executor: Running task 7.0 in stage 0.0 (TID 7)
[2026-04-13T16:46:55.670+0000] {subprocess.py:106} INFO - 26/04/13 16:46:55 INFO Executor: Running task 4.0 in stage 0.0 (TID 4)
[2026-04-13T16:46:55.671+0000] {subprocess.py:106} INFO - 26/04/13 16:46:55 INFO Executor: Running task 1.0 in stage 0.0 (TID 1)
[2026-04-13T16:46:55.674+0000] {subprocess.py:106} INFO - 26/04/13 16:46:55 INFO Executor: Running task 8.0 in stage 0.0 (TID 8)
[2026-04-13T16:46:55.675+0000] {subprocess.py:106} INFO - 26/04/13 16:46:55 INFO Executor: Running task 5.0 in stage 0.0 (TID 5)
[2026-04-13T16:46:55.676+0000] {subprocess.py:106} INFO - 26/04/13 16:46:55 INFO Executor: Running task 6.0 in stage 0.0 (TID 6)
[2026-04-13T16:46:55.676+0000] {subprocess.py:106} INFO - 26/04/13 16:46:55 INFO Executor: Running task 3.0 in stage 0.0 (TID 3)
[2026-04-13T16:46:55.677+0000] {subprocess.py:106} INFO - 26/04/13 16:46:55 INFO Executor: Running task 2.0 in stage 0.0 (TID 2)
[2026-04-13T16:46:55.678+0000] {subprocess.py:106} INFO - 26/04/13 16:46:55 INFO Executor: Running task 9.0 in stage 0.0 (TID 9)
[2026-04-13T16:46:55.679+0000] {subprocess.py:106} INFO - 26/04/13 16:46:55 INFO Executor: Running task 11.0 in stage 0.0 (TID 11)
[2026-04-13T16:46:55.679+0000] {subprocess.py:106} INFO - 26/04/13 16:46:55 INFO Executor: Running task 0.0 in stage 0.0 (TID 0)
[2026-04-13T16:46:55.680+0000] {subprocess.py:106} INFO - 26/04/13 16:46:55 INFO Executor: Running task 10.0 in stage 0.0 (TID 10)
[2026-04-13T16:46:55.680+0000] {subprocess.py:106} INFO - 26/04/13 16:46:55 INFO Executor: Running task 13.0 in stage 0.0 (TID 13)
[2026-04-13T16:46:55.682+0000] {subprocess.py:106} INFO - 26/04/13 16:46:55 INFO Executor: Running task 12.0 in stage 0.0 (TID 12)
[2026-04-13T16:46:55.683+0000] {subprocess.py:106} INFO - 26/04/13 16:46:55 INFO Executor: Running task 14.0 in stage 0.0 (TID 14)
[2026-04-13T16:46:55.994+0000] {subprocess.py:106} INFO - 26/04/13 16:46:55 INFO CodeGenerator: Code generated in 74.043139 ms
[2026-04-13T16:46:56.141+0000] {subprocess.py:106} INFO - 26/04/13 16:46:56 INFO CodecPool: Got brand-new compressor [.zstd]
[2026-04-13T16:46:56.142+0000] {subprocess.py:106} INFO - 26/04/13 16:46:56 INFO CodecPool: Got brand-new compressor [.zstd]
[2026-04-13T16:46:56.143+0000] {subprocess.py:106} INFO - 26/04/13 16:46:56 INFO CodecPool: Got brand-new compressor [.zstd]
[2026-04-13T16:46:56.144+0000] {subprocess.py:106} INFO - 26/04/13 16:46:56 INFO CodecPool: Got brand-new compressor [.zstd]
[2026-04-13T16:46:56.144+0000] {subprocess.py:106} INFO - 26/04/13 16:46:56 INFO CodecPool: Got brand-new compressor [.zstd]
[2026-04-13T16:46:56.145+0000] {subprocess.py:106} INFO - 26/04/13 16:46:56 INFO CodecPool: Got brand-new compressor [.zstd]
[2026-04-13T16:46:56.146+0000] {subprocess.py:106} INFO - 26/04/13 16:46:56 INFO CodecPool: Got brand-new compressor [.zstd]
[2026-04-13T16:46:56.146+0000] {subprocess.py:106} INFO - 26/04/13 16:46:56 INFO CodecPool: Got brand-new compressor [.zstd]
[2026-04-13T16:46:56.147+0000] {subprocess.py:106} INFO - 26/04/13 16:46:56 INFO CodecPool: Got brand-new compressor [.zstd]
[2026-04-13T16:46:56.148+0000] {subprocess.py:106} INFO - 26/04/13 16:46:56 INFO CodecPool: Got brand-new compressor [.zstd]
[2026-04-13T16:46:56.149+0000] {subprocess.py:106} INFO - 26/04/13 16:46:56 INFO CodecPool: Got brand-new compressor [.zstd]
[2026-04-13T16:46:56.150+0000] {subprocess.py:106} INFO - 26/04/13 16:46:56 INFO CodecPool: Got brand-new compressor [.zstd]
[2026-04-13T16:46:56.151+0000] {subprocess.py:106} INFO - 26/04/13 16:46:56 INFO CodecPool: Got brand-new compressor [.zstd]
[2026-04-13T16:46:56.151+0000] {subprocess.py:106} INFO - 26/04/13 16:46:56 INFO CodecPool: Got brand-new compressor [.zstd]
[2026-04-13T16:46:56.152+0000] {subprocess.py:106} INFO - 26/04/13 16:46:56 INFO CodecPool: Got brand-new compressor [.zstd]
[2026-04-13T16:46:57.169+0000] {subprocess.py:106} INFO - 26/04/13 16:46:57 INFO VectorizedSparkParquetReaders: Enabling arrow.enable_unsafe_memory_access
[2026-04-13T16:46:57.170+0000] {subprocess.py:106} INFO - 26/04/13 16:46:57 INFO VectorizedSparkParquetReaders: Disabling arrow.enable_null_check_for_get
[2026-04-13T16:46:57.176+0000] {subprocess.py:106} INFO - 26/04/13 16:46:57 INFO BaseAllocator: Debug mode disabled. Enable with the VM option -Darrow.memory.debug.allocator=true.
[2026-04-13T16:46:57.180+0000] {subprocess.py:106} INFO - 26/04/13 16:46:57 INFO DefaultAllocationManagerOption: allocation manager type not specified, using netty as the default type
[2026-04-13T16:46:57.182+0000] {subprocess.py:106} INFO - 26/04/13 16:46:57 INFO CheckAllocator: Using DefaultAllocationManager at memory/DefaultAllocationManagerFactory.class
[2026-04-13T16:46:57.354+0000] {subprocess.py:106} INFO - 26/04/13 16:46:57 INFO CodecPool: Got brand-new decompressor [.zstd]
[2026-04-13T16:46:57.355+0000] {subprocess.py:106} INFO - 26/04/13 16:46:57 INFO CodecPool: Got brand-new decompressor [.zstd]
[2026-04-13T16:46:57.356+0000] {subprocess.py:106} INFO - 26/04/13 16:46:57 INFO CodecPool: Got brand-new decompressor [.zstd]
[2026-04-13T16:46:57.357+0000] {subprocess.py:106} INFO - 26/04/13 16:46:57 INFO CodecPool: Got brand-new decompressor [.zstd]
[2026-04-13T16:46:57.359+0000] {subprocess.py:106} INFO - 26/04/13 16:46:57 INFO CodecPool: Got brand-new decompressor [.zstd]
[2026-04-13T16:46:57.360+0000] {subprocess.py:106} INFO - 26/04/13 16:46:57 INFO CodecPool: Got brand-new decompressor [.zstd]
[2026-04-13T16:46:57.362+0000] {subprocess.py:106} INFO - 26/04/13 16:46:57 INFO CodecPool: Got brand-new decompressor [.zstd]
[2026-04-13T16:46:57.366+0000] {subprocess.py:106} INFO - 26/04/13 16:46:57 INFO CodecPool: Got brand-new decompressor [.zstd]
[2026-04-13T16:46:57.389+0000] {subprocess.py:106} INFO - 26/04/13 16:46:57 INFO CodecPool: Got brand-new decompressor [.zstd]
[2026-04-13T16:46:57.403+0000] {subprocess.py:106} INFO - 26/04/13 16:46:57 INFO CodecPool: Got brand-new decompressor [.zstd]
[2026-04-13T16:46:57.406+0000] {subprocess.py:106} INFO - 26/04/13 16:46:57 INFO CodecPool: Got brand-new decompressor [.zstd]
[2026-04-13T16:46:57.412+0000] {subprocess.py:106} INFO - 26/04/13 16:46:57 INFO CodecPool: Got brand-new decompressor [.zstd]
[2026-04-13T16:46:57.414+0000] {subprocess.py:106} INFO - 26/04/13 16:46:57 INFO CodecPool: Got brand-new decompressor [.zstd]
[2026-04-13T16:46:57.421+0000] {subprocess.py:106} INFO - 26/04/13 16:46:57 INFO CodecPool: Got brand-new decompressor [.zstd]
[2026-04-13T16:46:57.434+0000] {subprocess.py:106} INFO - 26/04/13 16:46:57 INFO CodecPool: Got brand-new decompressor [.zstd]
[2026-04-13T16:46:57.789+0000] {subprocess.py:106} INFO - 26/04/13 16:46:57 INFO CodecPool: Got brand-new decompressor [.zstd]
[2026-04-13T16:46:57.799+0000] {subprocess.py:106} INFO - 26/04/13 16:46:57 INFO CodecPool: Got brand-new decompressor [.zstd]
[2026-04-13T16:46:57.800+0000] {subprocess.py:106} INFO - 26/04/13 16:46:57 INFO CodecPool: Got brand-new decompressor [.zstd]
[2026-04-13T16:46:57.801+0000] {subprocess.py:106} INFO - 26/04/13 16:46:57 INFO CodecPool: Got brand-new decompressor [.zstd]
[2026-04-13T16:46:57.814+0000] {subprocess.py:106} INFO - 26/04/13 16:46:57 INFO CodecPool: Got brand-new decompressor [.zstd]
[2026-04-13T16:46:57.815+0000] {subprocess.py:106} INFO - 26/04/13 16:46:57 INFO CodecPool: Got brand-new decompressor [.zstd]
[2026-04-13T16:46:57.818+0000] {subprocess.py:106} INFO - 26/04/13 16:46:57 INFO CodecPool: Got brand-new decompressor [.zstd]
[2026-04-13T16:46:57.837+0000] {subprocess.py:106} INFO - 26/04/13 16:46:57 INFO CodecPool: Got brand-new decompressor [.zstd]
[2026-04-13T16:46:57.894+0000] {subprocess.py:106} INFO - 26/04/13 16:46:57 INFO CodecPool: Got brand-new decompressor [.zstd]
[2026-04-13T16:46:57.899+0000] {subprocess.py:106} INFO - 26/04/13 16:46:57 INFO CodecPool: Got brand-new decompressor [.zstd]
[2026-04-13T16:46:57.902+0000] {subprocess.py:106} INFO - 26/04/13 16:46:57 INFO CodecPool: Got brand-new decompressor [.zstd]
[2026-04-13T16:46:57.903+0000] {subprocess.py:106} INFO - 26/04/13 16:46:57 INFO CodecPool: Got brand-new decompressor [.zstd]
[2026-04-13T16:46:57.916+0000] {subprocess.py:106} INFO - 26/04/13 16:46:57 INFO CodecPool: Got brand-new decompressor [.zstd]
[2026-04-13T16:46:57.927+0000] {subprocess.py:106} INFO - 26/04/13 16:46:57 INFO CodecPool: Got brand-new decompressor [.zstd]
[2026-04-13T16:46:57.938+0000] {subprocess.py:106} INFO - 26/04/13 16:46:57 INFO CodecPool: Got brand-new decompressor [.zstd]
[2026-04-13T16:46:57.941+0000] {subprocess.py:106} INFO - 26/04/13 16:46:57 INFO CodecPool: Got brand-new decompressor [.zstd]
[2026-04-13T16:46:57.942+0000] {subprocess.py:106} INFO - 26/04/13 16:46:57 INFO CodecPool: Got brand-new decompressor [.zstd]
[2026-04-13T16:46:57.950+0000] {subprocess.py:106} INFO - 26/04/13 16:46:57 INFO CodecPool: Got brand-new decompressor [.zstd]
[2026-04-13T16:46:57.957+0000] {subprocess.py:106} INFO - 26/04/13 16:46:57 INFO CodecPool: Got brand-new decompressor [.zstd]
[2026-04-13T16:46:57.961+0000] {subprocess.py:106} INFO - 26/04/13 16:46:57 INFO CodecPool: Got brand-new decompressor [.zstd]
[2026-04-13T16:46:57.964+0000] {subprocess.py:106} INFO - 26/04/13 16:46:57 INFO CodecPool: Got brand-new decompressor [.zstd]
[2026-04-13T16:46:57.969+0000] {subprocess.py:106} INFO - 26/04/13 16:46:57 INFO CodecPool: Got brand-new decompressor [.zstd]
[2026-04-13T16:46:57.987+0000] {subprocess.py:106} INFO - 26/04/13 16:46:57 INFO CodecPool: Got brand-new decompressor [.zstd]
[2026-04-13T16:46:57.994+0000] {subprocess.py:106} INFO - 26/04/13 16:46:57 INFO CodecPool: Got brand-new decompressor [.zstd]
[2026-04-13T16:46:58.016+0000] {subprocess.py:106} INFO - 26/04/13 16:46:58 INFO CodecPool: Got brand-new decompressor [.zstd]
[2026-04-13T16:46:58.024+0000] {subprocess.py:106} INFO - 26/04/13 16:46:58 INFO CodecPool: Got brand-new decompressor [.zstd]
[2026-04-13T16:46:58.032+0000] {subprocess.py:106} INFO - 26/04/13 16:46:58 INFO CodecPool: Got brand-new decompressor [.zstd]
[2026-04-13T16:46:58.040+0000] {subprocess.py:106} INFO - 26/04/13 16:46:58 INFO CodecPool: Got brand-new decompressor [.zstd]
[2026-04-13T16:46:58.041+0000] {subprocess.py:106} INFO - 26/04/13 16:46:58 INFO CodecPool: Got brand-new decompressor [.zstd]
[2026-04-13T16:46:58.049+0000] {subprocess.py:106} INFO - 26/04/13 16:46:58 INFO CodecPool: Got brand-new decompressor [.zstd]
[2026-04-13T16:46:58.050+0000] {subprocess.py:106} INFO - 26/04/13 16:46:58 INFO CodecPool: Got brand-new decompressor [.zstd]
[2026-04-13T16:46:58.051+0000] {subprocess.py:106} INFO - 26/04/13 16:46:58 INFO DataWritingSparkTask: Writer for partition 6 is committing.
[2026-04-13T16:46:58.052+0000] {subprocess.py:106} INFO - 26/04/13 16:46:58 INFO DataWritingSparkTask: Writer for partition 5 is committing.
[2026-04-13T16:46:58.071+0000] {subprocess.py:106} INFO - 26/04/13 16:46:58 INFO DataWritingSparkTask: Writer for partition 4 is committing.
[2026-04-13T16:46:58.086+0000] {subprocess.py:106} INFO - 26/04/13 16:46:58 INFO CodecPool: Got brand-new decompressor [.zstd]
[2026-04-13T16:46:58.094+0000] {subprocess.py:106} INFO - 26/04/13 16:46:58 INFO CodecPool: Got brand-new decompressor [.zstd]
[2026-04-13T16:46:58.095+0000] {subprocess.py:106} INFO - 26/04/13 16:46:58 INFO CodecPool: Got brand-new decompressor [.zstd]
[2026-04-13T16:46:58.098+0000] {subprocess.py:106} INFO - 26/04/13 16:46:58 INFO CodecPool: Got brand-new decompressor [.zstd]
[2026-04-13T16:46:58.118+0000] {subprocess.py:106} INFO - 26/04/13 16:46:58 INFO DataWritingSparkTask: Writer for partition 14 is committing.
[2026-04-13T16:46:58.119+0000] {subprocess.py:106} INFO - 26/04/13 16:46:58 INFO CodecPool: Got brand-new decompressor [.zstd]
[2026-04-13T16:46:58.123+0000] {subprocess.py:106} INFO - 26/04/13 16:46:58 INFO CodecPool: Got brand-new decompressor [.zstd]
[2026-04-13T16:46:58.125+0000] {subprocess.py:106} INFO - 26/04/13 16:46:58 INFO CodecPool: Got brand-new decompressor [.zstd]
[2026-04-13T16:46:58.128+0000] {subprocess.py:106} INFO - 26/04/13 16:46:58 INFO DataWritingSparkTask: Writer for partition 1 is committing.
[2026-04-13T16:46:58.138+0000] {subprocess.py:106} INFO - 26/04/13 16:46:58 INFO DataWritingSparkTask: Writer for partition 8 is committing.
[2026-04-13T16:46:58.141+0000] {subprocess.py:106} INFO - 26/04/13 16:46:58 INFO CodecPool: Got brand-new decompressor [.zstd]
[2026-04-13T16:46:58.142+0000] {subprocess.py:106} INFO - 26/04/13 16:46:58 INFO CodecPool: Got brand-new decompressor [.zstd]
[2026-04-13T16:46:58.144+0000] {subprocess.py:106} INFO - 26/04/13 16:46:58 INFO DataWritingSparkTask: Writer for partition 3 is committing.
[2026-04-13T16:46:58.153+0000] {subprocess.py:106} INFO - 26/04/13 16:46:58 INFO DataWritingSparkTask: Writer for partition 9 is committing.
[2026-04-13T16:46:58.155+0000] {subprocess.py:106} INFO - 26/04/13 16:46:58 INFO CodecPool: Got brand-new decompressor [.zstd]
[2026-04-13T16:46:58.156+0000] {subprocess.py:106} INFO - 26/04/13 16:46:58 INFO CodecPool: Got brand-new decompressor [.zstd]
[2026-04-13T16:46:58.157+0000] {subprocess.py:106} INFO - 26/04/13 16:46:58 INFO DataWritingSparkTask: Writer for partition 2 is committing.
[2026-04-13T16:46:58.162+0000] {subprocess.py:106} INFO - 26/04/13 16:46:58 INFO DataWritingSparkTask: Writer for partition 0 is committing.
[2026-04-13T16:46:58.178+0000] {subprocess.py:106} INFO - 26/04/13 16:46:58 INFO DataWritingSparkTask: Writer for partition 7 is committing.
[2026-04-13T16:46:58.182+0000] {subprocess.py:106} INFO - 26/04/13 16:46:58 INFO DataWritingSparkTask: Writer for partition 10 is committing.
[2026-04-13T16:46:58.191+0000] {subprocess.py:106} INFO - 26/04/13 16:46:58 INFO CodecPool: Got brand-new decompressor [.zstd]
[2026-04-13T16:46:58.192+0000] {subprocess.py:106} INFO - 26/04/13 16:46:58 INFO DataWritingSparkTask: Writer for partition 12 is committing.
[2026-04-13T16:46:58.218+0000] {subprocess.py:106} INFO - 26/04/13 16:46:58 INFO CodecPool: Got brand-new decompressor [.zstd]
[2026-04-13T16:46:58.229+0000] {subprocess.py:106} INFO - 26/04/13 16:46:58 INFO DataWritingSparkTask: Writer for partition 13 is committing.
[2026-04-13T16:46:58.488+0000] {subprocess.py:106} INFO - 26/04/13 16:46:58 INFO CodecPool: Got brand-new decompressor [.zstd]
[2026-04-13T16:46:58.496+0000] {subprocess.py:106} INFO - 26/04/13 16:46:58 INFO DataWritingSparkTask: Writer for partition 11 is committing.
[2026-04-13T16:46:59.917+0000] {subprocess.py:106} INFO - 26/04/13 16:46:59 INFO DataWritingSparkTask: Committed partition 12 (task 12, attempt 0, stage 0.0)
[2026-04-13T16:46:59.919+0000] {subprocess.py:106} INFO - 26/04/13 16:46:59 INFO DataWritingSparkTask: Committed partition 7 (task 7, attempt 0, stage 0.0)
[2026-04-13T16:46:59.921+0000] {subprocess.py:106} INFO - 26/04/13 16:46:59 INFO DataWritingSparkTask: Committed partition 11 (task 11, attempt 0, stage 0.0)
[2026-04-13T16:46:59.921+0000] {subprocess.py:106} INFO - 26/04/13 16:46:59 INFO DataWritingSparkTask: Committed partition 8 (task 8, attempt 0, stage 0.0)
[2026-04-13T16:46:59.922+0000] {subprocess.py:106} INFO - 26/04/13 16:46:59 INFO DataWritingSparkTask: Committed partition 3 (task 3, attempt 0, stage 0.0)
[2026-04-13T16:46:59.923+0000] {subprocess.py:106} INFO - 26/04/13 16:46:59 INFO DataWritingSparkTask: Committed partition 10 (task 10, attempt 0, stage 0.0)
[2026-04-13T16:46:59.923+0000] {subprocess.py:106} INFO - 26/04/13 16:46:59 INFO DataWritingSparkTask: Committed partition 13 (task 13, attempt 0, stage 0.0)
[2026-04-13T16:46:59.924+0000] {subprocess.py:106} INFO - 26/04/13 16:46:59 INFO DataWritingSparkTask: Committed partition 14 (task 14, attempt 0, stage 0.0)
[2026-04-13T16:46:59.925+0000] {subprocess.py:106} INFO - 26/04/13 16:46:59 INFO DataWritingSparkTask: Committed partition 9 (task 9, attempt 0, stage 0.0)
[2026-04-13T16:46:59.925+0000] {subprocess.py:106} INFO - 26/04/13 16:46:59 INFO DataWritingSparkTask: Committed partition 0 (task 0, attempt 0, stage 0.0)
[2026-04-13T16:46:59.926+0000] {subprocess.py:106} INFO - 26/04/13 16:46:59 INFO DataWritingSparkTask: Committed partition 5 (task 5, attempt 0, stage 0.0)
[2026-04-13T16:46:59.927+0000] {subprocess.py:106} INFO - 26/04/13 16:46:59 INFO DataWritingSparkTask: Committed partition 6 (task 6, attempt 0, stage 0.0)
[2026-04-13T16:46:59.933+0000] {subprocess.py:106} INFO - 26/04/13 16:46:59 INFO DataWritingSparkTask: Committed partition 1 (task 1, attempt 0, stage 0.0)
[2026-04-13T16:46:59.934+0000] {subprocess.py:106} INFO - 26/04/13 16:46:59 INFO DataWritingSparkTask: Committed partition 2 (task 2, attempt 0, stage 0.0)
[2026-04-13T16:46:59.935+0000] {subprocess.py:106} INFO - 26/04/13 16:46:59 INFO DataWritingSparkTask: Committed partition 4 (task 4, attempt 0, stage 0.0)
[2026-04-13T16:46:59.969+0000] {subprocess.py:106} INFO - 26/04/13 16:46:59 INFO Executor: Finished task 10.0 in stage 0.0 (TID 10). 9559 bytes result sent to driver
[2026-04-13T16:46:59.970+0000] {subprocess.py:106} INFO - 26/04/13 16:46:59 INFO Executor: Finished task 1.0 in stage 0.0 (TID 1). 9568 bytes result sent to driver
[2026-04-13T16:46:59.971+0000] {subprocess.py:106} INFO - 26/04/13 16:46:59 INFO Executor: Finished task 13.0 in stage 0.0 (TID 13). 9511 bytes result sent to driver
[2026-04-13T16:46:59.972+0000] {subprocess.py:106} INFO - 26/04/13 16:46:59 INFO Executor: Finished task 11.0 in stage 0.0 (TID 11). 9533 bytes result sent to driver
[2026-04-13T16:46:59.972+0000] {subprocess.py:106} INFO - 26/04/13 16:46:59 INFO Executor: Finished task 3.0 in stage 0.0 (TID 3). 9578 bytes result sent to driver
[2026-04-13T16:46:59.973+0000] {subprocess.py:106} INFO - 26/04/13 16:46:59 INFO Executor: Finished task 6.0 in stage 0.0 (TID 6). 9550 bytes result sent to driver
[2026-04-13T16:46:59.974+0000] {subprocess.py:106} INFO - 26/04/13 16:46:59 INFO Executor: Finished task 4.0 in stage 0.0 (TID 4). 9532 bytes result sent to driver
[2026-04-13T16:46:59.975+0000] {subprocess.py:106} INFO - 26/04/13 16:46:59 INFO Executor: Finished task 2.0 in stage 0.0 (TID 2). 9559 bytes result sent to driver
[2026-04-13T16:46:59.976+0000] {subprocess.py:106} INFO - 26/04/13 16:46:59 INFO Executor: Finished task 14.0 in stage 0.0 (TID 14). 9531 bytes result sent to driver
[2026-04-13T16:46:59.976+0000] {subprocess.py:106} INFO - 26/04/13 16:46:59 INFO Executor: Finished task 7.0 in stage 0.0 (TID 7). 9532 bytes result sent to driver
[2026-04-13T16:46:59.981+0000] {subprocess.py:106} INFO - 26/04/13 16:46:59 INFO Executor: Finished task 9.0 in stage 0.0 (TID 9). 9521 bytes result sent to driver
[2026-04-13T16:46:59.982+0000] {subprocess.py:106} INFO - 26/04/13 16:46:59 INFO Executor: Finished task 12.0 in stage 0.0 (TID 12). 9515 bytes result sent to driver
[2026-04-13T16:46:59.983+0000] {subprocess.py:106} INFO - 26/04/13 16:46:59 INFO Executor: Finished task 8.0 in stage 0.0 (TID 8). 9519 bytes result sent to driver
[2026-04-13T16:46:59.984+0000] {subprocess.py:106} INFO - 26/04/13 16:46:59 INFO Executor: Finished task 5.0 in stage 0.0 (TID 5). 9543 bytes result sent to driver
[2026-04-13T16:46:59.984+0000] {subprocess.py:106} INFO - 26/04/13 16:46:59 INFO Executor: Finished task 0.0 in stage 0.0 (TID 0). 9603 bytes result sent to driver
[2026-04-13T16:47:00.000+0000] {subprocess.py:106} INFO - 26/04/13 16:46:59 INFO TaskSetManager: Finished task 14.0 in stage 0.0 (TID 14) in 4345 ms on spark-master (executor driver) (1/15)
[2026-04-13T16:47:00.004+0000] {subprocess.py:106} INFO - 26/04/13 16:47:00 INFO TaskSetManager: Finished task 13.0 in stage 0.0 (TID 13) in 4356 ms on spark-master (executor driver) (2/15)
[2026-04-13T16:47:00.005+0000] {subprocess.py:106} INFO - 26/04/13 16:47:00 INFO TaskSetManager: Finished task 1.0 in stage 0.0 (TID 1) in 4389 ms on spark-master (executor driver) (3/15)
[2026-04-13T16:47:00.007+0000] {subprocess.py:106} INFO - 26/04/13 16:47:00 INFO TaskSetManager: Finished task 10.0 in stage 0.0 (TID 10) in 4364 ms on spark-master (executor driver) (4/15)
[2026-04-13T16:47:00.009+0000] {subprocess.py:106} INFO - 26/04/13 16:47:00 INFO TaskSetManager: Finished task 11.0 in stage 0.0 (TID 11) in 4365 ms on spark-master (executor driver) (5/15)
[2026-04-13T16:47:00.009+0000] {subprocess.py:106} INFO - 26/04/13 16:47:00 INFO TaskSetManager: Finished task 6.0 in stage 0.0 (TID 6) in 4377 ms on spark-master (executor driver) (6/15)
[2026-04-13T16:47:00.010+0000] {subprocess.py:106} INFO - 26/04/13 16:47:00 INFO TaskSetManager: Finished task 2.0 in stage 0.0 (TID 2) in 4390 ms on spark-master (executor driver) (7/15)
[2026-04-13T16:47:00.016+0000] {subprocess.py:106} INFO - 26/04/13 16:47:00 INFO TaskSetManager: Finished task 7.0 in stage 0.0 (TID 7) in 4377 ms on spark-master (executor driver) (8/15)
[2026-04-13T16:47:00.021+0000] {subprocess.py:106} INFO - 26/04/13 16:47:00 INFO TaskSetManager: Finished task 12.0 in stage 0.0 (TID 12) in 4371 ms on spark-master (executor driver) (9/15)
[2026-04-13T16:47:00.023+0000] {subprocess.py:106} INFO - 26/04/13 16:47:00 INFO TaskSetManager: Finished task 0.0 in stage 0.0 (TID 0) in 4488 ms on spark-master (executor driver) (10/15)
[2026-04-13T16:47:00.032+0000] {subprocess.py:106} INFO - 26/04/13 16:47:00 INFO TaskSetManager: Finished task 4.0 in stage 0.0 (TID 4) in 4401 ms on spark-master (executor driver) (11/15)
[2026-04-13T16:47:00.034+0000] {subprocess.py:106} INFO - 26/04/13 16:47:00 INFO TaskSetManager: Finished task 3.0 in stage 0.0 (TID 3) in 4406 ms on spark-master (executor driver) (12/15)
[2026-04-13T16:47:00.036+0000] {subprocess.py:106} INFO - 26/04/13 16:47:00 INFO TaskSetManager: Finished task 5.0 in stage 0.0 (TID 5) in 4404 ms on spark-master (executor driver) (13/15)
[2026-04-13T16:47:00.040+0000] {subprocess.py:106} INFO - 26/04/13 16:47:00 INFO TaskSetManager: Finished task 8.0 in stage 0.0 (TID 8) in 4402 ms on spark-master (executor driver) (14/15)
[2026-04-13T16:47:00.042+0000] {subprocess.py:106} INFO - 26/04/13 16:47:00 INFO TaskSetManager: Finished task 9.0 in stage 0.0 (TID 9) in 4402 ms on spark-master (executor driver) (15/15)
[2026-04-13T16:47:00.044+0000] {subprocess.py:106} INFO - 26/04/13 16:47:00 INFO DAGScheduler: ResultStage 0 (append at NativeMethodAccessorImpl.java:0) finished in 4707 ms
[2026-04-13T16:47:00.045+0000] {subprocess.py:106} INFO - 26/04/13 16:47:00 INFO TaskSchedulerImpl: Removed TaskSet 0.0 whose tasks have all completed, from pool
[2026-04-13T16:47:00.050+0000] {subprocess.py:106} INFO - 26/04/13 16:47:00 INFO DAGScheduler: Job 0 is finished. Cancelling potential speculative or zombie tasks for this job
[2026-04-13T16:47:00.052+0000] {subprocess.py:106} INFO - 26/04/13 16:47:00 INFO TaskSchedulerImpl: Canceling stage 0
[2026-04-13T16:47:00.055+0000] {subprocess.py:106} INFO - 26/04/13 16:47:00 INFO TaskSchedulerImpl: Killing all running tasks in stage 0: Stage finished
[2026-04-13T16:47:00.060+0000] {subprocess.py:106} INFO - 26/04/13 16:47:00 INFO DAGScheduler: Job 0 finished: append at NativeMethodAccessorImpl.java:0, took 4791.008605 ms
[2026-04-13T16:47:00.067+0000] {subprocess.py:106} INFO - 26/04/13 16:47:00 INFO AppendDataExec: Data source write support IcebergBatchWrite(table=iceberg.air_quality_ml.air_quality_gold, format=PARQUET) is committing.
[2026-04-13T16:47:00.102+0000] {subprocess.py:106} INFO - 26/04/13 16:47:00 INFO SparkWrite: Committing append with 15 new data files to table iceberg.air_quality_ml.air_quality_gold
[2026-04-13T16:47:06.029+0000] {subprocess.py:106} INFO - 26/04/13 16:47:06 INFO HiveTableOperations: Committed to table iceberg.air_quality_ml.air_quality_gold with the new metadata location hdfs://23133083thuyvan-master:9000/user/hive/lakehouse/gold/ml/air_quality_gold/metadata/00013-25332736-5128-48f3-881c-98fd6ec5f48d.metadata.json
[2026-04-13T16:47:06.030+0000] {subprocess.py:106} INFO - 26/04/13 16:47:06 INFO BaseMetastoreTableOperations: Successfully committed to table iceberg.air_quality_ml.air_quality_gold in 5200 ms
[2026-04-13T16:47:06.031+0000] {subprocess.py:106} INFO - 26/04/13 16:47:06 INFO SnapshotProducer: Committed snapshot 5335036266540980110 (MergeAppend)
[2026-04-13T16:47:06.070+0000] {subprocess.py:106} INFO - 26/04/13 16:47:06 INFO BaseMetastoreTableOperations: Refreshing table metadata from new version: hdfs://23133083thuyvan-master:9000/user/hive/lakehouse/gold/ml/air_quality_gold/metadata/00013-25332736-5128-48f3-881c-98fd6ec5f48d.metadata.json
[2026-04-13T16:47:06.094+0000] {subprocess.py:106} INFO - 26/04/13 16:47:06 INFO LoggingMetricsReporter: Received metrics report: CommitReport{tableName=iceberg.air_quality_ml.air_quality_gold, snapshotId=5335036266540980110, sequenceNumber=14, operation=append, commitMetrics=CommitMetricsResult{totalDuration=TimerResult{timeUnit=NANOSECONDS, totalDuration=PT5.939454471S, count=1}, attempts=CounterResult{unit=COUNT, value=1}, addedDataFiles=CounterResult{unit=COUNT, value=15}, removedDataFiles=null, totalDataFiles=CounterResult{unit=COUNT, value=210}, addedDeleteFiles=null, addedEqualityDeleteFiles=null, addedPositionalDeleteFiles=null, addedDVs=null, removedDeleteFiles=null, removedEqualityDeleteFiles=null, removedPositionalDeleteFiles=null, removedDVs=null, totalDeleteFiles=CounterResult{unit=COUNT, value=0}, addedRecords=CounterResult{unit=COUNT, value=100}, removedRecords=null, totalRecords=CounterResult{unit=COUNT, value=1400}, addedFilesSizeInBytes=CounterResult{unit=BYTES, value=142235}, removedFilesSizeInBytes=null, totalFilesSizeInBytes=CounterResult{unit=BYTES, value=2049008}, addedPositionalDeletes=null, removedPositionalDeletes=null, totalPositionalDeletes=CounterResult{unit=COUNT, value=0}, addedEqualityDeletes=null, removedEqualityDeletes=null, totalEqualityDeletes=CounterResult{unit=COUNT, value=0}, manifestsCreated=null, manifestsReplaced=null, manifestsKept=null, manifestEntriesProcessed=null}, metadata={engine-version=4.0.2, app-id=local-1776098797606, engine-name=spark, iceberg-version=Apache Iceberg 1.10.1 (commit ccb8bc435062171e64bc8b7e5f56e6aed9c5b934)}}
[2026-04-13T16:47:06.095+0000] {subprocess.py:106} INFO - 26/04/13 16:47:06 INFO SparkWrite: Committed in 5989 ms
[2026-04-13T16:47:06.096+0000] {subprocess.py:106} INFO - 26/04/13 16:47:06 INFO AppendDataExec: Data source write support IcebergBatchWrite(table=iceberg.air_quality_ml.air_quality_gold, format=PARQUET) committed.
[2026-04-13T16:47:06.098+0000] {subprocess.py:106} INFO - Dữ liệu đã được append vào iceberg.air_quality_ml.air_quality_gold.
[2026-04-13T16:47:06.099+0000] {subprocess.py:106} INFO - ETL from Silver to Gold completed!
[2026-04-13T16:47:06.102+0000] {subprocess.py:106} INFO - 26/04/13 16:47:06 INFO SparkContext: SparkContext is stopping with exitCode 0 from stop at NativeMethodAccessorImpl.java:0.
[2026-04-13T16:47:06.123+0000] {subprocess.py:106} INFO - 26/04/13 16:47:06 INFO SparkUI: Stopped Spark web UI at http://spark-master:4040
[2026-04-13T16:47:06.142+0000] {subprocess.py:106} INFO - 26/04/13 16:47:06 INFO MapOutputTrackerMasterEndpoint: MapOutputTrackerMasterEndpoint stopped!
[2026-04-13T16:47:06.185+0000] {subprocess.py:106} INFO - 26/04/13 16:47:06 INFO MemoryStore: MemoryStore cleared
[2026-04-13T16:47:06.190+0000] {subprocess.py:106} INFO - 26/04/13 16:47:06 INFO BlockManager: BlockManager stopped
[2026-04-13T16:47:06.200+0000] {subprocess.py:106} INFO - 26/04/13 16:47:06 INFO BlockManagerMaster: BlockManagerMaster stopped
[2026-04-13T16:47:06.204+0000] {subprocess.py:106} INFO - 26/04/13 16:47:06 INFO OutputCommitCoordinator$OutputCommitCoordinatorEndpoint: OutputCommitCoordinator stopped!
[2026-04-13T16:47:06.237+0000] {subprocess.py:106} INFO - 26/04/13 16:47:06 INFO SparkContext: Successfully stopped SparkContext
[2026-04-13T16:47:06.739+0000] {subprocess.py:106} INFO - 26/04/13 16:47:06 INFO ShutdownHookManager: Shutdown hook called
[2026-04-13T16:47:06.739+0000] {subprocess.py:106} INFO - 26/04/13 16:47:06 INFO ShutdownHookManager: Deleting directory /tmp/spark-c380aaa7-7aad-47e8-8076-96e707d6537c/pyspark-fde03e74-1e3a-4658-9e04-08fb6c0bd663
[2026-04-13T16:47:06.754+0000] {subprocess.py:106} INFO - 26/04/13 16:47:06 INFO ShutdownHookManager: Deleting directory /tmp/artifacts-d1d43752-b282-4519-8d14-a9fdd1bf7ba2
[2026-04-13T16:47:06.766+0000] {subprocess.py:106} INFO - 26/04/13 16:47:06 INFO ShutdownHookManager: Deleting directory /tmp/spark-c380aaa7-7aad-47e8-8076-96e707d6537c
[2026-04-13T16:47:06.782+0000] {subprocess.py:106} INFO - 26/04/13 16:47:06 INFO ShutdownHookManager: Deleting directory /tmp/spark-a1a36bc5-02c8-4da4-a322-8736a19220d3
[2026-04-13T16:47:07.034+0000] {subprocess.py:110} INFO - Command exited with return code 0
[2026-04-13T16:47:07.284+0000] {taskinstance.py:340} INFO - ::group::Post task execution logs
[2026-04-13T16:47:07.287+0000] {taskinstance.py:352} INFO - Marking task as SUCCESS. dag_id=predict_aqi, task_id=silver_to_gold, run_id=manual__2026-04-13T16:46:18.867185+00:00, execution_date=20260413T164618, start_date=20260413T164625, end_date=20260413T164707
[2026-04-13T16:47:07.363+0000] {local_task_job_runner.py:266} INFO - Task exited with return code 0
[2026-04-13T16:47:07.472+0000] {taskinstance.py:3895} INFO - 1 downstream tasks scheduled from follow-on schedule check
[2026-04-13T16:47:07.478+0000] {local_task_job_runner.py:245} INFO - ::endgroup::
