[2026-04-12T10:00:03.833+0000] {local_task_job_runner.py:123} INFO - ::group::Pre task execution logs
[2026-04-12T10:00:03.878+0000] {taskinstance.py:2613} INFO - Dependencies all met for dep_context=non-requeueable deps ti=<TaskInstance: weather_real_time_pipeline_v2.call_weather_api_and_send_kafka scheduled__2026-04-12T09:58:00+00:00 [queued]>
[2026-04-12T10:00:03.896+0000] {taskinstance.py:2613} INFO - Dependencies all met for dep_context=requeueable deps ti=<TaskInstance: weather_real_time_pipeline_v2.call_weather_api_and_send_kafka scheduled__2026-04-12T09:58:00+00:00 [queued]>
[2026-04-12T10:00:03.897+0000] {taskinstance.py:2866} INFO - Starting attempt 1 of 4
[2026-04-12T10:00:03.935+0000] {taskinstance.py:2889} INFO - Executing <Task(PythonOperator): call_weather_api_and_send_kafka> on 2026-04-12 09:58:00+00:00
[2026-04-12T10:00:03.947+0000] {standard_task_runner.py:104} INFO - Running: ['airflow', 'tasks', 'run', 'weather_real_time_pipeline_v2', 'call_weather_api_and_send_kafka', 'scheduled__2026-04-12T09:58:00+00:00', '--job-id', '47', '--raw', '--subdir', 'DAGS_FOLDER/weather_pipeline_dag.py', '--cfg-path', '/tmp/tmpuybgdrxm']
[2026-04-12T10:00:03.951+0000] {standard_task_runner.py:105} INFO - Job 47: Subtask call_weather_api_and_send_kafka
[2026-04-12T10:00:03.953+0000] {logging_mixin.py:190} WARNING - /home/airflow/airflow/venv/lib/python3.12/site-packages/airflow/task/task_runner/standard_task_runner.py:70 DeprecationWarning: This process (pid=73302) is multi-threaded, use of fork() may lead to deadlocks in the child.
[2026-04-12T10:00:03.962+0000] {standard_task_runner.py:72} INFO - Started process 73368 to run task
[2026-04-12T10:00:04.090+0000] {task_command.py:467} INFO - Running <TaskInstance: weather_real_time_pipeline_v2.call_weather_api_and_send_kafka scheduled__2026-04-12T09:58:00+00:00 [running]> on host airflow
[2026-04-12T10:00:04.284+0000] {taskinstance.py:3132} INFO - Exporting env vars: AIRFLOW_CTX_DAG_OWNER='airflow' AIRFLOW_CTX_DAG_ID='weather_real_time_pipeline_v2' AIRFLOW_CTX_TASK_ID='call_weather_api_and_send_kafka' AIRFLOW_CTX_EXECUTION_DATE='2026-04-12T09:58:00+00:00' AIRFLOW_CTX_TRY_NUMBER='1' AIRFLOW_CTX_DAG_RUN_ID='scheduled__2026-04-12T09:58:00+00:00'
[2026-04-12T10:00:04.286+0000] {taskinstance.py:731} INFO - ::endgroup::
[2026-04-12T10:00:04.313+0000] {logging_mixin.py:190} INFO - Loaded last sent timestamps: {'Ho Chi Minh City': '2026-04-12T16:45', 'Da Nang': '2026-04-12T16:45', 'Hai Phong': '2026-04-12T16:45', 'Can Tho': '2026-04-12T16:45', 'Bien Hoa': '2026-04-12T16:45', 'Nha Trang': '2026-04-12T16:45', 'Hue': '2026-04-12T16:45', 'Vung Tau': '2026-04-12T16:45', 'Da Lat': '2026-04-12T16:45', 'Quy Nhon': '2026-04-12T16:45', 'Nam Dinh': '2026-04-12T16:45', 'Rach Gia': '2026-04-12T16:45', 'Phan Thiet': '2026-04-12T16:45', 'Long Xuyen': '2026-04-12T16:45', 'Ca Mau': '2026-04-12T16:45', 'Buon Ma Thuot': '2026-04-12T16:45', 'Thai Nguyen': '2026-04-12T16:45', 'Vinh': '2026-04-12T16:45', 'Pleiku': '2026-04-12T16:45', 'Phu Quoc': '2026-04-12T16:45'}
[2026-04-12T10:00:04.333+0000] {logging_mixin.py:190} INFO - [2026-04-12 10:00:04.333435] Fetching data for 20 locations...
[2026-04-12T10:00:04.385+0000] {conn.py:362} INFO - <BrokerConnection node_id=bootstrap-0 host=kafka:9092 <connecting> [IPv4 ('172.20.0.4', 9092)]>: connecting to kafka:9092 [('172.20.0.4', 9092) IPv4]
[2026-04-12T10:00:04.386+0000] {conn.py:393} INFO - <BrokerConnection node_id=bootstrap-0 host=kafka:9092 <connecting> [IPv4 ('172.20.0.4', 9092)]>: Connection complete.
[2026-04-12T10:00:38.751+0000] {logging_mixin.py:190} INFO - Error fetching/sending data: HTTPSConnectionPool(host='api.open-meteo.com', port=443): Read timed out. (read timeout=30)
[2026-04-12T10:00:38.756+0000] {kafka.py:486} INFO - Closing the Kafka producer with 9223372036.0 secs timeout.
[2026-04-12T10:00:38.759+0000] {conn.py:673} INFO - <BrokerConnection node_id=bootstrap-0 host=kafka:9092 <connected> [IPv4 ('172.20.0.4', 9092)]>: Closing connection. 
[2026-04-12T10:00:38.763+0000] {python.py:240} INFO - Done. Returned value was: False
[2026-04-12T10:00:38.846+0000] {taskinstance.py:340} INFO - ::group::Post task execution logs
[2026-04-12T10:00:38.850+0000] {taskinstance.py:352} INFO - Marking task as SUCCESS. dag_id=weather_real_time_pipeline_v2, task_id=call_weather_api_and_send_kafka, run_id=scheduled__2026-04-12T09:58:00+00:00, execution_date=20260412T095800, start_date=20260412T100003, end_date=20260412T100038
[2026-04-12T10:00:39.926+0000] {local_task_job_runner.py:266} INFO - Task exited with return code 0
[2026-04-12T10:00:40.000+0000] {taskinstance.py:3895} INFO - 0 downstream tasks scheduled from follow-on schedule check
[2026-04-12T10:00:40.006+0000] {local_task_job_runner.py:245} INFO - ::endgroup::
