[2026-04-11T16:06:00.609+0000] {local_task_job_runner.py:123} INFO - ::group::Pre task execution logs
[2026-04-11T16:06:00.640+0000] {taskinstance.py:2613} INFO - Dependencies all met for dep_context=non-requeueable deps ti=<TaskInstance: weather_real_time_pipeline.manage_spark_streaming scheduled__2026-04-11T16:04:00+00:00 [queued]>
[2026-04-11T16:06:00.650+0000] {taskinstance.py:2613} INFO - Dependencies all met for dep_context=requeueable deps ti=<TaskInstance: weather_real_time_pipeline.manage_spark_streaming scheduled__2026-04-11T16:04:00+00:00 [queued]>
[2026-04-11T16:06:00.650+0000] {taskinstance.py:2866} INFO - Starting attempt 1 of 2
[2026-04-11T16:06:00.668+0000] {taskinstance.py:2889} INFO - Executing <Task(PythonOperator): manage_spark_streaming> on 2026-04-11 16:04:00+00:00
[2026-04-11T16:06:00.678+0000] {logging_mixin.py:190} WARNING - /home/airflow/airflow/venv/lib/python3.12/site-packages/airflow/task/task_runner/standard_task_runner.py:70 DeprecationWarning: This process (pid=113008) is multi-threaded, use of fork() may lead to deadlocks in the child.
[2026-04-11T16:06:00.678+0000] {standard_task_runner.py:104} INFO - Running: ['airflow', 'tasks', 'run', 'weather_real_time_pipeline', 'manage_spark_streaming', 'scheduled__2026-04-11T16:04:00+00:00', '--job-id', '208', '--raw', '--subdir', 'DAGS_FOLDER/weather_pipeline_dag.py', '--cfg-path', '/tmp/tmpcnm01wsi']
[2026-04-11T16:06:00.680+0000] {standard_task_runner.py:72} INFO - Started process 113028 to run task
[2026-04-11T16:06:00.680+0000] {standard_task_runner.py:105} INFO - Job 208: Subtask manage_spark_streaming
[2026-04-11T16:06:00.765+0000] {task_command.py:467} INFO - Running <TaskInstance: weather_real_time_pipeline.manage_spark_streaming scheduled__2026-04-11T16:04:00+00:00 [running]> on host airflow
[2026-04-11T16:06:00.896+0000] {taskinstance.py:3132} INFO - Exporting env vars: AIRFLOW_CTX_DAG_OWNER='airflow' AIRFLOW_CTX_DAG_ID='weather_real_time_pipeline' AIRFLOW_CTX_TASK_ID='manage_spark_streaming' AIRFLOW_CTX_EXECUTION_DATE='2026-04-11T16:04:00+00:00' AIRFLOW_CTX_TRY_NUMBER='1' AIRFLOW_CTX_DAG_RUN_ID='scheduled__2026-04-11T16:04:00+00:00'
[2026-04-11T16:06:00.898+0000] {taskinstance.py:731} INFO - ::endgroup::
[2026-04-11T16:06:01.055+0000] {logging_mixin.py:190} INFO - Không tìm thấy job. Đang khởi động Spark trong chế độ detached...
[2026-04-11T16:06:21.251+0000] {logging_mixin.py:190} INFO - Không thể khởi động Spark: Command '
        docker exec spark-master spark-submit             --packages org.apache.spark:spark-sql-kafka-0-10_2.13:4.0.0,org.apache.iceberg:iceberg-spark-runtime-4.0_2.13:1.10.1             /home/spark/spark/spark_jobs/weather_streaming.py
        ' returned non-zero exit status 1.
[2026-04-11T16:06:21.252+0000] {python.py:240} INFO - Done. Returned value was: None
[2026-04-11T16:06:21.272+0000] {taskinstance.py:340} INFO - ::group::Post task execution logs
[2026-04-11T16:06:21.272+0000] {taskinstance.py:352} INFO - Marking task as SUCCESS. dag_id=weather_real_time_pipeline, task_id=manage_spark_streaming, run_id=scheduled__2026-04-11T16:04:00+00:00, execution_date=20260411T160400, start_date=20260411T160600, end_date=20260411T160621
[2026-04-11T16:06:21.293+0000] {local_task_job_runner.py:266} INFO - Task exited with return code 0
[2026-04-11T16:06:21.320+0000] {taskinstance.py:3895} INFO - 0 downstream tasks scheduled from follow-on schedule check
[2026-04-11T16:06:21.323+0000] {local_task_job_runner.py:245} INFO - ::endgroup::
