[2026-04-10T14:20:00.732+0000] {local_task_job_runner.py:123} INFO - ::group::Pre task execution logs
[2026-04-10T14:20:00.759+0000] {taskinstance.py:2613} INFO - Dependencies all met for dep_context=non-requeueable deps ti=<TaskInstance: weather_real_time_pipeline.call_weather_api_and_send_kafka scheduled__2026-04-10T14:15:00+00:00 [queued]>
[2026-04-10T14:20:00.769+0000] {taskinstance.py:2613} INFO - Dependencies all met for dep_context=requeueable deps ti=<TaskInstance: weather_real_time_pipeline.call_weather_api_and_send_kafka scheduled__2026-04-10T14:15:00+00:00 [queued]>
[2026-04-10T14:20:00.769+0000] {taskinstance.py:2866} INFO - Starting attempt 1 of 3
[2026-04-10T14:20:00.783+0000] {taskinstance.py:2889} INFO - Executing <Task(PythonOperator): call_weather_api_and_send_kafka> on 2026-04-10 14:15:00+00:00
[2026-04-10T14:20:00.791+0000] {standard_task_runner.py:104} INFO - Running: ['airflow', 'tasks', 'run', 'weather_real_time_pipeline', 'call_weather_api_and_send_kafka', 'scheduled__2026-04-10T14:15:00+00:00', '--job-id', '80', '--raw', '--subdir', 'DAGS_FOLDER/weather_pipeline_dag.py', '--cfg-path', '/tmp/tmp3i6xcug8']
[2026-04-10T14:20:00.792+0000] {standard_task_runner.py:105} INFO - Job 80: Subtask call_weather_api_and_send_kafka
[2026-04-10T14:20:00.794+0000] {logging_mixin.py:190} WARNING - /home/airflow/airflow/venv/lib/python3.12/site-packages/airflow/task/task_runner/standard_task_runner.py:70 DeprecationWarning: This process (pid=72309) is multi-threaded, use of fork() may lead to deadlocks in the child.
[2026-04-10T14:20:00.795+0000] {standard_task_runner.py:72} INFO - Started process 72325 to run task
[2026-04-10T14:20:00.870+0000] {task_command.py:467} INFO - Running <TaskInstance: weather_real_time_pipeline.call_weather_api_and_send_kafka scheduled__2026-04-10T14:15:00+00:00 [running]> on host airflow
[2026-04-10T14:20:00.979+0000] {taskinstance.py:3132} INFO - Exporting env vars: AIRFLOW_CTX_DAG_OWNER='van' AIRFLOW_CTX_DAG_ID='weather_real_time_pipeline' AIRFLOW_CTX_TASK_ID='call_weather_api_and_send_kafka' AIRFLOW_CTX_EXECUTION_DATE='2026-04-10T14:15:00+00:00' AIRFLOW_CTX_TRY_NUMBER='1' AIRFLOW_CTX_DAG_RUN_ID='scheduled__2026-04-10T14:15:00+00:00'
[2026-04-10T14:20:00.979+0000] {taskinstance.py:731} INFO - ::endgroup::
[2026-04-10T14:21:07.886+0000] {logging_mixin.py:190} INFO - ❌ Error: KafkaTimeoutError: Failed to update metadata after 60.0 secs.
[2026-04-10T14:21:07.887+0000] {python.py:240} INFO - Done. Returned value was: False
[2026-04-10T14:21:07.919+0000] {taskinstance.py:340} INFO - ::group::Post task execution logs
[2026-04-10T14:21:07.920+0000] {taskinstance.py:352} INFO - Marking task as SUCCESS. dag_id=weather_real_time_pipeline, task_id=call_weather_api_and_send_kafka, run_id=scheduled__2026-04-10T14:15:00+00:00, execution_date=20260410T141500, start_date=20260410T142000, end_date=20260410T142107
[2026-04-10T14:21:07.935+0000] {local_task_job_runner.py:266} INFO - Task exited with return code 0
[2026-04-10T14:21:07.952+0000] {taskinstance.py:3895} INFO - 0 downstream tasks scheduled from follow-on schedule check
[2026-04-10T14:21:07.954+0000] {local_task_job_runner.py:245} INFO - ::endgroup::
[2026-04-10T14:23:46.313+0000] {local_task_job_runner.py:123} INFO - ::group::Pre task execution logs
[2026-04-10T14:23:46.336+0000] {taskinstance.py:2613} INFO - Dependencies all met for dep_context=non-requeueable deps ti=<TaskInstance: weather_real_time_pipeline.call_weather_api_and_send_kafka scheduled__2026-04-10T14:15:00+00:00 [queued]>
[2026-04-10T14:23:46.347+0000] {taskinstance.py:2613} INFO - Dependencies all met for dep_context=requeueable deps ti=<TaskInstance: weather_real_time_pipeline.call_weather_api_and_send_kafka scheduled__2026-04-10T14:15:00+00:00 [queued]>
[2026-04-10T14:23:46.348+0000] {taskinstance.py:2866} INFO - Starting attempt 1 of 3
[2026-04-10T14:23:46.363+0000] {taskinstance.py:2889} INFO - Executing <Task(PythonOperator): call_weather_api_and_send_kafka> on 2026-04-10 14:15:00+00:00
[2026-04-10T14:23:46.371+0000] {standard_task_runner.py:104} INFO - Running: ['airflow', 'tasks', 'run', 'weather_real_time_pipeline', 'call_weather_api_and_send_kafka', 'scheduled__2026-04-10T14:15:00+00:00', '--job-id', '81', '--raw', '--subdir', 'DAGS_FOLDER/weather_pipeline_dag.py', '--cfg-path', '/tmp/tmpz7k4mtv8']
[2026-04-10T14:23:46.373+0000] {standard_task_runner.py:105} INFO - Job 81: Subtask call_weather_api_and_send_kafka
[2026-04-10T14:23:46.374+0000] {logging_mixin.py:190} WARNING - /home/airflow/airflow/venv/lib/python3.12/site-packages/airflow/task/task_runner/standard_task_runner.py:70 DeprecationWarning: This process (pid=82555) is multi-threaded, use of fork() may lead to deadlocks in the child.
[2026-04-10T14:23:46.375+0000] {standard_task_runner.py:72} INFO - Started process 82569 to run task
[2026-04-10T14:23:46.456+0000] {task_command.py:467} INFO - Running <TaskInstance: weather_real_time_pipeline.call_weather_api_and_send_kafka scheduled__2026-04-10T14:15:00+00:00 [running]> on host airflow
[2026-04-10T14:23:46.574+0000] {taskinstance.py:3132} INFO - Exporting env vars: AIRFLOW_CTX_DAG_OWNER='van' AIRFLOW_CTX_DAG_ID='weather_real_time_pipeline' AIRFLOW_CTX_TASK_ID='call_weather_api_and_send_kafka' AIRFLOW_CTX_EXECUTION_DATE='2026-04-10T14:15:00+00:00' AIRFLOW_CTX_TRY_NUMBER='1' AIRFLOW_CTX_DAG_RUN_ID='scheduled__2026-04-10T14:15:00+00:00'
[2026-04-10T14:23:46.575+0000] {taskinstance.py:731} INFO - ::endgroup::
[2026-04-10T14:24:48.046+0000] {logging_mixin.py:190} INFO - ❌ Error: KafkaTimeoutError: Failed to update metadata after 60.0 secs.
[2026-04-10T14:24:48.047+0000] {python.py:240} INFO - Done. Returned value was: False
[2026-04-10T14:24:48.086+0000] {taskinstance.py:340} INFO - ::group::Post task execution logs
[2026-04-10T14:24:48.086+0000] {taskinstance.py:352} INFO - Marking task as SUCCESS. dag_id=weather_real_time_pipeline, task_id=call_weather_api_and_send_kafka, run_id=scheduled__2026-04-10T14:15:00+00:00, execution_date=20260410T141500, start_date=20260410T142346, end_date=20260410T142448
[2026-04-10T14:24:48.102+0000] {local_task_job_runner.py:266} INFO - Task exited with return code 0
[2026-04-10T14:24:48.123+0000] {taskinstance.py:3895} INFO - 0 downstream tasks scheduled from follow-on schedule check
[2026-04-10T14:24:48.125+0000] {local_task_job_runner.py:245} INFO - ::endgroup::
