[2026-04-13T11:46:02.498+0000] {local_task_job_runner.py:123} INFO - ::group::Pre task execution logs
[2026-04-13T11:46:02.540+0000] {taskinstance.py:2613} INFO - Dependencies all met for dep_context=non-requeueable deps ti=<TaskInstance: weather_real_time_pipeline_v2.check_spark_before_start scheduled__2026-04-13T11:44:00+00:00 [queued]>
[2026-04-13T11:46:02.577+0000] {taskinstance.py:2613} INFO - Dependencies all met for dep_context=requeueable deps ti=<TaskInstance: weather_real_time_pipeline_v2.check_spark_before_start scheduled__2026-04-13T11:44:00+00:00 [queued]>
[2026-04-13T11:46:02.578+0000] {taskinstance.py:2866} INFO - Starting attempt 1 of 4
[2026-04-13T11:46:02.630+0000] {taskinstance.py:2889} INFO - Executing <Task(ShortCircuitOperator): check_spark_before_start> on 2026-04-13 11:44:00+00:00
[2026-04-13T11:46:02.701+0000] {standard_task_runner.py:104} INFO - Running: ['airflow', 'tasks', 'run', 'weather_real_time_pipeline_v2', 'check_spark_before_start', 'scheduled__2026-04-13T11:44:00+00:00', '--job-id', '70', '--raw', '--subdir', 'DAGS_FOLDER/weather_pipeline_dag.py', '--cfg-path', '/tmp/tmp2umsj1iv']
[2026-04-13T11:46:02.713+0000] {standard_task_runner.py:105} INFO - Job 70: Subtask check_spark_before_start
[2026-04-13T11:46:02.723+0000] {logging_mixin.py:190} WARNING - /home/airflow/airflow/venv/lib/python3.12/site-packages/airflow/task/task_runner/standard_task_runner.py:70 DeprecationWarning: This process (pid=20996) is multi-threaded, use of fork() may lead to deadlocks in the child.
[2026-04-13T11:46:02.734+0000] {standard_task_runner.py:72} INFO - Started process 21030 to run task
[2026-04-13T11:46:03.191+0000] {task_command.py:467} INFO - Running <TaskInstance: weather_real_time_pipeline_v2.check_spark_before_start scheduled__2026-04-13T11:44:00+00:00 [running]> on host airflow
[2026-04-13T11:46:04.062+0000] {taskinstance.py:3132} INFO - Exporting env vars: AIRFLOW_CTX_DAG_OWNER='airflow' AIRFLOW_CTX_DAG_ID='weather_real_time_pipeline_v2' AIRFLOW_CTX_TASK_ID='check_spark_before_start' AIRFLOW_CTX_EXECUTION_DATE='2026-04-13T11:44:00+00:00' AIRFLOW_CTX_TRY_NUMBER='1' AIRFLOW_CTX_DAG_RUN_ID='scheduled__2026-04-13T11:44:00+00:00'
[2026-04-13T11:46:04.071+0000] {taskinstance.py:731} INFO - ::endgroup::
[2026-04-13T11:46:04.156+0000] {baseoperator.py:421} WARNING - ShortCircuitOperator.execute cannot be called outside TaskInstance!
[2026-04-13T11:46:07.183+0000] {logging_mixin.py:190} INFO - Job 'weather_streaming.py' đang chạy. Sẽ skip task khởi động.
[2026-04-13T11:46:07.209+0000] {python.py:240} INFO - Done. Returned value was: False
[2026-04-13T11:46:07.301+0000] {python.py:309} INFO - Condition result is False
[2026-04-13T11:46:07.309+0000] {python.py:336} INFO - Skipping downstream tasks
[2026-04-13T11:46:07.580+0000] {python.py:344} INFO - Done.
[2026-04-13T11:46:07.703+0000] {taskinstance.py:340} INFO - ::group::Post task execution logs
[2026-04-13T11:46:07.710+0000] {taskinstance.py:352} INFO - Marking task as SUCCESS. dag_id=weather_real_time_pipeline_v2, task_id=check_spark_before_start, run_id=scheduled__2026-04-13T11:44:00+00:00, execution_date=20260413T114400, start_date=20260413T114602, end_date=20260413T114607
[2026-04-13T11:46:08.100+0000] {local_task_job_runner.py:266} INFO - Task exited with return code 0
[2026-04-13T11:46:08.177+0000] {taskinstance.py:3895} INFO - 0 downstream tasks scheduled from follow-on schedule check
[2026-04-13T11:46:08.184+0000] {local_task_job_runner.py:245} INFO - ::endgroup::
