[2026-04-13T11:44:08.542+0000] {local_task_job_runner.py:123} INFO - ::group::Pre task execution logs
[2026-04-13T11:44:08.575+0000] {taskinstance.py:2613} INFO - Dependencies all met for dep_context=non-requeueable deps ti=<TaskInstance: weather_real_time_pipeline_v2.start_spark_streaming_job manual__2026-04-13T11:44:03.646380+00:00 [queued]>
[2026-04-13T11:44:08.591+0000] {taskinstance.py:2613} INFO - Dependencies all met for dep_context=requeueable deps ti=<TaskInstance: weather_real_time_pipeline_v2.start_spark_streaming_job manual__2026-04-13T11:44:03.646380+00:00 [queued]>
[2026-04-13T11:44:08.592+0000] {taskinstance.py:2866} INFO - Starting attempt 1 of 4
[2026-04-13T11:44:08.610+0000] {taskinstance.py:2889} INFO - Executing <Task(BashOperator): start_spark_streaming_job> on 2026-04-13 11:44:03.646380+00:00
[2026-04-13T11:44:08.621+0000] {standard_task_runner.py:104} INFO - Running: ['airflow', 'tasks', 'run', 'weather_real_time_pipeline_v2', 'start_spark_streaming_job', 'manual__2026-04-13T11:44:03.646380+00:00', '--job-id', '64', '--raw', '--subdir', 'DAGS_FOLDER/weather_pipeline_dag.py', '--cfg-path', '/tmp/tmp0mxn2l7s']
[2026-04-13T11:44:08.622+0000] {standard_task_runner.py:105} INFO - Job 64: Subtask start_spark_streaming_job
[2026-04-13T11:44:08.624+0000] {logging_mixin.py:190} WARNING - /home/airflow/airflow/venv/lib/python3.12/site-packages/airflow/task/task_runner/standard_task_runner.py:70 DeprecationWarning: This process (pid=14425) is multi-threaded, use of fork() may lead to deadlocks in the child.
[2026-04-13T11:44:08.625+0000] {standard_task_runner.py:72} INFO - Started process 14451 to run task
[2026-04-13T11:44:08.705+0000] {task_command.py:467} INFO - Running <TaskInstance: weather_real_time_pipeline_v2.start_spark_streaming_job manual__2026-04-13T11:44:03.646380+00:00 [running]> on host airflow
[2026-04-13T11:44:08.830+0000] {taskinstance.py:3132} INFO - Exporting env vars: AIRFLOW_CTX_DAG_OWNER='airflow' AIRFLOW_CTX_DAG_ID='weather_real_time_pipeline_v2' AIRFLOW_CTX_TASK_ID='start_spark_streaming_job' AIRFLOW_CTX_EXECUTION_DATE='2026-04-13T11:44:03.646380+00:00' AIRFLOW_CTX_TRY_NUMBER='1' AIRFLOW_CTX_DAG_RUN_ID='manual__2026-04-13T11:44:03.646380+00:00'
[2026-04-13T11:44:08.832+0000] {taskinstance.py:731} INFO - ::endgroup::
[2026-04-13T11:44:08.845+0000] {subprocess.py:78} INFO - Tmp dir root location: /tmp
[2026-04-13T11:44:08.849+0000] {subprocess.py:88} INFO - Running command: ['/usr/bin/bash', '-c', 'docker exec spark-master spark-submit                 --packages org.apache.spark:spark-sql-kafka-0-10_2.13:4.0.0,org.apache.iceberg:iceberg-spark-runtime-4.0_2.13:1.10.1                 /home/spark/spark/spark_jobs/weather_streaming.py']
[2026-04-13T11:44:08.859+0000] {subprocess.py:99} INFO - Output:
[2026-04-13T11:44:09.331+0000] {subprocess.py:106} INFO - WARNING: Using incubator modules: jdk.incubator.vector
[2026-04-13T11:44:11.712+0000] {subprocess.py:106} INFO - :: loading settings :: url = jar:file:/home/spark/spark/jars/ivy-2.5.3.jar!/org/apache/ivy/core/settings/ivysettings.xml
[2026-04-13T11:44:11.870+0000] {subprocess.py:106} INFO - Ivy Default Cache set to: /home/spark/.ivy2.5.2/cache
[2026-04-13T11:44:11.871+0000] {subprocess.py:106} INFO - The jars for the packages stored in: /home/spark/.ivy2.5.2/jars
[2026-04-13T11:44:11.899+0000] {subprocess.py:106} INFO - org.apache.spark#spark-sql-kafka-0-10_2.13 added as a dependency
[2026-04-13T11:44:11.900+0000] {subprocess.py:106} INFO - org.apache.iceberg#iceberg-spark-runtime-4.0_2.13 added as a dependency
[2026-04-13T11:44:11.907+0000] {subprocess.py:106} INFO - :: resolving dependencies :: org.apache.spark#spark-submit-parent-dbfdfeed-4c7c-40c8-b701-246e61983ea8;1.0
[2026-04-13T11:44:11.908+0000] {subprocess.py:106} INFO - 	confs: [default]
[2026-04-13T11:44:15.262+0000] {subprocess.py:106} INFO - 	found org.apache.spark#spark-sql-kafka-0-10_2.13;4.0.0 in central
[2026-04-13T11:44:16.062+0000] {subprocess.py:106} INFO - 	found org.apache.spark#spark-token-provider-kafka-0-10_2.13;4.0.0 in central
[2026-04-13T11:44:16.249+0000] {subprocess.py:106} INFO - 	found org.apache.kafka#kafka-clients;3.9.0 in central
[2026-04-13T11:44:16.460+0000] {subprocess.py:106} INFO - 	found org.lz4#lz4-java;1.8.0 in central
[2026-04-13T11:44:16.708+0000] {subprocess.py:106} INFO - 	found org.xerial.snappy#snappy-java;1.1.10.7 in central
[2026-04-13T11:44:18.625+0000] {subprocess.py:106} INFO - 	found org.slf4j#slf4j-api;2.0.16 in central
[2026-04-13T11:44:20.394+0000] {subprocess.py:106} INFO - 	found org.apache.hadoop#hadoop-client-runtime;3.4.1 in central
[2026-04-13T11:44:20.656+0000] {subprocess.py:106} INFO - 	found org.apache.hadoop#hadoop-client-api;3.4.1 in central
[2026-04-13T11:44:20.702+0000] {subprocess.py:106} INFO - 	found com.google.code.findbugs#jsr305;3.0.0 in central
[2026-04-13T11:44:20.730+0000] {subprocess.py:106} INFO - 	found org.scala-lang.modules#scala-parallel-collections_2.13;1.2.0 in central
[2026-04-13T11:44:21.408+0000] {subprocess.py:106} INFO - 	found org.apache.commons#commons-pool2;2.12.0 in central
[2026-04-13T11:44:21.442+0000] {subprocess.py:106} INFO - 	found org.apache.iceberg#iceberg-spark-runtime-4.0_2.13;1.10.1 in central
[2026-04-13T11:44:21.527+0000] {subprocess.py:106} INFO - downloading https://repo1.maven.org/maven2/org/apache/spark/spark-sql-kafka-0-10_2.13/4.0.0/spark-sql-kafka-0-10_2.13-4.0.0.jar ...
[2026-04-13T11:44:21.968+0000] {subprocess.py:106} INFO - downloading https://repo1.maven.org/maven2/org/apache/iceberg/iceberg-spark-runtime-4.0_2.13/1.10.1/iceberg-spark-runtime-4.0_2.13-1.10.1.jar ...
[2026-04-13T11:44:49.694+0000] {subprocess.py:106} INFO - downloading https://repo1.maven.org/maven2/org/apache/spark/spark-token-provider-kafka-0-10_2.13/4.0.0/spark-token-provider-kafka-0-10_2.13-4.0.0.jar ...
[2026-04-13T11:44:49.769+0000] {subprocess.py:106} INFO - 	[SUCCESSFUL ] org.apache.spark#spark-token-provider-kafka-0-10_2.13;4.0.0!spark-token-provider-kafka-0-10_2.13.jar (208ms)
[2026-04-13T11:44:49.869+0000] {subprocess.py:106} INFO - downloading https://repo1.maven.org/maven2/org/apache/kafka/kafka-clients/3.9.0/kafka-clients-3.9.0.jar ...
[2026-04-13T11:44:51.243+0000] {subprocess.py:106} INFO - downloading https://repo1.maven.org/maven2/org/apache/hadoop/hadoop-client-runtime/3.4.1/hadoop-client-runtime-3.4.1.jar ...
[2026-04-13T11:44:54.079+0000] {subprocess.py:106} INFO - 	[SUCCESSFUL ] org.apache.hadoop#hadoop-client-runtime;3.4.1!hadoop-client-runtime.jar (2899ms)
[2026-04-13T11:44:54.171+0000] {subprocess.py:106} INFO - downloading https://repo1.maven.org/maven2/org/apache/hadoop/hadoop-client-api/3.4.1/hadoop-client-api-3.4.1.jar ...
[2026-04-13T11:44:55.822+0000] {subprocess.py:106} INFO - 	[SUCCESSFUL ] org.apache.hadoop#hadoop-client-api;3.4.1!hadoop-client-api.jar (1713ms)
[2026-04-13T11:44:55.831+0000] {subprocess.py:106} INFO - :: resolution report :: resolve 9557ms :: artifacts dl 34362ms
[2026-04-13T11:44:55.835+0000] {subprocess.py:106} INFO - 	:: modules in use:
[2026-04-13T11:44:55.850+0000] {subprocess.py:106} INFO - 	com.google.code.findbugs#jsr305;3.0.0 from central in [default]
[2026-04-13T11:44:55.855+0000] {subprocess.py:106} INFO - 	org.apache.commons#commons-pool2;2.12.0 from central in [default]
[2026-04-13T11:44:55.856+0000] {subprocess.py:106} INFO - 	org.apache.hadoop#hadoop-client-api;3.4.1 from central in [default]
[2026-04-13T11:44:55.857+0000] {subprocess.py:106} INFO - 	org.apache.hadoop#hadoop-client-runtime;3.4.1 from central in [default]
[2026-04-13T11:44:55.858+0000] {subprocess.py:106} INFO - 	org.apache.iceberg#iceberg-spark-runtime-4.0_2.13;1.10.1 from central in [default]
[2026-04-13T11:44:55.859+0000] {subprocess.py:106} INFO - 	org.apache.kafka#kafka-clients;3.9.0 from central in [default]
[2026-04-13T11:44:55.859+0000] {subprocess.py:106} INFO - 	org.apache.spark#spark-sql-kafka-0-10_2.13;4.0.0 from central in [default]
[2026-04-13T11:44:55.861+0000] {subprocess.py:106} INFO - 	org.apache.spark#spark-token-provider-kafka-0-10_2.13;4.0.0 from central in [default]
[2026-04-13T11:44:55.861+0000] {subprocess.py:106} INFO - 	org.lz4#lz4-java;1.8.0 from central in [default]
[2026-04-13T11:44:55.863+0000] {subprocess.py:106} INFO - 	org.scala-lang.modules#scala-parallel-collections_2.13;1.2.0 from central in [default]
[2026-04-13T11:44:55.866+0000] {subprocess.py:106} INFO - 	org.slf4j#slf4j-api;2.0.16 from central in [default]
[2026-04-13T11:44:55.868+0000] {subprocess.py:106} INFO - 	org.xerial.snappy#snappy-java;1.1.10.7 from central in [default]
[2026-04-13T11:44:55.869+0000] {subprocess.py:106} INFO - 	---------------------------------------------------------------------
[2026-04-13T11:44:55.870+0000] {subprocess.py:106} INFO - 	|                  |            modules            ||   artifacts   |
[2026-04-13T11:44:55.872+0000] {subprocess.py:106} INFO - 	|       conf       | number| search|dwnlded|evicted|| number|dwnlded|
[2026-04-13T11:44:55.872+0000] {subprocess.py:106} INFO - 	---------------------------------------------------------------------
[2026-04-13T11:44:55.873+0000] {subprocess.py:106} INFO - 	|      default     |   12  |   9   |   9   |   0   ||   12  |   3   |
[2026-04-13T11:44:55.874+0000] {subprocess.py:106} INFO - 	---------------------------------------------------------------------
[2026-04-13T11:44:56.064+0000] {subprocess.py:106} INFO - 
[2026-04-13T11:44:56.065+0000] {subprocess.py:106} INFO - :: problems summary ::
[2026-04-13T11:44:56.066+0000] {subprocess.py:106} INFO - :::: WARNINGS
[2026-04-13T11:44:56.069+0000] {subprocess.py:106} INFO - 		[FAILED     ] org.apache.spark#spark-sql-kafka-0-10_2.13;4.0.0!spark-sql-kafka-0-10_2.13.jar: Downloaded file size (0) doesn't match expected Content Length (467590) for https://repo1.maven.org/maven2/org/apache/spark/spark-sql-kafka-0-10_2.13/4.0.0/spark-sql-kafka-0-10_2.13-4.0.0.jar. Please retry. (436ms)
[2026-04-13T11:44:56.070+0000] {subprocess.py:106} INFO - 
[2026-04-13T11:44:56.071+0000] {subprocess.py:106} INFO - 		[FAILED     ] org.apache.spark#spark-sql-kafka-0-10_2.13;4.0.0!spark-sql-kafka-0-10_2.13.jar: Downloaded file size (0) doesn't match expected Content Length (467590) for https://repo1.maven.org/maven2/org/apache/spark/spark-sql-kafka-0-10_2.13/4.0.0/spark-sql-kafka-0-10_2.13-4.0.0.jar. Please retry. (436ms)
[2026-04-13T11:44:56.072+0000] {subprocess.py:106} INFO - 
[2026-04-13T11:44:56.073+0000] {subprocess.py:106} INFO - 	==== central: tried
[2026-04-13T11:44:56.076+0000] {subprocess.py:106} INFO - 
[2026-04-13T11:44:56.077+0000] {subprocess.py:106} INFO - 	  https://repo1.maven.org/maven2/org/apache/spark/spark-sql-kafka-0-10_2.13/4.0.0/spark-sql-kafka-0-10_2.13-4.0.0.jar
[2026-04-13T11:44:56.079+0000] {subprocess.py:106} INFO - 
[2026-04-13T11:44:56.081+0000] {subprocess.py:106} INFO - 		[FAILED     ] org.apache.iceberg#iceberg-spark-runtime-4.0_2.13;1.10.1!iceberg-spark-runtime-4.0_2.13.jar: Downloaded file size (0) doesn't match expected Content Length (47083764) for https://repo1.maven.org/maven2/org/apache/iceberg/iceberg-spark-runtime-4.0_2.13/1.10.1/iceberg-spark-runtime-4.0_2.13-1.10.1.jar. Please retry. (27565ms)
[2026-04-13T11:44:56.084+0000] {subprocess.py:106} INFO - 
[2026-04-13T11:44:56.086+0000] {subprocess.py:106} INFO - 		[FAILED     ] org.apache.iceberg#iceberg-spark-runtime-4.0_2.13;1.10.1!iceberg-spark-runtime-4.0_2.13.jar: Downloaded file size (0) doesn't match expected Content Length (47083764) for https://repo1.maven.org/maven2/org/apache/iceberg/iceberg-spark-runtime-4.0_2.13/1.10.1/iceberg-spark-runtime-4.0_2.13-1.10.1.jar. Please retry. (27565ms)
[2026-04-13T11:44:56.087+0000] {subprocess.py:106} INFO - 
[2026-04-13T11:44:56.087+0000] {subprocess.py:106} INFO - 	==== central: tried
[2026-04-13T11:44:56.088+0000] {subprocess.py:106} INFO - 
[2026-04-13T11:44:56.089+0000] {subprocess.py:106} INFO - 	  https://repo1.maven.org/maven2/org/apache/iceberg/iceberg-spark-runtime-4.0_2.13/1.10.1/iceberg-spark-runtime-4.0_2.13-1.10.1.jar
[2026-04-13T11:44:56.091+0000] {subprocess.py:106} INFO - 
[2026-04-13T11:44:56.092+0000] {subprocess.py:106} INFO - 		[FAILED     ] org.apache.kafka#kafka-clients;3.9.0!kafka-clients.jar: Downloaded file size (0) doesn't match expected Content Length (9204801) for https://repo1.maven.org/maven2/org/apache/kafka/kafka-clients/3.9.0/kafka-clients-3.9.0.jar. Please retry. (1351ms)
[2026-04-13T11:44:56.093+0000] {subprocess.py:106} INFO - 
[2026-04-13T11:44:56.094+0000] {subprocess.py:106} INFO - 		[FAILED     ] org.apache.kafka#kafka-clients;3.9.0!kafka-clients.jar: Downloaded file size (0) doesn't match expected Content Length (9204801) for https://repo1.maven.org/maven2/org/apache/kafka/kafka-clients/3.9.0/kafka-clients-3.9.0.jar. Please retry. (1351ms)
[2026-04-13T11:44:56.094+0000] {subprocess.py:106} INFO - 
[2026-04-13T11:44:56.095+0000] {subprocess.py:106} INFO - 	==== central: tried
[2026-04-13T11:44:56.097+0000] {subprocess.py:106} INFO - 
[2026-04-13T11:44:56.098+0000] {subprocess.py:106} INFO - 	  https://repo1.maven.org/maven2/org/apache/kafka/kafka-clients/3.9.0/kafka-clients-3.9.0.jar
[2026-04-13T11:44:56.100+0000] {subprocess.py:106} INFO - 
[2026-04-13T11:44:56.101+0000] {subprocess.py:106} INFO - 		::::::::::::::::::::::::::::::::::::::::::::::
[2026-04-13T11:44:56.102+0000] {subprocess.py:106} INFO - 
[2026-04-13T11:44:56.102+0000] {subprocess.py:106} INFO - 		::              FAILED DOWNLOADS            ::
[2026-04-13T11:44:56.103+0000] {subprocess.py:106} INFO - 
[2026-04-13T11:44:56.105+0000] {subprocess.py:106} INFO - 		:: ^ see resolution messages for details  ^ ::
[2026-04-13T11:44:56.106+0000] {subprocess.py:106} INFO - 
[2026-04-13T11:44:56.107+0000] {subprocess.py:106} INFO - 		::::::::::::::::::::::::::::::::::::::::::::::
[2026-04-13T11:44:56.108+0000] {subprocess.py:106} INFO - 
[2026-04-13T11:44:56.108+0000] {subprocess.py:106} INFO - 		:: org.apache.spark#spark-sql-kafka-0-10_2.13;4.0.0!spark-sql-kafka-0-10_2.13.jar
[2026-04-13T11:44:56.109+0000] {subprocess.py:106} INFO - 
[2026-04-13T11:44:56.110+0000] {subprocess.py:106} INFO - 		:: org.apache.kafka#kafka-clients;3.9.0!kafka-clients.jar
[2026-04-13T11:44:56.111+0000] {subprocess.py:106} INFO - 
[2026-04-13T11:44:56.111+0000] {subprocess.py:106} INFO - 		:: org.apache.iceberg#iceberg-spark-runtime-4.0_2.13;1.10.1!iceberg-spark-runtime-4.0_2.13.jar
[2026-04-13T11:44:56.112+0000] {subprocess.py:106} INFO - 
[2026-04-13T11:44:56.113+0000] {subprocess.py:106} INFO - 		::::::::::::::::::::::::::::::::::::::::::::::
[2026-04-13T11:44:56.113+0000] {subprocess.py:106} INFO - 
[2026-04-13T11:44:56.114+0000] {subprocess.py:106} INFO - 
[2026-04-13T11:44:56.116+0000] {subprocess.py:106} INFO - 
[2026-04-13T11:44:56.117+0000] {subprocess.py:106} INFO - :: USE VERBOSE OR DEBUG MESSAGE LEVEL FOR MORE DETAILS
[2026-04-13T11:44:56.169+0000] {subprocess.py:106} INFO - Exception in thread "main" java.lang.RuntimeException: [download failed: org.apache.spark#spark-sql-kafka-0-10_2.13;4.0.0!spark-sql-kafka-0-10_2.13.jar, download failed: org.apache.kafka#kafka-clients;3.9.0!kafka-clients.jar, download failed: org.apache.iceberg#iceberg-spark-runtime-4.0_2.13;1.10.1!iceberg-spark-runtime-4.0_2.13.jar]
[2026-04-13T11:44:56.171+0000] {subprocess.py:106} INFO - 	at org.apache.spark.util.MavenUtils$.resolveMavenCoordinates(MavenUtils.scala:540)
[2026-04-13T11:44:56.172+0000] {subprocess.py:106} INFO - 	at org.apache.spark.util.DependencyUtils$.resolveMavenDependencies(DependencyUtils.scala:123)
[2026-04-13T11:44:56.172+0000] {subprocess.py:106} INFO - 	at org.apache.spark.deploy.SparkSubmit.prepareSubmitEnvironment(SparkSubmit.scala:341)
[2026-04-13T11:44:56.173+0000] {subprocess.py:106} INFO - 	at org.apache.spark.deploy.SparkSubmit.org$apache$spark$deploy$SparkSubmit$$runMain(SparkSubmit.scala:961)
[2026-04-13T11:44:56.174+0000] {subprocess.py:106} INFO - 	at org.apache.spark.deploy.SparkSubmit.doRunMain$1(SparkSubmit.scala:204)
[2026-04-13T11:44:56.175+0000] {subprocess.py:106} INFO - 	at org.apache.spark.deploy.SparkSubmit.submit(SparkSubmit.scala:227)
[2026-04-13T11:44:56.175+0000] {subprocess.py:106} INFO - 	at org.apache.spark.deploy.SparkSubmit.doSubmit(SparkSubmit.scala:96)
[2026-04-13T11:44:56.176+0000] {subprocess.py:106} INFO - 	at org.apache.spark.deploy.SparkSubmit$$anon$2.doSubmit(SparkSubmit.scala:1132)
[2026-04-13T11:44:56.177+0000] {subprocess.py:106} INFO - 	at org.apache.spark.deploy.SparkSubmit$.main(SparkSubmit.scala:1141)
[2026-04-13T11:44:56.177+0000] {subprocess.py:106} INFO - 	at org.apache.spark.deploy.SparkSubmit.main(SparkSubmit.scala)
[2026-04-13T11:44:56.319+0000] {subprocess.py:110} INFO - Command exited with return code 1
[2026-04-13T11:44:56.744+0000] {taskinstance.py:3311} ERROR - Task failed with exception
Traceback (most recent call last):
  File "/home/airflow/airflow/venv/lib/python3.12/site-packages/airflow/models/taskinstance.py", line 767, in _execute_task
    result = _execute_callable(context=context, **execute_callable_kwargs)
             ^^^^^^^^^^^^^^^^^^^^^^^^^^^^^^^^^^^^^^^^^^^^^^^^^^^^^^^^^^^^^
  File "/home/airflow/airflow/venv/lib/python3.12/site-packages/airflow/models/taskinstance.py", line 733, in _execute_callable
    return ExecutionCallableRunner(
           ^^^^^^^^^^^^^^^^^^^^^^^^
  File "/home/airflow/airflow/venv/lib/python3.12/site-packages/airflow/utils/operator_helpers.py", line 252, in run
    return self.func(*args, **kwargs)
           ^^^^^^^^^^^^^^^^^^^^^^^^^^
  File "/home/airflow/airflow/venv/lib/python3.12/site-packages/airflow/models/baseoperator.py", line 422, in wrapper
    return func(self, *args, **kwargs)
           ^^^^^^^^^^^^^^^^^^^^^^^^^^^
  File "/home/airflow/airflow/venv/lib/python3.12/site-packages/airflow/operators/bash.py", line 276, in execute
    raise AirflowException(
airflow.exceptions.AirflowException: Bash command failed. The command returned a non-zero exit code 1.
[2026-04-13T11:44:56.855+0000] {taskinstance.py:1225} INFO - Marking task as UP_FOR_RETRY. dag_id=weather_real_time_pipeline_v2, task_id=start_spark_streaming_job, run_id=manual__2026-04-13T11:44:03.646380+00:00, execution_date=20260413T114403, start_date=20260413T114408, end_date=20260413T114456
[2026-04-13T11:44:57.068+0000] {taskinstance.py:340} INFO - ::group::Post task execution logs
[2026-04-13T11:44:57.073+0000] {standard_task_runner.py:124} ERROR - Failed to execute job 64 for task start_spark_streaming_job (Bash command failed. The command returned a non-zero exit code 1.; 14451)
Traceback (most recent call last):
  File "/home/airflow/airflow/venv/lib/python3.12/site-packages/airflow/task/task_runner/standard_task_runner.py", line 117, in _start_by_fork
    ret = args.func(args, dag=self.dag)
          ^^^^^^^^^^^^^^^^^^^^^^^^^^^^^
  File "/home/airflow/airflow/venv/lib/python3.12/site-packages/airflow/cli/cli_config.py", line 49, in command
    return func(*args, **kwargs)
           ^^^^^^^^^^^^^^^^^^^^^
  File "/home/airflow/airflow/venv/lib/python3.12/site-packages/airflow/utils/cli.py", line 116, in wrapper
    return f(*args, **kwargs)
           ^^^^^^^^^^^^^^^^^^
  File "/home/airflow/airflow/venv/lib/python3.12/site-packages/airflow/cli/commands/task_command.py", line 483, in task_run
    task_return_code = _run_task_by_selected_method(args, _dag, ti)
                       ^^^^^^^^^^^^^^^^^^^^^^^^^^^^^^^^^^^^^^^^^^^^
  File "/home/airflow/airflow/venv/lib/python3.12/site-packages/airflow/cli/commands/task_command.py", line 256, in _run_task_by_selected_method
    return _run_raw_task(args, ti)
           ^^^^^^^^^^^^^^^^^^^^^^^
  File "/home/airflow/airflow/venv/lib/python3.12/site-packages/airflow/cli/commands/task_command.py", line 341, in _run_raw_task
    return ti._run_raw_task(
           ^^^^^^^^^^^^^^^^^
  File "/home/airflow/airflow/venv/lib/python3.12/site-packages/airflow/utils/session.py", line 97, in wrapper
    return func(*args, session=session, **kwargs)
           ^^^^^^^^^^^^^^^^^^^^^^^^^^^^^^^^^^^^^^
  File "/home/airflow/airflow/venv/lib/python3.12/site-packages/airflow/models/taskinstance.py", line 3005, in _run_raw_task
    return _run_raw_task(
           ^^^^^^^^^^^^^^
  File "/home/airflow/airflow/venv/lib/python3.12/site-packages/airflow/models/taskinstance.py", line 273, in _run_raw_task
    TaskInstance._execute_task_with_callbacks(
  File "/home/airflow/airflow/venv/lib/python3.12/site-packages/airflow/models/taskinstance.py", line 3159, in _execute_task_with_callbacks
    result = self._execute_task(context, task_orig)
             ^^^^^^^^^^^^^^^^^^^^^^^^^^^^^^^^^^^^^^
  File "/home/airflow/airflow/venv/lib/python3.12/site-packages/airflow/models/taskinstance.py", line 3183, in _execute_task
    return _execute_task(self, context, task_orig)
           ^^^^^^^^^^^^^^^^^^^^^^^^^^^^^^^^^^^^^^^
  File "/home/airflow/airflow/venv/lib/python3.12/site-packages/airflow/models/taskinstance.py", line 767, in _execute_task
    result = _execute_callable(context=context, **execute_callable_kwargs)
             ^^^^^^^^^^^^^^^^^^^^^^^^^^^^^^^^^^^^^^^^^^^^^^^^^^^^^^^^^^^^^
  File "/home/airflow/airflow/venv/lib/python3.12/site-packages/airflow/models/taskinstance.py", line 733, in _execute_callable
    return ExecutionCallableRunner(
           ^^^^^^^^^^^^^^^^^^^^^^^^
  File "/home/airflow/airflow/venv/lib/python3.12/site-packages/airflow/utils/operator_helpers.py", line 252, in run
    return self.func(*args, **kwargs)
           ^^^^^^^^^^^^^^^^^^^^^^^^^^
  File "/home/airflow/airflow/venv/lib/python3.12/site-packages/airflow/models/baseoperator.py", line 422, in wrapper
    return func(self, *args, **kwargs)
           ^^^^^^^^^^^^^^^^^^^^^^^^^^^
  File "/home/airflow/airflow/venv/lib/python3.12/site-packages/airflow/operators/bash.py", line 276, in execute
    raise AirflowException(
airflow.exceptions.AirflowException: Bash command failed. The command returned a non-zero exit code 1.
[2026-04-13T11:44:57.107+0000] {local_task_job_runner.py:266} INFO - Task exited with return code 1
[2026-04-13T11:44:57.339+0000] {taskinstance.py:3895} INFO - 0 downstream tasks scheduled from follow-on schedule check
[2026-04-13T11:44:57.347+0000] {local_task_job_runner.py:245} INFO - ::endgroup::
