[2026-04-13T11:11:45.037+0000] {local_task_job_runner.py:123} INFO - ::group::Pre task execution logs
[2026-04-13T11:11:45.079+0000] {taskinstance.py:2613} INFO - Dependencies all met for dep_context=non-requeueable deps ti=<TaskInstance: predict_aqi.wait_for_silver_data manual__2026-04-13T11:11:41.543972+00:00 [queued]>
[2026-04-13T11:11:45.100+0000] {taskinstance.py:2613} INFO - Dependencies all met for dep_context=requeueable deps ti=<TaskInstance: predict_aqi.wait_for_silver_data manual__2026-04-13T11:11:41.543972+00:00 [queued]>
[2026-04-13T11:11:45.100+0000] {taskinstance.py:2866} INFO - Starting attempt 1 of 3
[2026-04-13T11:11:45.134+0000] {taskinstance.py:2889} INFO - Executing <Task(BashOperator): wait_for_silver_data> on 2026-04-13 11:11:41.543972+00:00
[2026-04-13T11:11:45.175+0000] {standard_task_runner.py:104} INFO - Running: ['airflow', 'tasks', 'run', 'predict_aqi', 'wait_for_silver_data', 'manual__2026-04-13T11:11:41.543972+00:00', '--job-id', '51', '--raw', '--subdir', 'DAGS_FOLDER/dag_ml.py', '--cfg-path', '/tmp/tmpbcijenbz']
[2026-04-13T11:11:45.184+0000] {standard_task_runner.py:105} INFO - Job 51: Subtask wait_for_silver_data
[2026-04-13T11:11:45.186+0000] {logging_mixin.py:190} WARNING - /home/airflow/airflow/venv/lib/python3.12/site-packages/airflow/task/task_runner/standard_task_runner.py:70 DeprecationWarning: This process (pid=49612) is multi-threaded, use of fork() may lead to deadlocks in the child.
[2026-04-13T11:11:45.187+0000] {standard_task_runner.py:72} INFO - Started process 49759 to run task
[2026-04-13T11:11:45.264+0000] {task_command.py:467} INFO - Running <TaskInstance: predict_aqi.wait_for_silver_data manual__2026-04-13T11:11:41.543972+00:00 [running]> on host airflow
[2026-04-13T11:11:45.409+0000] {taskinstance.py:3132} INFO - Exporting env vars: AIRFLOW_CTX_DAG_OWNER='airflow' AIRFLOW_CTX_DAG_ID='predict_aqi' AIRFLOW_CTX_TASK_ID='wait_for_silver_data' AIRFLOW_CTX_EXECUTION_DATE='2026-04-13T11:11:41.543972+00:00' AIRFLOW_CTX_TRY_NUMBER='1' AIRFLOW_CTX_DAG_RUN_ID='manual__2026-04-13T11:11:41.543972+00:00'
[2026-04-13T11:11:45.412+0000] {taskinstance.py:731} INFO - ::endgroup::
[2026-04-13T11:11:45.492+0000] {subprocess.py:78} INFO - Tmp dir root location: /tmp
[2026-04-13T11:11:45.500+0000] {subprocess.py:88} INFO - Running command: ['/usr/bin/bash', '-c', '\n            count=$(docker exec trino trino --execute "\n            SELECT COUNT(*) FROM iceberg.air_quality_db.air_quality_silver" | tail -n 1)\n\n            [ "$count" -gt 0 ]\n            ']
[2026-04-13T11:11:45.514+0000] {subprocess.py:99} INFO - Output:
[2026-04-13T11:11:58.866+0000] {subprocess.py:106} INFO - /usr/bin/bash: line 5: [: "40": integer expression expected
[2026-04-13T11:11:58.869+0000] {subprocess.py:110} INFO - Command exited with return code 2
[2026-04-13T11:11:58.902+0000] {taskinstance.py:3311} ERROR - Task failed with exception
Traceback (most recent call last):
  File "/home/airflow/airflow/venv/lib/python3.12/site-packages/airflow/models/taskinstance.py", line 767, in _execute_task
    result = _execute_callable(context=context, **execute_callable_kwargs)
             ^^^^^^^^^^^^^^^^^^^^^^^^^^^^^^^^^^^^^^^^^^^^^^^^^^^^^^^^^^^^^
  File "/home/airflow/airflow/venv/lib/python3.12/site-packages/airflow/models/taskinstance.py", line 733, in _execute_callable
    return ExecutionCallableRunner(
           ^^^^^^^^^^^^^^^^^^^^^^^^
  File "/home/airflow/airflow/venv/lib/python3.12/site-packages/airflow/utils/operator_helpers.py", line 252, in run
    return self.func(*args, **kwargs)
           ^^^^^^^^^^^^^^^^^^^^^^^^^^
  File "/home/airflow/airflow/venv/lib/python3.12/site-packages/airflow/models/baseoperator.py", line 422, in wrapper
    return func(self, *args, **kwargs)
           ^^^^^^^^^^^^^^^^^^^^^^^^^^^
  File "/home/airflow/airflow/venv/lib/python3.12/site-packages/airflow/operators/bash.py", line 276, in execute
    raise AirflowException(
airflow.exceptions.AirflowException: Bash command failed. The command returned a non-zero exit code 2.
[2026-04-13T11:11:58.953+0000] {taskinstance.py:1225} INFO - Marking task as UP_FOR_RETRY. dag_id=predict_aqi, task_id=wait_for_silver_data, run_id=manual__2026-04-13T11:11:41.543972+00:00, execution_date=20260413T111141, start_date=20260413T111145, end_date=20260413T111158
[2026-04-13T11:11:59.007+0000] {taskinstance.py:340} INFO - ::group::Post task execution logs
[2026-04-13T11:11:59.009+0000] {standard_task_runner.py:124} ERROR - Failed to execute job 51 for task wait_for_silver_data (Bash command failed. The command returned a non-zero exit code 2.; 49759)
Traceback (most recent call last):
  File "/home/airflow/airflow/venv/lib/python3.12/site-packages/airflow/task/task_runner/standard_task_runner.py", line 117, in _start_by_fork
    ret = args.func(args, dag=self.dag)
          ^^^^^^^^^^^^^^^^^^^^^^^^^^^^^
  File "/home/airflow/airflow/venv/lib/python3.12/site-packages/airflow/cli/cli_config.py", line 49, in command
    return func(*args, **kwargs)
           ^^^^^^^^^^^^^^^^^^^^^
  File "/home/airflow/airflow/venv/lib/python3.12/site-packages/airflow/utils/cli.py", line 116, in wrapper
    return f(*args, **kwargs)
           ^^^^^^^^^^^^^^^^^^
  File "/home/airflow/airflow/venv/lib/python3.12/site-packages/airflow/cli/commands/task_command.py", line 483, in task_run
    task_return_code = _run_task_by_selected_method(args, _dag, ti)
                       ^^^^^^^^^^^^^^^^^^^^^^^^^^^^^^^^^^^^^^^^^^^^
  File "/home/airflow/airflow/venv/lib/python3.12/site-packages/airflow/cli/commands/task_command.py", line 256, in _run_task_by_selected_method
    return _run_raw_task(args, ti)
           ^^^^^^^^^^^^^^^^^^^^^^^
  File "/home/airflow/airflow/venv/lib/python3.12/site-packages/airflow/cli/commands/task_command.py", line 341, in _run_raw_task
    return ti._run_raw_task(
           ^^^^^^^^^^^^^^^^^
  File "/home/airflow/airflow/venv/lib/python3.12/site-packages/airflow/utils/session.py", line 97, in wrapper
    return func(*args, session=session, **kwargs)
           ^^^^^^^^^^^^^^^^^^^^^^^^^^^^^^^^^^^^^^
  File "/home/airflow/airflow/venv/lib/python3.12/site-packages/airflow/models/taskinstance.py", line 3005, in _run_raw_task
    return _run_raw_task(
           ^^^^^^^^^^^^^^
  File "/home/airflow/airflow/venv/lib/python3.12/site-packages/airflow/models/taskinstance.py", line 273, in _run_raw_task
    TaskInstance._execute_task_with_callbacks(
  File "/home/airflow/airflow/venv/lib/python3.12/site-packages/airflow/models/taskinstance.py", line 3159, in _execute_task_with_callbacks
    result = self._execute_task(context, task_orig)
             ^^^^^^^^^^^^^^^^^^^^^^^^^^^^^^^^^^^^^^
  File "/home/airflow/airflow/venv/lib/python3.12/site-packages/airflow/models/taskinstance.py", line 3183, in _execute_task
    return _execute_task(self, context, task_orig)
           ^^^^^^^^^^^^^^^^^^^^^^^^^^^^^^^^^^^^^^^
  File "/home/airflow/airflow/venv/lib/python3.12/site-packages/airflow/models/taskinstance.py", line 767, in _execute_task
    result = _execute_callable(context=context, **execute_callable_kwargs)
             ^^^^^^^^^^^^^^^^^^^^^^^^^^^^^^^^^^^^^^^^^^^^^^^^^^^^^^^^^^^^^
  File "/home/airflow/airflow/venv/lib/python3.12/site-packages/airflow/models/taskinstance.py", line 733, in _execute_callable
    return ExecutionCallableRunner(
           ^^^^^^^^^^^^^^^^^^^^^^^^
  File "/home/airflow/airflow/venv/lib/python3.12/site-packages/airflow/utils/operator_helpers.py", line 252, in run
    return self.func(*args, **kwargs)
           ^^^^^^^^^^^^^^^^^^^^^^^^^^
  File "/home/airflow/airflow/venv/lib/python3.12/site-packages/airflow/models/baseoperator.py", line 422, in wrapper
    return func(self, *args, **kwargs)
           ^^^^^^^^^^^^^^^^^^^^^^^^^^^
  File "/home/airflow/airflow/venv/lib/python3.12/site-packages/airflow/operators/bash.py", line 276, in execute
    raise AirflowException(
airflow.exceptions.AirflowException: Bash command failed. The command returned a non-zero exit code 2.
[2026-04-13T11:11:59.050+0000] {local_task_job_runner.py:266} INFO - Task exited with return code 1
[2026-04-13T11:11:59.121+0000] {taskinstance.py:3895} INFO - 0 downstream tasks scheduled from follow-on schedule check
[2026-04-13T11:11:59.127+0000] {local_task_job_runner.py:245} INFO - ::endgroup::
