[2026-04-11T07:46:52.205+0000] {local_task_job_runner.py:123} INFO - ::group::Pre task execution logs
[2026-04-11T07:46:52.224+0000] {taskinstance.py:2613} INFO - Dependencies all met for dep_context=non-requeueable deps ti=<TaskInstance: weather_real_time_pipeline.call_weather_api_and_send_kafka scheduled__2026-04-11T07:40:00+00:00 [queued]>
[2026-04-11T07:46:52.231+0000] {taskinstance.py:2613} INFO - Dependencies all met for dep_context=requeueable deps ti=<TaskInstance: weather_real_time_pipeline.call_weather_api_and_send_kafka scheduled__2026-04-11T07:40:00+00:00 [queued]>
[2026-04-11T07:46:52.231+0000] {taskinstance.py:2866} INFO - Starting attempt 2 of 3
[2026-04-11T07:46:52.243+0000] {taskinstance.py:2889} INFO - Executing <Task(PythonOperator): call_weather_api_and_send_kafka> on 2026-04-11 07:40:00+00:00
[2026-04-11T07:46:52.249+0000] {standard_task_runner.py:104} INFO - Running: ['airflow', 'tasks', 'run', 'weather_real_time_pipeline', 'call_weather_api_and_send_kafka', 'scheduled__2026-04-11T07:40:00+00:00', '--job-id', '113', '--raw', '--subdir', 'DAGS_FOLDER/weather_pipeline_dag.py', '--cfg-path', '/tmp/tmpextbq_xe']
[2026-04-11T07:46:52.250+0000] {standard_task_runner.py:105} INFO - Job 113: Subtask call_weather_api_and_send_kafka
[2026-04-11T07:46:52.255+0000] {logging_mixin.py:190} WARNING - /home/airflow/airflow/venv/lib/python3.12/site-packages/airflow/task/task_runner/standard_task_runner.py:70 DeprecationWarning: This process (pid=3055) is multi-threaded, use of fork() may lead to deadlocks in the child.
[2026-04-11T07:46:52.256+0000] {standard_task_runner.py:72} INFO - Started process 3078 to run task
[2026-04-11T07:46:52.321+0000] {task_command.py:467} INFO - Running <TaskInstance: weather_real_time_pipeline.call_weather_api_and_send_kafka scheduled__2026-04-11T07:40:00+00:00 [running]> on host airflow
[2026-04-11T07:46:52.422+0000] {taskinstance.py:3132} INFO - Exporting env vars: AIRFLOW_CTX_DAG_OWNER='van' AIRFLOW_CTX_DAG_ID='weather_real_time_pipeline' AIRFLOW_CTX_TASK_ID='call_weather_api_and_send_kafka' AIRFLOW_CTX_EXECUTION_DATE='2026-04-11T07:40:00+00:00' AIRFLOW_CTX_TRY_NUMBER='2' AIRFLOW_CTX_DAG_RUN_ID='scheduled__2026-04-11T07:40:00+00:00'
[2026-04-11T07:46:52.423+0000] {taskinstance.py:731} INFO - ::endgroup::
[2026-04-11T07:46:54.423+0000] {logging_mixin.py:190} INFO - 📡 Fetched weather data: {'timestamp': '2026-04-11T07:46:54.422601', 'location': 'Ho Chi Minh City', 'latitude': 10.8231, 'longitude': 106.6297, 'time': '2026-04-11T07:00', 'interval': 3600, 'temperature_2m': 35.5, 'relative_humidity_2m': 43, 'apparent_temperature': 39.9, 'precipitation': 0.0, 'cloud_cover': 43, 'wind_speed_10m': 5.6, 'wind_direction_10m': 207, 'wind_gusts_10m': 14.4, 'uv_index': 6.9, 'weather_code': 1, 'european_aqi': 66, 'us_aqi': 72, 'pm10': 24.9, 'pm2_5': 23.7, 'carbon_monoxide': 332.0, 'nitrogen_dioxide': 8.3, 'sulphur_dioxide': 7.7, 'ozone': 162.0}
[2026-04-11T07:48:22.954+0000] {local_task_job_runner.py:318} WARNING - Recorded pid 6887 does not match the current pid 3078
[2026-04-11T07:48:22.956+0000] {local_task_job_runner.py:218} WARNING - Heartbeat failed with Exception: PID of job runner does not match
[2026-04-11T07:48:27.948+0000] {local_task_job_runner.py:318} WARNING - Recorded pid 6887 does not match the current pid 3078
[2026-04-11T07:48:27.949+0000] {local_task_job_runner.py:218} WARNING - Heartbeat failed with Exception: PID of job runner does not match
[2026-04-11T07:48:32.976+0000] {local_task_job_runner.py:318} WARNING - Recorded pid 6887 does not match the current pid 3078
[2026-04-11T07:48:32.977+0000] {local_task_job_runner.py:218} WARNING - Heartbeat failed with Exception: PID of job runner does not match
[2026-04-11T07:48:38.013+0000] {local_task_job_runner.py:318} WARNING - Recorded pid 6887 does not match the current pid 3078
[2026-04-11T07:48:38.014+0000] {local_task_job_runner.py:218} WARNING - Heartbeat failed with Exception: PID of job runner does not match
[2026-04-11T07:48:43.052+0000] {local_task_job_runner.py:318} WARNING - Recorded pid 6887 does not match the current pid 3078
[2026-04-11T07:48:43.052+0000] {local_task_job_runner.py:218} WARNING - Heartbeat failed with Exception: PID of job runner does not match
[2026-04-11T07:48:48.088+0000] {local_task_job_runner.py:318} WARNING - Recorded pid 6887 does not match the current pid 3078
[2026-04-11T07:48:48.090+0000] {local_task_job_runner.py:218} WARNING - Heartbeat failed with Exception: PID of job runner does not match
[2026-04-11T07:48:53.128+0000] {local_task_job_runner.py:318} WARNING - Recorded pid 6887 does not match the current pid 3078
[2026-04-11T07:48:53.129+0000] {local_task_job_runner.py:218} WARNING - Heartbeat failed with Exception: PID of job runner does not match
[2026-04-11T07:48:58.153+0000] {local_task_job_runner.py:318} WARNING - Recorded pid 6887 does not match the current pid 3078
[2026-04-11T07:48:58.154+0000] {local_task_job_runner.py:218} WARNING - Heartbeat failed with Exception: PID of job runner does not match
[2026-04-11T07:49:03.233+0000] {local_task_job_runner.py:318} WARNING - Recorded pid 6887 does not match the current pid 3078
[2026-04-11T07:49:03.234+0000] {local_task_job_runner.py:218} WARNING - Heartbeat failed with Exception: PID of job runner does not match
[2026-04-11T07:49:08.265+0000] {local_task_job_runner.py:318} WARNING - Recorded pid 6887 does not match the current pid 3078
[2026-04-11T07:49:08.266+0000] {local_task_job_runner.py:218} WARNING - Heartbeat failed with Exception: PID of job runner does not match
[2026-04-11T07:49:13.299+0000] {local_task_job_runner.py:318} WARNING - Recorded pid 6887 does not match the current pid 3078
[2026-04-11T07:49:13.299+0000] {local_task_job_runner.py:218} WARNING - Heartbeat failed with Exception: PID of job runner does not match
[2026-04-11T07:49:18.339+0000] {local_task_job_runner.py:318} WARNING - Recorded pid 6887 does not match the current pid 3078
[2026-04-11T07:49:18.340+0000] {local_task_job_runner.py:218} WARNING - Heartbeat failed with Exception: PID of job runner does not match
[2026-04-11T07:49:23.373+0000] {local_task_job_runner.py:318} WARNING - Recorded pid 6887 does not match the current pid 3078
[2026-04-11T07:49:23.374+0000] {local_task_job_runner.py:218} WARNING - Heartbeat failed with Exception: PID of job runner does not match
[2026-04-11T07:49:28.378+0000] {local_task_job_runner.py:318} WARNING - Recorded pid 6887 does not match the current pid 3078
[2026-04-11T07:49:28.379+0000] {local_task_job_runner.py:218} WARNING - Heartbeat failed with Exception: PID of job runner does not match
[2026-04-11T07:49:33.410+0000] {local_task_job_runner.py:318} WARNING - Recorded pid 6887 does not match the current pid 3078
[2026-04-11T07:49:33.411+0000] {local_task_job_runner.py:218} WARNING - Heartbeat failed with Exception: PID of job runner does not match
[2026-04-11T07:49:38.442+0000] {local_task_job_runner.py:318} WARNING - Recorded pid 6887 does not match the current pid 3078
[2026-04-11T07:49:38.443+0000] {local_task_job_runner.py:218} WARNING - Heartbeat failed with Exception: PID of job runner does not match
[2026-04-11T07:49:43.475+0000] {local_task_job_runner.py:318} WARNING - Recorded pid 6887 does not match the current pid 3078
[2026-04-11T07:49:43.476+0000] {local_task_job_runner.py:218} WARNING - Heartbeat failed with Exception: PID of job runner does not match
[2026-04-11T07:49:48.506+0000] {local_task_job_runner.py:318} WARNING - Recorded pid 6887 does not match the current pid 3078
[2026-04-11T07:49:48.507+0000] {local_task_job_runner.py:218} WARNING - Heartbeat failed with Exception: PID of job runner does not match
[2026-04-11T07:49:53.505+0000] {local_task_job_runner.py:318} WARNING - Recorded pid 6887 does not match the current pid 3078
[2026-04-11T07:49:53.506+0000] {local_task_job_runner.py:218} WARNING - Heartbeat failed with Exception: PID of job runner does not match
[2026-04-11T07:49:58.539+0000] {local_task_job_runner.py:318} WARNING - Recorded pid 6887 does not match the current pid 3078
[2026-04-11T07:49:58.539+0000] {local_task_job_runner.py:218} WARNING - Heartbeat failed with Exception: PID of job runner does not match
[2026-04-11T07:50:03.570+0000] {local_task_job_runner.py:318} WARNING - Recorded pid 6887 does not match the current pid 3078
[2026-04-11T07:50:03.571+0000] {local_task_job_runner.py:218} WARNING - Heartbeat failed with Exception: PID of job runner does not match
[2026-04-11T07:50:08.604+0000] {local_task_job_runner.py:318} WARNING - Recorded pid 6887 does not match the current pid 3078
[2026-04-11T07:50:08.604+0000] {local_task_job_runner.py:218} WARNING - Heartbeat failed with Exception: PID of job runner does not match
[2026-04-11T07:50:13.635+0000] {local_task_job_runner.py:318} WARNING - Recorded pid 6887 does not match the current pid 3078
[2026-04-11T07:50:13.636+0000] {local_task_job_runner.py:218} WARNING - Heartbeat failed with Exception: PID of job runner does not match
[2026-04-11T07:50:18.666+0000] {local_task_job_runner.py:318} WARNING - Recorded pid 6887 does not match the current pid 3078
[2026-04-11T07:50:18.667+0000] {local_task_job_runner.py:218} WARNING - Heartbeat failed with Exception: PID of job runner does not match
[2026-04-11T07:50:23.668+0000] {local_task_job_runner.py:318} WARNING - Recorded pid 6887 does not match the current pid 3078
[2026-04-11T07:50:23.668+0000] {local_task_job_runner.py:218} WARNING - Heartbeat failed with Exception: PID of job runner does not match
[2026-04-11T07:50:28.698+0000] {local_task_job_runner.py:318} WARNING - Recorded pid 6887 does not match the current pid 3078
[2026-04-11T07:50:28.698+0000] {local_task_job_runner.py:218} WARNING - Heartbeat failed with Exception: PID of job runner does not match
[2026-04-11T07:50:33.733+0000] {local_task_job_runner.py:318} WARNING - Recorded pid 6887 does not match the current pid 3078
[2026-04-11T07:50:33.734+0000] {local_task_job_runner.py:218} WARNING - Heartbeat failed with Exception: PID of job runner does not match
[2026-04-11T07:50:38.767+0000] {local_task_job_runner.py:318} WARNING - Recorded pid 6887 does not match the current pid 3078
[2026-04-11T07:50:38.767+0000] {local_task_job_runner.py:218} WARNING - Heartbeat failed with Exception: PID of job runner does not match
[2026-04-11T07:50:43.801+0000] {local_task_job_runner.py:318} WARNING - Recorded pid 6887 does not match the current pid 3078
[2026-04-11T07:50:43.802+0000] {local_task_job_runner.py:218} WARNING - Heartbeat failed with Exception: PID of job runner does not match
[2026-04-11T07:50:48.832+0000] {local_task_job_runner.py:318} WARNING - Recorded pid 6887 does not match the current pid 3078
[2026-04-11T07:50:48.833+0000] {local_task_job_runner.py:218} WARNING - Heartbeat failed with Exception: PID of job runner does not match
[2026-04-11T07:50:53.838+0000] {local_task_job_runner.py:318} WARNING - Recorded pid 6887 does not match the current pid 3078
[2026-04-11T07:50:53.838+0000] {local_task_job_runner.py:218} WARNING - Heartbeat failed with Exception: PID of job runner does not match
[2026-04-11T07:50:58.869+0000] {local_task_job_runner.py:318} WARNING - Recorded pid 6887 does not match the current pid 3078
[2026-04-11T07:50:58.869+0000] {local_task_job_runner.py:218} WARNING - Heartbeat failed with Exception: PID of job runner does not match
[2026-04-11T07:51:03.900+0000] {local_task_job_runner.py:318} WARNING - Recorded pid 6887 does not match the current pid 3078
[2026-04-11T07:51:03.900+0000] {local_task_job_runner.py:218} WARNING - Heartbeat failed with Exception: PID of job runner does not match
[2026-04-11T07:51:08.934+0000] {local_task_job_runner.py:318} WARNING - Recorded pid 6887 does not match the current pid 3078
[2026-04-11T07:51:08.936+0000] {local_task_job_runner.py:218} WARNING - Heartbeat failed with Exception: PID of job runner does not match
[2026-04-11T07:51:13.967+0000] {local_task_job_runner.py:318} WARNING - Recorded pid 6887 does not match the current pid 3078
[2026-04-11T07:51:13.967+0000] {local_task_job_runner.py:218} WARNING - Heartbeat failed with Exception: PID of job runner does not match
[2026-04-11T07:51:18.998+0000] {local_task_job_runner.py:318} WARNING - Recorded pid 6887 does not match the current pid 3078
[2026-04-11T07:51:18.998+0000] {local_task_job_runner.py:218} WARNING - Heartbeat failed with Exception: PID of job runner does not match
[2026-04-11T07:51:24.002+0000] {local_task_job_runner.py:318} WARNING - Recorded pid 6887 does not match the current pid 3078
[2026-04-11T07:51:24.003+0000] {local_task_job_runner.py:218} WARNING - Heartbeat failed with Exception: PID of job runner does not match
[2026-04-11T07:51:29.111+0000] {local_task_job_runner.py:318} WARNING - Recorded pid 6887 does not match the current pid 3078
[2026-04-11T07:51:29.112+0000] {local_task_job_runner.py:218} WARNING - Heartbeat failed with Exception: PID of job runner does not match
[2026-04-11T07:51:34.152+0000] {local_task_job_runner.py:318} WARNING - Recorded pid 6887 does not match the current pid 3078
[2026-04-11T07:51:34.153+0000] {local_task_job_runner.py:218} WARNING - Heartbeat failed with Exception: PID of job runner does not match
[2026-04-11T07:51:39.183+0000] {local_task_job_runner.py:318} WARNING - Recorded pid 6887 does not match the current pid 3078
[2026-04-11T07:51:39.183+0000] {local_task_job_runner.py:218} WARNING - Heartbeat failed with Exception: PID of job runner does not match
[2026-04-11T07:51:44.213+0000] {local_task_job_runner.py:318} WARNING - Recorded pid 6887 does not match the current pid 3078
[2026-04-11T07:51:44.214+0000] {local_task_job_runner.py:218} WARNING - Heartbeat failed with Exception: PID of job runner does not match
[2026-04-11T07:51:49.245+0000] {local_task_job_runner.py:318} WARNING - Recorded pid 6887 does not match the current pid 3078
[2026-04-11T07:51:49.246+0000] {local_task_job_runner.py:218} WARNING - Heartbeat failed with Exception: PID of job runner does not match
[2026-04-11T07:51:52.091+0000] {conn.py:362} INFO - <BrokerConnection node_id=1 host=kafka:9092 <connecting> [IPv4 ('172.20.0.4', 9092)]>: connecting to kafka:9092 [('172.20.0.4', 9092) IPv4]
[2026-04-11T07:51:52.091+0000] {conn.py:393} INFO - <BrokerConnection node_id=1 host=kafka:9092 <connecting> [IPv4 ('172.20.0.4', 9092)]>: Connection complete.
[2026-04-11T07:51:52.092+0000] {conn.py:673} INFO - <BrokerConnection node_id=bootstrap-0 host=kafka:9092 <connected> [IPv4 ('172.20.0.4', 9092)]>: Closing connection. 
[2026-04-11T07:51:54.246+0000] {local_task_job_runner.py:318} WARNING - Recorded pid 6887 does not match the current pid 3078
[2026-04-11T07:51:54.247+0000] {local_task_job_runner.py:218} WARNING - Heartbeat failed with Exception: PID of job runner does not match
[2026-04-11T07:51:59.275+0000] {local_task_job_runner.py:318} WARNING - Recorded pid 6887 does not match the current pid 3078
[2026-04-11T07:51:59.276+0000] {local_task_job_runner.py:218} WARNING - Heartbeat failed with Exception: PID of job runner does not match
[2026-04-11T07:52:04.308+0000] {local_task_job_runner.py:318} WARNING - Recorded pid 6887 does not match the current pid 3078
[2026-04-11T07:52:04.309+0000] {local_task_job_runner.py:218} WARNING - Heartbeat failed with Exception: PID of job runner does not match
[2026-04-11T07:52:09.379+0000] {local_task_job_runner.py:318} WARNING - Recorded pid 6887 does not match the current pid 3078
[2026-04-11T07:52:09.379+0000] {local_task_job_runner.py:218} WARNING - Heartbeat failed with Exception: PID of job runner does not match
[2026-04-11T07:52:14.644+0000] {local_task_job_runner.py:318} WARNING - Recorded pid 6887 does not match the current pid 3078
[2026-04-11T07:52:14.645+0000] {local_task_job_runner.py:218} WARNING - Heartbeat failed with Exception: PID of job runner does not match
[2026-04-11T07:52:19.412+0000] {local_task_job_runner.py:318} WARNING - Recorded pid 6887 does not match the current pid 3078
[2026-04-11T07:52:19.413+0000] {local_task_job_runner.py:218} WARNING - Heartbeat failed with Exception: PID of job runner does not match
[2026-04-11T07:52:24.457+0000] {local_task_job_runner.py:318} WARNING - Recorded pid 6887 does not match the current pid 3078
[2026-04-11T07:52:24.459+0000] {local_task_job_runner.py:218} WARNING - Heartbeat failed with Exception: PID of job runner does not match
[2026-04-11T07:52:29.499+0000] {local_task_job_runner.py:318} WARNING - Recorded pid 6887 does not match the current pid 3078
[2026-04-11T07:52:29.500+0000] {local_task_job_runner.py:218} WARNING - Heartbeat failed with Exception: PID of job runner does not match
[2026-04-11T07:52:34.539+0000] {local_task_job_runner.py:318} WARNING - Recorded pid 6887 does not match the current pid 3078
[2026-04-11T07:52:34.539+0000] {local_task_job_runner.py:218} WARNING - Heartbeat failed with Exception: PID of job runner does not match
[2026-04-11T07:52:39.577+0000] {local_task_job_runner.py:318} WARNING - Recorded pid 6887 does not match the current pid 3078
[2026-04-11T07:52:39.578+0000] {local_task_job_runner.py:218} WARNING - Heartbeat failed with Exception: PID of job runner does not match
[2026-04-11T07:52:44.611+0000] {local_task_job_runner.py:318} WARNING - Recorded pid 6887 does not match the current pid 3078
[2026-04-11T07:52:44.612+0000] {local_task_job_runner.py:218} WARNING - Heartbeat failed with Exception: PID of job runner does not match
[2026-04-11T07:52:49.609+0000] {local_task_job_runner.py:318} WARNING - Recorded pid 6887 does not match the current pid 3078
[2026-04-11T07:52:49.610+0000] {local_task_job_runner.py:218} WARNING - Heartbeat failed with Exception: PID of job runner does not match
[2026-04-11T07:52:54.654+0000] {local_task_job_runner.py:318} WARNING - Recorded pid 6887 does not match the current pid 3078
[2026-04-11T07:52:54.655+0000] {local_task_job_runner.py:218} WARNING - Heartbeat failed with Exception: PID of job runner does not match
[2026-04-11T07:52:59.691+0000] {local_task_job_runner.py:318} WARNING - Recorded pid 6887 does not match the current pid 3078
[2026-04-11T07:52:59.692+0000] {local_task_job_runner.py:218} WARNING - Heartbeat failed with Exception: PID of job runner does not match
[2026-04-11T07:53:04.722+0000] {local_task_job_runner.py:318} WARNING - Recorded pid 6887 does not match the current pid 3078
[2026-04-11T07:53:04.722+0000] {local_task_job_runner.py:218} WARNING - Heartbeat failed with Exception: PID of job runner does not match
[2026-04-11T07:53:09.753+0000] {local_task_job_runner.py:318} WARNING - Recorded pid 6887 does not match the current pid 3078
[2026-04-11T07:53:09.754+0000] {local_task_job_runner.py:218} WARNING - Heartbeat failed with Exception: PID of job runner does not match
[2026-04-11T07:53:14.790+0000] {local_task_job_runner.py:318} WARNING - Recorded pid 6887 does not match the current pid 3078
[2026-04-11T07:53:14.790+0000] {local_task_job_runner.py:218} WARNING - Heartbeat failed with Exception: PID of job runner does not match
[2026-04-11T07:53:19.791+0000] {local_task_job_runner.py:318} WARNING - Recorded pid 6887 does not match the current pid 3078
[2026-04-11T07:53:19.791+0000] {local_task_job_runner.py:218} WARNING - Heartbeat failed with Exception: PID of job runner does not match
[2026-04-11T07:53:24.823+0000] {local_task_job_runner.py:318} WARNING - Recorded pid 6887 does not match the current pid 3078
[2026-04-11T07:53:24.824+0000] {local_task_job_runner.py:218} WARNING - Heartbeat failed with Exception: PID of job runner does not match
[2026-04-11T07:53:29.855+0000] {local_task_job_runner.py:318} WARNING - Recorded pid 6887 does not match the current pid 3078
[2026-04-11T07:53:29.855+0000] {local_task_job_runner.py:218} WARNING - Heartbeat failed with Exception: PID of job runner does not match
[2026-04-11T07:53:34.885+0000] {local_task_job_runner.py:318} WARNING - Recorded pid 6887 does not match the current pid 3078
[2026-04-11T07:53:34.885+0000] {local_task_job_runner.py:218} WARNING - Heartbeat failed with Exception: PID of job runner does not match
[2026-04-11T07:53:39.915+0000] {local_task_job_runner.py:318} WARNING - Recorded pid 6887 does not match the current pid 3078
[2026-04-11T07:53:39.916+0000] {local_task_job_runner.py:218} WARNING - Heartbeat failed with Exception: PID of job runner does not match
[2026-04-11T07:53:44.949+0000] {local_task_job_runner.py:318} WARNING - Recorded pid 6887 does not match the current pid 3078
[2026-04-11T07:53:44.949+0000] {local_task_job_runner.py:218} WARNING - Heartbeat failed with Exception: PID of job runner does not match
[2026-04-11T07:53:49.949+0000] {local_task_job_runner.py:318} WARNING - Recorded pid 6887 does not match the current pid 3078
[2026-04-11T07:53:49.950+0000] {local_task_job_runner.py:218} WARNING - Heartbeat failed with Exception: PID of job runner does not match
[2026-04-11T07:53:54.989+0000] {local_task_job_runner.py:318} WARNING - Recorded pid 6887 does not match the current pid 3078
[2026-04-11T07:53:54.991+0000] {local_task_job_runner.py:218} WARNING - Heartbeat failed with Exception: PID of job runner does not match
[2026-04-11T07:54:00.026+0000] {local_task_job_runner.py:318} WARNING - Recorded pid 6887 does not match the current pid 3078
[2026-04-11T07:54:00.026+0000] {local_task_job_runner.py:218} WARNING - Heartbeat failed with Exception: PID of job runner does not match
[2026-04-11T07:54:05.063+0000] {local_task_job_runner.py:318} WARNING - Recorded pid 6887 does not match the current pid 3078
[2026-04-11T07:54:05.063+0000] {local_task_job_runner.py:218} WARNING - Heartbeat failed with Exception: PID of job runner does not match
[2026-04-11T07:54:10.094+0000] {local_task_job_runner.py:318} WARNING - Recorded pid 6887 does not match the current pid 3078
[2026-04-11T07:54:10.096+0000] {local_task_job_runner.py:218} WARNING - Heartbeat failed with Exception: PID of job runner does not match
[2026-04-11T07:54:15.128+0000] {local_task_job_runner.py:318} WARNING - Recorded pid 6887 does not match the current pid 3078
[2026-04-11T07:54:15.128+0000] {local_task_job_runner.py:218} WARNING - Heartbeat failed with Exception: PID of job runner does not match
[2026-04-11T07:54:20.128+0000] {local_task_job_runner.py:318} WARNING - Recorded pid 6887 does not match the current pid 3078
[2026-04-11T07:54:20.128+0000] {local_task_job_runner.py:218} WARNING - Heartbeat failed with Exception: PID of job runner does not match
[2026-04-11T07:54:25.160+0000] {local_task_job_runner.py:318} WARNING - Recorded pid 6887 does not match the current pid 3078
[2026-04-11T07:54:25.161+0000] {local_task_job_runner.py:218} WARNING - Heartbeat failed with Exception: PID of job runner does not match
[2026-04-11T07:54:30.192+0000] {local_task_job_runner.py:318} WARNING - Recorded pid 6887 does not match the current pid 3078
[2026-04-11T07:54:30.193+0000] {local_task_job_runner.py:218} WARNING - Heartbeat failed with Exception: PID of job runner does not match
[2026-04-11T07:54:35.223+0000] {local_task_job_runner.py:318} WARNING - Recorded pid 6887 does not match the current pid 3078
[2026-04-11T07:54:35.224+0000] {local_task_job_runner.py:218} WARNING - Heartbeat failed with Exception: PID of job runner does not match
[2026-04-11T07:54:40.267+0000] {local_task_job_runner.py:318} WARNING - Recorded pid 6887 does not match the current pid 3078
[2026-04-11T07:54:40.267+0000] {local_task_job_runner.py:218} WARNING - Heartbeat failed with Exception: PID of job runner does not match
[2026-04-11T07:54:45.259+0000] {local_task_job_runner.py:318} WARNING - Recorded pid 6887 does not match the current pid 3078
[2026-04-11T07:54:45.260+0000] {local_task_job_runner.py:218} WARNING - Heartbeat failed with Exception: PID of job runner does not match
[2026-04-11T07:54:50.289+0000] {local_task_job_runner.py:318} WARNING - Recorded pid 6887 does not match the current pid 3078
[2026-04-11T07:54:50.290+0000] {local_task_job_runner.py:218} WARNING - Heartbeat failed with Exception: PID of job runner does not match
[2026-04-11T07:54:55.317+0000] {local_task_job_runner.py:318} WARNING - Recorded pid 6887 does not match the current pid 3078
[2026-04-11T07:54:55.318+0000] {local_task_job_runner.py:218} WARNING - Heartbeat failed with Exception: PID of job runner does not match
[2026-04-11T07:55:00.353+0000] {local_task_job_runner.py:318} WARNING - Recorded pid 6887 does not match the current pid 3078
[2026-04-11T07:55:00.353+0000] {local_task_job_runner.py:218} WARNING - Heartbeat failed with Exception: PID of job runner does not match
[2026-04-11T07:55:05.383+0000] {local_task_job_runner.py:318} WARNING - Recorded pid 6887 does not match the current pid 3078
[2026-04-11T07:55:05.384+0000] {local_task_job_runner.py:218} WARNING - Heartbeat failed with Exception: PID of job runner does not match
[2026-04-11T07:55:10.419+0000] {local_task_job_runner.py:318} WARNING - Recorded pid 6887 does not match the current pid 3078
[2026-04-11T07:55:10.420+0000] {local_task_job_runner.py:218} WARNING - Heartbeat failed with Exception: PID of job runner does not match
[2026-04-11T07:55:15.419+0000] {local_task_job_runner.py:318} WARNING - Recorded pid 6887 does not match the current pid 3078
[2026-04-11T07:55:15.420+0000] {local_task_job_runner.py:218} WARNING - Heartbeat failed with Exception: PID of job runner does not match
[2026-04-11T07:55:20.466+0000] {local_task_job_runner.py:318} WARNING - Recorded pid 6887 does not match the current pid 3078
[2026-04-11T07:55:20.467+0000] {local_task_job_runner.py:218} WARNING - Heartbeat failed with Exception: PID of job runner does not match
[2026-04-11T07:55:25.501+0000] {local_task_job_runner.py:318} WARNING - Recorded pid 6887 does not match the current pid 3078
[2026-04-11T07:55:25.501+0000] {local_task_job_runner.py:218} WARNING - Heartbeat failed with Exception: PID of job runner does not match
[2026-04-11T07:55:30.545+0000] {local_task_job_runner.py:318} WARNING - Recorded pid 6887 does not match the current pid 3078
[2026-04-11T07:55:30.545+0000] {local_task_job_runner.py:218} WARNING - Heartbeat failed with Exception: PID of job runner does not match
[2026-04-11T07:55:35.579+0000] {local_task_job_runner.py:318} WARNING - Recorded pid 6887 does not match the current pid 3078
[2026-04-11T07:55:35.580+0000] {local_task_job_runner.py:218} WARNING - Heartbeat failed with Exception: PID of job runner does not match
[2026-04-11T07:55:40.608+0000] {local_task_job_runner.py:318} WARNING - Recorded pid 6887 does not match the current pid 3078
[2026-04-11T07:55:40.608+0000] {local_task_job_runner.py:218} WARNING - Heartbeat failed with Exception: PID of job runner does not match
[2026-04-11T07:55:45.615+0000] {local_task_job_runner.py:318} WARNING - Recorded pid 6887 does not match the current pid 3078
[2026-04-11T07:55:45.615+0000] {local_task_job_runner.py:218} WARNING - Heartbeat failed with Exception: PID of job runner does not match
[2026-04-11T07:55:50.664+0000] {local_task_job_runner.py:318} WARNING - Recorded pid 6887 does not match the current pid 3078
[2026-04-11T07:55:50.664+0000] {local_task_job_runner.py:218} WARNING - Heartbeat failed with Exception: PID of job runner does not match
[2026-04-11T07:55:55.699+0000] {local_task_job_runner.py:318} WARNING - Recorded pid 6887 does not match the current pid 3078
[2026-04-11T07:55:55.699+0000] {local_task_job_runner.py:218} WARNING - Heartbeat failed with Exception: PID of job runner does not match
[2026-04-11T07:56:00.733+0000] {local_task_job_runner.py:318} WARNING - Recorded pid 6887 does not match the current pid 3078
[2026-04-11T07:56:00.734+0000] {local_task_job_runner.py:218} WARNING - Heartbeat failed with Exception: PID of job runner does not match
[2026-04-11T07:56:05.769+0000] {local_task_job_runner.py:318} WARNING - Recorded pid 6887 does not match the current pid 3078
[2026-04-11T07:56:05.770+0000] {local_task_job_runner.py:218} WARNING - Heartbeat failed with Exception: PID of job runner does not match
[2026-04-11T07:56:10.796+0000] {local_task_job_runner.py:318} WARNING - Recorded pid 6887 does not match the current pid 3078
[2026-04-11T07:56:10.797+0000] {local_task_job_runner.py:218} WARNING - Heartbeat failed with Exception: PID of job runner does not match
[2026-04-11T07:56:15.798+0000] {local_task_job_runner.py:318} WARNING - Recorded pid 6887 does not match the current pid 3078
[2026-04-11T07:56:15.798+0000] {local_task_job_runner.py:218} WARNING - Heartbeat failed with Exception: PID of job runner does not match
[2026-04-11T07:56:20.834+0000] {local_task_job_runner.py:318} WARNING - Recorded pid 6887 does not match the current pid 3078
[2026-04-11T07:56:20.835+0000] {local_task_job_runner.py:218} WARNING - Heartbeat failed with Exception: PID of job runner does not match
[2026-04-11T07:56:25.867+0000] {local_task_job_runner.py:318} WARNING - Recorded pid 6887 does not match the current pid 3078
[2026-04-11T07:56:25.867+0000] {local_task_job_runner.py:218} WARNING - Heartbeat failed with Exception: PID of job runner does not match
[2026-04-11T07:56:30.898+0000] {local_task_job_runner.py:318} WARNING - Recorded pid 6887 does not match the current pid 3078
[2026-04-11T07:56:30.898+0000] {local_task_job_runner.py:218} WARNING - Heartbeat failed with Exception: PID of job runner does not match
[2026-04-11T07:56:35.930+0000] {local_task_job_runner.py:318} WARNING - Recorded pid 6887 does not match the current pid 3078
[2026-04-11T07:56:35.931+0000] {local_task_job_runner.py:218} WARNING - Heartbeat failed with Exception: PID of job runner does not match
[2026-04-11T07:56:40.931+0000] {local_task_job_runner.py:318} WARNING - Recorded pid 6887 does not match the current pid 3078
[2026-04-11T07:56:40.932+0000] {local_task_job_runner.py:218} WARNING - Heartbeat failed with Exception: PID of job runner does not match
[2026-04-11T07:56:45.965+0000] {local_task_job_runner.py:318} WARNING - Recorded pid 6887 does not match the current pid 3078
[2026-04-11T07:56:45.966+0000] {local_task_job_runner.py:218} WARNING - Heartbeat failed with Exception: PID of job runner does not match
[2026-04-11T07:56:50.994+0000] {local_task_job_runner.py:318} WARNING - Recorded pid 6887 does not match the current pid 3078
[2026-04-11T07:56:50.995+0000] {local_task_job_runner.py:218} WARNING - Heartbeat failed with Exception: PID of job runner does not match
[2026-04-11T07:56:56.024+0000] {local_task_job_runner.py:318} WARNING - Recorded pid 6887 does not match the current pid 3078
[2026-04-11T07:56:56.024+0000] {local_task_job_runner.py:218} WARNING - Heartbeat failed with Exception: PID of job runner does not match
[2026-04-11T07:57:01.054+0000] {local_task_job_runner.py:318} WARNING - Recorded pid 6887 does not match the current pid 3078
[2026-04-11T07:57:01.055+0000] {local_task_job_runner.py:218} WARNING - Heartbeat failed with Exception: PID of job runner does not match
[2026-04-11T07:57:06.087+0000] {local_task_job_runner.py:318} WARNING - Recorded pid 6887 does not match the current pid 3078
[2026-04-11T07:57:06.087+0000] {local_task_job_runner.py:218} WARNING - Heartbeat failed with Exception: PID of job runner does not match
[2026-04-11T07:57:11.089+0000] {local_task_job_runner.py:318} WARNING - Recorded pid 6887 does not match the current pid 3078
[2026-04-11T07:57:11.090+0000] {local_task_job_runner.py:218} WARNING - Heartbeat failed with Exception: PID of job runner does not match
[2026-04-11T07:57:16.121+0000] {local_task_job_runner.py:318} WARNING - Recorded pid 6887 does not match the current pid 3078
[2026-04-11T07:57:16.121+0000] {local_task_job_runner.py:218} WARNING - Heartbeat failed with Exception: PID of job runner does not match
[2026-04-11T07:57:21.152+0000] {local_task_job_runner.py:318} WARNING - Recorded pid 6887 does not match the current pid 3078
[2026-04-11T07:57:21.152+0000] {local_task_job_runner.py:218} WARNING - Heartbeat failed with Exception: PID of job runner does not match
[2026-04-11T07:57:26.182+0000] {local_task_job_runner.py:318} WARNING - Recorded pid 6887 does not match the current pid 3078
[2026-04-11T07:57:26.182+0000] {local_task_job_runner.py:218} WARNING - Heartbeat failed with Exception: PID of job runner does not match
[2026-04-11T07:57:31.230+0000] {local_task_job_runner.py:318} WARNING - Recorded pid 6887 does not match the current pid 3078
[2026-04-11T07:57:31.231+0000] {local_task_job_runner.py:218} WARNING - Heartbeat failed with Exception: PID of job runner does not match
[2026-04-11T07:57:36.262+0000] {local_task_job_runner.py:318} WARNING - Recorded pid 6887 does not match the current pid 3078
[2026-04-11T07:57:36.263+0000] {local_task_job_runner.py:218} WARNING - Heartbeat failed with Exception: PID of job runner does not match
[2026-04-11T07:57:41.266+0000] {local_task_job_runner.py:318} WARNING - Recorded pid 6887 does not match the current pid 3078
[2026-04-11T07:57:41.269+0000] {local_task_job_runner.py:218} WARNING - Heartbeat failed with Exception: PID of job runner does not match
[2026-04-11T07:57:46.304+0000] {local_task_job_runner.py:318} WARNING - Recorded pid 6887 does not match the current pid 3078
[2026-04-11T07:57:46.305+0000] {local_task_job_runner.py:218} WARNING - Heartbeat failed with Exception: PID of job runner does not match
[2026-04-11T07:57:51.336+0000] {local_task_job_runner.py:318} WARNING - Recorded pid 6887 does not match the current pid 3078
[2026-04-11T07:57:51.337+0000] {local_task_job_runner.py:218} WARNING - Heartbeat failed with Exception: PID of job runner does not match
[2026-04-11T07:57:56.371+0000] {local_task_job_runner.py:318} WARNING - Recorded pid 6887 does not match the current pid 3078
[2026-04-11T07:57:56.371+0000] {local_task_job_runner.py:218} WARNING - Heartbeat failed with Exception: PID of job runner does not match
[2026-04-11T07:58:01.401+0000] {local_task_job_runner.py:318} WARNING - Recorded pid 6887 does not match the current pid 3078
[2026-04-11T07:58:01.402+0000] {local_task_job_runner.py:218} WARNING - Heartbeat failed with Exception: PID of job runner does not match
[2026-04-11T07:58:06.430+0000] {local_task_job_runner.py:318} WARNING - Recorded pid 6887 does not match the current pid 3078
[2026-04-11T07:58:06.430+0000] {local_task_job_runner.py:218} WARNING - Heartbeat failed with Exception: PID of job runner does not match
[2026-04-11T07:58:11.431+0000] {local_task_job_runner.py:318} WARNING - Recorded pid 6887 does not match the current pid 3078
[2026-04-11T07:58:11.432+0000] {local_task_job_runner.py:218} WARNING - Heartbeat failed with Exception: PID of job runner does not match
[2026-04-11T07:58:16.465+0000] {local_task_job_runner.py:318} WARNING - Recorded pid 6887 does not match the current pid 3078
[2026-04-11T07:58:16.465+0000] {local_task_job_runner.py:218} WARNING - Heartbeat failed with Exception: PID of job runner does not match
[2026-04-11T07:58:21.495+0000] {local_task_job_runner.py:318} WARNING - Recorded pid 6887 does not match the current pid 3078
[2026-04-11T07:58:21.496+0000] {local_task_job_runner.py:218} WARNING - Heartbeat failed with Exception: PID of job runner does not match
[2026-04-11T07:58:26.532+0000] {local_task_job_runner.py:318} WARNING - Recorded pid 6887 does not match the current pid 3078
[2026-04-11T07:58:26.533+0000] {local_task_job_runner.py:218} WARNING - Heartbeat failed with Exception: PID of job runner does not match
[2026-04-11T07:58:31.571+0000] {local_task_job_runner.py:318} WARNING - Recorded pid 6887 does not match the current pid 3078
[2026-04-11T07:58:31.572+0000] {local_task_job_runner.py:218} WARNING - Heartbeat failed with Exception: PID of job runner does not match
[2026-04-11T07:58:36.568+0000] {local_task_job_runner.py:318} WARNING - Recorded pid 6887 does not match the current pid 3078
[2026-04-11T07:58:36.569+0000] {local_task_job_runner.py:218} WARNING - Heartbeat failed with Exception: PID of job runner does not match
[2026-04-11T07:58:41.597+0000] {local_task_job_runner.py:318} WARNING - Recorded pid 6887 does not match the current pid 3078
[2026-04-11T07:58:41.597+0000] {local_task_job_runner.py:218} WARNING - Heartbeat failed with Exception: PID of job runner does not match
[2026-04-11T07:58:46.628+0000] {local_task_job_runner.py:318} WARNING - Recorded pid 6887 does not match the current pid 3078
[2026-04-11T07:58:46.628+0000] {local_task_job_runner.py:218} WARNING - Heartbeat failed with Exception: PID of job runner does not match
[2026-04-11T07:58:51.655+0000] {local_task_job_runner.py:318} WARNING - Recorded pid 6887 does not match the current pid 3078
[2026-04-11T07:58:51.656+0000] {local_task_job_runner.py:218} WARNING - Heartbeat failed with Exception: PID of job runner does not match
[2026-04-11T07:58:56.690+0000] {local_task_job_runner.py:318} WARNING - Recorded pid 6887 does not match the current pid 3078
[2026-04-11T07:58:56.691+0000] {local_task_job_runner.py:218} WARNING - Heartbeat failed with Exception: PID of job runner does not match
[2026-04-11T07:59:01.723+0000] {local_task_job_runner.py:318} WARNING - Recorded pid 6887 does not match the current pid 3078
[2026-04-11T07:59:01.724+0000] {local_task_job_runner.py:218} WARNING - Heartbeat failed with Exception: PID of job runner does not match
[2026-04-11T07:59:06.723+0000] {local_task_job_runner.py:318} WARNING - Recorded pid 6887 does not match the current pid 3078
[2026-04-11T07:59:06.724+0000] {local_task_job_runner.py:218} WARNING - Heartbeat failed with Exception: PID of job runner does not match
[2026-04-11T07:59:11.754+0000] {local_task_job_runner.py:318} WARNING - Recorded pid 6887 does not match the current pid 3078
[2026-04-11T07:59:11.758+0000] {local_task_job_runner.py:218} WARNING - Heartbeat failed with Exception: PID of job runner does not match
[2026-04-11T07:59:16.796+0000] {local_task_job_runner.py:318} WARNING - Recorded pid 6887 does not match the current pid 3078
[2026-04-11T07:59:16.796+0000] {local_task_job_runner.py:218} WARNING - Heartbeat failed with Exception: PID of job runner does not match
[2026-04-11T07:59:21.829+0000] {local_task_job_runner.py:318} WARNING - Recorded pid 6887 does not match the current pid 3078
[2026-04-11T07:59:21.831+0000] {local_task_job_runner.py:218} WARNING - Heartbeat failed with Exception: PID of job runner does not match
[2026-04-11T07:59:26.869+0000] {local_task_job_runner.py:318} WARNING - Recorded pid 6887 does not match the current pid 3078
[2026-04-11T07:59:26.870+0000] {local_task_job_runner.py:218} WARNING - Heartbeat failed with Exception: PID of job runner does not match
[2026-04-11T07:59:31.902+0000] {local_task_job_runner.py:318} WARNING - Recorded pid 6887 does not match the current pid 3078
[2026-04-11T07:59:31.903+0000] {local_task_job_runner.py:218} WARNING - Heartbeat failed with Exception: PID of job runner does not match
[2026-04-11T07:59:36.909+0000] {local_task_job_runner.py:318} WARNING - Recorded pid 6887 does not match the current pid 3078
[2026-04-11T07:59:36.909+0000] {local_task_job_runner.py:218} WARNING - Heartbeat failed with Exception: PID of job runner does not match
[2026-04-11T07:59:41.940+0000] {local_task_job_runner.py:318} WARNING - Recorded pid 6887 does not match the current pid 3078
[2026-04-11T07:59:41.941+0000] {local_task_job_runner.py:218} WARNING - Heartbeat failed with Exception: PID of job runner does not match
[2026-04-11T07:59:46.980+0000] {local_task_job_runner.py:318} WARNING - Recorded pid 6887 does not match the current pid 3078
[2026-04-11T07:59:46.980+0000] {local_task_job_runner.py:218} WARNING - Heartbeat failed with Exception: PID of job runner does not match
[2026-04-11T07:59:52.013+0000] {local_task_job_runner.py:318} WARNING - Recorded pid 6887 does not match the current pid 3078
[2026-04-11T07:59:52.013+0000] {local_task_job_runner.py:218} WARNING - Heartbeat failed with Exception: PID of job runner does not match
[2026-04-11T07:59:57.042+0000] {local_task_job_runner.py:318} WARNING - Recorded pid 6887 does not match the current pid 3078
[2026-04-11T07:59:57.043+0000] {local_task_job_runner.py:218} WARNING - Heartbeat failed with Exception: PID of job runner does not match
[2026-04-11T08:00:02.077+0000] {local_task_job_runner.py:318} WARNING - Recorded pid 6887 does not match the current pid 3078
[2026-04-11T08:00:02.078+0000] {local_task_job_runner.py:218} WARNING - Heartbeat failed with Exception: PID of job runner does not match
[2026-04-11T08:00:07.082+0000] {local_task_job_runner.py:318} WARNING - Recorded pid 6887 does not match the current pid 3078
[2026-04-11T08:00:07.083+0000] {local_task_job_runner.py:218} WARNING - Heartbeat failed with Exception: PID of job runner does not match
[2026-04-11T08:00:12.117+0000] {local_task_job_runner.py:318} WARNING - Recorded pid 6887 does not match the current pid 3078
[2026-04-11T08:00:12.117+0000] {local_task_job_runner.py:218} WARNING - Heartbeat failed with Exception: PID of job runner does not match
[2026-04-11T08:00:17.153+0000] {local_task_job_runner.py:318} WARNING - Recorded pid 6887 does not match the current pid 3078
[2026-04-11T08:00:17.154+0000] {local_task_job_runner.py:218} WARNING - Heartbeat failed with Exception: PID of job runner does not match
[2026-04-11T08:00:22.186+0000] {local_task_job_runner.py:318} WARNING - Recorded pid 6887 does not match the current pid 3078
[2026-04-11T08:00:22.186+0000] {local_task_job_runner.py:218} WARNING - Heartbeat failed with Exception: PID of job runner does not match
[2026-04-11T08:00:27.218+0000] {local_task_job_runner.py:318} WARNING - Recorded pid 6887 does not match the current pid 3078
[2026-04-11T08:00:27.218+0000] {local_task_job_runner.py:218} WARNING - Heartbeat failed with Exception: PID of job runner does not match
[2026-04-11T08:00:32.221+0000] {local_task_job_runner.py:318} WARNING - Recorded pid 6887 does not match the current pid 3078
[2026-04-11T08:00:32.221+0000] {local_task_job_runner.py:218} WARNING - Heartbeat failed with Exception: PID of job runner does not match
[2026-04-11T08:00:37.253+0000] {local_task_job_runner.py:318} WARNING - Recorded pid 6887 does not match the current pid 3078
[2026-04-11T08:00:37.254+0000] {local_task_job_runner.py:218} WARNING - Heartbeat failed with Exception: PID of job runner does not match
[2026-04-11T08:00:42.286+0000] {local_task_job_runner.py:318} WARNING - Recorded pid 6887 does not match the current pid 3078
[2026-04-11T08:00:42.286+0000] {local_task_job_runner.py:218} WARNING - Heartbeat failed with Exception: PID of job runner does not match
[2026-04-11T08:00:47.319+0000] {local_task_job_runner.py:318} WARNING - Recorded pid 6887 does not match the current pid 3078
[2026-04-11T08:00:47.319+0000] {local_task_job_runner.py:218} WARNING - Heartbeat failed with Exception: PID of job runner does not match
[2026-04-11T08:00:52.386+0000] {local_task_job_runner.py:318} WARNING - Recorded pid 6887 does not match the current pid 3078
[2026-04-11T08:00:52.387+0000] {local_task_job_runner.py:218} WARNING - Heartbeat failed with Exception: PID of job runner does not match
[2026-04-11T08:00:57.429+0000] {local_task_job_runner.py:318} WARNING - Recorded pid 6887 does not match the current pid 3078
[2026-04-11T08:00:57.430+0000] {local_task_job_runner.py:218} WARNING - Heartbeat failed with Exception: PID of job runner does not match
[2026-04-11T08:01:02.419+0000] {local_task_job_runner.py:318} WARNING - Recorded pid 6887 does not match the current pid 3078
[2026-04-11T08:01:02.419+0000] {local_task_job_runner.py:218} WARNING - Heartbeat failed with Exception: PID of job runner does not match
[2026-04-11T08:01:07.454+0000] {local_task_job_runner.py:318} WARNING - Recorded pid 6887 does not match the current pid 3078
[2026-04-11T08:01:07.454+0000] {local_task_job_runner.py:218} WARNING - Heartbeat failed with Exception: PID of job runner does not match
[2026-04-11T08:01:12.504+0000] {local_task_job_runner.py:318} WARNING - Recorded pid 6887 does not match the current pid 3078
[2026-04-11T08:01:12.505+0000] {local_task_job_runner.py:218} WARNING - Heartbeat failed with Exception: PID of job runner does not match
[2026-04-11T08:01:17.545+0000] {local_task_job_runner.py:318} WARNING - Recorded pid 6887 does not match the current pid 3078
[2026-04-11T08:01:17.546+0000] {local_task_job_runner.py:218} WARNING - Heartbeat failed with Exception: PID of job runner does not match
[2026-04-11T08:01:22.576+0000] {local_task_job_runner.py:318} WARNING - Recorded pid 6887 does not match the current pid 3078
[2026-04-11T08:01:22.577+0000] {local_task_job_runner.py:218} WARNING - Heartbeat failed with Exception: PID of job runner does not match
[2026-04-11T08:01:27.606+0000] {local_task_job_runner.py:318} WARNING - Recorded pid 6887 does not match the current pid 3078
[2026-04-11T08:01:27.607+0000] {local_task_job_runner.py:218} WARNING - Heartbeat failed with Exception: PID of job runner does not match
[2026-04-11T08:01:32.614+0000] {local_task_job_runner.py:318} WARNING - Recorded pid 6887 does not match the current pid 3078
[2026-04-11T08:01:32.615+0000] {local_task_job_runner.py:218} WARNING - Heartbeat failed with Exception: PID of job runner does not match
[2026-04-11T08:01:37.650+0000] {local_task_job_runner.py:346} WARNING - State of this instance has been externally set to None. Terminating instance.
[2026-04-11T08:01:37.651+0000] {local_task_job_runner.py:245} INFO - ::endgroup::
[2026-04-11T08:01:37.653+0000] {process_utils.py:132} INFO - Sending 15 to group 3078. PIDs of all processes in the group: [3078]
[2026-04-11T08:01:37.654+0000] {process_utils.py:87} INFO - Sending the signal 15 to group 3078
[2026-04-11T08:01:37.655+0000] {taskinstance.py:3093} ERROR - Received SIGTERM. Terminating subprocesses.
[2026-04-11T08:01:37.675+0000] {taskinstance.py:3311} ERROR - Task failed with exception
Traceback (most recent call last):
  File "/home/airflow/airflow/venv/lib/python3.12/site-packages/airflow/models/taskinstance.py", line 767, in _execute_task
    result = _execute_callable(context=context, **execute_callable_kwargs)
             ^^^^^^^^^^^^^^^^^^^^^^^^^^^^^^^^^^^^^^^^^^^^^^^^^^^^^^^^^^^^^
  File "/home/airflow/airflow/venv/lib/python3.12/site-packages/airflow/models/taskinstance.py", line 733, in _execute_callable
    return ExecutionCallableRunner(
           ^^^^^^^^^^^^^^^^^^^^^^^^
  File "/home/airflow/airflow/venv/lib/python3.12/site-packages/airflow/utils/operator_helpers.py", line 252, in run
    return self.func(*args, **kwargs)
           ^^^^^^^^^^^^^^^^^^^^^^^^^^
  File "/home/airflow/airflow/venv/lib/python3.12/site-packages/airflow/models/baseoperator.py", line 422, in wrapper
    return func(self, *args, **kwargs)
           ^^^^^^^^^^^^^^^^^^^^^^^^^^^
  File "/home/airflow/airflow/venv/lib/python3.12/site-packages/airflow/operators/python.py", line 238, in execute
    return_value = self.execute_callable()
                   ^^^^^^^^^^^^^^^^^^^^^^^
  File "/home/airflow/airflow/venv/lib/python3.12/site-packages/airflow/operators/python.py", line 256, in execute_callable
    return runner.run(*self.op_args, **self.op_kwargs)
           ^^^^^^^^^^^^^^^^^^^^^^^^^^^^^^^^^^^^^^^^^^^
  File "/home/airflow/airflow/venv/lib/python3.12/site-packages/airflow/utils/operator_helpers.py", line 252, in run
    return self.func(*args, **kwargs)
           ^^^^^^^^^^^^^^^^^^^^^^^^^^
  File "/home/airflow/airflow/dags/weather_kafka_producer.py", line 52, in call_openmeteo
  File "/home/airflow/airflow/venv/lib/python3.12/site-packages/kafka/producer/kafka.py", line 652, in flush
    self._accumulator.await_flush_completion(timeout=timeout)
  File "/home/airflow/airflow/venv/lib/python3.12/site-packages/kafka/producer/record_accumulator.py", line 526, in await_flush_completion
    if not batch.produce_future.wait(timeout=timeout):
           ^^^^^^^^^^^^^^^^^^^^^^^^^^^^^^^^^^^^^^^^^^
  File "/home/airflow/airflow/venv/lib/python3.12/site-packages/kafka/producer/future.py", line 26, in wait
    return self._latch.wait(timeout) or self._latch.is_set()
           ^^^^^^^^^^^^^^^^^^^^^^^^^
  File "/usr/local/lib/python3.12/threading.py", line 655, in wait
    signaled = self._cond.wait(timeout)
               ^^^^^^^^^^^^^^^^^^^^^^^^
  File "/usr/local/lib/python3.12/threading.py", line 355, in wait
    waiter.acquire()
  File "/home/airflow/airflow/venv/lib/python3.12/site-packages/airflow/models/taskinstance.py", line 3095, in signal_handler
    raise AirflowTaskTerminated("Task received SIGTERM signal")
airflow.exceptions.AirflowTaskTerminated: Task received SIGTERM signal
[2026-04-11T08:01:37.688+0000] {taskinstance.py:1225} INFO - Marking task as UP_FOR_RETRY. dag_id=weather_real_time_pipeline, task_id=call_weather_api_and_send_kafka, run_id=scheduled__2026-04-11T07:40:00+00:00, execution_date=20260411T074000, start_date=20260411T074652, end_date=20260411T080137
[2026-04-11T08:01:37.705+0000] {taskinstance.py:340} INFO - ::group::Post task execution logs
[2026-04-11T08:01:37.706+0000] {standard_task_runner.py:124} ERROR - Failed to execute job 113 for task call_weather_api_and_send_kafka ((psycopg2.errors.ForeignKeyViolation) insert or update on table "task_fail" violates foreign key constraint "task_fail_ti_fkey"
DETAIL:  Key (dag_id, task_id, run_id, map_index)=(weather_real_time_pipeline, call_weather_api_and_send_kafka, scheduled__2026-04-11T07:40:00+00:00, -1) is not present in table "task_instance".

[SQL: INSERT INTO task_fail (task_id, dag_id, run_id, map_index, start_date, end_date, duration) VALUES (%(task_id)s, %(dag_id)s, %(run_id)s, %(map_index)s, %(start_date)s, %(end_date)s, %(duration)s) RETURNING task_fail.id]
[parameters: {'task_id': 'call_weather_api_and_send_kafka', 'dag_id': 'weather_real_time_pipeline', 'run_id': 'scheduled__2026-04-11T07:40:00+00:00', 'map_index': -1, 'start_date': datetime.datetime(2026, 4, 11, 7, 46, 52, 224656, tzinfo=Timezone('UTC')), 'end_date': datetime.datetime(2026, 4, 11, 8, 1, 37, 687376, tzinfo=Timezone('UTC')), 'duration': 885}]
(Background on this error at: https://sqlalche.me/e/14/gkpj); 3078)
Traceback (most recent call last):
  File "/home/airflow/airflow/venv/lib/python3.12/site-packages/airflow/models/taskinstance.py", line 273, in _run_raw_task
    TaskInstance._execute_task_with_callbacks(
  File "/home/airflow/airflow/venv/lib/python3.12/site-packages/airflow/models/taskinstance.py", line 3159, in _execute_task_with_callbacks
    result = self._execute_task(context, task_orig)
             ^^^^^^^^^^^^^^^^^^^^^^^^^^^^^^^^^^^^^^
  File "/home/airflow/airflow/venv/lib/python3.12/site-packages/airflow/models/taskinstance.py", line 3183, in _execute_task
    return _execute_task(self, context, task_orig)
           ^^^^^^^^^^^^^^^^^^^^^^^^^^^^^^^^^^^^^^^
  File "/home/airflow/airflow/venv/lib/python3.12/site-packages/airflow/models/taskinstance.py", line 767, in _execute_task
    result = _execute_callable(context=context, **execute_callable_kwargs)
             ^^^^^^^^^^^^^^^^^^^^^^^^^^^^^^^^^^^^^^^^^^^^^^^^^^^^^^^^^^^^^
  File "/home/airflow/airflow/venv/lib/python3.12/site-packages/airflow/models/taskinstance.py", line 733, in _execute_callable
    return ExecutionCallableRunner(
           ^^^^^^^^^^^^^^^^^^^^^^^^
  File "/home/airflow/airflow/venv/lib/python3.12/site-packages/airflow/utils/operator_helpers.py", line 252, in run
    return self.func(*args, **kwargs)
           ^^^^^^^^^^^^^^^^^^^^^^^^^^
  File "/home/airflow/airflow/venv/lib/python3.12/site-packages/airflow/models/baseoperator.py", line 422, in wrapper
    return func(self, *args, **kwargs)
           ^^^^^^^^^^^^^^^^^^^^^^^^^^^
  File "/home/airflow/airflow/venv/lib/python3.12/site-packages/airflow/operators/python.py", line 238, in execute
    return_value = self.execute_callable()
                   ^^^^^^^^^^^^^^^^^^^^^^^
  File "/home/airflow/airflow/venv/lib/python3.12/site-packages/airflow/operators/python.py", line 256, in execute_callable
    return runner.run(*self.op_args, **self.op_kwargs)
           ^^^^^^^^^^^^^^^^^^^^^^^^^^^^^^^^^^^^^^^^^^^
  File "/home/airflow/airflow/venv/lib/python3.12/site-packages/airflow/utils/operator_helpers.py", line 252, in run
    return self.func(*args, **kwargs)
           ^^^^^^^^^^^^^^^^^^^^^^^^^^
  File "/home/airflow/airflow/dags/weather_kafka_producer.py", line 52, in call_openmeteo
  File "/home/airflow/airflow/venv/lib/python3.12/site-packages/kafka/producer/kafka.py", line 652, in flush
    self._accumulator.await_flush_completion(timeout=timeout)
  File "/home/airflow/airflow/venv/lib/python3.12/site-packages/kafka/producer/record_accumulator.py", line 526, in await_flush_completion
    if not batch.produce_future.wait(timeout=timeout):
           ^^^^^^^^^^^^^^^^^^^^^^^^^^^^^^^^^^^^^^^^^^
  File "/home/airflow/airflow/venv/lib/python3.12/site-packages/kafka/producer/future.py", line 26, in wait
    return self._latch.wait(timeout) or self._latch.is_set()
           ^^^^^^^^^^^^^^^^^^^^^^^^^
  File "/usr/local/lib/python3.12/threading.py", line 655, in wait
    signaled = self._cond.wait(timeout)
               ^^^^^^^^^^^^^^^^^^^^^^^^
  File "/usr/local/lib/python3.12/threading.py", line 355, in wait
    waiter.acquire()
  File "/home/airflow/airflow/venv/lib/python3.12/site-packages/airflow/models/taskinstance.py", line 3095, in signal_handler
    raise AirflowTaskTerminated("Task received SIGTERM signal")
airflow.exceptions.AirflowTaskTerminated: Task received SIGTERM signal

During handling of the above exception, another exception occurred:

Traceback (most recent call last):
  File "/home/airflow/airflow/venv/lib/python3.12/site-packages/sqlalchemy/engine/base.py", line 1910, in _execute_context
    self.dialect.do_execute(
  File "/home/airflow/airflow/venv/lib/python3.12/site-packages/sqlalchemy/engine/default.py", line 736, in do_execute
    cursor.execute(statement, parameters)
psycopg2.errors.ForeignKeyViolation: insert or update on table "task_fail" violates foreign key constraint "task_fail_ti_fkey"
DETAIL:  Key (dag_id, task_id, run_id, map_index)=(weather_real_time_pipeline, call_weather_api_and_send_kafka, scheduled__2026-04-11T07:40:00+00:00, -1) is not present in table "task_instance".


The above exception was the direct cause of the following exception:

Traceback (most recent call last):
  File "/home/airflow/airflow/venv/lib/python3.12/site-packages/airflow/task/task_runner/standard_task_runner.py", line 117, in _start_by_fork
    ret = args.func(args, dag=self.dag)
          ^^^^^^^^^^^^^^^^^^^^^^^^^^^^^
  File "/home/airflow/airflow/venv/lib/python3.12/site-packages/airflow/cli/cli_config.py", line 49, in command
    return func(*args, **kwargs)
           ^^^^^^^^^^^^^^^^^^^^^
  File "/home/airflow/airflow/venv/lib/python3.12/site-packages/airflow/utils/cli.py", line 116, in wrapper
    return f(*args, **kwargs)
           ^^^^^^^^^^^^^^^^^^
  File "/home/airflow/airflow/venv/lib/python3.12/site-packages/airflow/cli/commands/task_command.py", line 483, in task_run
    task_return_code = _run_task_by_selected_method(args, _dag, ti)
                       ^^^^^^^^^^^^^^^^^^^^^^^^^^^^^^^^^^^^^^^^^^^^
  File "/home/airflow/airflow/venv/lib/python3.12/site-packages/airflow/cli/commands/task_command.py", line 256, in _run_task_by_selected_method
    return _run_raw_task(args, ti)
           ^^^^^^^^^^^^^^^^^^^^^^^
  File "/home/airflow/airflow/venv/lib/python3.12/site-packages/airflow/cli/commands/task_command.py", line 341, in _run_raw_task
    return ti._run_raw_task(
           ^^^^^^^^^^^^^^^^^
  File "/home/airflow/airflow/venv/lib/python3.12/site-packages/airflow/utils/session.py", line 97, in wrapper
    return func(*args, session=session, **kwargs)
           ^^^^^^^^^^^^^^^^^^^^^^^^^^^^^^^^^^^^^^
  File "/home/airflow/airflow/venv/lib/python3.12/site-packages/airflow/models/taskinstance.py", line 3005, in _run_raw_task
    return _run_raw_task(
           ^^^^^^^^^^^^^^
  File "/home/airflow/airflow/venv/lib/python3.12/site-packages/airflow/models/taskinstance.py", line 327, in _run_raw_task
    ti.handle_failure(e, test_mode, context, session=session)
  File "/home/airflow/airflow/venv/lib/python3.12/site-packages/airflow/utils/session.py", line 94, in wrapper
    return func(*args, **kwargs)
           ^^^^^^^^^^^^^^^^^^^^^
  File "/home/airflow/airflow/venv/lib/python3.12/site-packages/airflow/models/taskinstance.py", line 3428, in handle_failure
    _handle_failure(
  File "/home/airflow/airflow/venv/lib/python3.12/site-packages/airflow/utils/session.py", line 94, in wrapper
    return func(*args, **kwargs)
           ^^^^^^^^^^^^^^^^^^^^^
  File "/home/airflow/airflow/venv/lib/python3.12/site-packages/airflow/api_internal/internal_api_call.py", line 166, in wrapper
    return func(*args, **kwargs)
           ^^^^^^^^^^^^^^^^^^^^^
  File "/home/airflow/airflow/venv/lib/python3.12/site-packages/airflow/models/taskinstance.py", line 1243, in _handle_failure
    TaskInstance.save_to_db(failure_context["ti"], session)
  File "/home/airflow/airflow/venv/lib/python3.12/site-packages/airflow/api_internal/internal_api_call.py", line 166, in wrapper
    return func(*args, **kwargs)
           ^^^^^^^^^^^^^^^^^^^^^
  File "/home/airflow/airflow/venv/lib/python3.12/site-packages/airflow/utils/session.py", line 94, in wrapper
    return func(*args, **kwargs)
           ^^^^^^^^^^^^^^^^^^^^^
  File "/home/airflow/airflow/venv/lib/python3.12/site-packages/airflow/models/taskinstance.py", line 3400, in save_to_db
    session.flush()
  File "/home/airflow/airflow/venv/lib/python3.12/site-packages/sqlalchemy/orm/session.py", line 3449, in flush
    self._flush(objects)
  File "/home/airflow/airflow/venv/lib/python3.12/site-packages/sqlalchemy/orm/session.py", line 3588, in _flush
    with util.safe_reraise():
         ^^^^^^^^^^^^^^^^^^^
  File "/home/airflow/airflow/venv/lib/python3.12/site-packages/sqlalchemy/util/langhelpers.py", line 70, in __exit__
    compat.raise_(
  File "/home/airflow/airflow/venv/lib/python3.12/site-packages/sqlalchemy/util/compat.py", line 211, in raise_
    raise exception
  File "/home/airflow/airflow/venv/lib/python3.12/site-packages/sqlalchemy/orm/session.py", line 3549, in _flush
    flush_context.execute()
  File "/home/airflow/airflow/venv/lib/python3.12/site-packages/sqlalchemy/orm/unitofwork.py", line 456, in execute
    rec.execute(self)
  File "/home/airflow/airflow/venv/lib/python3.12/site-packages/sqlalchemy/orm/unitofwork.py", line 630, in execute
    util.preloaded.orm_persistence.save_obj(
  File "/home/airflow/airflow/venv/lib/python3.12/site-packages/sqlalchemy/orm/persistence.py", line 245, in save_obj
    _emit_insert_statements(
  File "/home/airflow/airflow/venv/lib/python3.12/site-packages/sqlalchemy/orm/persistence.py", line 1238, in _emit_insert_statements
    result = connection._execute_20(
             ^^^^^^^^^^^^^^^^^^^^^^^
  File "/home/airflow/airflow/venv/lib/python3.12/site-packages/sqlalchemy/engine/base.py", line 1710, in _execute_20
    return meth(self, args_10style, kwargs_10style, execution_options)
           ^^^^^^^^^^^^^^^^^^^^^^^^^^^^^^^^^^^^^^^^^^^^^^^^^^^^^^^^^^^
  File "/home/airflow/airflow/venv/lib/python3.12/site-packages/sqlalchemy/sql/elements.py", line 334, in _execute_on_connection
    return connection._execute_clauseelement(
           ^^^^^^^^^^^^^^^^^^^^^^^^^^^^^^^^^^
  File "/home/airflow/airflow/venv/lib/python3.12/site-packages/sqlalchemy/engine/base.py", line 1577, in _execute_clauseelement
    ret = self._execute_context(
          ^^^^^^^^^^^^^^^^^^^^^^
  File "/home/airflow/airflow/venv/lib/python3.12/site-packages/sqlalchemy/engine/base.py", line 1953, in _execute_context
    self._handle_dbapi_exception(
  File "/home/airflow/airflow/venv/lib/python3.12/site-packages/sqlalchemy/engine/base.py", line 2134, in _handle_dbapi_exception
    util.raise_(
  File "/home/airflow/airflow/venv/lib/python3.12/site-packages/sqlalchemy/util/compat.py", line 211, in raise_
    raise exception
  File "/home/airflow/airflow/venv/lib/python3.12/site-packages/sqlalchemy/engine/base.py", line 1910, in _execute_context
    self.dialect.do_execute(
  File "/home/airflow/airflow/venv/lib/python3.12/site-packages/sqlalchemy/engine/default.py", line 736, in do_execute
    cursor.execute(statement, parameters)
sqlalchemy.exc.IntegrityError: (psycopg2.errors.ForeignKeyViolation) insert or update on table "task_fail" violates foreign key constraint "task_fail_ti_fkey"
DETAIL:  Key (dag_id, task_id, run_id, map_index)=(weather_real_time_pipeline, call_weather_api_and_send_kafka, scheduled__2026-04-11T07:40:00+00:00, -1) is not present in table "task_instance".

[SQL: INSERT INTO task_fail (task_id, dag_id, run_id, map_index, start_date, end_date, duration) VALUES (%(task_id)s, %(dag_id)s, %(run_id)s, %(map_index)s, %(start_date)s, %(end_date)s, %(duration)s) RETURNING task_fail.id]
[parameters: {'task_id': 'call_weather_api_and_send_kafka', 'dag_id': 'weather_real_time_pipeline', 'run_id': 'scheduled__2026-04-11T07:40:00+00:00', 'map_index': -1, 'start_date': datetime.datetime(2026, 4, 11, 7, 46, 52, 224656, tzinfo=Timezone('UTC')), 'end_date': datetime.datetime(2026, 4, 11, 8, 1, 37, 687376, tzinfo=Timezone('UTC')), 'duration': 885}]
(Background on this error at: https://sqlalche.me/e/14/gkpj)
[2026-04-11T08:01:37.729+0000] {process_utils.py:80} INFO - Process psutil.Process(pid=3078, status='terminated', exitcode=1) (3078) terminated with exit code 1
