[2026-04-12T07:20:00.824+0000] {local_task_job_runner.py:123} INFO - ::group::Pre task execution logs
[2026-04-12T07:20:00.850+0000] {taskinstance.py:2613} INFO - Dependencies all met for dep_context=non-requeueable deps ti=<TaskInstance: weather_real_time_pipeline_v2.check_spark_before_start scheduled__2026-04-12T07:18:00+00:00 [queued]>
[2026-04-12T07:20:00.860+0000] {taskinstance.py:2613} INFO - Dependencies all met for dep_context=requeueable deps ti=<TaskInstance: weather_real_time_pipeline_v2.check_spark_before_start scheduled__2026-04-12T07:18:00+00:00 [queued]>
[2026-04-12T07:20:00.860+0000] {taskinstance.py:2866} INFO - Starting attempt 1 of 4
[2026-04-12T07:20:00.880+0000] {taskinstance.py:2889} INFO - Executing <Task(ShortCircuitOperator): check_spark_before_start> on 2026-04-12 07:18:00+00:00
[2026-04-12T07:20:00.891+0000] {standard_task_runner.py:104} INFO - Running: ['airflow', 'tasks', 'run', 'weather_real_time_pipeline_v2', 'check_spark_before_start', 'scheduled__2026-04-12T07:18:00+00:00', '--job-id', '333', '--raw', '--subdir', 'DAGS_FOLDER/weather_pipeline_dag.py', '--cfg-path', '/tmp/tmp8ojny0gj']
[2026-04-12T07:20:00.893+0000] {standard_task_runner.py:105} INFO - Job 333: Subtask check_spark_before_start
[2026-04-12T07:20:00.902+0000] {logging_mixin.py:190} WARNING - /home/airflow/airflow/venv/lib/python3.12/site-packages/airflow/task/task_runner/standard_task_runner.py:70 DeprecationWarning: This process (pid=182909) is multi-threaded, use of fork() may lead to deadlocks in the child.
[2026-04-12T07:20:00.903+0000] {standard_task_runner.py:72} INFO - Started process 182935 to run task
[2026-04-12T07:20:00.993+0000] {task_command.py:467} INFO - Running <TaskInstance: weather_real_time_pipeline_v2.check_spark_before_start scheduled__2026-04-12T07:18:00+00:00 [running]> on host airflow
[2026-04-12T07:20:01.119+0000] {taskinstance.py:3132} INFO - Exporting env vars: AIRFLOW_CTX_DAG_OWNER='airflow' AIRFLOW_CTX_DAG_ID='weather_real_time_pipeline_v2' AIRFLOW_CTX_TASK_ID='check_spark_before_start' AIRFLOW_CTX_EXECUTION_DATE='2026-04-12T07:18:00+00:00' AIRFLOW_CTX_TRY_NUMBER='1' AIRFLOW_CTX_DAG_RUN_ID='scheduled__2026-04-12T07:18:00+00:00'
[2026-04-12T07:20:01.120+0000] {taskinstance.py:731} INFO - ::endgroup::
[2026-04-12T07:20:01.139+0000] {baseoperator.py:421} WARNING - ShortCircuitOperator.execute cannot be called outside TaskInstance!
[2026-04-12T07:20:01.301+0000] {logging_mixin.py:190} INFO - Job 'weather_streaming.py' đang chạy. Sẽ skip task khởi động.
[2026-04-12T07:20:01.301+0000] {python.py:240} INFO - Done. Returned value was: False
[2026-04-12T07:20:01.302+0000] {python.py:309} INFO - Condition result is False
[2026-04-12T07:20:01.303+0000] {python.py:336} INFO - Skipping downstream tasks
[2026-04-12T07:20:01.341+0000] {python.py:344} INFO - Done.
[2026-04-12T07:20:01.373+0000] {taskinstance.py:340} INFO - ::group::Post task execution logs
[2026-04-12T07:20:01.373+0000] {taskinstance.py:352} INFO - Marking task as SUCCESS. dag_id=weather_real_time_pipeline_v2, task_id=check_spark_before_start, run_id=scheduled__2026-04-12T07:18:00+00:00, execution_date=20260412T071800, start_date=20260412T072000, end_date=20260412T072001
[2026-04-12T07:20:01.390+0000] {local_task_job_runner.py:266} INFO - Task exited with return code 0
[2026-04-12T07:20:01.413+0000] {taskinstance.py:3895} INFO - 0 downstream tasks scheduled from follow-on schedule check
[2026-04-12T07:20:01.415+0000] {local_task_job_runner.py:245} INFO - ::endgroup::
