[2026-04-13T17:00:33.783+0000] {local_task_job_runner.py:123} INFO - ::group::Pre task execution logs
[2026-04-13T17:00:33.872+0000] {taskinstance.py:2613} INFO - Dependencies all met for dep_context=non-requeueable deps ti=<TaskInstance: predict_aqi.silver_to_gold scheduled__2026-04-13T16:00:00+00:00 [queued]>
[2026-04-13T17:00:33.917+0000] {taskinstance.py:2613} INFO - Dependencies all met for dep_context=requeueable deps ti=<TaskInstance: predict_aqi.silver_to_gold scheduled__2026-04-13T16:00:00+00:00 [queued]>
[2026-04-13T17:00:33.919+0000] {taskinstance.py:2866} INFO - Starting attempt 1 of 3
[2026-04-13T17:00:33.987+0000] {taskinstance.py:2889} INFO - Executing <Task(BashOperator): silver_to_gold> on 2026-04-13 16:00:00+00:00
[2026-04-13T17:00:34.004+0000] {standard_task_runner.py:104} INFO - Running: ['airflow', 'tasks', 'run', 'predict_aqi', 'silver_to_gold', 'scheduled__2026-04-13T16:00:00+00:00', '--job-id', '193', '--raw', '--subdir', 'DAGS_FOLDER/dag_ml.py', '--cfg-path', '/tmp/tmpnt_dsbi0']
[2026-04-13T17:00:34.007+0000] {standard_task_runner.py:105} INFO - Job 193: Subtask silver_to_gold
[2026-04-13T17:00:34.013+0000] {logging_mixin.py:190} WARNING - /home/airflow/airflow/venv/lib/python3.12/site-packages/airflow/task/task_runner/standard_task_runner.py:70 DeprecationWarning: This process (pid=76012) is multi-threaded, use of fork() may lead to deadlocks in the child.
[2026-04-13T17:00:34.015+0000] {standard_task_runner.py:72} INFO - Started process 76081 to run task
[2026-04-13T17:00:34.172+0000] {task_command.py:467} INFO - Running <TaskInstance: predict_aqi.silver_to_gold scheduled__2026-04-13T16:00:00+00:00 [running]> on host airflow
[2026-04-13T17:00:34.522+0000] {taskinstance.py:3132} INFO - Exporting env vars: AIRFLOW_CTX_DAG_OWNER='airflow' AIRFLOW_CTX_DAG_ID='predict_aqi' AIRFLOW_CTX_TASK_ID='silver_to_gold' AIRFLOW_CTX_EXECUTION_DATE='2026-04-13T16:00:00+00:00' AIRFLOW_CTX_TRY_NUMBER='1' AIRFLOW_CTX_DAG_RUN_ID='scheduled__2026-04-13T16:00:00+00:00'
[2026-04-13T17:00:34.525+0000] {taskinstance.py:731} INFO - ::endgroup::
[2026-04-13T17:00:34.656+0000] {subprocess.py:78} INFO - Tmp dir root location: /tmp
[2026-04-13T17:00:34.687+0000] {subprocess.py:88} INFO - Running command: ['/usr/bin/bash', '-c', '\n            docker exec spark-master spark-submit                 --packages org.apache.iceberg:iceberg-spark-runtime-4.0_2.13:1.10.1                 /home/spark/spark/spark_jobs/silver_to_gold.py 2026-04-13\n        ']
[2026-04-13T17:00:34.709+0000] {subprocess.py:99} INFO - Output:
[2026-04-13T17:00:38.232+0000] {subprocess.py:106} INFO - WARNING: Using incubator modules: jdk.incubator.vector
[2026-04-13T17:00:51.497+0000] {subprocess.py:106} INFO - :: loading settings :: url = jar:file:/home/spark/spark/jars/ivy-2.5.3.jar!/org/apache/ivy/core/settings/ivysettings.xml
[2026-04-13T17:00:51.666+0000] {subprocess.py:106} INFO - Ivy Default Cache set to: /home/spark/.ivy2.5.2/cache
[2026-04-13T17:00:51.669+0000] {subprocess.py:106} INFO - The jars for the packages stored in: /home/spark/.ivy2.5.2/jars
[2026-04-13T17:00:51.699+0000] {subprocess.py:106} INFO - org.apache.iceberg#iceberg-spark-runtime-4.0_2.13 added as a dependency
[2026-04-13T17:00:51.702+0000] {subprocess.py:106} INFO - :: resolving dependencies :: org.apache.spark#spark-submit-parent-a886e44a-360e-46b6-bdac-85d1991296d4;1.0
[2026-04-13T17:00:51.704+0000] {subprocess.py:106} INFO - 	confs: [default]
[2026-04-13T17:00:52.069+0000] {subprocess.py:106} INFO - 	found org.apache.iceberg#iceberg-spark-runtime-4.0_2.13;1.10.1 in central
[2026-04-13T17:00:52.097+0000] {subprocess.py:106} INFO - :: resolution report :: resolve 387ms :: artifacts dl 8ms
[2026-04-13T17:00:52.098+0000] {subprocess.py:106} INFO - 	:: modules in use:
[2026-04-13T17:00:52.100+0000] {subprocess.py:106} INFO - 	org.apache.iceberg#iceberg-spark-runtime-4.0_2.13;1.10.1 from central in [default]
[2026-04-13T17:00:52.102+0000] {subprocess.py:106} INFO - 	---------------------------------------------------------------------
[2026-04-13T17:00:52.103+0000] {subprocess.py:106} INFO - 	|                  |            modules            ||   artifacts   |
[2026-04-13T17:00:52.104+0000] {subprocess.py:106} INFO - 	|       conf       | number| search|dwnlded|evicted|| number|dwnlded|
[2026-04-13T17:00:52.105+0000] {subprocess.py:106} INFO - 	---------------------------------------------------------------------
[2026-04-13T17:00:52.106+0000] {subprocess.py:106} INFO - 	|      default     |   1   |   0   |   0   |   0   ||   1   |   0   |
[2026-04-13T17:00:52.108+0000] {subprocess.py:106} INFO - 	---------------------------------------------------------------------
[2026-04-13T17:00:52.109+0000] {subprocess.py:106} INFO - :: retrieving :: org.apache.spark#spark-submit-parent-a886e44a-360e-46b6-bdac-85d1991296d4
[2026-04-13T17:00:52.110+0000] {subprocess.py:106} INFO - 	confs: [default]
[2026-04-13T17:00:52.129+0000] {subprocess.py:106} INFO - 	0 artifacts copied, 1 already retrieved (0kB/21ms)
[2026-04-13T17:00:53.175+0000] {subprocess.py:106} INFO - 26/04/13 17:00:53 WARN NativeCodeLoader: Unable to load native-hadoop library for your platform... using builtin-java classes where applicable
[2026-04-13T17:01:04.200+0000] {subprocess.py:106} INFO - Using Spark's default log4j profile: org/apache/spark/log4j2-defaults.properties
[2026-04-13T17:01:04.376+0000] {subprocess.py:106} INFO - 26/04/13 17:01:04 INFO SparkContext: Running Spark version 4.0.2
[2026-04-13T17:01:04.395+0000] {subprocess.py:106} INFO - 26/04/13 17:01:04 INFO SparkContext: OS info Linux, 6.6.87.2-microsoft-standard-WSL2, amd64
[2026-04-13T17:01:04.409+0000] {subprocess.py:106} INFO - 26/04/13 17:01:04 INFO SparkContext: Java version 21.0.10
[2026-04-13T17:01:04.818+0000] {subprocess.py:106} INFO - 26/04/13 17:01:04 INFO ResourceUtils: ==============================================================
[2026-04-13T17:01:04.821+0000] {subprocess.py:106} INFO - 26/04/13 17:01:04 INFO ResourceUtils: No custom resources configured for spark.driver.
[2026-04-13T17:01:04.824+0000] {subprocess.py:106} INFO - 26/04/13 17:01:04 INFO ResourceUtils: ==============================================================
[2026-04-13T17:01:04.826+0000] {subprocess.py:106} INFO - 26/04/13 17:01:04 INFO SparkContext: Submitted application: Silver_to_Gold
[2026-04-13T17:01:05.114+0000] {subprocess.py:106} INFO - 26/04/13 17:01:05 INFO ResourceProfile: Default ResourceProfile created, executor resources: Map(cores -> name: cores, amount: 2, script: , vendor: , memory -> name: memory, amount: 2048, script: , vendor: , offHeap -> name: offHeap, amount: 0, script: , vendor: ), task resources: Map(cpus -> name: cpus, amount: 1.0)
[2026-04-13T17:01:05.139+0000] {subprocess.py:106} INFO - 26/04/13 17:01:05 INFO ResourceProfile: Limiting resource is cpus at 2 tasks per executor
[2026-04-13T17:01:05.148+0000] {subprocess.py:106} INFO - 26/04/13 17:01:05 INFO ResourceProfileManager: Added ResourceProfile id: 0
[2026-04-13T17:01:05.990+0000] {subprocess.py:106} INFO - 26/04/13 17:01:05 INFO SecurityManager: Changing view acls to: spark
[2026-04-13T17:01:05.993+0000] {subprocess.py:106} INFO - 26/04/13 17:01:05 INFO SecurityManager: Changing modify acls to: spark
[2026-04-13T17:01:05.996+0000] {subprocess.py:106} INFO - 26/04/13 17:01:05 INFO SecurityManager: Changing view acls groups to: spark
[2026-04-13T17:01:05.997+0000] {subprocess.py:106} INFO - 26/04/13 17:01:05 INFO SecurityManager: Changing modify acls groups to: spark
[2026-04-13T17:01:06.008+0000] {subprocess.py:106} INFO - 26/04/13 17:01:06 INFO SecurityManager: SecurityManager: authentication disabled; ui acls disabled; users with view permissions: spark groups with view permissions: EMPTY; users with modify permissions: spark; groups with modify permissions: EMPTY; RPC SSL disabled
[2026-04-13T17:01:17.443+0000] {subprocess.py:106} INFO - 26/04/13 17:01:16 INFO Utils: Successfully started service 'sparkDriver' on port 33265.
[2026-04-13T17:01:18.746+0000] {subprocess.py:106} INFO - 26/04/13 17:01:18 INFO SparkEnv: Registering MapOutputTracker
[2026-04-13T17:01:19.390+0000] {subprocess.py:106} INFO - 26/04/13 17:01:19 INFO SparkEnv: Registering BlockManagerMaster
[2026-04-13T17:01:19.907+0000] {subprocess.py:106} INFO - 26/04/13 17:01:19 INFO BlockManagerMasterEndpoint: Using org.apache.spark.storage.DefaultTopologyMapper for getting topology information
[2026-04-13T17:01:19.923+0000] {subprocess.py:106} INFO - 26/04/13 17:01:19 INFO BlockManagerMasterEndpoint: BlockManagerMasterEndpoint up
[2026-04-13T17:01:20.032+0000] {subprocess.py:106} INFO - 26/04/13 17:01:20 INFO SparkEnv: Registering BlockManagerMasterHeartbeat
[2026-04-13T17:01:23.876+0000] {subprocess.py:106} INFO - 26/04/13 17:01:23 INFO DiskBlockManager: Created local directory at /tmp/blockmgr-3baa76dd-50a6-4dce-b2f8-e5dadb18714e
[2026-04-13T17:01:24.188+0000] {subprocess.py:106} INFO - 26/04/13 17:01:24 INFO SparkEnv: Registering OutputCommitCoordinator
[2026-04-13T17:01:32.333+0000] {subprocess.py:106} INFO - 26/04/13 17:01:32 INFO JettyUtils: Start Jetty 0.0.0.0:4040 for SparkUI
[2026-04-13T17:01:33.902+0000] {subprocess.py:106} INFO - 26/04/13 17:01:33 WARN Utils: Service 'SparkUI' could not bind on port 4040. Attempting port 4041.
[2026-04-13T17:01:34.047+0000] {subprocess.py:106} INFO - 26/04/13 17:01:34 INFO Utils: Successfully started service 'SparkUI' on port 4041.
[2026-04-13T17:01:34.542+0000] {subprocess.py:106} INFO - 26/04/13 17:01:34 INFO SparkContext: Added JAR file:///home/spark/.ivy2.5.2/jars/org.apache.iceberg_iceberg-spark-runtime-4.0_2.13-1.10.1.jar at spark://spark-master:33265/jars/org.apache.iceberg_iceberg-spark-runtime-4.0_2.13-1.10.1.jar with timestamp 1776099663725
[2026-04-13T17:01:34.585+0000] {subprocess.py:106} INFO - 26/04/13 17:01:34 INFO SparkContext: Added file file:///home/spark/.ivy2.5.2/jars/org.apache.iceberg_iceberg-spark-runtime-4.0_2.13-1.10.1.jar at file:///home/spark/.ivy2.5.2/jars/org.apache.iceberg_iceberg-spark-runtime-4.0_2.13-1.10.1.jar with timestamp 1776099663725
[2026-04-13T17:01:34.599+0000] {subprocess.py:106} INFO - 26/04/13 17:01:34 INFO Utils: Copying /home/spark/.ivy2.5.2/jars/org.apache.iceberg_iceberg-spark-runtime-4.0_2.13-1.10.1.jar to /tmp/spark-a87d564c-58a6-4eaa-b2af-9483ce2a7f14/userFiles-8c224744-0468-4ea5-88a7-334a1faf5cc6/org.apache.iceberg_iceberg-spark-runtime-4.0_2.13-1.10.1.jar
[2026-04-13T17:01:36.309+0000] {subprocess.py:106} INFO - 26/04/13 17:01:36 INFO SecurityManager: Changing view acls to: spark
[2026-04-13T17:01:36.319+0000] {subprocess.py:106} INFO - 26/04/13 17:01:36 INFO SecurityManager: Changing modify acls to: spark
[2026-04-13T17:01:36.320+0000] {subprocess.py:106} INFO - 26/04/13 17:01:36 INFO SecurityManager: Changing view acls groups to: spark
[2026-04-13T17:01:36.322+0000] {subprocess.py:106} INFO - 26/04/13 17:01:36 INFO SecurityManager: Changing modify acls groups to: spark
[2026-04-13T17:01:36.324+0000] {subprocess.py:106} INFO - 26/04/13 17:01:36 INFO SecurityManager: SecurityManager: authentication disabled; ui acls disabled; users with view permissions: spark groups with view permissions: EMPTY; users with modify permissions: spark; groups with modify permissions: EMPTY; RPC SSL disabled
[2026-04-13T17:01:38.506+0000] {subprocess.py:106} INFO - 26/04/13 17:01:38 INFO Executor: Starting executor ID driver on host spark-master
[2026-04-13T17:01:38.528+0000] {subprocess.py:106} INFO - 26/04/13 17:01:38 INFO Executor: OS info Linux, 6.6.87.2-microsoft-standard-WSL2, amd64
[2026-04-13T17:01:38.529+0000] {subprocess.py:106} INFO - 26/04/13 17:01:38 INFO Executor: Java version 21.0.10
[2026-04-13T17:01:38.575+0000] {subprocess.py:106} INFO - 26/04/13 17:01:38 INFO Executor: Starting executor with user classpath (userClassPathFirst = false): ''
[2026-04-13T17:01:38.582+0000] {subprocess.py:106} INFO - 26/04/13 17:01:38 INFO Executor: Created or updated repl class loader org.apache.spark.util.MutableURLClassLoader@2b045c6e for default.
[2026-04-13T17:01:38.709+0000] {subprocess.py:106} INFO - 26/04/13 17:01:38 INFO Executor: Fetching file:///home/spark/.ivy2.5.2/jars/org.apache.iceberg_iceberg-spark-runtime-4.0_2.13-1.10.1.jar with timestamp 1776099663725
[2026-04-13T17:01:38.960+0000] {subprocess.py:106} INFO - 26/04/13 17:01:38 INFO Utils: /home/spark/.ivy2.5.2/jars/org.apache.iceberg_iceberg-spark-runtime-4.0_2.13-1.10.1.jar has been previously copied to /tmp/spark-a87d564c-58a6-4eaa-b2af-9483ce2a7f14/userFiles-8c224744-0468-4ea5-88a7-334a1faf5cc6/org.apache.iceberg_iceberg-spark-runtime-4.0_2.13-1.10.1.jar
[2026-04-13T17:01:38.989+0000] {subprocess.py:106} INFO - 26/04/13 17:01:38 INFO Executor: Fetching spark://spark-master:33265/jars/org.apache.iceberg_iceberg-spark-runtime-4.0_2.13-1.10.1.jar with timestamp 1776099663725
[2026-04-13T17:01:39.428+0000] {subprocess.py:106} INFO - 26/04/13 17:01:39 INFO TransportClientFactory: Successfully created connection to spark-master/172.20.0.5:33265 after 309 ms (0 ms spent in bootstraps)
[2026-04-13T17:01:39.476+0000] {subprocess.py:106} INFO - 26/04/13 17:01:39 INFO Utils: Fetching spark://spark-master:33265/jars/org.apache.iceberg_iceberg-spark-runtime-4.0_2.13-1.10.1.jar to /tmp/spark-a87d564c-58a6-4eaa-b2af-9483ce2a7f14/userFiles-8c224744-0468-4ea5-88a7-334a1faf5cc6/fetchFileTemp7258735597329364211.tmp
[2026-04-13T17:01:41.135+0000] {subprocess.py:106} INFO - 26/04/13 17:01:41 INFO Utils: /tmp/spark-a87d564c-58a6-4eaa-b2af-9483ce2a7f14/userFiles-8c224744-0468-4ea5-88a7-334a1faf5cc6/fetchFileTemp7258735597329364211.tmp has been previously copied to /tmp/spark-a87d564c-58a6-4eaa-b2af-9483ce2a7f14/userFiles-8c224744-0468-4ea5-88a7-334a1faf5cc6/org.apache.iceberg_iceberg-spark-runtime-4.0_2.13-1.10.1.jar
[2026-04-13T17:01:41.175+0000] {subprocess.py:106} INFO - 26/04/13 17:01:41 INFO Executor: Adding file:/tmp/spark-a87d564c-58a6-4eaa-b2af-9483ce2a7f14/userFiles-8c224744-0468-4ea5-88a7-334a1faf5cc6/org.apache.iceberg_iceberg-spark-runtime-4.0_2.13-1.10.1.jar to class loader default
[2026-04-13T17:01:41.228+0000] {subprocess.py:106} INFO - 26/04/13 17:01:41 INFO Utils: Successfully started service 'org.apache.spark.network.netty.NettyBlockTransferService' on port 36977.
[2026-04-13T17:01:41.232+0000] {subprocess.py:106} INFO - 26/04/13 17:01:41 INFO NettyBlockTransferService: Server created on spark-master:36977
[2026-04-13T17:01:41.240+0000] {subprocess.py:106} INFO - 26/04/13 17:01:41 INFO BlockManager: Using org.apache.spark.storage.RandomBlockReplicationPolicy for block replication policy
[2026-04-13T17:01:41.335+0000] {subprocess.py:106} INFO - 26/04/13 17:01:41 INFO BlockManagerMaster: Registering BlockManager BlockManagerId(driver, spark-master, 36977, None)
[2026-04-13T17:01:41.368+0000] {subprocess.py:106} INFO - 26/04/13 17:01:41 INFO BlockManagerMasterEndpoint: Registering block manager spark-master:36977 with 1048.8 MiB RAM, BlockManagerId(driver, spark-master, 36977, None)
[2026-04-13T17:01:41.378+0000] {subprocess.py:106} INFO - 26/04/13 17:01:41 INFO BlockManagerMaster: Registered BlockManager BlockManagerId(driver, spark-master, 36977, None)
[2026-04-13T17:01:41.381+0000] {subprocess.py:106} INFO - 26/04/13 17:01:41 INFO BlockManager: Initialized BlockManager: BlockManagerId(driver, spark-master, 36977, None)
[2026-04-13T17:01:54.214+0000] {subprocess.py:106} INFO - Đọc dữ liệu Silver từ iceberg.air_quality_db.air_quality_silver
[2026-04-13T17:01:54.247+0000] {subprocess.py:106} INFO - 26/04/13 17:01:54 INFO SharedState: spark.sql.warehouse.dir is not set, but hive.metastore.warehouse.dir is set. Setting spark.sql.warehouse.dir to the value of hive.metastore.warehouse.dir.
[2026-04-13T17:01:55.466+0000] {subprocess.py:106} INFO - 26/04/13 17:01:55 INFO SharedState: Warehouse path is 'hdfs://23133083thuyvan-master:9000/user/hive/lakehouse'.
[2026-04-13T17:01:59.805+0000] {subprocess.py:106} INFO - 26/04/13 17:01:59 INFO CatalogUtil: Loading custom FileIO implementation: org.apache.iceberg.hadoop.HadoopFileIO
[2026-04-13T17:02:00.224+0000] {subprocess.py:106} INFO - 26/04/13 17:02:00 INFO HiveConf: Found configuration file file:/home/spark/spark/conf/hive-site.xml
[2026-04-13T17:02:00.732+0000] {subprocess.py:106} INFO - 26/04/13 17:02:00 INFO metastore: Trying to connect to metastore with URI thrift://23133083thuyvan-master:9083
[2026-04-13T17:02:00.792+0000] {subprocess.py:106} INFO - 26/04/13 17:02:00 INFO metastore: Opened a connection to metastore, current connections: 1
[2026-04-13T17:02:01.016+0000] {subprocess.py:106} INFO - 26/04/13 17:02:01 INFO metastore: Connected to metastore.
[2026-04-13T17:02:02.556+0000] {subprocess.py:106} INFO - 26/04/13 17:02:02 INFO BaseMetastoreTableOperations: Refreshing table metadata from new version: hdfs://23133083thuyvan-master:9000/user/hive/lakehouse/silver/air_quality_silver/metadata/00003-8e71d277-3336-4b24-8390-00b46931a63f.metadata.json
[2026-04-13T17:02:04.277+0000] {subprocess.py:106} INFO - 26/04/13 17:02:04 INFO BaseMetastoreCatalog: Table loaded by catalog: iceberg.air_quality_db.air_quality_silver
[2026-04-13T17:02:11.873+0000] {subprocess.py:106} INFO - 26/04/13 17:02:11 INFO BaseMetastoreTableOperations: Refreshing table metadata from new version: hdfs://23133083thuyvan-master:9000/user/hive/lakehouse/gold/ml/air_quality_gold/metadata/00014-d65b27c6-69e3-4023-89fd-b34e3783336f.metadata.json
[2026-04-13T17:02:12.303+0000] {subprocess.py:106} INFO - 26/04/13 17:02:12 INFO BaseMetastoreCatalog: Table loaded by catalog: iceberg.air_quality_ml.air_quality_gold
[2026-04-13T17:02:12.592+0000] {subprocess.py:106} INFO - Bảng đã tồn tại, append dữ liệu vào iceberg.air_quality_ml.air_quality_gold
[2026-04-13T17:02:14.185+0000] {subprocess.py:106} INFO - 26/04/13 17:02:14 INFO V2ScanRelationPushDown:
[2026-04-13T17:02:14.238+0000] {subprocess.py:106} INFO - Output: timestamp#94, location#95, latitude#96, longitude#97, country#98, condition_text#99, timezone#100, temperature_2m#101, relative_humidity_2m#102, apparent_temperature#103, precipitation#104, cloud_cover#105, wind_speed_10m#106, wind_direction_10m#107, wind_gusts_10m#108, uv_index#109, weather_code#110, european_aqi#111, us_aqi#112, us_aqi_index#113, aqi_label#114, pm10#115, pm2_5#116, carbon_monoxide#117, nitrogen_dioxide#118, sulphur_dioxide#119, ozone#120, processing_time#121, data_source#122
[2026-04-13T17:02:14.241+0000] {subprocess.py:106} INFO - 
[2026-04-13T17:02:14.801+0000] {subprocess.py:106} INFO - 26/04/13 17:02:14 INFO SnapshotScan: Scanning table iceberg.air_quality_db.air_quality_silver snapshot 4518274335865062319 created at 2026-04-13T11:48:03.562+00:00 with filter true
[2026-04-13T17:02:34.949+0000] {subprocess.py:106} INFO - 26/04/13 17:02:34 INFO BaseDistributedDataScan: Planning file tasks locally for table iceberg.air_quality_db.air_quality_silver
[2026-04-13T17:02:41.351+0000] {subprocess.py:106} INFO - 26/04/13 17:02:41 INFO SparkPartitioningAwareScan: Reporting UnknownPartitioning with 15 partition(s) for table iceberg.air_quality_db.air_quality_silver
[2026-04-13T17:02:44.603+0000] {subprocess.py:106} INFO - 26/04/13 17:02:44 INFO MemoryStore: MemoryStore started with capacity 1048.8 MiB
[2026-04-13T17:02:45.615+0000] {subprocess.py:106} INFO - 26/04/13 17:02:45 INFO MemoryStore: Block broadcast_0 stored as values in memory (estimated size 32.0 KiB, free 1048.8 MiB)
[2026-04-13T17:02:46.754+0000] {subprocess.py:106} INFO - 26/04/13 17:02:46 INFO MemoryStore: Block broadcast_0_piece0 stored as bytes in memory (estimated size 34.8 KiB, free 1048.7 MiB)
[2026-04-13T17:02:46.885+0000] {subprocess.py:106} INFO - 26/04/13 17:02:46 INFO SparkContext: Created broadcast 0 from broadcast at SparkBatch.java:87
[2026-04-13T17:02:47.315+0000] {subprocess.py:106} INFO - 26/04/13 17:02:47 INFO MemoryStore: Block broadcast_1 stored as values in memory (estimated size 32.0 KiB, free 1048.7 MiB)
[2026-04-13T17:02:48.496+0000] {subprocess.py:106} INFO - 26/04/13 17:02:48 INFO MemoryStore: Block broadcast_1_piece0 stored as bytes in memory (estimated size 34.9 KiB, free 1048.7 MiB)
[2026-04-13T17:02:48.602+0000] {subprocess.py:106} INFO - 26/04/13 17:02:48 INFO SparkContext: Created broadcast 1 from broadcast at SparkBatch.java:87
[2026-04-13T17:02:49.221+0000] {subprocess.py:106} INFO - 26/04/13 17:02:49 WARN SparkStringUtils: Truncated the string representation of a plan since it was too large. This behavior can be adjusted by setting 'spark.sql.debug.maxToStringFields'.
[2026-04-13T17:02:55.757+0000] {subprocess.py:106} INFO - 26/04/13 17:02:55 INFO CodeGenerator: Code generated in 4070.028524 ms
[2026-04-13T17:02:57.544+0000] {subprocess.py:106} INFO - 26/04/13 17:02:57 INFO MemoryStore: Block broadcast_2 stored as values in memory (estimated size 32.0 KiB, free 1048.6 MiB)
[2026-04-13T17:02:57.797+0000] {subprocess.py:106} INFO - 26/04/13 17:02:57 INFO MemoryStore: Block broadcast_2_piece0 stored as bytes in memory (estimated size 34.8 KiB, free 1048.6 MiB)
[2026-04-13T17:02:57.827+0000] {subprocess.py:106} INFO - 26/04/13 17:02:57 INFO SparkContext: Created broadcast 2 from broadcast at SparkWrite.java:198
[2026-04-13T17:02:57.900+0000] {subprocess.py:106} INFO - 26/04/13 17:02:57 INFO AppendDataExec: Start processing data source write support: IcebergBatchWrite(table=iceberg.air_quality_ml.air_quality_gold, format=PARQUET). The input RDD has 15} partitions.
[2026-04-13T17:02:58.406+0000] {subprocess.py:106} INFO - 26/04/13 17:02:58 INFO SparkContext: Starting job: append at NativeMethodAccessorImpl.java:0
[2026-04-13T17:02:58.824+0000] {subprocess.py:106} INFO - 26/04/13 17:02:58 INFO DAGScheduler: Got job 0 (append at NativeMethodAccessorImpl.java:0) with 15 output partitions
[2026-04-13T17:02:58.834+0000] {subprocess.py:106} INFO - 26/04/13 17:02:58 INFO DAGScheduler: Final stage: ResultStage 0 (append at NativeMethodAccessorImpl.java:0)
[2026-04-13T17:02:58.848+0000] {subprocess.py:106} INFO - 26/04/13 17:02:58 INFO DAGScheduler: Parents of final stage: List()
[2026-04-13T17:02:58.851+0000] {subprocess.py:106} INFO - 26/04/13 17:02:58 INFO DAGScheduler: Missing parents: List()
[2026-04-13T17:02:58.882+0000] {subprocess.py:106} INFO - 26/04/13 17:02:58 INFO DAGScheduler: Submitting ResultStage 0 (MapPartitionsRDD[2] at append at NativeMethodAccessorImpl.java:0), which has no missing parents
[2026-04-13T17:02:59.492+0000] {subprocess.py:106} INFO - 26/04/13 17:02:59 INFO MemoryStore: Block broadcast_3 stored as values in memory (estimated size 33.8 KiB, free 1048.6 MiB)
[2026-04-13T17:02:59.758+0000] {subprocess.py:106} INFO - 26/04/13 17:02:59 INFO MemoryStore: Block broadcast_3_piece0 stored as bytes in memory (estimated size 10.3 KiB, free 1048.6 MiB)
[2026-04-13T17:02:59.776+0000] {subprocess.py:106} INFO - 26/04/13 17:02:59 INFO SparkContext: Created broadcast 3 from broadcast at DAGScheduler.scala:1676
[2026-04-13T17:02:59.851+0000] {subprocess.py:106} INFO - 26/04/13 17:02:59 INFO DAGScheduler: Submitting 15 missing tasks from ResultStage 0 (MapPartitionsRDD[2] at append at NativeMethodAccessorImpl.java:0) (first 15 tasks are for partitions Vector(0, 1, 2, 3, 4, 5, 6, 7, 8, 9, 10, 11, 12, 13, 14))
[2026-04-13T17:02:59.873+0000] {subprocess.py:106} INFO - 26/04/13 17:02:59 INFO TaskSchedulerImpl: Adding task set 0.0 with 15 tasks resource profile 0
[2026-04-13T17:03:00.093+0000] {subprocess.py:106} INFO - 26/04/13 17:03:00 INFO TaskSetManager: Starting task 0.0 in stage 0.0 (TID 0) (spark-master,executor driver, partition 0, ANY, 22261 bytes)
[2026-04-13T17:03:00.106+0000] {subprocess.py:106} INFO - 26/04/13 17:03:00 INFO TaskSetManager: Starting task 1.0 in stage 0.0 (TID 1) (spark-master,executor driver, partition 1, ANY, 21827 bytes)
[2026-04-13T17:03:00.108+0000] {subprocess.py:106} INFO - 26/04/13 17:03:00 INFO TaskSetManager: Starting task 2.0 in stage 0.0 (TID 2) (spark-master,executor driver, partition 2, ANY, 22253 bytes)
[2026-04-13T17:03:00.110+0000] {subprocess.py:106} INFO - 26/04/13 17:03:00 INFO TaskSetManager: Starting task 3.0 in stage 0.0 (TID 3) (spark-master,executor driver, partition 3, ANY, 22254 bytes)
[2026-04-13T17:03:00.114+0000] {subprocess.py:106} INFO - 26/04/13 17:03:00 INFO TaskSetManager: Starting task 4.0 in stage 0.0 (TID 4) (spark-master,executor driver, partition 4, ANY, 22267 bytes)
[2026-04-13T17:03:00.118+0000] {subprocess.py:106} INFO - 26/04/13 17:03:00 INFO TaskSetManager: Starting task 5.0 in stage 0.0 (TID 5) (spark-master,executor driver, partition 5, ANY, 22259 bytes)
[2026-04-13T17:03:00.123+0000] {subprocess.py:106} INFO - 26/04/13 17:03:00 INFO TaskSetManager: Starting task 6.0 in stage 0.0 (TID 6) (spark-master,executor driver, partition 6, ANY, 21812 bytes)
[2026-04-13T17:03:00.124+0000] {subprocess.py:106} INFO - 26/04/13 17:03:00 INFO TaskSetManager: Starting task 7.0 in stage 0.0 (TID 7) (spark-master,executor driver, partition 7, ANY, 21806 bytes)
[2026-04-13T17:03:00.126+0000] {subprocess.py:106} INFO - 26/04/13 17:03:00 INFO TaskSetManager: Starting task 8.0 in stage 0.0 (TID 8) (spark-master,executor driver, partition 8, ANY, 21810 bytes)
[2026-04-13T17:03:00.132+0000] {subprocess.py:106} INFO - 26/04/13 17:03:00 INFO TaskSetManager: Starting task 9.0 in stage 0.0 (TID 9) (spark-master,executor driver, partition 9, ANY, 21814 bytes)
[2026-04-13T17:03:00.135+0000] {subprocess.py:106} INFO - 26/04/13 17:03:00 INFO TaskSetManager: Starting task 10.0 in stage 0.0 (TID 10) (spark-master,executor driver, partition 10, ANY, 21804 bytes)
[2026-04-13T17:03:00.137+0000] {subprocess.py:106} INFO - 26/04/13 17:03:00 INFO TaskSetManager: Starting task 11.0 in stage 0.0 (TID 11) (spark-master,executor driver, partition 11, ANY, 21791 bytes)
[2026-04-13T17:03:00.142+0000] {subprocess.py:106} INFO - 26/04/13 17:03:00 INFO TaskSetManager: Starting task 12.0 in stage 0.0 (TID 12) (spark-master,executor driver, partition 12, ANY, 21811 bytes)
[2026-04-13T17:03:00.148+0000] {subprocess.py:106} INFO - 26/04/13 17:03:00 INFO TaskSetManager: Starting task 13.0 in stage 0.0 (TID 13) (spark-master,executor driver, partition 13, ANY, 21364 bytes)
[2026-04-13T17:03:00.149+0000] {subprocess.py:106} INFO - 26/04/13 17:03:00 INFO TaskSetManager: Starting task 14.0 in stage 0.0 (TID 14) (spark-master,executor driver, partition 14, ANY, 21346 bytes)
[2026-04-13T17:03:00.230+0000] {subprocess.py:106} INFO - 26/04/13 17:03:00 INFO Executor: Running task 4.0 in stage 0.0 (TID 4)
[2026-04-13T17:03:00.231+0000] {subprocess.py:106} INFO - 26/04/13 17:03:00 INFO Executor: Running task 5.0 in stage 0.0 (TID 5)
[2026-04-13T17:03:00.232+0000] {subprocess.py:106} INFO - 26/04/13 17:03:00 INFO Executor: Running task 3.0 in stage 0.0 (TID 3)
[2026-04-13T17:03:00.233+0000] {subprocess.py:106} INFO - 26/04/13 17:03:00 INFO Executor: Running task 1.0 in stage 0.0 (TID 1)
[2026-04-13T17:03:00.234+0000] {subprocess.py:106} INFO - 26/04/13 17:03:00 INFO Executor: Running task 10.0 in stage 0.0 (TID 10)
[2026-04-13T17:03:00.281+0000] {subprocess.py:106} INFO - 26/04/13 17:03:00 INFO Executor: Running task 0.0 in stage 0.0 (TID 0)
[2026-04-13T17:03:00.285+0000] {subprocess.py:106} INFO - 26/04/13 17:03:00 INFO Executor: Running task 2.0 in stage 0.0 (TID 2)
[2026-04-13T17:03:00.286+0000] {subprocess.py:106} INFO - 26/04/13 17:03:00 INFO Executor: Running task 8.0 in stage 0.0 (TID 8)
[2026-04-13T17:03:00.287+0000] {subprocess.py:106} INFO - 26/04/13 17:03:00 INFO Executor: Running task 12.0 in stage 0.0 (TID 12)
[2026-04-13T17:03:00.291+0000] {subprocess.py:106} INFO - 26/04/13 17:03:00 INFO Executor: Running task 7.0 in stage 0.0 (TID 7)
[2026-04-13T17:03:00.292+0000] {subprocess.py:106} INFO - 26/04/13 17:03:00 INFO Executor: Running task 6.0 in stage 0.0 (TID 6)
[2026-04-13T17:03:00.293+0000] {subprocess.py:106} INFO - 26/04/13 17:03:00 INFO Executor: Running task 11.0 in stage 0.0 (TID 11)
[2026-04-13T17:03:00.294+0000] {subprocess.py:106} INFO - 26/04/13 17:03:00 INFO Executor: Running task 13.0 in stage 0.0 (TID 13)
[2026-04-13T17:03:00.295+0000] {subprocess.py:106} INFO - 26/04/13 17:03:00 INFO Executor: Running task 9.0 in stage 0.0 (TID 9)
[2026-04-13T17:03:00.296+0000] {subprocess.py:106} INFO - 26/04/13 17:03:00 INFO Executor: Running task 14.0 in stage 0.0 (TID 14)
[2026-04-13T17:03:01.204+0000] {subprocess.py:106} INFO - 26/04/13 17:03:01 INFO CodeGenerator: Code generated in 399.164654 ms
[2026-04-13T17:03:02.058+0000] {subprocess.py:106} INFO - 26/04/13 17:03:02 INFO CodecPool: Got brand-new compressor [.zstd]
[2026-04-13T17:03:02.066+0000] {subprocess.py:106} INFO - 26/04/13 17:03:02 INFO CodecPool: Got brand-new compressor [.zstd]
[2026-04-13T17:03:02.070+0000] {subprocess.py:106} INFO - 26/04/13 17:03:02 INFO CodecPool: Got brand-new compressor [.zstd]
[2026-04-13T17:03:02.072+0000] {subprocess.py:106} INFO - 26/04/13 17:03:02 INFO CodecPool: Got brand-new compressor [.zstd]
[2026-04-13T17:03:02.073+0000] {subprocess.py:106} INFO - 26/04/13 17:03:02 INFO CodecPool: Got brand-new compressor [.zstd]
[2026-04-13T17:03:02.075+0000] {subprocess.py:106} INFO - 26/04/13 17:03:02 INFO CodecPool: Got brand-new compressor [.zstd]
[2026-04-13T17:03:02.079+0000] {subprocess.py:106} INFO - 26/04/13 17:03:02 INFO CodecPool: Got brand-new compressor [.zstd]
[2026-04-13T17:03:02.080+0000] {subprocess.py:106} INFO - 26/04/13 17:03:02 INFO CodecPool: Got brand-new compressor [.zstd]
[2026-04-13T17:03:02.081+0000] {subprocess.py:106} INFO - 26/04/13 17:03:02 INFO CodecPool: Got brand-new compressor [.zstd]
[2026-04-13T17:03:02.082+0000] {subprocess.py:106} INFO - 26/04/13 17:03:02 INFO CodecPool: Got brand-new compressor [.zstd]
[2026-04-13T17:03:02.095+0000] {subprocess.py:106} INFO - 26/04/13 17:03:02 INFO CodecPool: Got brand-new compressor [.zstd]
[2026-04-13T17:03:02.130+0000] {subprocess.py:106} INFO - 26/04/13 17:03:02 INFO CodecPool: Got brand-new compressor [.zstd]
[2026-04-13T17:03:02.131+0000] {subprocess.py:106} INFO - 26/04/13 17:03:02 INFO CodecPool: Got brand-new compressor [.zstd]
[2026-04-13T17:03:02.132+0000] {subprocess.py:106} INFO - 26/04/13 17:03:02 INFO CodecPool: Got brand-new compressor [.zstd]
[2026-04-13T17:03:02.133+0000] {subprocess.py:106} INFO - 26/04/13 17:03:02 INFO CodecPool: Got brand-new compressor [.zstd]
[2026-04-13T17:03:08.128+0000] {subprocess.py:106} INFO - 26/04/13 17:03:08 INFO VectorizedSparkParquetReaders: Enabling arrow.enable_unsafe_memory_access
[2026-04-13T17:03:08.129+0000] {subprocess.py:106} INFO - 26/04/13 17:03:08 INFO VectorizedSparkParquetReaders: Disabling arrow.enable_null_check_for_get
[2026-04-13T17:03:08.206+0000] {subprocess.py:106} INFO - 26/04/13 17:03:08 INFO BaseAllocator: Debug mode disabled. Enable with the VM option -Darrow.memory.debug.allocator=true.
[2026-04-13T17:03:08.212+0000] {subprocess.py:106} INFO - 26/04/13 17:03:08 INFO DefaultAllocationManagerOption: allocation manager type not specified, using netty as the default type
[2026-04-13T17:03:08.281+0000] {subprocess.py:106} INFO - 26/04/13 17:03:08 INFO CheckAllocator: Using DefaultAllocationManager at memory/DefaultAllocationManagerFactory.class
[2026-04-13T17:03:09.089+0000] {subprocess.py:106} INFO - 26/04/13 17:03:09 INFO CodecPool: Got brand-new decompressor [.zstd]
[2026-04-13T17:03:09.090+0000] {subprocess.py:106} INFO - 26/04/13 17:03:09 INFO CodecPool: Got brand-new decompressor [.zstd]
[2026-04-13T17:03:09.091+0000] {subprocess.py:106} INFO - 26/04/13 17:03:09 INFO CodecPool: Got brand-new decompressor [.zstd]
[2026-04-13T17:03:09.092+0000] {subprocess.py:106} INFO - 26/04/13 17:03:09 INFO CodecPool: Got brand-new decompressor [.zstd]
[2026-04-13T17:03:09.094+0000] {subprocess.py:106} INFO - 26/04/13 17:03:09 INFO CodecPool: Got brand-new decompressor [.zstd]
[2026-04-13T17:03:09.095+0000] {subprocess.py:106} INFO - 26/04/13 17:03:09 INFO CodecPool: Got brand-new decompressor [.zstd]
[2026-04-13T17:03:09.097+0000] {subprocess.py:106} INFO - 26/04/13 17:03:09 INFO CodecPool: Got brand-new decompressor [.zstd]
[2026-04-13T17:03:09.100+0000] {subprocess.py:106} INFO - 26/04/13 17:03:09 INFO CodecPool: Got brand-new decompressor [.zstd]
[2026-04-13T17:03:09.101+0000] {subprocess.py:106} INFO - 26/04/13 17:03:09 INFO CodecPool: Got brand-new decompressor [.zstd]
[2026-04-13T17:03:09.106+0000] {subprocess.py:106} INFO - 26/04/13 17:03:09 INFO CodecPool: Got brand-new decompressor [.zstd]
[2026-04-13T17:03:09.107+0000] {subprocess.py:106} INFO - 26/04/13 17:03:09 INFO CodecPool: Got brand-new decompressor [.zstd]
[2026-04-13T17:03:09.131+0000] {subprocess.py:106} INFO - 26/04/13 17:03:09 INFO CodecPool: Got brand-new decompressor [.zstd]
[2026-04-13T17:03:09.139+0000] {subprocess.py:106} INFO - 26/04/13 17:03:09 INFO CodecPool: Got brand-new decompressor [.zstd]
[2026-04-13T17:03:09.149+0000] {subprocess.py:106} INFO - 26/04/13 17:03:09 INFO CodecPool: Got brand-new decompressor [.zstd]
[2026-04-13T17:03:09.286+0000] {subprocess.py:106} INFO - 26/04/13 17:03:09 INFO CodecPool: Got brand-new decompressor [.zstd]
[2026-04-13T17:03:10.303+0000] {subprocess.py:106} INFO - 26/04/13 17:03:10 INFO CodecPool: Got brand-new decompressor [.zstd]
[2026-04-13T17:03:10.311+0000] {subprocess.py:106} INFO - 26/04/13 17:03:10 INFO CodecPool: Got brand-new decompressor [.zstd]
[2026-04-13T17:03:10.321+0000] {subprocess.py:106} INFO - 26/04/13 17:03:10 INFO CodecPool: Got brand-new decompressor [.zstd]
[2026-04-13T17:03:10.322+0000] {subprocess.py:106} INFO - 26/04/13 17:03:10 INFO CodecPool: Got brand-new decompressor [.zstd]
[2026-04-13T17:03:10.325+0000] {subprocess.py:106} INFO - 26/04/13 17:03:10 INFO CodecPool: Got brand-new decompressor [.zstd]
[2026-04-13T17:03:10.335+0000] {subprocess.py:106} INFO - 26/04/13 17:03:10 INFO CodecPool: Got brand-new decompressor [.zstd]
[2026-04-13T17:03:10.336+0000] {subprocess.py:106} INFO - 26/04/13 17:03:10 INFO CodecPool: Got brand-new decompressor [.zstd]
[2026-04-13T17:03:10.337+0000] {subprocess.py:106} INFO - 26/04/13 17:03:10 INFO CodecPool: Got brand-new decompressor [.zstd]
[2026-04-13T17:03:10.340+0000] {subprocess.py:106} INFO - 26/04/13 17:03:10 INFO CodecPool: Got brand-new decompressor [.zstd]
[2026-04-13T17:03:10.341+0000] {subprocess.py:106} INFO - 26/04/13 17:03:10 INFO CodecPool: Got brand-new decompressor [.zstd]
[2026-04-13T17:03:10.342+0000] {subprocess.py:106} INFO - 26/04/13 17:03:10 INFO CodecPool: Got brand-new decompressor [.zstd]
[2026-04-13T17:03:10.343+0000] {subprocess.py:106} INFO - 26/04/13 17:03:10 INFO CodecPool: Got brand-new decompressor [.zstd]
[2026-04-13T17:03:10.350+0000] {subprocess.py:106} INFO - 26/04/13 17:03:10 INFO CodecPool: Got brand-new decompressor [.zstd]
[2026-04-13T17:03:10.353+0000] {subprocess.py:106} INFO - 26/04/13 17:03:10 INFO CodecPool: Got brand-new decompressor [.zstd]
[2026-04-13T17:03:10.369+0000] {subprocess.py:106} INFO - 26/04/13 17:03:10 INFO CodecPool: Got brand-new decompressor [.zstd]
[2026-04-13T17:03:10.390+0000] {subprocess.py:106} INFO - 26/04/13 17:03:10 INFO CodecPool: Got brand-new decompressor [.zstd]
[2026-04-13T17:03:10.414+0000] {subprocess.py:106} INFO - 26/04/13 17:03:10 INFO CodecPool: Got brand-new decompressor [.zstd]
[2026-04-13T17:03:10.421+0000] {subprocess.py:106} INFO - 26/04/13 17:03:10 INFO CodecPool: Got brand-new decompressor [.zstd]
[2026-04-13T17:03:10.422+0000] {subprocess.py:106} INFO - 26/04/13 17:03:10 INFO CodecPool: Got brand-new decompressor [.zstd]
[2026-04-13T17:03:10.430+0000] {subprocess.py:106} INFO - 26/04/13 17:03:10 INFO CodecPool: Got brand-new decompressor [.zstd]
[2026-04-13T17:03:10.435+0000] {subprocess.py:106} INFO - 26/04/13 17:03:10 INFO CodecPool: Got brand-new decompressor [.zstd]
[2026-04-13T17:03:10.440+0000] {subprocess.py:106} INFO - 26/04/13 17:03:10 INFO CodecPool: Got brand-new decompressor [.zstd]
[2026-04-13T17:03:10.442+0000] {subprocess.py:106} INFO - 26/04/13 17:03:10 INFO CodecPool: Got brand-new decompressor [.zstd]
[2026-04-13T17:03:10.443+0000] {subprocess.py:106} INFO - 26/04/13 17:03:10 INFO CodecPool: Got brand-new decompressor [.zstd]
[2026-04-13T17:03:10.458+0000] {subprocess.py:106} INFO - 26/04/13 17:03:10 INFO CodecPool: Got brand-new decompressor [.zstd]
[2026-04-13T17:03:10.459+0000] {subprocess.py:106} INFO - 26/04/13 17:03:10 INFO CodecPool: Got brand-new decompressor [.zstd]
[2026-04-13T17:03:10.476+0000] {subprocess.py:106} INFO - 26/04/13 17:03:10 INFO CodecPool: Got brand-new decompressor [.zstd]
[2026-04-13T17:03:10.481+0000] {subprocess.py:106} INFO - 26/04/13 17:03:10 INFO CodecPool: Got brand-new decompressor [.zstd]
[2026-04-13T17:03:10.482+0000] {subprocess.py:106} INFO - 26/04/13 17:03:10 INFO CodecPool: Got brand-new decompressor [.zstd]
[2026-04-13T17:03:10.483+0000] {subprocess.py:106} INFO - 26/04/13 17:03:10 INFO CodecPool: Got brand-new decompressor [.zstd]
[2026-04-13T17:03:10.493+0000] {subprocess.py:106} INFO - 26/04/13 17:03:10 INFO DataWritingSparkTask: Writer for partition 0 is committing.
[2026-04-13T17:03:10.495+0000] {subprocess.py:106} INFO - 26/04/13 17:03:10 INFO CodecPool: Got brand-new decompressor [.zstd]
[2026-04-13T17:03:10.496+0000] {subprocess.py:106} INFO - 26/04/13 17:03:10 INFO CodecPool: Got brand-new decompressor [.zstd]
[2026-04-13T17:03:10.502+0000] {subprocess.py:106} INFO - 26/04/13 17:03:10 INFO CodecPool: Got brand-new decompressor [.zstd]
[2026-04-13T17:03:10.523+0000] {subprocess.py:106} INFO - 26/04/13 17:03:10 INFO CodecPool: Got brand-new decompressor [.zstd]
[2026-04-13T17:03:10.524+0000] {subprocess.py:106} INFO - 26/04/13 17:03:10 INFO CodecPool: Got brand-new decompressor [.zstd]
[2026-04-13T17:03:10.528+0000] {subprocess.py:106} INFO - 26/04/13 17:03:10 INFO CodecPool: Got brand-new decompressor [.zstd]
[2026-04-13T17:03:10.530+0000] {subprocess.py:106} INFO - 26/04/13 17:03:10 INFO DataWritingSparkTask: Writer for partition 2 is committing.
[2026-04-13T17:03:10.531+0000] {subprocess.py:106} INFO - 26/04/13 17:03:10 INFO DataWritingSparkTask: Writer for partition 9 is committing.
[2026-04-13T17:03:10.532+0000] {subprocess.py:106} INFO - 26/04/13 17:03:10 INFO DataWritingSparkTask: Writer for partition 3 is committing.
[2026-04-13T17:03:10.541+0000] {subprocess.py:106} INFO - 26/04/13 17:03:10 INFO CodecPool: Got brand-new decompressor [.zstd]
[2026-04-13T17:03:10.543+0000] {subprocess.py:106} INFO - 26/04/13 17:03:10 INFO CodecPool: Got brand-new decompressor [.zstd]
[2026-04-13T17:03:10.546+0000] {subprocess.py:106} INFO - 26/04/13 17:03:10 INFO CodecPool: Got brand-new decompressor [.zstd]
[2026-04-13T17:03:10.547+0000] {subprocess.py:106} INFO - 26/04/13 17:03:10 INFO CodecPool: Got brand-new decompressor [.zstd]
[2026-04-13T17:03:10.549+0000] {subprocess.py:106} INFO - 26/04/13 17:03:10 INFO CodecPool: Got brand-new decompressor [.zstd]
[2026-04-13T17:03:10.556+0000] {subprocess.py:106} INFO - 26/04/13 17:03:10 INFO DataWritingSparkTask: Writer for partition 14 is committing.
[2026-04-13T17:03:10.563+0000] {subprocess.py:106} INFO - 26/04/13 17:03:10 INFO DataWritingSparkTask: Writer for partition 5 is committing.
[2026-04-13T17:03:10.564+0000] {subprocess.py:106} INFO - 26/04/13 17:03:10 INFO CodecPool: Got brand-new decompressor [.zstd]
[2026-04-13T17:03:10.566+0000] {subprocess.py:106} INFO - 26/04/13 17:03:10 INFO CodecPool: Got brand-new decompressor [.zstd]
[2026-04-13T17:03:10.567+0000] {subprocess.py:106} INFO - 26/04/13 17:03:10 INFO CodecPool: Got brand-new decompressor [.zstd]
[2026-04-13T17:03:10.571+0000] {subprocess.py:106} INFO - 26/04/13 17:03:10 INFO CodecPool: Got brand-new decompressor [.zstd]
[2026-04-13T17:03:10.571+0000] {subprocess.py:106} INFO - 26/04/13 17:03:10 INFO DataWritingSparkTask: Writer for partition 6 is committing.
[2026-04-13T17:03:10.574+0000] {subprocess.py:106} INFO - 26/04/13 17:03:10 INFO DataWritingSparkTask: Writer for partition 13 is committing.
[2026-04-13T17:03:10.575+0000] {subprocess.py:106} INFO - 26/04/13 17:03:10 INFO DataWritingSparkTask: Writer for partition 11 is committing.
[2026-04-13T17:03:10.576+0000] {subprocess.py:106} INFO - 26/04/13 17:03:10 INFO DataWritingSparkTask: Writer for partition 12 is committing.
[2026-04-13T17:03:10.577+0000] {subprocess.py:106} INFO - 26/04/13 17:03:10 INFO DataWritingSparkTask: Writer for partition 7 is committing.
[2026-04-13T17:03:10.584+0000] {subprocess.py:106} INFO - 26/04/13 17:03:10 INFO DataWritingSparkTask: Writer for partition 8 is committing.
[2026-04-13T17:03:10.591+0000] {subprocess.py:106} INFO - 26/04/13 17:03:10 INFO DataWritingSparkTask: Writer for partition 10 is committing.
[2026-04-13T17:03:10.596+0000] {subprocess.py:106} INFO - 26/04/13 17:03:10 INFO DataWritingSparkTask: Writer for partition 1 is committing.
[2026-04-13T17:03:10.600+0000] {subprocess.py:106} INFO - 26/04/13 17:03:10 INFO DataWritingSparkTask: Writer for partition 4 is committing.
[2026-04-13T17:03:12.488+0000] {subprocess.py:106} INFO - 26/04/13 17:03:12 INFO DataWritingSparkTask: Committed partition 1 (task 1, attempt 0, stage 0.0)
[2026-04-13T17:03:12.491+0000] {subprocess.py:106} INFO - 26/04/13 17:03:12 INFO DataWritingSparkTask: Committed partition 5 (task 5, attempt 0, stage 0.0)
[2026-04-13T17:03:12.491+0000] {subprocess.py:106} INFO - 26/04/13 17:03:12 INFO DataWritingSparkTask: Committed partition 11 (task 11, attempt 0, stage 0.0)
[2026-04-13T17:03:12.493+0000] {subprocess.py:106} INFO - 26/04/13 17:03:12 INFO DataWritingSparkTask: Committed partition 9 (task 9, attempt 0, stage 0.0)
[2026-04-13T17:03:12.502+0000] {subprocess.py:106} INFO - 26/04/13 17:03:12 INFO DataWritingSparkTask: Committed partition 10 (task 10, attempt 0, stage 0.0)
[2026-04-13T17:03:12.502+0000] {subprocess.py:106} INFO - 26/04/13 17:03:12 INFO DataWritingSparkTask: Committed partition 13 (task 13, attempt 0, stage 0.0)
[2026-04-13T17:03:12.503+0000] {subprocess.py:106} INFO - 26/04/13 17:03:12 INFO DataWritingSparkTask: Committed partition 7 (task 7, attempt 0, stage 0.0)
[2026-04-13T17:03:12.504+0000] {subprocess.py:106} INFO - 26/04/13 17:03:12 INFO DataWritingSparkTask: Committed partition 4 (task 4, attempt 0, stage 0.0)
[2026-04-13T17:03:12.505+0000] {subprocess.py:106} INFO - 26/04/13 17:03:12 INFO DataWritingSparkTask: Committed partition 6 (task 6, attempt 0, stage 0.0)
[2026-04-13T17:03:12.505+0000] {subprocess.py:106} INFO - 26/04/13 17:03:12 INFO DataWritingSparkTask: Committed partition 12 (task 12, attempt 0, stage 0.0)
[2026-04-13T17:03:12.506+0000] {subprocess.py:106} INFO - 26/04/13 17:03:12 INFO DataWritingSparkTask: Committed partition 8 (task 8, attempt 0, stage 0.0)
[2026-04-13T17:03:12.511+0000] {subprocess.py:106} INFO - 26/04/13 17:03:12 INFO DataWritingSparkTask: Committed partition 2 (task 2, attempt 0, stage 0.0)
[2026-04-13T17:03:12.512+0000] {subprocess.py:106} INFO - 26/04/13 17:03:12 INFO DataWritingSparkTask: Committed partition 0 (task 0, attempt 0, stage 0.0)
[2026-04-13T17:03:12.513+0000] {subprocess.py:106} INFO - 26/04/13 17:03:12 INFO DataWritingSparkTask: Committed partition 14 (task 14, attempt 0, stage 0.0)
[2026-04-13T17:03:12.515+0000] {subprocess.py:106} INFO - 26/04/13 17:03:12 INFO DataWritingSparkTask: Committed partition 3 (task 3, attempt 0, stage 0.0)
[2026-04-13T17:03:13.291+0000] {subprocess.py:106} INFO - 26/04/13 17:03:13 INFO Executor: Finished task 2.0 in stage 0.0 (TID 2). 9528 bytes result sent to driver
[2026-04-13T17:03:13.304+0000] {subprocess.py:106} INFO - 26/04/13 17:03:13 INFO Executor: Finished task 11.0 in stage 0.0 (TID 11). 9495 bytes result sent to driver
[2026-04-13T17:03:13.308+0000] {subprocess.py:106} INFO - 26/04/13 17:03:13 INFO Executor: Finished task 1.0 in stage 0.0 (TID 1). 9533 bytes result sent to driver
[2026-04-13T17:03:13.309+0000] {subprocess.py:106} INFO - 26/04/13 17:03:13 INFO Executor: Finished task 10.0 in stage 0.0 (TID 10). 9520 bytes result sent to driver
[2026-04-13T17:03:13.310+0000] {subprocess.py:106} INFO - 26/04/13 17:03:13 INFO Executor: Finished task 14.0 in stage 0.0 (TID 14). 9588 bytes result sent to driver
[2026-04-13T17:03:13.311+0000] {subprocess.py:106} INFO - 26/04/13 17:03:13 INFO Executor: Finished task 5.0 in stage 0.0 (TID 5). 9531 bytes result sent to driver
[2026-04-13T17:03:13.312+0000] {subprocess.py:106} INFO - 26/04/13 17:03:13 INFO Executor: Finished task 12.0 in stage 0.0 (TID 12). 9566 bytes result sent to driver
[2026-04-13T17:03:13.313+0000] {subprocess.py:106} INFO - 26/04/13 17:03:13 INFO Executor: Finished task 6.0 in stage 0.0 (TID 6). 9541 bytes result sent to driver
[2026-04-13T17:03:13.316+0000] {subprocess.py:106} INFO - 26/04/13 17:03:13 INFO Executor: Finished task 9.0 in stage 0.0 (TID 9). 9528 bytes result sent to driver
[2026-04-13T17:03:13.324+0000] {subprocess.py:106} INFO - 26/04/13 17:03:13 INFO Executor: Finished task 4.0 in stage 0.0 (TID 4). 9550 bytes result sent to driver
[2026-04-13T17:03:13.326+0000] {subprocess.py:106} INFO - 26/04/13 17:03:13 INFO Executor: Finished task 0.0 in stage 0.0 (TID 0). 9532 bytes result sent to driver
[2026-04-13T17:03:13.327+0000] {subprocess.py:106} INFO - 26/04/13 17:03:13 INFO Executor: Finished task 7.0 in stage 0.0 (TID 7). 9495 bytes result sent to driver
[2026-04-13T17:03:13.330+0000] {subprocess.py:106} INFO - 26/04/13 17:03:13 INFO Executor: Finished task 13.0 in stage 0.0 (TID 13). 9579 bytes result sent to driver
[2026-04-13T17:03:13.337+0000] {subprocess.py:106} INFO - 26/04/13 17:03:13 INFO Executor: Finished task 3.0 in stage 0.0 (TID 3). 9564 bytes result sent to driver
[2026-04-13T17:03:13.342+0000] {subprocess.py:106} INFO - 26/04/13 17:03:13 INFO Executor: Finished task 8.0 in stage 0.0 (TID 8). 9523 bytes result sent to driver
[2026-04-13T17:03:13.458+0000] {subprocess.py:106} INFO - 26/04/13 17:03:13 INFO TaskSetManager: Finished task 5.0 in stage 0.0 (TID 5) in 13307 ms on spark-master (executor driver) (1/15)
[2026-04-13T17:03:13.484+0000] {subprocess.py:106} INFO - 26/04/13 17:03:13 INFO TaskSetManager: Finished task 1.0 in stage 0.0 (TID 1) in 13377 ms on spark-master (executor driver) (2/15)
[2026-04-13T17:03:13.503+0000] {subprocess.py:106} INFO - 26/04/13 17:03:13 INFO TaskSetManager: Finished task 10.0 in stage 0.0 (TID 10) in 13353 ms on spark-master (executor driver) (3/15)
[2026-04-13T17:03:13.504+0000] {subprocess.py:106} INFO - 26/04/13 17:03:13 INFO TaskSetManager: Finished task 11.0 in stage 0.0 (TID 11) in 13365 ms on spark-master (executor driver) (4/15)
[2026-04-13T17:03:13.508+0000] {subprocess.py:106} INFO - 26/04/13 17:03:13 INFO TaskSetManager: Finished task 14.0 in stage 0.0 (TID 14) in 13358 ms on spark-master (executor driver) (5/15)
[2026-04-13T17:03:13.512+0000] {subprocess.py:106} INFO - 26/04/13 17:03:13 INFO TaskSetManager: Finished task 12.0 in stage 0.0 (TID 12) in 13373 ms on spark-master (executor driver) (6/15)
[2026-04-13T17:03:13.528+0000] {subprocess.py:106} INFO - 26/04/13 17:03:13 INFO TaskSetManager: Finished task 9.0 in stage 0.0 (TID 9) in 13387 ms on spark-master (executor driver) (7/15)
[2026-04-13T17:03:13.529+0000] {subprocess.py:106} INFO - 26/04/13 17:03:13 INFO TaskSetManager: Finished task 6.0 in stage 0.0 (TID 6) in 13408 ms on spark-master (executor driver) (8/15)
[2026-04-13T17:03:13.534+0000] {subprocess.py:106} INFO - 26/04/13 17:03:13 INFO TaskSetManager: Finished task 2.0 in stage 0.0 (TID 2) in 13428 ms on spark-master (executor driver) (9/15)
[2026-04-13T17:03:13.537+0000] {subprocess.py:106} INFO - 26/04/13 17:03:13 INFO TaskSetManager: Finished task 4.0 in stage 0.0 (TID 4) in 13424 ms on spark-master (executor driver) (10/15)
[2026-04-13T17:03:13.544+0000] {subprocess.py:106} INFO - 26/04/13 17:03:13 INFO TaskSetManager: Finished task 7.0 in stage 0.0 (TID 7) in 13418 ms on spark-master (executor driver) (11/15)
[2026-04-13T17:03:13.548+0000] {subprocess.py:106} INFO - 26/04/13 17:03:13 INFO TaskSetManager: Finished task 0.0 in stage 0.0 (TID 0) in 13528 ms on spark-master (executor driver) (12/15)
[2026-04-13T17:03:13.550+0000] {subprocess.py:106} INFO - 26/04/13 17:03:13 INFO TaskSetManager: Finished task 3.0 in stage 0.0 (TID 3) in 13438 ms on spark-master (executor driver) (13/15)
[2026-04-13T17:03:13.551+0000] {subprocess.py:106} INFO - 26/04/13 17:03:13 INFO TaskSetManager: Finished task 13.0 in stage 0.0 (TID 13) in 13405 ms on spark-master (executor driver) (14/15)
[2026-04-13T17:03:13.553+0000] {subprocess.py:106} INFO - 26/04/13 17:03:13 INFO TaskSetManager: Finished task 8.0 in stage 0.0 (TID 8) in 13426 ms on spark-master (executor driver) (15/15)
[2026-04-13T17:03:13.561+0000] {subprocess.py:106} INFO - 26/04/13 17:03:13 INFO TaskSchedulerImpl: Removed TaskSet 0.0 whose tasks have all completed, from pool
[2026-04-13T17:03:13.567+0000] {subprocess.py:106} INFO - 26/04/13 17:03:13 INFO DAGScheduler: ResultStage 0 (append at NativeMethodAccessorImpl.java:0) finished in 14540 ms
[2026-04-13T17:03:13.589+0000] {subprocess.py:106} INFO - 26/04/13 17:03:13 INFO DAGScheduler: Job 0 is finished. Cancelling potential speculative or zombie tasks for this job
[2026-04-13T17:03:13.613+0000] {subprocess.py:106} INFO - 26/04/13 17:03:13 INFO TaskSchedulerImpl: Canceling stage 0
[2026-04-13T17:03:13.621+0000] {subprocess.py:106} INFO - 26/04/13 17:03:13 INFO TaskSchedulerImpl: Killing all running tasks in stage 0: Stage finished
[2026-04-13T17:03:13.656+0000] {subprocess.py:106} INFO - 26/04/13 17:03:13 INFO DAGScheduler: Job 0 finished: append at NativeMethodAccessorImpl.java:0, took 15080.312508 ms
[2026-04-13T17:03:13.672+0000] {subprocess.py:106} INFO - 26/04/13 17:03:13 INFO AppendDataExec: Data source write support IcebergBatchWrite(table=iceberg.air_quality_ml.air_quality_gold, format=PARQUET) is committing.
[2026-04-13T17:03:13.811+0000] {subprocess.py:106} INFO - 26/04/13 17:03:13 INFO SparkWrite: Committing append with 15 new data files to table iceberg.air_quality_ml.air_quality_gold
[2026-04-13T17:03:19.595+0000] {subprocess.py:106} INFO - 26/04/13 17:03:19 INFO HiveTableOperations: Committed to table iceberg.air_quality_ml.air_quality_gold with the new metadata location hdfs://23133083thuyvan-master:9000/user/hive/lakehouse/gold/ml/air_quality_gold/metadata/00015-23f80604-9060-4f13-9ccd-34bde5a8087d.metadata.json
[2026-04-13T17:03:19.597+0000] {subprocess.py:106} INFO - 26/04/13 17:03:19 INFO BaseMetastoreTableOperations: Successfully committed to table iceberg.air_quality_ml.air_quality_gold in 2492 ms
[2026-04-13T17:03:19.598+0000] {subprocess.py:106} INFO - 26/04/13 17:03:19 INFO SnapshotProducer: Committed snapshot 8682116114862152045 (MergeAppend)
[2026-04-13T17:03:19.679+0000] {subprocess.py:106} INFO - 26/04/13 17:03:19 INFO BaseMetastoreTableOperations: Refreshing table metadata from new version: hdfs://23133083thuyvan-master:9000/user/hive/lakehouse/gold/ml/air_quality_gold/metadata/00015-23f80604-9060-4f13-9ccd-34bde5a8087d.metadata.json
[2026-04-13T17:03:19.733+0000] {subprocess.py:106} INFO - 26/04/13 17:03:19 INFO LoggingMetricsReporter: Received metrics report: CommitReport{tableName=iceberg.air_quality_ml.air_quality_gold, snapshotId=8682116114862152045, sequenceNumber=16, operation=append, commitMetrics=CommitMetricsResult{totalDuration=TimerResult{timeUnit=NANOSECONDS, totalDuration=PT5.784948275S, count=1}, attempts=CounterResult{unit=COUNT, value=1}, addedDataFiles=CounterResult{unit=COUNT, value=15}, removedDataFiles=null, totalDataFiles=CounterResult{unit=COUNT, value=240}, addedDeleteFiles=null, addedEqualityDeleteFiles=null, addedPositionalDeleteFiles=null, addedDVs=null, removedDeleteFiles=null, removedEqualityDeleteFiles=null, removedPositionalDeleteFiles=null, removedDVs=null, totalDeleteFiles=CounterResult{unit=COUNT, value=0}, addedRecords=CounterResult{unit=COUNT, value=100}, removedRecords=null, totalRecords=CounterResult{unit=COUNT, value=1600}, addedFilesSizeInBytes=CounterResult{unit=BYTES, value=145378}, removedFilesSizeInBytes=null, totalFilesSizeInBytes=CounterResult{unit=BYTES, value=2342135}, addedPositionalDeletes=null, removedPositionalDeletes=null, totalPositionalDeletes=CounterResult{unit=COUNT, value=0}, addedEqualityDeletes=null, removedEqualityDeletes=null, totalEqualityDeletes=CounterResult{unit=COUNT, value=0}, manifestsCreated=null, manifestsReplaced=null, manifestsKept=null, manifestEntriesProcessed=null}, metadata={engine-version=4.0.2, app-id=local-1776099696587, engine-name=spark, iceberg-version=Apache Iceberg 1.10.1 (commit ccb8bc435062171e64bc8b7e5f56e6aed9c5b934)}}
[2026-04-13T17:03:19.735+0000] {subprocess.py:106} INFO - 26/04/13 17:03:19 INFO SparkWrite: Committed in 5908 ms
[2026-04-13T17:03:19.736+0000] {subprocess.py:106} INFO - 26/04/13 17:03:19 INFO AppendDataExec: Data source write support IcebergBatchWrite(table=iceberg.air_quality_ml.air_quality_gold, format=PARQUET) committed.
[2026-04-13T17:03:19.847+0000] {subprocess.py:106} INFO - Dữ liệu đã được append vào iceberg.air_quality_ml.air_quality_gold.
[2026-04-13T17:03:19.849+0000] {subprocess.py:106} INFO - ETL from Silver to Gold completed!
[2026-04-13T17:03:19.907+0000] {subprocess.py:106} INFO - 26/04/13 17:03:19 INFO SparkContext: SparkContext is stopping with exitCode 0 from stop at NativeMethodAccessorImpl.java:0.
[2026-04-13T17:03:19.990+0000] {subprocess.py:106} INFO - 26/04/13 17:03:19 INFO SparkUI: Stopped Spark web UI at http://spark-master:4041
[2026-04-13T17:03:20.054+0000] {subprocess.py:106} INFO - 26/04/13 17:03:20 INFO MapOutputTrackerMasterEndpoint: MapOutputTrackerMasterEndpoint stopped!
[2026-04-13T17:03:20.190+0000] {subprocess.py:106} INFO - 26/04/13 17:03:20 INFO MemoryStore: MemoryStore cleared
[2026-04-13T17:03:20.191+0000] {subprocess.py:106} INFO - 26/04/13 17:03:20 INFO BlockManager: BlockManager stopped
[2026-04-13T17:03:20.212+0000] {subprocess.py:106} INFO - 26/04/13 17:03:20 INFO BlockManagerMaster: BlockManagerMaster stopped
[2026-04-13T17:03:20.218+0000] {subprocess.py:106} INFO - 26/04/13 17:03:20 INFO OutputCommitCoordinator$OutputCommitCoordinatorEndpoint: OutputCommitCoordinator stopped!
[2026-04-13T17:03:20.277+0000] {subprocess.py:106} INFO - 26/04/13 17:03:20 INFO SparkContext: Successfully stopped SparkContext
[2026-04-13T17:03:24.312+0000] {subprocess.py:106} INFO - 26/04/13 17:03:24 INFO ShutdownHookManager: Shutdown hook called
[2026-04-13T17:03:24.313+0000] {subprocess.py:106} INFO - 26/04/13 17:03:24 INFO ShutdownHookManager: Deleting directory /tmp/spark-a87d564c-58a6-4eaa-b2af-9483ce2a7f14
[2026-04-13T17:03:24.348+0000] {subprocess.py:106} INFO - 26/04/13 17:03:24 INFO ShutdownHookManager: Deleting directory /tmp/spark-a87d564c-58a6-4eaa-b2af-9483ce2a7f14/pyspark-b197d6e3-f44c-4037-8afc-aeee6e12ebc2
[2026-04-13T17:03:24.369+0000] {subprocess.py:106} INFO - 26/04/13 17:03:24 INFO ShutdownHookManager: Deleting directory /tmp/spark-30d491c6-4d1e-435e-9689-f16ad74f7868
[2026-04-13T17:03:24.386+0000] {subprocess.py:106} INFO - 26/04/13 17:03:24 INFO ShutdownHookManager: Deleting directory /tmp/artifacts-29d1cf4d-8508-4747-8a57-5aad06d28a27
[2026-04-13T17:03:25.229+0000] {subprocess.py:110} INFO - Command exited with return code 0
[2026-04-13T17:03:26.652+0000] {taskinstance.py:340} INFO - ::group::Post task execution logs
[2026-04-13T17:03:26.674+0000] {taskinstance.py:352} INFO - Marking task as SUCCESS. dag_id=predict_aqi, task_id=silver_to_gold, run_id=scheduled__2026-04-13T16:00:00+00:00, execution_date=20260413T160000, start_date=20260413T170033, end_date=20260413T170326
[2026-04-13T17:03:27.069+0000] {local_task_job_runner.py:266} INFO - Task exited with return code 0
[2026-04-13T17:03:27.294+0000] {local_task_job_runner.py:245} INFO - ::endgroup::
