[2026-04-10T16:05:01.464+0000] {local_task_job_runner.py:123} INFO - ::group::Pre task execution logs
[2026-04-10T16:05:01.491+0000] {taskinstance.py:2613} INFO - Dependencies all met for dep_context=non-requeueable deps ti=<TaskInstance: weather_real_time_pipeline.call_weather_api_and_send_kafka scheduled__2026-04-10T16:00:00+00:00 [queued]>
[2026-04-10T16:05:01.500+0000] {taskinstance.py:2613} INFO - Dependencies all met for dep_context=requeueable deps ti=<TaskInstance: weather_real_time_pipeline.call_weather_api_and_send_kafka scheduled__2026-04-10T16:00:00+00:00 [queued]>
[2026-04-10T16:05:01.502+0000] {taskinstance.py:2866} INFO - Starting attempt 1 of 3
[2026-04-10T16:05:01.520+0000] {taskinstance.py:2889} INFO - Executing <Task(PythonOperator): call_weather_api_and_send_kafka> on 2026-04-10 16:00:00+00:00
[2026-04-10T16:05:01.540+0000] {standard_task_runner.py:104} INFO - Running: ['airflow', 'tasks', 'run', 'weather_real_time_pipeline', 'call_weather_api_and_send_kafka', 'scheduled__2026-04-10T16:00:00+00:00', '--job-id', '94', '--raw', '--subdir', 'DAGS_FOLDER/weather_pipeline_dag.py', '--cfg-path', '/tmp/tmpz10ld4rf']
[2026-04-10T16:05:01.542+0000] {standard_task_runner.py:105} INFO - Job 94: Subtask call_weather_api_and_send_kafka
[2026-04-10T16:05:01.553+0000] {logging_mixin.py:190} WARNING - /home/airflow/airflow/venv/lib/python3.12/site-packages/airflow/task/task_runner/standard_task_runner.py:70 DeprecationWarning: This process (pid=43761) is multi-threaded, use of fork() may lead to deadlocks in the child.
[2026-04-10T16:05:01.554+0000] {standard_task_runner.py:72} INFO - Started process 43782 to run task
[2026-04-10T16:05:01.654+0000] {task_command.py:467} INFO - Running <TaskInstance: weather_real_time_pipeline.call_weather_api_and_send_kafka scheduled__2026-04-10T16:00:00+00:00 [running]> on host airflow
[2026-04-10T16:05:01.827+0000] {taskinstance.py:3132} INFO - Exporting env vars: AIRFLOW_CTX_DAG_OWNER='van' AIRFLOW_CTX_DAG_ID='weather_real_time_pipeline' AIRFLOW_CTX_TASK_ID='call_weather_api_and_send_kafka' AIRFLOW_CTX_EXECUTION_DATE='2026-04-10T16:00:00+00:00' AIRFLOW_CTX_TRY_NUMBER='1' AIRFLOW_CTX_DAG_RUN_ID='scheduled__2026-04-10T16:00:00+00:00'
[2026-04-10T16:05:01.828+0000] {taskinstance.py:731} INFO - ::endgroup::
[2026-04-10T16:06:07.458+0000] {logging_mixin.py:190} INFO - ❌ Error: KafkaTimeoutError: Failed to update metadata after 60.0 secs.
[2026-04-10T16:06:07.459+0000] {python.py:240} INFO - Done. Returned value was: False
[2026-04-10T16:06:07.499+0000] {taskinstance.py:340} INFO - ::group::Post task execution logs
[2026-04-10T16:06:07.500+0000] {taskinstance.py:352} INFO - Marking task as SUCCESS. dag_id=weather_real_time_pipeline, task_id=call_weather_api_and_send_kafka, run_id=scheduled__2026-04-10T16:00:00+00:00, execution_date=20260410T160000, start_date=20260410T160501, end_date=20260410T160607
[2026-04-10T16:06:07.518+0000] {local_task_job_runner.py:266} INFO - Task exited with return code 0
[2026-04-10T16:06:07.536+0000] {taskinstance.py:3895} INFO - 0 downstream tasks scheduled from follow-on schedule check
[2026-04-10T16:06:07.539+0000] {local_task_job_runner.py:245} INFO - ::endgroup::
[2026-04-10T16:09:17.645+0000] {local_task_job_runner.py:123} INFO - ::group::Pre task execution logs
[2026-04-10T16:09:17.668+0000] {taskinstance.py:2613} INFO - Dependencies all met for dep_context=non-requeueable deps ti=<TaskInstance: weather_real_time_pipeline.call_weather_api_and_send_kafka scheduled__2026-04-10T16:00:00+00:00 [queued]>
[2026-04-10T16:09:17.678+0000] {taskinstance.py:2613} INFO - Dependencies all met for dep_context=requeueable deps ti=<TaskInstance: weather_real_time_pipeline.call_weather_api_and_send_kafka scheduled__2026-04-10T16:00:00+00:00 [queued]>
[2026-04-10T16:09:17.678+0000] {taskinstance.py:2866} INFO - Starting attempt 1 of 3
[2026-04-10T16:09:17.693+0000] {taskinstance.py:2889} INFO - Executing <Task(PythonOperator): call_weather_api_and_send_kafka> on 2026-04-10 16:00:00+00:00
[2026-04-10T16:09:17.700+0000] {standard_task_runner.py:104} INFO - Running: ['airflow', 'tasks', 'run', 'weather_real_time_pipeline', 'call_weather_api_and_send_kafka', 'scheduled__2026-04-10T16:00:00+00:00', '--job-id', '95', '--raw', '--subdir', 'DAGS_FOLDER/weather_pipeline_dag.py', '--cfg-path', '/tmp/tmp443z13_a']
[2026-04-10T16:09:17.702+0000] {standard_task_runner.py:105} INFO - Job 95: Subtask call_weather_api_and_send_kafka
[2026-04-10T16:09:17.703+0000] {logging_mixin.py:190} WARNING - /home/airflow/airflow/venv/lib/python3.12/site-packages/airflow/task/task_runner/standard_task_runner.py:70 DeprecationWarning: This process (pid=55358) is multi-threaded, use of fork() may lead to deadlocks in the child.
[2026-04-10T16:09:17.704+0000] {standard_task_runner.py:72} INFO - Started process 55376 to run task
[2026-04-10T16:09:17.826+0000] {task_command.py:467} INFO - Running <TaskInstance: weather_real_time_pipeline.call_weather_api_and_send_kafka scheduled__2026-04-10T16:00:00+00:00 [running]> on host airflow
[2026-04-10T16:09:17.988+0000] {taskinstance.py:3132} INFO - Exporting env vars: AIRFLOW_CTX_DAG_OWNER='van' AIRFLOW_CTX_DAG_ID='weather_real_time_pipeline' AIRFLOW_CTX_TASK_ID='call_weather_api_and_send_kafka' AIRFLOW_CTX_EXECUTION_DATE='2026-04-10T16:00:00+00:00' AIRFLOW_CTX_TRY_NUMBER='1' AIRFLOW_CTX_DAG_RUN_ID='scheduled__2026-04-10T16:00:00+00:00'
[2026-04-10T16:09:17.990+0000] {taskinstance.py:731} INFO - ::endgroup::
[2026-04-10T16:10:23.680+0000] {logging_mixin.py:190} INFO - ❌ Error: KafkaTimeoutError: Failed to update metadata after 60.0 secs.
[2026-04-10T16:10:23.682+0000] {python.py:240} INFO - Done. Returned value was: False
[2026-04-10T16:10:23.723+0000] {taskinstance.py:340} INFO - ::group::Post task execution logs
[2026-04-10T16:10:23.724+0000] {taskinstance.py:352} INFO - Marking task as SUCCESS. dag_id=weather_real_time_pipeline, task_id=call_weather_api_and_send_kafka, run_id=scheduled__2026-04-10T16:00:00+00:00, execution_date=20260410T160000, start_date=20260410T160917, end_date=20260410T161023
[2026-04-10T16:10:23.742+0000] {local_task_job_runner.py:266} INFO - Task exited with return code 0
[2026-04-10T16:10:23.765+0000] {taskinstance.py:3895} INFO - 0 downstream tasks scheduled from follow-on schedule check
[2026-04-10T16:10:23.767+0000] {local_task_job_runner.py:245} INFO - ::endgroup::
