[2026-04-13T17:16:24.551+0000] {local_task_job_runner.py:123} INFO - ::group::Pre task execution logs
[2026-04-13T17:16:24.582+0000] {taskinstance.py:2613} INFO - Dependencies all met for dep_context=non-requeueable deps ti=<TaskInstance: predict_aqi.silver_to_gold manual__2026-04-13T17:16:10.558713+00:00 [queued]>
[2026-04-13T17:16:24.594+0000] {taskinstance.py:2613} INFO - Dependencies all met for dep_context=requeueable deps ti=<TaskInstance: predict_aqi.silver_to_gold manual__2026-04-13T17:16:10.558713+00:00 [queued]>
[2026-04-13T17:16:24.595+0000] {taskinstance.py:2866} INFO - Starting attempt 1 of 3
[2026-04-13T17:16:24.614+0000] {taskinstance.py:2889} INFO - Executing <Task(BashOperator): silver_to_gold> on 2026-04-13 17:16:10.558713+00:00
[2026-04-13T17:16:24.622+0000] {standard_task_runner.py:104} INFO - Running: ['airflow', 'tasks', 'run', 'predict_aqi', 'silver_to_gold', 'manual__2026-04-13T17:16:10.558713+00:00', '--job-id', '196', '--raw', '--subdir', 'DAGS_FOLDER/dag_ml.py', '--cfg-path', '/tmp/tmpj7rtehfp']
[2026-04-13T17:16:24.625+0000] {standard_task_runner.py:105} INFO - Job 196: Subtask silver_to_gold
[2026-04-13T17:16:24.626+0000] {logging_mixin.py:190} WARNING - /home/airflow/airflow/venv/lib/python3.12/site-packages/airflow/task/task_runner/standard_task_runner.py:70 DeprecationWarning: This process (pid=9877) is multi-threaded, use of fork() may lead to deadlocks in the child.
[2026-04-13T17:16:24.627+0000] {standard_task_runner.py:72} INFO - Started process 9915 to run task
[2026-04-13T17:16:24.700+0000] {task_command.py:467} INFO - Running <TaskInstance: predict_aqi.silver_to_gold manual__2026-04-13T17:16:10.558713+00:00 [running]> on host airflow
[2026-04-13T17:16:24.803+0000] {taskinstance.py:3132} INFO - Exporting env vars: AIRFLOW_CTX_DAG_OWNER='airflow' AIRFLOW_CTX_DAG_ID='predict_aqi' AIRFLOW_CTX_TASK_ID='silver_to_gold' AIRFLOW_CTX_EXECUTION_DATE='2026-04-13T17:16:10.558713+00:00' AIRFLOW_CTX_TRY_NUMBER='1' AIRFLOW_CTX_DAG_RUN_ID='manual__2026-04-13T17:16:10.558713+00:00'
[2026-04-13T17:16:24.805+0000] {taskinstance.py:731} INFO - ::endgroup::
[2026-04-13T17:16:24.819+0000] {subprocess.py:78} INFO - Tmp dir root location: /tmp
[2026-04-13T17:16:24.821+0000] {subprocess.py:88} INFO - Running command: ['/usr/bin/bash', '-c', '\n            docker exec spark-master spark-submit                 --packages org.apache.iceberg:iceberg-spark-runtime-4.0_2.13:1.10.1                 /home/spark/spark/spark_jobs/silver_to_gold.py 2026-04-13\n        ']
[2026-04-13T17:16:24.832+0000] {subprocess.py:99} INFO - Output:
[2026-04-13T17:16:25.594+0000] {subprocess.py:106} INFO - WARNING: Using incubator modules: jdk.incubator.vector
[2026-04-13T17:16:28.272+0000] {subprocess.py:106} INFO - :: loading settings :: url = jar:file:/home/spark/spark/jars/ivy-2.5.3.jar!/org/apache/ivy/core/settings/ivysettings.xml
[2026-04-13T17:16:28.413+0000] {subprocess.py:106} INFO - Ivy Default Cache set to: /home/spark/.ivy2.5.2/cache
[2026-04-13T17:16:28.414+0000] {subprocess.py:106} INFO - The jars for the packages stored in: /home/spark/.ivy2.5.2/jars
[2026-04-13T17:16:28.426+0000] {subprocess.py:106} INFO - org.apache.iceberg#iceberg-spark-runtime-4.0_2.13 added as a dependency
[2026-04-13T17:16:28.427+0000] {subprocess.py:106} INFO - :: resolving dependencies :: org.apache.spark#spark-submit-parent-cdd17995-bb67-400b-b60b-aa6374d53da1;1.0
[2026-04-13T17:16:28.428+0000] {subprocess.py:106} INFO - 	confs: [default]
[2026-04-13T17:16:28.620+0000] {subprocess.py:106} INFO - 	found org.apache.iceberg#iceberg-spark-runtime-4.0_2.13;1.10.1 in central
[2026-04-13T17:16:28.648+0000] {subprocess.py:106} INFO - :: resolution report :: resolve 215ms :: artifacts dl 5ms
[2026-04-13T17:16:28.649+0000] {subprocess.py:106} INFO - 	:: modules in use:
[2026-04-13T17:16:28.651+0000] {subprocess.py:106} INFO - 	org.apache.iceberg#iceberg-spark-runtime-4.0_2.13;1.10.1 from central in [default]
[2026-04-13T17:16:28.652+0000] {subprocess.py:106} INFO - 	---------------------------------------------------------------------
[2026-04-13T17:16:28.653+0000] {subprocess.py:106} INFO - 	|                  |            modules            ||   artifacts   |
[2026-04-13T17:16:28.653+0000] {subprocess.py:106} INFO - 	|       conf       | number| search|dwnlded|evicted|| number|dwnlded|
[2026-04-13T17:16:28.654+0000] {subprocess.py:106} INFO - 	---------------------------------------------------------------------
[2026-04-13T17:16:28.655+0000] {subprocess.py:106} INFO - 	|      default     |   1   |   0   |   0   |   0   ||   1   |   0   |
[2026-04-13T17:16:28.655+0000] {subprocess.py:106} INFO - 	---------------------------------------------------------------------
[2026-04-13T17:16:28.658+0000] {subprocess.py:106} INFO - :: retrieving :: org.apache.spark#spark-submit-parent-cdd17995-bb67-400b-b60b-aa6374d53da1
[2026-04-13T17:16:28.659+0000] {subprocess.py:106} INFO - 	confs: [default]
[2026-04-13T17:16:28.668+0000] {subprocess.py:106} INFO - 	0 artifacts copied, 1 already retrieved (0kB/9ms)
[2026-04-13T17:16:29.106+0000] {subprocess.py:106} INFO - 26/04/13 17:16:29 WARN NativeCodeLoader: Unable to load native-hadoop library for your platform... using builtin-java classes where applicable
[2026-04-13T17:16:32.382+0000] {subprocess.py:106} INFO - Using Spark's default log4j profile: org/apache/spark/log4j2-defaults.properties
[2026-04-13T17:16:32.397+0000] {subprocess.py:106} INFO - 26/04/13 17:16:32 INFO SparkContext: Running Spark version 4.0.2
[2026-04-13T17:16:32.403+0000] {subprocess.py:106} INFO - 26/04/13 17:16:32 INFO SparkContext: OS info Linux, 6.6.87.2-microsoft-standard-WSL2, amd64
[2026-04-13T17:16:32.405+0000] {subprocess.py:106} INFO - 26/04/13 17:16:32 INFO SparkContext: Java version 21.0.10
[2026-04-13T17:16:32.462+0000] {subprocess.py:106} INFO - 26/04/13 17:16:32 INFO ResourceUtils: ==============================================================
[2026-04-13T17:16:32.464+0000] {subprocess.py:106} INFO - 26/04/13 17:16:32 INFO ResourceUtils: No custom resources configured for spark.driver.
[2026-04-13T17:16:32.467+0000] {subprocess.py:106} INFO - 26/04/13 17:16:32 INFO ResourceUtils: ==============================================================
[2026-04-13T17:16:32.470+0000] {subprocess.py:106} INFO - 26/04/13 17:16:32 INFO SparkContext: Submitted application: Silver_to_Gold
[2026-04-13T17:16:32.543+0000] {subprocess.py:106} INFO - 26/04/13 17:16:32 INFO ResourceProfile: Default ResourceProfile created, executor resources: Map(cores -> name: cores, amount: 2, script: , vendor: , memory -> name: memory, amount: 2048, script: , vendor: , offHeap -> name: offHeap, amount: 0, script: , vendor: ), task resources: Map(cpus -> name: cpus, amount: 1.0)
[2026-04-13T17:16:32.555+0000] {subprocess.py:106} INFO - 26/04/13 17:16:32 INFO ResourceProfile: Limiting resource is cpus at 2 tasks per executor
[2026-04-13T17:16:32.562+0000] {subprocess.py:106} INFO - 26/04/13 17:16:32 INFO ResourceProfileManager: Added ResourceProfile id: 0
[2026-04-13T17:16:32.675+0000] {subprocess.py:106} INFO - 26/04/13 17:16:32 INFO SecurityManager: Changing view acls to: spark
[2026-04-13T17:16:32.677+0000] {subprocess.py:106} INFO - 26/04/13 17:16:32 INFO SecurityManager: Changing modify acls to: spark
[2026-04-13T17:16:32.677+0000] {subprocess.py:106} INFO - 26/04/13 17:16:32 INFO SecurityManager: Changing view acls groups to: spark
[2026-04-13T17:16:32.679+0000] {subprocess.py:106} INFO - 26/04/13 17:16:32 INFO SecurityManager: Changing modify acls groups to: spark
[2026-04-13T17:16:32.687+0000] {subprocess.py:106} INFO - 26/04/13 17:16:32 INFO SecurityManager: SecurityManager: authentication disabled; ui acls disabled; users with view permissions: spark groups with view permissions: EMPTY; users with modify permissions: spark; groups with modify permissions: EMPTY; RPC SSL disabled
[2026-04-13T17:16:33.082+0000] {subprocess.py:106} INFO - 26/04/13 17:16:33 INFO Utils: Successfully started service 'sparkDriver' on port 33643.
[2026-04-13T17:16:33.127+0000] {subprocess.py:106} INFO - 26/04/13 17:16:33 INFO SparkEnv: Registering MapOutputTracker
[2026-04-13T17:16:33.142+0000] {subprocess.py:106} INFO - 26/04/13 17:16:33 INFO SparkEnv: Registering BlockManagerMaster
[2026-04-13T17:16:33.167+0000] {subprocess.py:106} INFO - 26/04/13 17:16:33 INFO BlockManagerMasterEndpoint: Using org.apache.spark.storage.DefaultTopologyMapper for getting topology information
[2026-04-13T17:16:33.168+0000] {subprocess.py:106} INFO - 26/04/13 17:16:33 INFO BlockManagerMasterEndpoint: BlockManagerMasterEndpoint up
[2026-04-13T17:16:33.174+0000] {subprocess.py:106} INFO - 26/04/13 17:16:33 INFO SparkEnv: Registering BlockManagerMasterHeartbeat
[2026-04-13T17:16:33.216+0000] {subprocess.py:106} INFO - 26/04/13 17:16:33 INFO DiskBlockManager: Created local directory at /tmp/blockmgr-094457da-d224-4e04-8fee-272c601c9605
[2026-04-13T17:16:33.264+0000] {subprocess.py:106} INFO - 26/04/13 17:16:33 INFO SparkEnv: Registering OutputCommitCoordinator
[2026-04-13T17:16:33.551+0000] {subprocess.py:106} INFO - 26/04/13 17:16:33 INFO JettyUtils: Start Jetty 0.0.0.0:4040 for SparkUI
[2026-04-13T17:16:33.697+0000] {subprocess.py:106} INFO - 26/04/13 17:16:33 INFO Utils: Successfully started service 'SparkUI' on port 4040.
[2026-04-13T17:16:33.759+0000] {subprocess.py:106} INFO - 26/04/13 17:16:33 INFO SparkContext: Added JAR file:///home/spark/.ivy2.5.2/jars/org.apache.iceberg_iceberg-spark-runtime-4.0_2.13-1.10.1.jar at spark://spark-master:33643/jars/org.apache.iceberg_iceberg-spark-runtime-4.0_2.13-1.10.1.jar with timestamp 1776100592359
[2026-04-13T17:16:33.764+0000] {subprocess.py:106} INFO - 26/04/13 17:16:33 INFO SparkContext: Added file file:///home/spark/.ivy2.5.2/jars/org.apache.iceberg_iceberg-spark-runtime-4.0_2.13-1.10.1.jar at file:///home/spark/.ivy2.5.2/jars/org.apache.iceberg_iceberg-spark-runtime-4.0_2.13-1.10.1.jar with timestamp 1776100592359
[2026-04-13T17:16:33.767+0000] {subprocess.py:106} INFO - 26/04/13 17:16:33 INFO Utils: Copying /home/spark/.ivy2.5.2/jars/org.apache.iceberg_iceberg-spark-runtime-4.0_2.13-1.10.1.jar to /tmp/spark-0677713e-a722-40d8-b44f-6f85e84fc6b8/userFiles-67d9f14b-73cc-40ba-824d-e7de82adce02/org.apache.iceberg_iceberg-spark-runtime-4.0_2.13-1.10.1.jar
[2026-04-13T17:16:34.461+0000] {subprocess.py:106} INFO - 26/04/13 17:16:34 INFO SecurityManager: Changing view acls to: spark
[2026-04-13T17:16:34.462+0000] {subprocess.py:106} INFO - 26/04/13 17:16:34 INFO SecurityManager: Changing modify acls to: spark
[2026-04-13T17:16:34.463+0000] {subprocess.py:106} INFO - 26/04/13 17:16:34 INFO SecurityManager: Changing view acls groups to: spark
[2026-04-13T17:16:34.463+0000] {subprocess.py:106} INFO - 26/04/13 17:16:34 INFO SecurityManager: Changing modify acls groups to: spark
[2026-04-13T17:16:34.464+0000] {subprocess.py:106} INFO - 26/04/13 17:16:34 INFO SecurityManager: SecurityManager: authentication disabled; ui acls disabled; users with view permissions: spark groups with view permissions: EMPTY; users with modify permissions: spark; groups with modify permissions: EMPTY; RPC SSL disabled
[2026-04-13T17:16:34.892+0000] {subprocess.py:106} INFO - 26/04/13 17:16:34 INFO Executor: Starting executor ID driver on host spark-master
[2026-04-13T17:16:34.892+0000] {subprocess.py:106} INFO - 26/04/13 17:16:34 INFO Executor: OS info Linux, 6.6.87.2-microsoft-standard-WSL2, amd64
[2026-04-13T17:16:34.893+0000] {subprocess.py:106} INFO - 26/04/13 17:16:34 INFO Executor: Java version 21.0.10
[2026-04-13T17:16:34.915+0000] {subprocess.py:106} INFO - 26/04/13 17:16:34 INFO Executor: Starting executor with user classpath (userClassPathFirst = false): ''
[2026-04-13T17:16:34.917+0000] {subprocess.py:106} INFO - 26/04/13 17:16:34 INFO Executor: Created or updated repl class loader org.apache.spark.util.MutableURLClassLoader@49ac0006 for default.
[2026-04-13T17:16:34.937+0000] {subprocess.py:106} INFO - 26/04/13 17:16:34 INFO Executor: Fetching file:///home/spark/.ivy2.5.2/jars/org.apache.iceberg_iceberg-spark-runtime-4.0_2.13-1.10.1.jar with timestamp 1776100592359
[2026-04-13T17:16:34.994+0000] {subprocess.py:106} INFO - 26/04/13 17:16:34 INFO Utils: /home/spark/.ivy2.5.2/jars/org.apache.iceberg_iceberg-spark-runtime-4.0_2.13-1.10.1.jar has been previously copied to /tmp/spark-0677713e-a722-40d8-b44f-6f85e84fc6b8/userFiles-67d9f14b-73cc-40ba-824d-e7de82adce02/org.apache.iceberg_iceberg-spark-runtime-4.0_2.13-1.10.1.jar
[2026-04-13T17:16:35.008+0000] {subprocess.py:106} INFO - 26/04/13 17:16:35 INFO Executor: Fetching spark://spark-master:33643/jars/org.apache.iceberg_iceberg-spark-runtime-4.0_2.13-1.10.1.jar with timestamp 1776100592359
[2026-04-13T17:16:35.093+0000] {subprocess.py:106} INFO - 26/04/13 17:16:35 INFO TransportClientFactory: Successfully created connection to spark-master/172.20.0.5:33643 after 40 ms (0 ms spent in bootstraps)
[2026-04-13T17:16:35.105+0000] {subprocess.py:106} INFO - 26/04/13 17:16:35 INFO Utils: Fetching spark://spark-master:33643/jars/org.apache.iceberg_iceberg-spark-runtime-4.0_2.13-1.10.1.jar to /tmp/spark-0677713e-a722-40d8-b44f-6f85e84fc6b8/userFiles-67d9f14b-73cc-40ba-824d-e7de82adce02/fetchFileTemp13192814528999082931.tmp
[2026-04-13T17:16:35.644+0000] {subprocess.py:106} INFO - 26/04/13 17:16:35 INFO Utils: /tmp/spark-0677713e-a722-40d8-b44f-6f85e84fc6b8/userFiles-67d9f14b-73cc-40ba-824d-e7de82adce02/fetchFileTemp13192814528999082931.tmp has been previously copied to /tmp/spark-0677713e-a722-40d8-b44f-6f85e84fc6b8/userFiles-67d9f14b-73cc-40ba-824d-e7de82adce02/org.apache.iceberg_iceberg-spark-runtime-4.0_2.13-1.10.1.jar
[2026-04-13T17:16:35.659+0000] {subprocess.py:106} INFO - 26/04/13 17:16:35 INFO Executor: Adding file:/tmp/spark-0677713e-a722-40d8-b44f-6f85e84fc6b8/userFiles-67d9f14b-73cc-40ba-824d-e7de82adce02/org.apache.iceberg_iceberg-spark-runtime-4.0_2.13-1.10.1.jar to class loader default
[2026-04-13T17:16:35.673+0000] {subprocess.py:106} INFO - 26/04/13 17:16:35 INFO Utils: Successfully started service 'org.apache.spark.network.netty.NettyBlockTransferService' on port 35727.
[2026-04-13T17:16:35.674+0000] {subprocess.py:106} INFO - 26/04/13 17:16:35 INFO NettyBlockTransferService: Server created on spark-master:35727
[2026-04-13T17:16:35.676+0000] {subprocess.py:106} INFO - 26/04/13 17:16:35 INFO BlockManager: Using org.apache.spark.storage.RandomBlockReplicationPolicy for block replication policy
[2026-04-13T17:16:35.698+0000] {subprocess.py:106} INFO - 26/04/13 17:16:35 INFO BlockManagerMaster: Registering BlockManager BlockManagerId(driver, spark-master, 35727, None)
[2026-04-13T17:16:35.710+0000] {subprocess.py:106} INFO - 26/04/13 17:16:35 INFO BlockManagerMasterEndpoint: Registering block manager spark-master:35727 with 1048.8 MiB RAM, BlockManagerId(driver, spark-master, 35727, None)
[2026-04-13T17:16:35.714+0000] {subprocess.py:106} INFO - 26/04/13 17:16:35 INFO BlockManagerMaster: Registered BlockManager BlockManagerId(driver, spark-master, 35727, None)
[2026-04-13T17:16:35.717+0000] {subprocess.py:106} INFO - 26/04/13 17:16:35 INFO BlockManager: Initialized BlockManager: BlockManagerId(driver, spark-master, 35727, None)
[2026-04-13T17:16:39.717+0000] {subprocess.py:106} INFO - Đọc dữ liệu Silver từ iceberg.air_quality_db.air_quality_silver
[2026-04-13T17:16:39.735+0000] {subprocess.py:106} INFO - 26/04/13 17:16:39 INFO SharedState: spark.sql.warehouse.dir is not set, but hive.metastore.warehouse.dir is set. Setting spark.sql.warehouse.dir to the value of hive.metastore.warehouse.dir.
[2026-04-13T17:16:40.454+0000] {subprocess.py:106} INFO - 26/04/13 17:16:40 INFO SharedState: Warehouse path is 'hdfs://23133083thuyvan-master:9000/user/hive/lakehouse'.
[2026-04-13T17:16:42.435+0000] {subprocess.py:106} INFO - 26/04/13 17:16:42 INFO CatalogUtil: Loading custom FileIO implementation: org.apache.iceberg.hadoop.HadoopFileIO
[2026-04-13T17:16:42.636+0000] {subprocess.py:106} INFO - 26/04/13 17:16:42 INFO HiveConf: Found configuration file file:/home/spark/spark/conf/hive-site.xml
[2026-04-13T17:16:43.680+0000] {subprocess.py:106} INFO - 26/04/13 17:16:43 INFO metastore: Trying to connect to metastore with URI thrift://23133083thuyvan-master:9083
[2026-04-13T17:16:43.782+0000] {subprocess.py:106} INFO - 26/04/13 17:16:43 INFO metastore: Opened a connection to metastore, current connections: 1
[2026-04-13T17:16:43.930+0000] {subprocess.py:106} INFO - 26/04/13 17:16:43 INFO metastore: Connected to metastore.
[2026-04-13T17:16:44.215+0000] {subprocess.py:106} INFO - 26/04/13 17:16:44 INFO BaseMetastoreTableOperations: Refreshing table metadata from new version: hdfs://23133083thuyvan-master:9000/user/hive/lakehouse/silver/air_quality_silver/metadata/00003-8e71d277-3336-4b24-8390-00b46931a63f.metadata.json
[2026-04-13T17:16:45.202+0000] {subprocess.py:106} INFO - 26/04/13 17:16:45 INFO BaseMetastoreCatalog: Table loaded by catalog: iceberg.air_quality_db.air_quality_silver
[2026-04-13T17:16:46.583+0000] {subprocess.py:106} INFO - 26/04/13 17:16:46 INFO BaseMetastoreTableOperations: Refreshing table metadata from new version: hdfs://23133083thuyvan-master:9000/user/hive/lakehouse/gold/ml/air_quality_gold/metadata/00015-23f80604-9060-4f13-9ccd-34bde5a8087d.metadata.json
[2026-04-13T17:16:46.600+0000] {subprocess.py:106} INFO - 26/04/13 17:16:46 INFO BaseMetastoreCatalog: Table loaded by catalog: iceberg.air_quality_ml.air_quality_gold
[2026-04-13T17:16:46.618+0000] {subprocess.py:106} INFO - Bảng đã tồn tại, append dữ liệu vào iceberg.air_quality_ml.air_quality_gold
[2026-04-13T17:16:46.753+0000] {subprocess.py:106} INFO - 26/04/13 17:16:46 INFO V2ScanRelationPushDown:
[2026-04-13T17:16:46.754+0000] {subprocess.py:106} INFO - Output: timestamp#94, location#95, latitude#96, longitude#97, country#98, condition_text#99, timezone#100, temperature_2m#101, relative_humidity_2m#102, apparent_temperature#103, precipitation#104, cloud_cover#105, wind_speed_10m#106, wind_direction_10m#107, wind_gusts_10m#108, uv_index#109, weather_code#110, european_aqi#111, us_aqi#112, us_aqi_index#113, aqi_label#114, pm10#115, pm2_5#116, carbon_monoxide#117, nitrogen_dioxide#118, sulphur_dioxide#119, ozone#120, processing_time#121, data_source#122
[2026-04-13T17:16:46.755+0000] {subprocess.py:106} INFO - 
[2026-04-13T17:16:46.768+0000] {subprocess.py:106} INFO - 26/04/13 17:16:46 INFO SnapshotScan: Scanning table iceberg.air_quality_db.air_quality_silver snapshot 4518274335865062319 created at 2026-04-13T11:48:03.562+00:00 with filter true
[2026-04-13T17:16:47.097+0000] {subprocess.py:106} INFO - 26/04/13 17:16:47 INFO BaseDistributedDataScan: Planning file tasks locally for table iceberg.air_quality_db.air_quality_silver
[2026-04-13T17:16:47.281+0000] {subprocess.py:106} INFO - 26/04/13 17:16:47 INFO SparkPartitioningAwareScan: Reporting UnknownPartitioning with 15 partition(s) for table iceberg.air_quality_db.air_quality_silver
[2026-04-13T17:16:47.400+0000] {subprocess.py:106} INFO - 26/04/13 17:16:47 INFO MemoryStore: MemoryStore started with capacity 1048.8 MiB
[2026-04-13T17:16:47.440+0000] {subprocess.py:106} INFO - 26/04/13 17:16:47 INFO MemoryStore: Block broadcast_0 stored as values in memory (estimated size 32.0 KiB, free 1048.8 MiB)
[2026-04-13T17:16:47.552+0000] {subprocess.py:106} INFO - 26/04/13 17:16:47 INFO MemoryStore: Block broadcast_0_piece0 stored as bytes in memory (estimated size 34.8 KiB, free 1048.7 MiB)
[2026-04-13T17:16:47.569+0000] {subprocess.py:106} INFO - 26/04/13 17:16:47 INFO SparkContext: Created broadcast 0 from broadcast at SparkBatch.java:87
[2026-04-13T17:16:47.640+0000] {subprocess.py:106} INFO - 26/04/13 17:16:47 INFO MemoryStore: Block broadcast_1 stored as values in memory (estimated size 32.0 KiB, free 1048.7 MiB)
[2026-04-13T17:16:47.649+0000] {subprocess.py:106} INFO - 26/04/13 17:16:47 INFO MemoryStore: Block broadcast_1_piece0 stored as bytes in memory (estimated size 34.9 KiB, free 1048.7 MiB)
[2026-04-13T17:16:47.651+0000] {subprocess.py:106} INFO - 26/04/13 17:16:47 INFO SparkContext: Created broadcast 1 from broadcast at SparkBatch.java:87
[2026-04-13T17:16:47.719+0000] {subprocess.py:106} INFO - 26/04/13 17:16:47 WARN SparkStringUtils: Truncated the string representation of a plan since it was too large. This behavior can be adjusted by setting 'spark.sql.debug.maxToStringFields'.
[2026-04-13T17:16:48.478+0000] {subprocess.py:106} INFO - 26/04/13 17:16:48 INFO CodeGenerator: Code generated in 558.994014 ms
[2026-04-13T17:16:48.693+0000] {subprocess.py:106} INFO - 26/04/13 17:16:48 INFO MemoryStore: Block broadcast_2 stored as values in memory (estimated size 32.0 KiB, free 1048.6 MiB)
[2026-04-13T17:16:48.716+0000] {subprocess.py:106} INFO - 26/04/13 17:16:48 INFO MemoryStore: Block broadcast_2_piece0 stored as bytes in memory (estimated size 34.8 KiB, free 1048.6 MiB)
[2026-04-13T17:16:48.721+0000] {subprocess.py:106} INFO - 26/04/13 17:16:48 INFO SparkContext: Created broadcast 2 from broadcast at SparkWrite.java:198
[2026-04-13T17:16:48.726+0000] {subprocess.py:106} INFO - 26/04/13 17:16:48 INFO AppendDataExec: Start processing data source write support: IcebergBatchWrite(table=iceberg.air_quality_ml.air_quality_gold, format=PARQUET). The input RDD has 15} partitions.
[2026-04-13T17:16:48.799+0000] {subprocess.py:106} INFO - 26/04/13 17:16:48 INFO SparkContext: Starting job: append at NativeMethodAccessorImpl.java:0
[2026-04-13T17:16:48.822+0000] {subprocess.py:106} INFO - 26/04/13 17:16:48 INFO DAGScheduler: Got job 0 (append at NativeMethodAccessorImpl.java:0) with 15 output partitions
[2026-04-13T17:16:48.823+0000] {subprocess.py:106} INFO - 26/04/13 17:16:48 INFO DAGScheduler: Final stage: ResultStage 0 (append at NativeMethodAccessorImpl.java:0)
[2026-04-13T17:16:48.825+0000] {subprocess.py:106} INFO - 26/04/13 17:16:48 INFO DAGScheduler: Parents of final stage: List()
[2026-04-13T17:16:48.828+0000] {subprocess.py:106} INFO - 26/04/13 17:16:48 INFO DAGScheduler: Missing parents: List()
[2026-04-13T17:16:48.835+0000] {subprocess.py:106} INFO - 26/04/13 17:16:48 INFO DAGScheduler: Submitting ResultStage 0 (MapPartitionsRDD[2] at append at NativeMethodAccessorImpl.java:0), which has no missing parents
[2026-04-13T17:16:48.916+0000] {subprocess.py:106} INFO - 26/04/13 17:16:48 INFO MemoryStore: Block broadcast_3 stored as values in memory (estimated size 33.8 KiB, free 1048.6 MiB)
[2026-04-13T17:16:48.919+0000] {subprocess.py:106} INFO - 26/04/13 17:16:48 INFO MemoryStore: Block broadcast_3_piece0 stored as bytes in memory (estimated size 10.3 KiB, free 1048.6 MiB)
[2026-04-13T17:16:48.921+0000] {subprocess.py:106} INFO - 26/04/13 17:16:48 INFO SparkContext: Created broadcast 3 from broadcast at DAGScheduler.scala:1676
[2026-04-13T17:16:48.949+0000] {subprocess.py:106} INFO - 26/04/13 17:16:48 INFO DAGScheduler: Submitting 15 missing tasks from ResultStage 0 (MapPartitionsRDD[2] at append at NativeMethodAccessorImpl.java:0) (first 15 tasks are for partitions Vector(0, 1, 2, 3, 4, 5, 6, 7, 8, 9, 10, 11, 12, 13, 14))
[2026-04-13T17:16:48.952+0000] {subprocess.py:106} INFO - 26/04/13 17:16:48 INFO TaskSchedulerImpl: Adding task set 0.0 with 15 tasks resource profile 0
[2026-04-13T17:16:49.018+0000] {subprocess.py:106} INFO - 26/04/13 17:16:49 INFO TaskSetManager: Starting task 0.0 in stage 0.0 (TID 0) (spark-master,executor driver, partition 0, ANY, 21811 bytes)
[2026-04-13T17:16:49.023+0000] {subprocess.py:106} INFO - 26/04/13 17:16:49 INFO TaskSetManager: Starting task 1.0 in stage 0.0 (TID 1) (spark-master,executor driver, partition 1, ANY, 21807 bytes)
[2026-04-13T17:16:49.028+0000] {subprocess.py:106} INFO - 26/04/13 17:16:49 INFO TaskSetManager: Starting task 2.0 in stage 0.0 (TID 2) (spark-master,executor driver, partition 2, ANY, 21823 bytes)
[2026-04-13T17:16:49.031+0000] {subprocess.py:106} INFO - 26/04/13 17:16:49 INFO TaskSetManager: Starting task 3.0 in stage 0.0 (TID 3) (spark-master,executor driver, partition 3, ANY, 21361 bytes)
[2026-04-13T17:16:49.035+0000] {subprocess.py:106} INFO - 26/04/13 17:16:49 INFO TaskSetManager: Starting task 4.0 in stage 0.0 (TID 4) (spark-master,executor driver, partition 4, ANY, 21816 bytes)
[2026-04-13T17:16:49.036+0000] {subprocess.py:106} INFO - 26/04/13 17:16:49 INFO TaskSetManager: Starting task 5.0 in stage 0.0 (TID 5) (spark-master,executor driver, partition 5, ANY, 21816 bytes)
[2026-04-13T17:16:49.038+0000] {subprocess.py:106} INFO - 26/04/13 17:16:49 INFO TaskSetManager: Starting task 6.0 in stage 0.0 (TID 6) (spark-master,executor driver, partition 6, ANY, 21356 bytes)
[2026-04-13T17:16:49.040+0000] {subprocess.py:106} INFO - 26/04/13 17:16:49 INFO TaskSetManager: Starting task 7.0 in stage 0.0 (TID 7) (spark-master,executor driver, partition 7, ANY, 21808 bytes)
[2026-04-13T17:16:49.042+0000] {subprocess.py:106} INFO - 26/04/13 17:16:49 INFO TaskSetManager: Starting task 8.0 in stage 0.0 (TID 8) (spark-master,executor driver, partition 8, ANY, 21808 bytes)
[2026-04-13T17:16:49.045+0000] {subprocess.py:106} INFO - 26/04/13 17:16:49 INFO TaskSetManager: Starting task 9.0 in stage 0.0 (TID 9) (spark-master,executor driver, partition 9, ANY, 21787 bytes)
[2026-04-13T17:16:49.048+0000] {subprocess.py:106} INFO - 26/04/13 17:16:49 INFO TaskSetManager: Starting task 10.0 in stage 0.0 (TID 10) (spark-master,executor driver, partition 10, ANY, 21375 bytes)
[2026-04-13T17:16:49.050+0000] {subprocess.py:106} INFO - 26/04/13 17:16:49 INFO TaskSetManager: Starting task 11.0 in stage 0.0 (TID 11) (spark-master,executor driver, partition 11, ANY, 21370 bytes)
[2026-04-13T17:16:49.052+0000] {subprocess.py:106} INFO - 26/04/13 17:16:49 INFO TaskSetManager: Starting task 12.0 in stage 0.0 (TID 12) (spark-master,executor driver, partition 12, ANY, 21356 bytes)
[2026-04-13T17:16:49.054+0000] {subprocess.py:106} INFO - 26/04/13 17:16:49 INFO TaskSetManager: Starting task 13.0 in stage 0.0 (TID 13) (spark-master,executor driver, partition 13, ANY, 21364 bytes)
[2026-04-13T17:16:49.056+0000] {subprocess.py:106} INFO - 26/04/13 17:16:49 INFO TaskSetManager: Starting task 14.0 in stage 0.0 (TID 14) (spark-master,executor driver, partition 14, ANY, 21346 bytes)
[2026-04-13T17:16:49.078+0000] {subprocess.py:106} INFO - 26/04/13 17:16:49 INFO Executor: Running task 7.0 in stage 0.0 (TID 7)
[2026-04-13T17:16:49.080+0000] {subprocess.py:106} INFO - 26/04/13 17:16:49 INFO Executor: Running task 5.0 in stage 0.0 (TID 5)
[2026-04-13T17:16:49.081+0000] {subprocess.py:106} INFO - 26/04/13 17:16:49 INFO Executor: Running task 6.0 in stage 0.0 (TID 6)
[2026-04-13T17:16:49.081+0000] {subprocess.py:106} INFO - 26/04/13 17:16:49 INFO Executor: Running task 3.0 in stage 0.0 (TID 3)
[2026-04-13T17:16:49.082+0000] {subprocess.py:106} INFO - 26/04/13 17:16:49 INFO Executor: Running task 0.0 in stage 0.0 (TID 0)
[2026-04-13T17:16:49.083+0000] {subprocess.py:106} INFO - 26/04/13 17:16:49 INFO Executor: Running task 9.0 in stage 0.0 (TID 9)
[2026-04-13T17:16:49.084+0000] {subprocess.py:106} INFO - 26/04/13 17:16:49 INFO Executor: Running task 4.0 in stage 0.0 (TID 4)
[2026-04-13T17:16:49.086+0000] {subprocess.py:106} INFO - 26/04/13 17:16:49 INFO Executor: Running task 1.0 in stage 0.0 (TID 1)
[2026-04-13T17:16:49.087+0000] {subprocess.py:106} INFO - 26/04/13 17:16:49 INFO Executor: Running task 2.0 in stage 0.0 (TID 2)
[2026-04-13T17:16:49.088+0000] {subprocess.py:106} INFO - 26/04/13 17:16:49 INFO Executor: Running task 8.0 in stage 0.0 (TID 8)
[2026-04-13T17:16:49.089+0000] {subprocess.py:106} INFO - 26/04/13 17:16:49 INFO Executor: Running task 10.0 in stage 0.0 (TID 10)
[2026-04-13T17:16:49.089+0000] {subprocess.py:106} INFO - 26/04/13 17:16:49 INFO Executor: Running task 11.0 in stage 0.0 (TID 11)
[2026-04-13T17:16:49.090+0000] {subprocess.py:106} INFO - 26/04/13 17:16:49 INFO Executor: Running task 12.0 in stage 0.0 (TID 12)
[2026-04-13T17:16:49.091+0000] {subprocess.py:106} INFO - 26/04/13 17:16:49 INFO Executor: Running task 13.0 in stage 0.0 (TID 13)
[2026-04-13T17:16:49.092+0000] {subprocess.py:106} INFO - 26/04/13 17:16:49 INFO Executor: Running task 14.0 in stage 0.0 (TID 14)
[2026-04-13T17:16:49.436+0000] {subprocess.py:106} INFO - 26/04/13 17:16:49 INFO CodeGenerator: Code generated in 111.473439 ms
[2026-04-13T17:16:49.738+0000] {subprocess.py:106} INFO - 26/04/13 17:16:49 INFO CodecPool: Got brand-new compressor [.zstd]
[2026-04-13T17:16:49.741+0000] {subprocess.py:106} INFO - 26/04/13 17:16:49 INFO CodecPool: Got brand-new compressor [.zstd]
[2026-04-13T17:16:49.742+0000] {subprocess.py:106} INFO - 26/04/13 17:16:49 INFO CodecPool: Got brand-new compressor [.zstd]
[2026-04-13T17:16:49.744+0000] {subprocess.py:106} INFO - 26/04/13 17:16:49 INFO CodecPool: Got brand-new compressor [.zstd]
[2026-04-13T17:16:49.744+0000] {subprocess.py:106} INFO - 26/04/13 17:16:49 INFO CodecPool: Got brand-new compressor [.zstd]
[2026-04-13T17:16:49.745+0000] {subprocess.py:106} INFO - 26/04/13 17:16:49 INFO CodecPool: Got brand-new compressor [.zstd]
[2026-04-13T17:16:49.745+0000] {subprocess.py:106} INFO - 26/04/13 17:16:49 INFO CodecPool: Got brand-new compressor [.zstd]
[2026-04-13T17:16:49.746+0000] {subprocess.py:106} INFO - 26/04/13 17:16:49 INFO CodecPool: Got brand-new compressor [.zstd]
[2026-04-13T17:16:49.747+0000] {subprocess.py:106} INFO - 26/04/13 17:16:49 INFO CodecPool: Got brand-new compressor [.zstd]
[2026-04-13T17:16:49.747+0000] {subprocess.py:106} INFO - 26/04/13 17:16:49 INFO CodecPool: Got brand-new compressor [.zstd]
[2026-04-13T17:16:49.748+0000] {subprocess.py:106} INFO - 26/04/13 17:16:49 INFO CodecPool: Got brand-new compressor [.zstd]
[2026-04-13T17:16:49.748+0000] {subprocess.py:106} INFO - 26/04/13 17:16:49 INFO CodecPool: Got brand-new compressor [.zstd]
[2026-04-13T17:16:49.749+0000] {subprocess.py:106} INFO - 26/04/13 17:16:49 INFO CodecPool: Got brand-new compressor [.zstd]
[2026-04-13T17:16:49.749+0000] {subprocess.py:106} INFO - 26/04/13 17:16:49 INFO CodecPool: Got brand-new compressor [.zstd]
[2026-04-13T17:16:49.750+0000] {subprocess.py:106} INFO - 26/04/13 17:16:49 INFO CodecPool: Got brand-new compressor [.zstd]
[2026-04-13T17:16:51.048+0000] {subprocess.py:106} INFO - 26/04/13 17:16:51 INFO VectorizedSparkParquetReaders: Enabling arrow.enable_unsafe_memory_access
[2026-04-13T17:16:51.049+0000] {subprocess.py:106} INFO - 26/04/13 17:16:51 INFO VectorizedSparkParquetReaders: Disabling arrow.enable_null_check_for_get
[2026-04-13T17:16:51.055+0000] {subprocess.py:106} INFO - 26/04/13 17:16:51 INFO BaseAllocator: Debug mode disabled. Enable with the VM option -Darrow.memory.debug.allocator=true.
[2026-04-13T17:16:51.058+0000] {subprocess.py:106} INFO - 26/04/13 17:16:51 INFO DefaultAllocationManagerOption: allocation manager type not specified, using netty as the default type
[2026-04-13T17:16:51.059+0000] {subprocess.py:106} INFO - 26/04/13 17:16:51 INFO CheckAllocator: Using DefaultAllocationManager at memory/DefaultAllocationManagerFactory.class
[2026-04-13T17:16:51.221+0000] {subprocess.py:106} INFO - 26/04/13 17:16:51 INFO CodecPool: Got brand-new decompressor [.zstd]
[2026-04-13T17:16:51.222+0000] {subprocess.py:106} INFO - 26/04/13 17:16:51 INFO CodecPool: Got brand-new decompressor [.zstd]
[2026-04-13T17:16:51.224+0000] {subprocess.py:106} INFO - 26/04/13 17:16:51 INFO CodecPool: Got brand-new decompressor [.zstd]
[2026-04-13T17:16:51.226+0000] {subprocess.py:106} INFO - 26/04/13 17:16:51 INFO CodecPool: Got brand-new decompressor [.zstd]
[2026-04-13T17:16:51.227+0000] {subprocess.py:106} INFO - 26/04/13 17:16:51 INFO CodecPool: Got brand-new decompressor [.zstd]
[2026-04-13T17:16:51.228+0000] {subprocess.py:106} INFO - 26/04/13 17:16:51 INFO CodecPool: Got brand-new decompressor [.zstd]
[2026-04-13T17:16:51.229+0000] {subprocess.py:106} INFO - 26/04/13 17:16:51 INFO CodecPool: Got brand-new decompressor [.zstd]
[2026-04-13T17:16:51.230+0000] {subprocess.py:106} INFO - 26/04/13 17:16:51 INFO CodecPool: Got brand-new decompressor [.zstd]
[2026-04-13T17:16:51.231+0000] {subprocess.py:106} INFO - 26/04/13 17:16:51 INFO CodecPool: Got brand-new decompressor [.zstd]
[2026-04-13T17:16:51.233+0000] {subprocess.py:106} INFO - 26/04/13 17:16:51 INFO CodecPool: Got brand-new decompressor [.zstd]
[2026-04-13T17:16:51.235+0000] {subprocess.py:106} INFO - 26/04/13 17:16:51 INFO CodecPool: Got brand-new decompressor [.zstd]
[2026-04-13T17:16:51.237+0000] {subprocess.py:106} INFO - 26/04/13 17:16:51 INFO CodecPool: Got brand-new decompressor [.zstd]
[2026-04-13T17:16:51.238+0000] {subprocess.py:106} INFO - 26/04/13 17:16:51 INFO CodecPool: Got brand-new decompressor [.zstd]
[2026-04-13T17:16:51.239+0000] {subprocess.py:106} INFO - 26/04/13 17:16:51 INFO CodecPool: Got brand-new decompressor [.zstd]
[2026-04-13T17:16:51.241+0000] {subprocess.py:106} INFO - 26/04/13 17:16:51 INFO CodecPool: Got brand-new decompressor [.zstd]
[2026-04-13T17:16:51.857+0000] {subprocess.py:106} INFO - 26/04/13 17:16:51 INFO CodecPool: Got brand-new decompressor [.zstd]
[2026-04-13T17:16:51.861+0000] {subprocess.py:106} INFO - 26/04/13 17:16:51 INFO CodecPool: Got brand-new decompressor [.zstd]
[2026-04-13T17:16:51.864+0000] {subprocess.py:106} INFO - 26/04/13 17:16:51 INFO CodecPool: Got brand-new decompressor [.zstd]
[2026-04-13T17:16:51.865+0000] {subprocess.py:106} INFO - 26/04/13 17:16:51 INFO CodecPool: Got brand-new decompressor [.zstd]
[2026-04-13T17:16:51.866+0000] {subprocess.py:106} INFO - 26/04/13 17:16:51 INFO CodecPool: Got brand-new decompressor [.zstd]
[2026-04-13T17:16:51.867+0000] {subprocess.py:106} INFO - 26/04/13 17:16:51 INFO CodecPool: Got brand-new decompressor [.zstd]
[2026-04-13T17:16:51.868+0000] {subprocess.py:106} INFO - 26/04/13 17:16:51 INFO CodecPool: Got brand-new decompressor [.zstd]
[2026-04-13T17:16:51.868+0000] {subprocess.py:106} INFO - 26/04/13 17:16:51 INFO CodecPool: Got brand-new decompressor [.zstd]
[2026-04-13T17:16:51.873+0000] {subprocess.py:106} INFO - 26/04/13 17:16:51 INFO CodecPool: Got brand-new decompressor [.zstd]
[2026-04-13T17:16:51.887+0000] {subprocess.py:106} INFO - 26/04/13 17:16:51 INFO CodecPool: Got brand-new decompressor [.zstd]
[2026-04-13T17:16:51.889+0000] {subprocess.py:106} INFO - 26/04/13 17:16:51 INFO CodecPool: Got brand-new decompressor [.zstd]
[2026-04-13T17:16:51.897+0000] {subprocess.py:106} INFO - 26/04/13 17:16:51 INFO CodecPool: Got brand-new decompressor [.zstd]
[2026-04-13T17:16:51.901+0000] {subprocess.py:106} INFO - 26/04/13 17:16:51 INFO CodecPool: Got brand-new decompressor [.zstd]
[2026-04-13T17:16:51.903+0000] {subprocess.py:106} INFO - 26/04/13 17:16:51 INFO CodecPool: Got brand-new decompressor [.zstd]
[2026-04-13T17:16:51.903+0000] {subprocess.py:106} INFO - 26/04/13 17:16:51 INFO CodecPool: Got brand-new decompressor [.zstd]
[2026-04-13T17:16:51.927+0000] {subprocess.py:106} INFO - 26/04/13 17:16:51 INFO CodecPool: Got brand-new decompressor [.zstd]
[2026-04-13T17:16:51.934+0000] {subprocess.py:106} INFO - 26/04/13 17:16:51 INFO CodecPool: Got brand-new decompressor [.zstd]
[2026-04-13T17:16:51.935+0000] {subprocess.py:106} INFO - 26/04/13 17:16:51 INFO CodecPool: Got brand-new decompressor [.zstd]
[2026-04-13T17:16:51.940+0000] {subprocess.py:106} INFO - 26/04/13 17:16:51 INFO CodecPool: Got brand-new decompressor [.zstd]
[2026-04-13T17:16:51.951+0000] {subprocess.py:106} INFO - 26/04/13 17:16:51 INFO CodecPool: Got brand-new decompressor [.zstd]
[2026-04-13T17:16:51.955+0000] {subprocess.py:106} INFO - 26/04/13 17:16:51 INFO CodecPool: Got brand-new decompressor [.zstd]
[2026-04-13T17:16:51.971+0000] {subprocess.py:106} INFO - 26/04/13 17:16:51 INFO CodecPool: Got brand-new decompressor [.zstd]
[2026-04-13T17:16:51.973+0000] {subprocess.py:106} INFO - 26/04/13 17:16:51 INFO CodecPool: Got brand-new decompressor [.zstd]
[2026-04-13T17:16:51.994+0000] {subprocess.py:106} INFO - 26/04/13 17:16:51 INFO CodecPool: Got brand-new decompressor [.zstd]
[2026-04-13T17:16:52.003+0000] {subprocess.py:106} INFO - 26/04/13 17:16:51 INFO CodecPool: Got brand-new decompressor [.zstd]
[2026-04-13T17:16:52.012+0000] {subprocess.py:106} INFO - 26/04/13 17:16:52 INFO CodecPool: Got brand-new decompressor [.zstd]
[2026-04-13T17:16:52.028+0000] {subprocess.py:106} INFO - 26/04/13 17:16:52 INFO CodecPool: Got brand-new decompressor [.zstd]
[2026-04-13T17:16:52.037+0000] {subprocess.py:106} INFO - 26/04/13 17:16:52 INFO CodecPool: Got brand-new decompressor [.zstd]
[2026-04-13T17:16:52.038+0000] {subprocess.py:106} INFO - 26/04/13 17:16:52 INFO CodecPool: Got brand-new decompressor [.zstd]
[2026-04-13T17:16:52.040+0000] {subprocess.py:106} INFO - 26/04/13 17:16:52 INFO CodecPool: Got brand-new decompressor [.zstd]
[2026-04-13T17:16:52.041+0000] {subprocess.py:106} INFO - 26/04/13 17:16:52 INFO CodecPool: Got brand-new decompressor [.zstd]
[2026-04-13T17:16:52.052+0000] {subprocess.py:106} INFO - 26/04/13 17:16:52 INFO CodecPool: Got brand-new decompressor [.zstd]
[2026-04-13T17:16:52.054+0000] {subprocess.py:106} INFO - 26/04/13 17:16:52 INFO CodecPool: Got brand-new decompressor [.zstd]
[2026-04-13T17:16:52.056+0000] {subprocess.py:106} INFO - 26/04/13 17:16:52 INFO CodecPool: Got brand-new decompressor [.zstd]
[2026-04-13T17:16:52.058+0000] {subprocess.py:106} INFO - 26/04/13 17:16:52 INFO CodecPool: Got brand-new decompressor [.zstd]
[2026-04-13T17:16:52.095+0000] {subprocess.py:106} INFO - 26/04/13 17:16:52 INFO CodecPool: Got brand-new decompressor [.zstd]
[2026-04-13T17:16:52.100+0000] {subprocess.py:106} INFO - 26/04/13 17:16:52 INFO CodecPool: Got brand-new decompressor [.zstd]
[2026-04-13T17:16:52.103+0000] {subprocess.py:106} INFO - 26/04/13 17:16:52 INFO CodecPool: Got brand-new decompressor [.zstd]
[2026-04-13T17:16:52.111+0000] {subprocess.py:106} INFO - 26/04/13 17:16:52 INFO DataWritingSparkTask: Writer for partition 10 is committing.
[2026-04-13T17:16:52.113+0000] {subprocess.py:106} INFO - 26/04/13 17:16:52 INFO DataWritingSparkTask: Writer for partition 12 is committing.
[2026-04-13T17:16:52.114+0000] {subprocess.py:106} INFO - 26/04/13 17:16:52 INFO CodecPool: Got brand-new decompressor [.zstd]
[2026-04-13T17:16:52.115+0000] {subprocess.py:106} INFO - 26/04/13 17:16:52 INFO DataWritingSparkTask: Writer for partition 0 is committing.
[2026-04-13T17:16:52.117+0000] {subprocess.py:106} INFO - 26/04/13 17:16:52 INFO DataWritingSparkTask: Writer for partition 11 is committing.
[2026-04-13T17:16:52.118+0000] {subprocess.py:106} INFO - 26/04/13 17:16:52 INFO DataWritingSparkTask: Writer for partition 8 is committing.
[2026-04-13T17:16:52.129+0000] {subprocess.py:106} INFO - 26/04/13 17:16:52 INFO CodecPool: Got brand-new decompressor [.zstd]
[2026-04-13T17:16:52.141+0000] {subprocess.py:106} INFO - 26/04/13 17:16:52 INFO DataWritingSparkTask: Writer for partition 7 is committing.
[2026-04-13T17:16:52.149+0000] {subprocess.py:106} INFO - 26/04/13 17:16:52 INFO DataWritingSparkTask: Writer for partition 6 is committing.
[2026-04-13T17:16:52.156+0000] {subprocess.py:106} INFO - 26/04/13 17:16:52 INFO CodecPool: Got brand-new decompressor [.zstd]
[2026-04-13T17:16:52.164+0000] {subprocess.py:106} INFO - 26/04/13 17:16:52 INFO DataWritingSparkTask: Writer for partition 3 is committing.
[2026-04-13T17:16:52.165+0000] {subprocess.py:106} INFO - 26/04/13 17:16:52 INFO CodecPool: Got brand-new decompressor [.zstd]
[2026-04-13T17:16:52.165+0000] {subprocess.py:106} INFO - 26/04/13 17:16:52 INFO CodecPool: Got brand-new decompressor [.zstd]
[2026-04-13T17:16:52.166+0000] {subprocess.py:106} INFO - 26/04/13 17:16:52 INFO DataWritingSparkTask: Writer for partition 1 is committing.
[2026-04-13T17:16:52.193+0000] {subprocess.py:106} INFO - 26/04/13 17:16:52 INFO DataWritingSparkTask: Writer for partition 13 is committing.
[2026-04-13T17:16:52.209+0000] {subprocess.py:106} INFO - 26/04/13 17:16:52 INFO DataWritingSparkTask: Writer for partition 2 is committing.
[2026-04-13T17:16:52.278+0000] {subprocess.py:106} INFO - 26/04/13 17:16:52 INFO DataWritingSparkTask: Writer for partition 14 is committing.
[2026-04-13T17:16:52.287+0000] {subprocess.py:106} INFO - 26/04/13 17:16:52 INFO DataWritingSparkTask: Writer for partition 5 is committing.
[2026-04-13T17:16:52.423+0000] {subprocess.py:106} INFO - 26/04/13 17:16:52 INFO CodecPool: Got brand-new decompressor [.zstd]
[2026-04-13T17:16:52.437+0000] {subprocess.py:106} INFO - 26/04/13 17:16:52 INFO CodecPool: Got brand-new decompressor [.zstd]
[2026-04-13T17:16:52.721+0000] {subprocess.py:106} INFO - 26/04/13 17:16:52 INFO DataWritingSparkTask: Writer for partition 9 is committing.
[2026-04-13T17:16:52.727+0000] {subprocess.py:106} INFO - 26/04/13 17:16:52 INFO DataWritingSparkTask: Writer for partition 4 is committing.
[2026-04-13T17:16:53.729+0000] {subprocess.py:106} INFO - 26/04/13 17:16:53 INFO DataWritingSparkTask: Committed partition 9 (task 9, attempt 0, stage 0.0)
[2026-04-13T17:16:53.730+0000] {subprocess.py:106} INFO - 26/04/13 17:16:53 INFO DataWritingSparkTask: Committed partition 13 (task 13, attempt 0, stage 0.0)
[2026-04-13T17:16:53.730+0000] {subprocess.py:106} INFO - 26/04/13 17:16:53 INFO DataWritingSparkTask: Committed partition 10 (task 10, attempt 0, stage 0.0)
[2026-04-13T17:16:53.731+0000] {subprocess.py:106} INFO - 26/04/13 17:16:53 INFO DataWritingSparkTask: Committed partition 7 (task 7, attempt 0, stage 0.0)
[2026-04-13T17:16:53.732+0000] {subprocess.py:106} INFO - 26/04/13 17:16:53 INFO DataWritingSparkTask: Committed partition 2 (task 2, attempt 0, stage 0.0)
[2026-04-13T17:16:53.733+0000] {subprocess.py:106} INFO - 26/04/13 17:16:53 INFO DataWritingSparkTask: Committed partition 3 (task 3, attempt 0, stage 0.0)
[2026-04-13T17:16:53.733+0000] {subprocess.py:106} INFO - 26/04/13 17:16:53 INFO DataWritingSparkTask: Committed partition 5 (task 5, attempt 0, stage 0.0)
[2026-04-13T17:16:53.734+0000] {subprocess.py:106} INFO - 26/04/13 17:16:53 INFO DataWritingSparkTask: Committed partition 0 (task 0, attempt 0, stage 0.0)
[2026-04-13T17:16:53.735+0000] {subprocess.py:106} INFO - 26/04/13 17:16:53 INFO DataWritingSparkTask: Committed partition 12 (task 12, attempt 0, stage 0.0)
[2026-04-13T17:16:53.736+0000] {subprocess.py:106} INFO - 26/04/13 17:16:53 INFO DataWritingSparkTask: Committed partition 11 (task 11, attempt 0, stage 0.0)
[2026-04-13T17:16:53.736+0000] {subprocess.py:106} INFO - 26/04/13 17:16:53 INFO DataWritingSparkTask: Committed partition 14 (task 14, attempt 0, stage 0.0)
[2026-04-13T17:16:53.737+0000] {subprocess.py:106} INFO - 26/04/13 17:16:53 INFO DataWritingSparkTask: Committed partition 1 (task 1, attempt 0, stage 0.0)
[2026-04-13T17:16:53.738+0000] {subprocess.py:106} INFO - 26/04/13 17:16:53 INFO DataWritingSparkTask: Committed partition 6 (task 6, attempt 0, stage 0.0)
[2026-04-13T17:16:53.739+0000] {subprocess.py:106} INFO - 26/04/13 17:16:53 INFO DataWritingSparkTask: Committed partition 4 (task 4, attempt 0, stage 0.0)
[2026-04-13T17:16:53.739+0000] {subprocess.py:106} INFO - 26/04/13 17:16:53 INFO DataWritingSparkTask: Committed partition 8 (task 8, attempt 0, stage 0.0)
[2026-04-13T17:16:53.805+0000] {subprocess.py:106} INFO - 26/04/13 17:16:53 INFO Executor: Finished task 11.0 in stage 0.0 (TID 11). 9569 bytes result sent to driver
[2026-04-13T17:16:53.809+0000] {subprocess.py:106} INFO - 26/04/13 17:16:53 INFO Executor: Finished task 4.0 in stage 0.0 (TID 4). 9492 bytes result sent to driver
[2026-04-13T17:16:53.810+0000] {subprocess.py:106} INFO - 26/04/13 17:16:53 INFO Executor: Finished task 10.0 in stage 0.0 (TID 10). 9604 bytes result sent to driver
[2026-04-13T17:16:53.812+0000] {subprocess.py:106} INFO - 26/04/13 17:16:53 INFO Executor: Finished task 8.0 in stage 0.0 (TID 8). 9537 bytes result sent to driver
[2026-04-13T17:16:53.813+0000] {subprocess.py:106} INFO - 26/04/13 17:16:53 INFO Executor: Finished task 14.0 in stage 0.0 (TID 14). 9588 bytes result sent to driver
[2026-04-13T17:16:53.813+0000] {subprocess.py:106} INFO - 26/04/13 17:16:53 INFO Executor: Finished task 2.0 in stage 0.0 (TID 2). 9531 bytes result sent to driver
[2026-04-13T17:16:53.814+0000] {subprocess.py:106} INFO - 26/04/13 17:16:53 INFO Executor: Finished task 1.0 in stage 0.0 (TID 1). 9558 bytes result sent to driver
[2026-04-13T17:16:53.815+0000] {subprocess.py:106} INFO - 26/04/13 17:16:53 INFO Executor: Finished task 3.0 in stage 0.0 (TID 3). 9514 bytes result sent to driver
[2026-04-13T17:16:53.816+0000] {subprocess.py:106} INFO - 26/04/13 17:16:53 INFO Executor: Finished task 7.0 in stage 0.0 (TID 7). 9525 bytes result sent to driver
[2026-04-13T17:16:53.816+0000] {subprocess.py:106} INFO - 26/04/13 17:16:53 INFO Executor: Finished task 13.0 in stage 0.0 (TID 13). 9579 bytes result sent to driver
[2026-04-13T17:16:53.817+0000] {subprocess.py:106} INFO - 26/04/13 17:16:53 INFO Executor: Finished task 0.0 in stage 0.0 (TID 0). 9541 bytes result sent to driver
[2026-04-13T17:16:53.818+0000] {subprocess.py:106} INFO - 26/04/13 17:16:53 INFO Executor: Finished task 9.0 in stage 0.0 (TID 9). 9521 bytes result sent to driver
[2026-04-13T17:16:53.819+0000] {subprocess.py:106} INFO - 26/04/13 17:16:53 INFO Executor: Finished task 5.0 in stage 0.0 (TID 5). 9519 bytes result sent to driver
[2026-04-13T17:16:53.820+0000] {subprocess.py:106} INFO - 26/04/13 17:16:53 INFO Executor: Finished task 6.0 in stage 0.0 (TID 6). 9514 bytes result sent to driver
[2026-04-13T17:16:53.821+0000] {subprocess.py:106} INFO - 26/04/13 17:16:53 INFO Executor: Finished task 12.0 in stage 0.0 (TID 12). 9560 bytes result sent to driver
[2026-04-13T17:16:53.899+0000] {subprocess.py:106} INFO - 26/04/13 17:16:53 INFO TaskSetManager: Finished task 9.0 in stage 0.0 (TID 9) in 4834 ms on spark-master (executor driver) (1/15)
[2026-04-13T17:16:53.906+0000] {subprocess.py:106} INFO - 26/04/13 17:16:53 INFO TaskSetManager: Finished task 1.0 in stage 0.0 (TID 1) in 4882 ms on spark-master (executor driver) (2/15)
[2026-04-13T17:16:53.908+0000] {subprocess.py:106} INFO - 26/04/13 17:16:53 INFO TaskSetManager: Finished task 7.0 in stage 0.0 (TID 7) in 4865 ms on spark-master (executor driver) (3/15)
[2026-04-13T17:16:53.914+0000] {subprocess.py:106} INFO - 26/04/13 17:16:53 INFO TaskSetManager: Finished task 3.0 in stage 0.0 (TID 3) in 4881 ms on spark-master (executor driver) (4/15)
[2026-04-13T17:16:53.926+0000] {subprocess.py:106} INFO - 26/04/13 17:16:53 INFO TaskSetManager: Finished task 6.0 in stage 0.0 (TID 6) in 4883 ms on spark-master (executor driver) (5/15)
[2026-04-13T17:16:53.929+0000] {subprocess.py:106} INFO - 26/04/13 17:16:53 INFO TaskSetManager: Finished task 12.0 in stage 0.0 (TID 12) in 4872 ms on spark-master (executor driver) (6/15)
[2026-04-13T17:16:53.931+0000] {subprocess.py:106} INFO - 26/04/13 17:16:53 INFO TaskSetManager: Finished task 4.0 in stage 0.0 (TID 4) in 4893 ms on spark-master (executor driver) (7/15)
[2026-04-13T17:16:53.934+0000] {subprocess.py:106} INFO - 26/04/13 17:16:53 INFO TaskSetManager: Finished task 2.0 in stage 0.0 (TID 2) in 4904 ms on spark-master (executor driver) (8/15)
[2026-04-13T17:16:53.945+0000] {subprocess.py:106} INFO - 26/04/13 17:16:53 INFO TaskSetManager: Finished task 8.0 in stage 0.0 (TID 8) in 4901 ms on spark-master (executor driver) (9/15)
[2026-04-13T17:16:53.947+0000] {subprocess.py:106} INFO - 26/04/13 17:16:53 INFO TaskSetManager: Finished task 0.0 in stage 0.0 (TID 0) in 4962 ms on spark-master (executor driver) (10/15)
[2026-04-13T17:16:53.952+0000] {subprocess.py:106} INFO - 26/04/13 17:16:53 INFO TaskSetManager: Finished task 10.0 in stage 0.0 (TID 10) in 4907 ms on spark-master (executor driver) (11/15)
[2026-04-13T17:16:53.957+0000] {subprocess.py:106} INFO - 26/04/13 17:16:53 INFO TaskSetManager: Finished task 11.0 in stage 0.0 (TID 11) in 4907 ms on spark-master (executor driver) (12/15)
[2026-04-13T17:16:53.958+0000] {subprocess.py:106} INFO - 26/04/13 17:16:53 INFO TaskSetManager: Finished task 13.0 in stage 0.0 (TID 13) in 4905 ms on spark-master (executor driver) (13/15)
[2026-04-13T17:16:53.962+0000] {subprocess.py:106} INFO - 26/04/13 17:16:53 INFO TaskSetManager: Finished task 14.0 in stage 0.0 (TID 14) in 4907 ms on spark-master (executor driver) (14/15)
[2026-04-13T17:16:53.969+0000] {subprocess.py:106} INFO - 26/04/13 17:16:53 INFO TaskSetManager: Finished task 5.0 in stage 0.0 (TID 5) in 4931 ms on spark-master (executor driver) (15/15)
[2026-04-13T17:16:53.978+0000] {subprocess.py:106} INFO - 26/04/13 17:16:53 INFO TaskSchedulerImpl: Removed TaskSet 0.0 whose tasks have all completed, from pool
[2026-04-13T17:16:53.994+0000] {subprocess.py:106} INFO - 26/04/13 17:16:53 INFO DAGScheduler: ResultStage 0 (append at NativeMethodAccessorImpl.java:0) finished in 5128 ms
[2026-04-13T17:16:54.016+0000] {subprocess.py:106} INFO - 26/04/13 17:16:54 INFO DAGScheduler: Job 0 is finished. Cancelling potential speculative or zombie tasks for this job
[2026-04-13T17:16:54.021+0000] {subprocess.py:106} INFO - 26/04/13 17:16:54 INFO TaskSchedulerImpl: Canceling stage 0
[2026-04-13T17:16:54.025+0000] {subprocess.py:106} INFO - 26/04/13 17:16:54 INFO TaskSchedulerImpl: Killing all running tasks in stage 0: Stage finished
[2026-04-13T17:16:54.036+0000] {subprocess.py:106} INFO - 26/04/13 17:16:54 INFO DAGScheduler: Job 0 finished: append at NativeMethodAccessorImpl.java:0, took 5236.143974 ms
[2026-04-13T17:16:54.048+0000] {subprocess.py:106} INFO - 26/04/13 17:16:54 INFO AppendDataExec: Data source write support IcebergBatchWrite(table=iceberg.air_quality_ml.air_quality_gold, format=PARQUET) is committing.
[2026-04-13T17:16:54.129+0000] {subprocess.py:106} INFO - 26/04/13 17:16:54 INFO SparkWrite: Committing append with 15 new data files to table iceberg.air_quality_ml.air_quality_gold
[2026-04-13T17:16:55.416+0000] {subprocess.py:106} INFO - 26/04/13 17:16:55 INFO HiveTableOperations: Committed to table iceberg.air_quality_ml.air_quality_gold with the new metadata location hdfs://23133083thuyvan-master:9000/user/hive/lakehouse/gold/ml/air_quality_gold/metadata/00016-1fc85e08-3fb3-4e46-93f7-410ed6b456ef.metadata.json
[2026-04-13T17:16:55.417+0000] {subprocess.py:106} INFO - 26/04/13 17:16:55 INFO BaseMetastoreTableOperations: Successfully committed to table iceberg.air_quality_ml.air_quality_gold in 592 ms
[2026-04-13T17:16:55.417+0000] {subprocess.py:106} INFO - 26/04/13 17:16:55 INFO SnapshotProducer: Committed snapshot 8691797962151908613 (MergeAppend)
[2026-04-13T17:16:55.463+0000] {subprocess.py:106} INFO - 26/04/13 17:16:55 INFO BaseMetastoreTableOperations: Refreshing table metadata from new version: hdfs://23133083thuyvan-master:9000/user/hive/lakehouse/gold/ml/air_quality_gold/metadata/00016-1fc85e08-3fb3-4e46-93f7-410ed6b456ef.metadata.json
[2026-04-13T17:16:55.490+0000] {subprocess.py:106} INFO - 26/04/13 17:16:55 INFO LoggingMetricsReporter: Received metrics report: CommitReport{tableName=iceberg.air_quality_ml.air_quality_gold, snapshotId=8691797962151908613, sequenceNumber=17, operation=append, commitMetrics=CommitMetricsResult{totalDuration=TimerResult{timeUnit=NANOSECONDS, totalDuration=PT1.297673634S, count=1}, attempts=CounterResult{unit=COUNT, value=1}, addedDataFiles=CounterResult{unit=COUNT, value=15}, removedDataFiles=null, totalDataFiles=CounterResult{unit=COUNT, value=255}, addedDeleteFiles=null, addedEqualityDeleteFiles=null, addedPositionalDeleteFiles=null, addedDVs=null, removedDeleteFiles=null, removedEqualityDeleteFiles=null, removedPositionalDeleteFiles=null, removedDVs=null, totalDeleteFiles=CounterResult{unit=COUNT, value=0}, addedRecords=CounterResult{unit=COUNT, value=100}, removedRecords=null, totalRecords=CounterResult{unit=COUNT, value=1700}, addedFilesSizeInBytes=CounterResult{unit=BYTES, value=143298}, removedFilesSizeInBytes=null, totalFilesSizeInBytes=CounterResult{unit=BYTES, value=2485433}, addedPositionalDeletes=null, removedPositionalDeletes=null, totalPositionalDeletes=CounterResult{unit=COUNT, value=0}, addedEqualityDeletes=null, removedEqualityDeletes=null, totalEqualityDeletes=CounterResult{unit=COUNT, value=0}, manifestsCreated=null, manifestsReplaced=null, manifestsKept=null, manifestEntriesProcessed=null}, metadata={engine-version=4.0.2, app-id=local-1776100594557, engine-name=spark, iceberg-version=Apache Iceberg 1.10.1 (commit ccb8bc435062171e64bc8b7e5f56e6aed9c5b934)}}
[2026-04-13T17:16:55.490+0000] {subprocess.py:106} INFO - 26/04/13 17:16:55 INFO SparkWrite: Committed in 1360 ms
[2026-04-13T17:16:55.492+0000] {subprocess.py:106} INFO - 26/04/13 17:16:55 INFO AppendDataExec: Data source write support IcebergBatchWrite(table=iceberg.air_quality_ml.air_quality_gold, format=PARQUET) committed.
[2026-04-13T17:16:55.496+0000] {subprocess.py:106} INFO - Dữ liệu đã được append vào iceberg.air_quality_ml.air_quality_gold.
[2026-04-13T17:16:55.497+0000] {subprocess.py:106} INFO - ETL from Silver to Gold completed!
[2026-04-13T17:16:55.501+0000] {subprocess.py:106} INFO - 26/04/13 17:16:55 INFO SparkContext: SparkContext is stopping with exitCode 0 from stop at NativeMethodAccessorImpl.java:0.
[2026-04-13T17:16:55.525+0000] {subprocess.py:106} INFO - 26/04/13 17:16:55 INFO SparkUI: Stopped Spark web UI at http://spark-master:4040
[2026-04-13T17:16:55.547+0000] {subprocess.py:106} INFO - 26/04/13 17:16:55 INFO MapOutputTrackerMasterEndpoint: MapOutputTrackerMasterEndpoint stopped!
[2026-04-13T17:16:55.585+0000] {subprocess.py:106} INFO - 26/04/13 17:16:55 INFO MemoryStore: MemoryStore cleared
[2026-04-13T17:16:55.586+0000] {subprocess.py:106} INFO - 26/04/13 17:16:55 INFO BlockManager: BlockManager stopped
[2026-04-13T17:16:55.598+0000] {subprocess.py:106} INFO - 26/04/13 17:16:55 INFO BlockManagerMaster: BlockManagerMaster stopped
[2026-04-13T17:16:55.602+0000] {subprocess.py:106} INFO - 26/04/13 17:16:55 INFO OutputCommitCoordinator$OutputCommitCoordinatorEndpoint: OutputCommitCoordinator stopped!
[2026-04-13T17:16:55.624+0000] {subprocess.py:106} INFO - 26/04/13 17:16:55 INFO SparkContext: Successfully stopped SparkContext
[2026-04-13T17:16:56.131+0000] {subprocess.py:106} INFO - 26/04/13 17:16:56 INFO ShutdownHookManager: Shutdown hook called
[2026-04-13T17:16:56.132+0000] {subprocess.py:106} INFO - 26/04/13 17:16:56 INFO ShutdownHookManager: Deleting directory /tmp/spark-1c725909-a3c5-45a8-b6a0-a178bf4df8b4
[2026-04-13T17:16:56.138+0000] {subprocess.py:106} INFO - 26/04/13 17:16:56 INFO ShutdownHookManager: Deleting directory /tmp/spark-0677713e-a722-40d8-b44f-6f85e84fc6b8/pyspark-1de51063-bd55-40ae-97a2-1f9e115b6d82
[2026-04-13T17:16:56.149+0000] {subprocess.py:106} INFO - 26/04/13 17:16:56 INFO ShutdownHookManager: Deleting directory /tmp/artifacts-2c62837b-f4e0-48e4-8287-dd439548038b
[2026-04-13T17:16:56.158+0000] {subprocess.py:106} INFO - 26/04/13 17:16:56 INFO ShutdownHookManager: Deleting directory /tmp/spark-0677713e-a722-40d8-b44f-6f85e84fc6b8
[2026-04-13T17:16:56.297+0000] {subprocess.py:110} INFO - Command exited with return code 0
[2026-04-13T17:16:56.348+0000] {taskinstance.py:340} INFO - ::group::Post task execution logs
[2026-04-13T17:16:56.349+0000] {taskinstance.py:352} INFO - Marking task as SUCCESS. dag_id=predict_aqi, task_id=silver_to_gold, run_id=manual__2026-04-13T17:16:10.558713+00:00, execution_date=20260413T171610, start_date=20260413T171624, end_date=20260413T171656
[2026-04-13T17:16:56.370+0000] {local_task_job_runner.py:266} INFO - Task exited with return code 0
[2026-04-13T17:16:56.404+0000] {taskinstance.py:3895} INFO - 1 downstream tasks scheduled from follow-on schedule check
[2026-04-13T17:16:56.408+0000] {local_task_job_runner.py:245} INFO - ::endgroup::
