[2026-04-11T16:15:09.249+0000] {local_task_job_runner.py:123} INFO - ::group::Pre task execution logs
[2026-04-11T16:15:09.271+0000] {taskinstance.py:2613} INFO - Dependencies all met for dep_context=non-requeueable deps ti=<TaskInstance: weather_real_time_pipeline_v2.check_spark_before_start scheduled__2026-04-11T16:10:00+00:00 [queued]>
[2026-04-11T16:15:09.280+0000] {taskinstance.py:2613} INFO - Dependencies all met for dep_context=requeueable deps ti=<TaskInstance: weather_real_time_pipeline_v2.check_spark_before_start scheduled__2026-04-11T16:10:00+00:00 [queued]>
[2026-04-11T16:15:09.280+0000] {taskinstance.py:2866} INFO - Starting attempt 1 of 2
[2026-04-11T16:15:09.293+0000] {taskinstance.py:2889} INFO - Executing <Task(ShortCircuitOperator): check_spark_before_start> on 2026-04-11 16:10:00+00:00
[2026-04-11T16:15:09.299+0000] {standard_task_runner.py:104} INFO - Running: ['airflow', 'tasks', 'run', 'weather_real_time_pipeline_v2', 'check_spark_before_start', 'scheduled__2026-04-11T16:10:00+00:00', '--job-id', '220', '--raw', '--subdir', 'DAGS_FOLDER/weather_pipeline_dag.py', '--cfg-path', '/tmp/tmps2z2ibbb']
[2026-04-11T16:15:09.301+0000] {standard_task_runner.py:105} INFO - Job 220: Subtask check_spark_before_start
[2026-04-11T16:15:09.301+0000] {logging_mixin.py:190} WARNING - /home/airflow/airflow/venv/lib/python3.12/site-packages/airflow/task/task_runner/standard_task_runner.py:70 DeprecationWarning: This process (pid=138195) is multi-threaded, use of fork() may lead to deadlocks in the child.
[2026-04-11T16:15:09.302+0000] {standard_task_runner.py:72} INFO - Started process 138214 to run task
[2026-04-11T16:15:09.370+0000] {task_command.py:467} INFO - Running <TaskInstance: weather_real_time_pipeline_v2.check_spark_before_start scheduled__2026-04-11T16:10:00+00:00 [running]> on host airflow
[2026-04-11T16:15:09.479+0000] {taskinstance.py:3132} INFO - Exporting env vars: AIRFLOW_CTX_DAG_OWNER='van' AIRFLOW_CTX_DAG_ID='weather_real_time_pipeline_v2' AIRFLOW_CTX_TASK_ID='check_spark_before_start' AIRFLOW_CTX_EXECUTION_DATE='2026-04-11T16:10:00+00:00' AIRFLOW_CTX_TRY_NUMBER='1' AIRFLOW_CTX_DAG_RUN_ID='scheduled__2026-04-11T16:10:00+00:00'
[2026-04-11T16:15:09.480+0000] {taskinstance.py:731} INFO - ::endgroup::
[2026-04-11T16:15:09.474+0000] {baseoperator.py:421} WARNING - ShortCircuitOperator.execute cannot be called outside TaskInstance!
[2026-04-11T16:15:09.606+0000] {logging_mixin.py:190} INFO - Không thấy job. Sẽ kích hoạt khởi động...
[2026-04-11T16:15:09.607+0000] {python.py:240} INFO - Done. Returned value was: True
[2026-04-11T16:15:09.608+0000] {python.py:309} INFO - Condition result is True
[2026-04-11T16:15:09.608+0000] {python.py:312} INFO - Proceeding with downstream tasks...
[2026-04-11T16:15:09.639+0000] {taskinstance.py:340} INFO - ::group::Post task execution logs
[2026-04-11T16:15:09.640+0000] {taskinstance.py:352} INFO - Marking task as SUCCESS. dag_id=weather_real_time_pipeline_v2, task_id=check_spark_before_start, run_id=scheduled__2026-04-11T16:10:00+00:00, execution_date=20260411T161000, start_date=20260411T161509, end_date=20260411T161509
[2026-04-11T16:15:09.653+0000] {local_task_job_runner.py:266} INFO - Task exited with return code 0
[2026-04-11T16:15:09.681+0000] {taskinstance.py:3895} INFO - 1 downstream tasks scheduled from follow-on schedule check
[2026-04-11T16:15:09.684+0000] {local_task_job_runner.py:245} INFO - ::endgroup::
[2026-04-11T16:17:43.850+0000] {local_task_job_runner.py:123} INFO - ::group::Pre task execution logs
[2026-04-11T16:17:43.869+0000] {taskinstance.py:2613} INFO - Dependencies all met for dep_context=non-requeueable deps ti=<TaskInstance: weather_real_time_pipeline_v2.check_spark_before_start scheduled__2026-04-11T16:10:00+00:00 [queued]>
[2026-04-11T16:17:43.877+0000] {taskinstance.py:2613} INFO - Dependencies all met for dep_context=requeueable deps ti=<TaskInstance: weather_real_time_pipeline_v2.check_spark_before_start scheduled__2026-04-11T16:10:00+00:00 [queued]>
[2026-04-11T16:17:43.877+0000] {taskinstance.py:2866} INFO - Starting attempt 1 of 2
[2026-04-11T16:17:43.888+0000] {taskinstance.py:2889} INFO - Executing <Task(ShortCircuitOperator): check_spark_before_start> on 2026-04-11 16:10:00+00:00
[2026-04-11T16:17:43.895+0000] {standard_task_runner.py:104} INFO - Running: ['airflow', 'tasks', 'run', 'weather_real_time_pipeline_v2', 'check_spark_before_start', 'scheduled__2026-04-11T16:10:00+00:00', '--job-id', '224', '--raw', '--subdir', 'DAGS_FOLDER/weather_pipeline_dag.py', '--cfg-path', '/tmp/tmp0wvwex1t']
[2026-04-11T16:17:43.896+0000] {standard_task_runner.py:105} INFO - Job 224: Subtask check_spark_before_start
[2026-04-11T16:17:43.896+0000] {logging_mixin.py:190} WARNING - /home/airflow/airflow/venv/lib/python3.12/site-packages/airflow/task/task_runner/standard_task_runner.py:70 DeprecationWarning: This process (pid=144941) is multi-threaded, use of fork() may lead to deadlocks in the child.
[2026-04-11T16:17:43.897+0000] {standard_task_runner.py:72} INFO - Started process 144957 to run task
[2026-04-11T16:17:43.971+0000] {task_command.py:467} INFO - Running <TaskInstance: weather_real_time_pipeline_v2.check_spark_before_start scheduled__2026-04-11T16:10:00+00:00 [running]> on host airflow
[2026-04-11T16:17:44.084+0000] {taskinstance.py:3132} INFO - Exporting env vars: AIRFLOW_CTX_DAG_OWNER='van' AIRFLOW_CTX_DAG_ID='weather_real_time_pipeline_v2' AIRFLOW_CTX_TASK_ID='check_spark_before_start' AIRFLOW_CTX_EXECUTION_DATE='2026-04-11T16:10:00+00:00' AIRFLOW_CTX_TRY_NUMBER='1' AIRFLOW_CTX_DAG_RUN_ID='scheduled__2026-04-11T16:10:00+00:00'
[2026-04-11T16:17:44.085+0000] {taskinstance.py:731} INFO - ::endgroup::
[2026-04-11T16:17:44.097+0000] {baseoperator.py:421} WARNING - ShortCircuitOperator.execute cannot be called outside TaskInstance!
[2026-04-11T16:17:44.232+0000] {logging_mixin.py:190} INFO - Không thấy job. Sẽ kích hoạt khởi động...
[2026-04-11T16:17:44.233+0000] {python.py:240} INFO - Done. Returned value was: True
[2026-04-11T16:17:44.234+0000] {python.py:309} INFO - Condition result is True
[2026-04-11T16:17:44.234+0000] {python.py:312} INFO - Proceeding with downstream tasks...
[2026-04-11T16:17:44.272+0000] {taskinstance.py:340} INFO - ::group::Post task execution logs
[2026-04-11T16:17:44.272+0000] {taskinstance.py:352} INFO - Marking task as SUCCESS. dag_id=weather_real_time_pipeline_v2, task_id=check_spark_before_start, run_id=scheduled__2026-04-11T16:10:00+00:00, execution_date=20260411T161000, start_date=20260411T161743, end_date=20260411T161744
[2026-04-11T16:17:44.293+0000] {local_task_job_runner.py:266} INFO - Task exited with return code 0
[2026-04-11T16:17:44.349+0000] {taskinstance.py:3895} INFO - 1 downstream tasks scheduled from follow-on schedule check
[2026-04-11T16:17:44.353+0000] {local_task_job_runner.py:245} INFO - ::endgroup::
