[2026-04-13T14:09:00.202+0000] {local_task_job_runner.py:123} INFO - ::group::Pre task execution logs
[2026-04-13T14:09:00.250+0000] {taskinstance.py:2613} INFO - Dependencies all met for dep_context=non-requeueable deps ti=<TaskInstance: predict_aqi.train_model manual__2026-04-13T14:07:37.472149+00:00 [queued]>
[2026-04-13T14:09:00.276+0000] {taskinstance.py:2613} INFO - Dependencies all met for dep_context=requeueable deps ti=<TaskInstance: predict_aqi.train_model manual__2026-04-13T14:07:37.472149+00:00 [queued]>
[2026-04-13T14:09:00.277+0000] {taskinstance.py:2866} INFO - Starting attempt 1 of 3
[2026-04-13T14:09:00.312+0000] {taskinstance.py:2889} INFO - Executing <Task(BashOperator): train_model> on 2026-04-13 14:07:37.472149+00:00
[2026-04-13T14:09:00.329+0000] {standard_task_runner.py:104} INFO - Running: ['airflow', 'tasks', 'run', 'predict_aqi', 'train_model', 'manual__2026-04-13T14:07:37.472149+00:00', '--job-id', '162', '--raw', '--subdir', 'DAGS_FOLDER/dag_ml.py', '--cfg-path', '/tmp/tmpkap12hku']
[2026-04-13T14:09:00.331+0000] {standard_task_runner.py:105} INFO - Job 162: Subtask train_model
[2026-04-13T14:09:00.349+0000] {logging_mixin.py:190} WARNING - /home/airflow/airflow/venv/lib/python3.12/site-packages/airflow/task/task_runner/standard_task_runner.py:70 DeprecationWarning: This process (pid=58077) is multi-threaded, use of fork() may lead to deadlocks in the child.
[2026-04-13T14:09:00.351+0000] {standard_task_runner.py:72} INFO - Started process 58175 to run task
[2026-04-13T14:09:00.434+0000] {task_command.py:467} INFO - Running <TaskInstance: predict_aqi.train_model manual__2026-04-13T14:07:37.472149+00:00 [running]> on host airflow
[2026-04-13T14:09:00.688+0000] {taskinstance.py:3132} INFO - Exporting env vars: AIRFLOW_CTX_DAG_OWNER='airflow' AIRFLOW_CTX_DAG_ID='predict_aqi' AIRFLOW_CTX_TASK_ID='train_model' AIRFLOW_CTX_EXECUTION_DATE='2026-04-13T14:07:37.472149+00:00' AIRFLOW_CTX_TRY_NUMBER='1' AIRFLOW_CTX_DAG_RUN_ID='manual__2026-04-13T14:07:37.472149+00:00'
[2026-04-13T14:09:00.693+0000] {taskinstance.py:731} INFO - ::endgroup::
[2026-04-13T14:09:00.764+0000] {subprocess.py:78} INFO - Tmp dir root location: /tmp
[2026-04-13T14:09:00.771+0000] {subprocess.py:88} INFO - Running command: ['/usr/bin/bash', '-c', '\n            docker exec spark-master spark-submit                 --conf spark.pyspark.python=python3                 --packages org.apache.iceberg:iceberg-spark-runtime-4.0_2.13:1.10.1                 /home/spark/spark/spark_jobs/train_model.py 2026-04-13\n        ']
[2026-04-13T14:09:00.790+0000] {subprocess.py:99} INFO - Output:
[2026-04-13T14:09:02.496+0000] {subprocess.py:106} INFO - WARNING: Using incubator modules: jdk.incubator.vector
[2026-04-13T14:09:06.088+0000] {subprocess.py:106} INFO - :: loading settings :: url = jar:file:/home/spark/spark/jars/ivy-2.5.3.jar!/org/apache/ivy/core/settings/ivysettings.xml
[2026-04-13T14:09:06.302+0000] {subprocess.py:106} INFO - Ivy Default Cache set to: /home/spark/.ivy2.5.2/cache
[2026-04-13T14:09:06.304+0000] {subprocess.py:106} INFO - The jars for the packages stored in: /home/spark/.ivy2.5.2/jars
[2026-04-13T14:09:06.327+0000] {subprocess.py:106} INFO - org.apache.iceberg#iceberg-spark-runtime-4.0_2.13 added as a dependency
[2026-04-13T14:09:06.329+0000] {subprocess.py:106} INFO - :: resolving dependencies :: org.apache.spark#spark-submit-parent-065117bd-c1e9-4509-a313-e62e4b7f6c78;1.0
[2026-04-13T14:09:06.329+0000] {subprocess.py:106} INFO - 	confs: [default]
[2026-04-13T14:09:06.646+0000] {subprocess.py:106} INFO - 	found org.apache.iceberg#iceberg-spark-runtime-4.0_2.13;1.10.1 in central
[2026-04-13T14:09:06.685+0000] {subprocess.py:106} INFO - :: resolution report :: resolve 345ms :: artifacts dl 10ms
[2026-04-13T14:09:06.686+0000] {subprocess.py:106} INFO - 	:: modules in use:
[2026-04-13T14:09:06.688+0000] {subprocess.py:106} INFO - 	org.apache.iceberg#iceberg-spark-runtime-4.0_2.13;1.10.1 from central in [default]
[2026-04-13T14:09:06.690+0000] {subprocess.py:106} INFO - 	---------------------------------------------------------------------
[2026-04-13T14:09:06.691+0000] {subprocess.py:106} INFO - 	|                  |            modules            ||   artifacts   |
[2026-04-13T14:09:06.693+0000] {subprocess.py:106} INFO - 	|       conf       | number| search|dwnlded|evicted|| number|dwnlded|
[2026-04-13T14:09:06.694+0000] {subprocess.py:106} INFO - 	---------------------------------------------------------------------
[2026-04-13T14:09:06.695+0000] {subprocess.py:106} INFO - 	|      default     |   1   |   0   |   0   |   0   ||   1   |   0   |
[2026-04-13T14:09:06.696+0000] {subprocess.py:106} INFO - 	---------------------------------------------------------------------
[2026-04-13T14:09:06.697+0000] {subprocess.py:106} INFO - :: retrieving :: org.apache.spark#spark-submit-parent-065117bd-c1e9-4509-a313-e62e4b7f6c78
[2026-04-13T14:09:06.698+0000] {subprocess.py:106} INFO - 	confs: [default]
[2026-04-13T14:09:06.709+0000] {subprocess.py:106} INFO - 	0 artifacts copied, 1 already retrieved (0kB/13ms)
[2026-04-13T14:09:07.215+0000] {subprocess.py:106} INFO - 26/04/13 14:09:07 WARN NativeCodeLoader: Unable to load native-hadoop library for your platform... using builtin-java classes where applicable
[2026-04-13T14:09:13.247+0000] {subprocess.py:106} INFO - Using Spark's default log4j profile: org/apache/spark/log4j2-defaults.properties
[2026-04-13T14:09:13.266+0000] {subprocess.py:106} INFO - 26/04/13 14:09:13 INFO SparkContext: Running Spark version 4.0.2
[2026-04-13T14:09:13.272+0000] {subprocess.py:106} INFO - 26/04/13 14:09:13 INFO SparkContext: OS info Linux, 6.6.87.2-microsoft-standard-WSL2, amd64
[2026-04-13T14:09:13.275+0000] {subprocess.py:106} INFO - 26/04/13 14:09:13 INFO SparkContext: Java version 21.0.10
[2026-04-13T14:09:13.325+0000] {subprocess.py:106} INFO - 26/04/13 14:09:13 INFO ResourceUtils: ==============================================================
[2026-04-13T14:09:13.327+0000] {subprocess.py:106} INFO - 26/04/13 14:09:13 INFO ResourceUtils: No custom resources configured for spark.driver.
[2026-04-13T14:09:13.328+0000] {subprocess.py:106} INFO - 26/04/13 14:09:13 INFO ResourceUtils: ==============================================================
[2026-04-13T14:09:13.331+0000] {subprocess.py:106} INFO - 26/04/13 14:09:13 INFO SparkContext: Submitted application: TrainModel
[2026-04-13T14:09:13.394+0000] {subprocess.py:106} INFO - 26/04/13 14:09:13 INFO ResourceProfile: Default ResourceProfile created, executor resources: Map(cores -> name: cores, amount: 2, script: , vendor: , memory -> name: memory, amount: 2048, script: , vendor: , offHeap -> name: offHeap, amount: 0, script: , vendor: ), task resources: Map(cpus -> name: cpus, amount: 1.0)
[2026-04-13T14:09:13.403+0000] {subprocess.py:106} INFO - 26/04/13 14:09:13 INFO ResourceProfile: Limiting resource is cpus at 2 tasks per executor
[2026-04-13T14:09:13.411+0000] {subprocess.py:106} INFO - 26/04/13 14:09:13 INFO ResourceProfileManager: Added ResourceProfile id: 0
[2026-04-13T14:09:13.534+0000] {subprocess.py:106} INFO - 26/04/13 14:09:13 INFO SecurityManager: Changing view acls to: spark
[2026-04-13T14:09:13.535+0000] {subprocess.py:106} INFO - 26/04/13 14:09:13 INFO SecurityManager: Changing modify acls to: spark
[2026-04-13T14:09:13.537+0000] {subprocess.py:106} INFO - 26/04/13 14:09:13 INFO SecurityManager: Changing view acls groups to: spark
[2026-04-13T14:09:13.539+0000] {subprocess.py:106} INFO - 26/04/13 14:09:13 INFO SecurityManager: Changing modify acls groups to: spark
[2026-04-13T14:09:13.551+0000] {subprocess.py:106} INFO - 26/04/13 14:09:13 INFO SecurityManager: SecurityManager: authentication disabled; ui acls disabled; users with view permissions: spark groups with view permissions: EMPTY; users with modify permissions: spark; groups with modify permissions: EMPTY; RPC SSL disabled
[2026-04-13T14:09:14.187+0000] {subprocess.py:106} INFO - 26/04/13 14:09:14 INFO Utils: Successfully started service 'sparkDriver' on port 45395.
[2026-04-13T14:09:14.251+0000] {subprocess.py:106} INFO - 26/04/13 14:09:14 INFO SparkEnv: Registering MapOutputTracker
[2026-04-13T14:09:14.279+0000] {subprocess.py:106} INFO - 26/04/13 14:09:14 INFO SparkEnv: Registering BlockManagerMaster
[2026-04-13T14:09:14.310+0000] {subprocess.py:106} INFO - 26/04/13 14:09:14 INFO BlockManagerMasterEndpoint: Using org.apache.spark.storage.DefaultTopologyMapper for getting topology information
[2026-04-13T14:09:14.315+0000] {subprocess.py:106} INFO - 26/04/13 14:09:14 INFO BlockManagerMasterEndpoint: BlockManagerMasterEndpoint up
[2026-04-13T14:09:14.317+0000] {subprocess.py:106} INFO - 26/04/13 14:09:14 INFO SparkEnv: Registering BlockManagerMasterHeartbeat
[2026-04-13T14:09:14.368+0000] {subprocess.py:106} INFO - 26/04/13 14:09:14 INFO DiskBlockManager: Created local directory at /tmp/blockmgr-7bf93dfa-e2a0-4a2b-9a4c-6ff07a5267e3
[2026-04-13T14:09:14.413+0000] {subprocess.py:106} INFO - 26/04/13 14:09:14 INFO SparkEnv: Registering OutputCommitCoordinator
[2026-04-13T14:09:14.709+0000] {subprocess.py:106} INFO - 26/04/13 14:09:14 INFO JettyUtils: Start Jetty 0.0.0.0:4040 for SparkUI
[2026-04-13T14:09:14.868+0000] {subprocess.py:106} INFO - 26/04/13 14:09:14 INFO Utils: Successfully started service 'SparkUI' on port 4040.
[2026-04-13T14:09:14.946+0000] {subprocess.py:106} INFO - 26/04/13 14:09:14 INFO SparkContext: Added JAR file:///home/spark/.ivy2.5.2/jars/org.apache.iceberg_iceberg-spark-runtime-4.0_2.13-1.10.1.jar at spark://spark-master:45395/jars/org.apache.iceberg_iceberg-spark-runtime-4.0_2.13-1.10.1.jar with timestamp 1776089353221
[2026-04-13T14:09:14.953+0000] {subprocess.py:106} INFO - 26/04/13 14:09:14 INFO SparkContext: Added file file:///home/spark/.ivy2.5.2/jars/org.apache.iceberg_iceberg-spark-runtime-4.0_2.13-1.10.1.jar at file:///home/spark/.ivy2.5.2/jars/org.apache.iceberg_iceberg-spark-runtime-4.0_2.13-1.10.1.jar with timestamp 1776089353221
[2026-04-13T14:09:14.961+0000] {subprocess.py:106} INFO - 26/04/13 14:09:14 INFO Utils: Copying /home/spark/.ivy2.5.2/jars/org.apache.iceberg_iceberg-spark-runtime-4.0_2.13-1.10.1.jar to /tmp/spark-634a507d-f7a9-42dd-8e30-a56b5cc8c033/userFiles-f4d4f671-e724-4b5a-8c8d-c074767815ee/org.apache.iceberg_iceberg-spark-runtime-4.0_2.13-1.10.1.jar
[2026-04-13T14:09:16.165+0000] {subprocess.py:106} INFO - 26/04/13 14:09:16 INFO SecurityManager: Changing view acls to: spark
[2026-04-13T14:09:16.167+0000] {subprocess.py:106} INFO - 26/04/13 14:09:16 INFO SecurityManager: Changing modify acls to: spark
[2026-04-13T14:09:16.168+0000] {subprocess.py:106} INFO - 26/04/13 14:09:16 INFO SecurityManager: Changing view acls groups to: spark
[2026-04-13T14:09:16.170+0000] {subprocess.py:106} INFO - 26/04/13 14:09:16 INFO SecurityManager: Changing modify acls groups to: spark
[2026-04-13T14:09:16.171+0000] {subprocess.py:106} INFO - 26/04/13 14:09:16 INFO SecurityManager: SecurityManager: authentication disabled; ui acls disabled; users with view permissions: spark groups with view permissions: EMPTY; users with modify permissions: spark; groups with modify permissions: EMPTY; RPC SSL disabled
[2026-04-13T14:09:16.547+0000] {subprocess.py:106} INFO - 26/04/13 14:09:16 INFO Executor: Starting executor ID driver on host spark-master
[2026-04-13T14:09:16.548+0000] {subprocess.py:106} INFO - 26/04/13 14:09:16 INFO Executor: OS info Linux, 6.6.87.2-microsoft-standard-WSL2, amd64
[2026-04-13T14:09:16.549+0000] {subprocess.py:106} INFO - 26/04/13 14:09:16 INFO Executor: Java version 21.0.10
[2026-04-13T14:09:16.580+0000] {subprocess.py:106} INFO - 26/04/13 14:09:16 INFO Executor: Starting executor with user classpath (userClassPathFirst = false): ''
[2026-04-13T14:09:16.584+0000] {subprocess.py:106} INFO - 26/04/13 14:09:16 INFO Executor: Created or updated repl class loader org.apache.spark.util.MutableURLClassLoader@14f38b53 for default.
[2026-04-13T14:09:16.621+0000] {subprocess.py:106} INFO - 26/04/13 14:09:16 INFO Executor: Fetching file:///home/spark/.ivy2.5.2/jars/org.apache.iceberg_iceberg-spark-runtime-4.0_2.13-1.10.1.jar with timestamp 1776089353221
[2026-04-13T14:09:16.729+0000] {subprocess.py:106} INFO - 26/04/13 14:09:16 INFO Utils: /home/spark/.ivy2.5.2/jars/org.apache.iceberg_iceberg-spark-runtime-4.0_2.13-1.10.1.jar has been previously copied to /tmp/spark-634a507d-f7a9-42dd-8e30-a56b5cc8c033/userFiles-f4d4f671-e724-4b5a-8c8d-c074767815ee/org.apache.iceberg_iceberg-spark-runtime-4.0_2.13-1.10.1.jar
[2026-04-13T14:09:16.753+0000] {subprocess.py:106} INFO - 26/04/13 14:09:16 INFO Executor: Fetching spark://spark-master:45395/jars/org.apache.iceberg_iceberg-spark-runtime-4.0_2.13-1.10.1.jar with timestamp 1776089353221
[2026-04-13T14:09:16.861+0000] {subprocess.py:106} INFO - 26/04/13 14:09:16 INFO TransportClientFactory: Successfully created connection to spark-master/172.20.0.5:45395 after 68 ms (0 ms spent in bootstraps)
[2026-04-13T14:09:16.877+0000] {subprocess.py:106} INFO - 26/04/13 14:09:16 INFO Utils: Fetching spark://spark-master:45395/jars/org.apache.iceberg_iceberg-spark-runtime-4.0_2.13-1.10.1.jar to /tmp/spark-634a507d-f7a9-42dd-8e30-a56b5cc8c033/userFiles-f4d4f671-e724-4b5a-8c8d-c074767815ee/fetchFileTemp11648634169408940774.tmp
[2026-04-13T14:09:17.541+0000] {subprocess.py:106} INFO - 26/04/13 14:09:17 INFO Utils: /tmp/spark-634a507d-f7a9-42dd-8e30-a56b5cc8c033/userFiles-f4d4f671-e724-4b5a-8c8d-c074767815ee/fetchFileTemp11648634169408940774.tmp has been previously copied to /tmp/spark-634a507d-f7a9-42dd-8e30-a56b5cc8c033/userFiles-f4d4f671-e724-4b5a-8c8d-c074767815ee/org.apache.iceberg_iceberg-spark-runtime-4.0_2.13-1.10.1.jar
[2026-04-13T14:09:17.575+0000] {subprocess.py:106} INFO - 26/04/13 14:09:17 INFO Executor: Adding file:/tmp/spark-634a507d-f7a9-42dd-8e30-a56b5cc8c033/userFiles-f4d4f671-e724-4b5a-8c8d-c074767815ee/org.apache.iceberg_iceberg-spark-runtime-4.0_2.13-1.10.1.jar to class loader default
[2026-04-13T14:09:17.609+0000] {subprocess.py:106} INFO - 26/04/13 14:09:17 INFO Utils: Successfully started service 'org.apache.spark.network.netty.NettyBlockTransferService' on port 40531.
[2026-04-13T14:09:17.610+0000] {subprocess.py:106} INFO - 26/04/13 14:09:17 INFO NettyBlockTransferService: Server created on spark-master:40531
[2026-04-13T14:09:17.615+0000] {subprocess.py:106} INFO - 26/04/13 14:09:17 INFO BlockManager: Using org.apache.spark.storage.RandomBlockReplicationPolicy for block replication policy
[2026-04-13T14:09:17.667+0000] {subprocess.py:106} INFO - 26/04/13 14:09:17 INFO BlockManagerMaster: Registering BlockManager BlockManagerId(driver, spark-master, 40531, None)
[2026-04-13T14:09:17.684+0000] {subprocess.py:106} INFO - 26/04/13 14:09:17 INFO BlockManagerMasterEndpoint: Registering block manager spark-master:40531 with 1048.8 MiB RAM, BlockManagerId(driver, spark-master, 40531, None)
[2026-04-13T14:09:17.692+0000] {subprocess.py:106} INFO - 26/04/13 14:09:17 INFO BlockManagerMaster: Registered BlockManager BlockManagerId(driver, spark-master, 40531, None)
[2026-04-13T14:09:17.695+0000] {subprocess.py:106} INFO - 26/04/13 14:09:17 INFO BlockManager: Initialized BlockManager: BlockManagerId(driver, spark-master, 40531, None)
[2026-04-13T14:09:24.400+0000] {subprocess.py:106} INFO - Đọc dữ liệu Gold từ iceberg.air_quality_ml.air_quality_gold
[2026-04-13T14:09:24.420+0000] {subprocess.py:106} INFO - 26/04/13 14:09:24 INFO SharedState: spark.sql.warehouse.dir is not set, but hive.metastore.warehouse.dir is set. Setting spark.sql.warehouse.dir to the value of hive.metastore.warehouse.dir.
[2026-04-13T14:09:25.080+0000] {subprocess.py:106} INFO - 26/04/13 14:09:25 INFO SharedState: Warehouse path is 'hdfs://23133083thuyvan-master:9000/user/hive/lakehouse'.
[2026-04-13T14:09:27.014+0000] {subprocess.py:106} INFO - 26/04/13 14:09:27 INFO CatalogUtil: Loading custom FileIO implementation: org.apache.iceberg.hadoop.HadoopFileIO
[2026-04-13T14:09:27.151+0000] {subprocess.py:106} INFO - 26/04/13 14:09:27 INFO HiveConf: Found configuration file file:/home/spark/spark/conf/hive-site.xml
[2026-04-13T14:09:27.457+0000] {subprocess.py:106} INFO - 26/04/13 14:09:27 INFO metastore: Trying to connect to metastore with URI thrift://23133083thuyvan-master:9083
[2026-04-13T14:09:27.492+0000] {subprocess.py:106} INFO - 26/04/13 14:09:27 INFO metastore: Opened a connection to metastore, current connections: 1
[2026-04-13T14:09:27.591+0000] {subprocess.py:106} INFO - 26/04/13 14:09:27 INFO metastore: Connected to metastore.
[2026-04-13T14:09:28.038+0000] {subprocess.py:106} INFO - 26/04/13 14:09:28 INFO BaseMetastoreTableOperations: Refreshing table metadata from new version: hdfs://23133083thuyvan-master:9000/user/hive/lakehouse/gold/ml/air_quality_gold/metadata/00011-1209828f-d957-4d31-a3d0-e97f6aa91e88.metadata.json
[2026-04-13T14:09:28.929+0000] {subprocess.py:106} INFO - 26/04/13 14:09:28 INFO BaseMetastoreCatalog: Table loaded by catalog: iceberg.air_quality_ml.air_quality_gold
[2026-04-13T14:09:29.577+0000] {subprocess.py:106} INFO - Traceback (most recent call last):
[2026-04-13T14:09:29.578+0000] {subprocess.py:106} INFO -   File "/home/spark/spark/spark_jobs/train_model.py", line 37, in <module>
[2026-04-13T14:09:29.586+0000] {subprocess.py:106} INFO -     train.writeTo("iceberg.air_quality_ml.air_quality_train").overwrite()
[2026-04-13T14:09:29.588+0000] {subprocess.py:106} INFO - TypeError: DataFrameWriterV2.overwrite() missing 1 required positional argument: 'condition'
[2026-04-13T14:09:29.891+0000] {subprocess.py:106} INFO - 26/04/13 14:09:29 INFO SparkContext: Invoking stop() from shutdown hook
[2026-04-13T14:09:29.897+0000] {subprocess.py:106} INFO - 26/04/13 14:09:29 INFO SparkContext: SparkContext is stopping with exitCode 0 from run at Executors.java:572.
[2026-04-13T14:09:29.926+0000] {subprocess.py:106} INFO - 26/04/13 14:09:29 INFO SparkUI: Stopped Spark web UI at http://spark-master:4040
[2026-04-13T14:09:29.954+0000] {subprocess.py:106} INFO - 26/04/13 14:09:29 INFO MapOutputTrackerMasterEndpoint: MapOutputTrackerMasterEndpoint stopped!
[2026-04-13T14:09:29.992+0000] {subprocess.py:106} INFO - 26/04/13 14:09:29 INFO MemoryStore: MemoryStore started with capacity 1048.8 MiB
[2026-04-13T14:09:29.994+0000] {subprocess.py:106} INFO - 26/04/13 14:09:29 INFO MemoryStore: MemoryStore cleared
[2026-04-13T14:09:29.995+0000] {subprocess.py:106} INFO - 26/04/13 14:09:29 INFO BlockManager: BlockManager stopped
[2026-04-13T14:09:30.008+0000] {subprocess.py:106} INFO - 26/04/13 14:09:30 INFO BlockManagerMaster: BlockManagerMaster stopped
[2026-04-13T14:09:30.011+0000] {subprocess.py:106} INFO - 26/04/13 14:09:30 INFO OutputCommitCoordinator$OutputCommitCoordinatorEndpoint: OutputCommitCoordinator stopped!
[2026-04-13T14:09:30.045+0000] {subprocess.py:106} INFO - 26/04/13 14:09:30 INFO SparkContext: Successfully stopped SparkContext
[2026-04-13T14:09:30.047+0000] {subprocess.py:106} INFO - 26/04/13 14:09:30 INFO ShutdownHookManager: Shutdown hook called
[2026-04-13T14:09:30.048+0000] {subprocess.py:106} INFO - 26/04/13 14:09:30 INFO ShutdownHookManager: Deleting directory /tmp/spark-634a507d-f7a9-42dd-8e30-a56b5cc8c033
[2026-04-13T14:09:30.057+0000] {subprocess.py:106} INFO - 26/04/13 14:09:30 INFO ShutdownHookManager: Deleting directory /tmp/spark-634a507d-f7a9-42dd-8e30-a56b5cc8c033/pyspark-480147f5-0dda-44f1-923f-dd3f0bb51b88
[2026-04-13T14:09:30.070+0000] {subprocess.py:106} INFO - 26/04/13 14:09:30 INFO ShutdownHookManager: Deleting directory /tmp/spark-72987859-7fde-4852-8d6e-b7699a6a49a5
[2026-04-13T14:09:30.229+0000] {subprocess.py:110} INFO - Command exited with return code 1
[2026-04-13T14:09:30.281+0000] {taskinstance.py:3311} ERROR - Task failed with exception
Traceback (most recent call last):
  File "/home/airflow/airflow/venv/lib/python3.12/site-packages/airflow/models/taskinstance.py", line 767, in _execute_task
    result = _execute_callable(context=context, **execute_callable_kwargs)
             ^^^^^^^^^^^^^^^^^^^^^^^^^^^^^^^^^^^^^^^^^^^^^^^^^^^^^^^^^^^^^
  File "/home/airflow/airflow/venv/lib/python3.12/site-packages/airflow/models/taskinstance.py", line 733, in _execute_callable
    return ExecutionCallableRunner(
           ^^^^^^^^^^^^^^^^^^^^^^^^
  File "/home/airflow/airflow/venv/lib/python3.12/site-packages/airflow/utils/operator_helpers.py", line 252, in run
    return self.func(*args, **kwargs)
           ^^^^^^^^^^^^^^^^^^^^^^^^^^
  File "/home/airflow/airflow/venv/lib/python3.12/site-packages/airflow/models/baseoperator.py", line 422, in wrapper
    return func(self, *args, **kwargs)
           ^^^^^^^^^^^^^^^^^^^^^^^^^^^
  File "/home/airflow/airflow/venv/lib/python3.12/site-packages/airflow/operators/bash.py", line 276, in execute
    raise AirflowException(
airflow.exceptions.AirflowException: Bash command failed. The command returned a non-zero exit code 1.
[2026-04-13T14:09:30.324+0000] {taskinstance.py:1225} INFO - Marking task as UP_FOR_RETRY. dag_id=predict_aqi, task_id=train_model, run_id=manual__2026-04-13T14:07:37.472149+00:00, execution_date=20260413T140737, start_date=20260413T140900, end_date=20260413T140930
[2026-04-13T14:09:30.465+0000] {taskinstance.py:340} INFO - ::group::Post task execution logs
[2026-04-13T14:09:30.468+0000] {standard_task_runner.py:124} ERROR - Failed to execute job 162 for task train_model (Bash command failed. The command returned a non-zero exit code 1.; 58175)
Traceback (most recent call last):
  File "/home/airflow/airflow/venv/lib/python3.12/site-packages/airflow/task/task_runner/standard_task_runner.py", line 117, in _start_by_fork
    ret = args.func(args, dag=self.dag)
          ^^^^^^^^^^^^^^^^^^^^^^^^^^^^^
  File "/home/airflow/airflow/venv/lib/python3.12/site-packages/airflow/cli/cli_config.py", line 49, in command
    return func(*args, **kwargs)
           ^^^^^^^^^^^^^^^^^^^^^
  File "/home/airflow/airflow/venv/lib/python3.12/site-packages/airflow/utils/cli.py", line 116, in wrapper
    return f(*args, **kwargs)
           ^^^^^^^^^^^^^^^^^^
  File "/home/airflow/airflow/venv/lib/python3.12/site-packages/airflow/cli/commands/task_command.py", line 483, in task_run
    task_return_code = _run_task_by_selected_method(args, _dag, ti)
                       ^^^^^^^^^^^^^^^^^^^^^^^^^^^^^^^^^^^^^^^^^^^^
  File "/home/airflow/airflow/venv/lib/python3.12/site-packages/airflow/cli/commands/task_command.py", line 256, in _run_task_by_selected_method
    return _run_raw_task(args, ti)
           ^^^^^^^^^^^^^^^^^^^^^^^
  File "/home/airflow/airflow/venv/lib/python3.12/site-packages/airflow/cli/commands/task_command.py", line 341, in _run_raw_task
    return ti._run_raw_task(
           ^^^^^^^^^^^^^^^^^
  File "/home/airflow/airflow/venv/lib/python3.12/site-packages/airflow/utils/session.py", line 97, in wrapper
    return func(*args, session=session, **kwargs)
           ^^^^^^^^^^^^^^^^^^^^^^^^^^^^^^^^^^^^^^
  File "/home/airflow/airflow/venv/lib/python3.12/site-packages/airflow/models/taskinstance.py", line 3005, in _run_raw_task
    return _run_raw_task(
           ^^^^^^^^^^^^^^
  File "/home/airflow/airflow/venv/lib/python3.12/site-packages/airflow/models/taskinstance.py", line 273, in _run_raw_task
    TaskInstance._execute_task_with_callbacks(
  File "/home/airflow/airflow/venv/lib/python3.12/site-packages/airflow/models/taskinstance.py", line 3159, in _execute_task_with_callbacks
    result = self._execute_task(context, task_orig)
             ^^^^^^^^^^^^^^^^^^^^^^^^^^^^^^^^^^^^^^
  File "/home/airflow/airflow/venv/lib/python3.12/site-packages/airflow/models/taskinstance.py", line 3183, in _execute_task
    return _execute_task(self, context, task_orig)
           ^^^^^^^^^^^^^^^^^^^^^^^^^^^^^^^^^^^^^^^
  File "/home/airflow/airflow/venv/lib/python3.12/site-packages/airflow/models/taskinstance.py", line 767, in _execute_task
    result = _execute_callable(context=context, **execute_callable_kwargs)
             ^^^^^^^^^^^^^^^^^^^^^^^^^^^^^^^^^^^^^^^^^^^^^^^^^^^^^^^^^^^^^
  File "/home/airflow/airflow/venv/lib/python3.12/site-packages/airflow/models/taskinstance.py", line 733, in _execute_callable
    return ExecutionCallableRunner(
           ^^^^^^^^^^^^^^^^^^^^^^^^
  File "/home/airflow/airflow/venv/lib/python3.12/site-packages/airflow/utils/operator_helpers.py", line 252, in run
    return self.func(*args, **kwargs)
           ^^^^^^^^^^^^^^^^^^^^^^^^^^
  File "/home/airflow/airflow/venv/lib/python3.12/site-packages/airflow/models/baseoperator.py", line 422, in wrapper
    return func(self, *args, **kwargs)
           ^^^^^^^^^^^^^^^^^^^^^^^^^^^
  File "/home/airflow/airflow/venv/lib/python3.12/site-packages/airflow/operators/bash.py", line 276, in execute
    raise AirflowException(
airflow.exceptions.AirflowException: Bash command failed. The command returned a non-zero exit code 1.
[2026-04-13T14:09:30.488+0000] {local_task_job_runner.py:266} INFO - Task exited with return code 1
[2026-04-13T14:09:30.538+0000] {taskinstance.py:3895} INFO - 0 downstream tasks scheduled from follow-on schedule check
[2026-04-13T14:09:30.543+0000] {local_task_job_runner.py:245} INFO - ::endgroup::
