[2026-04-13T13:05:05.717+0000] {local_task_job_runner.py:123} INFO - ::group::Pre task execution logs
[2026-04-13T13:05:05.751+0000] {taskinstance.py:2613} INFO - Dependencies all met for dep_context=non-requeueable deps ti=<TaskInstance: predict_aqi.wait_for_silver_data manual__2026-04-13T13:05:03.915853+00:00 [queued]>
[2026-04-13T13:05:05.760+0000] {taskinstance.py:2613} INFO - Dependencies all met for dep_context=requeueable deps ti=<TaskInstance: predict_aqi.wait_for_silver_data manual__2026-04-13T13:05:03.915853+00:00 [queued]>
[2026-04-13T13:05:05.761+0000] {taskinstance.py:2866} INFO - Starting attempt 1 of 3
[2026-04-13T13:05:05.777+0000] {taskinstance.py:2889} INFO - Executing <Task(BashSensor): wait_for_silver_data> on 2026-04-13 13:05:03.915853+00:00
[2026-04-13T13:05:05.786+0000] {standard_task_runner.py:104} INFO - Running: ['airflow', 'tasks', 'run', 'predict_aqi', 'wait_for_silver_data', 'manual__2026-04-13T13:05:03.915853+00:00', '--job-id', '133', '--raw', '--subdir', 'DAGS_FOLDER/dag_ml.py', '--cfg-path', '/tmp/tmp70_1j8kg']
[2026-04-13T13:05:05.788+0000] {standard_task_runner.py:105} INFO - Job 133: Subtask wait_for_silver_data
[2026-04-13T13:05:05.797+0000] {logging_mixin.py:190} WARNING - /home/airflow/airflow/venv/lib/python3.12/site-packages/airflow/task/task_runner/standard_task_runner.py:70 DeprecationWarning: This process (pid=36644) is multi-threaded, use of fork() may lead to deadlocks in the child.
[2026-04-13T13:05:05.799+0000] {standard_task_runner.py:72} INFO - Started process 36667 to run task
[2026-04-13T13:05:05.866+0000] {task_command.py:467} INFO - Running <TaskInstance: predict_aqi.wait_for_silver_data manual__2026-04-13T13:05:03.915853+00:00 [running]> on host airflow
[2026-04-13T13:05:05.993+0000] {taskinstance.py:3132} INFO - Exporting env vars: AIRFLOW_CTX_DAG_OWNER='airflow' AIRFLOW_CTX_DAG_ID='predict_aqi' AIRFLOW_CTX_TASK_ID='wait_for_silver_data' AIRFLOW_CTX_EXECUTION_DATE='2026-04-13T13:05:03.915853+00:00' AIRFLOW_CTX_TRY_NUMBER='1' AIRFLOW_CTX_DAG_RUN_ID='manual__2026-04-13T13:05:03.915853+00:00'
[2026-04-13T13:05:05.995+0000] {taskinstance.py:731} INFO - ::endgroup::
[2026-04-13T13:05:06.016+0000] {bash.py:72} INFO - Tmp dir root location: /tmp
[2026-04-13T13:05:06.021+0000] {bash.py:80} INFO - Temporary script location: /tmp/airflowtmpbqyqlrwr//tmp/airflowtmpbqyqlrwr/wait_for_silver_data4odtq16z
[2026-04-13T13:05:06.022+0000] {bash.py:81} INFO - Running command: 
        count=$(docker exec trino trino --execute "
            SELECT COUNT(*) FROM iceberg.air_quality_db.air_quality_silver;
        " | tail -n 1 | tr -d '"[:space:]')

        echo "Record count: $count"

        if [ "$count" -gt 0 ]; then
            exit 0
        else
            exit 1
        fi
        
[2026-04-13T13:05:06.049+0000] {bash.py:93} INFO - Output:
[2026-04-13T13:05:09.956+0000] {bash.py:95} INFO - Record count: 100
[2026-04-13T13:05:09.958+0000] {bash.py:97} INFO - Command exited with return code 0
[2026-04-13T13:05:09.962+0000] {base.py:336} INFO - Success criteria met. Exiting.
[2026-04-13T13:05:10.001+0000] {taskinstance.py:340} INFO - ::group::Post task execution logs
[2026-04-13T13:05:10.002+0000] {taskinstance.py:352} INFO - Marking task as SUCCESS. dag_id=predict_aqi, task_id=wait_for_silver_data, run_id=manual__2026-04-13T13:05:03.915853+00:00, execution_date=20260413T130503, start_date=20260413T130505, end_date=20260413T130510
[2026-04-13T13:05:10.042+0000] {local_task_job_runner.py:266} INFO - Task exited with return code 0
[2026-04-13T13:05:10.104+0000] {taskinstance.py:3895} INFO - 1 downstream tasks scheduled from follow-on schedule check
[2026-04-13T13:05:10.108+0000] {local_task_job_runner.py:245} INFO - ::endgroup::
