[2026-04-14T02:59:01.767+0000] {local_task_job_runner.py:123} INFO - ::group::Pre task execution logs
[2026-04-14T02:59:01.866+0000] {taskinstance.py:2613} INFO - Dependencies all met for dep_context=non-requeueable deps ti=<TaskInstance: predict_aqi.train_model scheduled__2026-04-13T14:00:00+00:00 [queued]>
[2026-04-14T02:59:01.929+0000] {taskinstance.py:2613} INFO - Dependencies all met for dep_context=requeueable deps ti=<TaskInstance: predict_aqi.train_model scheduled__2026-04-13T14:00:00+00:00 [queued]>
[2026-04-14T02:59:01.935+0000] {taskinstance.py:2866} INFO - Starting attempt 3 of 3
[2026-04-14T02:59:02.020+0000] {taskinstance.py:2889} INFO - Executing <Task(BashOperator): train_model> on 2026-04-13 14:00:00+00:00
[2026-04-14T02:59:02.053+0000] {logging_mixin.py:190} WARNING - /home/airflow/airflow/venv/lib/python3.12/site-packages/airflow/task/task_runner/standard_task_runner.py:70 DeprecationWarning: This process (pid=176) is multi-threaded, use of fork() may lead to deadlocks in the child.
[2026-04-14T02:59:02.052+0000] {standard_task_runner.py:104} INFO - Running: ['airflow', 'tasks', 'run', 'predict_aqi', 'train_model', 'scheduled__2026-04-13T14:00:00+00:00', '--job-id', '233', '--raw', '--subdir', 'DAGS_FOLDER/dag_ml.py', '--cfg-path', '/tmp/tmpatbfhdw3']
[2026-04-14T02:59:02.057+0000] {standard_task_runner.py:72} INFO - Started process 215 to run task
[2026-04-14T02:59:02.063+0000] {standard_task_runner.py:105} INFO - Job 233: Subtask train_model
[2026-04-14T02:59:02.627+0000] {task_command.py:467} INFO - Running <TaskInstance: predict_aqi.train_model scheduled__2026-04-13T14:00:00+00:00 [running]> on host airflow
[2026-04-14T02:59:03.193+0000] {taskinstance.py:3132} INFO - Exporting env vars: AIRFLOW_CTX_DAG_OWNER='airflow' AIRFLOW_CTX_DAG_ID='predict_aqi' AIRFLOW_CTX_TASK_ID='train_model' AIRFLOW_CTX_EXECUTION_DATE='2026-04-13T14:00:00+00:00' AIRFLOW_CTX_TRY_NUMBER='3' AIRFLOW_CTX_DAG_RUN_ID='scheduled__2026-04-13T14:00:00+00:00'
[2026-04-14T02:59:03.208+0000] {taskinstance.py:731} INFO - ::endgroup::
[2026-04-14T02:59:03.317+0000] {subprocess.py:78} INFO - Tmp dir root location: /tmp
[2026-04-14T02:59:03.330+0000] {subprocess.py:88} INFO - Running command: ['/usr/bin/bash', '-c', '\n            docker exec spark-master spark-submit                 --conf spark.pyspark.python=python3                 --packages org.apache.iceberg:iceberg-spark-runtime-4.0_2.13:1.10.1                 /home/spark/spark/spark_jobs/train_model.py 2026-04-13\n        ']
[2026-04-14T02:59:03.364+0000] {subprocess.py:99} INFO - Output:
[2026-04-14T02:59:06.717+0000] {subprocess.py:106} INFO - WARNING: Using incubator modules: jdk.incubator.vector
[2026-04-14T02:59:27.444+0000] {subprocess.py:106} INFO - :: loading settings :: url = jar:file:/home/spark/spark/jars/ivy-2.5.3.jar!/org/apache/ivy/core/settings/ivysettings.xml
[2026-04-14T02:59:27.919+0000] {subprocess.py:106} INFO - Ivy Default Cache set to: /home/spark/.ivy2.5.2/cache
[2026-04-14T02:59:27.933+0000] {subprocess.py:106} INFO - The jars for the packages stored in: /home/spark/.ivy2.5.2/jars
[2026-04-14T02:59:28.199+0000] {subprocess.py:106} INFO - org.apache.iceberg#iceberg-spark-runtime-4.0_2.13 added as a dependency
[2026-04-14T02:59:28.214+0000] {subprocess.py:106} INFO - :: resolving dependencies :: org.apache.spark#spark-submit-parent-c03af94c-5258-494c-8bc9-3b61579aae7d;1.0
[2026-04-14T02:59:28.217+0000] {subprocess.py:106} INFO - 	confs: [default]
[2026-04-14T02:59:29.889+0000] {subprocess.py:106} INFO - 	found org.apache.iceberg#iceberg-spark-runtime-4.0_2.13;1.10.1 in spark-list
[2026-04-14T02:59:30.462+0000] {subprocess.py:106} INFO - :: resolution report :: resolve 1940ms :: artifacts dl 288ms
[2026-04-14T02:59:30.472+0000] {subprocess.py:106} INFO - 	:: modules in use:
[2026-04-14T02:59:30.480+0000] {subprocess.py:106} INFO - 	org.apache.iceberg#iceberg-spark-runtime-4.0_2.13;1.10.1 from spark-list in [default]
[2026-04-14T02:59:30.490+0000] {subprocess.py:106} INFO - 	---------------------------------------------------------------------
[2026-04-14T02:59:30.504+0000] {subprocess.py:106} INFO - 	|                  |            modules            ||   artifacts   |
[2026-04-14T02:59:30.506+0000] {subprocess.py:106} INFO - 	|       conf       | number| search|dwnlded|evicted|| number|dwnlded|
[2026-04-14T02:59:30.516+0000] {subprocess.py:106} INFO - 	---------------------------------------------------------------------
[2026-04-14T02:59:30.531+0000] {subprocess.py:106} INFO - 	|      default     |   1   |   0   |   0   |   0   ||   1   |   0   |
[2026-04-14T02:59:30.547+0000] {subprocess.py:106} INFO - 	---------------------------------------------------------------------
[2026-04-14T02:59:30.549+0000] {subprocess.py:106} INFO - 
[2026-04-14T02:59:30.561+0000] {subprocess.py:106} INFO - :: problems summary ::
[2026-04-14T02:59:30.564+0000] {subprocess.py:106} INFO - :::: ERRORS
[2026-04-14T02:59:30.580+0000] {subprocess.py:106} INFO - 	unknown resolver null
[2026-04-14T02:59:30.591+0000] {subprocess.py:106} INFO - 
[2026-04-14T02:59:30.605+0000] {subprocess.py:106} INFO - 	unknown resolver null
[2026-04-14T02:59:30.612+0000] {subprocess.py:106} INFO - 
[2026-04-14T02:59:30.616+0000] {subprocess.py:106} INFO - 
[2026-04-14T02:59:30.626+0000] {subprocess.py:106} INFO - :: USE VERBOSE OR DEBUG MESSAGE LEVEL FOR MORE DETAILS
[2026-04-14T02:59:30.632+0000] {subprocess.py:106} INFO - :: retrieving :: org.apache.spark#spark-submit-parent-c03af94c-5258-494c-8bc9-3b61579aae7d
[2026-04-14T02:59:30.639+0000] {subprocess.py:106} INFO - 	confs: [default]
[2026-04-14T02:59:30.642+0000] {subprocess.py:106} INFO - 	0 artifacts copied, 1 already retrieved (0kB/39ms)
[2026-04-14T02:59:32.928+0000] {subprocess.py:106} INFO - 26/04/14 02:59:32 WARN NativeCodeLoader: Unable to load native-hadoop library for your platform... using builtin-java classes where applicable
[2026-04-14T03:00:11.897+0000] {subprocess.py:106} INFO - Using Spark's default log4j profile: org/apache/spark/log4j2-defaults.properties
[2026-04-14T03:00:12.209+0000] {subprocess.py:106} INFO - 26/04/14 03:00:12 INFO SparkContext: Running Spark version 4.0.2
[2026-04-14T03:00:12.316+0000] {subprocess.py:106} INFO - 26/04/14 03:00:12 INFO SparkContext: OS info Linux, 6.6.87.2-microsoft-standard-WSL2, amd64
[2026-04-14T03:00:12.344+0000] {subprocess.py:106} INFO - 26/04/14 03:00:12 INFO SparkContext: Java version 21.0.10
[2026-04-14T03:00:13.364+0000] {subprocess.py:106} INFO - 26/04/14 03:00:13 INFO ResourceUtils: ==============================================================
[2026-04-14T03:00:13.376+0000] {subprocess.py:106} INFO - 26/04/14 03:00:13 INFO ResourceUtils: No custom resources configured for spark.driver.
[2026-04-14T03:00:13.387+0000] {subprocess.py:106} INFO - 26/04/14 03:00:13 INFO ResourceUtils: ==============================================================
[2026-04-14T03:00:13.395+0000] {subprocess.py:106} INFO - 26/04/14 03:00:13 INFO SparkContext: Submitted application: TrainModel
[2026-04-14T03:00:15.992+0000] {subprocess.py:106} INFO - 26/04/14 03:00:15 INFO ResourceProfile: Default ResourceProfile created, executor resources: Map(cores -> name: cores, amount: 2, script: , vendor: , memory -> name: memory, amount: 2048, script: , vendor: , offHeap -> name: offHeap, amount: 0, script: , vendor: ), task resources: Map(cpus -> name: cpus, amount: 1.0)
[2026-04-14T03:00:16.184+0000] {subprocess.py:106} INFO - 26/04/14 03:00:16 INFO ResourceProfile: Limiting resource is cpus at 2 tasks per executor
[2026-04-14T03:00:16.196+0000] {subprocess.py:106} INFO - 26/04/14 03:00:16 INFO ResourceProfileManager: Added ResourceProfile id: 0
[2026-04-14T03:00:20.976+0000] {subprocess.py:106} INFO - 26/04/14 03:00:20 INFO SecurityManager: Changing view acls to: spark
[2026-04-14T03:00:21.065+0000] {subprocess.py:106} INFO - 26/04/14 03:00:20 INFO SecurityManager: Changing modify acls to: spark
[2026-04-14T03:00:21.077+0000] {subprocess.py:106} INFO - 26/04/14 03:00:20 INFO SecurityManager: Changing view acls groups to: spark
[2026-04-14T03:00:21.112+0000] {subprocess.py:106} INFO - 26/04/14 03:00:20 INFO SecurityManager: Changing modify acls groups to: spark
[2026-04-14T03:00:21.116+0000] {subprocess.py:106} INFO - 26/04/14 03:00:21 INFO SecurityManager: SecurityManager: authentication disabled; ui acls disabled; users with view permissions: spark groups with view permissions: EMPTY; users with modify permissions: spark; groups with modify permissions: EMPTY; RPC SSL disabled
[2026-04-14T03:00:32.205+0000] {subprocess.py:106} INFO - 26/04/14 03:00:32 INFO Utils: Successfully started service 'sparkDriver' on port 44815.
[2026-04-14T03:00:34.295+0000] {subprocess.py:106} INFO - 26/04/14 03:00:34 INFO SparkEnv: Registering MapOutputTracker
[2026-04-14T03:00:34.708+0000] {subprocess.py:106} INFO - 26/04/14 03:00:34 INFO SparkEnv: Registering BlockManagerMaster
[2026-04-14T03:00:34.828+0000] {subprocess.py:106} INFO - 26/04/14 03:00:34 INFO BlockManagerMasterEndpoint: Using org.apache.spark.storage.DefaultTopologyMapper for getting topology information
[2026-04-14T03:00:34.834+0000] {subprocess.py:106} INFO - 26/04/14 03:00:34 INFO BlockManagerMasterEndpoint: BlockManagerMasterEndpoint up
[2026-04-14T03:00:34.851+0000] {subprocess.py:106} INFO - 26/04/14 03:00:34 INFO SparkEnv: Registering BlockManagerMasterHeartbeat
[2026-04-14T03:00:37.220+0000] {subprocess.py:106} INFO - 26/04/14 03:00:37 INFO DiskBlockManager: Created local directory at /tmp/blockmgr-a0b08cbc-9c0f-47c5-938d-e1f36c4147bb
[2026-04-14T03:00:37.696+0000] {subprocess.py:106} INFO - 26/04/14 03:00:37 INFO SparkEnv: Registering OutputCommitCoordinator
[2026-04-14T03:00:40.882+0000] {subprocess.py:106} INFO - 26/04/14 03:00:40 INFO JettyUtils: Start Jetty 0.0.0.0:4040 for SparkUI
[2026-04-14T03:00:42.005+0000] {subprocess.py:106} INFO - 26/04/14 03:00:42 WARN Utils: Service 'SparkUI' could not bind on port 4040. Attempting port 4041.
[2026-04-14T03:00:42.045+0000] {subprocess.py:106} INFO - 26/04/14 03:00:42 WARN Utils: Service 'SparkUI' could not bind on port 4041. Attempting port 4042.
[2026-04-14T03:00:42.054+0000] {subprocess.py:106} INFO - 26/04/14 03:00:42 WARN Utils: Service 'SparkUI' could not bind on port 4042. Attempting port 4043.
[2026-04-14T03:00:42.065+0000] {subprocess.py:106} INFO - 26/04/14 03:00:42 WARN Utils: Service 'SparkUI' could not bind on port 4043. Attempting port 4044.
[2026-04-14T03:00:42.067+0000] {subprocess.py:106} INFO - 26/04/14 03:00:42 WARN Utils: Service 'SparkUI' could not bind on port 4044. Attempting port 4045.
[2026-04-14T03:00:42.072+0000] {subprocess.py:106} INFO - 26/04/14 03:00:42 WARN Utils: Service 'SparkUI' could not bind on port 4045. Attempting port 4046.
[2026-04-14T03:00:42.078+0000] {subprocess.py:106} INFO - 26/04/14 03:00:42 WARN Utils: Service 'SparkUI' could not bind on port 4046. Attempting port 4047.
[2026-04-14T03:00:42.079+0000] {subprocess.py:106} INFO - 26/04/14 03:00:42 WARN Utils: Service 'SparkUI' could not bind on port 4047. Attempting port 4048.
[2026-04-14T03:00:42.086+0000] {subprocess.py:106} INFO - 26/04/14 03:00:42 WARN Utils: Service 'SparkUI' could not bind on port 4048. Attempting port 4049.
[2026-04-14T03:00:42.191+0000] {subprocess.py:106} INFO - 26/04/14 03:00:42 INFO Utils: Successfully started service 'SparkUI' on port 4049.
[2026-04-14T03:00:42.450+0000] {subprocess.py:106} INFO - 26/04/14 03:00:42 INFO SparkContext: Added JAR file:///home/spark/.ivy2.5.2/jars/org.apache.iceberg_iceberg-spark-runtime-4.0_2.13-1.10.1.jar at spark://spark-master:44815/jars/org.apache.iceberg_iceberg-spark-runtime-4.0_2.13-1.10.1.jar with timestamp 1776135610035
[2026-04-14T03:00:42.563+0000] {subprocess.py:106} INFO - 26/04/14 03:00:42 INFO SparkContext: Added file file:///home/spark/.ivy2.5.2/jars/org.apache.iceberg_iceberg-spark-runtime-4.0_2.13-1.10.1.jar at file:///home/spark/.ivy2.5.2/jars/org.apache.iceberg_iceberg-spark-runtime-4.0_2.13-1.10.1.jar with timestamp 1776135610035
[2026-04-14T03:00:42.586+0000] {subprocess.py:106} INFO - 26/04/14 03:00:42 INFO Utils: Copying /home/spark/.ivy2.5.2/jars/org.apache.iceberg_iceberg-spark-runtime-4.0_2.13-1.10.1.jar to /tmp/spark-3308e9fd-e1bc-4104-84bb-d8a2ed811ccf/userFiles-84f710f2-4b37-4757-9d08-44041b7bbd11/org.apache.iceberg_iceberg-spark-runtime-4.0_2.13-1.10.1.jar
[2026-04-14T03:00:46.690+0000] {subprocess.py:106} INFO - 26/04/14 03:00:46 INFO SecurityManager: Changing view acls to: spark
[2026-04-14T03:00:46.709+0000] {subprocess.py:106} INFO - 26/04/14 03:00:46 INFO SecurityManager: Changing modify acls to: spark
[2026-04-14T03:00:46.711+0000] {subprocess.py:106} INFO - 26/04/14 03:00:46 INFO SecurityManager: Changing view acls groups to: spark
[2026-04-14T03:00:46.713+0000] {subprocess.py:106} INFO - 26/04/14 03:00:46 INFO SecurityManager: Changing modify acls groups to: spark
[2026-04-14T03:00:46.714+0000] {subprocess.py:106} INFO - 26/04/14 03:00:46 INFO SecurityManager: SecurityManager: authentication disabled; ui acls disabled; users with view permissions: spark groups with view permissions: EMPTY; users with modify permissions: spark; groups with modify permissions: EMPTY; RPC SSL disabled
[2026-04-14T03:00:48.981+0000] {subprocess.py:106} INFO - 26/04/14 03:00:48 INFO Executor: Starting executor ID driver on host spark-master
[2026-04-14T03:00:48.991+0000] {subprocess.py:106} INFO - 26/04/14 03:00:48 INFO Executor: OS info Linux, 6.6.87.2-microsoft-standard-WSL2, amd64
[2026-04-14T03:00:49.007+0000] {subprocess.py:106} INFO - 26/04/14 03:00:48 INFO Executor: Java version 21.0.10
[2026-04-14T03:00:49.141+0000] {subprocess.py:106} INFO - 26/04/14 03:00:49 INFO Executor: Starting executor with user classpath (userClassPathFirst = false): ''
[2026-04-14T03:00:49.156+0000] {subprocess.py:106} INFO - 26/04/14 03:00:49 INFO Executor: Created or updated repl class loader org.apache.spark.util.MutableURLClassLoader@180ce891 for default.
[2026-04-14T03:00:51.310+0000] {subprocess.py:106} INFO - 26/04/14 03:00:49 INFO Executor: Fetching file:///home/spark/.ivy2.5.2/jars/org.apache.iceberg_iceberg-spark-runtime-4.0_2.13-1.10.1.jar with timestamp 1776135610035
[2026-04-14T03:00:51.313+0000] {subprocess.py:106} INFO - 26/04/14 03:00:49 INFO Utils: /home/spark/.ivy2.5.2/jars/org.apache.iceberg_iceberg-spark-runtime-4.0_2.13-1.10.1.jar has been previously copied to /tmp/spark-3308e9fd-e1bc-4104-84bb-d8a2ed811ccf/userFiles-84f710f2-4b37-4757-9d08-44041b7bbd11/org.apache.iceberg_iceberg-spark-runtime-4.0_2.13-1.10.1.jar
[2026-04-14T03:00:51.318+0000] {subprocess.py:106} INFO - 26/04/14 03:00:49 INFO Executor: Fetching spark://spark-master:44815/jars/org.apache.iceberg_iceberg-spark-runtime-4.0_2.13-1.10.1.jar with timestamp 1776135610035
[2026-04-14T03:00:51.319+0000] {subprocess.py:106} INFO - 26/04/14 03:00:49 INFO TransportClientFactory: Successfully created connection to spark-master/172.20.0.5:44815 after 199 ms (0 ms spent in bootstraps)
[2026-04-14T03:00:51.320+0000] {subprocess.py:106} INFO - 26/04/14 03:00:49 INFO Utils: Fetching spark://spark-master:44815/jars/org.apache.iceberg_iceberg-spark-runtime-4.0_2.13-1.10.1.jar to /tmp/spark-3308e9fd-e1bc-4104-84bb-d8a2ed811ccf/userFiles-84f710f2-4b37-4757-9d08-44041b7bbd11/fetchFileTemp11940959678237697410.tmp
[2026-04-14T03:00:53.893+0000] {subprocess.py:106} INFO - 26/04/14 03:00:53 INFO Utils: /tmp/spark-3308e9fd-e1bc-4104-84bb-d8a2ed811ccf/userFiles-84f710f2-4b37-4757-9d08-44041b7bbd11/fetchFileTemp11940959678237697410.tmp has been previously copied to /tmp/spark-3308e9fd-e1bc-4104-84bb-d8a2ed811ccf/userFiles-84f710f2-4b37-4757-9d08-44041b7bbd11/org.apache.iceberg_iceberg-spark-runtime-4.0_2.13-1.10.1.jar
[2026-04-14T03:00:53.959+0000] {subprocess.py:106} INFO - 26/04/14 03:00:53 INFO Executor: Adding file:/tmp/spark-3308e9fd-e1bc-4104-84bb-d8a2ed811ccf/userFiles-84f710f2-4b37-4757-9d08-44041b7bbd11/org.apache.iceberg_iceberg-spark-runtime-4.0_2.13-1.10.1.jar to class loader default
[2026-04-14T03:00:54.041+0000] {subprocess.py:106} INFO - 26/04/14 03:00:54 INFO Utils: Successfully started service 'org.apache.spark.network.netty.NettyBlockTransferService' on port 34621.
[2026-04-14T03:00:54.044+0000] {subprocess.py:106} INFO - 26/04/14 03:00:54 INFO NettyBlockTransferService: Server created on spark-master:34621
[2026-04-14T03:00:54.063+0000] {subprocess.py:106} INFO - 26/04/14 03:00:54 INFO BlockManager: Using org.apache.spark.storage.RandomBlockReplicationPolicy for block replication policy
[2026-04-14T03:00:54.179+0000] {subprocess.py:106} INFO - 26/04/14 03:00:54 INFO BlockManagerMaster: Registering BlockManager BlockManagerId(driver, spark-master, 34621, None)
[2026-04-14T03:00:54.275+0000] {subprocess.py:106} INFO - 26/04/14 03:00:54 INFO BlockManagerMasterEndpoint: Registering block manager spark-master:34621 with 1048.8 MiB RAM, BlockManagerId(driver, spark-master, 34621, None)
[2026-04-14T03:00:54.379+0000] {subprocess.py:106} INFO - 26/04/14 03:00:54 INFO BlockManagerMaster: Registered BlockManager BlockManagerId(driver, spark-master, 34621, None)
[2026-04-14T03:00:54.387+0000] {subprocess.py:106} INFO - 26/04/14 03:00:54 INFO BlockManager: Initialized BlockManager: BlockManagerId(driver, spark-master, 34621, None)
[2026-04-14T03:04:23.363+0000] {job.py:239} ERROR - Job heartbeat failed with error
Traceback (most recent call last):
  File "/home/airflow/airflow/venv/lib/python3.12/site-packages/sqlalchemy/engine/base.py", line 3371, in _wrap_pool_connect
    return fn()
           ^^^^
  File "/home/airflow/airflow/venv/lib/python3.12/site-packages/sqlalchemy/pool/base.py", line 327, in connect
    return _ConnectionFairy._checkout(self)
           ^^^^^^^^^^^^^^^^^^^^^^^^^^^^^^^^
  File "/home/airflow/airflow/venv/lib/python3.12/site-packages/sqlalchemy/pool/base.py", line 894, in _checkout
    fairy = _ConnectionRecord.checkout(pool)
            ^^^^^^^^^^^^^^^^^^^^^^^^^^^^^^^^
  File "/home/airflow/airflow/venv/lib/python3.12/site-packages/sqlalchemy/pool/base.py", line 493, in checkout
    rec = pool._do_get()
          ^^^^^^^^^^^^^^
  File "/home/airflow/airflow/venv/lib/python3.12/site-packages/sqlalchemy/pool/impl.py", line 256, in _do_get
    return self._create_connection()
           ^^^^^^^^^^^^^^^^^^^^^^^^^
  File "/home/airflow/airflow/venv/lib/python3.12/site-packages/sqlalchemy/pool/base.py", line 273, in _create_connection
    return _ConnectionRecord(self)
           ^^^^^^^^^^^^^^^^^^^^^^^
  File "/home/airflow/airflow/venv/lib/python3.12/site-packages/sqlalchemy/pool/base.py", line 388, in __init__
    self.__connect()
  File "/home/airflow/airflow/venv/lib/python3.12/site-packages/sqlalchemy/pool/base.py", line 690, in __connect
    with util.safe_reraise():
         ^^^^^^^^^^^^^^^^^^^
  File "/home/airflow/airflow/venv/lib/python3.12/site-packages/sqlalchemy/util/langhelpers.py", line 70, in __exit__
    compat.raise_(
  File "/home/airflow/airflow/venv/lib/python3.12/site-packages/sqlalchemy/util/compat.py", line 211, in raise_
    raise exception
  File "/home/airflow/airflow/venv/lib/python3.12/site-packages/sqlalchemy/pool/base.py", line 686, in __connect
    self.dbapi_connection = connection = pool._invoke_creator(self)
                                         ^^^^^^^^^^^^^^^^^^^^^^^^^^
  File "/home/airflow/airflow/venv/lib/python3.12/site-packages/sqlalchemy/engine/create.py", line 574, in connect
    return dialect.connect(*cargs, **cparams)
           ^^^^^^^^^^^^^^^^^^^^^^^^^^^^^^^^^^
  File "/home/airflow/airflow/venv/lib/python3.12/site-packages/sqlalchemy/engine/default.py", line 598, in connect
    return self.dbapi.connect(*cargs, **cparams)
           ^^^^^^^^^^^^^^^^^^^^^^^^^^^^^^^^^^^^^
  File "/home/airflow/airflow/venv/lib/python3.12/site-packages/psycopg2/__init__.py", line 122, in connect
    conn = _connect(dsn, connection_factory=connection_factory, **kwasync)
           ^^^^^^^^^^^^^^^^^^^^^^^^^^^^^^^^^^^^^^^^^^^^^^^^^^^^^^^^^^^^^^^
psycopg2.OperationalError: could not translate host name "***" to address: Temporary failure in name resolution


The above exception was the direct cause of the following exception:

Traceback (most recent call last):
  File "/home/airflow/airflow/venv/lib/python3.12/site-packages/airflow/jobs/job.py", line 207, in heartbeat
    self._merge_from(Job._fetch_from_db(self, session))
                     ^^^^^^^^^^^^^^^^^^^^^^^^^^^^^^^^^
  File "/home/airflow/airflow/venv/lib/python3.12/site-packages/airflow/api_internal/internal_api_call.py", line 166, in wrapper
    return func(*args, **kwargs)
           ^^^^^^^^^^^^^^^^^^^^^
  File "/home/airflow/airflow/venv/lib/python3.12/site-packages/airflow/utils/session.py", line 94, in wrapper
    return func(*args, **kwargs)
           ^^^^^^^^^^^^^^^^^^^^^
  File "/home/airflow/airflow/venv/lib/python3.12/site-packages/airflow/utils/retries.py", line 93, in wrapped_function
    for attempt in run_with_db_retries(max_retries=retries, logger=logger, **retry_kwargs):
                   ^^^^^^^^^^^^^^^^^^^^^^^^^^^^^^^^^^^^^^^^^^^^^^^^^^^^^^^^^^^^^^^^^^^^^^^
  File "/home/airflow/airflow/venv/lib/python3.12/site-packages/tenacity/__init__.py", line 438, in __iter__
    do = self.iter(retry_state=retry_state)
         ^^^^^^^^^^^^^^^^^^^^^^^^^^^^^^^^^^
  File "/home/airflow/airflow/venv/lib/python3.12/site-packages/tenacity/__init__.py", line 371, in iter
    result = action(retry_state)
             ^^^^^^^^^^^^^^^^^^^
  File "/home/airflow/airflow/venv/lib/python3.12/site-packages/tenacity/__init__.py", line 413, in exc_check
    raise retry_exc.reraise()
          ^^^^^^^^^^^^^^^^^^^
  File "/home/airflow/airflow/venv/lib/python3.12/site-packages/tenacity/__init__.py", line 184, in reraise
    raise self.last_attempt.result()
          ^^^^^^^^^^^^^^^^^^^^^^^^^^
  File "/usr/local/lib/python3.12/concurrent/futures/_base.py", line 449, in result
    return self.__get_result()
           ^^^^^^^^^^^^^^^^^^^
  File "/usr/local/lib/python3.12/concurrent/futures/_base.py", line 401, in __get_result
    raise self._exception
  File "/home/airflow/airflow/venv/lib/python3.12/site-packages/airflow/utils/retries.py", line 102, in wrapped_function
    return func(*args, **kwargs)
           ^^^^^^^^^^^^^^^^^^^^^
  File "/home/airflow/airflow/venv/lib/python3.12/site-packages/airflow/jobs/job.py", line 335, in _fetch_from_db
    session.merge(job)
  File "/home/airflow/airflow/venv/lib/python3.12/site-packages/sqlalchemy/orm/session.py", line 3056, in merge
    return self._merge(
           ^^^^^^^^^^^^
  File "/home/airflow/airflow/venv/lib/python3.12/site-packages/sqlalchemy/orm/session.py", line 3136, in _merge
    merged = self.get(
             ^^^^^^^^^
  File "/home/airflow/airflow/venv/lib/python3.12/site-packages/sqlalchemy/orm/session.py", line 2853, in get
    return self._get_impl(
           ^^^^^^^^^^^^^^^
  File "/home/airflow/airflow/venv/lib/python3.12/site-packages/sqlalchemy/orm/session.py", line 2975, in _get_impl
    return db_load_fn(
           ^^^^^^^^^^^
  File "/home/airflow/airflow/venv/lib/python3.12/site-packages/sqlalchemy/orm/loading.py", line 530, in load_on_pk_identity
    session.execute(
  File "/home/airflow/airflow/venv/lib/python3.12/site-packages/sqlalchemy/orm/session.py", line 1716, in execute
    conn = self._connection_for_bind(bind)
           ^^^^^^^^^^^^^^^^^^^^^^^^^^^^^^^
  File "/home/airflow/airflow/venv/lib/python3.12/site-packages/sqlalchemy/orm/session.py", line 1555, in _connection_for_bind
    return self._transaction._connection_for_bind(
           ^^^^^^^^^^^^^^^^^^^^^^^^^^^^^^^^^^^^^^^
  File "/home/airflow/airflow/venv/lib/python3.12/site-packages/sqlalchemy/orm/session.py", line 750, in _connection_for_bind
    conn = bind.connect()
           ^^^^^^^^^^^^^^
  File "/home/airflow/airflow/venv/lib/python3.12/site-packages/sqlalchemy/future/engine.py", line 412, in connect
    return super(Engine, self).connect()
           ^^^^^^^^^^^^^^^^^^^^^^^^^^^^^
  File "/home/airflow/airflow/venv/lib/python3.12/site-packages/sqlalchemy/engine/base.py", line 3325, in connect
    return self._connection_cls(self, close_with_result=close_with_result)
           ^^^^^^^^^^^^^^^^^^^^^^^^^^^^^^^^^^^^^^^^^^^^^^^^^^^^^^^^^^^^^^^
  File "/home/airflow/airflow/venv/lib/python3.12/site-packages/sqlalchemy/engine/base.py", line 96, in __init__
    else engine.raw_connection()
         ^^^^^^^^^^^^^^^^^^^^^^^
  File "/home/airflow/airflow/venv/lib/python3.12/site-packages/sqlalchemy/engine/base.py", line 3404, in raw_connection
    return self._wrap_pool_connect(self.pool.connect, _connection)
           ^^^^^^^^^^^^^^^^^^^^^^^^^^^^^^^^^^^^^^^^^^^^^^^^^^^^^^^
  File "/home/airflow/airflow/venv/lib/python3.12/site-packages/sqlalchemy/engine/base.py", line 3374, in _wrap_pool_connect
    Connection._handle_dbapi_exception_noconnection(
  File "/home/airflow/airflow/venv/lib/python3.12/site-packages/sqlalchemy/engine/base.py", line 2208, in _handle_dbapi_exception_noconnection
    util.raise_(
  File "/home/airflow/airflow/venv/lib/python3.12/site-packages/sqlalchemy/util/compat.py", line 211, in raise_
    raise exception
  File "/home/airflow/airflow/venv/lib/python3.12/site-packages/sqlalchemy/engine/base.py", line 3371, in _wrap_pool_connect
    return fn()
           ^^^^
  File "/home/airflow/airflow/venv/lib/python3.12/site-packages/sqlalchemy/pool/base.py", line 327, in connect
    return _ConnectionFairy._checkout(self)
           ^^^^^^^^^^^^^^^^^^^^^^^^^^^^^^^^
  File "/home/airflow/airflow/venv/lib/python3.12/site-packages/sqlalchemy/pool/base.py", line 894, in _checkout
    fairy = _ConnectionRecord.checkout(pool)
            ^^^^^^^^^^^^^^^^^^^^^^^^^^^^^^^^
  File "/home/airflow/airflow/venv/lib/python3.12/site-packages/sqlalchemy/pool/base.py", line 493, in checkout
    rec = pool._do_get()
          ^^^^^^^^^^^^^^
  File "/home/airflow/airflow/venv/lib/python3.12/site-packages/sqlalchemy/pool/impl.py", line 256, in _do_get
    return self._create_connection()
           ^^^^^^^^^^^^^^^^^^^^^^^^^
  File "/home/airflow/airflow/venv/lib/python3.12/site-packages/sqlalchemy/pool/base.py", line 273, in _create_connection
    return _ConnectionRecord(self)
           ^^^^^^^^^^^^^^^^^^^^^^^
  File "/home/airflow/airflow/venv/lib/python3.12/site-packages/sqlalchemy/pool/base.py", line 388, in __init__
    self.__connect()
  File "/home/airflow/airflow/venv/lib/python3.12/site-packages/sqlalchemy/pool/base.py", line 690, in __connect
    with util.safe_reraise():
         ^^^^^^^^^^^^^^^^^^^
  File "/home/airflow/airflow/venv/lib/python3.12/site-packages/sqlalchemy/util/langhelpers.py", line 70, in __exit__
    compat.raise_(
  File "/home/airflow/airflow/venv/lib/python3.12/site-packages/sqlalchemy/util/compat.py", line 211, in raise_
    raise exception
  File "/home/airflow/airflow/venv/lib/python3.12/site-packages/sqlalchemy/pool/base.py", line 686, in __connect
    self.dbapi_connection = connection = pool._invoke_creator(self)
                                         ^^^^^^^^^^^^^^^^^^^^^^^^^^
  File "/home/airflow/airflow/venv/lib/python3.12/site-packages/sqlalchemy/engine/create.py", line 574, in connect
    return dialect.connect(*cargs, **cparams)
           ^^^^^^^^^^^^^^^^^^^^^^^^^^^^^^^^^^
  File "/home/airflow/airflow/venv/lib/python3.12/site-packages/sqlalchemy/engine/default.py", line 598, in connect
    return self.dbapi.connect(*cargs, **cparams)
           ^^^^^^^^^^^^^^^^^^^^^^^^^^^^^^^^^^^^^
  File "/home/airflow/airflow/venv/lib/python3.12/site-packages/psycopg2/__init__.py", line 122, in connect
    conn = _connect(dsn, connection_factory=connection_factory, **kwasync)
           ^^^^^^^^^^^^^^^^^^^^^^^^^^^^^^^^^^^^^^^^^^^^^^^^^^^^^^^^^^^^^^^
sqlalchemy.exc.OperationalError: (psycopg2.OperationalError) could not translate host name "***" to address: Temporary failure in name resolution

(Background on this error at: https://sqlalche.me/e/14/e3q8)
[2026-04-14T03:07:52.501+0000] {job.py:254} ERROR - Job heartbeat failed with error. Scheduler is in unhealthy state
[2026-04-14T03:07:52.860+0000] {local_task_job_runner.py:228} ERROR - Heartbeat time limit exceeded!
[2026-04-14T03:07:52.876+0000] {local_task_job_runner.py:245} INFO - ::endgroup::
[2026-04-14T03:07:53.098+0000] {process_utils.py:132} INFO - Sending 15 to group 215. PIDs of all processes in the group: [267, 272, 215]
[2026-04-14T03:07:53.202+0000] {process_utils.py:87} INFO - Sending the signal 15 to group 215
[2026-04-14T03:07:53.732+0000] {taskinstance.py:3093} ERROR - Received SIGTERM. Terminating subprocesses.
[2026-04-14T03:07:54.612+0000] {subprocess.py:117} INFO - Sending SIGTERM signal to process group
