[2026-04-13T04:52:36.621+0000] {local_task_job_runner.py:123} INFO - ::group::Pre task execution logs
[2026-04-13T04:52:36.735+0000] {taskinstance.py:2613} INFO - Dependencies all met for dep_context=non-requeueable deps ti=<TaskInstance: weather_real_time_pipeline_v2.start_spark_streaming_job manual__2026-04-13T04:52:29.506989+00:00 [queued]>
[2026-04-13T04:52:36.752+0000] {taskinstance.py:2613} INFO - Dependencies all met for dep_context=requeueable deps ti=<TaskInstance: weather_real_time_pipeline_v2.start_spark_streaming_job manual__2026-04-13T04:52:29.506989+00:00 [queued]>
[2026-04-13T04:52:36.753+0000] {taskinstance.py:2866} INFO - Starting attempt 1 of 4
[2026-04-13T04:52:36.773+0000] {taskinstance.py:2889} INFO - Executing <Task(BashOperator): start_spark_streaming_job> on 2026-04-13 04:52:29.506989+00:00
[2026-04-13T04:52:36.784+0000] {standard_task_runner.py:104} INFO - Running: ['airflow', 'tasks', 'run', 'weather_real_time_pipeline_v2', 'start_spark_streaming_job', 'manual__2026-04-13T04:52:29.506989+00:00', '--job-id', '10', '--raw', '--subdir', 'DAGS_FOLDER/weather_pipeline_dag.py', '--cfg-path', '/tmp/tmphgpwep_q']
[2026-04-13T04:52:36.789+0000] {standard_task_runner.py:105} INFO - Job 10: Subtask start_spark_streaming_job
[2026-04-13T04:52:36.791+0000] {logging_mixin.py:190} WARNING - /home/airflow/airflow/venv/lib/python3.12/site-packages/airflow/task/task_runner/standard_task_runner.py:70 DeprecationWarning: This process (pid=54164) is multi-threaded, use of fork() may lead to deadlocks in the child.
[2026-04-13T04:52:36.792+0000] {standard_task_runner.py:72} INFO - Started process 54188 to run task
[2026-04-13T04:52:36.871+0000] {task_command.py:467} INFO - Running <TaskInstance: weather_real_time_pipeline_v2.start_spark_streaming_job manual__2026-04-13T04:52:29.506989+00:00 [running]> on host airflow
[2026-04-13T04:52:36.995+0000] {taskinstance.py:3132} INFO - Exporting env vars: AIRFLOW_CTX_DAG_OWNER='airflow' AIRFLOW_CTX_DAG_ID='weather_real_time_pipeline_v2' AIRFLOW_CTX_TASK_ID='start_spark_streaming_job' AIRFLOW_CTX_EXECUTION_DATE='2026-04-13T04:52:29.506989+00:00' AIRFLOW_CTX_TRY_NUMBER='1' AIRFLOW_CTX_DAG_RUN_ID='manual__2026-04-13T04:52:29.506989+00:00'
[2026-04-13T04:52:36.997+0000] {taskinstance.py:731} INFO - ::endgroup::
[2026-04-13T04:52:37.013+0000] {subprocess.py:78} INFO - Tmp dir root location: /tmp
[2026-04-13T04:52:37.019+0000] {subprocess.py:88} INFO - Running command: ['/usr/bin/bash', '-c', 'docker exec spark-master spark-submit                 --packages org.apache.spark:spark-sql-kafka-0-10_2.13:4.0.0,org.apache.iceberg:iceberg-spark-runtime-4.0_2.13:1.10.1                 /home/spark/spark/spark_jobs/weather_streaming.py']
[2026-04-13T04:52:37.030+0000] {subprocess.py:99} INFO - Output:
[2026-04-13T04:52:38.387+0000] {subprocess.py:106} INFO - WARNING: Using incubator modules: jdk.incubator.vector
[2026-04-13T04:52:42.095+0000] {subprocess.py:106} INFO - :: loading settings :: url = jar:file:/home/spark/spark/jars/ivy-2.5.3.jar!/org/apache/ivy/core/settings/ivysettings.xml
[2026-04-13T04:52:42.266+0000] {subprocess.py:106} INFO - Ivy Default Cache set to: /home/spark/.ivy2.5.2/cache
[2026-04-13T04:52:42.267+0000] {subprocess.py:106} INFO - The jars for the packages stored in: /home/spark/.ivy2.5.2/jars
[2026-04-13T04:52:42.299+0000] {subprocess.py:106} INFO - org.apache.spark#spark-sql-kafka-0-10_2.13 added as a dependency
[2026-04-13T04:52:42.301+0000] {subprocess.py:106} INFO - org.apache.iceberg#iceberg-spark-runtime-4.0_2.13 added as a dependency
[2026-04-13T04:52:42.310+0000] {subprocess.py:106} INFO - :: resolving dependencies :: org.apache.spark#spark-submit-parent-fb9835fd-9871-43cc-a676-c7764ca33c58;1.0
[2026-04-13T04:52:42.311+0000] {subprocess.py:106} INFO - 	confs: [default]
[2026-04-13T04:52:45.350+0000] {subprocess.py:106} INFO - 	found org.apache.iceberg#iceberg-spark-runtime-4.0_2.13;1.10.1 in central
[2026-04-13T04:52:45.429+0000] {subprocess.py:106} INFO - downloading https://repo1.maven.org/maven2/org/apache/iceberg/iceberg-spark-runtime-4.0_2.13/1.10.1/iceberg-spark-runtime-4.0_2.13-1.10.1.jar ...
[2026-04-13T04:53:23.308+0000] {subprocess.py:106} INFO - 	[SUCCESSFUL ] org.apache.iceberg#iceberg-spark-runtime-4.0_2.13;1.10.1!iceberg-spark-runtime-4.0_2.13.jar (37940ms)
[2026-04-13T04:53:23.311+0000] {subprocess.py:106} INFO - :: resolution report :: resolve 3053ms :: artifacts dl 37945ms
[2026-04-13T04:53:23.313+0000] {subprocess.py:106} INFO - 	:: modules in use:
[2026-04-13T04:53:23.314+0000] {subprocess.py:106} INFO - 	org.apache.iceberg#iceberg-spark-runtime-4.0_2.13;1.10.1 from central in [default]
[2026-04-13T04:53:23.315+0000] {subprocess.py:106} INFO - 	---------------------------------------------------------------------
[2026-04-13T04:53:23.316+0000] {subprocess.py:106} INFO - 	|                  |            modules            ||   artifacts   |
[2026-04-13T04:53:23.316+0000] {subprocess.py:106} INFO - 	|       conf       | number| search|dwnlded|evicted|| number|dwnlded|
[2026-04-13T04:53:23.317+0000] {subprocess.py:106} INFO - 	---------------------------------------------------------------------
[2026-04-13T04:53:23.318+0000] {subprocess.py:106} INFO - 	|      default     |   2   |   1   |   1   |   0   ||   1   |   1   |
[2026-04-13T04:53:23.318+0000] {subprocess.py:106} INFO - 	---------------------------------------------------------------------
[2026-04-13T04:53:23.322+0000] {subprocess.py:106} INFO - 
[2026-04-13T04:53:23.323+0000] {subprocess.py:106} INFO - :: problems summary ::
[2026-04-13T04:53:23.324+0000] {subprocess.py:106} INFO - :::: WARNINGS
[2026-04-13T04:53:23.326+0000] {subprocess.py:106} INFO - 	problem while downloading module descriptor: https://repo1.maven.org/maven2/org/apache/spark/spark-sql-kafka-0-10_2.13/4.0.0/spark-sql-kafka-0-10_2.13-4.0.0.pom: impossible to move part file to definitive one: /home/spark/.ivy2.5.2/cache/org.apache.spark/spark-sql-kafka-0-10_2.13/ivy-4.0.0.xml.original.part -> /home/spark/.ivy2.5.2/cache/org.apache.spark/spark-sql-kafka-0-10_2.13/ivy-4.0.0.xml.original (89ms)
[2026-04-13T04:53:23.329+0000] {subprocess.py:106} INFO - 
[2026-04-13T04:53:23.331+0000] {subprocess.py:106} INFO - 		module not found: org.apache.spark#spark-sql-kafka-0-10_2.13;4.0.0
[2026-04-13T04:53:23.332+0000] {subprocess.py:106} INFO - 
[2026-04-13T04:53:23.333+0000] {subprocess.py:106} INFO - 	==== local-m2-cache: tried
[2026-04-13T04:53:23.333+0000] {subprocess.py:106} INFO - 
[2026-04-13T04:53:23.334+0000] {subprocess.py:106} INFO - 	  file:/home/spark/.m2/repository/org/apache/spark/spark-sql-kafka-0-10_2.13/4.0.0/spark-sql-kafka-0-10_2.13-4.0.0.pom
[2026-04-13T04:53:23.335+0000] {subprocess.py:106} INFO - 
[2026-04-13T04:53:23.335+0000] {subprocess.py:106} INFO - 	  -- artifact org.apache.spark#spark-sql-kafka-0-10_2.13;4.0.0!spark-sql-kafka-0-10_2.13.jar:
[2026-04-13T04:53:23.336+0000] {subprocess.py:106} INFO - 
[2026-04-13T04:53:23.337+0000] {subprocess.py:106} INFO - 	  file:/home/spark/.m2/repository/org/apache/spark/spark-sql-kafka-0-10_2.13/4.0.0/spark-sql-kafka-0-10_2.13-4.0.0.jar
[2026-04-13T04:53:23.337+0000] {subprocess.py:106} INFO - 
[2026-04-13T04:53:23.338+0000] {subprocess.py:106} INFO - 	==== local-ivy-cache: tried
[2026-04-13T04:53:23.338+0000] {subprocess.py:106} INFO - 
[2026-04-13T04:53:23.339+0000] {subprocess.py:106} INFO - 	  /home/spark/.ivy2.5.2/local/org.apache.spark/spark-sql-kafka-0-10_2.13/4.0.0/ivys/ivy.xml
[2026-04-13T04:53:23.339+0000] {subprocess.py:106} INFO - 
[2026-04-13T04:53:23.340+0000] {subprocess.py:106} INFO - 	  -- artifact org.apache.spark#spark-sql-kafka-0-10_2.13;4.0.0!spark-sql-kafka-0-10_2.13.jar:
[2026-04-13T04:53:23.340+0000] {subprocess.py:106} INFO - 
[2026-04-13T04:53:23.341+0000] {subprocess.py:106} INFO - 	  /home/spark/.ivy2.5.2/local/org.apache.spark/spark-sql-kafka-0-10_2.13/4.0.0/jars/spark-sql-kafka-0-10_2.13.jar
[2026-04-13T04:53:23.341+0000] {subprocess.py:106} INFO - 
[2026-04-13T04:53:23.342+0000] {subprocess.py:106} INFO - 	==== central: tried
[2026-04-13T04:53:23.343+0000] {subprocess.py:106} INFO - 
[2026-04-13T04:53:23.343+0000] {subprocess.py:106} INFO - 	  https://repo1.maven.org/maven2/org/apache/spark/spark-sql-kafka-0-10_2.13/4.0.0/spark-sql-kafka-0-10_2.13-4.0.0.pom
[2026-04-13T04:53:23.344+0000] {subprocess.py:106} INFO - 
[2026-04-13T04:53:23.345+0000] {subprocess.py:106} INFO - 	==== spark-packages: tried
[2026-04-13T04:53:23.345+0000] {subprocess.py:106} INFO - 
[2026-04-13T04:53:23.346+0000] {subprocess.py:106} INFO - 	  https://repos.spark-packages.org/org/apache/spark/spark-sql-kafka-0-10_2.13/4.0.0/spark-sql-kafka-0-10_2.13-4.0.0.pom
[2026-04-13T04:53:23.346+0000] {subprocess.py:106} INFO - 
[2026-04-13T04:53:23.347+0000] {subprocess.py:106} INFO - 	  -- artifact org.apache.spark#spark-sql-kafka-0-10_2.13;4.0.0!spark-sql-kafka-0-10_2.13.jar:
[2026-04-13T04:53:23.348+0000] {subprocess.py:106} INFO - 
[2026-04-13T04:53:23.348+0000] {subprocess.py:106} INFO - 	  https://repos.spark-packages.org/org/apache/spark/spark-sql-kafka-0-10_2.13/4.0.0/spark-sql-kafka-0-10_2.13-4.0.0.jar
[2026-04-13T04:53:23.349+0000] {subprocess.py:106} INFO - 
[2026-04-13T04:53:23.349+0000] {subprocess.py:106} INFO - 		::::::::::::::::::::::::::::::::::::::::::::::
[2026-04-13T04:53:23.352+0000] {subprocess.py:106} INFO - 
[2026-04-13T04:53:23.353+0000] {subprocess.py:106} INFO - 		::          UNRESOLVED DEPENDENCIES         ::
[2026-04-13T04:53:23.353+0000] {subprocess.py:106} INFO - 
[2026-04-13T04:53:23.354+0000] {subprocess.py:106} INFO - 		::::::::::::::::::::::::::::::::::::::::::::::
[2026-04-13T04:53:23.354+0000] {subprocess.py:106} INFO - 
[2026-04-13T04:53:23.355+0000] {subprocess.py:106} INFO - 		:: org.apache.spark#spark-sql-kafka-0-10_2.13;4.0.0: not found
[2026-04-13T04:53:23.355+0000] {subprocess.py:106} INFO - 
[2026-04-13T04:53:23.356+0000] {subprocess.py:106} INFO - 		::::::::::::::::::::::::::::::::::::::::::::::
[2026-04-13T04:53:23.356+0000] {subprocess.py:106} INFO - 
[2026-04-13T04:53:23.357+0000] {subprocess.py:106} INFO - 
[2026-04-13T04:53:23.357+0000] {subprocess.py:106} INFO - 
[2026-04-13T04:53:23.358+0000] {subprocess.py:106} INFO - :: USE VERBOSE OR DEBUG MESSAGE LEVEL FOR MORE DETAILS
[2026-04-13T04:53:23.358+0000] {subprocess.py:106} INFO - Exception in thread "main" java.lang.RuntimeException: [unresolved dependency: org.apache.spark#spark-sql-kafka-0-10_2.13;4.0.0: not found]
[2026-04-13T04:53:23.360+0000] {subprocess.py:106} INFO - 	at org.apache.spark.util.MavenUtils$.resolveMavenCoordinates(MavenUtils.scala:540)
[2026-04-13T04:53:23.362+0000] {subprocess.py:106} INFO - 	at org.apache.spark.util.DependencyUtils$.resolveMavenDependencies(DependencyUtils.scala:123)
[2026-04-13T04:53:23.362+0000] {subprocess.py:106} INFO - 	at org.apache.spark.deploy.SparkSubmit.prepareSubmitEnvironment(SparkSubmit.scala:341)
[2026-04-13T04:53:23.363+0000] {subprocess.py:106} INFO - 	at org.apache.spark.deploy.SparkSubmit.org$apache$spark$deploy$SparkSubmit$$runMain(SparkSubmit.scala:961)
[2026-04-13T04:53:23.364+0000] {subprocess.py:106} INFO - 	at org.apache.spark.deploy.SparkSubmit.doRunMain$1(SparkSubmit.scala:204)
[2026-04-13T04:53:23.364+0000] {subprocess.py:106} INFO - 	at org.apache.spark.deploy.SparkSubmit.submit(SparkSubmit.scala:227)
[2026-04-13T04:53:23.365+0000] {subprocess.py:106} INFO - 	at org.apache.spark.deploy.SparkSubmit.doSubmit(SparkSubmit.scala:96)
[2026-04-13T04:53:23.366+0000] {subprocess.py:106} INFO - 	at org.apache.spark.deploy.SparkSubmit$$anon$2.doSubmit(SparkSubmit.scala:1132)
[2026-04-13T04:53:23.368+0000] {subprocess.py:106} INFO - 	at org.apache.spark.deploy.SparkSubmit$.main(SparkSubmit.scala:1141)
[2026-04-13T04:53:23.369+0000] {subprocess.py:106} INFO - 	at org.apache.spark.deploy.SparkSubmit.main(SparkSubmit.scala)
[2026-04-13T04:53:23.370+0000] {subprocess.py:110} INFO - Command exited with return code 1
[2026-04-13T04:53:23.399+0000] {taskinstance.py:3311} ERROR - Task failed with exception
Traceback (most recent call last):
  File "/home/airflow/airflow/venv/lib/python3.12/site-packages/airflow/models/taskinstance.py", line 767, in _execute_task
    result = _execute_callable(context=context, **execute_callable_kwargs)
             ^^^^^^^^^^^^^^^^^^^^^^^^^^^^^^^^^^^^^^^^^^^^^^^^^^^^^^^^^^^^^
  File "/home/airflow/airflow/venv/lib/python3.12/site-packages/airflow/models/taskinstance.py", line 733, in _execute_callable
    return ExecutionCallableRunner(
           ^^^^^^^^^^^^^^^^^^^^^^^^
  File "/home/airflow/airflow/venv/lib/python3.12/site-packages/airflow/utils/operator_helpers.py", line 252, in run
    return self.func(*args, **kwargs)
           ^^^^^^^^^^^^^^^^^^^^^^^^^^
  File "/home/airflow/airflow/venv/lib/python3.12/site-packages/airflow/models/baseoperator.py", line 422, in wrapper
    return func(self, *args, **kwargs)
           ^^^^^^^^^^^^^^^^^^^^^^^^^^^
  File "/home/airflow/airflow/venv/lib/python3.12/site-packages/airflow/operators/bash.py", line 276, in execute
    raise AirflowException(
airflow.exceptions.AirflowException: Bash command failed. The command returned a non-zero exit code 1.
[2026-04-13T04:53:23.442+0000] {taskinstance.py:1225} INFO - Marking task as UP_FOR_RETRY. dag_id=weather_real_time_pipeline_v2, task_id=start_spark_streaming_job, run_id=manual__2026-04-13T04:52:29.506989+00:00, execution_date=20260413T045229, start_date=20260413T045236, end_date=20260413T045323
[2026-04-13T04:53:23.486+0000] {taskinstance.py:340} INFO - ::group::Post task execution logs
[2026-04-13T04:53:23.488+0000] {standard_task_runner.py:124} ERROR - Failed to execute job 10 for task start_spark_streaming_job (Bash command failed. The command returned a non-zero exit code 1.; 54188)
Traceback (most recent call last):
  File "/home/airflow/airflow/venv/lib/python3.12/site-packages/airflow/task/task_runner/standard_task_runner.py", line 117, in _start_by_fork
    ret = args.func(args, dag=self.dag)
          ^^^^^^^^^^^^^^^^^^^^^^^^^^^^^
  File "/home/airflow/airflow/venv/lib/python3.12/site-packages/airflow/cli/cli_config.py", line 49, in command
    return func(*args, **kwargs)
           ^^^^^^^^^^^^^^^^^^^^^
  File "/home/airflow/airflow/venv/lib/python3.12/site-packages/airflow/utils/cli.py", line 116, in wrapper
    return f(*args, **kwargs)
           ^^^^^^^^^^^^^^^^^^
  File "/home/airflow/airflow/venv/lib/python3.12/site-packages/airflow/cli/commands/task_command.py", line 483, in task_run
    task_return_code = _run_task_by_selected_method(args, _dag, ti)
                       ^^^^^^^^^^^^^^^^^^^^^^^^^^^^^^^^^^^^^^^^^^^^
  File "/home/airflow/airflow/venv/lib/python3.12/site-packages/airflow/cli/commands/task_command.py", line 256, in _run_task_by_selected_method
    return _run_raw_task(args, ti)
           ^^^^^^^^^^^^^^^^^^^^^^^
  File "/home/airflow/airflow/venv/lib/python3.12/site-packages/airflow/cli/commands/task_command.py", line 341, in _run_raw_task
    return ti._run_raw_task(
           ^^^^^^^^^^^^^^^^^
  File "/home/airflow/airflow/venv/lib/python3.12/site-packages/airflow/utils/session.py", line 97, in wrapper
    return func(*args, session=session, **kwargs)
           ^^^^^^^^^^^^^^^^^^^^^^^^^^^^^^^^^^^^^^
  File "/home/airflow/airflow/venv/lib/python3.12/site-packages/airflow/models/taskinstance.py", line 3005, in _run_raw_task
    return _run_raw_task(
           ^^^^^^^^^^^^^^
  File "/home/airflow/airflow/venv/lib/python3.12/site-packages/airflow/models/taskinstance.py", line 273, in _run_raw_task
    TaskInstance._execute_task_with_callbacks(
  File "/home/airflow/airflow/venv/lib/python3.12/site-packages/airflow/models/taskinstance.py", line 3159, in _execute_task_with_callbacks
    result = self._execute_task(context, task_orig)
             ^^^^^^^^^^^^^^^^^^^^^^^^^^^^^^^^^^^^^^
  File "/home/airflow/airflow/venv/lib/python3.12/site-packages/airflow/models/taskinstance.py", line 3183, in _execute_task
    return _execute_task(self, context, task_orig)
           ^^^^^^^^^^^^^^^^^^^^^^^^^^^^^^^^^^^^^^^
  File "/home/airflow/airflow/venv/lib/python3.12/site-packages/airflow/models/taskinstance.py", line 767, in _execute_task
    result = _execute_callable(context=context, **execute_callable_kwargs)
             ^^^^^^^^^^^^^^^^^^^^^^^^^^^^^^^^^^^^^^^^^^^^^^^^^^^^^^^^^^^^^
  File "/home/airflow/airflow/venv/lib/python3.12/site-packages/airflow/models/taskinstance.py", line 733, in _execute_callable
    return ExecutionCallableRunner(
           ^^^^^^^^^^^^^^^^^^^^^^^^
  File "/home/airflow/airflow/venv/lib/python3.12/site-packages/airflow/utils/operator_helpers.py", line 252, in run
    return self.func(*args, **kwargs)
           ^^^^^^^^^^^^^^^^^^^^^^^^^^
  File "/home/airflow/airflow/venv/lib/python3.12/site-packages/airflow/models/baseoperator.py", line 422, in wrapper
    return func(self, *args, **kwargs)
           ^^^^^^^^^^^^^^^^^^^^^^^^^^^
  File "/home/airflow/airflow/venv/lib/python3.12/site-packages/airflow/operators/bash.py", line 276, in execute
    raise AirflowException(
airflow.exceptions.AirflowException: Bash command failed. The command returned a non-zero exit code 1.
[2026-04-13T04:53:23.511+0000] {local_task_job_runner.py:266} INFO - Task exited with return code 1
[2026-04-13T04:53:23.550+0000] {taskinstance.py:3895} INFO - 0 downstream tasks scheduled from follow-on schedule check
[2026-04-13T04:53:23.554+0000] {local_task_job_runner.py:245} INFO - ::endgroup::
