[2026-04-13T11:44:06.408+0000] {local_task_job_runner.py:123} INFO - ::group::Pre task execution logs
[2026-04-13T11:44:06.482+0000] {taskinstance.py:2613} INFO - Dependencies all met for dep_context=non-requeueable deps ti=<TaskInstance: weather_real_time_pipeline_v2.start_spark_streaming_job manual__2026-04-13T04:52:29.506989+00:00 [queued]>
[2026-04-13T11:44:06.497+0000] {taskinstance.py:2613} INFO - Dependencies all met for dep_context=requeueable deps ti=<TaskInstance: weather_real_time_pipeline_v2.start_spark_streaming_job manual__2026-04-13T04:52:29.506989+00:00 [queued]>
[2026-04-13T11:44:06.498+0000] {taskinstance.py:2866} INFO - Starting attempt 3 of 4
[2026-04-13T11:44:06.525+0000] {taskinstance.py:2889} INFO - Executing <Task(BashOperator): start_spark_streaming_job> on 2026-04-13 04:52:29.506989+00:00
[2026-04-13T11:44:06.542+0000] {standard_task_runner.py:104} INFO - Running: ['airflow', 'tasks', 'run', 'weather_real_time_pipeline_v2', 'start_spark_streaming_job', 'manual__2026-04-13T04:52:29.506989+00:00', '--job-id', '61', '--raw', '--subdir', 'DAGS_FOLDER/weather_pipeline_dag.py', '--cfg-path', '/tmp/tmp5fmi2uh2']
[2026-04-13T11:44:06.548+0000] {logging_mixin.py:190} WARNING - /home/airflow/airflow/venv/lib/python3.12/site-packages/airflow/task/task_runner/standard_task_runner.py:70 DeprecationWarning: This process (pid=14159) is multi-threaded, use of fork() may lead to deadlocks in the child.
[2026-04-13T11:44:06.549+0000] {standard_task_runner.py:105} INFO - Job 61: Subtask start_spark_streaming_job
[2026-04-13T11:44:06.550+0000] {standard_task_runner.py:72} INFO - Started process 14275 to run task
[2026-04-13T11:44:06.678+0000] {task_command.py:467} INFO - Running <TaskInstance: weather_real_time_pipeline_v2.start_spark_streaming_job manual__2026-04-13T04:52:29.506989+00:00 [running]> on host airflow
[2026-04-13T11:44:06.831+0000] {taskinstance.py:3132} INFO - Exporting env vars: AIRFLOW_CTX_DAG_OWNER='airflow' AIRFLOW_CTX_DAG_ID='weather_real_time_pipeline_v2' AIRFLOW_CTX_TASK_ID='start_spark_streaming_job' AIRFLOW_CTX_EXECUTION_DATE='2026-04-13T04:52:29.506989+00:00' AIRFLOW_CTX_TRY_NUMBER='3' AIRFLOW_CTX_DAG_RUN_ID='manual__2026-04-13T04:52:29.506989+00:00'
[2026-04-13T11:44:06.834+0000] {taskinstance.py:731} INFO - ::endgroup::
[2026-04-13T11:44:06.898+0000] {subprocess.py:78} INFO - Tmp dir root location: /tmp
[2026-04-13T11:44:06.902+0000] {subprocess.py:88} INFO - Running command: ['/usr/bin/bash', '-c', 'docker exec spark-master spark-submit                 --packages org.apache.spark:spark-sql-kafka-0-10_2.13:4.0.0,org.apache.iceberg:iceberg-spark-runtime-4.0_2.13:1.10.1                 /home/spark/spark/spark_jobs/weather_streaming.py']
[2026-04-13T11:44:06.913+0000] {subprocess.py:99} INFO - Output:
[2026-04-13T11:44:08.637+0000] {subprocess.py:106} INFO - WARNING: Using incubator modules: jdk.incubator.vector
[2026-04-13T11:44:11.714+0000] {subprocess.py:106} INFO - :: loading settings :: url = jar:file:/home/spark/spark/jars/ivy-2.5.3.jar!/org/apache/ivy/core/settings/ivysettings.xml
[2026-04-13T11:44:11.886+0000] {subprocess.py:106} INFO - Ivy Default Cache set to: /home/spark/.ivy2.5.2/cache
[2026-04-13T11:44:11.887+0000] {subprocess.py:106} INFO - The jars for the packages stored in: /home/spark/.ivy2.5.2/jars
[2026-04-13T11:44:11.916+0000] {subprocess.py:106} INFO - org.apache.spark#spark-sql-kafka-0-10_2.13 added as a dependency
[2026-04-13T11:44:11.920+0000] {subprocess.py:106} INFO - org.apache.iceberg#iceberg-spark-runtime-4.0_2.13 added as a dependency
[2026-04-13T11:44:11.921+0000] {subprocess.py:106} INFO - :: resolving dependencies :: org.apache.spark#spark-submit-parent-b6c6a498-1e80-45aa-b613-4e712f588ba4;1.0
[2026-04-13T11:44:11.922+0000] {subprocess.py:106} INFO - 	confs: [default]
[2026-04-13T11:44:15.275+0000] {subprocess.py:106} INFO - 	found org.apache.spark#spark-sql-kafka-0-10_2.13;4.0.0 in central
[2026-04-13T11:44:17.429+0000] {subprocess.py:106} INFO - 	found org.scala-lang.modules#scala-parallel-collections_2.13;1.2.0 in central
[2026-04-13T11:44:17.649+0000] {subprocess.py:106} INFO - 	found org.apache.kafka#kafka-clients;3.9.0 in central
[2026-04-13T11:44:17.790+0000] {subprocess.py:106} INFO - 	found org.lz4#lz4-java;1.8.0 in central
[2026-04-13T11:44:17.859+0000] {subprocess.py:106} INFO - 	found org.xerial.snappy#snappy-java;1.1.10.7 in central
[2026-04-13T11:44:18.620+0000] {subprocess.py:106} INFO - 	found org.slf4j#slf4j-api;2.0.16 in central
[2026-04-13T11:44:18.775+0000] {subprocess.py:106} INFO - 	found com.google.code.findbugs#jsr305;3.0.0 in central
[2026-04-13T11:44:21.357+0000] {subprocess.py:106} INFO - 	found org.apache.commons#commons-pool2;2.12.0 in central
[2026-04-13T11:44:21.383+0000] {subprocess.py:106} INFO - 	found org.apache.iceberg#iceberg-spark-runtime-4.0_2.13;1.10.1 in central
[2026-04-13T11:44:21.472+0000] {subprocess.py:106} INFO - downloading https://repo1.maven.org/maven2/org/apache/spark/spark-sql-kafka-0-10_2.13/4.0.0/spark-sql-kafka-0-10_2.13-4.0.0.jar ...
[2026-04-13T11:44:21.826+0000] {subprocess.py:106} INFO - 	[SUCCESSFUL ] org.apache.spark#spark-sql-kafka-0-10_2.13;4.0.0!spark-sql-kafka-0-10_2.13.jar (413ms)
[2026-04-13T11:44:21.889+0000] {subprocess.py:106} INFO - downloading https://repo1.maven.org/maven2/org/apache/iceberg/iceberg-spark-runtime-4.0_2.13/1.10.1/iceberg-spark-runtime-4.0_2.13-1.10.1.jar ...
[2026-04-13T11:44:48.790+0000] {subprocess.py:106} INFO - downloading https://repo1.maven.org/maven2/org/scala-lang/modules/scala-parallel-collections_2.13/1.2.0/scala-parallel-collections_2.13-1.2.0.jar ...
[2026-04-13T11:44:49.103+0000] {subprocess.py:106} INFO - 	[SUCCESSFUL ] org.scala-lang.modules#scala-parallel-collections_2.13;1.2.0!scala-parallel-collections_2.13.jar (439ms)
[2026-04-13T11:44:49.175+0000] {subprocess.py:106} INFO - downloading https://repo1.maven.org/maven2/org/apache/kafka/kafka-clients/3.9.0/kafka-clients-3.9.0.jar ...
[2026-04-13T11:44:50.723+0000] {subprocess.py:106} INFO - 	[SUCCESSFUL ] org.apache.kafka#kafka-clients;3.9.0!kafka-clients.jar (1614ms)
[2026-04-13T11:44:50.792+0000] {subprocess.py:106} INFO - downloading https://repo1.maven.org/maven2/com/google/code/findbugs/jsr305/3.0.0/jsr305-3.0.0.jar ...
[2026-04-13T11:44:50.858+0000] {subprocess.py:106} INFO - 	[SUCCESSFUL ] com.google.code.findbugs#jsr305;3.0.0!jsr305.jar (126ms)
[2026-04-13T11:44:50.930+0000] {subprocess.py:106} INFO - downloading https://repo1.maven.org/maven2/org/apache/commons/commons-pool2/2.12.0/commons-pool2-2.12.0.jar ...
[2026-04-13T11:44:51.016+0000] {subprocess.py:106} INFO - 	[SUCCESSFUL ] org.apache.commons#commons-pool2;2.12.0!commons-pool2.jar (140ms)
[2026-04-13T11:44:51.085+0000] {subprocess.py:106} INFO - downloading https://repo1.maven.org/maven2/org/lz4/lz4-java/1.8.0/lz4-java-1.8.0.jar ...
[2026-04-13T11:44:51.193+0000] {subprocess.py:106} INFO - 	[SUCCESSFUL ] org.lz4#lz4-java;1.8.0!lz4-java.jar (171ms)
[2026-04-13T11:44:51.262+0000] {subprocess.py:106} INFO - downloading https://repo1.maven.org/maven2/org/xerial/snappy/snappy-java/1.1.10.7/snappy-java-1.1.10.7.jar ...
[2026-04-13T11:44:51.717+0000] {subprocess.py:106} INFO - 	[SUCCESSFUL ] org.xerial.snappy#snappy-java;1.1.10.7!snappy-java.jar(bundle) (515ms)
[2026-04-13T11:44:51.783+0000] {subprocess.py:106} INFO - downloading https://repo1.maven.org/maven2/org/slf4j/slf4j-api/2.0.16/slf4j-api-2.0.16.jar ...
[2026-04-13T11:44:51.848+0000] {subprocess.py:106} INFO - 	[SUCCESSFUL ] org.slf4j#slf4j-api;2.0.16!slf4j-api.jar (121ms)
[2026-04-13T11:44:51.852+0000] {subprocess.py:106} INFO - :: resolution report :: resolve 9489ms :: artifacts dl 30442ms
[2026-04-13T11:44:51.853+0000] {subprocess.py:106} INFO - 	:: modules in use:
[2026-04-13T11:44:51.860+0000] {subprocess.py:106} INFO - 	com.google.code.findbugs#jsr305;3.0.0 from central in [default]
[2026-04-13T11:44:51.861+0000] {subprocess.py:106} INFO - 	org.apache.commons#commons-pool2;2.12.0 from central in [default]
[2026-04-13T11:44:51.863+0000] {subprocess.py:106} INFO - 	org.apache.iceberg#iceberg-spark-runtime-4.0_2.13;1.10.1 from central in [default]
[2026-04-13T11:44:51.864+0000] {subprocess.py:106} INFO - 	org.apache.kafka#kafka-clients;3.9.0 from central in [default]
[2026-04-13T11:44:51.865+0000] {subprocess.py:106} INFO - 	org.apache.spark#spark-sql-kafka-0-10_2.13;4.0.0 from central in [default]
[2026-04-13T11:44:51.866+0000] {subprocess.py:106} INFO - 	org.lz4#lz4-java;1.8.0 from central in [default]
[2026-04-13T11:44:51.867+0000] {subprocess.py:106} INFO - 	org.scala-lang.modules#scala-parallel-collections_2.13;1.2.0 from central in [default]
[2026-04-13T11:44:51.868+0000] {subprocess.py:106} INFO - 	org.slf4j#slf4j-api;2.0.16 from central in [default]
[2026-04-13T11:44:51.869+0000] {subprocess.py:106} INFO - 	org.xerial.snappy#snappy-java;1.1.10.7 from central in [default]
[2026-04-13T11:44:51.870+0000] {subprocess.py:106} INFO - 	---------------------------------------------------------------------
[2026-04-13T11:44:51.872+0000] {subprocess.py:106} INFO - 	|                  |            modules            ||   artifacts   |
[2026-04-13T11:44:51.873+0000] {subprocess.py:106} INFO - 	|       conf       | number| search|dwnlded|evicted|| number|dwnlded|
[2026-04-13T11:44:51.874+0000] {subprocess.py:106} INFO - 	---------------------------------------------------------------------
[2026-04-13T11:44:51.875+0000] {subprocess.py:106} INFO - 	|      default     |   10  |   5   |   5   |   0   ||   9   |   8   |
[2026-04-13T11:44:51.876+0000] {subprocess.py:106} INFO - 	---------------------------------------------------------------------
[2026-04-13T11:44:51.963+0000] {subprocess.py:106} INFO - 
[2026-04-13T11:44:51.964+0000] {subprocess.py:106} INFO - :: problems summary ::
[2026-04-13T11:44:51.965+0000] {subprocess.py:106} INFO - :::: WARNINGS
[2026-04-13T11:44:51.968+0000] {subprocess.py:106} INFO - 	problem while downloading module descriptor: https://repo1.maven.org/maven2/org/apache/spark/spark-token-provider-kafka-0-10_2.13/4.0.0/spark-token-provider-kafka-0-10_2.13-4.0.0.pom: impossible to move part file to definitive one: /home/spark/.ivy2.5.2/cache/org.apache.spark/spark-token-provider-kafka-0-10_2.13/ivy-4.0.0.xml.original.part -> /home/spark/.ivy2.5.2/cache/org.apache.spark/spark-token-provider-kafka-0-10_2.13/ivy-4.0.0.xml.original (61ms)
[2026-04-13T11:44:51.971+0000] {subprocess.py:106} INFO - 
[2026-04-13T11:44:51.972+0000] {subprocess.py:106} INFO - 		module not found: org.apache.spark#spark-token-provider-kafka-0-10_2.13;4.0.0
[2026-04-13T11:44:51.973+0000] {subprocess.py:106} INFO - 
[2026-04-13T11:44:51.974+0000] {subprocess.py:106} INFO - 	==== local-m2-cache: tried
[2026-04-13T11:44:51.975+0000] {subprocess.py:106} INFO - 
[2026-04-13T11:44:51.977+0000] {subprocess.py:106} INFO - 	  file:/home/spark/.m2/repository/org/apache/spark/spark-token-provider-kafka-0-10_2.13/4.0.0/spark-token-provider-kafka-0-10_2.13-4.0.0.pom
[2026-04-13T11:44:51.979+0000] {subprocess.py:106} INFO - 
[2026-04-13T11:44:51.981+0000] {subprocess.py:106} INFO - 	  -- artifact org.apache.spark#spark-token-provider-kafka-0-10_2.13;4.0.0!spark-token-provider-kafka-0-10_2.13.jar:
[2026-04-13T11:44:51.982+0000] {subprocess.py:106} INFO - 
[2026-04-13T11:44:51.983+0000] {subprocess.py:106} INFO - 	  file:/home/spark/.m2/repository/org/apache/spark/spark-token-provider-kafka-0-10_2.13/4.0.0/spark-token-provider-kafka-0-10_2.13-4.0.0.jar
[2026-04-13T11:44:51.984+0000] {subprocess.py:106} INFO - 
[2026-04-13T11:44:51.984+0000] {subprocess.py:106} INFO - 	  -- artifact org.apache.spark#spark-token-provider-kafka-0-10_2.13;4.0.0!spark-token-provider-kafka-0-10_2.13.jar(test-jar):
[2026-04-13T11:44:51.986+0000] {subprocess.py:106} INFO - 
[2026-04-13T11:44:51.986+0000] {subprocess.py:106} INFO - 	  file:/home/spark/.m2/repository/org/apache/spark/spark-token-provider-kafka-0-10_2.13/4.0.0/spark-token-provider-kafka-0-10_2.13-4.0.0-tests.jar
[2026-04-13T11:44:51.989+0000] {subprocess.py:106} INFO - 
[2026-04-13T11:44:51.990+0000] {subprocess.py:106} INFO - 	==== local-ivy-cache: tried
[2026-04-13T11:44:51.991+0000] {subprocess.py:106} INFO - 
[2026-04-13T11:44:51.992+0000] {subprocess.py:106} INFO - 	  /home/spark/.ivy2.5.2/local/org.apache.spark/spark-token-provider-kafka-0-10_2.13/4.0.0/ivys/ivy.xml
[2026-04-13T11:44:51.994+0000] {subprocess.py:106} INFO - 
[2026-04-13T11:44:51.995+0000] {subprocess.py:106} INFO - 	  -- artifact org.apache.spark#spark-token-provider-kafka-0-10_2.13;4.0.0!spark-token-provider-kafka-0-10_2.13.jar(test-jar):
[2026-04-13T11:44:51.996+0000] {subprocess.py:106} INFO - 
[2026-04-13T11:44:51.998+0000] {subprocess.py:106} INFO - 	  /home/spark/.ivy2.5.2/local/org.apache.spark/spark-token-provider-kafka-0-10_2.13/4.0.0/test-jars/spark-token-provider-kafka-0-10_2.13-tests.jar
[2026-04-13T11:44:52.000+0000] {subprocess.py:106} INFO - 
[2026-04-13T11:44:52.002+0000] {subprocess.py:106} INFO - 	  -- artifact org.apache.spark#spark-token-provider-kafka-0-10_2.13;4.0.0!spark-token-provider-kafka-0-10_2.13.jar:
[2026-04-13T11:44:52.003+0000] {subprocess.py:106} INFO - 
[2026-04-13T11:44:52.005+0000] {subprocess.py:106} INFO - 	  /home/spark/.ivy2.5.2/local/org.apache.spark/spark-token-provider-kafka-0-10_2.13/4.0.0/jars/spark-token-provider-kafka-0-10_2.13.jar
[2026-04-13T11:44:52.006+0000] {subprocess.py:106} INFO - 
[2026-04-13T11:44:52.007+0000] {subprocess.py:106} INFO - 	==== central: tried
[2026-04-13T11:44:52.008+0000] {subprocess.py:106} INFO - 
[2026-04-13T11:44:52.010+0000] {subprocess.py:106} INFO - 	  https://repo1.maven.org/maven2/org/apache/spark/spark-token-provider-kafka-0-10_2.13/4.0.0/spark-token-provider-kafka-0-10_2.13-4.0.0.pom
[2026-04-13T11:44:52.011+0000] {subprocess.py:106} INFO - 
[2026-04-13T11:44:52.014+0000] {subprocess.py:106} INFO - 	==== spark-packages: tried
[2026-04-13T11:44:52.015+0000] {subprocess.py:106} INFO - 
[2026-04-13T11:44:52.016+0000] {subprocess.py:106} INFO - 	  https://repos.spark-packages.org/org/apache/spark/spark-token-provider-kafka-0-10_2.13/4.0.0/spark-token-provider-kafka-0-10_2.13-4.0.0.pom
[2026-04-13T11:44:52.017+0000] {subprocess.py:106} INFO - 
[2026-04-13T11:44:52.019+0000] {subprocess.py:106} INFO - 	  -- artifact org.apache.spark#spark-token-provider-kafka-0-10_2.13;4.0.0!spark-token-provider-kafka-0-10_2.13.jar(test-jar):
[2026-04-13T11:44:52.020+0000] {subprocess.py:106} INFO - 
[2026-04-13T11:44:52.022+0000] {subprocess.py:106} INFO - 	  https://repos.spark-packages.org/org/apache/spark/spark-token-provider-kafka-0-10_2.13/4.0.0/spark-token-provider-kafka-0-10_2.13-4.0.0-tests.jar
[2026-04-13T11:44:52.023+0000] {subprocess.py:106} INFO - 
[2026-04-13T11:44:52.024+0000] {subprocess.py:106} INFO - 	  -- artifact org.apache.spark#spark-token-provider-kafka-0-10_2.13;4.0.0!spark-token-provider-kafka-0-10_2.13.jar:
[2026-04-13T11:44:52.025+0000] {subprocess.py:106} INFO - 
[2026-04-13T11:44:52.027+0000] {subprocess.py:106} INFO - 	  https://repos.spark-packages.org/org/apache/spark/spark-token-provider-kafka-0-10_2.13/4.0.0/spark-token-provider-kafka-0-10_2.13-4.0.0.jar
[2026-04-13T11:44:52.027+0000] {subprocess.py:106} INFO - 
[2026-04-13T11:44:52.029+0000] {subprocess.py:106} INFO - 		[FAILED     ] org.apache.iceberg#iceberg-spark-runtime-4.0_2.13;1.10.1!iceberg-spark-runtime-4.0_2.13.jar: Downloaded file size (0) doesn't match expected Content Length (47083764) for https://repo1.maven.org/maven2/org/apache/iceberg/iceberg-spark-runtime-4.0_2.13/1.10.1/iceberg-spark-runtime-4.0_2.13-1.10.1.jar. Please retry. (26745ms)
[2026-04-13T11:44:52.031+0000] {subprocess.py:106} INFO - 
[2026-04-13T11:44:52.032+0000] {subprocess.py:106} INFO - 		[FAILED     ] org.apache.iceberg#iceberg-spark-runtime-4.0_2.13;1.10.1!iceberg-spark-runtime-4.0_2.13.jar: Downloaded file size (0) doesn't match expected Content Length (47083764) for https://repo1.maven.org/maven2/org/apache/iceberg/iceberg-spark-runtime-4.0_2.13/1.10.1/iceberg-spark-runtime-4.0_2.13-1.10.1.jar. Please retry. (26745ms)
[2026-04-13T11:44:52.034+0000] {subprocess.py:106} INFO - 
[2026-04-13T11:44:52.039+0000] {subprocess.py:106} INFO - 	==== central: tried
[2026-04-13T11:44:52.041+0000] {subprocess.py:106} INFO - 
[2026-04-13T11:44:52.043+0000] {subprocess.py:106} INFO - 	  https://repo1.maven.org/maven2/org/apache/iceberg/iceberg-spark-runtime-4.0_2.13/1.10.1/iceberg-spark-runtime-4.0_2.13-1.10.1.jar
[2026-04-13T11:44:52.045+0000] {subprocess.py:106} INFO - 
[2026-04-13T11:44:52.047+0000] {subprocess.py:106} INFO - 		::::::::::::::::::::::::::::::::::::::::::::::
[2026-04-13T11:44:52.048+0000] {subprocess.py:106} INFO - 
[2026-04-13T11:44:52.049+0000] {subprocess.py:106} INFO - 		::          UNRESOLVED DEPENDENCIES         ::
[2026-04-13T11:44:52.051+0000] {subprocess.py:106} INFO - 
[2026-04-13T11:44:52.052+0000] {subprocess.py:106} INFO - 		::::::::::::::::::::::::::::::::::::::::::::::
[2026-04-13T11:44:52.054+0000] {subprocess.py:106} INFO - 
[2026-04-13T11:44:52.055+0000] {subprocess.py:106} INFO - 		:: org.apache.spark#spark-token-provider-kafka-0-10_2.13;4.0.0: not found
[2026-04-13T11:44:52.056+0000] {subprocess.py:106} INFO - 
[2026-04-13T11:44:52.059+0000] {subprocess.py:106} INFO - 		::::::::::::::::::::::::::::::::::::::::::::::
[2026-04-13T11:44:52.060+0000] {subprocess.py:106} INFO - 
[2026-04-13T11:44:52.060+0000] {subprocess.py:106} INFO - 
[2026-04-13T11:44:52.062+0000] {subprocess.py:106} INFO - 		::::::::::::::::::::::::::::::::::::::::::::::
[2026-04-13T11:44:52.063+0000] {subprocess.py:106} INFO - 
[2026-04-13T11:44:52.063+0000] {subprocess.py:106} INFO - 		::              FAILED DOWNLOADS            ::
[2026-04-13T11:44:52.064+0000] {subprocess.py:106} INFO - 
[2026-04-13T11:44:52.065+0000] {subprocess.py:106} INFO - 		:: ^ see resolution messages for details  ^ ::
[2026-04-13T11:44:52.066+0000] {subprocess.py:106} INFO - 
[2026-04-13T11:44:52.067+0000] {subprocess.py:106} INFO - 		::::::::::::::::::::::::::::::::::::::::::::::
[2026-04-13T11:44:52.069+0000] {subprocess.py:106} INFO - 
[2026-04-13T11:44:52.071+0000] {subprocess.py:106} INFO - 		:: org.apache.iceberg#iceberg-spark-runtime-4.0_2.13;1.10.1!iceberg-spark-runtime-4.0_2.13.jar
[2026-04-13T11:44:52.072+0000] {subprocess.py:106} INFO - 
[2026-04-13T11:44:52.073+0000] {subprocess.py:106} INFO - 		::::::::::::::::::::::::::::::::::::::::::::::
[2026-04-13T11:44:52.074+0000] {subprocess.py:106} INFO - 
[2026-04-13T11:44:52.075+0000] {subprocess.py:106} INFO - 
[2026-04-13T11:44:52.076+0000] {subprocess.py:106} INFO - 
[2026-04-13T11:44:52.077+0000] {subprocess.py:106} INFO - :: USE VERBOSE OR DEBUG MESSAGE LEVEL FOR MORE DETAILS
[2026-04-13T11:44:52.079+0000] {subprocess.py:106} INFO - Exception in thread "main" java.lang.RuntimeException: [unresolved dependency: org.apache.spark#spark-token-provider-kafka-0-10_2.13;4.0.0: not found, download failed: org.apache.iceberg#iceberg-spark-runtime-4.0_2.13;1.10.1!iceberg-spark-runtime-4.0_2.13.jar]
[2026-04-13T11:44:52.080+0000] {subprocess.py:106} INFO - 	at org.apache.spark.util.MavenUtils$.resolveMavenCoordinates(MavenUtils.scala:540)
[2026-04-13T11:44:52.081+0000] {subprocess.py:106} INFO - 	at org.apache.spark.util.DependencyUtils$.resolveMavenDependencies(DependencyUtils.scala:123)
[2026-04-13T11:44:52.082+0000] {subprocess.py:106} INFO - 	at org.apache.spark.deploy.SparkSubmit.prepareSubmitEnvironment(SparkSubmit.scala:341)
[2026-04-13T11:44:52.091+0000] {subprocess.py:106} INFO - 	at org.apache.spark.deploy.SparkSubmit.org$apache$spark$deploy$SparkSubmit$$runMain(SparkSubmit.scala:961)
[2026-04-13T11:44:52.092+0000] {subprocess.py:106} INFO - 	at org.apache.spark.deploy.SparkSubmit.doRunMain$1(SparkSubmit.scala:204)
[2026-04-13T11:44:52.094+0000] {subprocess.py:106} INFO - 	at org.apache.spark.deploy.SparkSubmit.submit(SparkSubmit.scala:227)
[2026-04-13T11:44:52.096+0000] {subprocess.py:106} INFO - 	at org.apache.spark.deploy.SparkSubmit.doSubmit(SparkSubmit.scala:96)
[2026-04-13T11:44:52.097+0000] {subprocess.py:106} INFO - 	at org.apache.spark.deploy.SparkSubmit$$anon$2.doSubmit(SparkSubmit.scala:1132)
[2026-04-13T11:44:52.101+0000] {subprocess.py:106} INFO - 	at org.apache.spark.deploy.SparkSubmit$.main(SparkSubmit.scala:1141)
[2026-04-13T11:44:52.102+0000] {subprocess.py:106} INFO - 	at org.apache.spark.deploy.SparkSubmit.main(SparkSubmit.scala)
[2026-04-13T11:44:52.251+0000] {subprocess.py:110} INFO - Command exited with return code 1
[2026-04-13T11:44:52.560+0000] {taskinstance.py:3311} ERROR - Task failed with exception
Traceback (most recent call last):
  File "/home/airflow/airflow/venv/lib/python3.12/site-packages/airflow/models/taskinstance.py", line 767, in _execute_task
    result = _execute_callable(context=context, **execute_callable_kwargs)
             ^^^^^^^^^^^^^^^^^^^^^^^^^^^^^^^^^^^^^^^^^^^^^^^^^^^^^^^^^^^^^
  File "/home/airflow/airflow/venv/lib/python3.12/site-packages/airflow/models/taskinstance.py", line 733, in _execute_callable
    return ExecutionCallableRunner(
           ^^^^^^^^^^^^^^^^^^^^^^^^
  File "/home/airflow/airflow/venv/lib/python3.12/site-packages/airflow/utils/operator_helpers.py", line 252, in run
    return self.func(*args, **kwargs)
           ^^^^^^^^^^^^^^^^^^^^^^^^^^
  File "/home/airflow/airflow/venv/lib/python3.12/site-packages/airflow/models/baseoperator.py", line 422, in wrapper
    return func(self, *args, **kwargs)
           ^^^^^^^^^^^^^^^^^^^^^^^^^^^
  File "/home/airflow/airflow/venv/lib/python3.12/site-packages/airflow/operators/bash.py", line 276, in execute
    raise AirflowException(
airflow.exceptions.AirflowException: Bash command failed. The command returned a non-zero exit code 1.
[2026-04-13T11:44:52.720+0000] {taskinstance.py:1225} INFO - Marking task as UP_FOR_RETRY. dag_id=weather_real_time_pipeline_v2, task_id=start_spark_streaming_job, run_id=manual__2026-04-13T04:52:29.506989+00:00, execution_date=20260413T045229, start_date=20260413T114406, end_date=20260413T114452
[2026-04-13T11:44:52.846+0000] {taskinstance.py:340} INFO - ::group::Post task execution logs
[2026-04-13T11:44:52.849+0000] {standard_task_runner.py:124} ERROR - Failed to execute job 61 for task start_spark_streaming_job (Bash command failed. The command returned a non-zero exit code 1.; 14275)
Traceback (most recent call last):
  File "/home/airflow/airflow/venv/lib/python3.12/site-packages/airflow/task/task_runner/standard_task_runner.py", line 117, in _start_by_fork
    ret = args.func(args, dag=self.dag)
          ^^^^^^^^^^^^^^^^^^^^^^^^^^^^^
  File "/home/airflow/airflow/venv/lib/python3.12/site-packages/airflow/cli/cli_config.py", line 49, in command
    return func(*args, **kwargs)
           ^^^^^^^^^^^^^^^^^^^^^
  File "/home/airflow/airflow/venv/lib/python3.12/site-packages/airflow/utils/cli.py", line 116, in wrapper
    return f(*args, **kwargs)
           ^^^^^^^^^^^^^^^^^^
  File "/home/airflow/airflow/venv/lib/python3.12/site-packages/airflow/cli/commands/task_command.py", line 483, in task_run
    task_return_code = _run_task_by_selected_method(args, _dag, ti)
                       ^^^^^^^^^^^^^^^^^^^^^^^^^^^^^^^^^^^^^^^^^^^^
  File "/home/airflow/airflow/venv/lib/python3.12/site-packages/airflow/cli/commands/task_command.py", line 256, in _run_task_by_selected_method
    return _run_raw_task(args, ti)
           ^^^^^^^^^^^^^^^^^^^^^^^
  File "/home/airflow/airflow/venv/lib/python3.12/site-packages/airflow/cli/commands/task_command.py", line 341, in _run_raw_task
    return ti._run_raw_task(
           ^^^^^^^^^^^^^^^^^
  File "/home/airflow/airflow/venv/lib/python3.12/site-packages/airflow/utils/session.py", line 97, in wrapper
    return func(*args, session=session, **kwargs)
           ^^^^^^^^^^^^^^^^^^^^^^^^^^^^^^^^^^^^^^
  File "/home/airflow/airflow/venv/lib/python3.12/site-packages/airflow/models/taskinstance.py", line 3005, in _run_raw_task
    return _run_raw_task(
           ^^^^^^^^^^^^^^
  File "/home/airflow/airflow/venv/lib/python3.12/site-packages/airflow/models/taskinstance.py", line 273, in _run_raw_task
    TaskInstance._execute_task_with_callbacks(
  File "/home/airflow/airflow/venv/lib/python3.12/site-packages/airflow/models/taskinstance.py", line 3159, in _execute_task_with_callbacks
    result = self._execute_task(context, task_orig)
             ^^^^^^^^^^^^^^^^^^^^^^^^^^^^^^^^^^^^^^
  File "/home/airflow/airflow/venv/lib/python3.12/site-packages/airflow/models/taskinstance.py", line 3183, in _execute_task
    return _execute_task(self, context, task_orig)
           ^^^^^^^^^^^^^^^^^^^^^^^^^^^^^^^^^^^^^^^
  File "/home/airflow/airflow/venv/lib/python3.12/site-packages/airflow/models/taskinstance.py", line 767, in _execute_task
    result = _execute_callable(context=context, **execute_callable_kwargs)
             ^^^^^^^^^^^^^^^^^^^^^^^^^^^^^^^^^^^^^^^^^^^^^^^^^^^^^^^^^^^^^
  File "/home/airflow/airflow/venv/lib/python3.12/site-packages/airflow/models/taskinstance.py", line 733, in _execute_callable
    return ExecutionCallableRunner(
           ^^^^^^^^^^^^^^^^^^^^^^^^
  File "/home/airflow/airflow/venv/lib/python3.12/site-packages/airflow/utils/operator_helpers.py", line 252, in run
    return self.func(*args, **kwargs)
           ^^^^^^^^^^^^^^^^^^^^^^^^^^
  File "/home/airflow/airflow/venv/lib/python3.12/site-packages/airflow/models/baseoperator.py", line 422, in wrapper
    return func(self, *args, **kwargs)
           ^^^^^^^^^^^^^^^^^^^^^^^^^^^
  File "/home/airflow/airflow/venv/lib/python3.12/site-packages/airflow/operators/bash.py", line 276, in execute
    raise AirflowException(
airflow.exceptions.AirflowException: Bash command failed. The command returned a non-zero exit code 1.
[2026-04-13T11:44:52.872+0000] {local_task_job_runner.py:266} INFO - Task exited with return code 1
[2026-04-13T11:44:53.005+0000] {taskinstance.py:3895} INFO - 0 downstream tasks scheduled from follow-on schedule check
[2026-04-13T11:44:53.011+0000] {local_task_job_runner.py:245} INFO - ::endgroup::
