[2026-04-13T05:17:43.473+0000] {local_task_job_runner.py:123} INFO - ::group::Pre task execution logs
[2026-04-13T05:17:43.546+0000] {taskinstance.py:2613} INFO - Dependencies all met for dep_context=non-requeueable deps ti=<TaskInstance: weather_real_time_pipeline_v2.start_spark_streaming_job scheduled__2026-04-13T04:50:00+00:00 [queued]>
[2026-04-13T05:17:43.572+0000] {taskinstance.py:2613} INFO - Dependencies all met for dep_context=requeueable deps ti=<TaskInstance: weather_real_time_pipeline_v2.start_spark_streaming_job scheduled__2026-04-13T04:50:00+00:00 [queued]>
[2026-04-13T05:17:43.572+0000] {taskinstance.py:2866} INFO - Starting attempt 4 of 4
[2026-04-13T05:17:43.599+0000] {taskinstance.py:2889} INFO - Executing <Task(BashOperator): start_spark_streaming_job> on 2026-04-13 04:50:00+00:00
[2026-04-13T05:17:43.617+0000] {standard_task_runner.py:104} INFO - Running: ['airflow', 'tasks', 'run', 'weather_real_time_pipeline_v2', 'start_spark_streaming_job', 'scheduled__2026-04-13T04:50:00+00:00', '--job-id', '39', '--raw', '--subdir', 'DAGS_FOLDER/weather_pipeline_dag.py', '--cfg-path', '/tmp/tmpk3j5cfxc']
[2026-04-13T05:17:43.619+0000] {standard_task_runner.py:105} INFO - Job 39: Subtask start_spark_streaming_job
[2026-04-13T05:17:43.634+0000] {logging_mixin.py:190} WARNING - /home/airflow/airflow/venv/lib/python3.12/site-packages/airflow/task/task_runner/standard_task_runner.py:70 DeprecationWarning: This process (pid=54132) is multi-threaded, use of fork() may lead to deadlocks in the child.
[2026-04-13T05:17:43.635+0000] {standard_task_runner.py:72} INFO - Started process 54244 to run task
[2026-04-13T05:17:43.688+0000] {task_command.py:467} INFO - Running <TaskInstance: weather_real_time_pipeline_v2.start_spark_streaming_job scheduled__2026-04-13T04:50:00+00:00 [running]> on host airflow
[2026-04-13T05:17:43.894+0000] {taskinstance.py:3132} INFO - Exporting env vars: AIRFLOW_CTX_DAG_OWNER='airflow' AIRFLOW_CTX_DAG_ID='weather_real_time_pipeline_v2' AIRFLOW_CTX_TASK_ID='start_spark_streaming_job' AIRFLOW_CTX_EXECUTION_DATE='2026-04-13T04:50:00+00:00' AIRFLOW_CTX_TRY_NUMBER='4' AIRFLOW_CTX_DAG_RUN_ID='scheduled__2026-04-13T04:50:00+00:00'
[2026-04-13T05:17:43.903+0000] {taskinstance.py:731} INFO - ::endgroup::
[2026-04-13T05:17:43.994+0000] {subprocess.py:78} INFO - Tmp dir root location: /tmp
[2026-04-13T05:17:44.000+0000] {subprocess.py:88} INFO - Running command: ['/usr/bin/bash', '-c', 'docker exec spark-master spark-submit                 --packages org.apache.spark:spark-sql-kafka-0-10_2.13:4.0.0,org.apache.iceberg:iceberg-spark-runtime-4.0_2.13:1.10.1                 /home/spark/spark/spark_jobs/weather_streaming.py']
[2026-04-13T05:17:44.021+0000] {subprocess.py:99} INFO - Output:
[2026-04-13T05:17:45.461+0000] {subprocess.py:106} INFO - WARNING: Using incubator modules: jdk.incubator.vector
[2026-04-13T05:17:48.873+0000] {subprocess.py:106} INFO - :: loading settings :: url = jar:file:/home/spark/spark/jars/ivy-2.5.3.jar!/org/apache/ivy/core/settings/ivysettings.xml
[2026-04-13T05:17:49.035+0000] {subprocess.py:106} INFO - Ivy Default Cache set to: /home/spark/.ivy2.5.2/cache
[2026-04-13T05:17:49.040+0000] {subprocess.py:106} INFO - The jars for the packages stored in: /home/spark/.ivy2.5.2/jars
[2026-04-13T05:17:49.050+0000] {subprocess.py:106} INFO - org.apache.spark#spark-sql-kafka-0-10_2.13 added as a dependency
[2026-04-13T05:17:49.050+0000] {subprocess.py:106} INFO - org.apache.iceberg#iceberg-spark-runtime-4.0_2.13 added as a dependency
[2026-04-13T05:17:49.051+0000] {subprocess.py:106} INFO - :: resolving dependencies :: org.apache.spark#spark-submit-parent-f294a0a6-e875-441b-9b70-08deff473176;1.0
[2026-04-13T05:17:49.052+0000] {subprocess.py:106} INFO - 	confs: [default]
[2026-04-13T05:17:49.442+0000] {subprocess.py:106} INFO - 	found org.apache.spark#spark-sql-kafka-0-10_2.13;4.0.0 in central
[2026-04-13T05:17:49.530+0000] {subprocess.py:106} INFO - 	found org.apache.spark#spark-token-provider-kafka-0-10_2.13;4.0.0 in central
[2026-04-13T05:17:49.575+0000] {subprocess.py:106} INFO - 	found org.apache.kafka#kafka-clients;3.9.0 in central
[2026-04-13T05:17:49.621+0000] {subprocess.py:106} INFO - 	found org.lz4#lz4-java;1.8.0 in central
[2026-04-13T05:17:49.656+0000] {subprocess.py:106} INFO - 	found org.xerial.snappy#snappy-java;1.1.10.7 in central
[2026-04-13T05:17:49.683+0000] {subprocess.py:106} INFO - 	found org.slf4j#slf4j-api;2.0.16 in central
[2026-04-13T05:17:49.722+0000] {subprocess.py:106} INFO - 	found org.apache.hadoop#hadoop-client-runtime;3.4.1 in central
[2026-04-13T05:17:49.823+0000] {subprocess.py:106} INFO - 	found org.apache.hadoop#hadoop-client-api;3.4.1 in central
[2026-04-13T05:17:49.906+0000] {subprocess.py:106} INFO - 	found com.google.code.findbugs#jsr305;3.0.0 in central
[2026-04-13T05:17:49.970+0000] {subprocess.py:106} INFO - 	found org.scala-lang.modules#scala-parallel-collections_2.13;1.2.0 in central
[2026-04-13T05:17:49.997+0000] {subprocess.py:106} INFO - 	found org.apache.commons#commons-pool2;2.12.0 in central
[2026-04-13T05:17:50.021+0000] {subprocess.py:106} INFO - 	found org.apache.iceberg#iceberg-spark-runtime-4.0_2.13;1.10.1 in central
[2026-04-13T05:17:50.079+0000] {subprocess.py:106} INFO - :: resolution report :: resolve 993ms :: artifacts dl 36ms
[2026-04-13T05:17:50.080+0000] {subprocess.py:106} INFO - 	:: modules in use:
[2026-04-13T05:17:50.082+0000] {subprocess.py:106} INFO - 	com.google.code.findbugs#jsr305;3.0.0 from central in [default]
[2026-04-13T05:17:50.082+0000] {subprocess.py:106} INFO - 	org.apache.commons#commons-pool2;2.12.0 from central in [default]
[2026-04-13T05:17:50.084+0000] {subprocess.py:106} INFO - 	org.apache.hadoop#hadoop-client-api;3.4.1 from central in [default]
[2026-04-13T05:17:50.084+0000] {subprocess.py:106} INFO - 	org.apache.hadoop#hadoop-client-runtime;3.4.1 from central in [default]
[2026-04-13T05:17:50.085+0000] {subprocess.py:106} INFO - 	org.apache.iceberg#iceberg-spark-runtime-4.0_2.13;1.10.1 from central in [default]
[2026-04-13T05:17:50.086+0000] {subprocess.py:106} INFO - 	org.apache.kafka#kafka-clients;3.9.0 from central in [default]
[2026-04-13T05:17:50.087+0000] {subprocess.py:106} INFO - 	org.apache.spark#spark-sql-kafka-0-10_2.13;4.0.0 from central in [default]
[2026-04-13T05:17:50.088+0000] {subprocess.py:106} INFO - 	org.apache.spark#spark-token-provider-kafka-0-10_2.13;4.0.0 from central in [default]
[2026-04-13T05:17:50.088+0000] {subprocess.py:106} INFO - 	org.lz4#lz4-java;1.8.0 from central in [default]
[2026-04-13T05:17:50.089+0000] {subprocess.py:106} INFO - 	org.scala-lang.modules#scala-parallel-collections_2.13;1.2.0 from central in [default]
[2026-04-13T05:17:50.090+0000] {subprocess.py:106} INFO - 	org.slf4j#slf4j-api;2.0.16 from central in [default]
[2026-04-13T05:17:50.091+0000] {subprocess.py:106} INFO - 	org.xerial.snappy#snappy-java;1.1.10.7 from central in [default]
[2026-04-13T05:17:50.092+0000] {subprocess.py:106} INFO - 	---------------------------------------------------------------------
[2026-04-13T05:17:50.093+0000] {subprocess.py:106} INFO - 	|                  |            modules            ||   artifacts   |
[2026-04-13T05:17:50.093+0000] {subprocess.py:106} INFO - 	|       conf       | number| search|dwnlded|evicted|| number|dwnlded|
[2026-04-13T05:17:50.094+0000] {subprocess.py:106} INFO - 	---------------------------------------------------------------------
[2026-04-13T05:17:50.095+0000] {subprocess.py:106} INFO - 	|      default     |   12  |   0   |   0   |   0   ||   12  |   0   |
[2026-04-13T05:17:50.096+0000] {subprocess.py:106} INFO - 	---------------------------------------------------------------------
[2026-04-13T05:17:50.097+0000] {subprocess.py:106} INFO - :: retrieving :: org.apache.spark#spark-submit-parent-f294a0a6-e875-441b-9b70-08deff473176
[2026-04-13T05:17:50.098+0000] {subprocess.py:106} INFO - 	confs: [default]
[2026-04-13T05:17:50.116+0000] {subprocess.py:106} INFO - 	0 artifacts copied, 12 already retrieved (0kB/20ms)
[2026-04-13T05:17:50.852+0000] {subprocess.py:106} INFO - 26/04/13 05:17:50 WARN NativeCodeLoader: Unable to load native-hadoop library for your platform... using builtin-java classes where applicable
[2026-04-13T05:17:53.219+0000] {subprocess.py:106} INFO - Using Spark's default log4j profile: org/apache/spark/log4j2-defaults.properties
[2026-04-13T05:17:53.230+0000] {subprocess.py:106} INFO - 26/04/13 05:17:53 INFO SparkContext: Running Spark version 4.0.2
[2026-04-13T05:17:53.235+0000] {subprocess.py:106} INFO - 26/04/13 05:17:53 INFO SparkContext: OS info Linux, 6.6.87.2-microsoft-standard-WSL2, amd64
[2026-04-13T05:17:53.236+0000] {subprocess.py:106} INFO - 26/04/13 05:17:53 INFO SparkContext: Java version 21.0.10
[2026-04-13T05:17:53.275+0000] {subprocess.py:106} INFO - 26/04/13 05:17:53 INFO ResourceUtils: ==============================================================
[2026-04-13T05:17:53.276+0000] {subprocess.py:106} INFO - 26/04/13 05:17:53 INFO ResourceUtils: No custom resources configured for spark.driver.
[2026-04-13T05:17:53.277+0000] {subprocess.py:106} INFO - 26/04/13 05:17:53 INFO ResourceUtils: ==============================================================
[2026-04-13T05:17:53.278+0000] {subprocess.py:106} INFO - 26/04/13 05:17:53 INFO SparkContext: Submitted application: Weather_Kafka_to_Iceberg
[2026-04-13T05:17:53.347+0000] {subprocess.py:106} INFO - 26/04/13 05:17:53 INFO ResourceProfile: Default ResourceProfile created, executor resources: Map(cores -> name: cores, amount: 2, script: , vendor: , memory -> name: memory, amount: 2048, script: , vendor: , offHeap -> name: offHeap, amount: 0, script: , vendor: ), task resources: Map(cpus -> name: cpus, amount: 1.0)
[2026-04-13T05:17:53.357+0000] {subprocess.py:106} INFO - 26/04/13 05:17:53 INFO ResourceProfile: Limiting resource is cpus at 2 tasks per executor
[2026-04-13T05:17:53.361+0000] {subprocess.py:106} INFO - 26/04/13 05:17:53 INFO ResourceProfileManager: Added ResourceProfile id: 0
[2026-04-13T05:17:53.448+0000] {subprocess.py:106} INFO - 26/04/13 05:17:53 INFO SecurityManager: Changing view acls to: spark
[2026-04-13T05:17:53.450+0000] {subprocess.py:106} INFO - 26/04/13 05:17:53 INFO SecurityManager: Changing modify acls to: spark
[2026-04-13T05:17:53.450+0000] {subprocess.py:106} INFO - 26/04/13 05:17:53 INFO SecurityManager: Changing view acls groups to: spark
[2026-04-13T05:17:53.451+0000] {subprocess.py:106} INFO - 26/04/13 05:17:53 INFO SecurityManager: Changing modify acls groups to: spark
[2026-04-13T05:17:53.456+0000] {subprocess.py:106} INFO - 26/04/13 05:17:53 INFO SecurityManager: SecurityManager: authentication disabled; ui acls disabled; users with view permissions: spark groups with view permissions: EMPTY; users with modify permissions: spark; groups with modify permissions: EMPTY; RPC SSL disabled
[2026-04-13T05:17:53.913+0000] {subprocess.py:106} INFO - 26/04/13 05:17:53 INFO Utils: Successfully started service 'sparkDriver' on port 42123.
[2026-04-13T05:17:53.961+0000] {subprocess.py:106} INFO - 26/04/13 05:17:53 INFO SparkEnv: Registering MapOutputTracker
[2026-04-13T05:17:53.980+0000] {subprocess.py:106} INFO - 26/04/13 05:17:53 INFO SparkEnv: Registering BlockManagerMaster
[2026-04-13T05:17:54.005+0000] {subprocess.py:106} INFO - 26/04/13 05:17:54 INFO BlockManagerMasterEndpoint: Using org.apache.spark.storage.DefaultTopologyMapper for getting topology information
[2026-04-13T05:17:54.006+0000] {subprocess.py:106} INFO - 26/04/13 05:17:54 INFO BlockManagerMasterEndpoint: BlockManagerMasterEndpoint up
[2026-04-13T05:17:54.012+0000] {subprocess.py:106} INFO - 26/04/13 05:17:54 INFO SparkEnv: Registering BlockManagerMasterHeartbeat
[2026-04-13T05:17:54.053+0000] {subprocess.py:106} INFO - 26/04/13 05:17:54 INFO DiskBlockManager: Created local directory at /tmp/blockmgr-54660fb2-f6c9-441d-9ca3-ce68aa2c3c2b
[2026-04-13T05:17:54.087+0000] {subprocess.py:106} INFO - 26/04/13 05:17:54 INFO SparkEnv: Registering OutputCommitCoordinator
[2026-04-13T05:17:54.333+0000] {subprocess.py:106} INFO - 26/04/13 05:17:54 INFO JettyUtils: Start Jetty 0.0.0.0:4040 for SparkUI
[2026-04-13T05:17:54.438+0000] {subprocess.py:106} INFO - 26/04/13 05:17:54 WARN Utils: Service 'SparkUI' could not bind on port 4040. Attempting port 4041.
[2026-04-13T05:17:54.450+0000] {subprocess.py:106} INFO - 26/04/13 05:17:54 INFO Utils: Successfully started service 'SparkUI' on port 4041.
[2026-04-13T05:17:54.510+0000] {subprocess.py:106} INFO - 26/04/13 05:17:54 INFO SparkContext: Added JAR file:///home/spark/.ivy2.5.2/jars/org.apache.spark_spark-sql-kafka-0-10_2.13-4.0.0.jar at spark://spark-master:42123/jars/org.apache.spark_spark-sql-kafka-0-10_2.13-4.0.0.jar with timestamp 1776057473204
[2026-04-13T05:17:54.511+0000] {subprocess.py:106} INFO - 26/04/13 05:17:54 INFO SparkContext: Added JAR file:///home/spark/.ivy2.5.2/jars/org.apache.iceberg_iceberg-spark-runtime-4.0_2.13-1.10.1.jar at spark://spark-master:42123/jars/org.apache.iceberg_iceberg-spark-runtime-4.0_2.13-1.10.1.jar with timestamp 1776057473204
[2026-04-13T05:17:54.511+0000] {subprocess.py:106} INFO - 26/04/13 05:17:54 INFO SparkContext: Added JAR file:///home/spark/.ivy2.5.2/jars/org.apache.spark_spark-token-provider-kafka-0-10_2.13-4.0.0.jar at spark://spark-master:42123/jars/org.apache.spark_spark-token-provider-kafka-0-10_2.13-4.0.0.jar with timestamp 1776057473204
[2026-04-13T05:17:54.512+0000] {subprocess.py:106} INFO - 26/04/13 05:17:54 INFO SparkContext: Added JAR file:///home/spark/.ivy2.5.2/jars/org.scala-lang.modules_scala-parallel-collections_2.13-1.2.0.jar at spark://spark-master:42123/jars/org.scala-lang.modules_scala-parallel-collections_2.13-1.2.0.jar with timestamp 1776057473204
[2026-04-13T05:17:54.513+0000] {subprocess.py:106} INFO - 26/04/13 05:17:54 INFO SparkContext: Added JAR file:///home/spark/.ivy2.5.2/jars/org.apache.kafka_kafka-clients-3.9.0.jar at spark://spark-master:42123/jars/org.apache.kafka_kafka-clients-3.9.0.jar with timestamp 1776057473204
[2026-04-13T05:17:54.514+0000] {subprocess.py:106} INFO - 26/04/13 05:17:54 INFO SparkContext: Added JAR file:///home/spark/.ivy2.5.2/jars/com.google.code.findbugs_jsr305-3.0.0.jar at spark://spark-master:42123/jars/com.google.code.findbugs_jsr305-3.0.0.jar with timestamp 1776057473204
[2026-04-13T05:17:54.514+0000] {subprocess.py:106} INFO - 26/04/13 05:17:54 INFO SparkContext: Added JAR file:///home/spark/.ivy2.5.2/jars/org.apache.commons_commons-pool2-2.12.0.jar at spark://spark-master:42123/jars/org.apache.commons_commons-pool2-2.12.0.jar with timestamp 1776057473204
[2026-04-13T05:17:54.515+0000] {subprocess.py:106} INFO - 26/04/13 05:17:54 INFO SparkContext: Added JAR file:///home/spark/.ivy2.5.2/jars/org.apache.hadoop_hadoop-client-runtime-3.4.1.jar at spark://spark-master:42123/jars/org.apache.hadoop_hadoop-client-runtime-3.4.1.jar with timestamp 1776057473204
[2026-04-13T05:17:54.517+0000] {subprocess.py:106} INFO - 26/04/13 05:17:54 INFO SparkContext: Added JAR file:///home/spark/.ivy2.5.2/jars/org.lz4_lz4-java-1.8.0.jar at spark://spark-master:42123/jars/org.lz4_lz4-java-1.8.0.jar with timestamp 1776057473204
[2026-04-13T05:17:54.518+0000] {subprocess.py:106} INFO - 26/04/13 05:17:54 INFO SparkContext: Added JAR file:///home/spark/.ivy2.5.2/jars/org.xerial.snappy_snappy-java-1.1.10.7.jar at spark://spark-master:42123/jars/org.xerial.snappy_snappy-java-1.1.10.7.jar with timestamp 1776057473204
[2026-04-13T05:17:54.519+0000] {subprocess.py:106} INFO - 26/04/13 05:17:54 INFO SparkContext: Added JAR file:///home/spark/.ivy2.5.2/jars/org.slf4j_slf4j-api-2.0.16.jar at spark://spark-master:42123/jars/org.slf4j_slf4j-api-2.0.16.jar with timestamp 1776057473204
[2026-04-13T05:17:54.520+0000] {subprocess.py:106} INFO - 26/04/13 05:17:54 INFO SparkContext: Added JAR file:///home/spark/.ivy2.5.2/jars/org.apache.hadoop_hadoop-client-api-3.4.1.jar at spark://spark-master:42123/jars/org.apache.hadoop_hadoop-client-api-3.4.1.jar with timestamp 1776057473204
[2026-04-13T05:17:54.527+0000] {subprocess.py:106} INFO - 26/04/13 05:17:54 INFO SparkContext: Added file file:///home/spark/.ivy2.5.2/jars/org.apache.spark_spark-sql-kafka-0-10_2.13-4.0.0.jar at file:///home/spark/.ivy2.5.2/jars/org.apache.spark_spark-sql-kafka-0-10_2.13-4.0.0.jar with timestamp 1776057473204
[2026-04-13T05:17:54.531+0000] {subprocess.py:106} INFO - 26/04/13 05:17:54 INFO Utils: Copying /home/spark/.ivy2.5.2/jars/org.apache.spark_spark-sql-kafka-0-10_2.13-4.0.0.jar to /tmp/spark-120e0614-88e1-4070-9090-99134c4b44fd/userFiles-c8572d83-29e1-4b5b-aa1e-bcf76992a303/org.apache.spark_spark-sql-kafka-0-10_2.13-4.0.0.jar
[2026-04-13T05:17:54.576+0000] {subprocess.py:106} INFO - 26/04/13 05:17:54 INFO SparkContext: Added file file:///home/spark/.ivy2.5.2/jars/org.apache.iceberg_iceberg-spark-runtime-4.0_2.13-1.10.1.jar at file:///home/spark/.ivy2.5.2/jars/org.apache.iceberg_iceberg-spark-runtime-4.0_2.13-1.10.1.jar with timestamp 1776057473204
[2026-04-13T05:17:54.576+0000] {subprocess.py:106} INFO - 26/04/13 05:17:54 INFO Utils: Copying /home/spark/.ivy2.5.2/jars/org.apache.iceberg_iceberg-spark-runtime-4.0_2.13-1.10.1.jar to /tmp/spark-120e0614-88e1-4070-9090-99134c4b44fd/userFiles-c8572d83-29e1-4b5b-aa1e-bcf76992a303/org.apache.iceberg_iceberg-spark-runtime-4.0_2.13-1.10.1.jar
[2026-04-13T05:17:55.308+0000] {subprocess.py:106} INFO - 26/04/13 05:17:55 INFO SparkContext: Added file file:///home/spark/.ivy2.5.2/jars/org.apache.spark_spark-token-provider-kafka-0-10_2.13-4.0.0.jar at file:///home/spark/.ivy2.5.2/jars/org.apache.spark_spark-token-provider-kafka-0-10_2.13-4.0.0.jar with timestamp 1776057473204
[2026-04-13T05:17:55.308+0000] {subprocess.py:106} INFO - 26/04/13 05:17:55 INFO Utils: Copying /home/spark/.ivy2.5.2/jars/org.apache.spark_spark-token-provider-kafka-0-10_2.13-4.0.0.jar to /tmp/spark-120e0614-88e1-4070-9090-99134c4b44fd/userFiles-c8572d83-29e1-4b5b-aa1e-bcf76992a303/org.apache.spark_spark-token-provider-kafka-0-10_2.13-4.0.0.jar
[2026-04-13T05:17:55.324+0000] {subprocess.py:106} INFO - 26/04/13 05:17:55 INFO SparkContext: Added file file:///home/spark/.ivy2.5.2/jars/org.scala-lang.modules_scala-parallel-collections_2.13-1.2.0.jar at file:///home/spark/.ivy2.5.2/jars/org.scala-lang.modules_scala-parallel-collections_2.13-1.2.0.jar with timestamp 1776057473204
[2026-04-13T05:17:55.324+0000] {subprocess.py:106} INFO - 26/04/13 05:17:55 INFO Utils: Copying /home/spark/.ivy2.5.2/jars/org.scala-lang.modules_scala-parallel-collections_2.13-1.2.0.jar to /tmp/spark-120e0614-88e1-4070-9090-99134c4b44fd/userFiles-c8572d83-29e1-4b5b-aa1e-bcf76992a303/org.scala-lang.modules_scala-parallel-collections_2.13-1.2.0.jar
[2026-04-13T05:17:55.343+0000] {subprocess.py:106} INFO - 26/04/13 05:17:55 INFO SparkContext: Added file file:///home/spark/.ivy2.5.2/jars/org.apache.kafka_kafka-clients-3.9.0.jar at file:///home/spark/.ivy2.5.2/jars/org.apache.kafka_kafka-clients-3.9.0.jar with timestamp 1776057473204
[2026-04-13T05:17:55.344+0000] {subprocess.py:106} INFO - 26/04/13 05:17:55 INFO Utils: Copying /home/spark/.ivy2.5.2/jars/org.apache.kafka_kafka-clients-3.9.0.jar to /tmp/spark-120e0614-88e1-4070-9090-99134c4b44fd/userFiles-c8572d83-29e1-4b5b-aa1e-bcf76992a303/org.apache.kafka_kafka-clients-3.9.0.jar
[2026-04-13T05:17:55.728+0000] {subprocess.py:106} INFO - 26/04/13 05:17:55 INFO SparkContext: Added file file:///home/spark/.ivy2.5.2/jars/com.google.code.findbugs_jsr305-3.0.0.jar at file:///home/spark/.ivy2.5.2/jars/com.google.code.findbugs_jsr305-3.0.0.jar with timestamp 1776057473204
[2026-04-13T05:17:55.729+0000] {subprocess.py:106} INFO - 26/04/13 05:17:55 INFO Utils: Copying /home/spark/.ivy2.5.2/jars/com.google.code.findbugs_jsr305-3.0.0.jar to /tmp/spark-120e0614-88e1-4070-9090-99134c4b44fd/userFiles-c8572d83-29e1-4b5b-aa1e-bcf76992a303/com.google.code.findbugs_jsr305-3.0.0.jar
[2026-04-13T05:17:55.750+0000] {subprocess.py:106} INFO - 26/04/13 05:17:55 INFO SparkContext: Added file file:///home/spark/.ivy2.5.2/jars/org.apache.commons_commons-pool2-2.12.0.jar at file:///home/spark/.ivy2.5.2/jars/org.apache.commons_commons-pool2-2.12.0.jar with timestamp 1776057473204
[2026-04-13T05:17:55.751+0000] {subprocess.py:106} INFO - 26/04/13 05:17:55 INFO Utils: Copying /home/spark/.ivy2.5.2/jars/org.apache.commons_commons-pool2-2.12.0.jar to /tmp/spark-120e0614-88e1-4070-9090-99134c4b44fd/userFiles-c8572d83-29e1-4b5b-aa1e-bcf76992a303/org.apache.commons_commons-pool2-2.12.0.jar
[2026-04-13T05:17:55.774+0000] {subprocess.py:106} INFO - 26/04/13 05:17:55 INFO SparkContext: Added file file:///home/spark/.ivy2.5.2/jars/org.apache.hadoop_hadoop-client-runtime-3.4.1.jar at file:///home/spark/.ivy2.5.2/jars/org.apache.hadoop_hadoop-client-runtime-3.4.1.jar with timestamp 1776057473204
[2026-04-13T05:17:55.775+0000] {subprocess.py:106} INFO - 26/04/13 05:17:55 INFO Utils: Copying /home/spark/.ivy2.5.2/jars/org.apache.hadoop_hadoop-client-runtime-3.4.1.jar to /tmp/spark-120e0614-88e1-4070-9090-99134c4b44fd/userFiles-c8572d83-29e1-4b5b-aa1e-bcf76992a303/org.apache.hadoop_hadoop-client-runtime-3.4.1.jar
[2026-04-13T05:17:57.391+0000] {subprocess.py:106} INFO - 26/04/13 05:17:57 INFO SparkContext: Added file file:///home/spark/.ivy2.5.2/jars/org.lz4_lz4-java-1.8.0.jar at file:///home/spark/.ivy2.5.2/jars/org.lz4_lz4-java-1.8.0.jar with timestamp 1776057473204
[2026-04-13T05:17:57.392+0000] {subprocess.py:106} INFO - 26/04/13 05:17:57 INFO Utils: Copying /home/spark/.ivy2.5.2/jars/org.lz4_lz4-java-1.8.0.jar to /tmp/spark-120e0614-88e1-4070-9090-99134c4b44fd/userFiles-c8572d83-29e1-4b5b-aa1e-bcf76992a303/org.lz4_lz4-java-1.8.0.jar
[2026-04-13T05:17:57.460+0000] {subprocess.py:106} INFO - 26/04/13 05:17:57 INFO SparkContext: Added file file:///home/spark/.ivy2.5.2/jars/org.xerial.snappy_snappy-java-1.1.10.7.jar at file:///home/spark/.ivy2.5.2/jars/org.xerial.snappy_snappy-java-1.1.10.7.jar with timestamp 1776057473204
[2026-04-13T05:17:57.461+0000] {subprocess.py:106} INFO - 26/04/13 05:17:57 INFO Utils: Copying /home/spark/.ivy2.5.2/jars/org.xerial.snappy_snappy-java-1.1.10.7.jar to /tmp/spark-120e0614-88e1-4070-9090-99134c4b44fd/userFiles-c8572d83-29e1-4b5b-aa1e-bcf76992a303/org.xerial.snappy_snappy-java-1.1.10.7.jar
[2026-04-13T05:17:57.600+0000] {subprocess.py:106} INFO - 26/04/13 05:17:57 INFO SparkContext: Added file file:///home/spark/.ivy2.5.2/jars/org.slf4j_slf4j-api-2.0.16.jar at file:///home/spark/.ivy2.5.2/jars/org.slf4j_slf4j-api-2.0.16.jar with timestamp 1776057473204
[2026-04-13T05:17:57.602+0000] {subprocess.py:106} INFO - 26/04/13 05:17:57 INFO Utils: Copying /home/spark/.ivy2.5.2/jars/org.slf4j_slf4j-api-2.0.16.jar to /tmp/spark-120e0614-88e1-4070-9090-99134c4b44fd/userFiles-c8572d83-29e1-4b5b-aa1e-bcf76992a303/org.slf4j_slf4j-api-2.0.16.jar
[2026-04-13T05:17:57.636+0000] {subprocess.py:106} INFO - 26/04/13 05:17:57 INFO SparkContext: Added file file:///home/spark/.ivy2.5.2/jars/org.apache.hadoop_hadoop-client-api-3.4.1.jar at file:///home/spark/.ivy2.5.2/jars/org.apache.hadoop_hadoop-client-api-3.4.1.jar with timestamp 1776057473204
[2026-04-13T05:17:57.637+0000] {subprocess.py:106} INFO - 26/04/13 05:17:57 INFO Utils: Copying /home/spark/.ivy2.5.2/jars/org.apache.hadoop_hadoop-client-api-3.4.1.jar to /tmp/spark-120e0614-88e1-4070-9090-99134c4b44fd/userFiles-c8572d83-29e1-4b5b-aa1e-bcf76992a303/org.apache.hadoop_hadoop-client-api-3.4.1.jar
[2026-04-13T05:17:59.182+0000] {subprocess.py:106} INFO - 26/04/13 05:17:59 INFO SecurityManager: Changing view acls to: spark
[2026-04-13T05:17:59.183+0000] {subprocess.py:106} INFO - 26/04/13 05:17:59 INFO SecurityManager: Changing modify acls to: spark
[2026-04-13T05:17:59.185+0000] {subprocess.py:106} INFO - 26/04/13 05:17:59 INFO SecurityManager: Changing view acls groups to: spark
[2026-04-13T05:17:59.186+0000] {subprocess.py:106} INFO - 26/04/13 05:17:59 INFO SecurityManager: Changing modify acls groups to: spark
[2026-04-13T05:17:59.186+0000] {subprocess.py:106} INFO - 26/04/13 05:17:59 INFO SecurityManager: SecurityManager: authentication disabled; ui acls disabled; users with view permissions: spark groups with view permissions: EMPTY; users with modify permissions: spark; groups with modify permissions: EMPTY; RPC SSL disabled
[2026-04-13T05:17:59.632+0000] {subprocess.py:106} INFO - 26/04/13 05:17:59 INFO Executor: Starting executor ID driver on host spark-master
[2026-04-13T05:17:59.633+0000] {subprocess.py:106} INFO - 26/04/13 05:17:59 INFO Executor: OS info Linux, 6.6.87.2-microsoft-standard-WSL2, amd64
[2026-04-13T05:17:59.634+0000] {subprocess.py:106} INFO - 26/04/13 05:17:59 INFO Executor: Java version 21.0.10
[2026-04-13T05:17:59.664+0000] {subprocess.py:106} INFO - 26/04/13 05:17:59 INFO Executor: Starting executor with user classpath (userClassPathFirst = false): ''
[2026-04-13T05:17:59.668+0000] {subprocess.py:106} INFO - 26/04/13 05:17:59 INFO Executor: Created or updated repl class loader org.apache.spark.util.MutableURLClassLoader@37cdd0e6 for default.
[2026-04-13T05:17:59.687+0000] {subprocess.py:106} INFO - 26/04/13 05:17:59 INFO Executor: Fetching file:///home/spark/.ivy2.5.2/jars/org.lz4_lz4-java-1.8.0.jar with timestamp 1776057473204
[2026-04-13T05:17:59.716+0000] {subprocess.py:106} INFO - 26/04/13 05:17:59 INFO Utils: /home/spark/.ivy2.5.2/jars/org.lz4_lz4-java-1.8.0.jar has been previously copied to /tmp/spark-120e0614-88e1-4070-9090-99134c4b44fd/userFiles-c8572d83-29e1-4b5b-aa1e-bcf76992a303/org.lz4_lz4-java-1.8.0.jar
[2026-04-13T05:17:59.741+0000] {subprocess.py:106} INFO - 26/04/13 05:17:59 INFO Executor: Fetching file:///home/spark/.ivy2.5.2/jars/org.scala-lang.modules_scala-parallel-collections_2.13-1.2.0.jar with timestamp 1776057473204
[2026-04-13T05:17:59.742+0000] {subprocess.py:106} INFO - 26/04/13 05:17:59 INFO Utils: /home/spark/.ivy2.5.2/jars/org.scala-lang.modules_scala-parallel-collections_2.13-1.2.0.jar has been previously copied to /tmp/spark-120e0614-88e1-4070-9090-99134c4b44fd/userFiles-c8572d83-29e1-4b5b-aa1e-bcf76992a303/org.scala-lang.modules_scala-parallel-collections_2.13-1.2.0.jar
[2026-04-13T05:17:59.761+0000] {subprocess.py:106} INFO - 26/04/13 05:17:59 INFO Executor: Fetching file:///home/spark/.ivy2.5.2/jars/org.apache.kafka_kafka-clients-3.9.0.jar with timestamp 1776057473204
[2026-04-13T05:17:59.771+0000] {subprocess.py:106} INFO - 26/04/13 05:17:59 INFO Utils: /home/spark/.ivy2.5.2/jars/org.apache.kafka_kafka-clients-3.9.0.jar has been previously copied to /tmp/spark-120e0614-88e1-4070-9090-99134c4b44fd/userFiles-c8572d83-29e1-4b5b-aa1e-bcf76992a303/org.apache.kafka_kafka-clients-3.9.0.jar
[2026-04-13T05:17:59.791+0000] {subprocess.py:106} INFO - 26/04/13 05:17:59 INFO Executor: Fetching file:///home/spark/.ivy2.5.2/jars/org.apache.spark_spark-sql-kafka-0-10_2.13-4.0.0.jar with timestamp 1776057473204
[2026-04-13T05:17:59.792+0000] {subprocess.py:106} INFO - 26/04/13 05:17:59 INFO Utils: /home/spark/.ivy2.5.2/jars/org.apache.spark_spark-sql-kafka-0-10_2.13-4.0.0.jar has been previously copied to /tmp/spark-120e0614-88e1-4070-9090-99134c4b44fd/userFiles-c8572d83-29e1-4b5b-aa1e-bcf76992a303/org.apache.spark_spark-sql-kafka-0-10_2.13-4.0.0.jar
[2026-04-13T05:17:59.814+0000] {subprocess.py:106} INFO - 26/04/13 05:17:59 INFO Executor: Fetching file:///home/spark/.ivy2.5.2/jars/org.apache.hadoop_hadoop-client-api-3.4.1.jar with timestamp 1776057473204
[2026-04-13T05:17:59.831+0000] {subprocess.py:106} INFO - 26/04/13 05:17:59 INFO Utils: /home/spark/.ivy2.5.2/jars/org.apache.hadoop_hadoop-client-api-3.4.1.jar has been previously copied to /tmp/spark-120e0614-88e1-4070-9090-99134c4b44fd/userFiles-c8572d83-29e1-4b5b-aa1e-bcf76992a303/org.apache.hadoop_hadoop-client-api-3.4.1.jar
[2026-04-13T05:17:59.851+0000] {subprocess.py:106} INFO - 26/04/13 05:17:59 INFO Executor: Fetching file:///home/spark/.ivy2.5.2/jars/org.apache.commons_commons-pool2-2.12.0.jar with timestamp 1776057473204
[2026-04-13T05:17:59.851+0000] {subprocess.py:106} INFO - 26/04/13 05:17:59 INFO Utils: /home/spark/.ivy2.5.2/jars/org.apache.commons_commons-pool2-2.12.0.jar has been previously copied to /tmp/spark-120e0614-88e1-4070-9090-99134c4b44fd/userFiles-c8572d83-29e1-4b5b-aa1e-bcf76992a303/org.apache.commons_commons-pool2-2.12.0.jar
[2026-04-13T05:17:59.871+0000] {subprocess.py:106} INFO - 26/04/13 05:17:59 INFO Executor: Fetching file:///home/spark/.ivy2.5.2/jars/org.slf4j_slf4j-api-2.0.16.jar with timestamp 1776057473204
[2026-04-13T05:17:59.871+0000] {subprocess.py:106} INFO - 26/04/13 05:17:59 INFO Utils: /home/spark/.ivy2.5.2/jars/org.slf4j_slf4j-api-2.0.16.jar has been previously copied to /tmp/spark-120e0614-88e1-4070-9090-99134c4b44fd/userFiles-c8572d83-29e1-4b5b-aa1e-bcf76992a303/org.slf4j_slf4j-api-2.0.16.jar
[2026-04-13T05:17:59.887+0000] {subprocess.py:106} INFO - 26/04/13 05:17:59 INFO Executor: Fetching file:///home/spark/.ivy2.5.2/jars/org.apache.iceberg_iceberg-spark-runtime-4.0_2.13-1.10.1.jar with timestamp 1776057473204
[2026-04-13T05:17:59.930+0000] {subprocess.py:106} INFO - 26/04/13 05:17:59 INFO Utils: /home/spark/.ivy2.5.2/jars/org.apache.iceberg_iceberg-spark-runtime-4.0_2.13-1.10.1.jar has been previously copied to /tmp/spark-120e0614-88e1-4070-9090-99134c4b44fd/userFiles-c8572d83-29e1-4b5b-aa1e-bcf76992a303/org.apache.iceberg_iceberg-spark-runtime-4.0_2.13-1.10.1.jar
[2026-04-13T05:17:59.950+0000] {subprocess.py:106} INFO - 26/04/13 05:17:59 INFO Executor: Fetching file:///home/spark/.ivy2.5.2/jars/org.apache.hadoop_hadoop-client-runtime-3.4.1.jar with timestamp 1776057473204
[2026-04-13T05:17:59.973+0000] {subprocess.py:106} INFO - 26/04/13 05:17:59 INFO Utils: /home/spark/.ivy2.5.2/jars/org.apache.hadoop_hadoop-client-runtime-3.4.1.jar has been previously copied to /tmp/spark-120e0614-88e1-4070-9090-99134c4b44fd/userFiles-c8572d83-29e1-4b5b-aa1e-bcf76992a303/org.apache.hadoop_hadoop-client-runtime-3.4.1.jar
[2026-04-13T05:17:59.993+0000] {subprocess.py:106} INFO - 26/04/13 05:17:59 INFO Executor: Fetching file:///home/spark/.ivy2.5.2/jars/org.apache.spark_spark-token-provider-kafka-0-10_2.13-4.0.0.jar with timestamp 1776057473204
[2026-04-13T05:17:59.994+0000] {subprocess.py:106} INFO - 26/04/13 05:17:59 INFO Utils: /home/spark/.ivy2.5.2/jars/org.apache.spark_spark-token-provider-kafka-0-10_2.13-4.0.0.jar has been previously copied to /tmp/spark-120e0614-88e1-4070-9090-99134c4b44fd/userFiles-c8572d83-29e1-4b5b-aa1e-bcf76992a303/org.apache.spark_spark-token-provider-kafka-0-10_2.13-4.0.0.jar
[2026-04-13T05:18:00.016+0000] {subprocess.py:106} INFO - 26/04/13 05:18:00 INFO Executor: Fetching file:///home/spark/.ivy2.5.2/jars/com.google.code.findbugs_jsr305-3.0.0.jar with timestamp 1776057473204
[2026-04-13T05:18:00.019+0000] {subprocess.py:106} INFO - 26/04/13 05:18:00 INFO Utils: /home/spark/.ivy2.5.2/jars/com.google.code.findbugs_jsr305-3.0.0.jar has been previously copied to /tmp/spark-120e0614-88e1-4070-9090-99134c4b44fd/userFiles-c8572d83-29e1-4b5b-aa1e-bcf76992a303/com.google.code.findbugs_jsr305-3.0.0.jar
[2026-04-13T05:18:00.034+0000] {subprocess.py:106} INFO - 26/04/13 05:18:00 INFO Executor: Fetching file:///home/spark/.ivy2.5.2/jars/org.xerial.snappy_snappy-java-1.1.10.7.jar with timestamp 1776057473204
[2026-04-13T05:18:00.036+0000] {subprocess.py:106} INFO - 26/04/13 05:18:00 INFO Utils: /home/spark/.ivy2.5.2/jars/org.xerial.snappy_snappy-java-1.1.10.7.jar has been previously copied to /tmp/spark-120e0614-88e1-4070-9090-99134c4b44fd/userFiles-c8572d83-29e1-4b5b-aa1e-bcf76992a303/org.xerial.snappy_snappy-java-1.1.10.7.jar
[2026-04-13T05:18:00.063+0000] {subprocess.py:106} INFO - 26/04/13 05:18:00 INFO Executor: Fetching spark://spark-master:42123/jars/com.google.code.findbugs_jsr305-3.0.0.jar with timestamp 1776057473204
[2026-04-13T05:18:00.142+0000] {subprocess.py:106} INFO - 26/04/13 05:18:00 INFO TransportClientFactory: Successfully created connection to spark-master/172.20.0.5:42123 after 52 ms (0 ms spent in bootstraps)
[2026-04-13T05:18:00.156+0000] {subprocess.py:106} INFO - 26/04/13 05:18:00 INFO Utils: Fetching spark://spark-master:42123/jars/com.google.code.findbugs_jsr305-3.0.0.jar to /tmp/spark-120e0614-88e1-4070-9090-99134c4b44fd/userFiles-c8572d83-29e1-4b5b-aa1e-bcf76992a303/fetchFileTemp2271650314658037280.tmp
[2026-04-13T05:18:00.182+0000] {subprocess.py:106} INFO - 26/04/13 05:18:00 INFO Utils: /tmp/spark-120e0614-88e1-4070-9090-99134c4b44fd/userFiles-c8572d83-29e1-4b5b-aa1e-bcf76992a303/fetchFileTemp2271650314658037280.tmp has been previously copied to /tmp/spark-120e0614-88e1-4070-9090-99134c4b44fd/userFiles-c8572d83-29e1-4b5b-aa1e-bcf76992a303/com.google.code.findbugs_jsr305-3.0.0.jar
[2026-04-13T05:18:00.207+0000] {subprocess.py:106} INFO - 26/04/13 05:18:00 INFO Executor: Adding file:/tmp/spark-120e0614-88e1-4070-9090-99134c4b44fd/userFiles-c8572d83-29e1-4b5b-aa1e-bcf76992a303/com.google.code.findbugs_jsr305-3.0.0.jar to class loader default
[2026-04-13T05:18:00.213+0000] {subprocess.py:106} INFO - 26/04/13 05:18:00 INFO Executor: Fetching spark://spark-master:42123/jars/org.slf4j_slf4j-api-2.0.16.jar with timestamp 1776057473204
[2026-04-13T05:18:00.214+0000] {subprocess.py:106} INFO - 26/04/13 05:18:00 INFO Utils: Fetching spark://spark-master:42123/jars/org.slf4j_slf4j-api-2.0.16.jar to /tmp/spark-120e0614-88e1-4070-9090-99134c4b44fd/userFiles-c8572d83-29e1-4b5b-aa1e-bcf76992a303/fetchFileTemp6200611338816156717.tmp
[2026-04-13T05:18:00.216+0000] {subprocess.py:106} INFO - 26/04/13 05:18:00 INFO Utils: /tmp/spark-120e0614-88e1-4070-9090-99134c4b44fd/userFiles-c8572d83-29e1-4b5b-aa1e-bcf76992a303/fetchFileTemp6200611338816156717.tmp has been previously copied to /tmp/spark-120e0614-88e1-4070-9090-99134c4b44fd/userFiles-c8572d83-29e1-4b5b-aa1e-bcf76992a303/org.slf4j_slf4j-api-2.0.16.jar
[2026-04-13T05:18:00.229+0000] {subprocess.py:106} INFO - 26/04/13 05:18:00 INFO Executor: Adding file:/tmp/spark-120e0614-88e1-4070-9090-99134c4b44fd/userFiles-c8572d83-29e1-4b5b-aa1e-bcf76992a303/org.slf4j_slf4j-api-2.0.16.jar to class loader default
[2026-04-13T05:18:00.230+0000] {subprocess.py:106} INFO - 26/04/13 05:18:00 INFO Executor: Fetching spark://spark-master:42123/jars/org.apache.commons_commons-pool2-2.12.0.jar with timestamp 1776057473204
[2026-04-13T05:18:00.232+0000] {subprocess.py:106} INFO - 26/04/13 05:18:00 INFO Utils: Fetching spark://spark-master:42123/jars/org.apache.commons_commons-pool2-2.12.0.jar to /tmp/spark-120e0614-88e1-4070-9090-99134c4b44fd/userFiles-c8572d83-29e1-4b5b-aa1e-bcf76992a303/fetchFileTemp2587656364627384227.tmp
[2026-04-13T05:18:00.235+0000] {subprocess.py:106} INFO - 26/04/13 05:18:00 INFO Utils: /tmp/spark-120e0614-88e1-4070-9090-99134c4b44fd/userFiles-c8572d83-29e1-4b5b-aa1e-bcf76992a303/fetchFileTemp2587656364627384227.tmp has been previously copied to /tmp/spark-120e0614-88e1-4070-9090-99134c4b44fd/userFiles-c8572d83-29e1-4b5b-aa1e-bcf76992a303/org.apache.commons_commons-pool2-2.12.0.jar
[2026-04-13T05:18:00.249+0000] {subprocess.py:106} INFO - 26/04/13 05:18:00 INFO Executor: Adding file:/tmp/spark-120e0614-88e1-4070-9090-99134c4b44fd/userFiles-c8572d83-29e1-4b5b-aa1e-bcf76992a303/org.apache.commons_commons-pool2-2.12.0.jar to class loader default
[2026-04-13T05:18:00.250+0000] {subprocess.py:106} INFO - 26/04/13 05:18:00 INFO Executor: Fetching spark://spark-master:42123/jars/org.scala-lang.modules_scala-parallel-collections_2.13-1.2.0.jar with timestamp 1776057473204
[2026-04-13T05:18:00.251+0000] {subprocess.py:106} INFO - 26/04/13 05:18:00 INFO Utils: Fetching spark://spark-master:42123/jars/org.scala-lang.modules_scala-parallel-collections_2.13-1.2.0.jar to /tmp/spark-120e0614-88e1-4070-9090-99134c4b44fd/userFiles-c8572d83-29e1-4b5b-aa1e-bcf76992a303/fetchFileTemp2656215953316404038.tmp
[2026-04-13T05:18:00.265+0000] {subprocess.py:106} INFO - 26/04/13 05:18:00 INFO Utils: /tmp/spark-120e0614-88e1-4070-9090-99134c4b44fd/userFiles-c8572d83-29e1-4b5b-aa1e-bcf76992a303/fetchFileTemp2656215953316404038.tmp has been previously copied to /tmp/spark-120e0614-88e1-4070-9090-99134c4b44fd/userFiles-c8572d83-29e1-4b5b-aa1e-bcf76992a303/org.scala-lang.modules_scala-parallel-collections_2.13-1.2.0.jar
[2026-04-13T05:18:00.279+0000] {subprocess.py:106} INFO - 26/04/13 05:18:00 INFO Executor: Adding file:/tmp/spark-120e0614-88e1-4070-9090-99134c4b44fd/userFiles-c8572d83-29e1-4b5b-aa1e-bcf76992a303/org.scala-lang.modules_scala-parallel-collections_2.13-1.2.0.jar to class loader default
[2026-04-13T05:18:00.280+0000] {subprocess.py:106} INFO - 26/04/13 05:18:00 INFO Executor: Fetching spark://spark-master:42123/jars/org.apache.spark_spark-token-provider-kafka-0-10_2.13-4.0.0.jar with timestamp 1776057473204
[2026-04-13T05:18:00.281+0000] {subprocess.py:106} INFO - 26/04/13 05:18:00 INFO Utils: Fetching spark://spark-master:42123/jars/org.apache.spark_spark-token-provider-kafka-0-10_2.13-4.0.0.jar to /tmp/spark-120e0614-88e1-4070-9090-99134c4b44fd/userFiles-c8572d83-29e1-4b5b-aa1e-bcf76992a303/fetchFileTemp3900484860172911317.tmp
[2026-04-13T05:18:00.283+0000] {subprocess.py:106} INFO - 26/04/13 05:18:00 INFO Utils: /tmp/spark-120e0614-88e1-4070-9090-99134c4b44fd/userFiles-c8572d83-29e1-4b5b-aa1e-bcf76992a303/fetchFileTemp3900484860172911317.tmp has been previously copied to /tmp/spark-120e0614-88e1-4070-9090-99134c4b44fd/userFiles-c8572d83-29e1-4b5b-aa1e-bcf76992a303/org.apache.spark_spark-token-provider-kafka-0-10_2.13-4.0.0.jar
[2026-04-13T05:18:00.301+0000] {subprocess.py:106} INFO - 26/04/13 05:18:00 INFO Executor: Adding file:/tmp/spark-120e0614-88e1-4070-9090-99134c4b44fd/userFiles-c8572d83-29e1-4b5b-aa1e-bcf76992a303/org.apache.spark_spark-token-provider-kafka-0-10_2.13-4.0.0.jar to class loader default
[2026-04-13T05:18:00.302+0000] {subprocess.py:106} INFO - 26/04/13 05:18:00 INFO Executor: Fetching spark://spark-master:42123/jars/org.apache.hadoop_hadoop-client-api-3.4.1.jar with timestamp 1776057473204
[2026-04-13T05:18:00.303+0000] {subprocess.py:106} INFO - 26/04/13 05:18:00 INFO Utils: Fetching spark://spark-master:42123/jars/org.apache.hadoop_hadoop-client-api-3.4.1.jar to /tmp/spark-120e0614-88e1-4070-9090-99134c4b44fd/userFiles-c8572d83-29e1-4b5b-aa1e-bcf76992a303/fetchFileTemp1286336948152243715.tmp
[2026-04-13T05:18:00.600+0000] {subprocess.py:106} INFO - 26/04/13 05:18:00 INFO Utils: /tmp/spark-120e0614-88e1-4070-9090-99134c4b44fd/userFiles-c8572d83-29e1-4b5b-aa1e-bcf76992a303/fetchFileTemp1286336948152243715.tmp has been previously copied to /tmp/spark-120e0614-88e1-4070-9090-99134c4b44fd/userFiles-c8572d83-29e1-4b5b-aa1e-bcf76992a303/org.apache.hadoop_hadoop-client-api-3.4.1.jar
[2026-04-13T05:18:00.629+0000] {subprocess.py:106} INFO - 26/04/13 05:18:00 INFO Executor: Adding file:/tmp/spark-120e0614-88e1-4070-9090-99134c4b44fd/userFiles-c8572d83-29e1-4b5b-aa1e-bcf76992a303/org.apache.hadoop_hadoop-client-api-3.4.1.jar to class loader default
[2026-04-13T05:18:00.631+0000] {subprocess.py:106} INFO - 26/04/13 05:18:00 INFO Executor: Fetching spark://spark-master:42123/jars/org.apache.kafka_kafka-clients-3.9.0.jar with timestamp 1776057473204
[2026-04-13T05:18:00.632+0000] {subprocess.py:106} INFO - 26/04/13 05:18:00 INFO Utils: Fetching spark://spark-master:42123/jars/org.apache.kafka_kafka-clients-3.9.0.jar to /tmp/spark-120e0614-88e1-4070-9090-99134c4b44fd/userFiles-c8572d83-29e1-4b5b-aa1e-bcf76992a303/fetchFileTemp8173679482719778631.tmp
[2026-04-13T05:18:00.709+0000] {subprocess.py:106} INFO - 26/04/13 05:18:00 INFO Utils: /tmp/spark-120e0614-88e1-4070-9090-99134c4b44fd/userFiles-c8572d83-29e1-4b5b-aa1e-bcf76992a303/fetchFileTemp8173679482719778631.tmp has been previously copied to /tmp/spark-120e0614-88e1-4070-9090-99134c4b44fd/userFiles-c8572d83-29e1-4b5b-aa1e-bcf76992a303/org.apache.kafka_kafka-clients-3.9.0.jar
[2026-04-13T05:18:00.737+0000] {subprocess.py:106} INFO - 26/04/13 05:18:00 INFO Executor: Adding file:/tmp/spark-120e0614-88e1-4070-9090-99134c4b44fd/userFiles-c8572d83-29e1-4b5b-aa1e-bcf76992a303/org.apache.kafka_kafka-clients-3.9.0.jar to class loader default
[2026-04-13T05:18:00.738+0000] {subprocess.py:106} INFO - 26/04/13 05:18:00 INFO Executor: Fetching spark://spark-master:42123/jars/org.apache.hadoop_hadoop-client-runtime-3.4.1.jar with timestamp 1776057473204
[2026-04-13T05:18:00.739+0000] {subprocess.py:106} INFO - 26/04/13 05:18:00 INFO Utils: Fetching spark://spark-master:42123/jars/org.apache.hadoop_hadoop-client-runtime-3.4.1.jar to /tmp/spark-120e0614-88e1-4070-9090-99134c4b44fd/userFiles-c8572d83-29e1-4b5b-aa1e-bcf76992a303/fetchFileTemp14172673017868648041.tmp
[2026-04-13T05:18:00.946+0000] {subprocess.py:106} INFO - 26/04/13 05:18:00 INFO Utils: /tmp/spark-120e0614-88e1-4070-9090-99134c4b44fd/userFiles-c8572d83-29e1-4b5b-aa1e-bcf76992a303/fetchFileTemp14172673017868648041.tmp has been previously copied to /tmp/spark-120e0614-88e1-4070-9090-99134c4b44fd/userFiles-c8572d83-29e1-4b5b-aa1e-bcf76992a303/org.apache.hadoop_hadoop-client-runtime-3.4.1.jar
[2026-04-13T05:18:00.963+0000] {subprocess.py:106} INFO - 26/04/13 05:18:00 INFO Executor: Adding file:/tmp/spark-120e0614-88e1-4070-9090-99134c4b44fd/userFiles-c8572d83-29e1-4b5b-aa1e-bcf76992a303/org.apache.hadoop_hadoop-client-runtime-3.4.1.jar to class loader default
[2026-04-13T05:18:00.964+0000] {subprocess.py:106} INFO - 26/04/13 05:18:00 INFO Executor: Fetching spark://spark-master:42123/jars/org.apache.spark_spark-sql-kafka-0-10_2.13-4.0.0.jar with timestamp 1776057473204
[2026-04-13T05:18:00.965+0000] {subprocess.py:106} INFO - 26/04/13 05:18:00 INFO Utils: Fetching spark://spark-master:42123/jars/org.apache.spark_spark-sql-kafka-0-10_2.13-4.0.0.jar to /tmp/spark-120e0614-88e1-4070-9090-99134c4b44fd/userFiles-c8572d83-29e1-4b5b-aa1e-bcf76992a303/fetchFileTemp7301208146975325870.tmp
[2026-04-13T05:18:00.968+0000] {subprocess.py:106} INFO - 26/04/13 05:18:00 INFO Utils: /tmp/spark-120e0614-88e1-4070-9090-99134c4b44fd/userFiles-c8572d83-29e1-4b5b-aa1e-bcf76992a303/fetchFileTemp7301208146975325870.tmp has been previously copied to /tmp/spark-120e0614-88e1-4070-9090-99134c4b44fd/userFiles-c8572d83-29e1-4b5b-aa1e-bcf76992a303/org.apache.spark_spark-sql-kafka-0-10_2.13-4.0.0.jar
[2026-04-13T05:18:00.981+0000] {subprocess.py:106} INFO - 26/04/13 05:18:00 INFO Executor: Adding file:/tmp/spark-120e0614-88e1-4070-9090-99134c4b44fd/userFiles-c8572d83-29e1-4b5b-aa1e-bcf76992a303/org.apache.spark_spark-sql-kafka-0-10_2.13-4.0.0.jar to class loader default
[2026-04-13T05:18:00.982+0000] {subprocess.py:106} INFO - 26/04/13 05:18:00 INFO Executor: Fetching spark://spark-master:42123/jars/org.lz4_lz4-java-1.8.0.jar with timestamp 1776057473204
[2026-04-13T05:18:00.983+0000] {subprocess.py:106} INFO - 26/04/13 05:18:00 INFO Utils: Fetching spark://spark-master:42123/jars/org.lz4_lz4-java-1.8.0.jar to /tmp/spark-120e0614-88e1-4070-9090-99134c4b44fd/userFiles-c8572d83-29e1-4b5b-aa1e-bcf76992a303/fetchFileTemp7766196081215249786.tmp
[2026-04-13T05:18:00.985+0000] {subprocess.py:106} INFO - 26/04/13 05:18:00 INFO Utils: /tmp/spark-120e0614-88e1-4070-9090-99134c4b44fd/userFiles-c8572d83-29e1-4b5b-aa1e-bcf76992a303/fetchFileTemp7766196081215249786.tmp has been previously copied to /tmp/spark-120e0614-88e1-4070-9090-99134c4b44fd/userFiles-c8572d83-29e1-4b5b-aa1e-bcf76992a303/org.lz4_lz4-java-1.8.0.jar
[2026-04-13T05:18:01.000+0000] {subprocess.py:106} INFO - 26/04/13 05:18:00 INFO Executor: Adding file:/tmp/spark-120e0614-88e1-4070-9090-99134c4b44fd/userFiles-c8572d83-29e1-4b5b-aa1e-bcf76992a303/org.lz4_lz4-java-1.8.0.jar to class loader default
[2026-04-13T05:18:01.001+0000] {subprocess.py:106} INFO - 26/04/13 05:18:00 INFO Executor: Fetching spark://spark-master:42123/jars/org.xerial.snappy_snappy-java-1.1.10.7.jar with timestamp 1776057473204
[2026-04-13T05:18:01.002+0000] {subprocess.py:106} INFO - 26/04/13 05:18:00 INFO Utils: Fetching spark://spark-master:42123/jars/org.xerial.snappy_snappy-java-1.1.10.7.jar to /tmp/spark-120e0614-88e1-4070-9090-99134c4b44fd/userFiles-c8572d83-29e1-4b5b-aa1e-bcf76992a303/fetchFileTemp12609188091763880642.tmp
[2026-04-13T05:18:01.013+0000] {subprocess.py:106} INFO - 26/04/13 05:18:01 INFO Utils: /tmp/spark-120e0614-88e1-4070-9090-99134c4b44fd/userFiles-c8572d83-29e1-4b5b-aa1e-bcf76992a303/fetchFileTemp12609188091763880642.tmp has been previously copied to /tmp/spark-120e0614-88e1-4070-9090-99134c4b44fd/userFiles-c8572d83-29e1-4b5b-aa1e-bcf76992a303/org.xerial.snappy_snappy-java-1.1.10.7.jar
[2026-04-13T05:18:01.028+0000] {subprocess.py:106} INFO - 26/04/13 05:18:01 INFO Executor: Adding file:/tmp/spark-120e0614-88e1-4070-9090-99134c4b44fd/userFiles-c8572d83-29e1-4b5b-aa1e-bcf76992a303/org.xerial.snappy_snappy-java-1.1.10.7.jar to class loader default
[2026-04-13T05:18:01.029+0000] {subprocess.py:106} INFO - 26/04/13 05:18:01 INFO Executor: Fetching spark://spark-master:42123/jars/org.apache.iceberg_iceberg-spark-runtime-4.0_2.13-1.10.1.jar with timestamp 1776057473204
[2026-04-13T05:18:01.030+0000] {subprocess.py:106} INFO - 26/04/13 05:18:01 INFO Utils: Fetching spark://spark-master:42123/jars/org.apache.iceberg_iceberg-spark-runtime-4.0_2.13-1.10.1.jar to /tmp/spark-120e0614-88e1-4070-9090-99134c4b44fd/userFiles-c8572d83-29e1-4b5b-aa1e-bcf76992a303/fetchFileTemp13715183508630471316.tmp
[2026-04-13T05:18:04.824+0000] {subprocess.py:106} INFO - 26/04/13 05:18:04 INFO Utils: /tmp/spark-120e0614-88e1-4070-9090-99134c4b44fd/userFiles-c8572d83-29e1-4b5b-aa1e-bcf76992a303/fetchFileTemp13715183508630471316.tmp has been previously copied to /tmp/spark-120e0614-88e1-4070-9090-99134c4b44fd/userFiles-c8572d83-29e1-4b5b-aa1e-bcf76992a303/org.apache.iceberg_iceberg-spark-runtime-4.0_2.13-1.10.1.jar
[2026-04-13T05:18:04.857+0000] {subprocess.py:106} INFO - 26/04/13 05:18:04 INFO Executor: Adding file:/tmp/spark-120e0614-88e1-4070-9090-99134c4b44fd/userFiles-c8572d83-29e1-4b5b-aa1e-bcf76992a303/org.apache.iceberg_iceberg-spark-runtime-4.0_2.13-1.10.1.jar to class loader default
[2026-04-13T05:18:06.525+0000] {subprocess.py:106} INFO - 26/04/13 05:18:06 INFO Utils: Successfully started service 'org.apache.spark.network.netty.NettyBlockTransferService' on port 41585.
[2026-04-13T05:18:06.527+0000] {subprocess.py:106} INFO - 26/04/13 05:18:06 INFO NettyBlockTransferService: Server created on spark-master:41585
[2026-04-13T05:18:06.532+0000] {subprocess.py:106} INFO - 26/04/13 05:18:06 INFO BlockManager: Using org.apache.spark.storage.RandomBlockReplicationPolicy for block replication policy
[2026-04-13T05:18:06.572+0000] {subprocess.py:106} INFO - 26/04/13 05:18:06 INFO BlockManagerMaster: Registering BlockManager BlockManagerId(driver, spark-master, 41585, None)
[2026-04-13T05:18:06.591+0000] {subprocess.py:106} INFO - 26/04/13 05:18:06 INFO BlockManagerMasterEndpoint: Registering block manager spark-master:41585 with 1048.8 MiB RAM, BlockManagerId(driver, spark-master, 41585, None)
[2026-04-13T05:18:06.601+0000] {subprocess.py:106} INFO - 26/04/13 05:18:06 INFO BlockManagerMaster: Registered BlockManager BlockManagerId(driver, spark-master, 41585, None)
[2026-04-13T05:18:06.603+0000] {subprocess.py:106} INFO - 26/04/13 05:18:06 INFO BlockManager: Initialized BlockManager: BlockManagerId(driver, spark-master, 41585, None)
[2026-04-13T05:18:16.094+0000] {subprocess.py:106} INFO - Spark + Iceberg ready!
[2026-04-13T05:18:16.269+0000] {subprocess.py:106} INFO - 26/04/13 05:18:16 INFO SharedState: spark.sql.warehouse.dir is not set, but hive.metastore.warehouse.dir is set. Setting spark.sql.warehouse.dir to the value of hive.metastore.warehouse.dir.
[2026-04-13T05:18:17.155+0000] {subprocess.py:106} INFO - 26/04/13 05:18:17 INFO SharedState: Warehouse path is 'hdfs://23133083thuyvan-master:9000/user/hive/lakehouse'.
[2026-04-13T05:18:19.810+0000] {subprocess.py:106} INFO - 26/04/13 05:18:19 INFO CatalogUtil: Loading custom FileIO implementation: org.apache.iceberg.hadoop.HadoopFileIO
[2026-04-13T05:18:22.541+0000] {subprocess.py:106} INFO - 26/04/13 05:18:22 INFO HiveConf: Found configuration file file:/home/spark/spark/conf/hive-site.xml
[2026-04-13T05:18:23.065+0000] {subprocess.py:106} INFO - 26/04/13 05:18:23 INFO metastore: Trying to connect to metastore with URI thrift://23133083thuyvan-master:9083
[2026-04-13T05:18:23.135+0000] {subprocess.py:106} INFO - 26/04/13 05:18:23 INFO metastore: Opened a connection to metastore, current connections: 1
[2026-04-13T05:18:23.436+0000] {subprocess.py:106} INFO - 26/04/13 05:18:23 INFO metastore: Connected to metastore.
[2026-04-13T05:18:24.688+0000] {subprocess.py:106} INFO - Iceberg schema 'iceberg.air_quality_db' ready!
[2026-04-13T05:18:25.645+0000] {subprocess.py:106} INFO - 26/04/13 05:18:25 WARN SparkStringUtils: Truncated the string representation of a plan since it was too large. This behavior can be adjusted by setting 'spark.sql.debug.maxToStringFields'.
[2026-04-13T05:18:26.723+0000] {subprocess.py:106} INFO - 26/04/13 05:18:26 INFO BaseMetastoreTableOperations: Refreshing table metadata from new version: hdfs://23133083thuyvan-master:9000/user/hive/lakehouse/silver/air_quality_silver/metadata/00002-74002cd5-e07f-4a95-9fb4-5e4a2fc1b32a.metadata.json
[2026-04-13T05:18:28.368+0000] {subprocess.py:106} INFO - 26/04/13 05:18:28 INFO BaseMetastoreCatalog: Table loaded by catalog: iceberg.air_quality_db.air_quality_silver
[2026-04-13T05:18:28.397+0000] {subprocess.py:106} INFO - Iceberg table 'weather_real_time' ready!
[2026-04-13T05:18:31.249+0000] {subprocess.py:106} INFO - 26/04/13 05:18:31 INFO StateStoreCoordinatorRef: Registered StateStoreCoordinator endpoint
[2026-04-13T05:18:31.518+0000] {subprocess.py:106} INFO - 26/04/13 05:18:31 INFO ResolveWriteToStream: Checkpoint root hdfs://23133083thuyvan-master:9000/user/hive/checkpoints/air_quality_realtime resolved to hdfs://23133083thuyvan-master:9000/user/hive/checkpoints/air_quality_realtime.
[2026-04-13T05:18:31.519+0000] {subprocess.py:106} INFO - 26/04/13 05:18:31 WARN ResolveWriteToStream: spark.sql.adaptive.enabled is not supported in streaming DataFrames/Datasets and will be disabled.
[2026-04-13T05:18:31.948+0000] {subprocess.py:106} INFO - 26/04/13 05:18:31 INFO MicroBatchExecution: Starting [id = c143f72f-f7dd-4998-b4c6-8d32da184699, runId = 8299c081-435e-4ab5-b59e-fadc98795be3]. Use hdfs://23133083thuyvan-master:9000/user/hive/checkpoints/air_quality_realtime to store the query checkpoint.
[2026-04-13T05:18:31.980+0000] {subprocess.py:106} INFO - Streaming job started! Listening to 'weather-topic'...
[2026-04-13T05:18:32.004+0000] {subprocess.py:106} INFO - 26/04/13 05:18:31 INFO MicroBatchExecution: Reading table [org.apache.spark.sql.kafka010.KafkaSourceProvider$KafkaTable@1d694f2b] from DataSourceV2 named 'kafka' [org.apache.spark.sql.kafka010.KafkaSourceProvider@555b2a63]
[2026-04-13T05:18:32.085+0000] {subprocess.py:106} INFO - 26/04/13 05:18:32 INFO MicroBatchExecution: Finish initializing with logical plan:
[2026-04-13T05:18:32.086+0000] {subprocess.py:106} INFO - ~WriteToMicroBatchDataSourceV1 ForeachBatchSink, c143f72f-f7dd-4998-b4c6-8d32da184699, [checkpointLocation=hdfs://23133083thuyvan-master:9000/user/hive/checkpoints/air_quality_realtime], Append
[2026-04-13T05:18:32.089+0000] {subprocess.py:106} INFO - +- ~Project [timestamp#42, location#17, latitude#18, longitude#19, country#20, condition_text#21, timezone#22, temperature_2m#23, relative_humidity_2m#24, apparent_temperature#25, precipitation#26, cloud_cover#27, wind_speed_10m#28, wind_direction_10m#29, wind_gusts_10m#30, uv_index#31, weather_code#32, european_aqi#33, us_aqi#34, pm10#35, pm2_5#36, carbon_monoxide#37, nitrogen_dioxide#38, sulphur_dioxide#39, ozone#40, ... 2 more fields]
[2026-04-13T05:18:32.090+0000] {subprocess.py:106} INFO -    +- ~Project [to_timestamp(timestamp#16, None, TimestampType, Some(GMT), true) AS timestamp#42, location#17, latitude#18, longitude#19, country#20, condition_text#21, timezone#22, temperature_2m#23, relative_humidity_2m#24, apparent_temperature#25, precipitation#26, cloud_cover#27, wind_speed_10m#28, wind_direction_10m#29, wind_gusts_10m#30, uv_index#31, weather_code#32, european_aqi#33, us_aqi#34, pm10#35, pm2_5#36, carbon_monoxide#37, nitrogen_dioxide#38, sulphur_dioxide#39, ozone#40, ... 1 more fields]
[2026-04-13T05:18:32.095+0000] {subprocess.py:106} INFO -       +- ~Project [timestamp#16, location#17, latitude#18, longitude#19, country#20, condition_text#21, timezone#22, temperature_2m#23, relative_humidity_2m#24, apparent_temperature#25, precipitation#26, cloud_cover#27, wind_speed_10m#28, wind_direction_10m#29, wind_gusts_10m#30, uv_index#31, weather_code#32, european_aqi#33, us_aqi#34, pm10#35, pm2_5#36, carbon_monoxide#37, nitrogen_dioxide#38, sulphur_dioxide#39, ozone#40, ... 1 more fields]
[2026-04-13T05:18:32.097+0000] {subprocess.py:106} INFO -          +- ~Project [data#15.timestamp AS timestamp#16, data#15.location AS location#17, data#15.latitude AS latitude#18, data#15.longitude AS longitude#19, data#15.country AS country#20, data#15.condition_text AS condition_text#21, data#15.timezone AS timezone#22, data#15.temperature_2m AS temperature_2m#23, data#15.relative_humidity_2m AS relative_humidity_2m#24, data#15.apparent_temperature AS apparent_temperature#25, data#15.precipitation AS precipitation#26, data#15.cloud_cover AS cloud_cover#27, data#15.wind_speed_10m AS wind_speed_10m#28, data#15.wind_direction_10m AS wind_direction_10m#29, data#15.wind_gusts_10m AS wind_gusts_10m#30, data#15.uv_index AS uv_index#31, data#15.weather_code AS weather_code#32, data#15.european_aqi AS european_aqi#33, data#15.us_aqi AS us_aqi#34, data#15.pm10 AS pm10#35, data#15.pm2_5 AS pm2_5#36, data#15.carbon_monoxide AS carbon_monoxide#37, data#15.nitrogen_dioxide AS nitrogen_dioxide#38, data#15.sulphur_dioxide AS sulphur_dioxide#39, data#15.ozone AS ozone#40]
[2026-04-13T05:18:32.102+0000] {subprocess.py:106} INFO -             +- ~Project [from_json(StructField(timestamp,StringType,true), StructField(location,StringType,true), StructField(latitude,DoubleType,true), StructField(longitude,DoubleType,true), StructField(country,StringType,true), StructField(condition_text,StringType,true), StructField(timezone,StringType,true), StructField(temperature_2m,DoubleType,true), StructField(relative_humidity_2m,DoubleType,true), StructField(apparent_temperature,DoubleType,true), StructField(precipitation,DoubleType,true), StructField(cloud_cover,DoubleType,true), StructField(wind_speed_10m,DoubleType,true), StructField(wind_direction_10m,DoubleType,true), StructField(wind_gusts_10m,DoubleType,true), StructField(uv_index,DoubleType,true), StructField(weather_code,IntegerType,true), StructField(european_aqi,IntegerType,true), StructField(us_aqi,IntegerType,true), StructField(pm10,DoubleType,true), StructField(pm2_5,DoubleType,true), StructField(carbon_monoxide,DoubleType,true), StructField(nitrogen_dioxide,DoubleType,true), StructField(sulphur_dioxide,DoubleType,true), StructField(ozone,DoubleType,true), ... 3 more fields) AS data#15]
[2026-04-13T05:18:32.103+0000] {subprocess.py:106} INFO -                +- ~Project [cast(value#8 as string) AS json#14]
[2026-04-13T05:18:32.104+0000] {subprocess.py:106} INFO -                   +- ~StreamingDataSourceV2ScanRelation[key#7, value#8, topic#9, partition#10, offset#11L, timestamp#12, timestampType#13] KafkaTable
[2026-04-13T05:18:32.105+0000] {subprocess.py:106} INFO - 
[2026-04-13T05:18:32.141+0000] {subprocess.py:106} INFO - 26/04/13 05:18:32 INFO OffsetSeqLog: BatchIds found from listing: 0, 1, 2
[2026-04-13T05:18:32.163+0000] {subprocess.py:106} INFO - 26/04/13 05:18:32 INFO OffsetSeqLog: Getting latest batch 2
[2026-04-13T05:18:32.224+0000] {subprocess.py:106} INFO - 26/04/13 05:18:32 INFO OffsetSeqLog: BatchIds found from listing: 0, 1, 2
[2026-04-13T05:18:32.228+0000] {subprocess.py:106} INFO - 26/04/13 05:18:32 INFO OffsetSeqLog: Getting latest batch 2
[2026-04-13T05:18:32.274+0000] {subprocess.py:106} INFO - 26/04/13 05:18:32 INFO CommitLog: BatchIds found from listing: 0, 1, 2
[2026-04-13T05:18:32.275+0000] {subprocess.py:106} INFO - 26/04/13 05:18:32 INFO CommitLog: Getting latest batch 2
[2026-04-13T05:18:32.730+0000] {subprocess.py:106} INFO - 26/04/13 05:18:32 INFO MicroBatchExecution: Resuming at batch 3 with committed offsets {KafkaV2[Subscribe[weather-topic]]: {"weather-topic":{"0":25,"1":23,"2":32}}} and available offsets {KafkaV2[Subscribe[weather-topic]]: {"weather-topic":{"0":25,"1":23,"2":32}}}
[2026-04-13T05:18:32.731+0000] {subprocess.py:106} INFO - 26/04/13 05:18:32 INFO MicroBatchExecution: Stream started from {KafkaV2[Subscribe[weather-topic]]: {"weather-topic":{"0":25,"1":23,"2":32}}}
[2026-04-13T05:18:32.892+0000] {subprocess.py:106} INFO - 26/04/13 05:18:32 INFO AdminClientConfig: AdminClientConfig values:
[2026-04-13T05:18:32.892+0000] {subprocess.py:106} INFO - 	auto.include.jmx.reporter = true
[2026-04-13T05:18:32.894+0000] {subprocess.py:106} INFO - 	bootstrap.controllers = []
[2026-04-13T05:18:32.895+0000] {subprocess.py:106} INFO - 	bootstrap.servers = [kafka:9092]
[2026-04-13T05:18:32.896+0000] {subprocess.py:106} INFO - 	client.dns.lookup = use_all_dns_ips
[2026-04-13T05:18:32.897+0000] {subprocess.py:106} INFO - 	client.id =
[2026-04-13T05:18:32.898+0000] {subprocess.py:106} INFO - 	connections.max.idle.ms = 300000
[2026-04-13T05:18:32.900+0000] {subprocess.py:106} INFO - 	default.api.timeout.ms = 60000
[2026-04-13T05:18:32.900+0000] {subprocess.py:106} INFO - 	enable.metrics.push = true
[2026-04-13T05:18:32.901+0000] {subprocess.py:106} INFO - 	metadata.max.age.ms = 300000
[2026-04-13T05:18:32.902+0000] {subprocess.py:106} INFO - 	metadata.recovery.strategy = none
[2026-04-13T05:18:32.902+0000] {subprocess.py:106} INFO - 	metric.reporters = []
[2026-04-13T05:18:32.903+0000] {subprocess.py:106} INFO - 	metrics.num.samples = 2
[2026-04-13T05:18:32.903+0000] {subprocess.py:106} INFO - 	metrics.recording.level = INFO
[2026-04-13T05:18:32.904+0000] {subprocess.py:106} INFO - 	metrics.sample.window.ms = 30000
[2026-04-13T05:18:32.905+0000] {subprocess.py:106} INFO - 	receive.buffer.bytes = 65536
[2026-04-13T05:18:32.906+0000] {subprocess.py:106} INFO - 	reconnect.backoff.max.ms = 1000
[2026-04-13T05:18:32.906+0000] {subprocess.py:106} INFO - 	reconnect.backoff.ms = 50
[2026-04-13T05:18:32.907+0000] {subprocess.py:106} INFO - 	request.timeout.ms = 30000
[2026-04-13T05:18:32.908+0000] {subprocess.py:106} INFO - 	retries = 2147483647
[2026-04-13T05:18:32.908+0000] {subprocess.py:106} INFO - 	retry.backoff.max.ms = 1000
[2026-04-13T05:18:32.909+0000] {subprocess.py:106} INFO - 	retry.backoff.ms = 100
[2026-04-13T05:18:32.910+0000] {subprocess.py:106} INFO - 	sasl.client.callback.handler.class = null
[2026-04-13T05:18:32.911+0000] {subprocess.py:106} INFO - 	sasl.jaas.config = null
[2026-04-13T05:18:32.911+0000] {subprocess.py:106} INFO - 	sasl.kerberos.kinit.cmd = /usr/bin/kinit
[2026-04-13T05:18:32.912+0000] {subprocess.py:106} INFO - 	sasl.kerberos.min.time.before.relogin = 60000
[2026-04-13T05:18:32.912+0000] {subprocess.py:106} INFO - 	sasl.kerberos.service.name = null
[2026-04-13T05:18:32.913+0000] {subprocess.py:106} INFO - 	sasl.kerberos.ticket.renew.jitter = 0.05
[2026-04-13T05:18:32.914+0000] {subprocess.py:106} INFO - 	sasl.kerberos.ticket.renew.window.factor = 0.8
[2026-04-13T05:18:32.914+0000] {subprocess.py:106} INFO - 	sasl.login.callback.handler.class = null
[2026-04-13T05:18:32.915+0000] {subprocess.py:106} INFO - 	sasl.login.class = null
[2026-04-13T05:18:32.915+0000] {subprocess.py:106} INFO - 	sasl.login.connect.timeout.ms = null
[2026-04-13T05:18:32.916+0000] {subprocess.py:106} INFO - 	sasl.login.read.timeout.ms = null
[2026-04-13T05:18:32.917+0000] {subprocess.py:106} INFO - 	sasl.login.refresh.buffer.seconds = 300
[2026-04-13T05:18:32.917+0000] {subprocess.py:106} INFO - 	sasl.login.refresh.min.period.seconds = 60
[2026-04-13T05:18:32.917+0000] {subprocess.py:106} INFO - 	sasl.login.refresh.window.factor = 0.8
[2026-04-13T05:18:32.918+0000] {subprocess.py:106} INFO - 	sasl.login.refresh.window.jitter = 0.05
[2026-04-13T05:18:32.919+0000] {subprocess.py:106} INFO - 	sasl.login.retry.backoff.max.ms = 10000
[2026-04-13T05:18:32.919+0000] {subprocess.py:106} INFO - 	sasl.login.retry.backoff.ms = 100
[2026-04-13T05:18:32.920+0000] {subprocess.py:106} INFO - 	sasl.mechanism = GSSAPI
[2026-04-13T05:18:32.921+0000] {subprocess.py:106} INFO - 	sasl.oauthbearer.clock.skew.seconds = 30
[2026-04-13T05:18:32.921+0000] {subprocess.py:106} INFO - 	sasl.oauthbearer.expected.audience = null
[2026-04-13T05:18:32.922+0000] {subprocess.py:106} INFO - 	sasl.oauthbearer.expected.issuer = null
[2026-04-13T05:18:32.922+0000] {subprocess.py:106} INFO - 	sasl.oauthbearer.header.urlencode = false
[2026-04-13T05:18:32.923+0000] {subprocess.py:106} INFO - 	sasl.oauthbearer.jwks.endpoint.refresh.ms = 3600000
[2026-04-13T05:18:32.924+0000] {subprocess.py:106} INFO - 	sasl.oauthbearer.jwks.endpoint.retry.backoff.max.ms = 10000
[2026-04-13T05:18:32.924+0000] {subprocess.py:106} INFO - 	sasl.oauthbearer.jwks.endpoint.retry.backoff.ms = 100
[2026-04-13T05:18:32.925+0000] {subprocess.py:106} INFO - 	sasl.oauthbearer.jwks.endpoint.url = null
[2026-04-13T05:18:32.925+0000] {subprocess.py:106} INFO - 	sasl.oauthbearer.scope.claim.name = scope
[2026-04-13T05:18:32.926+0000] {subprocess.py:106} INFO - 	sasl.oauthbearer.sub.claim.name = sub
[2026-04-13T05:18:32.926+0000] {subprocess.py:106} INFO - 	sasl.oauthbearer.token.endpoint.url = null
[2026-04-13T05:18:32.927+0000] {subprocess.py:106} INFO - 	security.protocol = PLAINTEXT
[2026-04-13T05:18:32.928+0000] {subprocess.py:106} INFO - 	security.providers = null
[2026-04-13T05:18:32.928+0000] {subprocess.py:106} INFO - 	send.buffer.bytes = 131072
[2026-04-13T05:18:32.928+0000] {subprocess.py:106} INFO - 	socket.connection.setup.timeout.max.ms = 30000
[2026-04-13T05:18:32.930+0000] {subprocess.py:106} INFO - 	socket.connection.setup.timeout.ms = 10000
[2026-04-13T05:18:32.931+0000] {subprocess.py:106} INFO - 	ssl.cipher.suites = null
[2026-04-13T05:18:32.932+0000] {subprocess.py:106} INFO - 	ssl.enabled.protocols = [TLSv1.2, TLSv1.3]
[2026-04-13T05:18:32.932+0000] {subprocess.py:106} INFO - 	ssl.endpoint.identification.algorithm = https
[2026-04-13T05:18:32.933+0000] {subprocess.py:106} INFO - 	ssl.engine.factory.class = null
[2026-04-13T05:18:32.933+0000] {subprocess.py:106} INFO - 	ssl.key.password = null
[2026-04-13T05:18:32.934+0000] {subprocess.py:106} INFO - 	ssl.keymanager.algorithm = SunX509
[2026-04-13T05:18:32.935+0000] {subprocess.py:106} INFO - 	ssl.keystore.certificate.chain = null
[2026-04-13T05:18:32.936+0000] {subprocess.py:106} INFO - 	ssl.keystore.key = null
[2026-04-13T05:18:32.937+0000] {subprocess.py:106} INFO - 	ssl.keystore.location = null
[2026-04-13T05:18:32.937+0000] {subprocess.py:106} INFO - 	ssl.keystore.password = null
[2026-04-13T05:18:32.938+0000] {subprocess.py:106} INFO - 	ssl.keystore.type = JKS
[2026-04-13T05:18:32.939+0000] {subprocess.py:106} INFO - 	ssl.protocol = TLSv1.3
[2026-04-13T05:18:32.939+0000] {subprocess.py:106} INFO - 	ssl.provider = null
[2026-04-13T05:18:32.941+0000] {subprocess.py:106} INFO - 	ssl.secure.random.implementation = null
[2026-04-13T05:18:32.942+0000] {subprocess.py:106} INFO - 	ssl.trustmanager.algorithm = PKIX
[2026-04-13T05:18:32.942+0000] {subprocess.py:106} INFO - 	ssl.truststore.certificates = null
[2026-04-13T05:18:32.943+0000] {subprocess.py:106} INFO - 	ssl.truststore.location = null
[2026-04-13T05:18:32.943+0000] {subprocess.py:106} INFO - 	ssl.truststore.password = null
[2026-04-13T05:18:32.944+0000] {subprocess.py:106} INFO - 	ssl.truststore.type = JKS
[2026-04-13T05:18:32.944+0000] {subprocess.py:106} INFO - 
[2026-04-13T05:18:33.054+0000] {subprocess.py:106} INFO - 26/04/13 05:18:33 INFO AdminClientConfig: These configurations '[key.deserializer, value.deserializer, enable.auto.commit, max.poll.records, auto.offset.reset]' were supplied but are not used yet.
[2026-04-13T05:18:33.059+0000] {subprocess.py:106} INFO - 26/04/13 05:18:33 INFO AppInfoParser: Kafka version: 3.9.0
[2026-04-13T05:18:33.060+0000] {subprocess.py:106} INFO - 26/04/13 05:18:33 INFO AppInfoParser: Kafka commitId: 84caaa6e9da06435
[2026-04-13T05:18:33.060+0000] {subprocess.py:106} INFO - 26/04/13 05:18:33 INFO AppInfoParser: Kafka startTimeMs: 1776057513052
[2026-04-13T05:18:33.764+0000] {subprocess.py:106} INFO - 26/04/13 05:18:33 INFO MicroBatchExecutionContext: Extracting source progress metrics for source=KafkaV2[Subscribe[weather-topic]] took duration_ms=6
[2026-04-13T05:18:33.768+0000] {subprocess.py:106} INFO - 26/04/13 05:18:33 INFO MicroBatchExecutionContext: Extracting sink progress metrics for sink=ForeachBatchSink took duration_ms=1
[2026-04-13T05:19:00.018+0000] {subprocess.py:106} INFO - 26/04/13 05:19:00 INFO MicroBatchExecutionContext: Extracting source progress metrics for source=KafkaV2[Subscribe[weather-topic]] took duration_ms=0
[2026-04-13T05:19:00.019+0000] {subprocess.py:106} INFO - 26/04/13 05:19:00 INFO MicroBatchExecutionContext: Extracting sink progress metrics for sink=ForeachBatchSink took duration_ms=0
[2026-04-13T05:19:00.021+0000] {subprocess.py:106} INFO - 26/04/13 05:19:00 INFO ProgressReporter: Streaming query has been idle and waiting for new data more than 10000 ms.
[2026-04-13T05:19:30.030+0000] {subprocess.py:106} INFO - 26/04/13 05:19:30 INFO MicroBatchExecutionContext: Extracting source progress metrics for source=KafkaV2[Subscribe[weather-topic]] took duration_ms=0
[2026-04-13T05:19:30.031+0000] {subprocess.py:106} INFO - 26/04/13 05:19:30 INFO MicroBatchExecutionContext: Extracting sink progress metrics for sink=ForeachBatchSink took duration_ms=0
[2026-04-13T05:19:30.032+0000] {subprocess.py:106} INFO - 26/04/13 05:19:30 INFO ProgressReporter: Streaming query has been idle and waiting for new data more than 10000 ms.
[2026-04-13T05:20:00.026+0000] {subprocess.py:106} INFO - 26/04/13 05:20:00 INFO MicroBatchExecutionContext: Extracting source progress metrics for source=KafkaV2[Subscribe[weather-topic]] took duration_ms=0
[2026-04-13T05:20:00.027+0000] {subprocess.py:106} INFO - 26/04/13 05:20:00 INFO MicroBatchExecutionContext: Extracting sink progress metrics for sink=ForeachBatchSink took duration_ms=0
[2026-04-13T05:20:00.028+0000] {subprocess.py:106} INFO - 26/04/13 05:20:00 INFO ProgressReporter: Streaming query has been idle and waiting for new data more than 10000 ms.
[2026-04-13T05:20:30.035+0000] {subprocess.py:106} INFO - 26/04/13 05:20:30 INFO MicroBatchExecutionContext: Extracting source progress metrics for source=KafkaV2[Subscribe[weather-topic]] took duration_ms=0
[2026-04-13T05:20:30.036+0000] {subprocess.py:106} INFO - 26/04/13 05:20:30 INFO MicroBatchExecutionContext: Extracting sink progress metrics for sink=ForeachBatchSink took duration_ms=0
[2026-04-13T05:20:30.036+0000] {subprocess.py:106} INFO - 26/04/13 05:20:30 INFO ProgressReporter: Streaming query has been idle and waiting for new data more than 10000 ms.
[2026-04-13T05:21:00.031+0000] {subprocess.py:106} INFO - 26/04/13 05:21:00 INFO MicroBatchExecutionContext: Extracting source progress metrics for source=KafkaV2[Subscribe[weather-topic]] took duration_ms=0
[2026-04-13T05:21:00.032+0000] {subprocess.py:106} INFO - 26/04/13 05:21:00 INFO MicroBatchExecutionContext: Extracting sink progress metrics for sink=ForeachBatchSink took duration_ms=0
[2026-04-13T05:21:00.033+0000] {subprocess.py:106} INFO - 26/04/13 05:21:00 INFO ProgressReporter: Streaming query has been idle and waiting for new data more than 10000 ms.
[2026-04-13T05:21:30.032+0000] {subprocess.py:106} INFO - 26/04/13 05:21:30 INFO MicroBatchExecutionContext: Extracting source progress metrics for source=KafkaV2[Subscribe[weather-topic]] took duration_ms=0
[2026-04-13T05:21:30.032+0000] {subprocess.py:106} INFO - 26/04/13 05:21:30 INFO MicroBatchExecutionContext: Extracting sink progress metrics for sink=ForeachBatchSink took duration_ms=0
[2026-04-13T05:21:30.033+0000] {subprocess.py:106} INFO - 26/04/13 05:21:30 INFO ProgressReporter: Streaming query has been idle and waiting for new data more than 10000 ms.
[2026-04-13T05:22:00.101+0000] {subprocess.py:106} INFO - 26/04/13 05:22:00 INFO MicroBatchExecutionContext: Extracting source progress metrics for source=KafkaV2[Subscribe[weather-topic]] took duration_ms=0
[2026-04-13T05:22:00.115+0000] {subprocess.py:106} INFO - 26/04/13 05:22:00 INFO MicroBatchExecutionContext: Extracting sink progress metrics for sink=ForeachBatchSink took duration_ms=0
[2026-04-13T05:22:00.116+0000] {subprocess.py:106} INFO - 26/04/13 05:22:00 INFO ProgressReporter: Streaming query has been idle and waiting for new data more than 10000 ms.
[2026-04-13T05:22:30.101+0000] {subprocess.py:106} INFO - 26/04/13 05:22:30 INFO MicroBatchExecutionContext: Extracting source progress metrics for source=KafkaV2[Subscribe[weather-topic]] took duration_ms=2
[2026-04-13T05:22:30.112+0000] {subprocess.py:106} INFO - 26/04/13 05:22:30 INFO MicroBatchExecutionContext: Extracting sink progress metrics for sink=ForeachBatchSink took duration_ms=0
[2026-04-13T05:22:30.113+0000] {subprocess.py:106} INFO - 26/04/13 05:22:30 INFO ProgressReporter: Streaming query has been idle and waiting for new data more than 10000 ms.
[2026-04-13T05:23:00.029+0000] {subprocess.py:106} INFO - 26/04/13 05:23:00 INFO MicroBatchExecutionContext: Extracting source progress metrics for source=KafkaV2[Subscribe[weather-topic]] took duration_ms=0
[2026-04-13T05:23:00.030+0000] {subprocess.py:106} INFO - 26/04/13 05:23:00 INFO MicroBatchExecutionContext: Extracting sink progress metrics for sink=ForeachBatchSink took duration_ms=0
[2026-04-13T05:23:00.031+0000] {subprocess.py:106} INFO - 26/04/13 05:23:00 INFO ProgressReporter: Streaming query has been idle and waiting for new data more than 10000 ms.
[2026-04-13T05:23:26.112+0000] {subprocess.py:106} INFO - 26/04/13 05:23:26 INFO metastore: Closed a connection to metastore, current connections: 0
[2026-04-13T05:23:30.021+0000] {subprocess.py:106} INFO - 26/04/13 05:23:30 INFO MicroBatchExecutionContext: Extracting source progress metrics for source=KafkaV2[Subscribe[weather-topic]] took duration_ms=0
[2026-04-13T05:23:30.022+0000] {subprocess.py:106} INFO - 26/04/13 05:23:30 INFO MicroBatchExecutionContext: Extracting sink progress metrics for sink=ForeachBatchSink took duration_ms=0
[2026-04-13T05:23:30.023+0000] {subprocess.py:106} INFO - 26/04/13 05:23:30 INFO ProgressReporter: Streaming query has been idle and waiting for new data more than 10000 ms.
[2026-04-13T05:24:00.033+0000] {subprocess.py:106} INFO - 26/04/13 05:24:00 INFO MicroBatchExecutionContext: Extracting source progress metrics for source=KafkaV2[Subscribe[weather-topic]] took duration_ms=0
[2026-04-13T05:24:00.034+0000] {subprocess.py:106} INFO - 26/04/13 05:24:00 INFO MicroBatchExecutionContext: Extracting sink progress metrics for sink=ForeachBatchSink took duration_ms=0
[2026-04-13T05:24:00.035+0000] {subprocess.py:106} INFO - 26/04/13 05:24:00 INFO ProgressReporter: Streaming query has been idle and waiting for new data more than 10000 ms.
[2026-04-13T05:24:30.023+0000] {subprocess.py:106} INFO - 26/04/13 05:24:30 INFO MicroBatchExecutionContext: Extracting source progress metrics for source=KafkaV2[Subscribe[weather-topic]] took duration_ms=0
[2026-04-13T05:24:30.023+0000] {subprocess.py:106} INFO - 26/04/13 05:24:30 INFO MicroBatchExecutionContext: Extracting sink progress metrics for sink=ForeachBatchSink took duration_ms=0
[2026-04-13T05:24:30.024+0000] {subprocess.py:106} INFO - 26/04/13 05:24:30 INFO ProgressReporter: Streaming query has been idle and waiting for new data more than 10000 ms.
[2026-04-13T05:25:00.038+0000] {subprocess.py:106} INFO - 26/04/13 05:25:00 INFO MicroBatchExecutionContext: Extracting source progress metrics for source=KafkaV2[Subscribe[weather-topic]] took duration_ms=0
[2026-04-13T05:25:00.039+0000] {subprocess.py:106} INFO - 26/04/13 05:25:00 INFO MicroBatchExecutionContext: Extracting sink progress metrics for sink=ForeachBatchSink took duration_ms=0
[2026-04-13T05:25:00.040+0000] {subprocess.py:106} INFO - 26/04/13 05:25:00 INFO ProgressReporter: Streaming query has been idle and waiting for new data more than 10000 ms.
[2026-04-13T05:25:30.025+0000] {subprocess.py:106} INFO - 26/04/13 05:25:30 INFO MicroBatchExecutionContext: Extracting source progress metrics for source=KafkaV2[Subscribe[weather-topic]] took duration_ms=0
[2026-04-13T05:25:30.026+0000] {subprocess.py:106} INFO - 26/04/13 05:25:30 INFO MicroBatchExecutionContext: Extracting sink progress metrics for sink=ForeachBatchSink took duration_ms=0
[2026-04-13T05:25:30.026+0000] {subprocess.py:106} INFO - 26/04/13 05:25:30 INFO ProgressReporter: Streaming query has been idle and waiting for new data more than 10000 ms.
[2026-04-13T05:26:00.051+0000] {subprocess.py:106} INFO - 26/04/13 05:26:00 INFO MicroBatchExecutionContext: Extracting source progress metrics for source=KafkaV2[Subscribe[weather-topic]] took duration_ms=0
[2026-04-13T05:26:00.057+0000] {subprocess.py:106} INFO - 26/04/13 05:26:00 INFO MicroBatchExecutionContext: Extracting sink progress metrics for sink=ForeachBatchSink took duration_ms=0
[2026-04-13T05:26:00.058+0000] {subprocess.py:106} INFO - 26/04/13 05:26:00 INFO ProgressReporter: Streaming query has been idle and waiting for new data more than 10000 ms.
[2026-04-13T05:26:30.044+0000] {subprocess.py:106} INFO - 26/04/13 05:26:30 INFO MicroBatchExecutionContext: Extracting source progress metrics for source=KafkaV2[Subscribe[weather-topic]] took duration_ms=0
[2026-04-13T05:26:30.045+0000] {subprocess.py:106} INFO - 26/04/13 05:26:30 INFO MicroBatchExecutionContext: Extracting sink progress metrics for sink=ForeachBatchSink took duration_ms=0
[2026-04-13T05:26:30.046+0000] {subprocess.py:106} INFO - 26/04/13 05:26:30 INFO ProgressReporter: Streaming query has been idle and waiting for new data more than 10000 ms.
[2026-04-13T05:27:00.041+0000] {subprocess.py:106} INFO - 26/04/13 05:27:00 INFO MicroBatchExecutionContext: Extracting source progress metrics for source=KafkaV2[Subscribe[weather-topic]] took duration_ms=0
[2026-04-13T05:27:00.042+0000] {subprocess.py:106} INFO - 26/04/13 05:27:00 INFO MicroBatchExecutionContext: Extracting sink progress metrics for sink=ForeachBatchSink took duration_ms=0
[2026-04-13T05:27:00.044+0000] {subprocess.py:106} INFO - 26/04/13 05:27:00 INFO ProgressReporter: Streaming query has been idle and waiting for new data more than 10000 ms.
[2026-04-13T05:27:30.030+0000] {subprocess.py:106} INFO - 26/04/13 05:27:30 INFO MicroBatchExecutionContext: Extracting source progress metrics for source=KafkaV2[Subscribe[weather-topic]] took duration_ms=0
[2026-04-13T05:27:30.031+0000] {subprocess.py:106} INFO - 26/04/13 05:27:30 INFO MicroBatchExecutionContext: Extracting sink progress metrics for sink=ForeachBatchSink took duration_ms=0
[2026-04-13T05:27:30.032+0000] {subprocess.py:106} INFO - 26/04/13 05:27:30 INFO ProgressReporter: Streaming query has been idle and waiting for new data more than 10000 ms.
[2026-04-13T05:28:00.029+0000] {subprocess.py:106} INFO - 26/04/13 05:28:00 INFO MicroBatchExecutionContext: Extracting source progress metrics for source=KafkaV2[Subscribe[weather-topic]] took duration_ms=0
[2026-04-13T05:28:00.030+0000] {subprocess.py:106} INFO - 26/04/13 05:28:00 INFO MicroBatchExecutionContext: Extracting sink progress metrics for sink=ForeachBatchSink took duration_ms=0
[2026-04-13T05:28:00.031+0000] {subprocess.py:106} INFO - 26/04/13 05:28:00 INFO ProgressReporter: Streaming query has been idle and waiting for new data more than 10000 ms.
[2026-04-13T05:28:30.022+0000] {subprocess.py:106} INFO - 26/04/13 05:28:30 INFO MicroBatchExecutionContext: Extracting source progress metrics for source=KafkaV2[Subscribe[weather-topic]] took duration_ms=0
[2026-04-13T05:28:30.023+0000] {subprocess.py:106} INFO - 26/04/13 05:28:30 INFO MicroBatchExecutionContext: Extracting sink progress metrics for sink=ForeachBatchSink took duration_ms=0
[2026-04-13T05:28:30.023+0000] {subprocess.py:106} INFO - 26/04/13 05:28:30 INFO ProgressReporter: Streaming query has been idle and waiting for new data more than 10000 ms.
[2026-04-13T05:29:00.093+0000] {subprocess.py:106} INFO - 26/04/13 05:29:00 INFO MicroBatchExecutionContext: Extracting source progress metrics for source=KafkaV2[Subscribe[weather-topic]] took duration_ms=1
[2026-04-13T05:29:00.101+0000] {subprocess.py:106} INFO - 26/04/13 05:29:00 INFO MicroBatchExecutionContext: Extracting sink progress metrics for sink=ForeachBatchSink took duration_ms=0
[2026-04-13T05:29:00.102+0000] {subprocess.py:106} INFO - 26/04/13 05:29:00 INFO ProgressReporter: Streaming query has been idle and waiting for new data more than 10000 ms.
[2026-04-13T05:29:30.032+0000] {subprocess.py:106} INFO - 26/04/13 05:29:30 INFO MicroBatchExecutionContext: Extracting source progress metrics for source=KafkaV2[Subscribe[weather-topic]] took duration_ms=0
[2026-04-13T05:29:30.033+0000] {subprocess.py:106} INFO - 26/04/13 05:29:30 INFO MicroBatchExecutionContext: Extracting sink progress metrics for sink=ForeachBatchSink took duration_ms=0
[2026-04-13T05:29:30.034+0000] {subprocess.py:106} INFO - 26/04/13 05:29:30 INFO ProgressReporter: Streaming query has been idle and waiting for new data more than 10000 ms.
[2026-04-13T05:30:00.319+0000] {subprocess.py:106} INFO - 26/04/13 05:30:00 INFO MicroBatchExecutionContext: Extracting source progress metrics for source=KafkaV2[Subscribe[weather-topic]] took duration_ms=2
[2026-04-13T05:30:00.353+0000] {subprocess.py:106} INFO - 26/04/13 05:30:00 INFO MicroBatchExecutionContext: Extracting sink progress metrics for sink=ForeachBatchSink took duration_ms=0
[2026-04-13T05:30:00.505+0000] {subprocess.py:106} INFO - 26/04/13 05:30:00 INFO ProgressReporter: Streaming query has been idle and waiting for new data more than 10000 ms.
[2026-04-13T05:30:30.297+0000] {subprocess.py:106} INFO - 26/04/13 05:30:30 INFO MicroBatchExecutionContext: Extracting source progress metrics for source=KafkaV2[Subscribe[weather-topic]] took duration_ms=3
[2026-04-13T05:30:30.317+0000] {subprocess.py:106} INFO - 26/04/13 05:30:30 INFO MicroBatchExecutionContext: Extracting sink progress metrics for sink=ForeachBatchSink took duration_ms=0
[2026-04-13T05:30:30.317+0000] {subprocess.py:106} INFO - 26/04/13 05:30:30 INFO ProgressReporter: Streaming query has been idle and waiting for new data more than 10000 ms.
[2026-04-13T05:31:00.048+0000] {subprocess.py:106} INFO - 26/04/13 05:31:00 INFO MicroBatchExecutionContext: Extracting source progress metrics for source=KafkaV2[Subscribe[weather-topic]] took duration_ms=0
[2026-04-13T05:31:00.049+0000] {subprocess.py:106} INFO - 26/04/13 05:31:00 INFO MicroBatchExecutionContext: Extracting sink progress metrics for sink=ForeachBatchSink took duration_ms=0
[2026-04-13T05:31:00.050+0000] {subprocess.py:106} INFO - 26/04/13 05:31:00 INFO ProgressReporter: Streaming query has been idle and waiting for new data more than 10000 ms.
[2026-04-13T05:31:30.033+0000] {subprocess.py:106} INFO - 26/04/13 05:31:30 INFO MicroBatchExecutionContext: Extracting source progress metrics for source=KafkaV2[Subscribe[weather-topic]] took duration_ms=0
[2026-04-13T05:31:30.035+0000] {subprocess.py:106} INFO - 26/04/13 05:31:30 INFO MicroBatchExecutionContext: Extracting sink progress metrics for sink=ForeachBatchSink took duration_ms=0
[2026-04-13T05:31:30.036+0000] {subprocess.py:106} INFO - 26/04/13 05:31:30 INFO ProgressReporter: Streaming query has been idle and waiting for new data more than 10000 ms.
