[2026-04-13T11:44:06.403+0000] {local_task_job_runner.py:123} INFO - ::group::Pre task execution logs
[2026-04-13T11:44:06.481+0000] {taskinstance.py:2613} INFO - Dependencies all met for dep_context=non-requeueable deps ti=<TaskInstance: weather_real_time_pipeline_v2.start_spark_streaming_job scheduled__2026-04-13T04:50:00+00:00 [queued]>
[2026-04-13T11:44:06.496+0000] {taskinstance.py:2613} INFO - Dependencies all met for dep_context=requeueable deps ti=<TaskInstance: weather_real_time_pipeline_v2.start_spark_streaming_job scheduled__2026-04-13T04:50:00+00:00 [queued]>
[2026-04-13T11:44:06.497+0000] {taskinstance.py:2866} INFO - Starting attempt 5 of 4
[2026-04-13T11:44:06.522+0000] {taskinstance.py:2889} INFO - Executing <Task(BashOperator): start_spark_streaming_job> on 2026-04-13 04:50:00+00:00
[2026-04-13T11:44:06.537+0000] {standard_task_runner.py:104} INFO - Running: ['airflow', 'tasks', 'run', 'weather_real_time_pipeline_v2', 'start_spark_streaming_job', 'scheduled__2026-04-13T04:50:00+00:00', '--job-id', '59', '--raw', '--subdir', 'DAGS_FOLDER/weather_pipeline_dag.py', '--cfg-path', '/tmp/tmplf4r095z']
[2026-04-13T11:44:06.541+0000] {standard_task_runner.py:105} INFO - Job 59: Subtask start_spark_streaming_job
[2026-04-13T11:44:06.545+0000] {logging_mixin.py:190} WARNING - /home/airflow/airflow/venv/lib/python3.12/site-packages/airflow/task/task_runner/standard_task_runner.py:70 DeprecationWarning: This process (pid=14161) is multi-threaded, use of fork() may lead to deadlocks in the child.
[2026-04-13T11:44:06.550+0000] {standard_task_runner.py:72} INFO - Started process 14274 to run task
[2026-04-13T11:44:06.681+0000] {task_command.py:467} INFO - Running <TaskInstance: weather_real_time_pipeline_v2.start_spark_streaming_job scheduled__2026-04-13T04:50:00+00:00 [running]> on host airflow
[2026-04-13T11:44:06.831+0000] {taskinstance.py:3132} INFO - Exporting env vars: AIRFLOW_CTX_DAG_OWNER='airflow' AIRFLOW_CTX_DAG_ID='weather_real_time_pipeline_v2' AIRFLOW_CTX_TASK_ID='start_spark_streaming_job' AIRFLOW_CTX_EXECUTION_DATE='2026-04-13T04:50:00+00:00' AIRFLOW_CTX_TRY_NUMBER='5' AIRFLOW_CTX_DAG_RUN_ID='scheduled__2026-04-13T04:50:00+00:00'
[2026-04-13T11:44:06.834+0000] {taskinstance.py:731} INFO - ::endgroup::
[2026-04-13T11:44:06.898+0000] {subprocess.py:78} INFO - Tmp dir root location: /tmp
[2026-04-13T11:44:06.903+0000] {subprocess.py:88} INFO - Running command: ['/usr/bin/bash', '-c', 'docker exec spark-master spark-submit                 --packages org.apache.spark:spark-sql-kafka-0-10_2.13:4.0.0,org.apache.iceberg:iceberg-spark-runtime-4.0_2.13:1.10.1                 /home/spark/spark/spark_jobs/weather_streaming.py']
[2026-04-13T11:44:06.916+0000] {subprocess.py:99} INFO - Output:
[2026-04-13T11:44:08.641+0000] {subprocess.py:106} INFO - WARNING: Using incubator modules: jdk.incubator.vector
[2026-04-13T11:44:11.717+0000] {subprocess.py:106} INFO - :: loading settings :: url = jar:file:/home/spark/spark/jars/ivy-2.5.3.jar!/org/apache/ivy/core/settings/ivysettings.xml
[2026-04-13T11:44:11.897+0000] {subprocess.py:106} INFO - Ivy Default Cache set to: /home/spark/.ivy2.5.2/cache
[2026-04-13T11:44:11.899+0000] {subprocess.py:106} INFO - The jars for the packages stored in: /home/spark/.ivy2.5.2/jars
[2026-04-13T11:44:11.914+0000] {subprocess.py:106} INFO - org.apache.spark#spark-sql-kafka-0-10_2.13 added as a dependency
[2026-04-13T11:44:11.915+0000] {subprocess.py:106} INFO - org.apache.iceberg#iceberg-spark-runtime-4.0_2.13 added as a dependency
[2026-04-13T11:44:11.919+0000] {subprocess.py:106} INFO - :: resolving dependencies :: org.apache.spark#spark-submit-parent-99bc5eaa-6a0c-4e0f-8993-207d69db5cf6;1.0
[2026-04-13T11:44:11.921+0000] {subprocess.py:106} INFO - 	confs: [default]
[2026-04-13T11:44:14.653+0000] {subprocess.py:106} INFO - 	found org.apache.iceberg#iceberg-spark-runtime-4.0_2.13;1.10.1 in central
[2026-04-13T11:44:14.731+0000] {subprocess.py:106} INFO - downloading https://repo1.maven.org/maven2/org/apache/iceberg/iceberg-spark-runtime-4.0_2.13/1.10.1/iceberg-spark-runtime-4.0_2.13-1.10.1.jar ...
[2026-04-13T11:44:46.973+0000] {subprocess.py:106} INFO - 	[SUCCESSFUL ] org.apache.iceberg#iceberg-spark-runtime-4.0_2.13;1.10.1!iceberg-spark-runtime-4.0_2.13.jar (32263ms)
[2026-04-13T11:44:47.016+0000] {subprocess.py:106} INFO - :: resolution report :: resolve 2750ms :: artifacts dl 32319ms
[2026-04-13T11:44:47.020+0000] {subprocess.py:106} INFO - 	:: modules in use:
[2026-04-13T11:44:47.021+0000] {subprocess.py:106} INFO - 	org.apache.iceberg#iceberg-spark-runtime-4.0_2.13;1.10.1 from central in [default]
[2026-04-13T11:44:47.023+0000] {subprocess.py:106} INFO - 	---------------------------------------------------------------------
[2026-04-13T11:44:47.025+0000] {subprocess.py:106} INFO - 	|                  |            modules            ||   artifacts   |
[2026-04-13T11:44:47.026+0000] {subprocess.py:106} INFO - 	|       conf       | number| search|dwnlded|evicted|| number|dwnlded|
[2026-04-13T11:44:47.027+0000] {subprocess.py:106} INFO - 	---------------------------------------------------------------------
[2026-04-13T11:44:47.034+0000] {subprocess.py:106} INFO - 	|      default     |   2   |   1   |   1   |   0   ||   1   |   1   |
[2026-04-13T11:44:47.035+0000] {subprocess.py:106} INFO - 	---------------------------------------------------------------------
[2026-04-13T11:44:47.139+0000] {subprocess.py:106} INFO - 
[2026-04-13T11:44:47.140+0000] {subprocess.py:106} INFO - :: problems summary ::
[2026-04-13T11:44:47.144+0000] {subprocess.py:106} INFO - :::: WARNINGS
[2026-04-13T11:44:47.146+0000] {subprocess.py:106} INFO - 	problem while downloading module descriptor: https://repo1.maven.org/maven2/org/apache/spark/spark-sql-kafka-0-10_2.13/4.0.0/spark-sql-kafka-0-10_2.13-4.0.0.pom: impossible to move part file to definitive one: /home/spark/.ivy2.5.2/cache/org.apache.spark/spark-sql-kafka-0-10_2.13/ivy-4.0.0.xml.original.part -> /home/spark/.ivy2.5.2/cache/org.apache.spark/spark-sql-kafka-0-10_2.13/ivy-4.0.0.xml.original (100ms)
[2026-04-13T11:44:47.150+0000] {subprocess.py:106} INFO - 
[2026-04-13T11:44:47.151+0000] {subprocess.py:106} INFO - 		module not found: org.apache.spark#spark-sql-kafka-0-10_2.13;4.0.0
[2026-04-13T11:44:47.153+0000] {subprocess.py:106} INFO - 
[2026-04-13T11:44:47.157+0000] {subprocess.py:106} INFO - 	==== local-m2-cache: tried
[2026-04-13T11:44:47.159+0000] {subprocess.py:106} INFO - 
[2026-04-13T11:44:47.164+0000] {subprocess.py:106} INFO - 	  file:/home/spark/.m2/repository/org/apache/spark/spark-sql-kafka-0-10_2.13/4.0.0/spark-sql-kafka-0-10_2.13-4.0.0.pom
[2026-04-13T11:44:47.165+0000] {subprocess.py:106} INFO - 
[2026-04-13T11:44:47.167+0000] {subprocess.py:106} INFO - 	  -- artifact org.apache.spark#spark-sql-kafka-0-10_2.13;4.0.0!spark-sql-kafka-0-10_2.13.jar:
[2026-04-13T11:44:47.168+0000] {subprocess.py:106} INFO - 
[2026-04-13T11:44:47.170+0000] {subprocess.py:106} INFO - 	  file:/home/spark/.m2/repository/org/apache/spark/spark-sql-kafka-0-10_2.13/4.0.0/spark-sql-kafka-0-10_2.13-4.0.0.jar
[2026-04-13T11:44:47.171+0000] {subprocess.py:106} INFO - 
[2026-04-13T11:44:47.173+0000] {subprocess.py:106} INFO - 	==== local-ivy-cache: tried
[2026-04-13T11:44:47.175+0000] {subprocess.py:106} INFO - 
[2026-04-13T11:44:47.178+0000] {subprocess.py:106} INFO - 	  /home/spark/.ivy2.5.2/local/org.apache.spark/spark-sql-kafka-0-10_2.13/4.0.0/ivys/ivy.xml
[2026-04-13T11:44:47.179+0000] {subprocess.py:106} INFO - 
[2026-04-13T11:44:47.182+0000] {subprocess.py:106} INFO - 	  -- artifact org.apache.spark#spark-sql-kafka-0-10_2.13;4.0.0!spark-sql-kafka-0-10_2.13.jar:
[2026-04-13T11:44:47.187+0000] {subprocess.py:106} INFO - 
[2026-04-13T11:44:47.189+0000] {subprocess.py:106} INFO - 	  /home/spark/.ivy2.5.2/local/org.apache.spark/spark-sql-kafka-0-10_2.13/4.0.0/jars/spark-sql-kafka-0-10_2.13.jar
[2026-04-13T11:44:47.247+0000] {subprocess.py:106} INFO - 
[2026-04-13T11:44:47.249+0000] {subprocess.py:106} INFO - 	==== central: tried
[2026-04-13T11:44:47.250+0000] {subprocess.py:106} INFO - 
[2026-04-13T11:44:47.256+0000] {subprocess.py:106} INFO - 	  https://repo1.maven.org/maven2/org/apache/spark/spark-sql-kafka-0-10_2.13/4.0.0/spark-sql-kafka-0-10_2.13-4.0.0.pom
[2026-04-13T11:44:47.257+0000] {subprocess.py:106} INFO - 
[2026-04-13T11:44:47.258+0000] {subprocess.py:106} INFO - 	==== spark-packages: tried
[2026-04-13T11:44:47.260+0000] {subprocess.py:106} INFO - 
[2026-04-13T11:44:47.261+0000] {subprocess.py:106} INFO - 	  https://repos.spark-packages.org/org/apache/spark/spark-sql-kafka-0-10_2.13/4.0.0/spark-sql-kafka-0-10_2.13-4.0.0.pom
[2026-04-13T11:44:47.265+0000] {subprocess.py:106} INFO - 
[2026-04-13T11:44:47.272+0000] {subprocess.py:106} INFO - 	  -- artifact org.apache.spark#spark-sql-kafka-0-10_2.13;4.0.0!spark-sql-kafka-0-10_2.13.jar:
[2026-04-13T11:44:47.273+0000] {subprocess.py:106} INFO - 
[2026-04-13T11:44:47.275+0000] {subprocess.py:106} INFO - 	  https://repos.spark-packages.org/org/apache/spark/spark-sql-kafka-0-10_2.13/4.0.0/spark-sql-kafka-0-10_2.13-4.0.0.jar
[2026-04-13T11:44:47.276+0000] {subprocess.py:106} INFO - 
[2026-04-13T11:44:47.280+0000] {subprocess.py:106} INFO - 		::::::::::::::::::::::::::::::::::::::::::::::
[2026-04-13T11:44:47.282+0000] {subprocess.py:106} INFO - 
[2026-04-13T11:44:47.286+0000] {subprocess.py:106} INFO - 		::          UNRESOLVED DEPENDENCIES         ::
[2026-04-13T11:44:47.290+0000] {subprocess.py:106} INFO - 
[2026-04-13T11:44:47.292+0000] {subprocess.py:106} INFO - 		::::::::::::::::::::::::::::::::::::::::::::::
[2026-04-13T11:44:47.293+0000] {subprocess.py:106} INFO - 
[2026-04-13T11:44:47.294+0000] {subprocess.py:106} INFO - 		:: org.apache.spark#spark-sql-kafka-0-10_2.13;4.0.0: not found
[2026-04-13T11:44:47.295+0000] {subprocess.py:106} INFO - 
[2026-04-13T11:44:47.297+0000] {subprocess.py:106} INFO - 		::::::::::::::::::::::::::::::::::::::::::::::
[2026-04-13T11:44:47.298+0000] {subprocess.py:106} INFO - 
[2026-04-13T11:44:47.302+0000] {subprocess.py:106} INFO - 
[2026-04-13T11:44:47.304+0000] {subprocess.py:106} INFO - 
[2026-04-13T11:44:47.305+0000] {subprocess.py:106} INFO - :: USE VERBOSE OR DEBUG MESSAGE LEVEL FOR MORE DETAILS
[2026-04-13T11:44:47.309+0000] {subprocess.py:106} INFO - Exception in thread "main" java.lang.RuntimeException: [unresolved dependency: org.apache.spark#spark-sql-kafka-0-10_2.13;4.0.0: not found]
[2026-04-13T11:44:47.311+0000] {subprocess.py:106} INFO - 	at org.apache.spark.util.MavenUtils$.resolveMavenCoordinates(MavenUtils.scala:540)
[2026-04-13T11:44:47.312+0000] {subprocess.py:106} INFO - 	at org.apache.spark.util.DependencyUtils$.resolveMavenDependencies(DependencyUtils.scala:123)
[2026-04-13T11:44:47.314+0000] {subprocess.py:106} INFO - 	at org.apache.spark.deploy.SparkSubmit.prepareSubmitEnvironment(SparkSubmit.scala:341)
[2026-04-13T11:44:47.316+0000] {subprocess.py:106} INFO - 	at org.apache.spark.deploy.SparkSubmit.org$apache$spark$deploy$SparkSubmit$$runMain(SparkSubmit.scala:961)
[2026-04-13T11:44:47.317+0000] {subprocess.py:106} INFO - 	at org.apache.spark.deploy.SparkSubmit.doRunMain$1(SparkSubmit.scala:204)
[2026-04-13T11:44:47.318+0000] {subprocess.py:106} INFO - 	at org.apache.spark.deploy.SparkSubmit.submit(SparkSubmit.scala:227)
[2026-04-13T11:44:47.320+0000] {subprocess.py:106} INFO - 	at org.apache.spark.deploy.SparkSubmit.doSubmit(SparkSubmit.scala:96)
[2026-04-13T11:44:47.325+0000] {subprocess.py:106} INFO - 	at org.apache.spark.deploy.SparkSubmit$$anon$2.doSubmit(SparkSubmit.scala:1132)
[2026-04-13T11:44:47.327+0000] {subprocess.py:106} INFO - 	at org.apache.spark.deploy.SparkSubmit$.main(SparkSubmit.scala:1141)
[2026-04-13T11:44:47.329+0000] {subprocess.py:106} INFO - 	at org.apache.spark.deploy.SparkSubmit.main(SparkSubmit.scala)
[2026-04-13T11:44:47.700+0000] {subprocess.py:110} INFO - Command exited with return code 1
[2026-04-13T11:44:47.954+0000] {taskinstance.py:3311} ERROR - Task failed with exception
Traceback (most recent call last):
  File "/home/airflow/airflow/venv/lib/python3.12/site-packages/airflow/models/taskinstance.py", line 767, in _execute_task
    result = _execute_callable(context=context, **execute_callable_kwargs)
             ^^^^^^^^^^^^^^^^^^^^^^^^^^^^^^^^^^^^^^^^^^^^^^^^^^^^^^^^^^^^^
  File "/home/airflow/airflow/venv/lib/python3.12/site-packages/airflow/models/taskinstance.py", line 733, in _execute_callable
    return ExecutionCallableRunner(
           ^^^^^^^^^^^^^^^^^^^^^^^^
  File "/home/airflow/airflow/venv/lib/python3.12/site-packages/airflow/utils/operator_helpers.py", line 252, in run
    return self.func(*args, **kwargs)
           ^^^^^^^^^^^^^^^^^^^^^^^^^^
  File "/home/airflow/airflow/venv/lib/python3.12/site-packages/airflow/models/baseoperator.py", line 422, in wrapper
    return func(self, *args, **kwargs)
           ^^^^^^^^^^^^^^^^^^^^^^^^^^^
  File "/home/airflow/airflow/venv/lib/python3.12/site-packages/airflow/operators/bash.py", line 276, in execute
    raise AirflowException(
airflow.exceptions.AirflowException: Bash command failed. The command returned a non-zero exit code 1.
[2026-04-13T11:44:48.048+0000] {taskinstance.py:1225} INFO - Marking task as FAILED. dag_id=weather_real_time_pipeline_v2, task_id=start_spark_streaming_job, run_id=scheduled__2026-04-13T04:50:00+00:00, execution_date=20260413T045000, start_date=20260413T114406, end_date=20260413T114448
[2026-04-13T11:44:48.204+0000] {taskinstance.py:340} INFO - ::group::Post task execution logs
[2026-04-13T11:44:48.214+0000] {standard_task_runner.py:124} ERROR - Failed to execute job 59 for task start_spark_streaming_job (Bash command failed. The command returned a non-zero exit code 1.; 14274)
Traceback (most recent call last):
  File "/home/airflow/airflow/venv/lib/python3.12/site-packages/airflow/task/task_runner/standard_task_runner.py", line 117, in _start_by_fork
    ret = args.func(args, dag=self.dag)
          ^^^^^^^^^^^^^^^^^^^^^^^^^^^^^
  File "/home/airflow/airflow/venv/lib/python3.12/site-packages/airflow/cli/cli_config.py", line 49, in command
    return func(*args, **kwargs)
           ^^^^^^^^^^^^^^^^^^^^^
  File "/home/airflow/airflow/venv/lib/python3.12/site-packages/airflow/utils/cli.py", line 116, in wrapper
    return f(*args, **kwargs)
           ^^^^^^^^^^^^^^^^^^
  File "/home/airflow/airflow/venv/lib/python3.12/site-packages/airflow/cli/commands/task_command.py", line 483, in task_run
    task_return_code = _run_task_by_selected_method(args, _dag, ti)
                       ^^^^^^^^^^^^^^^^^^^^^^^^^^^^^^^^^^^^^^^^^^^^
  File "/home/airflow/airflow/venv/lib/python3.12/site-packages/airflow/cli/commands/task_command.py", line 256, in _run_task_by_selected_method
    return _run_raw_task(args, ti)
           ^^^^^^^^^^^^^^^^^^^^^^^
  File "/home/airflow/airflow/venv/lib/python3.12/site-packages/airflow/cli/commands/task_command.py", line 341, in _run_raw_task
    return ti._run_raw_task(
           ^^^^^^^^^^^^^^^^^
  File "/home/airflow/airflow/venv/lib/python3.12/site-packages/airflow/utils/session.py", line 97, in wrapper
    return func(*args, session=session, **kwargs)
           ^^^^^^^^^^^^^^^^^^^^^^^^^^^^^^^^^^^^^^
  File "/home/airflow/airflow/venv/lib/python3.12/site-packages/airflow/models/taskinstance.py", line 3005, in _run_raw_task
    return _run_raw_task(
           ^^^^^^^^^^^^^^
  File "/home/airflow/airflow/venv/lib/python3.12/site-packages/airflow/models/taskinstance.py", line 273, in _run_raw_task
    TaskInstance._execute_task_with_callbacks(
  File "/home/airflow/airflow/venv/lib/python3.12/site-packages/airflow/models/taskinstance.py", line 3159, in _execute_task_with_callbacks
    result = self._execute_task(context, task_orig)
             ^^^^^^^^^^^^^^^^^^^^^^^^^^^^^^^^^^^^^^
  File "/home/airflow/airflow/venv/lib/python3.12/site-packages/airflow/models/taskinstance.py", line 3183, in _execute_task
    return _execute_task(self, context, task_orig)
           ^^^^^^^^^^^^^^^^^^^^^^^^^^^^^^^^^^^^^^^
  File "/home/airflow/airflow/venv/lib/python3.12/site-packages/airflow/models/taskinstance.py", line 767, in _execute_task
    result = _execute_callable(context=context, **execute_callable_kwargs)
             ^^^^^^^^^^^^^^^^^^^^^^^^^^^^^^^^^^^^^^^^^^^^^^^^^^^^^^^^^^^^^
  File "/home/airflow/airflow/venv/lib/python3.12/site-packages/airflow/models/taskinstance.py", line 733, in _execute_callable
    return ExecutionCallableRunner(
           ^^^^^^^^^^^^^^^^^^^^^^^^
  File "/home/airflow/airflow/venv/lib/python3.12/site-packages/airflow/utils/operator_helpers.py", line 252, in run
    return self.func(*args, **kwargs)
           ^^^^^^^^^^^^^^^^^^^^^^^^^^
  File "/home/airflow/airflow/venv/lib/python3.12/site-packages/airflow/models/baseoperator.py", line 422, in wrapper
    return func(self, *args, **kwargs)
           ^^^^^^^^^^^^^^^^^^^^^^^^^^^
  File "/home/airflow/airflow/venv/lib/python3.12/site-packages/airflow/operators/bash.py", line 276, in execute
    raise AirflowException(
airflow.exceptions.AirflowException: Bash command failed. The command returned a non-zero exit code 1.
[2026-04-13T11:44:48.282+0000] {local_task_job_runner.py:266} INFO - Task exited with return code 1
[2026-04-13T11:44:48.442+0000] {taskinstance.py:3895} INFO - 0 downstream tasks scheduled from follow-on schedule check
[2026-04-13T11:44:48.450+0000] {local_task_job_runner.py:245} INFO - ::endgroup::
