[2026-04-10T16:25:00.374+0000] {local_task_job_runner.py:123} INFO - ::group::Pre task execution logs
[2026-04-10T16:25:00.396+0000] {taskinstance.py:2613} INFO - Dependencies all met for dep_context=non-requeueable deps ti=<TaskInstance: weather_real_time_pipeline.call_weather_api_and_send_kafka scheduled__2026-04-10T16:20:00+00:00 [queued]>
[2026-04-10T16:25:00.404+0000] {taskinstance.py:2613} INFO - Dependencies all met for dep_context=requeueable deps ti=<TaskInstance: weather_real_time_pipeline.call_weather_api_and_send_kafka scheduled__2026-04-10T16:20:00+00:00 [queued]>
[2026-04-10T16:25:00.405+0000] {taskinstance.py:2866} INFO - Starting attempt 1 of 3
[2026-04-10T16:25:00.417+0000] {taskinstance.py:2889} INFO - Executing <Task(PythonOperator): call_weather_api_and_send_kafka> on 2026-04-10 16:20:00+00:00
[2026-04-10T16:25:00.426+0000] {standard_task_runner.py:104} INFO - Running: ['airflow', 'tasks', 'run', 'weather_real_time_pipeline', 'call_weather_api_and_send_kafka', 'scheduled__2026-04-10T16:20:00+00:00', '--job-id', '100', '--raw', '--subdir', 'DAGS_FOLDER/weather_pipeline_dag.py', '--cfg-path', '/tmp/tmp8qo8irc0']
[2026-04-10T16:25:00.427+0000] {standard_task_runner.py:105} INFO - Job 100: Subtask call_weather_api_and_send_kafka
[2026-04-10T16:25:00.429+0000] {logging_mixin.py:190} WARNING - /home/airflow/airflow/venv/lib/python3.12/site-packages/airflow/task/task_runner/standard_task_runner.py:70 DeprecationWarning: This process (pid=3584) is multi-threaded, use of fork() may lead to deadlocks in the child.
[2026-04-10T16:25:00.430+0000] {standard_task_runner.py:72} INFO - Started process 3600 to run task
[2026-04-10T16:25:00.503+0000] {task_command.py:467} INFO - Running <TaskInstance: weather_real_time_pipeline.call_weather_api_and_send_kafka scheduled__2026-04-10T16:20:00+00:00 [running]> on host airflow
[2026-04-10T16:25:00.605+0000] {taskinstance.py:3132} INFO - Exporting env vars: AIRFLOW_CTX_DAG_OWNER='van' AIRFLOW_CTX_DAG_ID='weather_real_time_pipeline' AIRFLOW_CTX_TASK_ID='call_weather_api_and_send_kafka' AIRFLOW_CTX_EXECUTION_DATE='2026-04-10T16:20:00+00:00' AIRFLOW_CTX_TRY_NUMBER='1' AIRFLOW_CTX_DAG_RUN_ID='scheduled__2026-04-10T16:20:00+00:00'
[2026-04-10T16:25:00.606+0000] {taskinstance.py:731} INFO - ::endgroup::
[2026-04-10T16:26:07.186+0000] {logging_mixin.py:190} INFO - ❌ Error: KafkaTimeoutError: Failed to update metadata after 60.0 secs.
[2026-04-10T16:26:07.187+0000] {python.py:240} INFO - Done. Returned value was: False
[2026-04-10T16:26:07.221+0000] {taskinstance.py:340} INFO - ::group::Post task execution logs
[2026-04-10T16:26:07.221+0000] {taskinstance.py:352} INFO - Marking task as SUCCESS. dag_id=weather_real_time_pipeline, task_id=call_weather_api_and_send_kafka, run_id=scheduled__2026-04-10T16:20:00+00:00, execution_date=20260410T162000, start_date=20260410T162500, end_date=20260410T162607
[2026-04-10T16:26:07.240+0000] {local_task_job_runner.py:266} INFO - Task exited with return code 0
[2026-04-10T16:26:07.265+0000] {taskinstance.py:3895} INFO - 0 downstream tasks scheduled from follow-on schedule check
[2026-04-10T16:26:07.268+0000] {local_task_job_runner.py:245} INFO - ::endgroup::
[2026-04-10T16:28:00.389+0000] {local_task_job_runner.py:123} INFO - ::group::Pre task execution logs
[2026-04-10T16:28:00.421+0000] {taskinstance.py:2613} INFO - Dependencies all met for dep_context=non-requeueable deps ti=<TaskInstance: weather_real_time_pipeline.call_weather_api_and_send_kafka scheduled__2026-04-10T16:20:00+00:00 [queued]>
[2026-04-10T16:28:00.434+0000] {taskinstance.py:2613} INFO - Dependencies all met for dep_context=requeueable deps ti=<TaskInstance: weather_real_time_pipeline.call_weather_api_and_send_kafka scheduled__2026-04-10T16:20:00+00:00 [queued]>
[2026-04-10T16:28:00.435+0000] {taskinstance.py:2866} INFO - Starting attempt 1 of 3
[2026-04-10T16:28:00.459+0000] {taskinstance.py:2889} INFO - Executing <Task(PythonOperator): call_weather_api_and_send_kafka> on 2026-04-10 16:20:00+00:00
[2026-04-10T16:28:00.469+0000] {standard_task_runner.py:104} INFO - Running: ['airflow', 'tasks', 'run', 'weather_real_time_pipeline', 'call_weather_api_and_send_kafka', 'scheduled__2026-04-10T16:20:00+00:00', '--job-id', '101', '--raw', '--subdir', 'DAGS_FOLDER/weather_pipeline_dag.py', '--cfg-path', '/tmp/tmpm7o_luzz']
[2026-04-10T16:28:00.472+0000] {standard_task_runner.py:105} INFO - Job 101: Subtask call_weather_api_and_send_kafka
[2026-04-10T16:28:00.479+0000] {logging_mixin.py:190} WARNING - /home/airflow/airflow/venv/lib/python3.12/site-packages/airflow/task/task_runner/standard_task_runner.py:70 DeprecationWarning: This process (pid=11370) is multi-threaded, use of fork() may lead to deadlocks in the child.
[2026-04-10T16:28:00.481+0000] {standard_task_runner.py:72} INFO - Started process 11385 to run task
[2026-04-10T16:28:00.605+0000] {task_command.py:467} INFO - Running <TaskInstance: weather_real_time_pipeline.call_weather_api_and_send_kafka scheduled__2026-04-10T16:20:00+00:00 [running]> on host airflow
[2026-04-10T16:28:00.714+0000] {taskinstance.py:3132} INFO - Exporting env vars: AIRFLOW_CTX_DAG_OWNER='van' AIRFLOW_CTX_DAG_ID='weather_real_time_pipeline' AIRFLOW_CTX_TASK_ID='call_weather_api_and_send_kafka' AIRFLOW_CTX_EXECUTION_DATE='2026-04-10T16:20:00+00:00' AIRFLOW_CTX_TRY_NUMBER='1' AIRFLOW_CTX_DAG_RUN_ID='scheduled__2026-04-10T16:20:00+00:00'
[2026-04-10T16:28:00.715+0000] {taskinstance.py:731} INFO - ::endgroup::
[2026-04-10T16:29:07.304+0000] {logging_mixin.py:190} INFO - ❌ Error: KafkaTimeoutError: Failed to update metadata after 60.0 secs.
[2026-04-10T16:29:07.306+0000] {python.py:240} INFO - Done. Returned value was: False
[2026-04-10T16:29:07.348+0000] {taskinstance.py:340} INFO - ::group::Post task execution logs
[2026-04-10T16:29:07.349+0000] {taskinstance.py:352} INFO - Marking task as SUCCESS. dag_id=weather_real_time_pipeline, task_id=call_weather_api_and_send_kafka, run_id=scheduled__2026-04-10T16:20:00+00:00, execution_date=20260410T162000, start_date=20260410T162800, end_date=20260410T162907
[2026-04-10T16:29:07.370+0000] {local_task_job_runner.py:266} INFO - Task exited with return code 0
[2026-04-10T16:29:07.392+0000] {taskinstance.py:3895} INFO - 0 downstream tasks scheduled from follow-on schedule check
[2026-04-10T16:29:07.394+0000] {local_task_job_runner.py:245} INFO - ::endgroup::
