[2026-04-13T12:32:42.830+0000] {local_task_job_runner.py:123} INFO - ::group::Pre task execution logs
[2026-04-13T12:32:42.857+0000] {taskinstance.py:2613} INFO - Dependencies all met for dep_context=non-requeueable deps ti=<TaskInstance: predict_aqi.silver_to_gold manual__2026-04-13T12:32:37.235994+00:00 [queued]>
[2026-04-13T12:32:42.867+0000] {taskinstance.py:2613} INFO - Dependencies all met for dep_context=requeueable deps ti=<TaskInstance: predict_aqi.silver_to_gold manual__2026-04-13T12:32:37.235994+00:00 [queued]>
[2026-04-13T12:32:42.868+0000] {taskinstance.py:2866} INFO - Starting attempt 1 of 3
[2026-04-13T12:32:42.884+0000] {taskinstance.py:2889} INFO - Executing <Task(BashOperator): silver_to_gold> on 2026-04-13 12:32:37.235994+00:00
[2026-04-13T12:32:42.892+0000] {standard_task_runner.py:104} INFO - Running: ['airflow', 'tasks', 'run', 'predict_aqi', 'silver_to_gold', 'manual__2026-04-13T12:32:37.235994+00:00', '--job-id', '118', '--raw', '--subdir', 'DAGS_FOLDER/dag_ml.py', '--cfg-path', '/tmp/tmpb0uyusqm']
[2026-04-13T12:32:42.893+0000] {standard_task_runner.py:105} INFO - Job 118: Subtask silver_to_gold
[2026-04-13T12:32:42.897+0000] {logging_mixin.py:190} WARNING - /home/airflow/airflow/venv/lib/python3.12/site-packages/airflow/task/task_runner/standard_task_runner.py:70 DeprecationWarning: This process (pid=67951) is multi-threaded, use of fork() may lead to deadlocks in the child.
[2026-04-13T12:32:42.898+0000] {standard_task_runner.py:72} INFO - Started process 67989 to run task
[2026-04-13T12:32:42.961+0000] {task_command.py:467} INFO - Running <TaskInstance: predict_aqi.silver_to_gold manual__2026-04-13T12:32:37.235994+00:00 [running]> on host airflow
[2026-04-13T12:32:43.066+0000] {taskinstance.py:3132} INFO - Exporting env vars: AIRFLOW_CTX_DAG_OWNER='airflow' AIRFLOW_CTX_DAG_ID='predict_aqi' AIRFLOW_CTX_TASK_ID='silver_to_gold' AIRFLOW_CTX_EXECUTION_DATE='2026-04-13T12:32:37.235994+00:00' AIRFLOW_CTX_TRY_NUMBER='1' AIRFLOW_CTX_DAG_RUN_ID='manual__2026-04-13T12:32:37.235994+00:00'
[2026-04-13T12:32:43.067+0000] {taskinstance.py:731} INFO - ::endgroup::
[2026-04-13T12:32:43.088+0000] {subprocess.py:78} INFO - Tmp dir root location: /tmp
[2026-04-13T12:32:43.089+0000] {subprocess.py:88} INFO - Running command: ['/usr/bin/bash', '-c', '\n            docker exec spark-master spark-submit                 --packages org.apache.iceberg:iceberg-spark-runtime-4.0_2.13:1.10.1                 /home/spark/spark/spark_jobs/silver_to_gold.py 2026-04-13\n        ']
[2026-04-13T12:32:43.098+0000] {subprocess.py:99} INFO - Output:
[2026-04-13T12:32:44.132+0000] {subprocess.py:106} INFO - WARNING: Using incubator modules: jdk.incubator.vector
[2026-04-13T12:32:47.616+0000] {subprocess.py:106} INFO - :: loading settings :: url = jar:file:/home/spark/spark/jars/ivy-2.5.3.jar!/org/apache/ivy/core/settings/ivysettings.xml
[2026-04-13T12:32:47.756+0000] {subprocess.py:106} INFO - Ivy Default Cache set to: /home/spark/.ivy2.5.2/cache
[2026-04-13T12:32:47.757+0000] {subprocess.py:106} INFO - The jars for the packages stored in: /home/spark/.ivy2.5.2/jars
[2026-04-13T12:32:47.779+0000] {subprocess.py:106} INFO - org.apache.iceberg#iceberg-spark-runtime-4.0_2.13 added as a dependency
[2026-04-13T12:32:47.788+0000] {subprocess.py:106} INFO - :: resolving dependencies :: org.apache.spark#spark-submit-parent-5e86634a-e3c8-497e-b975-3f2c5ff3b04d;1.0
[2026-04-13T12:32:47.789+0000] {subprocess.py:106} INFO - 	confs: [default]
[2026-04-13T12:32:49.099+0000] {subprocess.py:106} INFO - 	found org.apache.iceberg#iceberg-spark-runtime-4.0_2.13;1.10.1 in central
[2026-04-13T12:32:49.188+0000] {subprocess.py:106} INFO - downloading https://repo1.maven.org/maven2/org/apache/iceberg/iceberg-spark-runtime-4.0_2.13/1.10.1/iceberg-spark-runtime-4.0_2.13-1.10.1.jar ...
[2026-04-13T12:33:27.579+0000] {subprocess.py:106} INFO - 	[SUCCESSFUL ] org.apache.iceberg#iceberg-spark-runtime-4.0_2.13;1.10.1!iceberg-spark-runtime-4.0_2.13.jar (38463ms)
[2026-04-13T12:33:27.580+0000] {subprocess.py:106} INFO - :: resolution report :: resolve 1325ms :: artifacts dl 38468ms
[2026-04-13T12:33:27.581+0000] {subprocess.py:106} INFO - 	:: modules in use:
[2026-04-13T12:33:27.582+0000] {subprocess.py:106} INFO - 	org.apache.iceberg#iceberg-spark-runtime-4.0_2.13;1.10.1 from central in [default]
[2026-04-13T12:33:27.582+0000] {subprocess.py:106} INFO - 	---------------------------------------------------------------------
[2026-04-13T12:33:27.583+0000] {subprocess.py:106} INFO - 	|                  |            modules            ||   artifacts   |
[2026-04-13T12:33:27.584+0000] {subprocess.py:106} INFO - 	|       conf       | number| search|dwnlded|evicted|| number|dwnlded|
[2026-04-13T12:33:27.584+0000] {subprocess.py:106} INFO - 	---------------------------------------------------------------------
[2026-04-13T12:33:27.585+0000] {subprocess.py:106} INFO - 	|      default     |   1   |   1   |   1   |   0   ||   1   |   1   |
[2026-04-13T12:33:27.586+0000] {subprocess.py:106} INFO - 	---------------------------------------------------------------------
[2026-04-13T12:33:27.594+0000] {subprocess.py:106} INFO - :: retrieving :: org.apache.spark#spark-submit-parent-5e86634a-e3c8-497e-b975-3f2c5ff3b04d
[2026-04-13T12:33:27.595+0000] {subprocess.py:106} INFO - 	confs: [default]
[2026-04-13T12:33:27.814+0000] {subprocess.py:106} INFO - 	1 artifacts copied, 0 already retrieved (45980kB/220ms)
[2026-04-13T12:33:28.356+0000] {subprocess.py:106} INFO - 26/04/13 12:33:28 WARN NativeCodeLoader: Unable to load native-hadoop library for your platform... using builtin-java classes where applicable
[2026-04-13T12:33:30.277+0000] {subprocess.py:106} INFO - Using Spark's default log4j profile: org/apache/spark/log4j2-defaults.properties
[2026-04-13T12:33:30.300+0000] {subprocess.py:106} INFO - 26/04/13 12:33:30 INFO SparkContext: Running Spark version 4.0.2
[2026-04-13T12:33:30.306+0000] {subprocess.py:106} INFO - 26/04/13 12:33:30 INFO SparkContext: OS info Linux, 6.6.87.2-microsoft-standard-WSL2, amd64
[2026-04-13T12:33:30.307+0000] {subprocess.py:106} INFO - 26/04/13 12:33:30 INFO SparkContext: Java version 21.0.10
[2026-04-13T12:33:30.402+0000] {subprocess.py:106} INFO - 26/04/13 12:33:30 INFO ResourceUtils: ==============================================================
[2026-04-13T12:33:30.403+0000] {subprocess.py:106} INFO - 26/04/13 12:33:30 INFO ResourceUtils: No custom resources configured for spark.driver.
[2026-04-13T12:33:30.404+0000] {subprocess.py:106} INFO - 26/04/13 12:33:30 INFO ResourceUtils: ==============================================================
[2026-04-13T12:33:30.406+0000] {subprocess.py:106} INFO - 26/04/13 12:33:30 INFO SparkContext: Submitted application: Silver_to_Gold
[2026-04-13T12:33:30.466+0000] {subprocess.py:106} INFO - 26/04/13 12:33:30 INFO ResourceProfile: Default ResourceProfile created, executor resources: Map(cores -> name: cores, amount: 2, script: , vendor: , memory -> name: memory, amount: 2048, script: , vendor: , offHeap -> name: offHeap, amount: 0, script: , vendor: ), task resources: Map(cpus -> name: cpus, amount: 1.0)
[2026-04-13T12:33:30.474+0000] {subprocess.py:106} INFO - 26/04/13 12:33:30 INFO ResourceProfile: Limiting resource is cpus at 2 tasks per executor
[2026-04-13T12:33:30.476+0000] {subprocess.py:106} INFO - 26/04/13 12:33:30 INFO ResourceProfileManager: Added ResourceProfile id: 0
[2026-04-13T12:33:30.587+0000] {subprocess.py:106} INFO - 26/04/13 12:33:30 INFO SecurityManager: Changing view acls to: spark
[2026-04-13T12:33:30.588+0000] {subprocess.py:106} INFO - 26/04/13 12:33:30 INFO SecurityManager: Changing modify acls to: spark
[2026-04-13T12:33:30.589+0000] {subprocess.py:106} INFO - 26/04/13 12:33:30 INFO SecurityManager: Changing view acls groups to: spark
[2026-04-13T12:33:30.590+0000] {subprocess.py:106} INFO - 26/04/13 12:33:30 INFO SecurityManager: Changing modify acls groups to: spark
[2026-04-13T12:33:30.596+0000] {subprocess.py:106} INFO - 26/04/13 12:33:30 INFO SecurityManager: SecurityManager: authentication disabled; ui acls disabled; users with view permissions: spark groups with view permissions: EMPTY; users with modify permissions: spark; groups with modify permissions: EMPTY; RPC SSL disabled
[2026-04-13T12:33:31.059+0000] {subprocess.py:106} INFO - 26/04/13 12:33:31 INFO Utils: Successfully started service 'sparkDriver' on port 41413.
[2026-04-13T12:33:31.120+0000] {subprocess.py:106} INFO - 26/04/13 12:33:31 INFO SparkEnv: Registering MapOutputTracker
[2026-04-13T12:33:31.141+0000] {subprocess.py:106} INFO - 26/04/13 12:33:31 INFO SparkEnv: Registering BlockManagerMaster
[2026-04-13T12:33:31.172+0000] {subprocess.py:106} INFO - 26/04/13 12:33:31 INFO BlockManagerMasterEndpoint: Using org.apache.spark.storage.DefaultTopologyMapper for getting topology information
[2026-04-13T12:33:31.173+0000] {subprocess.py:106} INFO - 26/04/13 12:33:31 INFO BlockManagerMasterEndpoint: BlockManagerMasterEndpoint up
[2026-04-13T12:33:31.179+0000] {subprocess.py:106} INFO - 26/04/13 12:33:31 INFO SparkEnv: Registering BlockManagerMasterHeartbeat
[2026-04-13T12:33:31.251+0000] {subprocess.py:106} INFO - 26/04/13 12:33:31 INFO DiskBlockManager: Created local directory at /tmp/blockmgr-7647d8b5-10e1-4de1-8ef7-be1de4296a73
[2026-04-13T12:33:31.307+0000] {subprocess.py:106} INFO - 26/04/13 12:33:31 INFO SparkEnv: Registering OutputCommitCoordinator
[2026-04-13T12:33:31.598+0000] {subprocess.py:106} INFO - 26/04/13 12:33:31 INFO JettyUtils: Start Jetty 0.0.0.0:4040 for SparkUI
[2026-04-13T12:33:31.770+0000] {subprocess.py:106} INFO - 26/04/13 12:33:31 INFO Utils: Successfully started service 'SparkUI' on port 4040.
[2026-04-13T12:33:31.842+0000] {subprocess.py:106} INFO - 26/04/13 12:33:31 INFO SparkContext: Added JAR file:///home/spark/.ivy2.5.2/jars/org.apache.iceberg_iceberg-spark-runtime-4.0_2.13-1.10.1.jar at spark://spark-master:41413/jars/org.apache.iceberg_iceberg-spark-runtime-4.0_2.13-1.10.1.jar with timestamp 1776083610265
[2026-04-13T12:33:31.849+0000] {subprocess.py:106} INFO - 26/04/13 12:33:31 INFO SparkContext: Added file file:///home/spark/.ivy2.5.2/jars/org.apache.iceberg_iceberg-spark-runtime-4.0_2.13-1.10.1.jar at file:///home/spark/.ivy2.5.2/jars/org.apache.iceberg_iceberg-spark-runtime-4.0_2.13-1.10.1.jar with timestamp 1776083610265
[2026-04-13T12:33:31.854+0000] {subprocess.py:106} INFO - 26/04/13 12:33:31 INFO Utils: Copying /home/spark/.ivy2.5.2/jars/org.apache.iceberg_iceberg-spark-runtime-4.0_2.13-1.10.1.jar to /tmp/spark-dc1e8727-7cd5-4785-bba5-daadfda06f92/userFiles-2ef1ecaa-7331-4cb2-9a22-c7c71e3ae206/org.apache.iceberg_iceberg-spark-runtime-4.0_2.13-1.10.1.jar
[2026-04-13T12:33:32.081+0000] {subprocess.py:106} INFO - 26/04/13 12:33:32 INFO SecurityManager: Changing view acls to: spark
[2026-04-13T12:33:32.082+0000] {subprocess.py:106} INFO - 26/04/13 12:33:32 INFO SecurityManager: Changing modify acls to: spark
[2026-04-13T12:33:32.083+0000] {subprocess.py:106} INFO - 26/04/13 12:33:32 INFO SecurityManager: Changing view acls groups to: spark
[2026-04-13T12:33:32.084+0000] {subprocess.py:106} INFO - 26/04/13 12:33:32 INFO SecurityManager: Changing modify acls groups to: spark
[2026-04-13T12:33:32.084+0000] {subprocess.py:106} INFO - 26/04/13 12:33:32 INFO SecurityManager: SecurityManager: authentication disabled; ui acls disabled; users with view permissions: spark groups with view permissions: EMPTY; users with modify permissions: spark; groups with modify permissions: EMPTY; RPC SSL disabled
[2026-04-13T12:33:32.495+0000] {subprocess.py:106} INFO - 26/04/13 12:33:32 INFO Executor: Starting executor ID driver on host spark-master
[2026-04-13T12:33:32.496+0000] {subprocess.py:106} INFO - 26/04/13 12:33:32 INFO Executor: OS info Linux, 6.6.87.2-microsoft-standard-WSL2, amd64
[2026-04-13T12:33:32.497+0000] {subprocess.py:106} INFO - 26/04/13 12:33:32 INFO Executor: Java version 21.0.10
[2026-04-13T12:33:32.518+0000] {subprocess.py:106} INFO - 26/04/13 12:33:32 INFO Executor: Starting executor with user classpath (userClassPathFirst = false): ''
[2026-04-13T12:33:32.521+0000] {subprocess.py:106} INFO - 26/04/13 12:33:32 INFO Executor: Created or updated repl class loader org.apache.spark.util.MutableURLClassLoader@3f75a80e for default.
[2026-04-13T12:33:32.540+0000] {subprocess.py:106} INFO - 26/04/13 12:33:32 INFO Executor: Fetching file:///home/spark/.ivy2.5.2/jars/org.apache.iceberg_iceberg-spark-runtime-4.0_2.13-1.10.1.jar with timestamp 1776083610265
[2026-04-13T12:33:32.610+0000] {subprocess.py:106} INFO - 26/04/13 12:33:32 INFO Utils: /home/spark/.ivy2.5.2/jars/org.apache.iceberg_iceberg-spark-runtime-4.0_2.13-1.10.1.jar has been previously copied to /tmp/spark-dc1e8727-7cd5-4785-bba5-daadfda06f92/userFiles-2ef1ecaa-7331-4cb2-9a22-c7c71e3ae206/org.apache.iceberg_iceberg-spark-runtime-4.0_2.13-1.10.1.jar
[2026-04-13T12:33:32.619+0000] {subprocess.py:106} INFO - 26/04/13 12:33:32 INFO Executor: Fetching spark://spark-master:41413/jars/org.apache.iceberg_iceberg-spark-runtime-4.0_2.13-1.10.1.jar with timestamp 1776083610265
[2026-04-13T12:33:32.675+0000] {subprocess.py:106} INFO - 26/04/13 12:33:32 INFO TransportClientFactory: Successfully created connection to spark-master/172.20.0.5:41413 after 38 ms (0 ms spent in bootstraps)
[2026-04-13T12:33:32.684+0000] {subprocess.py:106} INFO - 26/04/13 12:33:32 INFO Utils: Fetching spark://spark-master:41413/jars/org.apache.iceberg_iceberg-spark-runtime-4.0_2.13-1.10.1.jar to /tmp/spark-dc1e8727-7cd5-4785-bba5-daadfda06f92/userFiles-2ef1ecaa-7331-4cb2-9a22-c7c71e3ae206/fetchFileTemp9262678141907587601.tmp
[2026-04-13T12:33:33.189+0000] {subprocess.py:106} INFO - 26/04/13 12:33:33 INFO Utils: /tmp/spark-dc1e8727-7cd5-4785-bba5-daadfda06f92/userFiles-2ef1ecaa-7331-4cb2-9a22-c7c71e3ae206/fetchFileTemp9262678141907587601.tmp has been previously copied to /tmp/spark-dc1e8727-7cd5-4785-bba5-daadfda06f92/userFiles-2ef1ecaa-7331-4cb2-9a22-c7c71e3ae206/org.apache.iceberg_iceberg-spark-runtime-4.0_2.13-1.10.1.jar
[2026-04-13T12:33:33.203+0000] {subprocess.py:106} INFO - 26/04/13 12:33:33 INFO Executor: Adding file:/tmp/spark-dc1e8727-7cd5-4785-bba5-daadfda06f92/userFiles-2ef1ecaa-7331-4cb2-9a22-c7c71e3ae206/org.apache.iceberg_iceberg-spark-runtime-4.0_2.13-1.10.1.jar to class loader default
[2026-04-13T12:33:33.214+0000] {subprocess.py:106} INFO - 26/04/13 12:33:33 INFO Utils: Successfully started service 'org.apache.spark.network.netty.NettyBlockTransferService' on port 33549.
[2026-04-13T12:33:33.215+0000] {subprocess.py:106} INFO - 26/04/13 12:33:33 INFO NettyBlockTransferService: Server created on spark-master:33549
[2026-04-13T12:33:33.218+0000] {subprocess.py:106} INFO - 26/04/13 12:33:33 INFO BlockManager: Using org.apache.spark.storage.RandomBlockReplicationPolicy for block replication policy
[2026-04-13T12:33:33.240+0000] {subprocess.py:106} INFO - 26/04/13 12:33:33 INFO BlockManagerMaster: Registering BlockManager BlockManagerId(driver, spark-master, 33549, None)
[2026-04-13T12:33:33.249+0000] {subprocess.py:106} INFO - 26/04/13 12:33:33 INFO BlockManagerMasterEndpoint: Registering block manager spark-master:33549 with 1048.8 MiB RAM, BlockManagerId(driver, spark-master, 33549, None)
[2026-04-13T12:33:33.252+0000] {subprocess.py:106} INFO - 26/04/13 12:33:33 INFO BlockManagerMaster: Registered BlockManager BlockManagerId(driver, spark-master, 33549, None)
[2026-04-13T12:33:33.254+0000] {subprocess.py:106} INFO - 26/04/13 12:33:33 INFO BlockManager: Initialized BlockManager: BlockManagerId(driver, spark-master, 33549, None)
[2026-04-13T12:33:38.189+0000] {subprocess.py:106} INFO - Đọc dữ liệu Silver từ iceberg.air_quality_db.air_quality_silver
[2026-04-13T12:33:38.210+0000] {subprocess.py:106} INFO - 26/04/13 12:33:38 INFO SharedState: spark.sql.warehouse.dir is not set, but hive.metastore.warehouse.dir is set. Setting spark.sql.warehouse.dir to the value of hive.metastore.warehouse.dir.
[2026-04-13T12:33:39.055+0000] {subprocess.py:106} INFO - 26/04/13 12:33:39 INFO SharedState: Warehouse path is 'hdfs://23133083thuyvan-master:9000/user/hive/lakehouse'.
[2026-04-13T12:33:41.056+0000] {subprocess.py:106} INFO - 26/04/13 12:33:41 INFO CatalogUtil: Loading custom FileIO implementation: org.apache.iceberg.hadoop.HadoopFileIO
[2026-04-13T12:33:41.184+0000] {subprocess.py:106} INFO - 26/04/13 12:33:41 INFO HiveConf: Found configuration file file:/home/spark/spark/conf/hive-site.xml
[2026-04-13T12:33:41.417+0000] {subprocess.py:106} INFO - 26/04/13 12:33:41 INFO metastore: Trying to connect to metastore with URI thrift://23133083thuyvan-master:9083
[2026-04-13T12:33:41.456+0000] {subprocess.py:106} INFO - 26/04/13 12:33:41 INFO metastore: Opened a connection to metastore, current connections: 1
[2026-04-13T12:33:41.960+0000] {subprocess.py:106} INFO - 26/04/13 12:33:41 INFO metastore: Connected to metastore.
[2026-04-13T12:33:42.432+0000] {subprocess.py:106} INFO - 26/04/13 12:33:42 INFO BaseMetastoreTableOperations: Refreshing table metadata from new version: hdfs://23133083thuyvan-master:9000/user/hive/lakehouse/silver/air_quality_silver/metadata/00003-8e71d277-3336-4b24-8390-00b46931a63f.metadata.json
[2026-04-13T12:33:44.087+0000] {subprocess.py:106} INFO - 26/04/13 12:33:44 INFO BaseMetastoreCatalog: Table loaded by catalog: iceberg.air_quality_db.air_quality_silver
[2026-04-13T12:33:51.316+0000] {subprocess.py:106} INFO - 26/04/13 12:33:51 INFO HiveCatalog: Created namespace: air_quality_ml
[2026-04-13T12:33:51.381+0000] {subprocess.py:106} INFO - Tạo Iceberg table mới: iceberg.air_quality_ml.air_quality_gold
[2026-04-13T12:33:51.468+0000] {subprocess.py:106} INFO - 26/04/13 12:33:51 WARN SparkStringUtils: Truncated the string representation of a plan since it was too large. This behavior can be adjusted by setting 'spark.sql.debug.maxToStringFields'.
[2026-04-13T12:33:51.488+0000] {subprocess.py:106} INFO - 26/04/13 12:33:51 INFO BaseMetastoreCatalog: Table properties set at catalog level through catalog properties: {}
[2026-04-13T12:33:51.547+0000] {subprocess.py:106} INFO - 26/04/13 12:33:51 INFO BaseMetastoreCatalog: Table properties enforced at catalog level through catalog properties: {}
[2026-04-13T12:33:51.680+0000] {subprocess.py:106} INFO - 26/04/13 12:33:51 INFO V2ScanRelationPushDown:
[2026-04-13T12:33:51.681+0000] {subprocess.py:106} INFO - Output: timestamp#36, location#37, latitude#38, longitude#39, country#40, condition_text#41, timezone#42, temperature_2m#43, relative_humidity_2m#44, apparent_temperature#45, precipitation#46, cloud_cover#47, wind_speed_10m#48, wind_direction_10m#49, wind_gusts_10m#50, uv_index#51, weather_code#52, european_aqi#53, us_aqi#54, us_aqi_index#55, aqi_label#56, pm10#57, pm2_5#58, carbon_monoxide#59, nitrogen_dioxide#60, sulphur_dioxide#61, ozone#62, processing_time#63, data_source#64
[2026-04-13T12:33:51.683+0000] {subprocess.py:106} INFO - 
[2026-04-13T12:33:51.702+0000] {subprocess.py:106} INFO - 26/04/13 12:33:51 INFO SnapshotScan: Scanning table iceberg.air_quality_db.air_quality_silver snapshot 4518274335865062319 created at 2026-04-13T11:48:03.562+00:00 with filter true
[2026-04-13T12:33:52.105+0000] {subprocess.py:106} INFO - 26/04/13 12:33:52 INFO BaseDistributedDataScan: Planning file tasks locally for table iceberg.air_quality_db.air_quality_silver
[2026-04-13T12:33:52.291+0000] {subprocess.py:106} INFO - 26/04/13 12:33:52 INFO SparkPartitioningAwareScan: Reporting UnknownPartitioning with 15 partition(s) for table iceberg.air_quality_db.air_quality_silver
[2026-04-13T12:33:52.447+0000] {subprocess.py:106} INFO - 26/04/13 12:33:52 INFO MemoryStore: MemoryStore started with capacity 1048.8 MiB
[2026-04-13T12:33:52.490+0000] {subprocess.py:106} INFO - 26/04/13 12:33:52 INFO MemoryStore: Block broadcast_0 stored as values in memory (estimated size 32.0 KiB, free 1048.8 MiB)
[2026-04-13T12:33:52.588+0000] {subprocess.py:106} INFO - 26/04/13 12:33:52 INFO MemoryStore: Block broadcast_0_piece0 stored as bytes in memory (estimated size 34.8 KiB, free 1048.7 MiB)
[2026-04-13T12:33:52.601+0000] {subprocess.py:106} INFO - 26/04/13 12:33:52 INFO SparkContext: Created broadcast 0 from broadcast at SparkBatch.java:87
[2026-04-13T12:33:52.715+0000] {subprocess.py:106} INFO - 26/04/13 12:33:52 INFO MemoryStore: Block broadcast_1 stored as values in memory (estimated size 32.0 KiB, free 1048.7 MiB)
[2026-04-13T12:33:52.720+0000] {subprocess.py:106} INFO - 26/04/13 12:33:52 INFO MemoryStore: Block broadcast_1_piece0 stored as bytes in memory (estimated size 34.9 KiB, free 1048.7 MiB)
[2026-04-13T12:33:52.722+0000] {subprocess.py:106} INFO - 26/04/13 12:33:52 INFO SparkContext: Created broadcast 1 from broadcast at SparkBatch.java:87
[2026-04-13T12:33:53.564+0000] {subprocess.py:106} INFO - 26/04/13 12:33:53 INFO CodeGenerator: Code generated in 541.609658 ms
[2026-04-13T12:33:53.746+0000] {subprocess.py:106} INFO - 26/04/13 12:33:53 INFO MemoryStore: Block broadcast_2 stored as values in memory (estimated size 32.0 KiB, free 1048.6 MiB)
[2026-04-13T12:33:53.785+0000] {subprocess.py:106} INFO - 26/04/13 12:33:53 INFO MemoryStore: Block broadcast_2_piece0 stored as bytes in memory (estimated size 34.5 KiB, free 1048.6 MiB)
[2026-04-13T12:33:53.790+0000] {subprocess.py:106} INFO - 26/04/13 12:33:53 INFO SparkContext: Created broadcast 2 from broadcast at SparkWrite.java:198
[2026-04-13T12:33:53.799+0000] {subprocess.py:106} INFO - 26/04/13 12:33:53 INFO AppendDataExec: Start processing data source write support: IcebergBatchWrite(table=air_quality_ml.air_quality_gold, format=PARQUET). The input RDD has 15} partitions.
[2026-04-13T12:33:53.882+0000] {subprocess.py:106} INFO - 26/04/13 12:33:53 INFO SparkContext: Starting job: create at NativeMethodAccessorImpl.java:0
[2026-04-13T12:33:53.911+0000] {subprocess.py:106} INFO - 26/04/13 12:33:53 INFO DAGScheduler: Got job 0 (create at NativeMethodAccessorImpl.java:0) with 15 output partitions
[2026-04-13T12:33:53.914+0000] {subprocess.py:106} INFO - 26/04/13 12:33:53 INFO DAGScheduler: Final stage: ResultStage 0 (create at NativeMethodAccessorImpl.java:0)
[2026-04-13T12:33:53.916+0000] {subprocess.py:106} INFO - 26/04/13 12:33:53 INFO DAGScheduler: Parents of final stage: List()
[2026-04-13T12:33:53.919+0000] {subprocess.py:106} INFO - 26/04/13 12:33:53 INFO DAGScheduler: Missing parents: List()
[2026-04-13T12:33:53.925+0000] {subprocess.py:106} INFO - 26/04/13 12:33:53 INFO DAGScheduler: Submitting ResultStage 0 (MapPartitionsRDD[2] at create at NativeMethodAccessorImpl.java:0), which has no missing parents
[2026-04-13T12:33:54.007+0000] {subprocess.py:106} INFO - 26/04/13 12:33:54 INFO MemoryStore: Block broadcast_3 stored as values in memory (estimated size 33.8 KiB, free 1048.6 MiB)
[2026-04-13T12:33:54.010+0000] {subprocess.py:106} INFO - 26/04/13 12:33:54 INFO MemoryStore: Block broadcast_3_piece0 stored as bytes in memory (estimated size 10.3 KiB, free 1048.6 MiB)
[2026-04-13T12:33:54.012+0000] {subprocess.py:106} INFO - 26/04/13 12:33:54 INFO SparkContext: Created broadcast 3 from broadcast at DAGScheduler.scala:1676
[2026-04-13T12:33:54.043+0000] {subprocess.py:106} INFO - 26/04/13 12:33:54 INFO DAGScheduler: Submitting 15 missing tasks from ResultStage 0 (MapPartitionsRDD[2] at create at NativeMethodAccessorImpl.java:0) (first 15 tasks are for partitions Vector(0, 1, 2, 3, 4, 5, 6, 7, 8, 9, 10, 11, 12, 13, 14))
[2026-04-13T12:33:54.049+0000] {subprocess.py:106} INFO - 26/04/13 12:33:54 INFO TaskSchedulerImpl: Adding task set 0.0 with 15 tasks resource profile 0
[2026-04-13T12:33:54.125+0000] {subprocess.py:106} INFO - 26/04/13 12:33:54 INFO TaskSetManager: Starting task 0.0 in stage 0.0 (TID 0) (spark-master,executor driver, partition 0, ANY, 22261 bytes)
[2026-04-13T12:33:54.133+0000] {subprocess.py:106} INFO - 26/04/13 12:33:54 INFO TaskSetManager: Starting task 1.0 in stage 0.0 (TID 1) (spark-master,executor driver, partition 1, ANY, 21818 bytes)
[2026-04-13T12:33:54.135+0000] {subprocess.py:106} INFO - 26/04/13 12:33:54 INFO TaskSetManager: Starting task 2.0 in stage 0.0 (TID 2) (spark-master,executor driver, partition 2, ANY, 22234 bytes)
[2026-04-13T12:33:54.136+0000] {subprocess.py:106} INFO - 26/04/13 12:33:54 INFO TaskSetManager: Starting task 3.0 in stage 0.0 (TID 3) (spark-master,executor driver, partition 3, ANY, 22276 bytes)
[2026-04-13T12:33:54.138+0000] {subprocess.py:106} INFO - 26/04/13 12:33:54 INFO TaskSetManager: Starting task 4.0 in stage 0.0 (TID 4) (spark-master,executor driver, partition 4, ANY, 21812 bytes)
[2026-04-13T12:33:54.140+0000] {subprocess.py:106} INFO - 26/04/13 12:33:54 INFO TaskSetManager: Starting task 5.0 in stage 0.0 (TID 5) (spark-master,executor driver, partition 5, ANY, 22266 bytes)
[2026-04-13T12:33:54.145+0000] {subprocess.py:106} INFO - 26/04/13 12:33:54 INFO TaskSetManager: Starting task 6.0 in stage 0.0 (TID 6) (spark-master,executor driver, partition 6, ANY, 21806 bytes)
[2026-04-13T12:33:54.149+0000] {subprocess.py:106} INFO - 26/04/13 12:33:54 INFO TaskSetManager: Starting task 7.0 in stage 0.0 (TID 7) (spark-master,executor driver, partition 7, ANY, 22257 bytes)
[2026-04-13T12:33:54.152+0000] {subprocess.py:106} INFO - 26/04/13 12:33:54 INFO TaskSetManager: Starting task 8.0 in stage 0.0 (TID 8) (spark-master,executor driver, partition 8, ANY, 22258 bytes)
[2026-04-13T12:33:54.154+0000] {subprocess.py:106} INFO - 26/04/13 12:33:54 INFO TaskSetManager: Starting task 9.0 in stage 0.0 (TID 9) (spark-master,executor driver, partition 9, ANY, 22258 bytes)
[2026-04-13T12:33:54.156+0000] {subprocess.py:106} INFO - 26/04/13 12:33:54 INFO TaskSetManager: Starting task 10.0 in stage 0.0 (TID 10) (spark-master,executor driver, partition 10, ANY, 21822 bytes)
[2026-04-13T12:33:54.158+0000] {subprocess.py:106} INFO - 26/04/13 12:33:54 INFO TaskSetManager: Starting task 11.0 in stage 0.0 (TID 11) (spark-master,executor driver, partition 11, ANY, 21802 bytes)
[2026-04-13T12:33:54.162+0000] {subprocess.py:106} INFO - 26/04/13 12:33:54 INFO TaskSetManager: Starting task 12.0 in stage 0.0 (TID 12) (spark-master,executor driver, partition 12, ANY, 21814 bytes)
[2026-04-13T12:33:54.165+0000] {subprocess.py:106} INFO - 26/04/13 12:33:54 INFO TaskSetManager: Starting task 13.0 in stage 0.0 (TID 13) (spark-master,executor driver, partition 13, ANY, 21787 bytes)
[2026-04-13T12:33:54.168+0000] {subprocess.py:106} INFO - 26/04/13 12:33:54 INFO TaskSetManager: Starting task 14.0 in stage 0.0 (TID 14) (spark-master,executor driver, partition 14, ANY, 21355 bytes)
[2026-04-13T12:33:54.189+0000] {subprocess.py:106} INFO - 26/04/13 12:33:54 INFO Executor: Running task 4.0 in stage 0.0 (TID 4)
[2026-04-13T12:33:54.190+0000] {subprocess.py:106} INFO - 26/04/13 12:33:54 INFO Executor: Running task 5.0 in stage 0.0 (TID 5)
[2026-04-13T12:33:54.193+0000] {subprocess.py:106} INFO - 26/04/13 12:33:54 INFO Executor: Running task 1.0 in stage 0.0 (TID 1)
[2026-04-13T12:33:54.195+0000] {subprocess.py:106} INFO - 26/04/13 12:33:54 INFO Executor: Running task 7.0 in stage 0.0 (TID 7)
[2026-04-13T12:33:54.198+0000] {subprocess.py:106} INFO - 26/04/13 12:33:54 INFO Executor: Running task 8.0 in stage 0.0 (TID 8)
[2026-04-13T12:33:54.199+0000] {subprocess.py:106} INFO - 26/04/13 12:33:54 INFO Executor: Running task 2.0 in stage 0.0 (TID 2)
[2026-04-13T12:33:54.200+0000] {subprocess.py:106} INFO - 26/04/13 12:33:54 INFO Executor: Running task 0.0 in stage 0.0 (TID 0)
[2026-04-13T12:33:54.201+0000] {subprocess.py:106} INFO - 26/04/13 12:33:54 INFO Executor: Running task 6.0 in stage 0.0 (TID 6)
[2026-04-13T12:33:54.202+0000] {subprocess.py:106} INFO - 26/04/13 12:33:54 INFO Executor: Running task 9.0 in stage 0.0 (TID 9)
[2026-04-13T12:33:54.203+0000] {subprocess.py:106} INFO - 26/04/13 12:33:54 INFO Executor: Running task 3.0 in stage 0.0 (TID 3)
[2026-04-13T12:33:54.204+0000] {subprocess.py:106} INFO - 26/04/13 12:33:54 INFO Executor: Running task 11.0 in stage 0.0 (TID 11)
[2026-04-13T12:33:54.205+0000] {subprocess.py:106} INFO - 26/04/13 12:33:54 INFO Executor: Running task 10.0 in stage 0.0 (TID 10)
[2026-04-13T12:33:54.206+0000] {subprocess.py:106} INFO - 26/04/13 12:33:54 INFO Executor: Running task 12.0 in stage 0.0 (TID 12)
[2026-04-13T12:33:54.206+0000] {subprocess.py:106} INFO - 26/04/13 12:33:54 INFO Executor: Running task 13.0 in stage 0.0 (TID 13)
[2026-04-13T12:33:54.207+0000] {subprocess.py:106} INFO - 26/04/13 12:33:54 INFO Executor: Running task 14.0 in stage 0.0 (TID 14)
[2026-04-13T12:33:54.552+0000] {subprocess.py:106} INFO - 26/04/13 12:33:54 INFO CodeGenerator: Code generated in 82.556337 ms
[2026-04-13T12:33:54.784+0000] {subprocess.py:106} INFO - 26/04/13 12:33:54 INFO CodecPool: Got brand-new compressor [.zstd]
[2026-04-13T12:33:54.786+0000] {subprocess.py:106} INFO - 26/04/13 12:33:54 INFO CodecPool: Got brand-new compressor [.zstd]
[2026-04-13T12:33:54.787+0000] {subprocess.py:106} INFO - 26/04/13 12:33:54 INFO CodecPool: Got brand-new compressor [.zstd]
[2026-04-13T12:33:54.788+0000] {subprocess.py:106} INFO - 26/04/13 12:33:54 INFO CodecPool: Got brand-new compressor [.zstd]
[2026-04-13T12:33:54.789+0000] {subprocess.py:106} INFO - 26/04/13 12:33:54 INFO CodecPool: Got brand-new compressor [.zstd]
[2026-04-13T12:33:54.791+0000] {subprocess.py:106} INFO - 26/04/13 12:33:54 INFO CodecPool: Got brand-new compressor [.zstd]
[2026-04-13T12:33:54.792+0000] {subprocess.py:106} INFO - 26/04/13 12:33:54 INFO CodecPool: Got brand-new compressor [.zstd]
[2026-04-13T12:33:54.793+0000] {subprocess.py:106} INFO - 26/04/13 12:33:54 INFO CodecPool: Got brand-new compressor [.zstd]
[2026-04-13T12:33:54.794+0000] {subprocess.py:106} INFO - 26/04/13 12:33:54 INFO CodecPool: Got brand-new compressor [.zstd]
[2026-04-13T12:33:54.795+0000] {subprocess.py:106} INFO - 26/04/13 12:33:54 INFO CodecPool: Got brand-new compressor [.zstd]
[2026-04-13T12:33:54.795+0000] {subprocess.py:106} INFO - 26/04/13 12:33:54 INFO CodecPool: Got brand-new compressor [.zstd]
[2026-04-13T12:33:54.796+0000] {subprocess.py:106} INFO - 26/04/13 12:33:54 INFO CodecPool: Got brand-new compressor [.zstd]
[2026-04-13T12:33:54.797+0000] {subprocess.py:106} INFO - 26/04/13 12:33:54 INFO CodecPool: Got brand-new compressor [.zstd]
[2026-04-13T12:33:54.797+0000] {subprocess.py:106} INFO - 26/04/13 12:33:54 INFO CodecPool: Got brand-new compressor [.zstd]
[2026-04-13T12:33:54.798+0000] {subprocess.py:106} INFO - 26/04/13 12:33:54 INFO CodecPool: Got brand-new compressor [.zstd]
[2026-04-13T12:33:56.253+0000] {subprocess.py:106} INFO - 26/04/13 12:33:56 INFO VectorizedSparkParquetReaders: Enabling arrow.enable_unsafe_memory_access
[2026-04-13T12:33:56.254+0000] {subprocess.py:106} INFO - 26/04/13 12:33:56 INFO VectorizedSparkParquetReaders: Disabling arrow.enable_null_check_for_get
[2026-04-13T12:33:56.270+0000] {subprocess.py:106} INFO - 26/04/13 12:33:56 INFO BaseAllocator: Debug mode disabled. Enable with the VM option -Darrow.memory.debug.allocator=true.
[2026-04-13T12:33:56.276+0000] {subprocess.py:106} INFO - 26/04/13 12:33:56 INFO DefaultAllocationManagerOption: allocation manager type not specified, using netty as the default type
[2026-04-13T12:33:56.278+0000] {subprocess.py:106} INFO - 26/04/13 12:33:56 INFO CheckAllocator: Using DefaultAllocationManager at memory/DefaultAllocationManagerFactory.class
[2026-04-13T12:33:56.620+0000] {subprocess.py:106} INFO - 26/04/13 12:33:56 INFO CodecPool: Got brand-new decompressor [.zstd]
[2026-04-13T12:33:56.622+0000] {subprocess.py:106} INFO - 26/04/13 12:33:56 INFO CodecPool: Got brand-new decompressor [.zstd]
[2026-04-13T12:33:56.623+0000] {subprocess.py:106} INFO - 26/04/13 12:33:56 INFO CodecPool: Got brand-new decompressor [.zstd]
[2026-04-13T12:33:56.624+0000] {subprocess.py:106} INFO - 26/04/13 12:33:56 INFO CodecPool: Got brand-new decompressor [.zstd]
[2026-04-13T12:33:56.625+0000] {subprocess.py:106} INFO - 26/04/13 12:33:56 INFO CodecPool: Got brand-new decompressor [.zstd]
[2026-04-13T12:33:56.628+0000] {subprocess.py:106} INFO - 26/04/13 12:33:56 INFO CodecPool: Got brand-new decompressor [.zstd]
[2026-04-13T12:33:56.630+0000] {subprocess.py:106} INFO - 26/04/13 12:33:56 INFO CodecPool: Got brand-new decompressor [.zstd]
[2026-04-13T12:33:56.638+0000] {subprocess.py:106} INFO - 26/04/13 12:33:56 INFO CodecPool: Got brand-new decompressor [.zstd]
[2026-04-13T12:33:56.646+0000] {subprocess.py:106} INFO - 26/04/13 12:33:56 INFO CodecPool: Got brand-new decompressor [.zstd]
[2026-04-13T12:33:56.649+0000] {subprocess.py:106} INFO - 26/04/13 12:33:56 INFO CodecPool: Got brand-new decompressor [.zstd]
[2026-04-13T12:33:56.651+0000] {subprocess.py:106} INFO - 26/04/13 12:33:56 INFO CodecPool: Got brand-new decompressor [.zstd]
[2026-04-13T12:33:56.653+0000] {subprocess.py:106} INFO - 26/04/13 12:33:56 INFO CodecPool: Got brand-new decompressor [.zstd]
[2026-04-13T12:33:56.656+0000] {subprocess.py:106} INFO - 26/04/13 12:33:56 INFO CodecPool: Got brand-new decompressor [.zstd]
[2026-04-13T12:33:56.658+0000] {subprocess.py:106} INFO - 26/04/13 12:33:56 INFO CodecPool: Got brand-new decompressor [.zstd]
[2026-04-13T12:33:56.660+0000] {subprocess.py:106} INFO - 26/04/13 12:33:56 INFO CodecPool: Got brand-new decompressor [.zstd]
[2026-04-13T12:33:57.186+0000] {subprocess.py:106} INFO - 26/04/13 12:33:57 INFO CodecPool: Got brand-new decompressor [.zstd]
[2026-04-13T12:33:57.187+0000] {subprocess.py:106} INFO - 26/04/13 12:33:57 INFO CodecPool: Got brand-new decompressor [.zstd]
[2026-04-13T12:33:57.197+0000] {subprocess.py:106} INFO - 26/04/13 12:33:57 INFO CodecPool: Got brand-new decompressor [.zstd]
[2026-04-13T12:33:57.211+0000] {subprocess.py:106} INFO - 26/04/13 12:33:57 INFO CodecPool: Got brand-new decompressor [.zstd]
[2026-04-13T12:33:57.215+0000] {subprocess.py:106} INFO - 26/04/13 12:33:57 INFO CodecPool: Got brand-new decompressor [.zstd]
[2026-04-13T12:33:57.216+0000] {subprocess.py:106} INFO - 26/04/13 12:33:57 INFO CodecPool: Got brand-new decompressor [.zstd]
[2026-04-13T12:33:57.217+0000] {subprocess.py:106} INFO - 26/04/13 12:33:57 INFO CodecPool: Got brand-new decompressor [.zstd]
[2026-04-13T12:33:57.222+0000] {subprocess.py:106} INFO - 26/04/13 12:33:57 INFO CodecPool: Got brand-new decompressor [.zstd]
[2026-04-13T12:33:57.230+0000] {subprocess.py:106} INFO - 26/04/13 12:33:57 INFO CodecPool: Got brand-new decompressor [.zstd]
[2026-04-13T12:33:57.231+0000] {subprocess.py:106} INFO - 26/04/13 12:33:57 INFO CodecPool: Got brand-new decompressor [.zstd]
[2026-04-13T12:33:57.413+0000] {subprocess.py:106} INFO - 26/04/13 12:33:57 INFO CodecPool: Got brand-new decompressor [.zstd]
[2026-04-13T12:33:57.480+0000] {subprocess.py:106} INFO - 26/04/13 12:33:57 INFO CodecPool: Got brand-new decompressor [.zstd]
[2026-04-13T12:33:57.481+0000] {subprocess.py:106} INFO - 26/04/13 12:33:57 INFO CodecPool: Got brand-new decompressor [.zstd]
[2026-04-13T12:33:57.527+0000] {subprocess.py:106} INFO - 26/04/13 12:33:57 INFO CodecPool: Got brand-new decompressor [.zstd]
[2026-04-13T12:33:57.538+0000] {subprocess.py:106} INFO - 26/04/13 12:33:57 INFO CodecPool: Got brand-new decompressor [.zstd]
[2026-04-13T12:33:57.539+0000] {subprocess.py:106} INFO - 26/04/13 12:33:57 INFO CodecPool: Got brand-new decompressor [.zstd]
[2026-04-13T12:33:57.541+0000] {subprocess.py:106} INFO - 26/04/13 12:33:57 INFO CodecPool: Got brand-new decompressor [.zstd]
[2026-04-13T12:33:57.542+0000] {subprocess.py:106} INFO - 26/04/13 12:33:57 INFO CodecPool: Got brand-new decompressor [.zstd]
[2026-04-13T12:33:57.544+0000] {subprocess.py:106} INFO - 26/04/13 12:33:57 INFO CodecPool: Got brand-new decompressor [.zstd]
[2026-04-13T12:33:57.547+0000] {subprocess.py:106} INFO - 26/04/13 12:33:57 INFO CodecPool: Got brand-new decompressor [.zstd]
[2026-04-13T12:33:57.562+0000] {subprocess.py:106} INFO - 26/04/13 12:33:57 INFO CodecPool: Got brand-new decompressor [.zstd]
[2026-04-13T12:33:57.585+0000] {subprocess.py:106} INFO - 26/04/13 12:33:57 INFO CodecPool: Got brand-new decompressor [.zstd]
[2026-04-13T12:33:57.614+0000] {subprocess.py:106} INFO - 26/04/13 12:33:57 INFO CodecPool: Got brand-new decompressor [.zstd]
[2026-04-13T12:33:57.615+0000] {subprocess.py:106} INFO - 26/04/13 12:33:57 INFO CodecPool: Got brand-new decompressor [.zstd]
[2026-04-13T12:33:57.685+0000] {subprocess.py:106} INFO - 26/04/13 12:33:57 INFO CodecPool: Got brand-new decompressor [.zstd]
[2026-04-13T12:33:57.699+0000] {subprocess.py:106} INFO - 26/04/13 12:33:57 INFO CodecPool: Got brand-new decompressor [.zstd]
[2026-04-13T12:33:57.985+0000] {subprocess.py:106} INFO - 26/04/13 12:33:57 INFO CodecPool: Got brand-new decompressor [.zstd]
[2026-04-13T12:33:57.989+0000] {subprocess.py:106} INFO - 26/04/13 12:33:57 INFO CodecPool: Got brand-new decompressor [.zstd]
[2026-04-13T12:33:57.998+0000] {subprocess.py:106} INFO - 26/04/13 12:33:57 INFO CodecPool: Got brand-new decompressor [.zstd]
[2026-04-13T12:33:57.999+0000] {subprocess.py:106} INFO - 26/04/13 12:33:57 INFO DataWritingSparkTask: Writer for partition 11 is committing.
[2026-04-13T12:33:58.007+0000] {subprocess.py:106} INFO - 26/04/13 12:33:57 INFO DataWritingSparkTask: Writer for partition 0 is committing.
[2026-04-13T12:33:58.023+0000] {subprocess.py:106} INFO - 26/04/13 12:33:58 INFO CodecPool: Got brand-new decompressor [.zstd]
[2026-04-13T12:33:58.024+0000] {subprocess.py:106} INFO - 26/04/13 12:33:58 INFO CodecPool: Got brand-new decompressor [.zstd]
[2026-04-13T12:33:58.025+0000] {subprocess.py:106} INFO - 26/04/13 12:33:58 INFO CodecPool: Got brand-new decompressor [.zstd]
[2026-04-13T12:33:58.028+0000] {subprocess.py:106} INFO - 26/04/13 12:33:58 INFO CodecPool: Got brand-new decompressor [.zstd]
[2026-04-13T12:33:58.032+0000] {subprocess.py:106} INFO - 26/04/13 12:33:58 INFO CodecPool: Got brand-new decompressor [.zstd]
[2026-04-13T12:33:58.033+0000] {subprocess.py:106} INFO - 26/04/13 12:33:58 INFO CodecPool: Got brand-new decompressor [.zstd]
[2026-04-13T12:33:58.035+0000] {subprocess.py:106} INFO - 26/04/13 12:33:58 INFO CodecPool: Got brand-new decompressor [.zstd]
[2026-04-13T12:33:58.047+0000] {subprocess.py:106} INFO - 26/04/13 12:33:58 INFO DataWritingSparkTask: Writer for partition 5 is committing.
[2026-04-13T12:33:58.049+0000] {subprocess.py:106} INFO - 26/04/13 12:33:58 INFO CodecPool: Got brand-new decompressor [.zstd]
[2026-04-13T12:33:58.053+0000] {subprocess.py:106} INFO - 26/04/13 12:33:58 INFO CodecPool: Got brand-new decompressor [.zstd]
[2026-04-13T12:33:58.054+0000] {subprocess.py:106} INFO - 26/04/13 12:33:58 INFO CodecPool: Got brand-new decompressor [.zstd]
[2026-04-13T12:33:58.055+0000] {subprocess.py:106} INFO - 26/04/13 12:33:58 INFO DataWritingSparkTask: Writer for partition 14 is committing.
[2026-04-13T12:33:58.056+0000] {subprocess.py:106} INFO - 26/04/13 12:33:58 INFO DataWritingSparkTask: Writer for partition 4 is committing.
[2026-04-13T12:33:58.056+0000] {subprocess.py:106} INFO - 26/04/13 12:33:58 INFO DataWritingSparkTask: Writer for partition 2 is committing.
[2026-04-13T12:33:58.058+0000] {subprocess.py:106} INFO - 26/04/13 12:33:58 INFO DataWritingSparkTask: Writer for partition 6 is committing.
[2026-04-13T12:33:58.060+0000] {subprocess.py:106} INFO - 26/04/13 12:33:58 INFO CodecPool: Got brand-new decompressor [.zstd]
[2026-04-13T12:33:58.064+0000] {subprocess.py:106} INFO - 26/04/13 12:33:58 INFO CodecPool: Got brand-new decompressor [.zstd]
[2026-04-13T12:33:58.069+0000] {subprocess.py:106} INFO - 26/04/13 12:33:58 INFO DataWritingSparkTask: Writer for partition 8 is committing.
[2026-04-13T12:33:58.070+0000] {subprocess.py:106} INFO - 26/04/13 12:33:58 INFO DataWritingSparkTask: Writer for partition 10 is committing.
[2026-04-13T12:33:58.133+0000] {subprocess.py:106} INFO - 26/04/13 12:33:58 INFO DataWritingSparkTask: Writer for partition 7 is committing.
[2026-04-13T12:33:58.134+0000] {subprocess.py:106} INFO - 26/04/13 12:33:58 INFO CodecPool: Got brand-new decompressor [.zstd]
[2026-04-13T12:33:58.140+0000] {subprocess.py:106} INFO - 26/04/13 12:33:58 INFO CodecPool: Got brand-new decompressor [.zstd]
[2026-04-13T12:33:58.146+0000] {subprocess.py:106} INFO - 26/04/13 12:33:58 INFO DataWritingSparkTask: Writer for partition 1 is committing.
[2026-04-13T12:33:58.147+0000] {subprocess.py:106} INFO - 26/04/13 12:33:58 INFO DataWritingSparkTask: Writer for partition 9 is committing.
[2026-04-13T12:33:58.148+0000] {subprocess.py:106} INFO - 26/04/13 12:33:58 INFO CodecPool: Got brand-new decompressor [.zstd]
[2026-04-13T12:33:58.149+0000] {subprocess.py:106} INFO - 26/04/13 12:33:58 INFO CodecPool: Got brand-new decompressor [.zstd]
[2026-04-13T12:33:58.155+0000] {subprocess.py:106} INFO - 26/04/13 12:33:58 INFO DataWritingSparkTask: Writer for partition 3 is committing.
[2026-04-13T12:33:58.156+0000] {subprocess.py:106} INFO - 26/04/13 12:33:58 INFO DataWritingSparkTask: Writer for partition 12 is committing.
[2026-04-13T12:33:58.171+0000] {subprocess.py:106} INFO - 26/04/13 12:33:58 INFO DataWritingSparkTask: Writer for partition 13 is committing.
[2026-04-13T12:33:59.945+0000] {subprocess.py:106} INFO - 26/04/13 12:33:59 INFO DataWritingSparkTask: Committed partition 3 (task 3, attempt 0, stage 0.0)
[2026-04-13T12:33:59.946+0000] {subprocess.py:106} INFO - 26/04/13 12:33:59 INFO DataWritingSparkTask: Committed partition 8 (task 8, attempt 0, stage 0.0)
[2026-04-13T12:33:59.946+0000] {subprocess.py:106} INFO - 26/04/13 12:33:59 INFO DataWritingSparkTask: Committed partition 10 (task 10, attempt 0, stage 0.0)
[2026-04-13T12:33:59.947+0000] {subprocess.py:106} INFO - 26/04/13 12:33:59 INFO DataWritingSparkTask: Committed partition 12 (task 12, attempt 0, stage 0.0)
[2026-04-13T12:33:59.947+0000] {subprocess.py:106} INFO - 26/04/13 12:33:59 INFO DataWritingSparkTask: Committed partition 7 (task 7, attempt 0, stage 0.0)
[2026-04-13T12:33:59.948+0000] {subprocess.py:106} INFO - 26/04/13 12:33:59 INFO DataWritingSparkTask: Committed partition 6 (task 6, attempt 0, stage 0.0)
[2026-04-13T12:33:59.948+0000] {subprocess.py:106} INFO - 26/04/13 12:33:59 INFO DataWritingSparkTask: Committed partition 4 (task 4, attempt 0, stage 0.0)
[2026-04-13T12:33:59.949+0000] {subprocess.py:106} INFO - 26/04/13 12:33:59 INFO DataWritingSparkTask: Committed partition 2 (task 2, attempt 0, stage 0.0)
[2026-04-13T12:33:59.949+0000] {subprocess.py:106} INFO - 26/04/13 12:33:59 INFO DataWritingSparkTask: Committed partition 1 (task 1, attempt 0, stage 0.0)
[2026-04-13T12:33:59.950+0000] {subprocess.py:106} INFO - 26/04/13 12:33:59 INFO DataWritingSparkTask: Committed partition 14 (task 14, attempt 0, stage 0.0)
[2026-04-13T12:33:59.950+0000] {subprocess.py:106} INFO - 26/04/13 12:33:59 INFO DataWritingSparkTask: Committed partition 0 (task 0, attempt 0, stage 0.0)
[2026-04-13T12:33:59.951+0000] {subprocess.py:106} INFO - 26/04/13 12:33:59 INFO DataWritingSparkTask: Committed partition 9 (task 9, attempt 0, stage 0.0)
[2026-04-13T12:33:59.951+0000] {subprocess.py:106} INFO - 26/04/13 12:33:59 INFO DataWritingSparkTask: Committed partition 11 (task 11, attempt 0, stage 0.0)
[2026-04-13T12:33:59.952+0000] {subprocess.py:106} INFO - 26/04/13 12:33:59 INFO DataWritingSparkTask: Committed partition 13 (task 13, attempt 0, stage 0.0)
[2026-04-13T12:33:59.953+0000] {subprocess.py:106} INFO - 26/04/13 12:33:59 INFO DataWritingSparkTask: Committed partition 5 (task 5, attempt 0, stage 0.0)
[2026-04-13T12:34:00.013+0000] {subprocess.py:106} INFO - 26/04/13 12:34:00 INFO Executor: Finished task 11.0 in stage 0.0 (TID 11). 9553 bytes result sent to driver
[2026-04-13T12:34:00.014+0000] {subprocess.py:106} INFO - 26/04/13 12:34:00 INFO Executor: Finished task 10.0 in stage 0.0 (TID 10). 9546 bytes result sent to driver
[2026-04-13T12:34:00.015+0000] {subprocess.py:106} INFO - 26/04/13 12:34:00 INFO Executor: Finished task 14.0 in stage 0.0 (TID 14). 9522 bytes result sent to driver
[2026-04-13T12:34:00.016+0000] {subprocess.py:106} INFO - 26/04/13 12:34:00 INFO Executor: Finished task 13.0 in stage 0.0 (TID 13). 9567 bytes result sent to driver
[2026-04-13T12:34:00.016+0000] {subprocess.py:106} INFO - 26/04/13 12:34:00 INFO Executor: Finished task 9.0 in stage 0.0 (TID 9). 9521 bytes result sent to driver
[2026-04-13T12:34:00.018+0000] {subprocess.py:106} INFO - 26/04/13 12:34:00 INFO Executor: Finished task 1.0 in stage 0.0 (TID 1). 9524 bytes result sent to driver
[2026-04-13T12:34:00.023+0000] {subprocess.py:106} INFO - 26/04/13 12:34:00 INFO Executor: Finished task 5.0 in stage 0.0 (TID 5). 9541 bytes result sent to driver
[2026-04-13T12:34:00.024+0000] {subprocess.py:106} INFO - 26/04/13 12:34:00 INFO Executor: Finished task 2.0 in stage 0.0 (TID 2). 9534 bytes result sent to driver
[2026-04-13T12:34:00.025+0000] {subprocess.py:106} INFO - 26/04/13 12:34:00 INFO Executor: Finished task 8.0 in stage 0.0 (TID 8). 9515 bytes result sent to driver
[2026-04-13T12:34:00.025+0000] {subprocess.py:106} INFO - 26/04/13 12:34:00 INFO Executor: Finished task 4.0 in stage 0.0 (TID 4). 9524 bytes result sent to driver
[2026-04-13T12:34:00.026+0000] {subprocess.py:106} INFO - 26/04/13 12:34:00 INFO Executor: Finished task 7.0 in stage 0.0 (TID 7). 9543 bytes result sent to driver
[2026-04-13T12:34:00.027+0000] {subprocess.py:106} INFO - 26/04/13 12:34:00 INFO Executor: Finished task 3.0 in stage 0.0 (TID 3). 9553 bytes result sent to driver
[2026-04-13T12:34:00.027+0000] {subprocess.py:106} INFO - 26/04/13 12:34:00 INFO Executor: Finished task 6.0 in stage 0.0 (TID 6). 9515 bytes result sent to driver
[2026-04-13T12:34:00.028+0000] {subprocess.py:106} INFO - 26/04/13 12:34:00 INFO Executor: Finished task 0.0 in stage 0.0 (TID 0). 9532 bytes result sent to driver
[2026-04-13T12:34:00.029+0000] {subprocess.py:106} INFO - 26/04/13 12:34:00 INFO Executor: Finished task 12.0 in stage 0.0 (TID 12). 9529 bytes result sent to driver
[2026-04-13T12:34:00.132+0000] {subprocess.py:106} INFO - 26/04/13 12:34:00 INFO TaskSetManager: Finished task 14.0 in stage 0.0 (TID 14) in 5962 ms on spark-master (executor driver) (1/15)
[2026-04-13T12:34:00.137+0000] {subprocess.py:106} INFO - 26/04/13 12:34:00 INFO TaskSetManager: Finished task 9.0 in stage 0.0 (TID 9) in 5983 ms on spark-master (executor driver) (2/15)
[2026-04-13T12:34:00.138+0000] {subprocess.py:106} INFO - 26/04/13 12:34:00 INFO TaskSetManager: Finished task 10.0 in stage 0.0 (TID 10) in 5982 ms on spark-master (executor driver) (3/15)
[2026-04-13T12:34:00.143+0000] {subprocess.py:106} INFO - 26/04/13 12:34:00 INFO TaskSetManager: Finished task 13.0 in stage 0.0 (TID 13) in 5979 ms on spark-master (executor driver) (4/15)
[2026-04-13T12:34:00.145+0000] {subprocess.py:106} INFO - 26/04/13 12:34:00 INFO TaskSetManager: Finished task 7.0 in stage 0.0 (TID 7) in 5997 ms on spark-master (executor driver) (5/15)
[2026-04-13T12:34:00.151+0000] {subprocess.py:106} INFO - 26/04/13 12:34:00 INFO TaskSetManager: Finished task 11.0 in stage 0.0 (TID 11) in 5989 ms on spark-master (executor driver) (6/15)
[2026-04-13T12:34:00.152+0000] {subprocess.py:106} INFO - 26/04/13 12:34:00 INFO TaskSetManager: Finished task 4.0 in stage 0.0 (TID 4) in 6010 ms on spark-master (executor driver) (7/15)
[2026-04-13T12:34:00.153+0000] {subprocess.py:106} INFO - 26/04/13 12:34:00 INFO TaskSetManager: Finished task 1.0 in stage 0.0 (TID 1) in 6016 ms on spark-master (executor driver) (8/15)
[2026-04-13T12:34:00.155+0000] {subprocess.py:106} INFO - 26/04/13 12:34:00 INFO TaskSetManager: Finished task 3.0 in stage 0.0 (TID 3) in 6014 ms on spark-master (executor driver) (9/15)
[2026-04-13T12:34:00.156+0000] {subprocess.py:106} INFO - 26/04/13 12:34:00 INFO TaskSetManager: Finished task 6.0 in stage 0.0 (TID 6) in 6010 ms on spark-master (executor driver) (10/15)
[2026-04-13T12:34:00.157+0000] {subprocess.py:106} INFO - 26/04/13 12:34:00 INFO TaskSetManager: Finished task 0.0 in stage 0.0 (TID 0) in 6071 ms on spark-master (executor driver) (11/15)
[2026-04-13T12:34:00.158+0000] {subprocess.py:106} INFO - 26/04/13 12:34:00 INFO TaskSetManager: Finished task 5.0 in stage 0.0 (TID 5) in 6015 ms on spark-master (executor driver) (12/15)
[2026-04-13T12:34:00.159+0000] {subprocess.py:106} INFO - 26/04/13 12:34:00 INFO TaskSetManager: Finished task 2.0 in stage 0.0 (TID 2) in 6024 ms on spark-master (executor driver) (13/15)
[2026-04-13T12:34:00.160+0000] {subprocess.py:106} INFO - 26/04/13 12:34:00 INFO TaskSetManager: Finished task 12.0 in stage 0.0 (TID 12) in 6000 ms on spark-master (executor driver) (14/15)
[2026-04-13T12:34:00.161+0000] {subprocess.py:106} INFO - 26/04/13 12:34:00 INFO TaskSetManager: Finished task 8.0 in stage 0.0 (TID 8) in 6010 ms on spark-master (executor driver) (15/15)
[2026-04-13T12:34:00.163+0000] {subprocess.py:106} INFO - 26/04/13 12:34:00 INFO TaskSchedulerImpl: Removed TaskSet 0.0 whose tasks have all completed, from pool
[2026-04-13T12:34:00.167+0000] {subprocess.py:106} INFO - 26/04/13 12:34:00 INFO DAGScheduler: ResultStage 0 (create at NativeMethodAccessorImpl.java:0) finished in 6215 ms
[2026-04-13T12:34:00.173+0000] {subprocess.py:106} INFO - 26/04/13 12:34:00 INFO DAGScheduler: Job 0 is finished. Cancelling potential speculative or zombie tasks for this job
[2026-04-13T12:34:00.175+0000] {subprocess.py:106} INFO - 26/04/13 12:34:00 INFO TaskSchedulerImpl: Canceling stage 0
[2026-04-13T12:34:00.177+0000] {subprocess.py:106} INFO - 26/04/13 12:34:00 INFO TaskSchedulerImpl: Killing all running tasks in stage 0: Stage finished
[2026-04-13T12:34:00.185+0000] {subprocess.py:106} INFO - 26/04/13 12:34:00 INFO DAGScheduler: Job 0 finished: create at NativeMethodAccessorImpl.java:0, took 6301.128636 ms
[2026-04-13T12:34:00.187+0000] {subprocess.py:106} INFO - 26/04/13 12:34:00 INFO AppendDataExec: Data source write support IcebergBatchWrite(table=air_quality_ml.air_quality_gold, format=PARQUET) is committing.
[2026-04-13T12:34:00.221+0000] {subprocess.py:106} INFO - 26/04/13 12:34:00 INFO SparkWrite: Committing append with 15 new data files to table air_quality_ml.air_quality_gold
[2026-04-13T12:34:00.841+0000] {subprocess.py:106} INFO - 26/04/13 12:34:00 INFO SnapshotProducer: Committed snapshot 4118921288229573054 (MergeAppend)
[2026-04-13T12:34:00.873+0000] {subprocess.py:106} INFO - 26/04/13 12:34:00 INFO LoggingMetricsReporter: Received metrics report: CommitReport{tableName=air_quality_ml.air_quality_gold, snapshotId=4118921288229573054, sequenceNumber=1, operation=append, commitMetrics=CommitMetricsResult{totalDuration=TimerResult{timeUnit=NANOSECONDS, totalDuration=PT0.632085366S, count=1}, attempts=CounterResult{unit=COUNT, value=1}, addedDataFiles=CounterResult{unit=COUNT, value=15}, removedDataFiles=null, totalDataFiles=CounterResult{unit=COUNT, value=15}, addedDeleteFiles=null, addedEqualityDeleteFiles=null, addedPositionalDeleteFiles=null, addedDVs=null, removedDeleteFiles=null, removedEqualityDeleteFiles=null, removedPositionalDeleteFiles=null, removedDVs=null, totalDeleteFiles=CounterResult{unit=COUNT, value=0}, addedRecords=CounterResult{unit=COUNT, value=100}, removedRecords=null, totalRecords=CounterResult{unit=COUNT, value=100}, addedFilesSizeInBytes=CounterResult{unit=BYTES, value=147785}, removedFilesSizeInBytes=null, totalFilesSizeInBytes=CounterResult{unit=BYTES, value=147785}, addedPositionalDeletes=null, removedPositionalDeletes=null, totalPositionalDeletes=CounterResult{unit=COUNT, value=0}, addedEqualityDeletes=null, removedEqualityDeletes=null, totalEqualityDeletes=CounterResult{unit=COUNT, value=0}, manifestsCreated=null, manifestsReplaced=null, manifestsKept=null, manifestEntriesProcessed=null}, metadata={engine-version=4.0.2, app-id=local-1776083612133, engine-name=spark, iceberg-version=Apache Iceberg 1.10.1 (commit ccb8bc435062171e64bc8b7e5f56e6aed9c5b934)}}
[2026-04-13T12:34:00.875+0000] {subprocess.py:106} INFO - 26/04/13 12:34:00 INFO SparkWrite: Committed in 650 ms
[2026-04-13T12:34:00.875+0000] {subprocess.py:106} INFO - 26/04/13 12:34:00 INFO AppendDataExec: Data source write support IcebergBatchWrite(table=air_quality_ml.air_quality_gold, format=PARQUET) committed.
[2026-04-13T12:34:01.695+0000] {subprocess.py:106} INFO - 26/04/13 12:34:01 INFO HiveTableOperations: Committed to table iceberg.air_quality_ml.air_quality_gold with the new metadata location hdfs://23133083thuyvan-master:9000/user/hive/lakehouse/gold/ml/air_quality_gold/metadata/00000-1a54d14d-e44e-46a0-9660-ec51d3766ea4.metadata.json
[2026-04-13T12:34:01.697+0000] {subprocess.py:106} INFO - 26/04/13 12:34:01 INFO BaseMetastoreTableOperations: Successfully committed to table iceberg.air_quality_ml.air_quality_gold in 817 ms
[2026-04-13T12:34:01.700+0000] {subprocess.py:106} INFO - Bảng iceberg.air_quality_ml.air_quality_gold đã được tạo và dữ liệu đã được ghi.
[2026-04-13T12:34:01.701+0000] {subprocess.py:106} INFO - ETL from Silver to Gold completed!
[2026-04-13T12:34:01.705+0000] {subprocess.py:106} INFO - 26/04/13 12:34:01 INFO SparkContext: SparkContext is stopping with exitCode 0 from stop at NativeMethodAccessorImpl.java:0.
[2026-04-13T12:34:01.738+0000] {subprocess.py:106} INFO - 26/04/13 12:34:01 INFO SparkUI: Stopped Spark web UI at http://spark-master:4040
[2026-04-13T12:34:01.769+0000] {subprocess.py:106} INFO - 26/04/13 12:34:01 INFO MapOutputTrackerMasterEndpoint: MapOutputTrackerMasterEndpoint stopped!
[2026-04-13T12:34:01.824+0000] {subprocess.py:106} INFO - 26/04/13 12:34:01 INFO MemoryStore: MemoryStore cleared
[2026-04-13T12:34:01.827+0000] {subprocess.py:106} INFO - 26/04/13 12:34:01 INFO BlockManager: BlockManager stopped
[2026-04-13T12:34:01.843+0000] {subprocess.py:106} INFO - 26/04/13 12:34:01 INFO BlockManagerMaster: BlockManagerMaster stopped
[2026-04-13T12:34:01.850+0000] {subprocess.py:106} INFO - 26/04/13 12:34:01 INFO OutputCommitCoordinator$OutputCommitCoordinatorEndpoint: OutputCommitCoordinator stopped!
[2026-04-13T12:34:01.878+0000] {subprocess.py:106} INFO - 26/04/13 12:34:01 INFO SparkContext: Successfully stopped SparkContext
[2026-04-13T12:34:02.436+0000] {subprocess.py:106} INFO - 26/04/13 12:34:02 INFO ShutdownHookManager: Shutdown hook called
[2026-04-13T12:34:02.437+0000] {subprocess.py:106} INFO - 26/04/13 12:34:02 INFO ShutdownHookManager: Deleting directory /tmp/spark-dc1e8727-7cd5-4785-bba5-daadfda06f92/pyspark-aa58c2b7-a188-474d-ba68-1dfebcd393d7
[2026-04-13T12:34:02.456+0000] {subprocess.py:106} INFO - 26/04/13 12:34:02 INFO ShutdownHookManager: Deleting directory /tmp/artifacts-9860ee9a-cd73-49e3-8bbf-9b085d0b445f
[2026-04-13T12:34:02.464+0000] {subprocess.py:106} INFO - 26/04/13 12:34:02 INFO ShutdownHookManager: Deleting directory /tmp/spark-61959319-d637-4654-ac68-1f9a197ad4e1
[2026-04-13T12:34:02.481+0000] {subprocess.py:106} INFO - 26/04/13 12:34:02 INFO ShutdownHookManager: Deleting directory /tmp/spark-dc1e8727-7cd5-4785-bba5-daadfda06f92
[2026-04-13T12:34:02.851+0000] {subprocess.py:110} INFO - Command exited with return code 0
[2026-04-13T12:34:03.403+0000] {taskinstance.py:340} INFO - ::group::Post task execution logs
[2026-04-13T12:34:03.413+0000] {taskinstance.py:352} INFO - Marking task as SUCCESS. dag_id=predict_aqi, task_id=silver_to_gold, run_id=manual__2026-04-13T12:32:37.235994+00:00, execution_date=20260413T123237, start_date=20260413T123242, end_date=20260413T123403
[2026-04-13T12:34:03.709+0000] {local_task_job_runner.py:266} INFO - Task exited with return code 0
[2026-04-13T12:34:04.136+0000] {taskinstance.py:3895} INFO - 1 downstream tasks scheduled from follow-on schedule check
[2026-04-13T12:34:04.144+0000] {local_task_job_runner.py:245} INFO - ::endgroup::
