[2026-04-12T09:30:51.866+0000] {local_task_job_runner.py:123} INFO - ::group::Pre task execution logs
[2026-04-12T09:30:51.892+0000] {taskinstance.py:2613} INFO - Dependencies all met for dep_context=non-requeueable deps ti=<TaskInstance: kaggle_daily_batch_pipeline.download_kaggle_csv manual__2026-04-12T09:30:51.035713+00:00 [queued]>
[2026-04-12T09:30:51.902+0000] {taskinstance.py:2613} INFO - Dependencies all met for dep_context=requeueable deps ti=<TaskInstance: kaggle_daily_batch_pipeline.download_kaggle_csv manual__2026-04-12T09:30:51.035713+00:00 [queued]>
[2026-04-12T09:30:51.903+0000] {taskinstance.py:2866} INFO - Starting attempt 1 of 2
[2026-04-12T09:30:51.917+0000] {taskinstance.py:2889} INFO - Executing <Task(PythonOperator): download_kaggle_csv> on 2026-04-12 09:30:51.035713+00:00
[2026-04-12T09:30:51.927+0000] {standard_task_runner.py:104} INFO - Running: ['airflow', 'tasks', 'run', 'kaggle_daily_batch_pipeline', 'download_kaggle_csv', 'manual__2026-04-12T09:30:51.035713+00:00', '--job-id', '406', '--raw', '--subdir', 'DAGS_FOLDER/dag1.py', '--cfg-path', '/tmp/tmp8gnuu5j8']
[2026-04-12T09:30:51.928+0000] {standard_task_runner.py:105} INFO - Job 406: Subtask download_kaggle_csv
[2026-04-12T09:30:51.929+0000] {logging_mixin.py:190} WARNING - /home/airflow/airflow/venv/lib/python3.12/site-packages/airflow/task/task_runner/standard_task_runner.py:70 DeprecationWarning: This process (pid=52259) is multi-threaded, use of fork() may lead to deadlocks in the child.
[2026-04-12T09:30:51.930+0000] {standard_task_runner.py:72} INFO - Started process 52277 to run task
[2026-04-12T09:30:52.021+0000] {task_command.py:467} INFO - Running <TaskInstance: kaggle_daily_batch_pipeline.download_kaggle_csv manual__2026-04-12T09:30:51.035713+00:00 [running]> on host airflow
[2026-04-12T09:30:52.141+0000] {taskinstance.py:3132} INFO - Exporting env vars: AIRFLOW_CTX_DAG_OWNER='airflow' AIRFLOW_CTX_DAG_ID='kaggle_daily_batch_pipeline' AIRFLOW_CTX_TASK_ID='download_kaggle_csv' AIRFLOW_CTX_EXECUTION_DATE='2026-04-12T09:30:51.035713+00:00' AIRFLOW_CTX_TRY_NUMBER='1' AIRFLOW_CTX_DAG_RUN_ID='manual__2026-04-12T09:30:51.035713+00:00'
[2026-04-12T09:30:52.142+0000] {taskinstance.py:731} INFO - ::endgroup::
[2026-04-12T09:30:52.160+0000] {logging_mixin.py:190} INFO - Đang tải file từ Kaggle bằng API Token...
[2026-04-12T09:31:03.789+0000] {logging_mixin.py:190} INFO - Tải thành công! File lưu tại: /tmp/kaggle_data/GlobalWeatherRepository.csv
[2026-04-12T09:31:07.400+0000] {logging_mixin.py:190} INFO - HDFS sẵn sàng (attempt 1)
[2026-04-12T09:31:13.205+0000] {logging_mixin.py:190} INFO - Đã copy file vào Hadoop master: /tmp/GlobalWeatherRepository.csv
[2026-04-12T09:31:16.188+0000] {logging_mixin.py:190} INFO - Đã upload lên HDFS: /user/hive/lakehouse/bronze/raw_kaggle/GlobalWeatherRepository.csv
[2026-04-12T09:31:16.191+0000] {python.py:240} INFO - Done. Returned value was: None
[2026-04-12T09:31:16.210+0000] {taskinstance.py:340} INFO - ::group::Post task execution logs
[2026-04-12T09:31:16.210+0000] {taskinstance.py:352} INFO - Marking task as SUCCESS. dag_id=kaggle_daily_batch_pipeline, task_id=download_kaggle_csv, run_id=manual__2026-04-12T09:30:51.035713+00:00, execution_date=20260412T093051, start_date=20260412T093051, end_date=20260412T093116
[2026-04-12T09:31:16.240+0000] {local_task_job_runner.py:266} INFO - Task exited with return code 0
[2026-04-12T09:31:16.284+0000] {taskinstance.py:3895} INFO - 1 downstream tasks scheduled from follow-on schedule check
[2026-04-12T09:31:16.287+0000] {local_task_job_runner.py:245} INFO - ::endgroup::
