[2026-04-12T10:04:02.381+0000] {local_task_job_runner.py:123} INFO - ::group::Pre task execution logs
[2026-04-12T10:04:02.410+0000] {taskinstance.py:2613} INFO - Dependencies all met for dep_context=non-requeueable deps ti=<TaskInstance: weather_real_time_pipeline_v2.call_weather_api_and_send_kafka scheduled__2026-04-12T10:02:00+00:00 [queued]>
[2026-04-12T10:04:02.425+0000] {taskinstance.py:2613} INFO - Dependencies all met for dep_context=requeueable deps ti=<TaskInstance: weather_real_time_pipeline_v2.call_weather_api_and_send_kafka scheduled__2026-04-12T10:02:00+00:00 [queued]>
[2026-04-12T10:04:02.426+0000] {taskinstance.py:2866} INFO - Starting attempt 1 of 4
[2026-04-12T10:04:02.450+0000] {taskinstance.py:2889} INFO - Executing <Task(PythonOperator): call_weather_api_and_send_kafka> on 2026-04-12 10:02:00+00:00
[2026-04-12T10:04:02.459+0000] {standard_task_runner.py:104} INFO - Running: ['airflow', 'tasks', 'run', 'weather_real_time_pipeline_v2', 'call_weather_api_and_send_kafka', 'scheduled__2026-04-12T10:02:00+00:00', '--job-id', '55', '--raw', '--subdir', 'DAGS_FOLDER/weather_pipeline_dag.py', '--cfg-path', '/tmp/tmpau10yqf6']
[2026-04-12T10:04:02.462+0000] {logging_mixin.py:190} WARNING - /home/airflow/airflow/venv/lib/python3.12/site-packages/airflow/task/task_runner/standard_task_runner.py:70 DeprecationWarning: This process (pid=86926) is multi-threaded, use of fork() may lead to deadlocks in the child.
[2026-04-12T10:04:02.463+0000] {standard_task_runner.py:105} INFO - Job 55: Subtask call_weather_api_and_send_kafka
[2026-04-12T10:04:02.463+0000] {standard_task_runner.py:72} INFO - Started process 86964 to run task
[2026-04-12T10:04:02.573+0000] {task_command.py:467} INFO - Running <TaskInstance: weather_real_time_pipeline_v2.call_weather_api_and_send_kafka scheduled__2026-04-12T10:02:00+00:00 [running]> on host airflow
[2026-04-12T10:04:02.720+0000] {taskinstance.py:3132} INFO - Exporting env vars: AIRFLOW_CTX_DAG_OWNER='airflow' AIRFLOW_CTX_DAG_ID='weather_real_time_pipeline_v2' AIRFLOW_CTX_TASK_ID='call_weather_api_and_send_kafka' AIRFLOW_CTX_EXECUTION_DATE='2026-04-12T10:02:00+00:00' AIRFLOW_CTX_TRY_NUMBER='1' AIRFLOW_CTX_DAG_RUN_ID='scheduled__2026-04-12T10:02:00+00:00'
[2026-04-12T10:04:02.723+0000] {taskinstance.py:731} INFO - ::endgroup::
[2026-04-12T10:04:02.740+0000] {logging_mixin.py:190} INFO - Loaded last sent timestamps: {'Ho Chi Minh City': '2026-04-12T17:00', 'Da Nang': '2026-04-12T17:00', 'Hai Phong': '2026-04-12T17:00', 'Can Tho': '2026-04-12T17:00', 'Bien Hoa': '2026-04-12T17:00', 'Nha Trang': '2026-04-12T17:00', 'Hue': '2026-04-12T17:00', 'Vung Tau': '2026-04-12T17:00', 'Da Lat': '2026-04-12T17:00', 'Quy Nhon': '2026-04-12T17:00', 'Nam Dinh': '2026-04-12T17:00', 'Rach Gia': '2026-04-12T17:00', 'Phan Thiet': '2026-04-12T17:00', 'Long Xuyen': '2026-04-12T17:00', 'Ca Mau': '2026-04-12T17:00', 'Buon Ma Thuot': '2026-04-12T17:00', 'Thai Nguyen': '2026-04-12T17:00', 'Vinh': '2026-04-12T17:00', 'Pleiku': '2026-04-12T17:00', 'Phu Quoc': '2026-04-12T17:00'}
[2026-04-12T10:04:02.747+0000] {logging_mixin.py:190} INFO - [2026-04-12 10:04:02.747276] Fetching data for 20 locations...
[2026-04-12T10:04:02.799+0000] {conn.py:362} INFO - <BrokerConnection node_id=bootstrap-0 host=kafka:9092 <connecting> [IPv4 ('172.20.0.4', 9092)]>: connecting to kafka:9092 [('172.20.0.4', 9092) IPv4]
[2026-04-12T10:04:02.800+0000] {conn.py:393} INFO - <BrokerConnection node_id=bootstrap-0 host=kafka:9092 <connecting> [IPv4 ('172.20.0.4', 9092)]>: Connection complete.
[2026-04-12T10:04:08.235+0000] {logging_mixin.py:190} INFO -   -> Skipping Ho Chi Minh City (timestamp 2026-04-12T17:00 already sent)
[2026-04-12T10:04:08.236+0000] {logging_mixin.py:190} INFO -   -> Skipping Da Nang (timestamp 2026-04-12T17:00 already sent)
[2026-04-12T10:04:08.237+0000] {logging_mixin.py:190} INFO -   -> Skipping Hai Phong (timestamp 2026-04-12T17:00 already sent)
[2026-04-12T10:04:08.237+0000] {logging_mixin.py:190} INFO -   -> Skipping Can Tho (timestamp 2026-04-12T17:00 already sent)
[2026-04-12T10:04:08.237+0000] {logging_mixin.py:190} INFO -   -> Skipping Bien Hoa (timestamp 2026-04-12T17:00 already sent)
[2026-04-12T10:04:08.238+0000] {logging_mixin.py:190} INFO -   -> Skipping Nha Trang (timestamp 2026-04-12T17:00 already sent)
[2026-04-12T10:04:08.238+0000] {logging_mixin.py:190} INFO -   -> Skipping Hue (timestamp 2026-04-12T17:00 already sent)
[2026-04-12T10:04:08.239+0000] {logging_mixin.py:190} INFO -   -> Skipping Vung Tau (timestamp 2026-04-12T17:00 already sent)
[2026-04-12T10:04:08.239+0000] {logging_mixin.py:190} INFO -   -> Skipping Da Lat (timestamp 2026-04-12T17:00 already sent)
[2026-04-12T10:04:08.239+0000] {logging_mixin.py:190} INFO -   -> Skipping Quy Nhon (timestamp 2026-04-12T17:00 already sent)
[2026-04-12T10:04:08.240+0000] {logging_mixin.py:190} INFO -   -> Skipping Nam Dinh (timestamp 2026-04-12T17:00 already sent)
[2026-04-12T10:04:08.240+0000] {logging_mixin.py:190} INFO -   -> Skipping Rach Gia (timestamp 2026-04-12T17:00 already sent)
[2026-04-12T10:04:08.241+0000] {logging_mixin.py:190} INFO -   -> Skipping Phan Thiet (timestamp 2026-04-12T17:00 already sent)
[2026-04-12T10:04:08.241+0000] {logging_mixin.py:190} INFO -   -> Skipping Long Xuyen (timestamp 2026-04-12T17:00 already sent)
[2026-04-12T10:04:08.241+0000] {logging_mixin.py:190} INFO -   -> Skipping Ca Mau (timestamp 2026-04-12T17:00 already sent)
[2026-04-12T10:04:08.242+0000] {logging_mixin.py:190} INFO -   -> Skipping Buon Ma Thuot (timestamp 2026-04-12T17:00 already sent)
[2026-04-12T10:04:08.242+0000] {logging_mixin.py:190} INFO -   -> Skipping Thai Nguyen (timestamp 2026-04-12T17:00 already sent)
[2026-04-12T10:04:08.243+0000] {logging_mixin.py:190} INFO -   -> Skipping Vinh (timestamp 2026-04-12T17:00 already sent)
[2026-04-12T10:04:08.243+0000] {logging_mixin.py:190} INFO -   -> Skipping Pleiku (timestamp 2026-04-12T17:00 already sent)
[2026-04-12T10:04:08.243+0000] {logging_mixin.py:190} INFO -   -> Skipping Phu Quoc (timestamp 2026-04-12T17:00 already sent)
[2026-04-12T10:04:08.244+0000] {logging_mixin.py:190} INFO - [2026-04-12 10:04:08.243997] No new data to send. All timestamps are up-to-date.
[2026-04-12T10:04:08.244+0000] {kafka.py:486} INFO - Closing the Kafka producer with 9223372036.0 secs timeout.
[2026-04-12T10:04:08.245+0000] {conn.py:673} INFO - <BrokerConnection node_id=bootstrap-0 host=kafka:9092 <connected> [IPv4 ('172.20.0.4', 9092)]>: Closing connection. 
[2026-04-12T10:04:08.245+0000] {python.py:240} INFO - Done. Returned value was: True
[2026-04-12T10:04:08.281+0000] {taskinstance.py:340} INFO - ::group::Post task execution logs
[2026-04-12T10:04:08.281+0000] {taskinstance.py:352} INFO - Marking task as SUCCESS. dag_id=weather_real_time_pipeline_v2, task_id=call_weather_api_and_send_kafka, run_id=scheduled__2026-04-12T10:02:00+00:00, execution_date=20260412T100200, start_date=20260412T100402, end_date=20260412T100408
[2026-04-12T10:04:08.303+0000] {local_task_job_runner.py:266} INFO - Task exited with return code 0
[2026-04-12T10:04:08.326+0000] {taskinstance.py:3895} INFO - 0 downstream tasks scheduled from follow-on schedule check
[2026-04-12T10:04:08.329+0000] {local_task_job_runner.py:245} INFO - ::endgroup::
