[2026-04-13T12:29:43.690+0000] {local_task_job_runner.py:123} INFO - ::group::Pre task execution logs
[2026-04-13T12:29:43.723+0000] {taskinstance.py:2613} INFO - Dependencies all met for dep_context=non-requeueable deps ti=<TaskInstance: predict_aqi.wait_for_silver_data manual__2026-04-13T12:29:41.444790+00:00 [queued]>
[2026-04-13T12:29:43.739+0000] {taskinstance.py:2613} INFO - Dependencies all met for dep_context=requeueable deps ti=<TaskInstance: predict_aqi.wait_for_silver_data manual__2026-04-13T12:29:41.444790+00:00 [queued]>
[2026-04-13T12:29:43.739+0000] {taskinstance.py:2866} INFO - Starting attempt 1 of 3
[2026-04-13T12:29:43.761+0000] {taskinstance.py:2889} INFO - Executing <Task(BashSensor): wait_for_silver_data> on 2026-04-13 12:29:41.444790+00:00
[2026-04-13T12:29:43.772+0000] {standard_task_runner.py:104} INFO - Running: ['airflow', 'tasks', 'run', 'predict_aqi', 'wait_for_silver_data', 'manual__2026-04-13T12:29:41.444790+00:00', '--job-id', '116', '--raw', '--subdir', 'DAGS_FOLDER/dag_ml.py', '--cfg-path', '/tmp/tmpaetf3elg']
[2026-04-13T12:29:43.774+0000] {standard_task_runner.py:105} INFO - Job 116: Subtask wait_for_silver_data
[2026-04-13T12:29:43.775+0000] {logging_mixin.py:190} WARNING - /home/airflow/airflow/venv/lib/python3.12/site-packages/airflow/task/task_runner/standard_task_runner.py:70 DeprecationWarning: This process (pid=51635) is multi-threaded, use of fork() may lead to deadlocks in the child.
[2026-04-13T12:29:43.776+0000] {standard_task_runner.py:72} INFO - Started process 51733 to run task
[2026-04-13T12:29:43.850+0000] {task_command.py:467} INFO - Running <TaskInstance: predict_aqi.wait_for_silver_data manual__2026-04-13T12:29:41.444790+00:00 [running]> on host airflow
[2026-04-13T12:29:43.992+0000] {taskinstance.py:3132} INFO - Exporting env vars: AIRFLOW_CTX_DAG_OWNER='airflow' AIRFLOW_CTX_DAG_ID='predict_aqi' AIRFLOW_CTX_TASK_ID='wait_for_silver_data' AIRFLOW_CTX_EXECUTION_DATE='2026-04-13T12:29:41.444790+00:00' AIRFLOW_CTX_TRY_NUMBER='1' AIRFLOW_CTX_DAG_RUN_ID='manual__2026-04-13T12:29:41.444790+00:00'
[2026-04-13T12:29:43.994+0000] {taskinstance.py:731} INFO - ::endgroup::
[2026-04-13T12:29:44.043+0000] {bash.py:72} INFO - Tmp dir root location: /tmp
[2026-04-13T12:29:44.050+0000] {bash.py:80} INFO - Temporary script location: /tmp/airflowtmpof2g29cb//tmp/airflowtmpof2g29cb/wait_for_silver_data7fu6l4ks
[2026-04-13T12:29:44.051+0000] {bash.py:81} INFO - Running command: 
        count=$(docker exec trino trino --execute "
            SELECT COUNT(*) FROM iceberg.air_quality_db.air_quality_silver;
        " | tail -n 1)

        echo "Record count: $count"

        if [ "$count" -gt 0 ]; then
            exit 0
        else
            exit 1
        fi
        
[2026-04-13T12:29:44.072+0000] {bash.py:93} INFO - Output:
[2026-04-13T12:29:48.466+0000] {bash.py:95} INFO - Record count: "100"
[2026-04-13T12:29:48.467+0000] {bash.py:95} INFO - /tmp/airflowtmpof2g29cb/wait_for_silver_data7fu6l4ks: line 8: [: "100": integer expression expected
[2026-04-13T12:29:48.468+0000] {bash.py:97} INFO - Command exited with return code 1
[2026-04-13T12:29:48.469+0000] {bash.py:113} INFO - Non-zero return code and no retry code set, will retry later
[2026-04-13T12:30:18.470+0000] {bash.py:72} INFO - Tmp dir root location: /tmp
[2026-04-13T12:30:18.472+0000] {bash.py:80} INFO - Temporary script location: /tmp/airflowtmpu913poqx//tmp/airflowtmpu913poqx/wait_for_silver_datapjs2so1p
[2026-04-13T12:30:18.473+0000] {bash.py:81} INFO - Running command: 
        count=$(docker exec trino trino --execute "
            SELECT COUNT(*) FROM iceberg.air_quality_db.air_quality_silver;
        " | tail -n 1)

        echo "Record count: $count"

        if [ "$count" -gt 0 ]; then
            exit 0
        else
            exit 1
        fi
        
[2026-04-13T12:30:18.481+0000] {bash.py:93} INFO - Output:
[2026-04-13T12:30:21.121+0000] {bash.py:95} INFO - Record count: "100"
[2026-04-13T12:30:21.123+0000] {bash.py:95} INFO - /tmp/airflowtmpu913poqx/wait_for_silver_datapjs2so1p: line 8: [: "100": integer expression expected
[2026-04-13T12:30:21.124+0000] {bash.py:97} INFO - Command exited with return code 1
[2026-04-13T12:30:21.124+0000] {bash.py:113} INFO - Non-zero return code and no retry code set, will retry later
[2026-04-13T12:30:51.124+0000] {bash.py:72} INFO - Tmp dir root location: /tmp
[2026-04-13T12:30:51.125+0000] {bash.py:80} INFO - Temporary script location: /tmp/airflowtmpwsuoyt7x//tmp/airflowtmpwsuoyt7x/wait_for_silver_data2fiuo9na
[2026-04-13T12:30:51.126+0000] {bash.py:81} INFO - Running command: 
        count=$(docker exec trino trino --execute "
            SELECT COUNT(*) FROM iceberg.air_quality_db.air_quality_silver;
        " | tail -n 1)

        echo "Record count: $count"

        if [ "$count" -gt 0 ]; then
            exit 0
        else
            exit 1
        fi
        
[2026-04-13T12:30:51.134+0000] {bash.py:93} INFO - Output:
[2026-04-13T12:30:53.658+0000] {bash.py:95} INFO - Record count: "100"
[2026-04-13T12:30:53.659+0000] {bash.py:95} INFO - /tmp/airflowtmpwsuoyt7x/wait_for_silver_data2fiuo9na: line 8: [: "100": integer expression expected
[2026-04-13T12:30:53.660+0000] {bash.py:97} INFO - Command exited with return code 1
[2026-04-13T12:30:53.661+0000] {bash.py:113} INFO - Non-zero return code and no retry code set, will retry later
[2026-04-13T12:31:23.660+0000] {bash.py:72} INFO - Tmp dir root location: /tmp
[2026-04-13T12:31:23.666+0000] {bash.py:80} INFO - Temporary script location: /tmp/airflowtmpwpv97vo9//tmp/airflowtmpwpv97vo9/wait_for_silver_dataq5zfajqa
[2026-04-13T12:31:23.666+0000] {bash.py:81} INFO - Running command: 
        count=$(docker exec trino trino --execute "
            SELECT COUNT(*) FROM iceberg.air_quality_db.air_quality_silver;
        " | tail -n 1)

        echo "Record count: $count"

        if [ "$count" -gt 0 ]; then
            exit 0
        else
            exit 1
        fi
        
[2026-04-13T12:31:23.679+0000] {bash.py:93} INFO - Output:
[2026-04-13T12:31:26.500+0000] {bash.py:95} INFO - Record count: "100"
[2026-04-13T12:31:26.502+0000] {bash.py:95} INFO - /tmp/airflowtmpwpv97vo9/wait_for_silver_dataq5zfajqa: line 8: [: "100": integer expression expected
[2026-04-13T12:31:26.503+0000] {bash.py:97} INFO - Command exited with return code 1
[2026-04-13T12:31:26.503+0000] {bash.py:113} INFO - Non-zero return code and no retry code set, will retry later
[2026-04-13T12:31:56.502+0000] {bash.py:72} INFO - Tmp dir root location: /tmp
[2026-04-13T12:31:56.509+0000] {bash.py:80} INFO - Temporary script location: /tmp/airflowtmpka0x1_ei//tmp/airflowtmpka0x1_ei/wait_for_silver_datax20i5rko
[2026-04-13T12:31:56.510+0000] {bash.py:81} INFO - Running command: 
        count=$(docker exec trino trino --execute "
            SELECT COUNT(*) FROM iceberg.air_quality_db.air_quality_silver;
        " | tail -n 1)

        echo "Record count: $count"

        if [ "$count" -gt 0 ]; then
            exit 0
        else
            exit 1
        fi
        
[2026-04-13T12:31:56.526+0000] {bash.py:93} INFO - Output:
[2026-04-13T12:31:59.182+0000] {bash.py:95} INFO - Record count: "100"
[2026-04-13T12:31:59.184+0000] {bash.py:95} INFO - /tmp/airflowtmpka0x1_ei/wait_for_silver_datax20i5rko: line 8: [: "100": integer expression expected
[2026-04-13T12:31:59.187+0000] {bash.py:97} INFO - Command exited with return code 1
[2026-04-13T12:31:59.187+0000] {bash.py:113} INFO - Non-zero return code and no retry code set, will retry later
[2026-04-13T12:32:29.187+0000] {bash.py:72} INFO - Tmp dir root location: /tmp
[2026-04-13T12:32:29.190+0000] {bash.py:80} INFO - Temporary script location: /tmp/airflowtmpz9vpotwg//tmp/airflowtmpz9vpotwg/wait_for_silver_datapjh7hhf7
[2026-04-13T12:32:29.192+0000] {bash.py:81} INFO - Running command: 
        count=$(docker exec trino trino --execute "
            SELECT COUNT(*) FROM iceberg.air_quality_db.air_quality_silver;
        " | tail -n 1)

        echo "Record count: $count"

        if [ "$count" -gt 0 ]; then
            exit 0
        else
            exit 1
        fi
        
[2026-04-13T12:32:29.200+0000] {bash.py:93} INFO - Output:
[2026-04-13T12:32:29.996+0000] {local_task_job_runner.py:346} WARNING - State of this instance has been externally set to None. Terminating instance.
[2026-04-13T12:32:30.021+0000] {local_task_job_runner.py:245} INFO - ::endgroup::
[2026-04-13T12:32:30.034+0000] {process_utils.py:132} INFO - Sending 15 to group 51733. PIDs of all processes in the group: [66890, 66891, 66892, 66893, 51733]
[2026-04-13T12:32:30.037+0000] {process_utils.py:87} INFO - Sending the signal 15 to group 51733
[2026-04-13T12:32:30.044+0000] {taskinstance.py:3093} ERROR - Received SIGTERM. Terminating subprocesses.
[2026-04-13T12:32:31.366+0000] {process_utils.py:80} INFO - Process psutil.Process(pid=66893, status='terminated', started='12:32:28') (66893) terminated with exit code None
[2026-04-13T12:32:31.369+0000] {process_utils.py:80} INFO - Process psutil.Process(pid=66890, status='terminated', started='12:32:28') (66890) terminated with exit code None
[2026-04-13T12:32:31.570+0000] {process_utils.py:80} INFO - Process psutil.Process(pid=66891, status='terminated', started='12:32:28') (66891) terminated with exit code None
[2026-04-13T12:32:31.571+0000] {process_utils.py:80} INFO - Process psutil.Process(pid=66892, status='terminated', started='12:32:28') (66892) terminated with exit code None
[2026-04-13T12:32:31.788+0000] {taskinstance.py:3311} ERROR - Task failed with exception
Traceback (most recent call last):
  File "/home/airflow/airflow/venv/lib/python3.12/site-packages/airflow/models/taskinstance.py", line 767, in _execute_task
    result = _execute_callable(context=context, **execute_callable_kwargs)
             ^^^^^^^^^^^^^^^^^^^^^^^^^^^^^^^^^^^^^^^^^^^^^^^^^^^^^^^^^^^^^
  File "/home/airflow/airflow/venv/lib/python3.12/site-packages/airflow/models/taskinstance.py", line 733, in _execute_callable
    return ExecutionCallableRunner(
           ^^^^^^^^^^^^^^^^^^^^^^^^
  File "/home/airflow/airflow/venv/lib/python3.12/site-packages/airflow/utils/operator_helpers.py", line 252, in run
    return self.func(*args, **kwargs)
           ^^^^^^^^^^^^^^^^^^^^^^^^^^
  File "/home/airflow/airflow/venv/lib/python3.12/site-packages/airflow/models/baseoperator.py", line 422, in wrapper
    return func(self, *args, **kwargs)
           ^^^^^^^^^^^^^^^^^^^^^^^^^^^
  File "/home/airflow/airflow/venv/lib/python3.12/site-packages/airflow/sensors/base.py", line 286, in execute
    poke_return = self.poke(context)
                  ^^^^^^^^^^^^^^^^^^
  File "/home/airflow/airflow/venv/lib/python3.12/site-packages/airflow/sensors/bash.py", line 94, in poke
    for line in iter(resp.stdout.readline, b""):
                ^^^^^^^^^^^^^^^^^^^^^^^^^^^^^^^
  File "/home/airflow/airflow/venv/lib/python3.12/site-packages/airflow/models/taskinstance.py", line 3095, in signal_handler
    raise AirflowTaskTerminated("Task received SIGTERM signal")
airflow.exceptions.AirflowTaskTerminated: Task received SIGTERM signal
[2026-04-13T12:32:31.859+0000] {taskinstance.py:1225} INFO - Marking task as UP_FOR_RETRY. dag_id=predict_aqi, task_id=wait_for_silver_data, run_id=manual__2026-04-13T12:29:41.444790+00:00, execution_date=20260413T122941, start_date=20260413T122943, end_date=20260413T123231
[2026-04-13T12:32:31.950+0000] {taskinstance.py:340} INFO - ::group::Post task execution logs
[2026-04-13T12:32:31.958+0000] {standard_task_runner.py:124} ERROR - Failed to execute job 116 for task wait_for_silver_data ((psycopg2.errors.ForeignKeyViolation) insert or update on table "task_fail" violates foreign key constraint "task_fail_ti_fkey"
DETAIL:  Key (dag_id, task_id, run_id, map_index)=(predict_aqi, wait_for_silver_data, manual__2026-04-13T12:29:41.444790+00:00, -1) is not present in table "task_instance".

[SQL: INSERT INTO task_fail (task_id, dag_id, run_id, map_index, start_date, end_date, duration) VALUES (%(task_id)s, %(dag_id)s, %(run_id)s, %(map_index)s, %(start_date)s, %(end_date)s, %(duration)s) RETURNING task_fail.id]
[parameters: {'task_id': 'wait_for_silver_data', 'dag_id': 'predict_aqi', 'run_id': 'manual__2026-04-13T12:29:41.444790+00:00', 'map_index': -1, 'start_date': datetime.datetime(2026, 4, 13, 12, 29, 43, 724195, tzinfo=Timezone('UTC')), 'end_date': datetime.datetime(2026, 4, 13, 12, 32, 31, 833663, tzinfo=Timezone('UTC')), 'duration': 168}]
(Background on this error at: https://sqlalche.me/e/14/gkpj); 51733)
Traceback (most recent call last):
  File "/home/airflow/airflow/venv/lib/python3.12/site-packages/airflow/models/taskinstance.py", line 273, in _run_raw_task
    TaskInstance._execute_task_with_callbacks(
  File "/home/airflow/airflow/venv/lib/python3.12/site-packages/airflow/models/taskinstance.py", line 3159, in _execute_task_with_callbacks
    result = self._execute_task(context, task_orig)
             ^^^^^^^^^^^^^^^^^^^^^^^^^^^^^^^^^^^^^^
  File "/home/airflow/airflow/venv/lib/python3.12/site-packages/airflow/models/taskinstance.py", line 3183, in _execute_task
    return _execute_task(self, context, task_orig)
           ^^^^^^^^^^^^^^^^^^^^^^^^^^^^^^^^^^^^^^^
  File "/home/airflow/airflow/venv/lib/python3.12/site-packages/airflow/models/taskinstance.py", line 767, in _execute_task
    result = _execute_callable(context=context, **execute_callable_kwargs)
             ^^^^^^^^^^^^^^^^^^^^^^^^^^^^^^^^^^^^^^^^^^^^^^^^^^^^^^^^^^^^^
  File "/home/airflow/airflow/venv/lib/python3.12/site-packages/airflow/models/taskinstance.py", line 733, in _execute_callable
    return ExecutionCallableRunner(
           ^^^^^^^^^^^^^^^^^^^^^^^^
  File "/home/airflow/airflow/venv/lib/python3.12/site-packages/airflow/utils/operator_helpers.py", line 252, in run
    return self.func(*args, **kwargs)
           ^^^^^^^^^^^^^^^^^^^^^^^^^^
  File "/home/airflow/airflow/venv/lib/python3.12/site-packages/airflow/models/baseoperator.py", line 422, in wrapper
    return func(self, *args, **kwargs)
           ^^^^^^^^^^^^^^^^^^^^^^^^^^^
  File "/home/airflow/airflow/venv/lib/python3.12/site-packages/airflow/sensors/base.py", line 286, in execute
    poke_return = self.poke(context)
                  ^^^^^^^^^^^^^^^^^^
  File "/home/airflow/airflow/venv/lib/python3.12/site-packages/airflow/sensors/bash.py", line 94, in poke
    for line in iter(resp.stdout.readline, b""):
                ^^^^^^^^^^^^^^^^^^^^^^^^^^^^^^^
  File "/home/airflow/airflow/venv/lib/python3.12/site-packages/airflow/models/taskinstance.py", line 3095, in signal_handler
    raise AirflowTaskTerminated("Task received SIGTERM signal")
airflow.exceptions.AirflowTaskTerminated: Task received SIGTERM signal

During handling of the above exception, another exception occurred:

Traceback (most recent call last):
  File "/home/airflow/airflow/venv/lib/python3.12/site-packages/sqlalchemy/engine/base.py", line 1910, in _execute_context
    self.dialect.do_execute(
  File "/home/airflow/airflow/venv/lib/python3.12/site-packages/sqlalchemy/engine/default.py", line 736, in do_execute
    cursor.execute(statement, parameters)
psycopg2.errors.ForeignKeyViolation: insert or update on table "task_fail" violates foreign key constraint "task_fail_ti_fkey"
DETAIL:  Key (dag_id, task_id, run_id, map_index)=(predict_aqi, wait_for_silver_data, manual__2026-04-13T12:29:41.444790+00:00, -1) is not present in table "task_instance".


The above exception was the direct cause of the following exception:

Traceback (most recent call last):
  File "/home/airflow/airflow/venv/lib/python3.12/site-packages/airflow/task/task_runner/standard_task_runner.py", line 117, in _start_by_fork
    ret = args.func(args, dag=self.dag)
          ^^^^^^^^^^^^^^^^^^^^^^^^^^^^^
  File "/home/airflow/airflow/venv/lib/python3.12/site-packages/airflow/cli/cli_config.py", line 49, in command
    return func(*args, **kwargs)
           ^^^^^^^^^^^^^^^^^^^^^
  File "/home/airflow/airflow/venv/lib/python3.12/site-packages/airflow/utils/cli.py", line 116, in wrapper
    return f(*args, **kwargs)
           ^^^^^^^^^^^^^^^^^^
  File "/home/airflow/airflow/venv/lib/python3.12/site-packages/airflow/cli/commands/task_command.py", line 483, in task_run
    task_return_code = _run_task_by_selected_method(args, _dag, ti)
                       ^^^^^^^^^^^^^^^^^^^^^^^^^^^^^^^^^^^^^^^^^^^^
  File "/home/airflow/airflow/venv/lib/python3.12/site-packages/airflow/cli/commands/task_command.py", line 256, in _run_task_by_selected_method
    return _run_raw_task(args, ti)
           ^^^^^^^^^^^^^^^^^^^^^^^
  File "/home/airflow/airflow/venv/lib/python3.12/site-packages/airflow/cli/commands/task_command.py", line 341, in _run_raw_task
    return ti._run_raw_task(
           ^^^^^^^^^^^^^^^^^
  File "/home/airflow/airflow/venv/lib/python3.12/site-packages/airflow/utils/session.py", line 97, in wrapper
    return func(*args, session=session, **kwargs)
           ^^^^^^^^^^^^^^^^^^^^^^^^^^^^^^^^^^^^^^
  File "/home/airflow/airflow/venv/lib/python3.12/site-packages/airflow/models/taskinstance.py", line 3005, in _run_raw_task
    return _run_raw_task(
           ^^^^^^^^^^^^^^
  File "/home/airflow/airflow/venv/lib/python3.12/site-packages/airflow/models/taskinstance.py", line 327, in _run_raw_task
    ti.handle_failure(e, test_mode, context, session=session)
  File "/home/airflow/airflow/venv/lib/python3.12/site-packages/airflow/utils/session.py", line 94, in wrapper
    return func(*args, **kwargs)
           ^^^^^^^^^^^^^^^^^^^^^
  File "/home/airflow/airflow/venv/lib/python3.12/site-packages/airflow/models/taskinstance.py", line 3428, in handle_failure
    _handle_failure(
  File "/home/airflow/airflow/venv/lib/python3.12/site-packages/airflow/utils/session.py", line 94, in wrapper
    return func(*args, **kwargs)
           ^^^^^^^^^^^^^^^^^^^^^
  File "/home/airflow/airflow/venv/lib/python3.12/site-packages/airflow/api_internal/internal_api_call.py", line 166, in wrapper
    return func(*args, **kwargs)
           ^^^^^^^^^^^^^^^^^^^^^
  File "/home/airflow/airflow/venv/lib/python3.12/site-packages/airflow/models/taskinstance.py", line 1243, in _handle_failure
    TaskInstance.save_to_db(failure_context["ti"], session)
  File "/home/airflow/airflow/venv/lib/python3.12/site-packages/airflow/api_internal/internal_api_call.py", line 166, in wrapper
    return func(*args, **kwargs)
           ^^^^^^^^^^^^^^^^^^^^^
  File "/home/airflow/airflow/venv/lib/python3.12/site-packages/airflow/utils/session.py", line 94, in wrapper
    return func(*args, **kwargs)
           ^^^^^^^^^^^^^^^^^^^^^
  File "/home/airflow/airflow/venv/lib/python3.12/site-packages/airflow/models/taskinstance.py", line 3400, in save_to_db
    session.flush()
  File "/home/airflow/airflow/venv/lib/python3.12/site-packages/sqlalchemy/orm/session.py", line 3449, in flush
    self._flush(objects)
  File "/home/airflow/airflow/venv/lib/python3.12/site-packages/sqlalchemy/orm/session.py", line 3588, in _flush
    with util.safe_reraise():
         ^^^^^^^^^^^^^^^^^^^
  File "/home/airflow/airflow/venv/lib/python3.12/site-packages/sqlalchemy/util/langhelpers.py", line 70, in __exit__
    compat.raise_(
  File "/home/airflow/airflow/venv/lib/python3.12/site-packages/sqlalchemy/util/compat.py", line 211, in raise_
    raise exception
  File "/home/airflow/airflow/venv/lib/python3.12/site-packages/sqlalchemy/orm/session.py", line 3549, in _flush
    flush_context.execute()
  File "/home/airflow/airflow/venv/lib/python3.12/site-packages/sqlalchemy/orm/unitofwork.py", line 456, in execute
    rec.execute(self)
  File "/home/airflow/airflow/venv/lib/python3.12/site-packages/sqlalchemy/orm/unitofwork.py", line 630, in execute
    util.preloaded.orm_persistence.save_obj(
  File "/home/airflow/airflow/venv/lib/python3.12/site-packages/sqlalchemy/orm/persistence.py", line 245, in save_obj
    _emit_insert_statements(
  File "/home/airflow/airflow/venv/lib/python3.12/site-packages/sqlalchemy/orm/persistence.py", line 1238, in _emit_insert_statements
    result = connection._execute_20(
             ^^^^^^^^^^^^^^^^^^^^^^^
  File "/home/airflow/airflow/venv/lib/python3.12/site-packages/sqlalchemy/engine/base.py", line 1710, in _execute_20
    return meth(self, args_10style, kwargs_10style, execution_options)
           ^^^^^^^^^^^^^^^^^^^^^^^^^^^^^^^^^^^^^^^^^^^^^^^^^^^^^^^^^^^
  File "/home/airflow/airflow/venv/lib/python3.12/site-packages/sqlalchemy/sql/elements.py", line 334, in _execute_on_connection
    return connection._execute_clauseelement(
           ^^^^^^^^^^^^^^^^^^^^^^^^^^^^^^^^^^
  File "/home/airflow/airflow/venv/lib/python3.12/site-packages/sqlalchemy/engine/base.py", line 1577, in _execute_clauseelement
    ret = self._execute_context(
          ^^^^^^^^^^^^^^^^^^^^^^
  File "/home/airflow/airflow/venv/lib/python3.12/site-packages/sqlalchemy/engine/base.py", line 1953, in _execute_context
    self._handle_dbapi_exception(
  File "/home/airflow/airflow/venv/lib/python3.12/site-packages/sqlalchemy/engine/base.py", line 2134, in _handle_dbapi_exception
    util.raise_(
  File "/home/airflow/airflow/venv/lib/python3.12/site-packages/sqlalchemy/util/compat.py", line 211, in raise_
    raise exception
  File "/home/airflow/airflow/venv/lib/python3.12/site-packages/sqlalchemy/engine/base.py", line 1910, in _execute_context
    self.dialect.do_execute(
  File "/home/airflow/airflow/venv/lib/python3.12/site-packages/sqlalchemy/engine/default.py", line 736, in do_execute
    cursor.execute(statement, parameters)
sqlalchemy.exc.IntegrityError: (psycopg2.errors.ForeignKeyViolation) insert or update on table "task_fail" violates foreign key constraint "task_fail_ti_fkey"
DETAIL:  Key (dag_id, task_id, run_id, map_index)=(predict_aqi, wait_for_silver_data, manual__2026-04-13T12:29:41.444790+00:00, -1) is not present in table "task_instance".

[SQL: INSERT INTO task_fail (task_id, dag_id, run_id, map_index, start_date, end_date, duration) VALUES (%(task_id)s, %(dag_id)s, %(run_id)s, %(map_index)s, %(start_date)s, %(end_date)s, %(duration)s) RETURNING task_fail.id]
[parameters: {'task_id': 'wait_for_silver_data', 'dag_id': 'predict_aqi', 'run_id': 'manual__2026-04-13T12:29:41.444790+00:00', 'map_index': -1, 'start_date': datetime.datetime(2026, 4, 13, 12, 29, 43, 724195, tzinfo=Timezone('UTC')), 'end_date': datetime.datetime(2026, 4, 13, 12, 32, 31, 833663, tzinfo=Timezone('UTC')), 'duration': 168}]
(Background on this error at: https://sqlalche.me/e/14/gkpj)
[2026-04-13T12:32:32.015+0000] {process_utils.py:80} INFO - Process psutil.Process(pid=51733, status='terminated', exitcode=1) (51733) terminated with exit code 1
