[2026-04-12T09:31:16.779+0000] {local_task_job_runner.py:123} INFO - ::group::Pre task execution logs
[2026-04-12T09:31:16.815+0000] {taskinstance.py:2613} INFO - Dependencies all met for dep_context=non-requeueable deps ti=<TaskInstance: kaggle_daily_batch_pipeline.spark_etl_bronze_to_silver manual__2026-04-12T09:30:51.035713+00:00 [queued]>
[2026-04-12T09:31:16.829+0000] {taskinstance.py:2613} INFO - Dependencies all met for dep_context=requeueable deps ti=<TaskInstance: kaggle_daily_batch_pipeline.spark_etl_bronze_to_silver manual__2026-04-12T09:30:51.035713+00:00 [queued]>
[2026-04-12T09:31:16.830+0000] {taskinstance.py:2866} INFO - Starting attempt 1 of 2
[2026-04-12T09:31:16.853+0000] {taskinstance.py:2889} INFO - Executing <Task(BashOperator): spark_etl_bronze_to_silver> on 2026-04-12 09:30:51.035713+00:00
[2026-04-12T09:31:16.861+0000] {standard_task_runner.py:104} INFO - Running: ['airflow', 'tasks', 'run', 'kaggle_daily_batch_pipeline', 'spark_etl_bronze_to_silver', 'manual__2026-04-12T09:30:51.035713+00:00', '--job-id', '408', '--raw', '--subdir', 'DAGS_FOLDER/dag1.py', '--cfg-path', '/tmp/tmpgcgubmc3']
[2026-04-12T09:31:16.864+0000] {standard_task_runner.py:105} INFO - Job 408: Subtask spark_etl_bronze_to_silver
[2026-04-12T09:31:16.865+0000] {logging_mixin.py:190} WARNING - /home/airflow/airflow/venv/lib/python3.12/site-packages/airflow/task/task_runner/standard_task_runner.py:70 DeprecationWarning: This process (pid=53351) is multi-threaded, use of fork() may lead to deadlocks in the child.
[2026-04-12T09:31:16.866+0000] {standard_task_runner.py:72} INFO - Started process 53366 to run task
[2026-04-12T09:31:16.958+0000] {task_command.py:467} INFO - Running <TaskInstance: kaggle_daily_batch_pipeline.spark_etl_bronze_to_silver manual__2026-04-12T09:30:51.035713+00:00 [running]> on host airflow
[2026-04-12T09:31:17.081+0000] {taskinstance.py:3132} INFO - Exporting env vars: AIRFLOW_CTX_DAG_OWNER='airflow' AIRFLOW_CTX_DAG_ID='kaggle_daily_batch_pipeline' AIRFLOW_CTX_TASK_ID='spark_etl_bronze_to_silver' AIRFLOW_CTX_EXECUTION_DATE='2026-04-12T09:30:51.035713+00:00' AIRFLOW_CTX_TRY_NUMBER='1' AIRFLOW_CTX_DAG_RUN_ID='manual__2026-04-12T09:30:51.035713+00:00'
[2026-04-12T09:31:17.082+0000] {taskinstance.py:731} INFO - ::endgroup::
[2026-04-12T09:31:17.101+0000] {subprocess.py:78} INFO - Tmp dir root location: /tmp
[2026-04-12T09:31:17.103+0000] {subprocess.py:88} INFO - Running command: ['/usr/bin/bash', '-c', '\n            docker exec spark-master spark-submit                 --packages org.apache.iceberg:iceberg-spark-runtime-4.0_2.13:1.10.1                 /home/spark/spark/spark_jobs/dag1_elt.py 2026-04-12\n        ']
[2026-04-12T09:31:17.114+0000] {subprocess.py:99} INFO - Output:
[2026-04-12T09:31:17.726+0000] {subprocess.py:106} INFO - WARNING: Using incubator modules: jdk.incubator.vector
[2026-04-12T09:31:19.433+0000] {subprocess.py:106} INFO - :: loading settings :: url = jar:file:/home/spark/spark/jars/ivy-2.5.3.jar!/org/apache/ivy/core/settings/ivysettings.xml
[2026-04-12T09:31:19.605+0000] {subprocess.py:106} INFO - Ivy Default Cache set to: /home/spark/.ivy2.5.2/cache
[2026-04-12T09:31:19.606+0000] {subprocess.py:106} INFO - The jars for the packages stored in: /home/spark/.ivy2.5.2/jars
[2026-04-12T09:31:19.617+0000] {subprocess.py:106} INFO - org.apache.iceberg#iceberg-spark-runtime-4.0_2.13 added as a dependency
[2026-04-12T09:31:19.618+0000] {subprocess.py:106} INFO - :: resolving dependencies :: org.apache.spark#spark-submit-parent-a885fe00-344d-4372-b929-417bc75f7fd9;1.0
[2026-04-12T09:31:19.618+0000] {subprocess.py:106} INFO - 	confs: [default]
[2026-04-12T09:31:19.783+0000] {subprocess.py:106} INFO - 	found org.apache.iceberg#iceberg-spark-runtime-4.0_2.13;1.10.1 in central
[2026-04-12T09:31:19.800+0000] {subprocess.py:106} INFO - :: resolution report :: resolve 179ms :: artifacts dl 5ms
[2026-04-12T09:31:19.802+0000] {subprocess.py:106} INFO - 	:: modules in use:
[2026-04-12T09:31:19.803+0000] {subprocess.py:106} INFO - 	org.apache.iceberg#iceberg-spark-runtime-4.0_2.13;1.10.1 from central in [default]
[2026-04-12T09:31:19.803+0000] {subprocess.py:106} INFO - 	---------------------------------------------------------------------
[2026-04-12T09:31:19.804+0000] {subprocess.py:106} INFO - 	|                  |            modules            ||   artifacts   |
[2026-04-12T09:31:19.804+0000] {subprocess.py:106} INFO - 	|       conf       | number| search|dwnlded|evicted|| number|dwnlded|
[2026-04-12T09:31:19.805+0000] {subprocess.py:106} INFO - 	---------------------------------------------------------------------
[2026-04-12T09:31:19.805+0000] {subprocess.py:106} INFO - 	|      default     |   1   |   0   |   0   |   0   ||   1   |   0   |
[2026-04-12T09:31:19.806+0000] {subprocess.py:106} INFO - 	---------------------------------------------------------------------
[2026-04-12T09:31:19.807+0000] {subprocess.py:106} INFO - :: retrieving :: org.apache.spark#spark-submit-parent-a885fe00-344d-4372-b929-417bc75f7fd9
[2026-04-12T09:31:19.807+0000] {subprocess.py:106} INFO - 	confs: [default]
[2026-04-12T09:31:19.816+0000] {subprocess.py:106} INFO - 	0 artifacts copied, 1 already retrieved (0kB/10ms)
[2026-04-12T09:31:20.195+0000] {subprocess.py:106} INFO - 26/04/12 09:31:20 WARN NativeCodeLoader: Unable to load native-hadoop library for your platform... using builtin-java classes where applicable
[2026-04-12T09:31:21.539+0000] {subprocess.py:106} INFO - Using Spark's default log4j profile: org/apache/spark/log4j2-defaults.properties
[2026-04-12T09:31:21.547+0000] {subprocess.py:106} INFO - 26/04/12 09:31:21 INFO SparkContext: Running Spark version 4.0.2
[2026-04-12T09:31:21.548+0000] {subprocess.py:106} INFO - 26/04/12 09:31:21 INFO SparkContext: OS info Linux, 6.6.87.2-microsoft-standard-WSL2, amd64
[2026-04-12T09:31:21.549+0000] {subprocess.py:106} INFO - 26/04/12 09:31:21 INFO SparkContext: Java version 21.0.10
[2026-04-12T09:31:21.575+0000] {subprocess.py:106} INFO - 26/04/12 09:31:21 INFO ResourceUtils: ==============================================================
[2026-04-12T09:31:21.576+0000] {subprocess.py:106} INFO - 26/04/12 09:31:21 INFO ResourceUtils: No custom resources configured for spark.driver.
[2026-04-12T09:31:21.576+0000] {subprocess.py:106} INFO - 26/04/12 09:31:21 INFO ResourceUtils: ==============================================================
[2026-04-12T09:31:21.577+0000] {subprocess.py:106} INFO - 26/04/12 09:31:21 INFO SparkContext: Submitted application: ETL_Kaggle_to_Silver
[2026-04-12T09:31:21.607+0000] {subprocess.py:106} INFO - 26/04/12 09:31:21 INFO ResourceProfile: Default ResourceProfile created, executor resources: Map(cores -> name: cores, amount: 2, script: , vendor: , memory -> name: memory, amount: 2048, script: , vendor: , offHeap -> name: offHeap, amount: 0, script: , vendor: ), task resources: Map(cpus -> name: cpus, amount: 1.0)
[2026-04-12T09:31:21.614+0000] {subprocess.py:106} INFO - 26/04/12 09:31:21 INFO ResourceProfile: Limiting resource is cpus at 2 tasks per executor
[2026-04-12T09:31:21.617+0000] {subprocess.py:106} INFO - 26/04/12 09:31:21 INFO ResourceProfileManager: Added ResourceProfile id: 0
[2026-04-12T09:31:21.671+0000] {subprocess.py:106} INFO - 26/04/12 09:31:21 INFO SecurityManager: Changing view acls to: spark
[2026-04-12T09:31:21.672+0000] {subprocess.py:106} INFO - 26/04/12 09:31:21 INFO SecurityManager: Changing modify acls to: spark
[2026-04-12T09:31:21.673+0000] {subprocess.py:106} INFO - 26/04/12 09:31:21 INFO SecurityManager: Changing view acls groups to: spark
[2026-04-12T09:31:21.674+0000] {subprocess.py:106} INFO - 26/04/12 09:31:21 INFO SecurityManager: Changing modify acls groups to: spark
[2026-04-12T09:31:21.678+0000] {subprocess.py:106} INFO - 26/04/12 09:31:21 INFO SecurityManager: SecurityManager: authentication disabled; ui acls disabled; users with view permissions: spark groups with view permissions: EMPTY; users with modify permissions: spark; groups with modify permissions: EMPTY; RPC SSL disabled
[2026-04-12T09:31:21.990+0000] {subprocess.py:106} INFO - 26/04/12 09:31:21 INFO Utils: Successfully started service 'sparkDriver' on port 43503.
[2026-04-12T09:31:22.033+0000] {subprocess.py:106} INFO - 26/04/12 09:31:22 INFO SparkEnv: Registering MapOutputTracker
[2026-04-12T09:31:22.050+0000] {subprocess.py:106} INFO - 26/04/12 09:31:22 INFO SparkEnv: Registering BlockManagerMaster
[2026-04-12T09:31:22.073+0000] {subprocess.py:106} INFO - 26/04/12 09:31:22 INFO BlockManagerMasterEndpoint: Using org.apache.spark.storage.DefaultTopologyMapper for getting topology information
[2026-04-12T09:31:22.074+0000] {subprocess.py:106} INFO - 26/04/12 09:31:22 INFO BlockManagerMasterEndpoint: BlockManagerMasterEndpoint up
[2026-04-12T09:31:22.079+0000] {subprocess.py:106} INFO - 26/04/12 09:31:22 INFO SparkEnv: Registering BlockManagerMasterHeartbeat
[2026-04-12T09:31:22.120+0000] {subprocess.py:106} INFO - 26/04/12 09:31:22 INFO DiskBlockManager: Created local directory at /tmp/blockmgr-55cf2668-b7ed-4ee8-af52-5e88fb788759
[2026-04-12T09:31:22.159+0000] {subprocess.py:106} INFO - 26/04/12 09:31:22 INFO SparkEnv: Registering OutputCommitCoordinator
[2026-04-12T09:31:22.392+0000] {subprocess.py:106} INFO - 26/04/12 09:31:22 INFO JettyUtils: Start Jetty 0.0.0.0:4040 for SparkUI
[2026-04-12T09:31:22.481+0000] {subprocess.py:106} INFO - 26/04/12 09:31:22 WARN Utils: Service 'SparkUI' could not bind on port 4040. Attempting port 4041.
[2026-04-12T09:31:22.482+0000] {subprocess.py:106} INFO - 26/04/12 09:31:22 WARN Utils: Service 'SparkUI' could not bind on port 4041. Attempting port 4042.
[2026-04-12T09:31:22.493+0000] {subprocess.py:106} INFO - 26/04/12 09:31:22 INFO Utils: Successfully started service 'SparkUI' on port 4042.
[2026-04-12T09:31:22.548+0000] {subprocess.py:106} INFO - 26/04/12 09:31:22 INFO SparkContext: Added JAR file:///home/spark/.ivy2.5.2/jars/org.apache.iceberg_iceberg-spark-runtime-4.0_2.13-1.10.1.jar at spark://spark-master:43503/jars/org.apache.iceberg_iceberg-spark-runtime-4.0_2.13-1.10.1.jar with timestamp 1775986281528
[2026-04-12T09:31:22.554+0000] {subprocess.py:106} INFO - 26/04/12 09:31:22 INFO SparkContext: Added file file:///home/spark/.ivy2.5.2/jars/org.apache.iceberg_iceberg-spark-runtime-4.0_2.13-1.10.1.jar at file:///home/spark/.ivy2.5.2/jars/org.apache.iceberg_iceberg-spark-runtime-4.0_2.13-1.10.1.jar with timestamp 1775986281528
[2026-04-12T09:31:22.557+0000] {subprocess.py:106} INFO - 26/04/12 09:31:22 INFO Utils: Copying /home/spark/.ivy2.5.2/jars/org.apache.iceberg_iceberg-spark-runtime-4.0_2.13-1.10.1.jar to /tmp/spark-c33dfb8b-de6a-4a63-9c9d-d14847cd8a03/userFiles-98f02d4d-9456-4135-a7bd-57ae3979f3bc/org.apache.iceberg_iceberg-spark-runtime-4.0_2.13-1.10.1.jar
[2026-04-12T09:31:22.647+0000] {subprocess.py:106} INFO - 26/04/12 09:31:22 INFO SecurityManager: Changing view acls to: spark
[2026-04-12T09:31:22.649+0000] {subprocess.py:106} INFO - 26/04/12 09:31:22 INFO SecurityManager: Changing modify acls to: spark
[2026-04-12T09:31:22.653+0000] {subprocess.py:106} INFO - 26/04/12 09:31:22 INFO SecurityManager: Changing view acls groups to: spark
[2026-04-12T09:31:22.653+0000] {subprocess.py:106} INFO - 26/04/12 09:31:22 INFO SecurityManager: Changing modify acls groups to: spark
[2026-04-12T09:31:22.654+0000] {subprocess.py:106} INFO - 26/04/12 09:31:22 INFO SecurityManager: SecurityManager: authentication disabled; ui acls disabled; users with view permissions: spark groups with view permissions: EMPTY; users with modify permissions: spark; groups with modify permissions: EMPTY; RPC SSL disabled
[2026-04-12T09:31:22.944+0000] {subprocess.py:106} INFO - 26/04/12 09:31:22 INFO Executor: Starting executor ID driver on host spark-master
[2026-04-12T09:31:22.945+0000] {subprocess.py:106} INFO - 26/04/12 09:31:22 INFO Executor: OS info Linux, 6.6.87.2-microsoft-standard-WSL2, amd64
[2026-04-12T09:31:22.946+0000] {subprocess.py:106} INFO - 26/04/12 09:31:22 INFO Executor: Java version 21.0.10
[2026-04-12T09:31:22.968+0000] {subprocess.py:106} INFO - 26/04/12 09:31:22 INFO Executor: Starting executor with user classpath (userClassPathFirst = false): ''
[2026-04-12T09:31:22.972+0000] {subprocess.py:106} INFO - 26/04/12 09:31:22 INFO Executor: Created or updated repl class loader org.apache.spark.util.MutableURLClassLoader@507fa58c for default.
[2026-04-12T09:31:22.994+0000] {subprocess.py:106} INFO - 26/04/12 09:31:22 INFO Executor: Fetching file:///home/spark/.ivy2.5.2/jars/org.apache.iceberg_iceberg-spark-runtime-4.0_2.13-1.10.1.jar with timestamp 1775986281528
[2026-04-12T09:31:23.052+0000] {subprocess.py:106} INFO - 26/04/12 09:31:23 INFO Utils: /home/spark/.ivy2.5.2/jars/org.apache.iceberg_iceberg-spark-runtime-4.0_2.13-1.10.1.jar has been previously copied to /tmp/spark-c33dfb8b-de6a-4a63-9c9d-d14847cd8a03/userFiles-98f02d4d-9456-4135-a7bd-57ae3979f3bc/org.apache.iceberg_iceberg-spark-runtime-4.0_2.13-1.10.1.jar
[2026-04-12T09:31:23.060+0000] {subprocess.py:106} INFO - 26/04/12 09:31:23 INFO Executor: Fetching spark://spark-master:43503/jars/org.apache.iceberg_iceberg-spark-runtime-4.0_2.13-1.10.1.jar with timestamp 1775986281528
[2026-04-12T09:31:23.131+0000] {subprocess.py:106} INFO - 26/04/12 09:31:23 INFO TransportClientFactory: Successfully created connection to spark-master/172.20.0.5:43503 after 49 ms (0 ms spent in bootstraps)
[2026-04-12T09:31:23.139+0000] {subprocess.py:106} INFO - 26/04/12 09:31:23 INFO Utils: Fetching spark://spark-master:43503/jars/org.apache.iceberg_iceberg-spark-runtime-4.0_2.13-1.10.1.jar to /tmp/spark-c33dfb8b-de6a-4a63-9c9d-d14847cd8a03/userFiles-98f02d4d-9456-4135-a7bd-57ae3979f3bc/fetchFileTemp14368423424419814093.tmp
[2026-04-12T09:31:24.207+0000] {subprocess.py:106} INFO - 26/04/12 09:31:24 INFO Utils: /tmp/spark-c33dfb8b-de6a-4a63-9c9d-d14847cd8a03/userFiles-98f02d4d-9456-4135-a7bd-57ae3979f3bc/fetchFileTemp14368423424419814093.tmp has been previously copied to /tmp/spark-c33dfb8b-de6a-4a63-9c9d-d14847cd8a03/userFiles-98f02d4d-9456-4135-a7bd-57ae3979f3bc/org.apache.iceberg_iceberg-spark-runtime-4.0_2.13-1.10.1.jar
[2026-04-12T09:31:24.226+0000] {subprocess.py:106} INFO - 26/04/12 09:31:24 INFO Executor: Adding file:/tmp/spark-c33dfb8b-de6a-4a63-9c9d-d14847cd8a03/userFiles-98f02d4d-9456-4135-a7bd-57ae3979f3bc/org.apache.iceberg_iceberg-spark-runtime-4.0_2.13-1.10.1.jar to class loader default
[2026-04-12T09:31:24.248+0000] {subprocess.py:106} INFO - 26/04/12 09:31:24 INFO Utils: Successfully started service 'org.apache.spark.network.netty.NettyBlockTransferService' on port 38419.
[2026-04-12T09:31:24.248+0000] {subprocess.py:106} INFO - 26/04/12 09:31:24 INFO NettyBlockTransferService: Server created on spark-master:38419
[2026-04-12T09:31:24.252+0000] {subprocess.py:106} INFO - 26/04/12 09:31:24 INFO BlockManager: Using org.apache.spark.storage.RandomBlockReplicationPolicy for block replication policy
[2026-04-12T09:31:24.291+0000] {subprocess.py:106} INFO - 26/04/12 09:31:24 INFO BlockManagerMaster: Registering BlockManager BlockManagerId(driver, spark-master, 38419, None)
[2026-04-12T09:31:24.304+0000] {subprocess.py:106} INFO - 26/04/12 09:31:24 INFO BlockManagerMasterEndpoint: Registering block manager spark-master:38419 with 1048.8 MiB RAM, BlockManagerId(driver, spark-master, 38419, None)
[2026-04-12T09:31:24.311+0000] {subprocess.py:106} INFO - 26/04/12 09:31:24 INFO BlockManagerMaster: Registered BlockManager BlockManagerId(driver, spark-master, 38419, None)
[2026-04-12T09:31:24.314+0000] {subprocess.py:106} INFO - 26/04/12 09:31:24 INFO BlockManager: Initialized BlockManager: BlockManagerId(driver, spark-master, 38419, None)
[2026-04-12T09:31:27.846+0000] {subprocess.py:106} INFO - Đọc dữ liệu Bronze từ: hdfs://23133083thuyvan-master:9000/user/hive/lakehouse/bronze/raw_kaggle/GlobalWeatherRepository.csv
[2026-04-12T09:31:27.866+0000] {subprocess.py:106} INFO - 26/04/12 09:31:27 INFO SharedState: spark.sql.warehouse.dir is not set, but hive.metastore.warehouse.dir is set. Setting spark.sql.warehouse.dir to the value of hive.metastore.warehouse.dir.
[2026-04-12T09:31:28.212+0000] {subprocess.py:106} INFO - 26/04/12 09:31:28 INFO SharedState: Warehouse path is 'hdfs://23133083thuyvan-master:9000/user/hive/warehouse'.
[2026-04-12T09:31:33.193+0000] {subprocess.py:106} INFO - 26/04/12 09:31:33 INFO InMemoryFileIndex: It took 878 ms to list leaf files for 1 paths.
[2026-04-12T09:31:33.441+0000] {subprocess.py:106} INFO - 26/04/12 09:31:33 INFO InMemoryFileIndex: It took 45 ms to list leaf files for 1 paths.
[2026-04-12T09:31:38.634+0000] {subprocess.py:106} INFO - 26/04/12 09:31:38 INFO FileSourceStrategy: Pushed Filters:
[2026-04-12T09:31:38.641+0000] {subprocess.py:106} INFO - 26/04/12 09:31:38 INFO FileSourceStrategy: Post-Scan Filters: Set((length(trim(value#0, None)) > 0))
[2026-04-12T09:31:40.968+0000] {subprocess.py:106} INFO - 26/04/12 09:31:40 INFO CodeGenerator: Code generated in 1020.28948 ms
[2026-04-12T09:31:41.116+0000] {subprocess.py:106} INFO - 26/04/12 09:31:41 INFO MemoryStore: MemoryStore started with capacity 1048.8 MiB
[2026-04-12T09:31:41.408+0000] {subprocess.py:106} INFO - 26/04/12 09:31:41 INFO MemoryStore: Block broadcast_0 stored as values in memory (estimated size 220.4 KiB, free 1048.6 MiB)
[2026-04-12T09:31:41.936+0000] {subprocess.py:106} INFO - 26/04/12 09:31:41 INFO MemoryStore: Block broadcast_0_piece0 stored as bytes in memory (estimated size 40.4 KiB, free 1048.5 MiB)
[2026-04-12T09:31:42.015+0000] {subprocess.py:106} INFO - 26/04/12 09:31:42 INFO SparkContext: Created broadcast 0 from csv at NativeMethodAccessorImpl.java:0
[2026-04-12T09:31:42.240+0000] {subprocess.py:106} INFO - 26/04/12 09:31:42 INFO FileSourceScanExec: Planning scan with bin packing, max size: 4194304 bytes, open cost is considered as scanning 4194304 bytes.
[2026-04-12T09:31:43.113+0000] {subprocess.py:106} INFO - 26/04/12 09:31:43 INFO SparkContext: Starting job: csv at NativeMethodAccessorImpl.java:0
[2026-04-12T09:31:43.139+0000] {subprocess.py:106} INFO - 26/04/12 09:31:43 INFO DAGScheduler: Got job 0 (csv at NativeMethodAccessorImpl.java:0) with 1 output partitions
[2026-04-12T09:31:43.143+0000] {subprocess.py:106} INFO - 26/04/12 09:31:43 INFO DAGScheduler: Final stage: ResultStage 0 (csv at NativeMethodAccessorImpl.java:0)
[2026-04-12T09:31:43.145+0000] {subprocess.py:106} INFO - 26/04/12 09:31:43 INFO DAGScheduler: Parents of final stage: List()
[2026-04-12T09:31:43.148+0000] {subprocess.py:106} INFO - 26/04/12 09:31:43 INFO DAGScheduler: Missing parents: List()
[2026-04-12T09:31:43.153+0000] {subprocess.py:106} INFO - 26/04/12 09:31:43 INFO DAGScheduler: Submitting ResultStage 0 (MapPartitionsRDD[3] at csv at NativeMethodAccessorImpl.java:0), which has no missing parents
[2026-04-12T09:31:43.308+0000] {subprocess.py:106} INFO - 26/04/12 09:31:43 INFO MemoryStore: Block broadcast_1 stored as values in memory (estimated size 14.3 KiB, free 1048.5 MiB)
[2026-04-12T09:31:43.318+0000] {subprocess.py:106} INFO - 26/04/12 09:31:43 INFO MemoryStore: Block broadcast_1_piece0 stored as bytes in memory (estimated size 6.8 KiB, free 1048.5 MiB)
[2026-04-12T09:31:43.319+0000] {subprocess.py:106} INFO - 26/04/12 09:31:43 INFO SparkContext: Created broadcast 1 from broadcast at DAGScheduler.scala:1676
[2026-04-12T09:31:43.373+0000] {subprocess.py:106} INFO - 26/04/12 09:31:43 INFO DAGScheduler: Submitting 1 missing tasks from ResultStage 0 (MapPartitionsRDD[3] at csv at NativeMethodAccessorImpl.java:0) (first 15 tasks are for partitions Vector(0))
[2026-04-12T09:31:43.385+0000] {subprocess.py:106} INFO - 26/04/12 09:31:43 INFO TaskSchedulerImpl: Adding task set 0.0 with 1 tasks resource profile 0
[2026-04-12T09:31:43.489+0000] {subprocess.py:106} INFO - 26/04/12 09:31:43 INFO TaskSetManager: Starting task 0.0 in stage 0.0 (TID 0) (spark-master,executor driver, partition 0, ANY, 10625 bytes)
[2026-04-12T09:31:43.515+0000] {subprocess.py:106} INFO - 26/04/12 09:31:43 INFO Executor: Running task 0.0 in stage 0.0 (TID 0)
[2026-04-12T09:31:43.788+0000] {subprocess.py:106} INFO - 26/04/12 09:31:43 INFO CodeGenerator: Code generated in 40.977976 ms
[2026-04-12T09:31:43.804+0000] {subprocess.py:106} INFO - 26/04/12 09:31:43 INFO FileScanRDD: Reading File path: hdfs://23133083thuyvan-master:9000/user/hive/lakehouse/bronze/raw_kaggle/GlobalWeatherRepository.csv, range: 0-4194304, partition values: [empty row]
[2026-04-12T09:31:43.865+0000] {subprocess.py:106} INFO - 26/04/12 09:31:43 INFO CodeGenerator: Code generated in 31.194489 ms
[2026-04-12T09:31:44.110+0000] {subprocess.py:106} INFO - 26/04/12 09:31:44 INFO Executor: Finished task 0.0 in stage 0.0 (TID 0). 2094 bytes result sent to driver
[2026-04-12T09:31:44.127+0000] {subprocess.py:106} INFO - 26/04/12 09:31:44 INFO TaskSetManager: Finished task 0.0 in stage 0.0 (TID 0) in 684 ms on spark-master (executor driver) (1/1)
[2026-04-12T09:31:44.132+0000] {subprocess.py:106} INFO - 26/04/12 09:31:44 INFO TaskSchedulerImpl: Removed TaskSet 0.0 whose tasks have all completed, from pool
[2026-04-12T09:31:44.139+0000] {subprocess.py:106} INFO - 26/04/12 09:31:44 INFO DAGScheduler: ResultStage 0 (csv at NativeMethodAccessorImpl.java:0) finished in 956 ms
[2026-04-12T09:31:44.144+0000] {subprocess.py:106} INFO - 26/04/12 09:31:44 INFO DAGScheduler: Job 0 is finished. Cancelling potential speculative or zombie tasks for this job
[2026-04-12T09:31:44.145+0000] {subprocess.py:106} INFO - 26/04/12 09:31:44 INFO TaskSchedulerImpl: Canceling stage 0
[2026-04-12T09:31:44.150+0000] {subprocess.py:106} INFO - 26/04/12 09:31:44 INFO TaskSchedulerImpl: Killing all running tasks in stage 0: Stage finished
[2026-04-12T09:31:44.153+0000] {subprocess.py:106} INFO - 26/04/12 09:31:44 INFO DAGScheduler: Job 0 finished: csv at NativeMethodAccessorImpl.java:0, took 1037.849541 ms
[2026-04-12T09:31:44.188+0000] {subprocess.py:106} INFO - 26/04/12 09:31:44 INFO CodeGenerator: Code generated in 14.47401 ms
[2026-04-12T09:31:44.267+0000] {subprocess.py:106} INFO - 26/04/12 09:31:44 INFO FileSourceStrategy: Pushed Filters:
[2026-04-12T09:31:44.267+0000] {subprocess.py:106} INFO - 26/04/12 09:31:44 INFO FileSourceStrategy: Post-Scan Filters: Set()
[2026-04-12T09:31:44.282+0000] {subprocess.py:106} INFO - 26/04/12 09:31:44 INFO MemoryStore: Block broadcast_2 stored as values in memory (estimated size 220.4 KiB, free 1048.3 MiB)
[2026-04-12T09:31:44.297+0000] {subprocess.py:106} INFO - 26/04/12 09:31:44 INFO MemoryStore: Block broadcast_2_piece0 stored as bytes in memory (estimated size 40.4 KiB, free 1048.3 MiB)
[2026-04-12T09:31:44.300+0000] {subprocess.py:106} INFO - 26/04/12 09:31:44 INFO SparkContext: Created broadcast 2 from csv at NativeMethodAccessorImpl.java:0
[2026-04-12T09:31:44.301+0000] {subprocess.py:106} INFO - 26/04/12 09:31:44 INFO FileSourceScanExec: Planning scan with bin packing, max size: 4194304 bytes, open cost is considered as scanning 4194304 bytes.
[2026-04-12T09:31:44.430+0000] {subprocess.py:106} INFO - 26/04/12 09:31:44 INFO SparkContext: Starting job: csv at NativeMethodAccessorImpl.java:0
[2026-04-12T09:31:44.433+0000] {subprocess.py:106} INFO - 26/04/12 09:31:44 INFO DAGScheduler: Got job 1 (csv at NativeMethodAccessorImpl.java:0) with 9 output partitions
[2026-04-12T09:31:44.434+0000] {subprocess.py:106} INFO - 26/04/12 09:31:44 INFO DAGScheduler: Final stage: ResultStage 1 (csv at NativeMethodAccessorImpl.java:0)
[2026-04-12T09:31:44.436+0000] {subprocess.py:106} INFO - 26/04/12 09:31:44 INFO DAGScheduler: Parents of final stage: List()
[2026-04-12T09:31:44.469+0000] {subprocess.py:106} INFO - 26/04/12 09:31:44 INFO DAGScheduler: Missing parents: List()
[2026-04-12T09:31:44.470+0000] {subprocess.py:106} INFO - 26/04/12 09:31:44 INFO DAGScheduler: Submitting ResultStage 1 (MapPartitionsRDD[9] at csv at NativeMethodAccessorImpl.java:0), which has no missing parents
[2026-04-12T09:31:44.475+0000] {subprocess.py:106} INFO - 26/04/12 09:31:44 INFO MemoryStore: Block broadcast_3 stored as values in memory (estimated size 25.1 KiB, free 1048.2 MiB)
[2026-04-12T09:31:44.478+0000] {subprocess.py:106} INFO - 26/04/12 09:31:44 INFO MemoryStore: Block broadcast_3_piece0 stored as bytes in memory (estimated size 11.3 KiB, free 1048.2 MiB)
[2026-04-12T09:31:44.480+0000] {subprocess.py:106} INFO - 26/04/12 09:31:44 INFO SparkContext: Created broadcast 3 from broadcast at DAGScheduler.scala:1676
[2026-04-12T09:31:44.482+0000] {subprocess.py:106} INFO - 26/04/12 09:31:44 INFO DAGScheduler: Submitting 9 missing tasks from ResultStage 1 (MapPartitionsRDD[9] at csv at NativeMethodAccessorImpl.java:0) (first 15 tasks are for partitions Vector(0, 1, 2, 3, 4, 5, 6, 7, 8))
[2026-04-12T09:31:44.482+0000] {subprocess.py:106} INFO - 26/04/12 09:31:44 INFO TaskSchedulerImpl: Adding task set 1.0 with 9 tasks resource profile 0
[2026-04-12T09:31:44.486+0000] {subprocess.py:106} INFO - 26/04/12 09:31:44 INFO TaskSetManager: Starting task 0.0 in stage 1.0 (TID 1) (spark-master,executor driver, partition 0, ANY, 10625 bytes)
[2026-04-12T09:31:44.487+0000] {subprocess.py:106} INFO - 26/04/12 09:31:44 INFO TaskSetManager: Starting task 1.0 in stage 1.0 (TID 2) (spark-master,executor driver, partition 1, ANY, 10625 bytes)
[2026-04-12T09:31:44.489+0000] {subprocess.py:106} INFO - 26/04/12 09:31:44 INFO TaskSetManager: Starting task 2.0 in stage 1.0 (TID 3) (spark-master,executor driver, partition 2, ANY, 10625 bytes)
[2026-04-12T09:31:44.492+0000] {subprocess.py:106} INFO - 26/04/12 09:31:44 INFO TaskSetManager: Starting task 3.0 in stage 1.0 (TID 4) (spark-master,executor driver, partition 3, ANY, 10625 bytes)
[2026-04-12T09:31:44.493+0000] {subprocess.py:106} INFO - 26/04/12 09:31:44 INFO TaskSetManager: Starting task 4.0 in stage 1.0 (TID 5) (spark-master,executor driver, partition 4, ANY, 10625 bytes)
[2026-04-12T09:31:44.494+0000] {subprocess.py:106} INFO - 26/04/12 09:31:44 INFO TaskSetManager: Starting task 5.0 in stage 1.0 (TID 6) (spark-master,executor driver, partition 5, ANY, 10625 bytes)
[2026-04-12T09:31:44.498+0000] {subprocess.py:106} INFO - 26/04/12 09:31:44 INFO TaskSetManager: Starting task 6.0 in stage 1.0 (TID 7) (spark-master,executor driver, partition 6, ANY, 10625 bytes)
[2026-04-12T09:31:44.499+0000] {subprocess.py:106} INFO - 26/04/12 09:31:44 INFO TaskSetManager: Starting task 7.0 in stage 1.0 (TID 8) (spark-master,executor driver, partition 7, ANY, 10625 bytes)
[2026-04-12T09:31:44.500+0000] {subprocess.py:106} INFO - 26/04/12 09:31:44 INFO TaskSetManager: Starting task 8.0 in stage 1.0 (TID 9) (spark-master,executor driver, partition 8, ANY, 10625 bytes)
[2026-04-12T09:31:44.500+0000] {subprocess.py:106} INFO - 26/04/12 09:31:44 INFO Executor: Running task 0.0 in stage 1.0 (TID 1)
[2026-04-12T09:31:44.502+0000] {subprocess.py:106} INFO - 26/04/12 09:31:44 INFO Executor: Running task 1.0 in stage 1.0 (TID 2)
[2026-04-12T09:31:44.509+0000] {subprocess.py:106} INFO - 26/04/12 09:31:44 INFO Executor: Running task 2.0 in stage 1.0 (TID 3)
[2026-04-12T09:31:44.511+0000] {subprocess.py:106} INFO - 26/04/12 09:31:44 INFO Executor: Running task 3.0 in stage 1.0 (TID 4)
[2026-04-12T09:31:44.521+0000] {subprocess.py:106} INFO - 26/04/12 09:31:44 INFO Executor: Running task 4.0 in stage 1.0 (TID 5)
[2026-04-12T09:31:44.522+0000] {subprocess.py:106} INFO - 26/04/12 09:31:44 INFO Executor: Running task 5.0 in stage 1.0 (TID 6)
[2026-04-12T09:31:44.529+0000] {subprocess.py:106} INFO - 26/04/12 09:31:44 INFO Executor: Running task 6.0 in stage 1.0 (TID 7)
[2026-04-12T09:31:44.529+0000] {subprocess.py:106} INFO - 26/04/12 09:31:44 INFO Executor: Running task 7.0 in stage 1.0 (TID 8)
[2026-04-12T09:31:44.533+0000] {subprocess.py:106} INFO - 26/04/12 09:31:44 INFO Executor: Running task 8.0 in stage 1.0 (TID 9)
[2026-04-12T09:31:44.717+0000] {subprocess.py:106} INFO - 26/04/12 09:31:44 INFO CodeGenerator: Code generated in 48.149229 ms
[2026-04-12T09:31:44.718+0000] {subprocess.py:106} INFO - 26/04/12 09:31:44 INFO FileScanRDD: Reading File path: hdfs://23133083thuyvan-master:9000/user/hive/lakehouse/bronze/raw_kaggle/GlobalWeatherRepository.csv, range: 12582912-16777216, partition values: [empty row]
[2026-04-12T09:31:44.722+0000] {subprocess.py:106} INFO - 26/04/12 09:31:44 INFO FileScanRDD: Reading File path: hdfs://23133083thuyvan-master:9000/user/hive/lakehouse/bronze/raw_kaggle/GlobalWeatherRepository.csv, range: 0-4194304, partition values: [empty row]
[2026-04-12T09:31:44.723+0000] {subprocess.py:106} INFO - 26/04/12 09:31:44 INFO FileScanRDD: Reading File path: hdfs://23133083thuyvan-master:9000/user/hive/lakehouse/bronze/raw_kaggle/GlobalWeatherRepository.csv, range: 4194304-8388608, partition values: [empty row]
[2026-04-12T09:31:44.729+0000] {subprocess.py:106} INFO - 26/04/12 09:31:44 INFO FileScanRDD: Reading File path: hdfs://23133083thuyvan-master:9000/user/hive/lakehouse/bronze/raw_kaggle/GlobalWeatherRepository.csv, range: 20971520-25165824, partition values: [empty row]
[2026-04-12T09:31:44.734+0000] {subprocess.py:106} INFO - 26/04/12 09:31:44 INFO FileScanRDD: Reading File path: hdfs://23133083thuyvan-master:9000/user/hive/lakehouse/bronze/raw_kaggle/GlobalWeatherRepository.csv, range: 8388608-12582912, partition values: [empty row]
[2026-04-12T09:31:44.737+0000] {subprocess.py:106} INFO - 26/04/12 09:31:44 INFO FileScanRDD: Reading File path: hdfs://23133083thuyvan-master:9000/user/hive/lakehouse/bronze/raw_kaggle/GlobalWeatherRepository.csv, range: 25165824-29360128, partition values: [empty row]
[2026-04-12T09:31:44.749+0000] {subprocess.py:106} INFO - 26/04/12 09:31:44 INFO FileScanRDD: Reading File path: hdfs://23133083thuyvan-master:9000/user/hive/lakehouse/bronze/raw_kaggle/GlobalWeatherRepository.csv, range: 29360128-33554432, partition values: [empty row]
[2026-04-12T09:31:44.754+0000] {subprocess.py:106} INFO - 26/04/12 09:31:44 INFO FileScanRDD: Reading File path: hdfs://23133083thuyvan-master:9000/user/hive/lakehouse/bronze/raw_kaggle/GlobalWeatherRepository.csv, range: 16777216-20971520, partition values: [empty row]
[2026-04-12T09:31:44.805+0000] {subprocess.py:106} INFO - 26/04/12 09:31:44 INFO FileScanRDD: Reading File path: hdfs://23133083thuyvan-master:9000/user/hive/lakehouse/bronze/raw_kaggle/GlobalWeatherRepository.csv, range: 33554432-35704824, partition values: [empty row]
[2026-04-12T09:31:48.368+0000] {subprocess.py:106} INFO - 26/04/12 09:31:48 INFO Executor: Finished task 8.0 in stage 1.0 (TID 9). 2249 bytes result sent to driver
[2026-04-12T09:31:48.409+0000] {subprocess.py:106} INFO - 26/04/12 09:31:48 INFO TaskSetManager: Finished task 8.0 in stage 1.0 (TID 9) in 3905 ms on spark-master (executor driver) (1/9)
[2026-04-12T09:31:49.117+0000] {subprocess.py:106} INFO - 26/04/12 09:31:49 INFO Executor: Finished task 6.0 in stage 1.0 (TID 7). 2206 bytes result sent to driver
[2026-04-12T09:31:49.125+0000] {subprocess.py:106} INFO - 26/04/12 09:31:49 INFO Executor: Finished task 4.0 in stage 1.0 (TID 5). 2206 bytes result sent to driver
[2026-04-12T09:31:49.136+0000] {subprocess.py:106} INFO - 26/04/12 09:31:49 INFO Executor: Finished task 1.0 in stage 1.0 (TID 2). 2206 bytes result sent to driver
[2026-04-12T09:31:49.143+0000] {subprocess.py:106} INFO - 26/04/12 09:31:49 INFO TaskSetManager: Finished task 6.0 in stage 1.0 (TID 7) in 4645 ms on spark-master (executor driver) (2/9)
[2026-04-12T09:31:49.143+0000] {subprocess.py:106} INFO - 26/04/12 09:31:49 INFO TaskSetManager: Finished task 1.0 in stage 1.0 (TID 2) in 4652 ms on spark-master (executor driver) (3/9)
[2026-04-12T09:31:49.147+0000] {subprocess.py:106} INFO - 26/04/12 09:31:49 INFO TaskSetManager: Finished task 4.0 in stage 1.0 (TID 5) in 4656 ms on spark-master (executor driver) (4/9)
[2026-04-12T09:31:49.164+0000] {subprocess.py:106} INFO - 26/04/12 09:31:49 INFO Executor: Finished task 2.0 in stage 1.0 (TID 3). 2206 bytes result sent to driver
[2026-04-12T09:31:49.170+0000] {subprocess.py:106} INFO - 26/04/12 09:31:49 INFO Executor: Finished task 5.0 in stage 1.0 (TID 6). 2206 bytes result sent to driver
[2026-04-12T09:31:49.171+0000] {subprocess.py:106} INFO - 26/04/12 09:31:49 INFO Executor: Finished task 7.0 in stage 1.0 (TID 8). 2206 bytes result sent to driver
[2026-04-12T09:31:49.172+0000] {subprocess.py:106} INFO - 26/04/12 09:31:49 INFO TaskSetManager: Finished task 2.0 in stage 1.0 (TID 3) in 4683 ms on spark-master (executor driver) (5/9)
[2026-04-12T09:31:49.174+0000] {subprocess.py:106} INFO - 26/04/12 09:31:49 INFO TaskSetManager: Finished task 5.0 in stage 1.0 (TID 6) in 4681 ms on spark-master (executor driver) (6/9)
[2026-04-12T09:31:49.175+0000] {subprocess.py:106} INFO - 26/04/12 09:31:49 INFO TaskSetManager: Finished task 7.0 in stage 1.0 (TID 8) in 4679 ms on spark-master (executor driver) (7/9)
[2026-04-12T09:31:49.177+0000] {subprocess.py:106} INFO - 26/04/12 09:31:49 INFO Executor: Finished task 3.0 in stage 1.0 (TID 4). 2249 bytes result sent to driver
[2026-04-12T09:31:49.179+0000] {subprocess.py:106} INFO - 26/04/12 09:31:49 INFO TaskSetManager: Finished task 3.0 in stage 1.0 (TID 4) in 4690 ms on spark-master (executor driver) (8/9)
[2026-04-12T09:31:49.197+0000] {subprocess.py:106} INFO - 26/04/12 09:31:49 INFO Executor: Finished task 0.0 in stage 1.0 (TID 1). 2206 bytes result sent to driver
[2026-04-12T09:31:49.199+0000] {subprocess.py:106} INFO - 26/04/12 09:31:49 INFO TaskSetManager: Finished task 0.0 in stage 1.0 (TID 1) in 4714 ms on spark-master (executor driver) (9/9)
[2026-04-12T09:31:49.200+0000] {subprocess.py:106} INFO - 26/04/12 09:31:49 INFO TaskSchedulerImpl: Removed TaskSet 1.0 whose tasks have all completed, from pool
[2026-04-12T09:31:49.201+0000] {subprocess.py:106} INFO - 26/04/12 09:31:49 INFO DAGScheduler: ResultStage 1 (csv at NativeMethodAccessorImpl.java:0) finished in 4761 ms
[2026-04-12T09:31:49.201+0000] {subprocess.py:106} INFO - 26/04/12 09:31:49 INFO DAGScheduler: Job 1 is finished. Cancelling potential speculative or zombie tasks for this job
[2026-04-12T09:31:49.203+0000] {subprocess.py:106} INFO - 26/04/12 09:31:49 INFO TaskSchedulerImpl: Canceling stage 1
[2026-04-12T09:31:49.203+0000] {subprocess.py:106} INFO - 26/04/12 09:31:49 INFO TaskSchedulerImpl: Killing all running tasks in stage 1: Stage finished
[2026-04-12T09:31:49.204+0000] {subprocess.py:106} INFO - 26/04/12 09:31:49 INFO DAGScheduler: Job 1 finished: csv at NativeMethodAccessorImpl.java:0, took 4773.033189 ms
[2026-04-12T09:31:49.527+0000] {subprocess.py:106} INFO - 26/04/12 09:31:49 INFO CatalogUtil: Loading custom FileIO implementation: org.apache.iceberg.hadoop.HadoopFileIO
[2026-04-12T09:31:49.713+0000] {subprocess.py:106} INFO - 26/04/12 09:31:49 INFO HiveConf: Found configuration file file:/home/spark/spark/conf/hive-site.xml
[2026-04-12T09:31:50.025+0000] {subprocess.py:106} INFO - 26/04/12 09:31:50 INFO metastore: Trying to connect to metastore with URI thrift://23133083thuyvan-master:9083
[2026-04-12T09:31:50.059+0000] {subprocess.py:106} INFO - 26/04/12 09:31:50 INFO metastore: Opened a connection to metastore, current connections: 1
[2026-04-12T09:31:50.119+0000] {subprocess.py:106} INFO - 26/04/12 09:31:50 INFO metastore: Connected to metastore.
[2026-04-12T09:31:50.390+0000] {subprocess.py:106} INFO - 26/04/12 09:31:50 INFO BaseMetastoreTableOperations: Refreshing table metadata from new version: hdfs://23133083thuyvan-master:9000/user/hive/lakehouse/air_quality_db.db/air_quality_silver/metadata/00047-92841e3f-8e7a-4ee0-80eb-570fe1ebee74.metadata.json
[2026-04-12T09:31:50.878+0000] {subprocess.py:106} INFO - 26/04/12 09:31:50 INFO BaseMetastoreCatalog: Table loaded by catalog: iceberg.air_quality_db.air_quality_silver
[2026-04-12T09:31:51.230+0000] {subprocess.py:106} INFO - 26/04/12 09:31:51 INFO SnapshotScan: Scanning table iceberg.air_quality_db.air_quality_silver snapshot 3956728988175952152 created at 2026-04-12T09:30:35.464+00:00 with filter true
[2026-04-12T09:31:51.550+0000] {subprocess.py:106} INFO - 26/04/12 09:31:51 INFO BaseDistributedDataScan: Planning file tasks locally for table iceberg.air_quality_db.air_quality_silver
[2026-04-12T09:31:51.715+0000] {subprocess.py:106} INFO - 26/04/12 09:31:51 INFO V2ScanRelationPushDown:
[2026-04-12T09:31:51.716+0000] {subprocess.py:106} INFO - Pushing operators to iceberg.air_quality_db.air_quality_silver
[2026-04-12T09:31:51.716+0000] {subprocess.py:106} INFO - Pushed Aggregate Functions:
[2026-04-12T09:31:51.717+0000] {subprocess.py:106} INFO -  MAX(timestamp)
[2026-04-12T09:31:51.717+0000] {subprocess.py:106} INFO - Pushed Group by:
[2026-04-12T09:31:51.718+0000] {subprocess.py:106} INFO - 
[2026-04-12T09:31:51.718+0000] {subprocess.py:106} INFO - 
[2026-04-12T09:31:51.946+0000] {subprocess.py:106} INFO - 26/04/12 09:31:51 INFO CodeGenerator: Code generated in 19.020294 ms
[2026-04-12T09:31:51.963+0000] {subprocess.py:106} INFO - 26/04/12 09:31:51 INFO CodeGenerator: Code generated in 11.450969 ms
[2026-04-12T09:31:52.010+0000] {subprocess.py:106} INFO - 26/04/12 09:31:52 INFO DAGScheduler: Registering RDD 12 (collect at /home/spark/spark/spark_jobs/dag1_elt.py:31) as input to shuffle 0
[2026-04-12T09:31:52.015+0000] {subprocess.py:106} INFO - 26/04/12 09:31:52 INFO DAGScheduler: Got map stage job 2 (collect at /home/spark/spark/spark_jobs/dag1_elt.py:31) with 1 output partitions
[2026-04-12T09:31:52.016+0000] {subprocess.py:106} INFO - 26/04/12 09:31:52 INFO DAGScheduler: Final stage: ShuffleMapStage 2 (collect at /home/spark/spark/spark_jobs/dag1_elt.py:31)
[2026-04-12T09:31:52.017+0000] {subprocess.py:106} INFO - 26/04/12 09:31:52 INFO DAGScheduler: Parents of final stage: List()
[2026-04-12T09:31:52.019+0000] {subprocess.py:106} INFO - 26/04/12 09:31:52 INFO DAGScheduler: Missing parents: List()
[2026-04-12T09:31:52.021+0000] {subprocess.py:106} INFO - 26/04/12 09:31:52 INFO DAGScheduler: Submitting ShuffleMapStage 2 (MapPartitionsRDD[12] at collect at /home/spark/spark/spark_jobs/dag1_elt.py:31), which has no missing parents
[2026-04-12T09:31:52.040+0000] {subprocess.py:106} INFO - 26/04/12 09:31:52 INFO MemoryStore: Block broadcast_4 stored as values in memory (estimated size 12.5 KiB, free 1048.5 MiB)
[2026-04-12T09:31:52.072+0000] {subprocess.py:106} INFO - 26/04/12 09:31:52 INFO MemoryStore: Block broadcast_4_piece0 stored as bytes in memory (estimated size 6.1 KiB, free 1048.5 MiB)
[2026-04-12T09:31:52.072+0000] {subprocess.py:106} INFO - 26/04/12 09:31:52 INFO SparkContext: Created broadcast 4 from broadcast at DAGScheduler.scala:1676
[2026-04-12T09:31:52.073+0000] {subprocess.py:106} INFO - 26/04/12 09:31:52 INFO DAGScheduler: Submitting 1 missing tasks from ShuffleMapStage 2 (MapPartitionsRDD[12] at collect at /home/spark/spark/spark_jobs/dag1_elt.py:31) (first 15 tasks are for partitions Vector(0))
[2026-04-12T09:31:52.074+0000] {subprocess.py:106} INFO - 26/04/12 09:31:52 INFO TaskSchedulerImpl: Adding task set 2.0 with 1 tasks resource profile 0
[2026-04-12T09:31:52.079+0000] {subprocess.py:106} INFO - 26/04/12 09:31:52 INFO TaskSetManager: Starting task 0.0 in stage 2.0 (TID 10) (spark-master,executor driver, partition 0, PROCESS_LOCAL, 10187 bytes)
[2026-04-12T09:31:52.082+0000] {subprocess.py:106} INFO - 26/04/12 09:31:52 INFO Executor: Running task 0.0 in stage 2.0 (TID 10)
[2026-04-12T09:31:52.138+0000] {subprocess.py:106} INFO - 26/04/12 09:31:52 INFO CodeGenerator: Code generated in 34.161604 ms
[2026-04-12T09:31:52.154+0000] {subprocess.py:106} INFO - 26/04/12 09:31:52 INFO SecurityManager: Changing view acls to: spark
[2026-04-12T09:31:52.155+0000] {subprocess.py:106} INFO - 26/04/12 09:31:52 INFO SecurityManager: Changing modify acls to: spark
[2026-04-12T09:31:52.155+0000] {subprocess.py:106} INFO - 26/04/12 09:31:52 INFO SecurityManager: Changing view acls groups to: spark
[2026-04-12T09:31:52.156+0000] {subprocess.py:106} INFO - 26/04/12 09:31:52 INFO SecurityManager: Changing modify acls groups to: spark
[2026-04-12T09:31:52.156+0000] {subprocess.py:106} INFO - 26/04/12 09:31:52 INFO SecurityManager: SecurityManager: authentication disabled; ui acls disabled; users with view permissions: spark groups with view permissions: EMPTY; users with modify permissions: spark; groups with modify permissions: EMPTY; RPC SSL disabled
[2026-04-12T09:31:52.227+0000] {subprocess.py:106} INFO - 26/04/12 09:31:52 INFO Executor: Finished task 0.0 in stage 2.0 (TID 10). 1956 bytes result sent to driver
[2026-04-12T09:31:52.231+0000] {subprocess.py:106} INFO - 26/04/12 09:31:52 INFO TaskSetManager: Finished task 0.0 in stage 2.0 (TID 10) in 158 ms on spark-master (executor driver) (1/1)
[2026-04-12T09:31:52.232+0000] {subprocess.py:106} INFO - 26/04/12 09:31:52 INFO TaskSchedulerImpl: Removed TaskSet 2.0 whose tasks have all completed, from pool
[2026-04-12T09:31:52.234+0000] {subprocess.py:106} INFO - 26/04/12 09:31:52 INFO DAGScheduler: ShuffleMapStage 2 (collect at /home/spark/spark/spark_jobs/dag1_elt.py:31) finished in 208 ms
[2026-04-12T09:31:52.235+0000] {subprocess.py:106} INFO - 26/04/12 09:31:52 INFO DAGScheduler: looking for newly runnable stages
[2026-04-12T09:31:52.236+0000] {subprocess.py:106} INFO - 26/04/12 09:31:52 INFO DAGScheduler: running: HashSet()
[2026-04-12T09:31:52.236+0000] {subprocess.py:106} INFO - 26/04/12 09:31:52 INFO DAGScheduler: waiting: HashSet()
[2026-04-12T09:31:52.238+0000] {subprocess.py:106} INFO - 26/04/12 09:31:52 INFO DAGScheduler: failed: HashSet()
[2026-04-12T09:31:52.325+0000] {subprocess.py:106} INFO - 26/04/12 09:31:52 INFO CodeGenerator: Code generated in 23.521169 ms
[2026-04-12T09:31:52.363+0000] {subprocess.py:106} INFO - 26/04/12 09:31:52 INFO SparkContext: Starting job: collect at /home/spark/spark/spark_jobs/dag1_elt.py:31
[2026-04-12T09:31:52.370+0000] {subprocess.py:106} INFO - 26/04/12 09:31:52 INFO DAGScheduler: Got job 3 (collect at /home/spark/spark/spark_jobs/dag1_elt.py:31) with 1 output partitions
[2026-04-12T09:31:52.373+0000] {subprocess.py:106} INFO - 26/04/12 09:31:52 INFO DAGScheduler: Final stage: ResultStage 4 (collect at /home/spark/spark/spark_jobs/dag1_elt.py:31)
[2026-04-12T09:31:52.373+0000] {subprocess.py:106} INFO - 26/04/12 09:31:52 INFO DAGScheduler: Parents of final stage: List(ShuffleMapStage 3)
[2026-04-12T09:31:52.374+0000] {subprocess.py:106} INFO - 26/04/12 09:31:52 INFO DAGScheduler: Missing parents: List()
[2026-04-12T09:31:52.377+0000] {subprocess.py:106} INFO - 26/04/12 09:31:52 INFO DAGScheduler: Submitting ResultStage 4 (MapPartitionsRDD[15] at collect at /home/spark/spark/spark_jobs/dag1_elt.py:31), which has no missing parents
[2026-04-12T09:31:52.378+0000] {subprocess.py:106} INFO - 26/04/12 09:31:52 INFO MemoryStore: Block broadcast_5 stored as values in memory (estimated size 13.6 KiB, free 1048.8 MiB)
[2026-04-12T09:31:52.389+0000] {subprocess.py:106} INFO - 26/04/12 09:31:52 INFO MemoryStore: Block broadcast_5_piece0 stored as bytes in memory (estimated size 6.4 KiB, free 1048.8 MiB)
[2026-04-12T09:31:52.391+0000] {subprocess.py:106} INFO - 26/04/12 09:31:52 INFO SparkContext: Created broadcast 5 from broadcast at DAGScheduler.scala:1676
[2026-04-12T09:31:52.393+0000] {subprocess.py:106} INFO - 26/04/12 09:31:52 INFO DAGScheduler: Submitting 1 missing tasks from ResultStage 4 (MapPartitionsRDD[15] at collect at /home/spark/spark/spark_jobs/dag1_elt.py:31) (first 15 tasks are for partitions Vector(0))
[2026-04-12T09:31:52.394+0000] {subprocess.py:106} INFO - 26/04/12 09:31:52 INFO TaskSchedulerImpl: Adding task set 4.0 with 1 tasks resource profile 0
[2026-04-12T09:31:52.402+0000] {subprocess.py:106} INFO - 26/04/12 09:31:52 INFO TaskSetManager: Starting task 0.0 in stage 4.0 (TID 11) (spark-master,executor driver, partition 0, NODE_LOCAL, 9962 bytes)
[2026-04-12T09:31:52.409+0000] {subprocess.py:106} INFO - 26/04/12 09:31:52 INFO Executor: Running task 0.0 in stage 4.0 (TID 11)
[2026-04-12T09:31:52.464+0000] {subprocess.py:106} INFO - 26/04/12 09:31:52 INFO ShuffleBlockFetcherIterator: Getting 1 (60.0 B) non-empty blocks including 1 (60.0 B) local and 0 (0.0 B) host-local and 0 (0.0 B) push-merged-local and 0 (0.0 B) remote blocks
[2026-04-12T09:31:52.473+0000] {subprocess.py:106} INFO - 26/04/12 09:31:52 INFO ShuffleBlockFetcherIterator: Started 0 remote fetches in 25 ms
[2026-04-12T09:31:52.491+0000] {subprocess.py:106} INFO - 26/04/12 09:31:52 INFO CodeGenerator: Code generated in 17.354809 ms
[2026-04-12T09:31:52.501+0000] {subprocess.py:106} INFO - 26/04/12 09:31:52 INFO Executor: Finished task 0.0 in stage 4.0 (TID 11). 3894 bytes result sent to driver
[2026-04-12T09:31:52.504+0000] {subprocess.py:106} INFO - 26/04/12 09:31:52 INFO TaskSetManager: Finished task 0.0 in stage 4.0 (TID 11) in 103 ms on spark-master (executor driver) (1/1)
[2026-04-12T09:31:52.513+0000] {subprocess.py:106} INFO - 26/04/12 09:31:52 INFO TaskSchedulerImpl: Removed TaskSet 4.0 whose tasks have all completed, from pool
[2026-04-12T09:31:52.514+0000] {subprocess.py:106} INFO - 26/04/12 09:31:52 INFO DAGScheduler: ResultStage 4 (collect at /home/spark/spark/spark_jobs/dag1_elt.py:31) finished in 130 ms
[2026-04-12T09:31:52.515+0000] {subprocess.py:106} INFO - 26/04/12 09:31:52 INFO DAGScheduler: Job 3 is finished. Cancelling potential speculative or zombie tasks for this job
[2026-04-12T09:31:52.515+0000] {subprocess.py:106} INFO - 26/04/12 09:31:52 INFO TaskSchedulerImpl: Canceling stage 4
[2026-04-12T09:31:52.516+0000] {subprocess.py:106} INFO - 26/04/12 09:31:52 INFO TaskSchedulerImpl: Killing all running tasks in stage 4: Stage finished
[2026-04-12T09:31:52.516+0000] {subprocess.py:106} INFO - 26/04/12 09:31:52 INFO DAGScheduler: Job 3 finished: collect at /home/spark/spark/spark_jobs/dag1_elt.py:31, took 151.253031 ms
[2026-04-12T09:31:52.761+0000] {subprocess.py:106} INFO - Max timestamp trong silver: 2026-04-12 09:30:00
[2026-04-12T09:31:54.170+0000] {subprocess.py:106} INFO - Bảng đã tồn tại, append dữ liệu vào iceberg.air_quality_db.air_quality_silver
[2026-04-12T09:31:54.332+0000] {subprocess.py:106} INFO - Traceback (most recent call last):
[2026-04-12T09:31:54.333+0000] {subprocess.py:106} INFO -   File "/home/spark/spark/spark_jobs/dag1_elt.py", line 124, in <module>
[2026-04-12T09:31:54.336+0000] {subprocess.py:106} INFO -     .append()
[2026-04-12T09:31:54.336+0000] {subprocess.py:106} INFO -   File "/home/spark/spark/python/lib/pyspark.zip/pyspark/sql/readwriter.py", line 2489, in append
[2026-04-12T09:31:54.337+0000] {subprocess.py:106} INFO -   File "/home/spark/spark/python/lib/py4j-0.10.9.9-src.zip/py4j/java_gateway.py", line 1362, in __call__
[2026-04-12T09:31:54.337+0000] {subprocess.py:106} INFO -   File "/home/spark/spark/python/lib/pyspark.zip/pyspark/errors/exceptions/captured.py", line 288, in deco
[2026-04-12T09:31:54.343+0000] {subprocess.py:106} INFO - pyspark.errors.exceptions.captured.AnalysisException: [INSERT_COLUMN_ARITY_MISMATCH.TOO_MANY_DATA_COLUMNS] Cannot write to `iceberg`.`air_quality_db`.`air_quality_silver`, the reason is too many data columns:
[2026-04-12T09:31:54.343+0000] {subprocess.py:106} INFO - Table columns: `timestamp`, `location`, `latitude`, `longitude`, `timezone`, `temperature_2m`, `relative_humidity_2m`, `apparent_temperature`, `precipitation`, `cloud_cover`, `wind_speed_10m`, `wind_direction_10m`, `wind_gusts_10m`, `uv_index`, `weather_code`, `european_aqi`, `us_aqi`, `us_aqi_index`, `aqi_label`, `pm10`, `pm2_5`, `carbon_monoxide`, `nitrogen_dioxide`, `sulphur_dioxide`, `ozone`, `processing_time`, `data_source`.
[2026-04-12T09:31:54.344+0000] {subprocess.py:106} INFO - Data columns: `location`, `latitude`, `longitude`, `timezone`, `timestamp`, `temperature_2m`, `condition_text`, `wind_speed_10m`, `wind_direction_10m`, `wind_direction`, `precipitation`, `humidity`, `cloud_cover`, `apparent_temperature`, `uv_index`, `wind_gusts_10m`, `carbon_monoxide`, `ozone`, `nitrogen_dioxide`, `sulphur_dioxide`, `pm2_5`, `pm10`, `us_aqi_index`, `european_aqi`, `moonrise`, `aqi_label`, `processing_time`, `data_source`. SQLSTATE: 21S01
[2026-04-12T09:31:54.409+0000] {subprocess.py:106} INFO - 26/04/12 09:31:54 INFO SparkContext: Invoking stop() from shutdown hook
[2026-04-12T09:31:54.414+0000] {subprocess.py:106} INFO - 26/04/12 09:31:54 INFO SparkContext: SparkContext is stopping with exitCode 0 from run at Executors.java:572.
[2026-04-12T09:31:54.436+0000] {subprocess.py:106} INFO - 26/04/12 09:31:54 INFO SparkUI: Stopped Spark web UI at http://spark-master:4042
[2026-04-12T09:31:54.458+0000] {subprocess.py:106} INFO - 26/04/12 09:31:54 INFO MapOutputTrackerMasterEndpoint: MapOutputTrackerMasterEndpoint stopped!
[2026-04-12T09:31:54.495+0000] {subprocess.py:106} INFO - 26/04/12 09:31:54 INFO MemoryStore: MemoryStore cleared
[2026-04-12T09:31:54.496+0000] {subprocess.py:106} INFO - 26/04/12 09:31:54 INFO BlockManager: BlockManager stopped
[2026-04-12T09:31:54.506+0000] {subprocess.py:106} INFO - 26/04/12 09:31:54 INFO BlockManagerMaster: BlockManagerMaster stopped
[2026-04-12T09:31:54.510+0000] {subprocess.py:106} INFO - 26/04/12 09:31:54 INFO OutputCommitCoordinator$OutputCommitCoordinatorEndpoint: OutputCommitCoordinator stopped!
[2026-04-12T09:31:54.534+0000] {subprocess.py:106} INFO - 26/04/12 09:31:54 INFO SparkContext: Successfully stopped SparkContext
[2026-04-12T09:31:54.535+0000] {subprocess.py:106} INFO - 26/04/12 09:31:54 INFO ShutdownHookManager: Shutdown hook called
[2026-04-12T09:31:54.540+0000] {subprocess.py:106} INFO - 26/04/12 09:31:54 INFO ShutdownHookManager: Deleting directory /tmp/artifacts-12c98f60-1903-4280-8878-469679c4ea20
[2026-04-12T09:31:54.542+0000] {subprocess.py:106} INFO - 26/04/12 09:31:54 INFO ShutdownHookManager: Deleting directory /tmp/spark-c33dfb8b-de6a-4a63-9c9d-d14847cd8a03
[2026-04-12T09:31:54.549+0000] {subprocess.py:106} INFO - 26/04/12 09:31:54 INFO ShutdownHookManager: Deleting directory /tmp/spark-383f7a26-07b9-48dd-a748-bd537e71cf57
[2026-04-12T09:31:54.556+0000] {subprocess.py:106} INFO - 26/04/12 09:31:54 INFO ShutdownHookManager: Deleting directory /tmp/spark-c33dfb8b-de6a-4a63-9c9d-d14847cd8a03/pyspark-7b2c0d80-1a10-44b2-9c09-3e4124abbdb1
[2026-04-12T09:31:54.732+0000] {subprocess.py:110} INFO - Command exited with return code 1
[2026-04-12T09:31:54.761+0000] {taskinstance.py:3311} ERROR - Task failed with exception
Traceback (most recent call last):
  File "/home/airflow/airflow/venv/lib/python3.12/site-packages/airflow/models/taskinstance.py", line 767, in _execute_task
    result = _execute_callable(context=context, **execute_callable_kwargs)
             ^^^^^^^^^^^^^^^^^^^^^^^^^^^^^^^^^^^^^^^^^^^^^^^^^^^^^^^^^^^^^
  File "/home/airflow/airflow/venv/lib/python3.12/site-packages/airflow/models/taskinstance.py", line 733, in _execute_callable
    return ExecutionCallableRunner(
           ^^^^^^^^^^^^^^^^^^^^^^^^
  File "/home/airflow/airflow/venv/lib/python3.12/site-packages/airflow/utils/operator_helpers.py", line 252, in run
    return self.func(*args, **kwargs)
           ^^^^^^^^^^^^^^^^^^^^^^^^^^
  File "/home/airflow/airflow/venv/lib/python3.12/site-packages/airflow/models/baseoperator.py", line 422, in wrapper
    return func(self, *args, **kwargs)
           ^^^^^^^^^^^^^^^^^^^^^^^^^^^
  File "/home/airflow/airflow/venv/lib/python3.12/site-packages/airflow/operators/bash.py", line 276, in execute
    raise AirflowException(
airflow.exceptions.AirflowException: Bash command failed. The command returned a non-zero exit code 1.
[2026-04-12T09:31:54.782+0000] {taskinstance.py:1225} INFO - Marking task as UP_FOR_RETRY. dag_id=kaggle_daily_batch_pipeline, task_id=spark_etl_bronze_to_silver, run_id=manual__2026-04-12T09:30:51.035713+00:00, execution_date=20260412T093051, start_date=20260412T093116, end_date=20260412T093154
[2026-04-12T09:31:54.825+0000] {taskinstance.py:340} INFO - ::group::Post task execution logs
[2026-04-12T09:31:54.826+0000] {standard_task_runner.py:124} ERROR - Failed to execute job 408 for task spark_etl_bronze_to_silver (Bash command failed. The command returned a non-zero exit code 1.; 53366)
Traceback (most recent call last):
  File "/home/airflow/airflow/venv/lib/python3.12/site-packages/airflow/task/task_runner/standard_task_runner.py", line 117, in _start_by_fork
    ret = args.func(args, dag=self.dag)
          ^^^^^^^^^^^^^^^^^^^^^^^^^^^^^
  File "/home/airflow/airflow/venv/lib/python3.12/site-packages/airflow/cli/cli_config.py", line 49, in command
    return func(*args, **kwargs)
           ^^^^^^^^^^^^^^^^^^^^^
  File "/home/airflow/airflow/venv/lib/python3.12/site-packages/airflow/utils/cli.py", line 116, in wrapper
    return f(*args, **kwargs)
           ^^^^^^^^^^^^^^^^^^
  File "/home/airflow/airflow/venv/lib/python3.12/site-packages/airflow/cli/commands/task_command.py", line 483, in task_run
    task_return_code = _run_task_by_selected_method(args, _dag, ti)
                       ^^^^^^^^^^^^^^^^^^^^^^^^^^^^^^^^^^^^^^^^^^^^
  File "/home/airflow/airflow/venv/lib/python3.12/site-packages/airflow/cli/commands/task_command.py", line 256, in _run_task_by_selected_method
    return _run_raw_task(args, ti)
           ^^^^^^^^^^^^^^^^^^^^^^^
  File "/home/airflow/airflow/venv/lib/python3.12/site-packages/airflow/cli/commands/task_command.py", line 341, in _run_raw_task
    return ti._run_raw_task(
           ^^^^^^^^^^^^^^^^^
  File "/home/airflow/airflow/venv/lib/python3.12/site-packages/airflow/utils/session.py", line 97, in wrapper
    return func(*args, session=session, **kwargs)
           ^^^^^^^^^^^^^^^^^^^^^^^^^^^^^^^^^^^^^^
  File "/home/airflow/airflow/venv/lib/python3.12/site-packages/airflow/models/taskinstance.py", line 3005, in _run_raw_task
    return _run_raw_task(
           ^^^^^^^^^^^^^^
  File "/home/airflow/airflow/venv/lib/python3.12/site-packages/airflow/models/taskinstance.py", line 273, in _run_raw_task
    TaskInstance._execute_task_with_callbacks(
  File "/home/airflow/airflow/venv/lib/python3.12/site-packages/airflow/models/taskinstance.py", line 3159, in _execute_task_with_callbacks
    result = self._execute_task(context, task_orig)
             ^^^^^^^^^^^^^^^^^^^^^^^^^^^^^^^^^^^^^^
  File "/home/airflow/airflow/venv/lib/python3.12/site-packages/airflow/models/taskinstance.py", line 3183, in _execute_task
    return _execute_task(self, context, task_orig)
           ^^^^^^^^^^^^^^^^^^^^^^^^^^^^^^^^^^^^^^^
  File "/home/airflow/airflow/venv/lib/python3.12/site-packages/airflow/models/taskinstance.py", line 767, in _execute_task
    result = _execute_callable(context=context, **execute_callable_kwargs)
             ^^^^^^^^^^^^^^^^^^^^^^^^^^^^^^^^^^^^^^^^^^^^^^^^^^^^^^^^^^^^^
  File "/home/airflow/airflow/venv/lib/python3.12/site-packages/airflow/models/taskinstance.py", line 733, in _execute_callable
    return ExecutionCallableRunner(
           ^^^^^^^^^^^^^^^^^^^^^^^^
  File "/home/airflow/airflow/venv/lib/python3.12/site-packages/airflow/utils/operator_helpers.py", line 252, in run
    return self.func(*args, **kwargs)
           ^^^^^^^^^^^^^^^^^^^^^^^^^^
  File "/home/airflow/airflow/venv/lib/python3.12/site-packages/airflow/models/baseoperator.py", line 422, in wrapper
    return func(self, *args, **kwargs)
           ^^^^^^^^^^^^^^^^^^^^^^^^^^^
  File "/home/airflow/airflow/venv/lib/python3.12/site-packages/airflow/operators/bash.py", line 276, in execute
    raise AirflowException(
airflow.exceptions.AirflowException: Bash command failed. The command returned a non-zero exit code 1.
[2026-04-12T09:31:54.843+0000] {local_task_job_runner.py:266} INFO - Task exited with return code 1
[2026-04-12T09:31:54.882+0000] {taskinstance.py:3895} INFO - 0 downstream tasks scheduled from follow-on schedule check
[2026-04-12T09:31:54.891+0000] {local_task_job_runner.py:245} INFO - ::endgroup::
