[2026-04-13T16:43:26.521+0000] {local_task_job_runner.py:123} INFO - ::group::Pre task execution logs
[2026-04-13T16:43:26.561+0000] {taskinstance.py:2613} INFO - Dependencies all met for dep_context=non-requeueable deps ti=<TaskInstance: predict_aqi.wait_for_silver_data manual__2026-04-13T16:43:24.437040+00:00 [queued]>
[2026-04-13T16:43:26.575+0000] {taskinstance.py:2613} INFO - Dependencies all met for dep_context=requeueable deps ti=<TaskInstance: predict_aqi.wait_for_silver_data manual__2026-04-13T16:43:24.437040+00:00 [queued]>
[2026-04-13T16:43:26.576+0000] {taskinstance.py:2866} INFO - Starting attempt 1 of 3
[2026-04-13T16:43:26.604+0000] {taskinstance.py:2889} INFO - Executing <Task(BashSensor): wait_for_silver_data> on 2026-04-13 16:43:24.437040+00:00
[2026-04-13T16:43:26.612+0000] {standard_task_runner.py:104} INFO - Running: ['airflow', 'tasks', 'run', 'predict_aqi', 'wait_for_silver_data', 'manual__2026-04-13T16:43:24.437040+00:00', '--job-id', '180', '--raw', '--subdir', 'DAGS_FOLDER/dag_ml.py', '--cfg-path', '/tmp/tmp5d2_wlc_']
[2026-04-13T16:43:26.615+0000] {standard_task_runner.py:105} INFO - Job 180: Subtask wait_for_silver_data
[2026-04-13T16:43:26.617+0000] {logging_mixin.py:190} WARNING - /home/airflow/airflow/venv/lib/python3.12/site-packages/airflow/task/task_runner/standard_task_runner.py:70 DeprecationWarning: This process (pid=10346) is multi-threaded, use of fork() may lead to deadlocks in the child.
[2026-04-13T16:43:26.618+0000] {standard_task_runner.py:72} INFO - Started process 10487 to run task
[2026-04-13T16:43:26.673+0000] {task_command.py:467} INFO - Running <TaskInstance: predict_aqi.wait_for_silver_data manual__2026-04-13T16:43:24.437040+00:00 [running]> on host airflow
[2026-04-13T16:43:26.837+0000] {taskinstance.py:3132} INFO - Exporting env vars: AIRFLOW_CTX_DAG_OWNER='airflow' AIRFLOW_CTX_DAG_ID='predict_aqi' AIRFLOW_CTX_TASK_ID='wait_for_silver_data' AIRFLOW_CTX_EXECUTION_DATE='2026-04-13T16:43:24.437040+00:00' AIRFLOW_CTX_TRY_NUMBER='1' AIRFLOW_CTX_DAG_RUN_ID='manual__2026-04-13T16:43:24.437040+00:00'
[2026-04-13T16:43:26.841+0000] {taskinstance.py:731} INFO - ::endgroup::
[2026-04-13T16:43:26.916+0000] {bash.py:72} INFO - Tmp dir root location: /tmp
[2026-04-13T16:43:26.923+0000] {bash.py:80} INFO - Temporary script location: /tmp/airflowtmplh0wzw34//tmp/airflowtmplh0wzw34/wait_for_silver_data4i40nzd6
[2026-04-13T16:43:26.924+0000] {bash.py:81} INFO - Running command: 
        count=$(docker exec trino trino --execute "
            SELECT COUNT(*) FROM iceberg.air_quality_db.air_quality_silver;
        " | tail -n 1 | tr -d '"[:space:]')

        echo "Record count: $count"

        if [ "$count" -gt 0 ]; then
            exit 0
        else
            exit 1
        fi
        
[2026-04-13T16:43:26.939+0000] {bash.py:93} INFO - Output:
[2026-04-13T16:43:27.007+0000] {bash.py:95} INFO - Error response from daemon: container b8c71a9d5d3fb7b2409c7d3bb671add12f903de791377168facff31dc9f989f6 is not running
[2026-04-13T16:43:27.011+0000] {bash.py:95} INFO - Record count:
[2026-04-13T16:43:27.012+0000] {bash.py:95} INFO - /tmp/airflowtmplh0wzw34/wait_for_silver_data4i40nzd6: line 8: [: : integer expression expected
[2026-04-13T16:43:27.013+0000] {bash.py:97} INFO - Command exited with return code 1
[2026-04-13T16:43:27.014+0000] {bash.py:113} INFO - Non-zero return code and no retry code set, will retry later
[2026-04-13T16:43:57.014+0000] {bash.py:72} INFO - Tmp dir root location: /tmp
[2026-04-13T16:43:57.015+0000] {bash.py:80} INFO - Temporary script location: /tmp/airflowtmpn4qvpsoj//tmp/airflowtmpn4qvpsoj/wait_for_silver_datavf2aouwv
[2026-04-13T16:43:57.016+0000] {bash.py:81} INFO - Running command: 
        count=$(docker exec trino trino --execute "
            SELECT COUNT(*) FROM iceberg.air_quality_db.air_quality_silver;
        " | tail -n 1 | tr -d '"[:space:]')

        echo "Record count: $count"

        if [ "$count" -gt 0 ]; then
            exit 0
        else
            exit 1
        fi
        
[2026-04-13T16:43:57.028+0000] {bash.py:93} INFO - Output:
[2026-04-13T16:43:57.071+0000] {bash.py:95} INFO - Error response from daemon: container b8c71a9d5d3fb7b2409c7d3bb671add12f903de791377168facff31dc9f989f6 is not running
[2026-04-13T16:43:57.074+0000] {bash.py:95} INFO - Record count:
[2026-04-13T16:43:57.074+0000] {bash.py:95} INFO - /tmp/airflowtmpn4qvpsoj/wait_for_silver_datavf2aouwv: line 8: [: : integer expression expected
[2026-04-13T16:43:57.075+0000] {bash.py:97} INFO - Command exited with return code 1
[2026-04-13T16:43:57.075+0000] {bash.py:113} INFO - Non-zero return code and no retry code set, will retry later
[2026-04-13T16:44:27.073+0000] {bash.py:72} INFO - Tmp dir root location: /tmp
[2026-04-13T16:44:27.078+0000] {bash.py:80} INFO - Temporary script location: /tmp/airflowtmprpo2xm0j//tmp/airflowtmprpo2xm0j/wait_for_silver_datamkagog5x
[2026-04-13T16:44:27.080+0000] {bash.py:81} INFO - Running command: 
        count=$(docker exec trino trino --execute "
            SELECT COUNT(*) FROM iceberg.air_quality_db.air_quality_silver;
        " | tail -n 1 | tr -d '"[:space:]')

        echo "Record count: $count"

        if [ "$count" -gt 0 ]; then
            exit 0
        else
            exit 1
        fi
        
[2026-04-13T16:44:27.090+0000] {bash.py:93} INFO - Output:
[2026-04-13T16:44:30.795+0000] {bash.py:95} INFO - Query 20260413_164430_00000_7pi4e failed: Trino server is still initializing
[2026-04-13T16:44:30.798+0000] {bash.py:95} INFO - 
[2026-04-13T16:44:30.844+0000] {bash.py:95} INFO - Record count:
[2026-04-13T16:44:30.845+0000] {bash.py:95} INFO - /tmp/airflowtmprpo2xm0j/wait_for_silver_datamkagog5x: line 8: [: : integer expression expected
[2026-04-13T16:44:30.846+0000] {bash.py:97} INFO - Command exited with return code 1
[2026-04-13T16:44:30.846+0000] {bash.py:113} INFO - Non-zero return code and no retry code set, will retry later
[2026-04-13T16:45:00.854+0000] {bash.py:72} INFO - Tmp dir root location: /tmp
[2026-04-13T16:45:00.900+0000] {bash.py:80} INFO - Temporary script location: /tmp/airflowtmp5fx5oyk2//tmp/airflowtmp5fx5oyk2/wait_for_silver_datauamh3f96
[2026-04-13T16:45:00.902+0000] {bash.py:81} INFO - Running command: 
        count=$(docker exec trino trino --execute "
            SELECT COUNT(*) FROM iceberg.air_quality_db.air_quality_silver;
        " | tail -n 1 | tr -d '"[:space:]')

        echo "Record count: $count"

        if [ "$count" -gt 0 ]; then
            exit 0
        else
            exit 1
        fi
        
[2026-04-13T16:45:00.946+0000] {bash.py:93} INFO - Output:
[2026-04-13T16:45:03.990+0000] {bash.py:95} INFO - Record count: 100
[2026-04-13T16:45:03.991+0000] {bash.py:97} INFO - Command exited with return code 0
[2026-04-13T16:45:03.997+0000] {base.py:336} INFO - Success criteria met. Exiting.
[2026-04-13T16:45:04.293+0000] {taskinstance.py:340} INFO - ::group::Post task execution logs
[2026-04-13T16:45:04.300+0000] {taskinstance.py:352} INFO - Marking task as SUCCESS. dag_id=predict_aqi, task_id=wait_for_silver_data, run_id=manual__2026-04-13T16:43:24.437040+00:00, execution_date=20260413T164324, start_date=20260413T164326, end_date=20260413T164504
[2026-04-13T16:45:04.435+0000] {local_task_job_runner.py:266} INFO - Task exited with return code 0
[2026-04-13T16:45:04.721+0000] {taskinstance.py:3895} INFO - 1 downstream tasks scheduled from follow-on schedule check
[2026-04-13T16:45:04.726+0000] {local_task_job_runner.py:245} INFO - ::endgroup::
