[2026-04-13T12:45:02.772+0000] {local_task_job_runner.py:123} INFO - ::group::Pre task execution logs
[2026-04-13T12:45:02.798+0000] {taskinstance.py:2613} INFO - Dependencies all met for dep_context=non-requeueable deps ti=<TaskInstance: predict_aqi.silver_to_gold manual__2026-04-13T12:44:51.665240+00:00 [queued]>
[2026-04-13T12:45:02.811+0000] {taskinstance.py:2613} INFO - Dependencies all met for dep_context=requeueable deps ti=<TaskInstance: predict_aqi.silver_to_gold manual__2026-04-13T12:44:51.665240+00:00 [queued]>
[2026-04-13T12:45:02.812+0000] {taskinstance.py:2866} INFO - Starting attempt 1 of 3
[2026-04-13T12:45:02.831+0000] {taskinstance.py:2889} INFO - Executing <Task(BashOperator): silver_to_gold> on 2026-04-13 12:44:51.665240+00:00
[2026-04-13T12:45:02.839+0000] {standard_task_runner.py:104} INFO - Running: ['airflow', 'tasks', 'run', 'predict_aqi', 'silver_to_gold', 'manual__2026-04-13T12:44:51.665240+00:00', '--job-id', '126', '--raw', '--subdir', 'DAGS_FOLDER/dag_ml.py', '--cfg-path', '/tmp/tmppkpq9xgl']
[2026-04-13T12:45:02.841+0000] {standard_task_runner.py:105} INFO - Job 126: Subtask silver_to_gold
[2026-04-13T12:45:02.844+0000] {logging_mixin.py:190} WARNING - /home/airflow/airflow/venv/lib/python3.12/site-packages/airflow/task/task_runner/standard_task_runner.py:70 DeprecationWarning: This process (pid=2171) is multi-threaded, use of fork() may lead to deadlocks in the child.
[2026-04-13T12:45:02.845+0000] {standard_task_runner.py:72} INFO - Started process 2186 to run task
[2026-04-13T12:45:02.906+0000] {task_command.py:467} INFO - Running <TaskInstance: predict_aqi.silver_to_gold manual__2026-04-13T12:44:51.665240+00:00 [running]> on host airflow
[2026-04-13T12:45:02.999+0000] {taskinstance.py:3132} INFO - Exporting env vars: AIRFLOW_CTX_DAG_OWNER='airflow' AIRFLOW_CTX_DAG_ID='predict_aqi' AIRFLOW_CTX_TASK_ID='silver_to_gold' AIRFLOW_CTX_EXECUTION_DATE='2026-04-13T12:44:51.665240+00:00' AIRFLOW_CTX_TRY_NUMBER='1' AIRFLOW_CTX_DAG_RUN_ID='manual__2026-04-13T12:44:51.665240+00:00'
[2026-04-13T12:45:03.000+0000] {taskinstance.py:731} INFO - ::endgroup::
[2026-04-13T12:45:03.017+0000] {subprocess.py:78} INFO - Tmp dir root location: /tmp
[2026-04-13T12:45:03.020+0000] {subprocess.py:88} INFO - Running command: ['/usr/bin/bash', '-c', '\n            docker exec spark-master spark-submit                 --packages org.apache.iceberg:iceberg-spark-runtime-4.0_2.13:1.10.1                 /home/spark/spark/spark_jobs/silver_to_gold.py 2026-04-13\n        ']
[2026-04-13T12:45:03.028+0000] {subprocess.py:99} INFO - Output:
[2026-04-13T12:45:04.451+0000] {subprocess.py:106} INFO - WARNING: Using incubator modules: jdk.incubator.vector
[2026-04-13T12:45:08.215+0000] {subprocess.py:106} INFO - :: loading settings :: url = jar:file:/home/spark/spark/jars/ivy-2.5.3.jar!/org/apache/ivy/core/settings/ivysettings.xml
[2026-04-13T12:45:08.457+0000] {subprocess.py:106} INFO - Ivy Default Cache set to: /home/spark/.ivy2.5.2/cache
[2026-04-13T12:45:08.460+0000] {subprocess.py:106} INFO - The jars for the packages stored in: /home/spark/.ivy2.5.2/jars
[2026-04-13T12:45:08.478+0000] {subprocess.py:106} INFO - org.apache.iceberg#iceberg-spark-runtime-4.0_2.13 added as a dependency
[2026-04-13T12:45:08.480+0000] {subprocess.py:106} INFO - :: resolving dependencies :: org.apache.spark#spark-submit-parent-0909c97b-52e5-4607-ba82-260256b63b31;1.0
[2026-04-13T12:45:08.481+0000] {subprocess.py:106} INFO - 	confs: [default]
[2026-04-13T12:45:08.827+0000] {subprocess.py:106} INFO - 	found org.apache.iceberg#iceberg-spark-runtime-4.0_2.13;1.10.1 in central
[2026-04-13T12:45:08.854+0000] {subprocess.py:106} INFO - :: resolution report :: resolve 367ms :: artifacts dl 6ms
[2026-04-13T12:45:08.855+0000] {subprocess.py:106} INFO - 	:: modules in use:
[2026-04-13T12:45:08.857+0000] {subprocess.py:106} INFO - 	org.apache.iceberg#iceberg-spark-runtime-4.0_2.13;1.10.1 from central in [default]
[2026-04-13T12:45:08.858+0000] {subprocess.py:106} INFO - 	---------------------------------------------------------------------
[2026-04-13T12:45:08.859+0000] {subprocess.py:106} INFO - 	|                  |            modules            ||   artifacts   |
[2026-04-13T12:45:08.860+0000] {subprocess.py:106} INFO - 	|       conf       | number| search|dwnlded|evicted|| number|dwnlded|
[2026-04-13T12:45:08.860+0000] {subprocess.py:106} INFO - 	---------------------------------------------------------------------
[2026-04-13T12:45:08.861+0000] {subprocess.py:106} INFO - 	|      default     |   1   |   0   |   0   |   0   ||   1   |   0   |
[2026-04-13T12:45:08.862+0000] {subprocess.py:106} INFO - 	---------------------------------------------------------------------
[2026-04-13T12:45:08.865+0000] {subprocess.py:106} INFO - :: retrieving :: org.apache.spark#spark-submit-parent-0909c97b-52e5-4607-ba82-260256b63b31
[2026-04-13T12:45:08.866+0000] {subprocess.py:106} INFO - 	confs: [default]
[2026-04-13T12:45:08.879+0000] {subprocess.py:106} INFO - 	0 artifacts copied, 1 already retrieved (0kB/13ms)
[2026-04-13T12:45:09.511+0000] {subprocess.py:106} INFO - 26/04/13 12:45:09 WARN NativeCodeLoader: Unable to load native-hadoop library for your platform... using builtin-java classes where applicable
[2026-04-13T12:45:11.714+0000] {subprocess.py:106} INFO - Using Spark's default log4j profile: org/apache/spark/log4j2-defaults.properties
[2026-04-13T12:45:11.737+0000] {subprocess.py:106} INFO - 26/04/13 12:45:11 INFO SparkContext: Running Spark version 4.0.2
[2026-04-13T12:45:11.752+0000] {subprocess.py:106} INFO - 26/04/13 12:45:11 INFO SparkContext: OS info Linux, 6.6.87.2-microsoft-standard-WSL2, amd64
[2026-04-13T12:45:11.757+0000] {subprocess.py:106} INFO - 26/04/13 12:45:11 INFO SparkContext: Java version 21.0.10
[2026-04-13T12:45:11.855+0000] {subprocess.py:106} INFO - 26/04/13 12:45:11 INFO ResourceUtils: ==============================================================
[2026-04-13T12:45:11.859+0000] {subprocess.py:106} INFO - 26/04/13 12:45:11 INFO ResourceUtils: No custom resources configured for spark.driver.
[2026-04-13T12:45:11.859+0000] {subprocess.py:106} INFO - 26/04/13 12:45:11 INFO ResourceUtils: ==============================================================
[2026-04-13T12:45:11.867+0000] {subprocess.py:106} INFO - 26/04/13 12:45:11 INFO SparkContext: Submitted application: Silver_to_Gold
[2026-04-13T12:45:12.017+0000] {subprocess.py:106} INFO - 26/04/13 12:45:12 INFO ResourceProfile: Default ResourceProfile created, executor resources: Map(cores -> name: cores, amount: 2, script: , vendor: , memory -> name: memory, amount: 2048, script: , vendor: , offHeap -> name: offHeap, amount: 0, script: , vendor: ), task resources: Map(cpus -> name: cpus, amount: 1.0)
[2026-04-13T12:45:12.030+0000] {subprocess.py:106} INFO - 26/04/13 12:45:12 INFO ResourceProfile: Limiting resource is cpus at 2 tasks per executor
[2026-04-13T12:45:12.033+0000] {subprocess.py:106} INFO - 26/04/13 12:45:12 INFO ResourceProfileManager: Added ResourceProfile id: 0
[2026-04-13T12:45:12.254+0000] {subprocess.py:106} INFO - 26/04/13 12:45:12 INFO SecurityManager: Changing view acls to: spark
[2026-04-13T12:45:12.255+0000] {subprocess.py:106} INFO - 26/04/13 12:45:12 INFO SecurityManager: Changing modify acls to: spark
[2026-04-13T12:45:12.256+0000] {subprocess.py:106} INFO - 26/04/13 12:45:12 INFO SecurityManager: Changing view acls groups to: spark
[2026-04-13T12:45:12.257+0000] {subprocess.py:106} INFO - 26/04/13 12:45:12 INFO SecurityManager: Changing modify acls groups to: spark
[2026-04-13T12:45:12.266+0000] {subprocess.py:106} INFO - 26/04/13 12:45:12 INFO SecurityManager: SecurityManager: authentication disabled; ui acls disabled; users with view permissions: spark groups with view permissions: EMPTY; users with modify permissions: spark; groups with modify permissions: EMPTY; RPC SSL disabled
[2026-04-13T12:45:12.724+0000] {subprocess.py:106} INFO - 26/04/13 12:45:12 INFO Utils: Successfully started service 'sparkDriver' on port 41201.
[2026-04-13T12:45:12.778+0000] {subprocess.py:106} INFO - 26/04/13 12:45:12 INFO SparkEnv: Registering MapOutputTracker
[2026-04-13T12:45:12.800+0000] {subprocess.py:106} INFO - 26/04/13 12:45:12 INFO SparkEnv: Registering BlockManagerMaster
[2026-04-13T12:45:12.828+0000] {subprocess.py:106} INFO - 26/04/13 12:45:12 INFO BlockManagerMasterEndpoint: Using org.apache.spark.storage.DefaultTopologyMapper for getting topology information
[2026-04-13T12:45:12.829+0000] {subprocess.py:106} INFO - 26/04/13 12:45:12 INFO BlockManagerMasterEndpoint: BlockManagerMasterEndpoint up
[2026-04-13T12:45:12.834+0000] {subprocess.py:106} INFO - 26/04/13 12:45:12 INFO SparkEnv: Registering BlockManagerMasterHeartbeat
[2026-04-13T12:45:12.883+0000] {subprocess.py:106} INFO - 26/04/13 12:45:12 INFO DiskBlockManager: Created local directory at /tmp/blockmgr-60985cba-f996-47ee-9fa9-d8025d10a72c
[2026-04-13T12:45:12.918+0000] {subprocess.py:106} INFO - 26/04/13 12:45:12 INFO SparkEnv: Registering OutputCommitCoordinator
[2026-04-13T12:45:13.149+0000] {subprocess.py:106} INFO - 26/04/13 12:45:13 INFO JettyUtils: Start Jetty 0.0.0.0:4040 for SparkUI
[2026-04-13T12:45:13.278+0000] {subprocess.py:106} INFO - 26/04/13 12:45:13 INFO Utils: Successfully started service 'SparkUI' on port 4040.
[2026-04-13T12:45:13.346+0000] {subprocess.py:106} INFO - 26/04/13 12:45:13 INFO SparkContext: Added JAR file:///home/spark/.ivy2.5.2/jars/org.apache.iceberg_iceberg-spark-runtime-4.0_2.13-1.10.1.jar at spark://spark-master:41201/jars/org.apache.iceberg_iceberg-spark-runtime-4.0_2.13-1.10.1.jar with timestamp 1776084311695
[2026-04-13T12:45:13.350+0000] {subprocess.py:106} INFO - 26/04/13 12:45:13 INFO SparkContext: Added file file:///home/spark/.ivy2.5.2/jars/org.apache.iceberg_iceberg-spark-runtime-4.0_2.13-1.10.1.jar at file:///home/spark/.ivy2.5.2/jars/org.apache.iceberg_iceberg-spark-runtime-4.0_2.13-1.10.1.jar with timestamp 1776084311695
[2026-04-13T12:45:13.355+0000] {subprocess.py:106} INFO - 26/04/13 12:45:13 INFO Utils: Copying /home/spark/.ivy2.5.2/jars/org.apache.iceberg_iceberg-spark-runtime-4.0_2.13-1.10.1.jar to /tmp/spark-a3bd7e48-6c1c-4fac-babf-cb1f69f344e7/userFiles-4586b0e2-c6e1-4323-b99f-d82aed08ac36/org.apache.iceberg_iceberg-spark-runtime-4.0_2.13-1.10.1.jar
[2026-04-13T12:45:15.022+0000] {subprocess.py:106} INFO - 26/04/13 12:45:15 INFO SecurityManager: Changing view acls to: spark
[2026-04-13T12:45:15.023+0000] {subprocess.py:106} INFO - 26/04/13 12:45:15 INFO SecurityManager: Changing modify acls to: spark
[2026-04-13T12:45:15.024+0000] {subprocess.py:106} INFO - 26/04/13 12:45:15 INFO SecurityManager: Changing view acls groups to: spark
[2026-04-13T12:45:15.024+0000] {subprocess.py:106} INFO - 26/04/13 12:45:15 INFO SecurityManager: Changing modify acls groups to: spark
[2026-04-13T12:45:15.025+0000] {subprocess.py:106} INFO - 26/04/13 12:45:15 INFO SecurityManager: SecurityManager: authentication disabled; ui acls disabled; users with view permissions: spark groups with view permissions: EMPTY; users with modify permissions: spark; groups with modify permissions: EMPTY; RPC SSL disabled
[2026-04-13T12:45:15.424+0000] {subprocess.py:106} INFO - 26/04/13 12:45:15 INFO Executor: Starting executor ID driver on host spark-master
[2026-04-13T12:45:15.425+0000] {subprocess.py:106} INFO - 26/04/13 12:45:15 INFO Executor: OS info Linux, 6.6.87.2-microsoft-standard-WSL2, amd64
[2026-04-13T12:45:15.425+0000] {subprocess.py:106} INFO - 26/04/13 12:45:15 INFO Executor: Java version 21.0.10
[2026-04-13T12:45:15.454+0000] {subprocess.py:106} INFO - 26/04/13 12:45:15 INFO Executor: Starting executor with user classpath (userClassPathFirst = false): ''
[2026-04-13T12:45:15.457+0000] {subprocess.py:106} INFO - 26/04/13 12:45:15 INFO Executor: Created or updated repl class loader org.apache.spark.util.MutableURLClassLoader@4770bab7 for default.
[2026-04-13T12:45:15.478+0000] {subprocess.py:106} INFO - 26/04/13 12:45:15 INFO Executor: Fetching file:///home/spark/.ivy2.5.2/jars/org.apache.iceberg_iceberg-spark-runtime-4.0_2.13-1.10.1.jar with timestamp 1776084311695
[2026-04-13T12:45:15.549+0000] {subprocess.py:106} INFO - 26/04/13 12:45:15 INFO Utils: /home/spark/.ivy2.5.2/jars/org.apache.iceberg_iceberg-spark-runtime-4.0_2.13-1.10.1.jar has been previously copied to /tmp/spark-a3bd7e48-6c1c-4fac-babf-cb1f69f344e7/userFiles-4586b0e2-c6e1-4323-b99f-d82aed08ac36/org.apache.iceberg_iceberg-spark-runtime-4.0_2.13-1.10.1.jar
[2026-04-13T12:45:15.571+0000] {subprocess.py:106} INFO - 26/04/13 12:45:15 INFO Executor: Fetching spark://spark-master:41201/jars/org.apache.iceberg_iceberg-spark-runtime-4.0_2.13-1.10.1.jar with timestamp 1776084311695
[2026-04-13T12:45:15.650+0000] {subprocess.py:106} INFO - 26/04/13 12:45:15 INFO TransportClientFactory: Successfully created connection to spark-master/172.20.0.5:41201 after 51 ms (0 ms spent in bootstraps)
[2026-04-13T12:45:15.662+0000] {subprocess.py:106} INFO - 26/04/13 12:45:15 INFO Utils: Fetching spark://spark-master:41201/jars/org.apache.iceberg_iceberg-spark-runtime-4.0_2.13-1.10.1.jar to /tmp/spark-a3bd7e48-6c1c-4fac-babf-cb1f69f344e7/userFiles-4586b0e2-c6e1-4323-b99f-d82aed08ac36/fetchFileTemp8438789258868467851.tmp
[2026-04-13T12:45:16.222+0000] {subprocess.py:106} INFO - 26/04/13 12:45:16 INFO Utils: /tmp/spark-a3bd7e48-6c1c-4fac-babf-cb1f69f344e7/userFiles-4586b0e2-c6e1-4323-b99f-d82aed08ac36/fetchFileTemp8438789258868467851.tmp has been previously copied to /tmp/spark-a3bd7e48-6c1c-4fac-babf-cb1f69f344e7/userFiles-4586b0e2-c6e1-4323-b99f-d82aed08ac36/org.apache.iceberg_iceberg-spark-runtime-4.0_2.13-1.10.1.jar
[2026-04-13T12:45:16.251+0000] {subprocess.py:106} INFO - 26/04/13 12:45:16 INFO Executor: Adding file:/tmp/spark-a3bd7e48-6c1c-4fac-babf-cb1f69f344e7/userFiles-4586b0e2-c6e1-4323-b99f-d82aed08ac36/org.apache.iceberg_iceberg-spark-runtime-4.0_2.13-1.10.1.jar to class loader default
[2026-04-13T12:45:16.284+0000] {subprocess.py:106} INFO - 26/04/13 12:45:16 INFO Utils: Successfully started service 'org.apache.spark.network.netty.NettyBlockTransferService' on port 33449.
[2026-04-13T12:45:16.285+0000] {subprocess.py:106} INFO - 26/04/13 12:45:16 INFO NettyBlockTransferService: Server created on spark-master:33449
[2026-04-13T12:45:16.290+0000] {subprocess.py:106} INFO - 26/04/13 12:45:16 INFO BlockManager: Using org.apache.spark.storage.RandomBlockReplicationPolicy for block replication policy
[2026-04-13T12:45:16.323+0000] {subprocess.py:106} INFO - 26/04/13 12:45:16 INFO BlockManagerMaster: Registering BlockManager BlockManagerId(driver, spark-master, 33449, None)
[2026-04-13T12:45:16.334+0000] {subprocess.py:106} INFO - 26/04/13 12:45:16 INFO BlockManagerMasterEndpoint: Registering block manager spark-master:33449 with 1048.8 MiB RAM, BlockManagerId(driver, spark-master, 33449, None)
[2026-04-13T12:45:16.339+0000] {subprocess.py:106} INFO - 26/04/13 12:45:16 INFO BlockManagerMaster: Registered BlockManager BlockManagerId(driver, spark-master, 33449, None)
[2026-04-13T12:45:16.341+0000] {subprocess.py:106} INFO - 26/04/13 12:45:16 INFO BlockManager: Initialized BlockManager: BlockManagerId(driver, spark-master, 33449, None)
[2026-04-13T12:45:21.595+0000] {subprocess.py:106} INFO - Đọc dữ liệu Silver từ iceberg.air_quality_db.air_quality_silver
[2026-04-13T12:45:21.616+0000] {subprocess.py:106} INFO - 26/04/13 12:45:21 INFO SharedState: spark.sql.warehouse.dir is not set, but hive.metastore.warehouse.dir is set. Setting spark.sql.warehouse.dir to the value of hive.metastore.warehouse.dir.
[2026-04-13T12:45:22.252+0000] {subprocess.py:106} INFO - 26/04/13 12:45:22 INFO SharedState: Warehouse path is 'hdfs://23133083thuyvan-master:9000/user/hive/lakehouse'.
[2026-04-13T12:45:24.544+0000] {subprocess.py:106} INFO - 26/04/13 12:45:24 INFO CatalogUtil: Loading custom FileIO implementation: org.apache.iceberg.hadoop.HadoopFileIO
[2026-04-13T12:45:24.669+0000] {subprocess.py:106} INFO - 26/04/13 12:45:24 INFO HiveConf: Found configuration file file:/home/spark/spark/conf/hive-site.xml
[2026-04-13T12:45:24.979+0000] {subprocess.py:106} INFO - 26/04/13 12:45:24 INFO metastore: Trying to connect to metastore with URI thrift://23133083thuyvan-master:9083
[2026-04-13T12:45:25.017+0000] {subprocess.py:106} INFO - 26/04/13 12:45:25 INFO metastore: Opened a connection to metastore, current connections: 1
[2026-04-13T12:45:25.094+0000] {subprocess.py:106} INFO - 26/04/13 12:45:25 INFO metastore: Connected to metastore.
[2026-04-13T12:45:25.351+0000] {subprocess.py:106} INFO - 26/04/13 12:45:25 INFO BaseMetastoreTableOperations: Refreshing table metadata from new version: hdfs://23133083thuyvan-master:9000/user/hive/lakehouse/silver/air_quality_silver/metadata/00003-8e71d277-3336-4b24-8390-00b46931a63f.metadata.json
[2026-04-13T12:45:26.409+0000] {subprocess.py:106} INFO - 26/04/13 12:45:26 INFO BaseMetastoreCatalog: Table loaded by catalog: iceberg.air_quality_db.air_quality_silver
[2026-04-13T12:45:27.937+0000] {subprocess.py:106} INFO - 26/04/13 12:45:27 INFO BaseMetastoreTableOperations: Refreshing table metadata from new version: hdfs://23133083thuyvan-master:9000/user/hive/lakehouse/gold/ml/air_quality_gold/metadata/00001-22d88d09-d6a0-44a4-90de-a8096fc0d59f.metadata.json
[2026-04-13T12:45:27.955+0000] {subprocess.py:106} INFO - 26/04/13 12:45:27 INFO BaseMetastoreCatalog: Table loaded by catalog: iceberg.air_quality_ml.air_quality_gold
[2026-04-13T12:45:27.965+0000] {subprocess.py:106} INFO - Bảng đã tồn tại, append dữ liệu vào iceberg.air_quality_ml.air_quality_gold
[2026-04-13T12:45:28.124+0000] {subprocess.py:106} INFO - 26/04/13 12:45:28 INFO V2ScanRelationPushDown:
[2026-04-13T12:45:28.125+0000] {subprocess.py:106} INFO - Output: timestamp#94, location#95, latitude#96, longitude#97, country#98, condition_text#99, timezone#100, temperature_2m#101, relative_humidity_2m#102, apparent_temperature#103, precipitation#104, cloud_cover#105, wind_speed_10m#106, wind_direction_10m#107, wind_gusts_10m#108, uv_index#109, weather_code#110, european_aqi#111, us_aqi#112, us_aqi_index#113, aqi_label#114, pm10#115, pm2_5#116, carbon_monoxide#117, nitrogen_dioxide#118, sulphur_dioxide#119, ozone#120, processing_time#121, data_source#122
[2026-04-13T12:45:28.126+0000] {subprocess.py:106} INFO - 
[2026-04-13T12:45:28.150+0000] {subprocess.py:106} INFO - 26/04/13 12:45:28 INFO SnapshotScan: Scanning table iceberg.air_quality_db.air_quality_silver snapshot 4518274335865062319 created at 2026-04-13T11:48:03.562+00:00 with filter true
[2026-04-13T12:45:28.517+0000] {subprocess.py:106} INFO - 26/04/13 12:45:28 INFO BaseDistributedDataScan: Planning file tasks locally for table iceberg.air_quality_db.air_quality_silver
[2026-04-13T12:45:28.790+0000] {subprocess.py:106} INFO - 26/04/13 12:45:28 INFO SparkPartitioningAwareScan: Reporting UnknownPartitioning with 15 partition(s) for table iceberg.air_quality_db.air_quality_silver
[2026-04-13T12:45:28.913+0000] {subprocess.py:106} INFO - 26/04/13 12:45:28 INFO MemoryStore: MemoryStore started with capacity 1048.8 MiB
[2026-04-13T12:45:28.962+0000] {subprocess.py:106} INFO - 26/04/13 12:45:28 INFO MemoryStore: Block broadcast_0 stored as values in memory (estimated size 32.0 KiB, free 1048.8 MiB)
[2026-04-13T12:45:29.172+0000] {subprocess.py:106} INFO - 26/04/13 12:45:29 INFO MemoryStore: Block broadcast_0_piece0 stored as bytes in memory (estimated size 34.8 KiB, free 1048.7 MiB)
[2026-04-13T12:45:29.186+0000] {subprocess.py:106} INFO - 26/04/13 12:45:29 INFO SparkContext: Created broadcast 0 from broadcast at SparkBatch.java:87
[2026-04-13T12:45:29.287+0000] {subprocess.py:106} INFO - 26/04/13 12:45:29 INFO MemoryStore: Block broadcast_1 stored as values in memory (estimated size 32.0 KiB, free 1048.7 MiB)
[2026-04-13T12:45:29.296+0000] {subprocess.py:106} INFO - 26/04/13 12:45:29 INFO MemoryStore: Block broadcast_1_piece0 stored as bytes in memory (estimated size 34.9 KiB, free 1048.7 MiB)
[2026-04-13T12:45:29.298+0000] {subprocess.py:106} INFO - 26/04/13 12:45:29 INFO SparkContext: Created broadcast 1 from broadcast at SparkBatch.java:87
[2026-04-13T12:45:29.403+0000] {subprocess.py:106} INFO - 26/04/13 12:45:29 WARN SparkStringUtils: Truncated the string representation of a plan since it was too large. This behavior can be adjusted by setting 'spark.sql.debug.maxToStringFields'.
[2026-04-13T12:45:30.146+0000] {subprocess.py:106} INFO - 26/04/13 12:45:30 INFO CodeGenerator: Code generated in 474.095863 ms
[2026-04-13T12:45:30.293+0000] {subprocess.py:106} INFO - 26/04/13 12:45:30 INFO MemoryStore: Block broadcast_2 stored as values in memory (estimated size 32.0 KiB, free 1048.6 MiB)
[2026-04-13T12:45:30.311+0000] {subprocess.py:106} INFO - 26/04/13 12:45:30 INFO MemoryStore: Block broadcast_2_piece0 stored as bytes in memory (estimated size 34.8 KiB, free 1048.6 MiB)
[2026-04-13T12:45:30.314+0000] {subprocess.py:106} INFO - 26/04/13 12:45:30 INFO SparkContext: Created broadcast 2 from broadcast at SparkWrite.java:198
[2026-04-13T12:45:30.322+0000] {subprocess.py:106} INFO - 26/04/13 12:45:30 INFO AppendDataExec: Start processing data source write support: IcebergBatchWrite(table=iceberg.air_quality_ml.air_quality_gold, format=PARQUET). The input RDD has 15} partitions.
[2026-04-13T12:45:30.382+0000] {subprocess.py:106} INFO - 26/04/13 12:45:30 INFO SparkContext: Starting job: append at NativeMethodAccessorImpl.java:0
[2026-04-13T12:45:30.405+0000] {subprocess.py:106} INFO - 26/04/13 12:45:30 INFO DAGScheduler: Got job 0 (append at NativeMethodAccessorImpl.java:0) with 15 output partitions
[2026-04-13T12:45:30.409+0000] {subprocess.py:106} INFO - 26/04/13 12:45:30 INFO DAGScheduler: Final stage: ResultStage 0 (append at NativeMethodAccessorImpl.java:0)
[2026-04-13T12:45:30.410+0000] {subprocess.py:106} INFO - 26/04/13 12:45:30 INFO DAGScheduler: Parents of final stage: List()
[2026-04-13T12:45:30.414+0000] {subprocess.py:106} INFO - 26/04/13 12:45:30 INFO DAGScheduler: Missing parents: List()
[2026-04-13T12:45:30.421+0000] {subprocess.py:106} INFO - 26/04/13 12:45:30 INFO DAGScheduler: Submitting ResultStage 0 (MapPartitionsRDD[2] at append at NativeMethodAccessorImpl.java:0), which has no missing parents
[2026-04-13T12:45:30.511+0000] {subprocess.py:106} INFO - 26/04/13 12:45:30 INFO MemoryStore: Block broadcast_3 stored as values in memory (estimated size 33.8 KiB, free 1048.6 MiB)
[2026-04-13T12:45:30.517+0000] {subprocess.py:106} INFO - 26/04/13 12:45:30 INFO MemoryStore: Block broadcast_3_piece0 stored as bytes in memory (estimated size 10.3 KiB, free 1048.6 MiB)
[2026-04-13T12:45:30.519+0000] {subprocess.py:106} INFO - 26/04/13 12:45:30 INFO SparkContext: Created broadcast 3 from broadcast at DAGScheduler.scala:1676
[2026-04-13T12:45:30.550+0000] {subprocess.py:106} INFO - 26/04/13 12:45:30 INFO DAGScheduler: Submitting 15 missing tasks from ResultStage 0 (MapPartitionsRDD[2] at append at NativeMethodAccessorImpl.java:0) (first 15 tasks are for partitions Vector(0, 1, 2, 3, 4, 5, 6, 7, 8, 9, 10, 11, 12, 13, 14))
[2026-04-13T12:45:30.555+0000] {subprocess.py:106} INFO - 26/04/13 12:45:30 INFO TaskSchedulerImpl: Adding task set 0.0 with 15 tasks resource profile 0
[2026-04-13T12:45:30.624+0000] {subprocess.py:106} INFO - 26/04/13 12:45:30 INFO TaskSetManager: Starting task 0.0 in stage 0.0 (TID 0) (spark-master,executor driver, partition 0, ANY, 22261 bytes)
[2026-04-13T12:45:30.631+0000] {subprocess.py:106} INFO - 26/04/13 12:45:30 INFO TaskSetManager: Starting task 1.0 in stage 0.0 (TID 1) (spark-master,executor driver, partition 1, ANY, 21374 bytes)
[2026-04-13T12:45:30.633+0000] {subprocess.py:106} INFO - 26/04/13 12:45:30 INFO TaskSetManager: Starting task 2.0 in stage 0.0 (TID 2) (spark-master,executor driver, partition 2, ANY, 21825 bytes)
[2026-04-13T12:45:30.636+0000] {subprocess.py:106} INFO - 26/04/13 12:45:30 INFO TaskSetManager: Starting task 3.0 in stage 0.0 (TID 3) (spark-master,executor driver, partition 3, ANY, 21811 bytes)
[2026-04-13T12:45:30.639+0000] {subprocess.py:106} INFO - 26/04/13 12:45:30 INFO TaskSetManager: Starting task 4.0 in stage 0.0 (TID 4) (spark-master,executor driver, partition 4, ANY, 21819 bytes)
[2026-04-13T12:45:30.641+0000] {subprocess.py:106} INFO - 26/04/13 12:45:30 INFO TaskSetManager: Starting task 5.0 in stage 0.0 (TID 5) (spark-master,executor driver, partition 5, ANY, 21808 bytes)
[2026-04-13T12:45:30.643+0000] {subprocess.py:106} INFO - 26/04/13 12:45:30 INFO TaskSetManager: Starting task 6.0 in stage 0.0 (TID 6) (spark-master,executor driver, partition 6, ANY, 21356 bytes)
[2026-04-13T12:45:30.644+0000] {subprocess.py:106} INFO - 26/04/13 12:45:30 INFO TaskSetManager: Starting task 7.0 in stage 0.0 (TID 7) (spark-master,executor driver, partition 7, ANY, 22248 bytes)
[2026-04-13T12:45:30.646+0000] {subprocess.py:106} INFO - 26/04/13 12:45:30 INFO TaskSetManager: Starting task 8.0 in stage 0.0 (TID 8) (spark-master,executor driver, partition 8, ANY, 21356 bytes)
[2026-04-13T12:45:30.648+0000] {subprocess.py:106} INFO - 26/04/13 12:45:30 INFO TaskSetManager: Starting task 9.0 in stage 0.0 (TID 9) (spark-master,executor driver, partition 9, ANY, 21829 bytes)
[2026-04-13T12:45:30.650+0000] {subprocess.py:106} INFO - 26/04/13 12:45:30 INFO TaskSetManager: Starting task 10.0 in stage 0.0 (TID 10) (spark-master,executor driver, partition 10, ANY, 21825 bytes)
[2026-04-13T12:45:30.653+0000] {subprocess.py:106} INFO - 26/04/13 12:45:30 INFO TaskSetManager: Starting task 11.0 in stage 0.0 (TID 11) (spark-master,executor driver, partition 11, ANY, 21811 bytes)
[2026-04-13T12:45:30.654+0000] {subprocess.py:106} INFO - 26/04/13 12:45:30 INFO TaskSetManager: Starting task 12.0 in stage 0.0 (TID 12) (spark-master,executor driver, partition 12, ANY, 21367 bytes)
[2026-04-13T12:45:30.657+0000] {subprocess.py:106} INFO - 26/04/13 12:45:30 INFO TaskSetManager: Starting task 13.0 in stage 0.0 (TID 13) (spark-master,executor driver, partition 13, ANY, 21823 bytes)
[2026-04-13T12:45:30.658+0000] {subprocess.py:106} INFO - 26/04/13 12:45:30 INFO TaskSetManager: Starting task 14.0 in stage 0.0 (TID 14) (spark-master,executor driver, partition 14, ANY, 21796 bytes)
[2026-04-13T12:45:30.676+0000] {subprocess.py:106} INFO - 26/04/13 12:45:30 INFO Executor: Running task 2.0 in stage 0.0 (TID 2)
[2026-04-13T12:45:30.678+0000] {subprocess.py:106} INFO - 26/04/13 12:45:30 INFO Executor: Running task 6.0 in stage 0.0 (TID 6)
[2026-04-13T12:45:30.683+0000] {subprocess.py:106} INFO - 26/04/13 12:45:30 INFO Executor: Running task 1.0 in stage 0.0 (TID 1)
[2026-04-13T12:45:30.684+0000] {subprocess.py:106} INFO - 26/04/13 12:45:30 INFO Executor: Running task 9.0 in stage 0.0 (TID 9)
[2026-04-13T12:45:30.685+0000] {subprocess.py:106} INFO - 26/04/13 12:45:30 INFO Executor: Running task 5.0 in stage 0.0 (TID 5)
[2026-04-13T12:45:30.686+0000] {subprocess.py:106} INFO - 26/04/13 12:45:30 INFO Executor: Running task 4.0 in stage 0.0 (TID 4)
[2026-04-13T12:45:30.686+0000] {subprocess.py:106} INFO - 26/04/13 12:45:30 INFO Executor: Running task 3.0 in stage 0.0 (TID 3)
[2026-04-13T12:45:30.687+0000] {subprocess.py:106} INFO - 26/04/13 12:45:30 INFO Executor: Running task 7.0 in stage 0.0 (TID 7)
[2026-04-13T12:45:30.691+0000] {subprocess.py:106} INFO - 26/04/13 12:45:30 INFO Executor: Running task 0.0 in stage 0.0 (TID 0)
[2026-04-13T12:45:30.692+0000] {subprocess.py:106} INFO - 26/04/13 12:45:30 INFO Executor: Running task 8.0 in stage 0.0 (TID 8)
[2026-04-13T12:45:30.693+0000] {subprocess.py:106} INFO - 26/04/13 12:45:30 INFO Executor: Running task 11.0 in stage 0.0 (TID 11)
[2026-04-13T12:45:30.696+0000] {subprocess.py:106} INFO - 26/04/13 12:45:30 INFO Executor: Running task 12.0 in stage 0.0 (TID 12)
[2026-04-13T12:45:30.697+0000] {subprocess.py:106} INFO - 26/04/13 12:45:30 INFO Executor: Running task 10.0 in stage 0.0 (TID 10)
[2026-04-13T12:45:30.698+0000] {subprocess.py:106} INFO - 26/04/13 12:45:30 INFO Executor: Running task 13.0 in stage 0.0 (TID 13)
[2026-04-13T12:45:30.699+0000] {subprocess.py:106} INFO - 26/04/13 12:45:30 INFO Executor: Running task 14.0 in stage 0.0 (TID 14)
[2026-04-13T12:45:31.012+0000] {subprocess.py:106} INFO - 26/04/13 12:45:31 INFO CodeGenerator: Code generated in 67.820987 ms
[2026-04-13T12:45:31.170+0000] {subprocess.py:106} INFO - 26/04/13 12:45:31 INFO CodecPool: Got brand-new compressor [.zstd]
[2026-04-13T12:45:31.171+0000] {subprocess.py:106} INFO - 26/04/13 12:45:31 INFO CodecPool: Got brand-new compressor [.zstd]
[2026-04-13T12:45:31.171+0000] {subprocess.py:106} INFO - 26/04/13 12:45:31 INFO CodecPool: Got brand-new compressor [.zstd]
[2026-04-13T12:45:31.172+0000] {subprocess.py:106} INFO - 26/04/13 12:45:31 INFO CodecPool: Got brand-new compressor [.zstd]
[2026-04-13T12:45:31.173+0000] {subprocess.py:106} INFO - 26/04/13 12:45:31 INFO CodecPool: Got brand-new compressor [.zstd]
[2026-04-13T12:45:31.174+0000] {subprocess.py:106} INFO - 26/04/13 12:45:31 INFO CodecPool: Got brand-new compressor [.zstd]
[2026-04-13T12:45:31.175+0000] {subprocess.py:106} INFO - 26/04/13 12:45:31 INFO CodecPool: Got brand-new compressor [.zstd]
[2026-04-13T12:45:31.176+0000] {subprocess.py:106} INFO - 26/04/13 12:45:31 INFO CodecPool: Got brand-new compressor [.zstd]
[2026-04-13T12:45:31.177+0000] {subprocess.py:106} INFO - 26/04/13 12:45:31 INFO CodecPool: Got brand-new compressor [.zstd]
[2026-04-13T12:45:31.177+0000] {subprocess.py:106} INFO - 26/04/13 12:45:31 INFO CodecPool: Got brand-new compressor [.zstd]
[2026-04-13T12:45:31.178+0000] {subprocess.py:106} INFO - 26/04/13 12:45:31 INFO CodecPool: Got brand-new compressor [.zstd]
[2026-04-13T12:45:31.179+0000] {subprocess.py:106} INFO - 26/04/13 12:45:31 INFO CodecPool: Got brand-new compressor [.zstd]
[2026-04-13T12:45:31.180+0000] {subprocess.py:106} INFO - 26/04/13 12:45:31 INFO CodecPool: Got brand-new compressor [.zstd]
[2026-04-13T12:45:31.181+0000] {subprocess.py:106} INFO - 26/04/13 12:45:31 INFO CodecPool: Got brand-new compressor [.zstd]
[2026-04-13T12:45:31.182+0000] {subprocess.py:106} INFO - 26/04/13 12:45:31 INFO CodecPool: Got brand-new compressor [.zstd]
[2026-04-13T12:45:32.237+0000] {subprocess.py:106} INFO - 26/04/13 12:45:32 INFO VectorizedSparkParquetReaders: Enabling arrow.enable_unsafe_memory_access
[2026-04-13T12:45:32.238+0000] {subprocess.py:106} INFO - 26/04/13 12:45:32 INFO VectorizedSparkParquetReaders: Disabling arrow.enable_null_check_for_get
[2026-04-13T12:45:32.245+0000] {subprocess.py:106} INFO - 26/04/13 12:45:32 INFO BaseAllocator: Debug mode disabled. Enable with the VM option -Darrow.memory.debug.allocator=true.
[2026-04-13T12:45:32.250+0000] {subprocess.py:106} INFO - 26/04/13 12:45:32 INFO DefaultAllocationManagerOption: allocation manager type not specified, using netty as the default type
[2026-04-13T12:45:32.252+0000] {subprocess.py:106} INFO - 26/04/13 12:45:32 INFO CheckAllocator: Using DefaultAllocationManager at memory/DefaultAllocationManagerFactory.class
[2026-04-13T12:45:32.459+0000] {subprocess.py:106} INFO - 26/04/13 12:45:32 INFO CodecPool: Got brand-new decompressor [.zstd]
[2026-04-13T12:45:32.460+0000] {subprocess.py:106} INFO - 26/04/13 12:45:32 INFO CodecPool: Got brand-new decompressor [.zstd]
[2026-04-13T12:45:32.461+0000] {subprocess.py:106} INFO - 26/04/13 12:45:32 INFO CodecPool: Got brand-new decompressor [.zstd]
[2026-04-13T12:45:32.461+0000] {subprocess.py:106} INFO - 26/04/13 12:45:32 INFO CodecPool: Got brand-new decompressor [.zstd]
[2026-04-13T12:45:32.464+0000] {subprocess.py:106} INFO - 26/04/13 12:45:32 INFO CodecPool: Got brand-new decompressor [.zstd]
[2026-04-13T12:45:32.465+0000] {subprocess.py:106} INFO - 26/04/13 12:45:32 INFO CodecPool: Got brand-new decompressor [.zstd]
[2026-04-13T12:45:32.466+0000] {subprocess.py:106} INFO - 26/04/13 12:45:32 INFO CodecPool: Got brand-new decompressor [.zstd]
[2026-04-13T12:45:32.468+0000] {subprocess.py:106} INFO - 26/04/13 12:45:32 INFO CodecPool: Got brand-new decompressor [.zstd]
[2026-04-13T12:45:32.470+0000] {subprocess.py:106} INFO - 26/04/13 12:45:32 INFO CodecPool: Got brand-new decompressor [.zstd]
[2026-04-13T12:45:32.472+0000] {subprocess.py:106} INFO - 26/04/13 12:45:32 INFO CodecPool: Got brand-new decompressor [.zstd]
[2026-04-13T12:45:32.473+0000] {subprocess.py:106} INFO - 26/04/13 12:45:32 INFO CodecPool: Got brand-new decompressor [.zstd]
[2026-04-13T12:45:32.474+0000] {subprocess.py:106} INFO - 26/04/13 12:45:32 INFO CodecPool: Got brand-new decompressor [.zstd]
[2026-04-13T12:45:32.474+0000] {subprocess.py:106} INFO - 26/04/13 12:45:32 INFO CodecPool: Got brand-new decompressor [.zstd]
[2026-04-13T12:45:32.475+0000] {subprocess.py:106} INFO - 26/04/13 12:45:32 INFO CodecPool: Got brand-new decompressor [.zstd]
[2026-04-13T12:45:32.476+0000] {subprocess.py:106} INFO - 26/04/13 12:45:32 INFO CodecPool: Got brand-new decompressor [.zstd]
[2026-04-13T12:45:33.036+0000] {subprocess.py:106} INFO - 26/04/13 12:45:33 INFO CodecPool: Got brand-new decompressor [.zstd]
[2026-04-13T12:45:33.037+0000] {subprocess.py:106} INFO - 26/04/13 12:45:33 INFO CodecPool: Got brand-new decompressor [.zstd]
[2026-04-13T12:45:33.037+0000] {subprocess.py:106} INFO - 26/04/13 12:45:33 INFO CodecPool: Got brand-new decompressor [.zstd]
[2026-04-13T12:45:33.038+0000] {subprocess.py:106} INFO - 26/04/13 12:45:33 INFO CodecPool: Got brand-new decompressor [.zstd]
[2026-04-13T12:45:33.039+0000] {subprocess.py:106} INFO - 26/04/13 12:45:33 INFO CodecPool: Got brand-new decompressor [.zstd]
[2026-04-13T12:45:33.052+0000] {subprocess.py:106} INFO - 26/04/13 12:45:33 INFO CodecPool: Got brand-new decompressor [.zstd]
[2026-04-13T12:45:33.061+0000] {subprocess.py:106} INFO - 26/04/13 12:45:33 INFO CodecPool: Got brand-new decompressor [.zstd]
[2026-04-13T12:45:33.062+0000] {subprocess.py:106} INFO - 26/04/13 12:45:33 INFO CodecPool: Got brand-new decompressor [.zstd]
[2026-04-13T12:45:33.064+0000] {subprocess.py:106} INFO - 26/04/13 12:45:33 INFO CodecPool: Got brand-new decompressor [.zstd]
[2026-04-13T12:45:33.065+0000] {subprocess.py:106} INFO - 26/04/13 12:45:33 INFO CodecPool: Got brand-new decompressor [.zstd]
[2026-04-13T12:45:33.066+0000] {subprocess.py:106} INFO - 26/04/13 12:45:33 INFO CodecPool: Got brand-new decompressor [.zstd]
[2026-04-13T12:45:33.070+0000] {subprocess.py:106} INFO - 26/04/13 12:45:33 INFO CodecPool: Got brand-new decompressor [.zstd]
[2026-04-13T12:45:33.074+0000] {subprocess.py:106} INFO - 26/04/13 12:45:33 INFO CodecPool: Got brand-new decompressor [.zstd]
[2026-04-13T12:45:33.076+0000] {subprocess.py:106} INFO - 26/04/13 12:45:33 INFO CodecPool: Got brand-new decompressor [.zstd]
[2026-04-13T12:45:33.080+0000] {subprocess.py:106} INFO - 26/04/13 12:45:33 INFO CodecPool: Got brand-new decompressor [.zstd]
[2026-04-13T12:45:33.128+0000] {subprocess.py:106} INFO - 26/04/13 12:45:33 INFO CodecPool: Got brand-new decompressor [.zstd]
[2026-04-13T12:45:33.132+0000] {subprocess.py:106} INFO - 26/04/13 12:45:33 INFO CodecPool: Got brand-new decompressor [.zstd]
[2026-04-13T12:45:33.138+0000] {subprocess.py:106} INFO - 26/04/13 12:45:33 INFO CodecPool: Got brand-new decompressor [.zstd]
[2026-04-13T12:45:33.147+0000] {subprocess.py:106} INFO - 26/04/13 12:45:33 INFO CodecPool: Got brand-new decompressor [.zstd]
[2026-04-13T12:45:33.176+0000] {subprocess.py:106} INFO - 26/04/13 12:45:33 INFO CodecPool: Got brand-new decompressor [.zstd]
[2026-04-13T12:45:33.229+0000] {subprocess.py:106} INFO - 26/04/13 12:45:33 INFO CodecPool: Got brand-new decompressor [.zstd]
[2026-04-13T12:45:33.246+0000] {subprocess.py:106} INFO - 26/04/13 12:45:33 INFO CodecPool: Got brand-new decompressor [.zstd]
[2026-04-13T12:45:33.257+0000] {subprocess.py:106} INFO - 26/04/13 12:45:33 INFO CodecPool: Got brand-new decompressor [.zstd]
[2026-04-13T12:45:33.259+0000] {subprocess.py:106} INFO - 26/04/13 12:45:33 INFO CodecPool: Got brand-new decompressor [.zstd]
[2026-04-13T12:45:33.264+0000] {subprocess.py:106} INFO - 26/04/13 12:45:33 INFO CodecPool: Got brand-new decompressor [.zstd]
[2026-04-13T12:45:33.269+0000] {subprocess.py:106} INFO - 26/04/13 12:45:33 INFO CodecPool: Got brand-new decompressor [.zstd]
[2026-04-13T12:45:33.270+0000] {subprocess.py:106} INFO - 26/04/13 12:45:33 INFO CodecPool: Got brand-new decompressor [.zstd]
[2026-04-13T12:45:33.272+0000] {subprocess.py:106} INFO - 26/04/13 12:45:33 INFO CodecPool: Got brand-new decompressor [.zstd]
[2026-04-13T12:45:33.276+0000] {subprocess.py:106} INFO - 26/04/13 12:45:33 INFO CodecPool: Got brand-new decompressor [.zstd]
[2026-04-13T12:45:33.284+0000] {subprocess.py:106} INFO - 26/04/13 12:45:33 INFO CodecPool: Got brand-new decompressor [.zstd]
[2026-04-13T12:45:33.292+0000] {subprocess.py:106} INFO - 26/04/13 12:45:33 INFO CodecPool: Got brand-new decompressor [.zstd]
[2026-04-13T12:45:33.293+0000] {subprocess.py:106} INFO - 26/04/13 12:45:33 INFO CodecPool: Got brand-new decompressor [.zstd]
[2026-04-13T12:45:33.302+0000] {subprocess.py:106} INFO - 26/04/13 12:45:33 INFO DataWritingSparkTask: Writer for partition 4 is committing.
[2026-04-13T12:45:33.305+0000] {subprocess.py:106} INFO - 26/04/13 12:45:33 INFO DataWritingSparkTask: Writer for partition 1 is committing.
[2026-04-13T12:45:33.306+0000] {subprocess.py:106} INFO - 26/04/13 12:45:33 INFO DataWritingSparkTask: Writer for partition 11 is committing.
[2026-04-13T12:45:33.308+0000] {subprocess.py:106} INFO - 26/04/13 12:45:33 INFO CodecPool: Got brand-new decompressor [.zstd]
[2026-04-13T12:45:33.314+0000] {subprocess.py:106} INFO - 26/04/13 12:45:33 INFO CodecPool: Got brand-new decompressor [.zstd]
[2026-04-13T12:45:33.320+0000] {subprocess.py:106} INFO - 26/04/13 12:45:33 INFO CodecPool: Got brand-new decompressor [.zstd]
[2026-04-13T12:45:33.321+0000] {subprocess.py:106} INFO - 26/04/13 12:45:33 INFO DataWritingSparkTask: Writer for partition 12 is committing.
[2026-04-13T12:45:33.323+0000] {subprocess.py:106} INFO - 26/04/13 12:45:33 INFO DataWritingSparkTask: Writer for partition 14 is committing.
[2026-04-13T12:45:33.331+0000] {subprocess.py:106} INFO - 26/04/13 12:45:33 INFO CodecPool: Got brand-new decompressor [.zstd]
[2026-04-13T12:45:33.333+0000] {subprocess.py:106} INFO - 26/04/13 12:45:33 INFO CodecPool: Got brand-new decompressor [.zstd]
[2026-04-13T12:45:33.336+0000] {subprocess.py:106} INFO - 26/04/13 12:45:33 INFO CodecPool: Got brand-new decompressor [.zstd]
[2026-04-13T12:45:33.340+0000] {subprocess.py:106} INFO - 26/04/13 12:45:33 INFO CodecPool: Got brand-new decompressor [.zstd]
[2026-04-13T12:45:33.353+0000] {subprocess.py:106} INFO - 26/04/13 12:45:33 INFO DataWritingSparkTask: Writer for partition 6 is committing.
[2026-04-13T12:45:33.355+0000] {subprocess.py:106} INFO - 26/04/13 12:45:33 INFO DataWritingSparkTask: Writer for partition 7 is committing.
[2026-04-13T12:45:33.360+0000] {subprocess.py:106} INFO - 26/04/13 12:45:33 INFO DataWritingSparkTask: Writer for partition 0 is committing.
[2026-04-13T12:45:33.361+0000] {subprocess.py:106} INFO - 26/04/13 12:45:33 INFO DataWritingSparkTask: Writer for partition 13 is committing.
[2026-04-13T12:45:33.363+0000] {subprocess.py:106} INFO - 26/04/13 12:45:33 INFO CodecPool: Got brand-new decompressor [.zstd]
[2026-04-13T12:45:33.384+0000] {subprocess.py:106} INFO - 26/04/13 12:45:33 INFO DataWritingSparkTask: Writer for partition 8 is committing.
[2026-04-13T12:45:33.385+0000] {subprocess.py:106} INFO - 26/04/13 12:45:33 INFO CodecPool: Got brand-new decompressor [.zstd]
[2026-04-13T12:45:33.386+0000] {subprocess.py:106} INFO - 26/04/13 12:45:33 INFO CodecPool: Got brand-new decompressor [.zstd]
[2026-04-13T12:45:33.387+0000] {subprocess.py:106} INFO - 26/04/13 12:45:33 INFO CodecPool: Got brand-new decompressor [.zstd]
[2026-04-13T12:45:33.387+0000] {subprocess.py:106} INFO - 26/04/13 12:45:33 INFO CodecPool: Got brand-new decompressor [.zstd]
[2026-04-13T12:45:33.388+0000] {subprocess.py:106} INFO - 26/04/13 12:45:33 INFO DataWritingSparkTask: Writer for partition 9 is committing.
[2026-04-13T12:45:33.389+0000] {subprocess.py:106} INFO - 26/04/13 12:45:33 INFO DataWritingSparkTask: Writer for partition 3 is committing.
[2026-04-13T12:45:33.390+0000] {subprocess.py:106} INFO - 26/04/13 12:45:33 INFO CodecPool: Got brand-new decompressor [.zstd]
[2026-04-13T12:45:33.391+0000] {subprocess.py:106} INFO - 26/04/13 12:45:33 INFO DataWritingSparkTask: Writer for partition 5 is committing.
[2026-04-13T12:45:33.392+0000] {subprocess.py:106} INFO - 26/04/13 12:45:33 INFO DataWritingSparkTask: Writer for partition 10 is committing.
[2026-04-13T12:45:33.392+0000] {subprocess.py:106} INFO - 26/04/13 12:45:33 INFO DataWritingSparkTask: Writer for partition 2 is committing.
[2026-04-13T12:45:34.537+0000] {subprocess.py:106} INFO - 26/04/13 12:45:34 INFO DataWritingSparkTask: Committed partition 4 (task 4, attempt 0, stage 0.0)
[2026-04-13T12:45:34.538+0000] {subprocess.py:106} INFO - 26/04/13 12:45:34 INFO DataWritingSparkTask: Committed partition 0 (task 0, attempt 0, stage 0.0)
[2026-04-13T12:45:34.539+0000] {subprocess.py:106} INFO - 26/04/13 12:45:34 INFO DataWritingSparkTask: Committed partition 7 (task 7, attempt 0, stage 0.0)
[2026-04-13T12:45:34.540+0000] {subprocess.py:106} INFO - 26/04/13 12:45:34 INFO DataWritingSparkTask: Committed partition 6 (task 6, attempt 0, stage 0.0)
[2026-04-13T12:45:34.542+0000] {subprocess.py:106} INFO - 26/04/13 12:45:34 INFO DataWritingSparkTask: Committed partition 14 (task 14, attempt 0, stage 0.0)
[2026-04-13T12:45:34.543+0000] {subprocess.py:106} INFO - 26/04/13 12:45:34 INFO DataWritingSparkTask: Committed partition 12 (task 12, attempt 0, stage 0.0)
[2026-04-13T12:45:34.543+0000] {subprocess.py:106} INFO - 26/04/13 12:45:34 INFO DataWritingSparkTask: Committed partition 8 (task 8, attempt 0, stage 0.0)
[2026-04-13T12:45:34.548+0000] {subprocess.py:106} INFO - 26/04/13 12:45:34 INFO DataWritingSparkTask: Committed partition 11 (task 11, attempt 0, stage 0.0)
[2026-04-13T12:45:34.550+0000] {subprocess.py:106} INFO - 26/04/13 12:45:34 INFO DataWritingSparkTask: Committed partition 5 (task 5, attempt 0, stage 0.0)
[2026-04-13T12:45:34.551+0000] {subprocess.py:106} INFO - 26/04/13 12:45:34 INFO DataWritingSparkTask: Committed partition 3 (task 3, attempt 0, stage 0.0)
[2026-04-13T12:45:34.552+0000] {subprocess.py:106} INFO - 26/04/13 12:45:34 INFO DataWritingSparkTask: Committed partition 13 (task 13, attempt 0, stage 0.0)
[2026-04-13T12:45:34.555+0000] {subprocess.py:106} INFO - 26/04/13 12:45:34 INFO DataWritingSparkTask: Committed partition 10 (task 10, attempt 0, stage 0.0)
[2026-04-13T12:45:34.556+0000] {subprocess.py:106} INFO - 26/04/13 12:45:34 INFO DataWritingSparkTask: Committed partition 1 (task 1, attempt 0, stage 0.0)
[2026-04-13T12:45:34.560+0000] {subprocess.py:106} INFO - 26/04/13 12:45:34 INFO DataWritingSparkTask: Committed partition 2 (task 2, attempt 0, stage 0.0)
[2026-04-13T12:45:34.568+0000] {subprocess.py:106} INFO - 26/04/13 12:45:34 INFO DataWritingSparkTask: Committed partition 9 (task 9, attempt 0, stage 0.0)
[2026-04-13T12:45:34.635+0000] {subprocess.py:106} INFO - 26/04/13 12:45:34 INFO Executor: Finished task 4.0 in stage 0.0 (TID 4). 9540 bytes result sent to driver
[2026-04-13T12:45:34.636+0000] {subprocess.py:106} INFO - 26/04/13 12:45:34 INFO Executor: Finished task 6.0 in stage 0.0 (TID 6). 9519 bytes result sent to driver
[2026-04-13T12:45:34.637+0000] {subprocess.py:106} INFO - 26/04/13 12:45:34 INFO Executor: Finished task 12.0 in stage 0.0 (TID 12). 9515 bytes result sent to driver
[2026-04-13T12:45:34.639+0000] {subprocess.py:106} INFO - 26/04/13 12:45:34 INFO Executor: Finished task 11.0 in stage 0.0 (TID 11). 9519 bytes result sent to driver
[2026-04-13T12:45:34.639+0000] {subprocess.py:106} INFO - 26/04/13 12:45:34 INFO Executor: Finished task 7.0 in stage 0.0 (TID 7). 9503 bytes result sent to driver
[2026-04-13T12:45:34.640+0000] {subprocess.py:106} INFO - 26/04/13 12:45:34 INFO Executor: Finished task 8.0 in stage 0.0 (TID 8). 9559 bytes result sent to driver
[2026-04-13T12:45:34.642+0000] {subprocess.py:106} INFO - 26/04/13 12:45:34 INFO Executor: Finished task 13.0 in stage 0.0 (TID 13). 9538 bytes result sent to driver
[2026-04-13T12:45:34.643+0000] {subprocess.py:106} INFO - 26/04/13 12:45:34 INFO Executor: Finished task 2.0 in stage 0.0 (TID 2). 9559 bytes result sent to driver
[2026-04-13T12:45:34.644+0000] {subprocess.py:106} INFO - 26/04/13 12:45:34 INFO Executor: Finished task 10.0 in stage 0.0 (TID 10). 9554 bytes result sent to driver
[2026-04-13T12:45:34.647+0000] {subprocess.py:106} INFO - 26/04/13 12:45:34 INFO Executor: Finished task 14.0 in stage 0.0 (TID 14). 9549 bytes result sent to driver
[2026-04-13T12:45:34.649+0000] {subprocess.py:106} INFO - 26/04/13 12:45:34 INFO Executor: Finished task 0.0 in stage 0.0 (TID 0). 9523 bytes result sent to driver
[2026-04-13T12:45:34.650+0000] {subprocess.py:106} INFO - 26/04/13 12:45:34 INFO Executor: Finished task 3.0 in stage 0.0 (TID 3). 9550 bytes result sent to driver
[2026-04-13T12:45:34.651+0000] {subprocess.py:106} INFO - 26/04/13 12:45:34 INFO Executor: Finished task 9.0 in stage 0.0 (TID 9). 9555 bytes result sent to driver
[2026-04-13T12:45:34.652+0000] {subprocess.py:106} INFO - 26/04/13 12:45:34 INFO Executor: Finished task 1.0 in stage 0.0 (TID 1). 9546 bytes result sent to driver
[2026-04-13T12:45:34.653+0000] {subprocess.py:106} INFO - 26/04/13 12:45:34 INFO Executor: Finished task 5.0 in stage 0.0 (TID 5). 9542 bytes result sent to driver
[2026-04-13T12:45:34.670+0000] {subprocess.py:106} INFO - 26/04/13 12:45:34 INFO TaskSetManager: Finished task 0.0 in stage 0.0 (TID 0) in 4079 ms on spark-master (executor driver) (1/15)
[2026-04-13T12:45:34.673+0000] {subprocess.py:106} INFO - 26/04/13 12:45:34 INFO TaskSetManager: Finished task 5.0 in stage 0.0 (TID 5) in 4032 ms on spark-master (executor driver) (2/15)
[2026-04-13T12:45:34.674+0000] {subprocess.py:106} INFO - 26/04/13 12:45:34 INFO TaskSetManager: Finished task 1.0 in stage 0.0 (TID 1) in 4042 ms on spark-master (executor driver) (3/15)
[2026-04-13T12:45:34.675+0000] {subprocess.py:106} INFO - 26/04/13 12:45:34 INFO TaskSetManager: Finished task 4.0 in stage 0.0 (TID 4) in 4037 ms on spark-master (executor driver) (4/15)
[2026-04-13T12:45:34.679+0000] {subprocess.py:106} INFO - 26/04/13 12:45:34 INFO TaskSetManager: Finished task 12.0 in stage 0.0 (TID 12) in 4024 ms on spark-master (executor driver) (5/15)
[2026-04-13T12:45:34.682+0000] {subprocess.py:106} INFO - 26/04/13 12:45:34 INFO TaskSetManager: Finished task 2.0 in stage 0.0 (TID 2) in 4046 ms on spark-master (executor driver) (6/15)
[2026-04-13T12:45:34.685+0000] {subprocess.py:106} INFO - 26/04/13 12:45:34 INFO TaskSetManager: Finished task 14.0 in stage 0.0 (TID 14) in 4022 ms on spark-master (executor driver) (7/15)
[2026-04-13T12:45:34.694+0000] {subprocess.py:106} INFO - 26/04/13 12:45:34 INFO TaskSetManager: Finished task 13.0 in stage 0.0 (TID 13) in 4026 ms on spark-master (executor driver) (8/15)
[2026-04-13T12:45:34.695+0000] {subprocess.py:106} INFO - 26/04/13 12:45:34 INFO TaskSetManager: Finished task 10.0 in stage 0.0 (TID 10) in 4040 ms on spark-master (executor driver) (9/15)
[2026-04-13T12:45:34.699+0000] {subprocess.py:106} INFO - 26/04/13 12:45:34 INFO TaskSetManager: Finished task 8.0 in stage 0.0 (TID 8) in 4045 ms on spark-master (executor driver) (10/15)
[2026-04-13T12:45:34.700+0000] {subprocess.py:106} INFO - 26/04/13 12:45:34 INFO TaskSetManager: Finished task 7.0 in stage 0.0 (TID 7) in 4048 ms on spark-master (executor driver) (11/15)
[2026-04-13T12:45:34.701+0000] {subprocess.py:106} INFO - 26/04/13 12:45:34 INFO TaskSetManager: Finished task 6.0 in stage 0.0 (TID 6) in 4051 ms on spark-master (executor driver) (12/15)
[2026-04-13T12:45:34.702+0000] {subprocess.py:106} INFO - 26/04/13 12:45:34 INFO TaskSetManager: Finished task 3.0 in stage 0.0 (TID 3) in 4059 ms on spark-master (executor driver) (13/15)
[2026-04-13T12:45:34.703+0000] {subprocess.py:106} INFO - 26/04/13 12:45:34 INFO TaskSetManager: Finished task 9.0 in stage 0.0 (TID 9) in 4049 ms on spark-master (executor driver) (14/15)
[2026-04-13T12:45:34.704+0000] {subprocess.py:106} INFO - 26/04/13 12:45:34 INFO TaskSetManager: Finished task 11.0 in stage 0.0 (TID 11) in 4047 ms on spark-master (executor driver) (15/15)
[2026-04-13T12:45:34.705+0000] {subprocess.py:106} INFO - 26/04/13 12:45:34 INFO TaskSchedulerImpl: Removed TaskSet 0.0 whose tasks have all completed, from pool
[2026-04-13T12:45:34.720+0000] {subprocess.py:106} INFO - 26/04/13 12:45:34 INFO DAGScheduler: ResultStage 0 (append at NativeMethodAccessorImpl.java:0) finished in 4267 ms
[2026-04-13T12:45:34.726+0000] {subprocess.py:106} INFO - 26/04/13 12:45:34 INFO DAGScheduler: Job 0 is finished. Cancelling potential speculative or zombie tasks for this job
[2026-04-13T12:45:34.728+0000] {subprocess.py:106} INFO - 26/04/13 12:45:34 INFO TaskSchedulerImpl: Canceling stage 0
[2026-04-13T12:45:34.734+0000] {subprocess.py:106} INFO - 26/04/13 12:45:34 INFO TaskSchedulerImpl: Killing all running tasks in stage 0: Stage finished
[2026-04-13T12:45:34.742+0000] {subprocess.py:106} INFO - 26/04/13 12:45:34 INFO DAGScheduler: Job 0 finished: append at NativeMethodAccessorImpl.java:0, took 4357.822248 ms
[2026-04-13T12:45:34.745+0000] {subprocess.py:106} INFO - 26/04/13 12:45:34 INFO AppendDataExec: Data source write support IcebergBatchWrite(table=iceberg.air_quality_ml.air_quality_gold, format=PARQUET) is committing.
[2026-04-13T12:45:34.810+0000] {subprocess.py:106} INFO - 26/04/13 12:45:34 INFO SparkWrite: Committing append with 15 new data files to table iceberg.air_quality_ml.air_quality_gold
[2026-04-13T12:45:36.563+0000] {subprocess.py:106} INFO - 26/04/13 12:45:36 INFO HiveTableOperations: Committed to table iceberg.air_quality_ml.air_quality_gold with the new metadata location hdfs://23133083thuyvan-master:9000/user/hive/lakehouse/gold/ml/air_quality_gold/metadata/00002-7cd4ee82-1219-47fc-bfcd-c160309fe1a7.metadata.json
[2026-04-13T12:45:36.564+0000] {subprocess.py:106} INFO - 26/04/13 12:45:36 INFO BaseMetastoreTableOperations: Successfully committed to table iceberg.air_quality_ml.air_quality_gold in 989 ms
[2026-04-13T12:45:36.565+0000] {subprocess.py:106} INFO - 26/04/13 12:45:36 INFO SnapshotProducer: Committed snapshot 3651316706607188587 (MergeAppend)
[2026-04-13T12:45:36.634+0000] {subprocess.py:106} INFO - 26/04/13 12:45:36 INFO BaseMetastoreTableOperations: Refreshing table metadata from new version: hdfs://23133083thuyvan-master:9000/user/hive/lakehouse/gold/ml/air_quality_gold/metadata/00002-7cd4ee82-1219-47fc-bfcd-c160309fe1a7.metadata.json
[2026-04-13T12:45:36.656+0000] {subprocess.py:106} INFO - 26/04/13 12:45:36 INFO LoggingMetricsReporter: Received metrics report: CommitReport{tableName=iceberg.air_quality_ml.air_quality_gold, snapshotId=3651316706607188587, sequenceNumber=3, operation=append, commitMetrics=CommitMetricsResult{totalDuration=TimerResult{timeUnit=NANOSECONDS, totalDuration=PT1.756170171S, count=1}, attempts=CounterResult{unit=COUNT, value=1}, addedDataFiles=CounterResult{unit=COUNT, value=15}, removedDataFiles=null, totalDataFiles=CounterResult{unit=COUNT, value=45}, addedDeleteFiles=null, addedEqualityDeleteFiles=null, addedPositionalDeleteFiles=null, addedDVs=null, removedDeleteFiles=null, removedEqualityDeleteFiles=null, removedPositionalDeleteFiles=null, removedDVs=null, totalDeleteFiles=CounterResult{unit=COUNT, value=0}, addedRecords=CounterResult{unit=COUNT, value=100}, removedRecords=null, totalRecords=CounterResult{unit=COUNT, value=300}, addedFilesSizeInBytes=CounterResult{unit=BYTES, value=146555}, removedFilesSizeInBytes=null, totalFilesSizeInBytes=CounterResult{unit=BYTES, value=443634}, addedPositionalDeletes=null, removedPositionalDeletes=null, totalPositionalDeletes=CounterResult{unit=COUNT, value=0}, addedEqualityDeletes=null, removedEqualityDeletes=null, totalEqualityDeletes=CounterResult{unit=COUNT, value=0}, manifestsCreated=null, manifestsReplaced=null, manifestsKept=null, manifestEntriesProcessed=null}, metadata={engine-version=4.0.2, app-id=local-1776084315078, engine-name=spark, iceberg-version=Apache Iceberg 1.10.1 (commit ccb8bc435062171e64bc8b7e5f56e6aed9c5b934)}}
[2026-04-13T12:45:36.657+0000] {subprocess.py:106} INFO - 26/04/13 12:45:36 INFO SparkWrite: Committed in 1844 ms
[2026-04-13T12:45:36.658+0000] {subprocess.py:106} INFO - 26/04/13 12:45:36 INFO AppendDataExec: Data source write support IcebergBatchWrite(table=iceberg.air_quality_ml.air_quality_gold, format=PARQUET) committed.
[2026-04-13T12:45:36.660+0000] {subprocess.py:106} INFO - Dữ liệu đã được append vào iceberg.air_quality_ml.air_quality_gold.
[2026-04-13T12:45:36.661+0000] {subprocess.py:106} INFO - ETL from Silver to Gold completed!
[2026-04-13T12:45:36.663+0000] {subprocess.py:106} INFO - 26/04/13 12:45:36 INFO SparkContext: SparkContext is stopping with exitCode 0 from stop at NativeMethodAccessorImpl.java:0.
[2026-04-13T12:45:36.680+0000] {subprocess.py:106} INFO - 26/04/13 12:45:36 INFO SparkUI: Stopped Spark web UI at http://spark-master:4040
[2026-04-13T12:45:36.702+0000] {subprocess.py:106} INFO - 26/04/13 12:45:36 INFO MapOutputTrackerMasterEndpoint: MapOutputTrackerMasterEndpoint stopped!
[2026-04-13T12:45:36.733+0000] {subprocess.py:106} INFO - 26/04/13 12:45:36 INFO MemoryStore: MemoryStore cleared
[2026-04-13T12:45:36.734+0000] {subprocess.py:106} INFO - 26/04/13 12:45:36 INFO BlockManager: BlockManager stopped
[2026-04-13T12:45:36.742+0000] {subprocess.py:106} INFO - 26/04/13 12:45:36 INFO BlockManagerMaster: BlockManagerMaster stopped
[2026-04-13T12:45:36.744+0000] {subprocess.py:106} INFO - 26/04/13 12:45:36 INFO OutputCommitCoordinator$OutputCommitCoordinatorEndpoint: OutputCommitCoordinator stopped!
[2026-04-13T12:45:36.765+0000] {subprocess.py:106} INFO - 26/04/13 12:45:36 INFO SparkContext: Successfully stopped SparkContext
[2026-04-13T12:45:37.310+0000] {subprocess.py:106} INFO - 26/04/13 12:45:37 INFO ShutdownHookManager: Shutdown hook called
[2026-04-13T12:45:37.311+0000] {subprocess.py:106} INFO - 26/04/13 12:45:37 INFO ShutdownHookManager: Deleting directory /tmp/spark-a3bd7e48-6c1c-4fac-babf-cb1f69f344e7/pyspark-df005ee3-3838-423c-a936-6eedc99666a9
[2026-04-13T12:45:37.326+0000] {subprocess.py:106} INFO - 26/04/13 12:45:37 INFO ShutdownHookManager: Deleting directory /tmp/artifacts-c8834c57-9719-4bd4-9f1f-9765929e3c5c
[2026-04-13T12:45:37.337+0000] {subprocess.py:106} INFO - 26/04/13 12:45:37 INFO ShutdownHookManager: Deleting directory /tmp/spark-a3bd7e48-6c1c-4fac-babf-cb1f69f344e7
[2026-04-13T12:45:37.355+0000] {subprocess.py:106} INFO - 26/04/13 12:45:37 INFO ShutdownHookManager: Deleting directory /tmp/spark-8e086870-c797-431e-8cb2-81469ce089c8
[2026-04-13T12:45:37.506+0000] {subprocess.py:110} INFO - Command exited with return code 0
[2026-04-13T12:45:37.593+0000] {taskinstance.py:340} INFO - ::group::Post task execution logs
[2026-04-13T12:45:37.594+0000] {taskinstance.py:352} INFO - Marking task as SUCCESS. dag_id=predict_aqi, task_id=silver_to_gold, run_id=manual__2026-04-13T12:44:51.665240+00:00, execution_date=20260413T124451, start_date=20260413T124502, end_date=20260413T124537
[2026-04-13T12:45:37.637+0000] {local_task_job_runner.py:266} INFO - Task exited with return code 0
[2026-04-13T12:45:37.686+0000] {taskinstance.py:3895} INFO - 1 downstream tasks scheduled from follow-on schedule check
[2026-04-13T12:45:37.691+0000] {local_task_job_runner.py:245} INFO - ::endgroup::
