[2026-04-13T16:55:43.731+0000] {local_task_job_runner.py:123} INFO - ::group::Pre task execution logs
[2026-04-13T16:55:43.764+0000] {taskinstance.py:2613} INFO - Dependencies all met for dep_context=non-requeueable deps ti=<TaskInstance: predict_aqi.silver_to_gold manual__2026-04-13T16:55:28.603847+00:00 [queued]>
[2026-04-13T16:55:43.781+0000] {taskinstance.py:2613} INFO - Dependencies all met for dep_context=requeueable deps ti=<TaskInstance: predict_aqi.silver_to_gold manual__2026-04-13T16:55:28.603847+00:00 [queued]>
[2026-04-13T16:55:43.782+0000] {taskinstance.py:2866} INFO - Starting attempt 1 of 3
[2026-04-13T16:55:43.801+0000] {taskinstance.py:2889} INFO - Executing <Task(BashOperator): silver_to_gold> on 2026-04-13 16:55:28.603847+00:00
[2026-04-13T16:55:43.811+0000] {standard_task_runner.py:104} INFO - Running: ['airflow', 'tasks', 'run', 'predict_aqi', 'silver_to_gold', 'manual__2026-04-13T16:55:28.603847+00:00', '--job-id', '190', '--raw', '--subdir', 'DAGS_FOLDER/dag_ml.py', '--cfg-path', '/tmp/tmpmhonaw2z']
[2026-04-13T16:55:43.812+0000] {standard_task_runner.py:105} INFO - Job 190: Subtask silver_to_gold
[2026-04-13T16:55:43.814+0000] {logging_mixin.py:190} WARNING - /home/airflow/airflow/venv/lib/python3.12/site-packages/airflow/task/task_runner/standard_task_runner.py:70 DeprecationWarning: This process (pid=63574) is multi-threaded, use of fork() may lead to deadlocks in the child.
[2026-04-13T16:55:43.816+0000] {standard_task_runner.py:72} INFO - Started process 63603 to run task
[2026-04-13T16:55:43.904+0000] {task_command.py:467} INFO - Running <TaskInstance: predict_aqi.silver_to_gold manual__2026-04-13T16:55:28.603847+00:00 [running]> on host airflow
[2026-04-13T16:55:44.012+0000] {taskinstance.py:3132} INFO - Exporting env vars: AIRFLOW_CTX_DAG_OWNER='airflow' AIRFLOW_CTX_DAG_ID='predict_aqi' AIRFLOW_CTX_TASK_ID='silver_to_gold' AIRFLOW_CTX_EXECUTION_DATE='2026-04-13T16:55:28.603847+00:00' AIRFLOW_CTX_TRY_NUMBER='1' AIRFLOW_CTX_DAG_RUN_ID='manual__2026-04-13T16:55:28.603847+00:00'
[2026-04-13T16:55:44.014+0000] {taskinstance.py:731} INFO - ::endgroup::
[2026-04-13T16:55:44.029+0000] {subprocess.py:78} INFO - Tmp dir root location: /tmp
[2026-04-13T16:55:44.032+0000] {subprocess.py:88} INFO - Running command: ['/usr/bin/bash', '-c', '\n            docker exec spark-master spark-submit                 --packages org.apache.iceberg:iceberg-spark-runtime-4.0_2.13:1.10.1                 /home/spark/spark/spark_jobs/silver_to_gold.py 2026-04-13\n        ']
[2026-04-13T16:55:44.041+0000] {subprocess.py:99} INFO - Output:
[2026-04-13T16:55:45.150+0000] {subprocess.py:106} INFO - WARNING: Using incubator modules: jdk.incubator.vector
[2026-04-13T16:55:48.431+0000] {subprocess.py:106} INFO - :: loading settings :: url = jar:file:/home/spark/spark/jars/ivy-2.5.3.jar!/org/apache/ivy/core/settings/ivysettings.xml
[2026-04-13T16:55:48.880+0000] {subprocess.py:106} INFO - Ivy Default Cache set to: /home/spark/.ivy2.5.2/cache
[2026-04-13T16:55:48.881+0000] {subprocess.py:106} INFO - The jars for the packages stored in: /home/spark/.ivy2.5.2/jars
[2026-04-13T16:55:48.897+0000] {subprocess.py:106} INFO - org.apache.iceberg#iceberg-spark-runtime-4.0_2.13 added as a dependency
[2026-04-13T16:55:48.900+0000] {subprocess.py:106} INFO - :: resolving dependencies :: org.apache.spark#spark-submit-parent-0a4d8c81-4ebd-47e7-9144-6959cc5eccce;1.0
[2026-04-13T16:55:48.901+0000] {subprocess.py:106} INFO - 	confs: [default]
[2026-04-13T16:55:49.081+0000] {subprocess.py:106} INFO - 	found org.apache.iceberg#iceberg-spark-runtime-4.0_2.13;1.10.1 in central
[2026-04-13T16:55:49.101+0000] {subprocess.py:106} INFO - :: resolution report :: resolve 197ms :: artifacts dl 5ms
[2026-04-13T16:55:49.107+0000] {subprocess.py:106} INFO - 	:: modules in use:
[2026-04-13T16:55:49.108+0000] {subprocess.py:106} INFO - 	org.apache.iceberg#iceberg-spark-runtime-4.0_2.13;1.10.1 from central in [default]
[2026-04-13T16:55:49.108+0000] {subprocess.py:106} INFO - 	---------------------------------------------------------------------
[2026-04-13T16:55:49.109+0000] {subprocess.py:106} INFO - 	|                  |            modules            ||   artifacts   |
[2026-04-13T16:55:49.110+0000] {subprocess.py:106} INFO - 	|       conf       | number| search|dwnlded|evicted|| number|dwnlded|
[2026-04-13T16:55:49.110+0000] {subprocess.py:106} INFO - 	---------------------------------------------------------------------
[2026-04-13T16:55:49.111+0000] {subprocess.py:106} INFO - 	|      default     |   1   |   0   |   0   |   0   ||   1   |   0   |
[2026-04-13T16:55:49.111+0000] {subprocess.py:106} INFO - 	---------------------------------------------------------------------
[2026-04-13T16:55:49.112+0000] {subprocess.py:106} INFO - :: retrieving :: org.apache.spark#spark-submit-parent-0a4d8c81-4ebd-47e7-9144-6959cc5eccce
[2026-04-13T16:55:49.112+0000] {subprocess.py:106} INFO - 	confs: [default]
[2026-04-13T16:55:49.119+0000] {subprocess.py:106} INFO - 	0 artifacts copied, 1 already retrieved (0kB/10ms)
[2026-04-13T16:55:49.577+0000] {subprocess.py:106} INFO - 26/04/13 16:55:49 WARN NativeCodeLoader: Unable to load native-hadoop library for your platform... using builtin-java classes where applicable
[2026-04-13T16:55:53.434+0000] {subprocess.py:106} INFO - Using Spark's default log4j profile: org/apache/spark/log4j2-defaults.properties
[2026-04-13T16:55:53.448+0000] {subprocess.py:106} INFO - 26/04/13 16:55:53 INFO SparkContext: Running Spark version 4.0.2
[2026-04-13T16:55:53.453+0000] {subprocess.py:106} INFO - 26/04/13 16:55:53 INFO SparkContext: OS info Linux, 6.6.87.2-microsoft-standard-WSL2, amd64
[2026-04-13T16:55:53.456+0000] {subprocess.py:106} INFO - 26/04/13 16:55:53 INFO SparkContext: Java version 21.0.10
[2026-04-13T16:55:53.503+0000] {subprocess.py:106} INFO - 26/04/13 16:55:53 INFO ResourceUtils: ==============================================================
[2026-04-13T16:55:53.504+0000] {subprocess.py:106} INFO - 26/04/13 16:55:53 INFO ResourceUtils: No custom resources configured for spark.driver.
[2026-04-13T16:55:53.506+0000] {subprocess.py:106} INFO - 26/04/13 16:55:53 INFO ResourceUtils: ==============================================================
[2026-04-13T16:55:53.507+0000] {subprocess.py:106} INFO - 26/04/13 16:55:53 INFO SparkContext: Submitted application: Silver_to_Gold
[2026-04-13T16:55:53.570+0000] {subprocess.py:106} INFO - 26/04/13 16:55:53 INFO ResourceProfile: Default ResourceProfile created, executor resources: Map(cores -> name: cores, amount: 2, script: , vendor: , memory -> name: memory, amount: 2048, script: , vendor: , offHeap -> name: offHeap, amount: 0, script: , vendor: ), task resources: Map(cpus -> name: cpus, amount: 1.0)
[2026-04-13T16:55:53.577+0000] {subprocess.py:106} INFO - 26/04/13 16:55:53 INFO ResourceProfile: Limiting resource is cpus at 2 tasks per executor
[2026-04-13T16:55:53.582+0000] {subprocess.py:106} INFO - 26/04/13 16:55:53 INFO ResourceProfileManager: Added ResourceProfile id: 0
[2026-04-13T16:55:53.699+0000] {subprocess.py:106} INFO - 26/04/13 16:55:53 INFO SecurityManager: Changing view acls to: spark
[2026-04-13T16:55:53.700+0000] {subprocess.py:106} INFO - 26/04/13 16:55:53 INFO SecurityManager: Changing modify acls to: spark
[2026-04-13T16:55:53.701+0000] {subprocess.py:106} INFO - 26/04/13 16:55:53 INFO SecurityManager: Changing view acls groups to: spark
[2026-04-13T16:55:53.703+0000] {subprocess.py:106} INFO - 26/04/13 16:55:53 INFO SecurityManager: Changing modify acls groups to: spark
[2026-04-13T16:55:53.710+0000] {subprocess.py:106} INFO - 26/04/13 16:55:53 INFO SecurityManager: SecurityManager: authentication disabled; ui acls disabled; users with view permissions: spark groups with view permissions: EMPTY; users with modify permissions: spark; groups with modify permissions: EMPTY; RPC SSL disabled
[2026-04-13T16:55:54.574+0000] {subprocess.py:106} INFO - 26/04/13 16:55:54 INFO Utils: Successfully started service 'sparkDriver' on port 32913.
[2026-04-13T16:55:54.643+0000] {subprocess.py:106} INFO - 26/04/13 16:55:54 INFO SparkEnv: Registering MapOutputTracker
[2026-04-13T16:55:54.672+0000] {subprocess.py:106} INFO - 26/04/13 16:55:54 INFO SparkEnv: Registering BlockManagerMaster
[2026-04-13T16:55:54.730+0000] {subprocess.py:106} INFO - 26/04/13 16:55:54 INFO BlockManagerMasterEndpoint: Using org.apache.spark.storage.DefaultTopologyMapper for getting topology information
[2026-04-13T16:55:54.731+0000] {subprocess.py:106} INFO - 26/04/13 16:55:54 INFO BlockManagerMasterEndpoint: BlockManagerMasterEndpoint up
[2026-04-13T16:55:54.742+0000] {subprocess.py:106} INFO - 26/04/13 16:55:54 INFO SparkEnv: Registering BlockManagerMasterHeartbeat
[2026-04-13T16:55:54.805+0000] {subprocess.py:106} INFO - 26/04/13 16:55:54 INFO DiskBlockManager: Created local directory at /tmp/blockmgr-3e23eaf3-57ad-4202-b6d8-13cecec22504
[2026-04-13T16:55:54.862+0000] {subprocess.py:106} INFO - 26/04/13 16:55:54 INFO SparkEnv: Registering OutputCommitCoordinator
[2026-04-13T16:55:55.148+0000] {subprocess.py:106} INFO - 26/04/13 16:55:55 INFO JettyUtils: Start Jetty 0.0.0.0:4040 for SparkUI
[2026-04-13T16:55:55.293+0000] {subprocess.py:106} INFO - 26/04/13 16:55:55 INFO Utils: Successfully started service 'SparkUI' on port 4040.
[2026-04-13T16:55:55.348+0000] {subprocess.py:106} INFO - 26/04/13 16:55:55 INFO SparkContext: Added JAR file:///home/spark/.ivy2.5.2/jars/org.apache.iceberg_iceberg-spark-runtime-4.0_2.13-1.10.1.jar at spark://spark-master:32913/jars/org.apache.iceberg_iceberg-spark-runtime-4.0_2.13-1.10.1.jar with timestamp 1776099353413
[2026-04-13T16:55:55.353+0000] {subprocess.py:106} INFO - 26/04/13 16:55:55 INFO SparkContext: Added file file:///home/spark/.ivy2.5.2/jars/org.apache.iceberg_iceberg-spark-runtime-4.0_2.13-1.10.1.jar at file:///home/spark/.ivy2.5.2/jars/org.apache.iceberg_iceberg-spark-runtime-4.0_2.13-1.10.1.jar with timestamp 1776099353413
[2026-04-13T16:55:55.356+0000] {subprocess.py:106} INFO - 26/04/13 16:55:55 INFO Utils: Copying /home/spark/.ivy2.5.2/jars/org.apache.iceberg_iceberg-spark-runtime-4.0_2.13-1.10.1.jar to /tmp/spark-6c552939-4b20-46a2-9edc-df9f0336a8c1/userFiles-76a35278-5b11-4a5b-8ed6-ae8e2a965ad2/org.apache.iceberg_iceberg-spark-runtime-4.0_2.13-1.10.1.jar
[2026-04-13T16:55:56.135+0000] {subprocess.py:106} INFO - 26/04/13 16:55:56 INFO SecurityManager: Changing view acls to: spark
[2026-04-13T16:55:56.136+0000] {subprocess.py:106} INFO - 26/04/13 16:55:56 INFO SecurityManager: Changing modify acls to: spark
[2026-04-13T16:55:56.137+0000] {subprocess.py:106} INFO - 26/04/13 16:55:56 INFO SecurityManager: Changing view acls groups to: spark
[2026-04-13T16:55:56.138+0000] {subprocess.py:106} INFO - 26/04/13 16:55:56 INFO SecurityManager: Changing modify acls groups to: spark
[2026-04-13T16:55:56.138+0000] {subprocess.py:106} INFO - 26/04/13 16:55:56 INFO SecurityManager: SecurityManager: authentication disabled; ui acls disabled; users with view permissions: spark groups with view permissions: EMPTY; users with modify permissions: spark; groups with modify permissions: EMPTY; RPC SSL disabled
[2026-04-13T16:55:56.522+0000] {subprocess.py:106} INFO - 26/04/13 16:55:56 INFO Executor: Starting executor ID driver on host spark-master
[2026-04-13T16:55:56.522+0000] {subprocess.py:106} INFO - 26/04/13 16:55:56 INFO Executor: OS info Linux, 6.6.87.2-microsoft-standard-WSL2, amd64
[2026-04-13T16:55:56.523+0000] {subprocess.py:106} INFO - 26/04/13 16:55:56 INFO Executor: Java version 21.0.10
[2026-04-13T16:55:56.542+0000] {subprocess.py:106} INFO - 26/04/13 16:55:56 INFO Executor: Starting executor with user classpath (userClassPathFirst = false): ''
[2026-04-13T16:55:56.544+0000] {subprocess.py:106} INFO - 26/04/13 16:55:56 INFO Executor: Created or updated repl class loader org.apache.spark.util.MutableURLClassLoader@7065b650 for default.
[2026-04-13T16:55:56.557+0000] {subprocess.py:106} INFO - 26/04/13 16:55:56 INFO Executor: Fetching file:///home/spark/.ivy2.5.2/jars/org.apache.iceberg_iceberg-spark-runtime-4.0_2.13-1.10.1.jar with timestamp 1776099353413
[2026-04-13T16:55:56.615+0000] {subprocess.py:106} INFO - 26/04/13 16:55:56 INFO Utils: /home/spark/.ivy2.5.2/jars/org.apache.iceberg_iceberg-spark-runtime-4.0_2.13-1.10.1.jar has been previously copied to /tmp/spark-6c552939-4b20-46a2-9edc-df9f0336a8c1/userFiles-76a35278-5b11-4a5b-8ed6-ae8e2a965ad2/org.apache.iceberg_iceberg-spark-runtime-4.0_2.13-1.10.1.jar
[2026-04-13T16:55:56.633+0000] {subprocess.py:106} INFO - 26/04/13 16:55:56 INFO Executor: Fetching spark://spark-master:32913/jars/org.apache.iceberg_iceberg-spark-runtime-4.0_2.13-1.10.1.jar with timestamp 1776099353413
[2026-04-13T16:55:56.692+0000] {subprocess.py:106} INFO - 26/04/13 16:55:56 INFO TransportClientFactory: Successfully created connection to spark-master/172.20.0.5:32913 after 35 ms (0 ms spent in bootstraps)
[2026-04-13T16:55:56.714+0000] {subprocess.py:106} INFO - 26/04/13 16:55:56 INFO Utils: Fetching spark://spark-master:32913/jars/org.apache.iceberg_iceberg-spark-runtime-4.0_2.13-1.10.1.jar to /tmp/spark-6c552939-4b20-46a2-9edc-df9f0336a8c1/userFiles-76a35278-5b11-4a5b-8ed6-ae8e2a965ad2/fetchFileTemp12321470842740586917.tmp
[2026-04-13T16:55:57.379+0000] {subprocess.py:106} INFO - 26/04/13 16:55:57 INFO Utils: /tmp/spark-6c552939-4b20-46a2-9edc-df9f0336a8c1/userFiles-76a35278-5b11-4a5b-8ed6-ae8e2a965ad2/fetchFileTemp12321470842740586917.tmp has been previously copied to /tmp/spark-6c552939-4b20-46a2-9edc-df9f0336a8c1/userFiles-76a35278-5b11-4a5b-8ed6-ae8e2a965ad2/org.apache.iceberg_iceberg-spark-runtime-4.0_2.13-1.10.1.jar
[2026-04-13T16:55:57.398+0000] {subprocess.py:106} INFO - 26/04/13 16:55:57 INFO Executor: Adding file:/tmp/spark-6c552939-4b20-46a2-9edc-df9f0336a8c1/userFiles-76a35278-5b11-4a5b-8ed6-ae8e2a965ad2/org.apache.iceberg_iceberg-spark-runtime-4.0_2.13-1.10.1.jar to class loader default
[2026-04-13T16:55:57.415+0000] {subprocess.py:106} INFO - 26/04/13 16:55:57 INFO Utils: Successfully started service 'org.apache.spark.network.netty.NettyBlockTransferService' on port 41933.
[2026-04-13T16:55:57.415+0000] {subprocess.py:106} INFO - 26/04/13 16:55:57 INFO NettyBlockTransferService: Server created on spark-master:41933
[2026-04-13T16:55:57.418+0000] {subprocess.py:106} INFO - 26/04/13 16:55:57 INFO BlockManager: Using org.apache.spark.storage.RandomBlockReplicationPolicy for block replication policy
[2026-04-13T16:55:57.438+0000] {subprocess.py:106} INFO - 26/04/13 16:55:57 INFO BlockManagerMaster: Registering BlockManager BlockManagerId(driver, spark-master, 41933, None)
[2026-04-13T16:55:57.446+0000] {subprocess.py:106} INFO - 26/04/13 16:55:57 INFO BlockManagerMasterEndpoint: Registering block manager spark-master:41933 with 1048.8 MiB RAM, BlockManagerId(driver, spark-master, 41933, None)
[2026-04-13T16:55:57.451+0000] {subprocess.py:106} INFO - 26/04/13 16:55:57 INFO BlockManagerMaster: Registered BlockManager BlockManagerId(driver, spark-master, 41933, None)
[2026-04-13T16:55:57.451+0000] {subprocess.py:106} INFO - 26/04/13 16:55:57 INFO BlockManager: Initialized BlockManager: BlockManagerId(driver, spark-master, 41933, None)
[2026-04-13T16:56:01.670+0000] {subprocess.py:106} INFO - Đọc dữ liệu Silver từ iceberg.air_quality_db.air_quality_silver
[2026-04-13T16:56:01.692+0000] {subprocess.py:106} INFO - 26/04/13 16:56:01 INFO SharedState: spark.sql.warehouse.dir is not set, but hive.metastore.warehouse.dir is set. Setting spark.sql.warehouse.dir to the value of hive.metastore.warehouse.dir.
[2026-04-13T16:56:02.283+0000] {subprocess.py:106} INFO - 26/04/13 16:56:02 INFO SharedState: Warehouse path is 'hdfs://23133083thuyvan-master:9000/user/hive/lakehouse'.
[2026-04-13T16:56:04.111+0000] {subprocess.py:106} INFO - 26/04/13 16:56:04 INFO CatalogUtil: Loading custom FileIO implementation: org.apache.iceberg.hadoop.HadoopFileIO
[2026-04-13T16:56:04.233+0000] {subprocess.py:106} INFO - 26/04/13 16:56:04 INFO HiveConf: Found configuration file file:/home/spark/spark/conf/hive-site.xml
[2026-04-13T16:56:04.541+0000] {subprocess.py:106} INFO - 26/04/13 16:56:04 INFO metastore: Trying to connect to metastore with URI thrift://23133083thuyvan-master:9083
[2026-04-13T16:56:04.577+0000] {subprocess.py:106} INFO - 26/04/13 16:56:04 INFO metastore: Opened a connection to metastore, current connections: 1
[2026-04-13T16:56:04.661+0000] {subprocess.py:106} INFO - 26/04/13 16:56:04 INFO metastore: Connected to metastore.
[2026-04-13T16:56:05.171+0000] {subprocess.py:106} INFO - 26/04/13 16:56:05 INFO BaseMetastoreTableOperations: Refreshing table metadata from new version: hdfs://23133083thuyvan-master:9000/user/hive/lakehouse/silver/air_quality_silver/metadata/00003-8e71d277-3336-4b24-8390-00b46931a63f.metadata.json
[2026-04-13T16:56:06.255+0000] {subprocess.py:106} INFO - 26/04/13 16:56:06 INFO BaseMetastoreCatalog: Table loaded by catalog: iceberg.air_quality_db.air_quality_silver
[2026-04-13T16:56:07.707+0000] {subprocess.py:106} INFO - 26/04/13 16:56:07 INFO BaseMetastoreTableOperations: Refreshing table metadata from new version: hdfs://23133083thuyvan-master:9000/user/hive/lakehouse/gold/ml/air_quality_gold/metadata/00013-25332736-5128-48f3-881c-98fd6ec5f48d.metadata.json
[2026-04-13T16:56:07.732+0000] {subprocess.py:106} INFO - 26/04/13 16:56:07 INFO BaseMetastoreCatalog: Table loaded by catalog: iceberg.air_quality_ml.air_quality_gold
[2026-04-13T16:56:07.744+0000] {subprocess.py:106} INFO - Bảng đã tồn tại, append dữ liệu vào iceberg.air_quality_ml.air_quality_gold
[2026-04-13T16:56:07.885+0000] {subprocess.py:106} INFO - 26/04/13 16:56:07 INFO V2ScanRelationPushDown:
[2026-04-13T16:56:07.886+0000] {subprocess.py:106} INFO - Output: timestamp#94, location#95, latitude#96, longitude#97, country#98, condition_text#99, timezone#100, temperature_2m#101, relative_humidity_2m#102, apparent_temperature#103, precipitation#104, cloud_cover#105, wind_speed_10m#106, wind_direction_10m#107, wind_gusts_10m#108, uv_index#109, weather_code#110, european_aqi#111, us_aqi#112, us_aqi_index#113, aqi_label#114, pm10#115, pm2_5#116, carbon_monoxide#117, nitrogen_dioxide#118, sulphur_dioxide#119, ozone#120, processing_time#121, data_source#122
[2026-04-13T16:56:07.887+0000] {subprocess.py:106} INFO - 
[2026-04-13T16:56:07.900+0000] {subprocess.py:106} INFO - 26/04/13 16:56:07 INFO SnapshotScan: Scanning table iceberg.air_quality_db.air_quality_silver snapshot 4518274335865062319 created at 2026-04-13T11:48:03.562+00:00 with filter true
[2026-04-13T16:56:08.210+0000] {subprocess.py:106} INFO - 26/04/13 16:56:08 INFO BaseDistributedDataScan: Planning file tasks locally for table iceberg.air_quality_db.air_quality_silver
[2026-04-13T16:56:08.362+0000] {subprocess.py:106} INFO - 26/04/13 16:56:08 INFO SparkPartitioningAwareScan: Reporting UnknownPartitioning with 15 partition(s) for table iceberg.air_quality_db.air_quality_silver
[2026-04-13T16:56:08.486+0000] {subprocess.py:106} INFO - 26/04/13 16:56:08 INFO MemoryStore: MemoryStore started with capacity 1048.8 MiB
[2026-04-13T16:56:08.548+0000] {subprocess.py:106} INFO - 26/04/13 16:56:08 INFO MemoryStore: Block broadcast_0 stored as values in memory (estimated size 32.0 KiB, free 1048.8 MiB)
[2026-04-13T16:56:08.662+0000] {subprocess.py:106} INFO - 26/04/13 16:56:08 INFO MemoryStore: Block broadcast_0_piece0 stored as bytes in memory (estimated size 34.8 KiB, free 1048.7 MiB)
[2026-04-13T16:56:08.674+0000] {subprocess.py:106} INFO - 26/04/13 16:56:08 INFO SparkContext: Created broadcast 0 from broadcast at SparkBatch.java:87
[2026-04-13T16:56:08.830+0000] {subprocess.py:106} INFO - 26/04/13 16:56:08 INFO MemoryStore: Block broadcast_1 stored as values in memory (estimated size 32.0 KiB, free 1048.7 MiB)
[2026-04-13T16:56:08.836+0000] {subprocess.py:106} INFO - 26/04/13 16:56:08 INFO MemoryStore: Block broadcast_1_piece0 stored as bytes in memory (estimated size 34.9 KiB, free 1048.7 MiB)
[2026-04-13T16:56:08.838+0000] {subprocess.py:106} INFO - 26/04/13 16:56:08 INFO SparkContext: Created broadcast 1 from broadcast at SparkBatch.java:87
[2026-04-13T16:56:08.932+0000] {subprocess.py:106} INFO - 26/04/13 16:56:08 WARN SparkStringUtils: Truncated the string representation of a plan since it was too large. This behavior can be adjusted by setting 'spark.sql.debug.maxToStringFields'.
[2026-04-13T16:56:09.577+0000] {subprocess.py:106} INFO - 26/04/13 16:56:09 INFO CodeGenerator: Code generated in 397.594832 ms
[2026-04-13T16:56:09.744+0000] {subprocess.py:106} INFO - 26/04/13 16:56:09 INFO MemoryStore: Block broadcast_2 stored as values in memory (estimated size 32.0 KiB, free 1048.6 MiB)
[2026-04-13T16:56:09.750+0000] {subprocess.py:106} INFO - 26/04/13 16:56:09 INFO MemoryStore: Block broadcast_2_piece0 stored as bytes in memory (estimated size 34.8 KiB, free 1048.6 MiB)
[2026-04-13T16:56:09.753+0000] {subprocess.py:106} INFO - 26/04/13 16:56:09 INFO SparkContext: Created broadcast 2 from broadcast at SparkWrite.java:198
[2026-04-13T16:56:09.758+0000] {subprocess.py:106} INFO - 26/04/13 16:56:09 INFO AppendDataExec: Start processing data source write support: IcebergBatchWrite(table=iceberg.air_quality_ml.air_quality_gold, format=PARQUET). The input RDD has 15} partitions.
[2026-04-13T16:56:09.830+0000] {subprocess.py:106} INFO - 26/04/13 16:56:09 INFO SparkContext: Starting job: append at NativeMethodAccessorImpl.java:0
[2026-04-13T16:56:09.863+0000] {subprocess.py:106} INFO - 26/04/13 16:56:09 INFO DAGScheduler: Got job 0 (append at NativeMethodAccessorImpl.java:0) with 15 output partitions
[2026-04-13T16:56:09.868+0000] {subprocess.py:106} INFO - 26/04/13 16:56:09 INFO DAGScheduler: Final stage: ResultStage 0 (append at NativeMethodAccessorImpl.java:0)
[2026-04-13T16:56:09.871+0000] {subprocess.py:106} INFO - 26/04/13 16:56:09 INFO DAGScheduler: Parents of final stage: List()
[2026-04-13T16:56:09.878+0000] {subprocess.py:106} INFO - 26/04/13 16:56:09 INFO DAGScheduler: Missing parents: List()
[2026-04-13T16:56:09.888+0000] {subprocess.py:106} INFO - 26/04/13 16:56:09 INFO DAGScheduler: Submitting ResultStage 0 (MapPartitionsRDD[2] at append at NativeMethodAccessorImpl.java:0), which has no missing parents
[2026-04-13T16:56:10.001+0000] {subprocess.py:106} INFO - 26/04/13 16:56:09 INFO MemoryStore: Block broadcast_3 stored as values in memory (estimated size 33.8 KiB, free 1048.6 MiB)
[2026-04-13T16:56:10.005+0000] {subprocess.py:106} INFO - 26/04/13 16:56:10 INFO MemoryStore: Block broadcast_3_piece0 stored as bytes in memory (estimated size 10.3 KiB, free 1048.6 MiB)
[2026-04-13T16:56:10.007+0000] {subprocess.py:106} INFO - 26/04/13 16:56:10 INFO SparkContext: Created broadcast 3 from broadcast at DAGScheduler.scala:1676
[2026-04-13T16:56:10.051+0000] {subprocess.py:106} INFO - 26/04/13 16:56:10 INFO DAGScheduler: Submitting 15 missing tasks from ResultStage 0 (MapPartitionsRDD[2] at append at NativeMethodAccessorImpl.java:0) (first 15 tasks are for partitions Vector(0, 1, 2, 3, 4, 5, 6, 7, 8, 9, 10, 11, 12, 13, 14))
[2026-04-13T16:56:10.058+0000] {subprocess.py:106} INFO - 26/04/13 16:56:10 INFO TaskSchedulerImpl: Adding task set 0.0 with 15 tasks resource profile 0
[2026-04-13T16:56:10.127+0000] {subprocess.py:106} INFO - 26/04/13 16:56:10 INFO TaskSetManager: Starting task 0.0 in stage 0.0 (TID 0) (spark-master,executor driver, partition 0, ANY, 22261 bytes)
[2026-04-13T16:56:10.134+0000] {subprocess.py:106} INFO - 26/04/13 16:56:10 INFO TaskSetManager: Starting task 1.0 in stage 0.0 (TID 1) (spark-master,executor driver, partition 1, ANY, 22266 bytes)
[2026-04-13T16:56:10.136+0000] {subprocess.py:106} INFO - 26/04/13 16:56:10 INFO TaskSetManager: Starting task 2.0 in stage 0.0 (TID 2) (spark-master,executor driver, partition 2, ANY, 21817 bytes)
[2026-04-13T16:56:10.138+0000] {subprocess.py:106} INFO - 26/04/13 16:56:10 INFO TaskSetManager: Starting task 3.0 in stage 0.0 (TID 3) (spark-master,executor driver, partition 3, ANY, 21822 bytes)
[2026-04-13T16:56:10.141+0000] {subprocess.py:106} INFO - 26/04/13 16:56:10 INFO TaskSetManager: Starting task 4.0 in stage 0.0 (TID 4) (spark-master,executor driver, partition 4, ANY, 21820 bytes)
[2026-04-13T16:56:10.143+0000] {subprocess.py:106} INFO - 26/04/13 16:56:10 INFO TaskSetManager: Starting task 5.0 in stage 0.0 (TID 5) (spark-master,executor driver, partition 5, ANY, 21818 bytes)
[2026-04-13T16:56:10.145+0000] {subprocess.py:106} INFO - 26/04/13 16:56:10 INFO TaskSetManager: Starting task 6.0 in stage 0.0 (TID 6) (spark-master,executor driver, partition 6, ANY, 21787 bytes)
[2026-04-13T16:56:10.146+0000] {subprocess.py:106} INFO - 26/04/13 16:56:10 INFO TaskSetManager: Starting task 7.0 in stage 0.0 (TID 7) (spark-master,executor driver, partition 7, ANY, 22265 bytes)
[2026-04-13T16:56:10.148+0000] {subprocess.py:106} INFO - 26/04/13 16:56:10 INFO TaskSetManager: Starting task 8.0 in stage 0.0 (TID 8) (spark-master,executor driver, partition 8, ANY, 22259 bytes)
[2026-04-13T16:56:10.150+0000] {subprocess.py:106} INFO - 26/04/13 16:56:10 INFO TaskSetManager: Starting task 9.0 in stage 0.0 (TID 9) (spark-master,executor driver, partition 9, ANY, 22245 bytes)
[2026-04-13T16:56:10.152+0000] {subprocess.py:106} INFO - 26/04/13 16:56:10 INFO TaskSetManager: Starting task 10.0 in stage 0.0 (TID 10) (spark-master,executor driver, partition 10, ANY, 22259 bytes)
[2026-04-13T16:56:10.154+0000] {subprocess.py:106} INFO - 26/04/13 16:56:10 INFO TaskSetManager: Starting task 11.0 in stage 0.0 (TID 11) (spark-master,executor driver, partition 11, ANY, 22258 bytes)
[2026-04-13T16:56:10.156+0000] {subprocess.py:106} INFO - 26/04/13 16:56:10 INFO TaskSetManager: Starting task 12.0 in stage 0.0 (TID 12) (spark-master,executor driver, partition 12, ANY, 22247 bytes)
[2026-04-13T16:56:10.158+0000] {subprocess.py:106} INFO - 26/04/13 16:56:10 INFO TaskSetManager: Starting task 13.0 in stage 0.0 (TID 13) (spark-master,executor driver, partition 13, ANY, 22251 bytes)
[2026-04-13T16:56:10.160+0000] {subprocess.py:106} INFO - 26/04/13 16:56:10 INFO TaskSetManager: Starting task 14.0 in stage 0.0 (TID 14) (spark-master,executor driver, partition 14, ANY, 21346 bytes)
[2026-04-13T16:56:10.195+0000] {subprocess.py:106} INFO - 26/04/13 16:56:10 INFO Executor: Running task 2.0 in stage 0.0 (TID 2)
[2026-04-13T16:56:10.196+0000] {subprocess.py:106} INFO - 26/04/13 16:56:10 INFO Executor: Running task 10.0 in stage 0.0 (TID 10)
[2026-04-13T16:56:10.197+0000] {subprocess.py:106} INFO - 26/04/13 16:56:10 INFO Executor: Running task 4.0 in stage 0.0 (TID 4)
[2026-04-13T16:56:10.198+0000] {subprocess.py:106} INFO - 26/04/13 16:56:10 INFO Executor: Running task 5.0 in stage 0.0 (TID 5)
[2026-04-13T16:56:10.199+0000] {subprocess.py:106} INFO - 26/04/13 16:56:10 INFO Executor: Running task 1.0 in stage 0.0 (TID 1)
[2026-04-13T16:56:10.200+0000] {subprocess.py:106} INFO - 26/04/13 16:56:10 INFO Executor: Running task 7.0 in stage 0.0 (TID 7)
[2026-04-13T16:56:10.201+0000] {subprocess.py:106} INFO - 26/04/13 16:56:10 INFO Executor: Running task 3.0 in stage 0.0 (TID 3)
[2026-04-13T16:56:10.202+0000] {subprocess.py:106} INFO - 26/04/13 16:56:10 INFO Executor: Running task 9.0 in stage 0.0 (TID 9)
[2026-04-13T16:56:10.202+0000] {subprocess.py:106} INFO - 26/04/13 16:56:10 INFO Executor: Running task 8.0 in stage 0.0 (TID 8)
[2026-04-13T16:56:10.203+0000] {subprocess.py:106} INFO - 26/04/13 16:56:10 INFO Executor: Running task 0.0 in stage 0.0 (TID 0)
[2026-04-13T16:56:10.204+0000] {subprocess.py:106} INFO - 26/04/13 16:56:10 INFO Executor: Running task 6.0 in stage 0.0 (TID 6)
[2026-04-13T16:56:10.205+0000] {subprocess.py:106} INFO - 26/04/13 16:56:10 INFO Executor: Running task 11.0 in stage 0.0 (TID 11)
[2026-04-13T16:56:10.205+0000] {subprocess.py:106} INFO - 26/04/13 16:56:10 INFO Executor: Running task 12.0 in stage 0.0 (TID 12)
[2026-04-13T16:56:10.206+0000] {subprocess.py:106} INFO - 26/04/13 16:56:10 INFO Executor: Running task 13.0 in stage 0.0 (TID 13)
[2026-04-13T16:56:10.207+0000] {subprocess.py:106} INFO - 26/04/13 16:56:10 INFO Executor: Running task 14.0 in stage 0.0 (TID 14)
[2026-04-13T16:56:10.569+0000] {subprocess.py:106} INFO - 26/04/13 16:56:10 INFO CodeGenerator: Code generated in 83.466892 ms
[2026-04-13T16:56:10.792+0000] {subprocess.py:106} INFO - 26/04/13 16:56:10 INFO CodecPool: Got brand-new compressor [.zstd]
[2026-04-13T16:56:10.793+0000] {subprocess.py:106} INFO - 26/04/13 16:56:10 INFO CodecPool: Got brand-new compressor [.zstd]
[2026-04-13T16:56:10.794+0000] {subprocess.py:106} INFO - 26/04/13 16:56:10 INFO CodecPool: Got brand-new compressor [.zstd]
[2026-04-13T16:56:10.795+0000] {subprocess.py:106} INFO - 26/04/13 16:56:10 INFO CodecPool: Got brand-new compressor [.zstd]
[2026-04-13T16:56:10.795+0000] {subprocess.py:106} INFO - 26/04/13 16:56:10 INFO CodecPool: Got brand-new compressor [.zstd]
[2026-04-13T16:56:10.796+0000] {subprocess.py:106} INFO - 26/04/13 16:56:10 INFO CodecPool: Got brand-new compressor [.zstd]
[2026-04-13T16:56:10.797+0000] {subprocess.py:106} INFO - 26/04/13 16:56:10 INFO CodecPool: Got brand-new compressor [.zstd]
[2026-04-13T16:56:10.798+0000] {subprocess.py:106} INFO - 26/04/13 16:56:10 INFO CodecPool: Got brand-new compressor [.zstd]
[2026-04-13T16:56:10.798+0000] {subprocess.py:106} INFO - 26/04/13 16:56:10 INFO CodecPool: Got brand-new compressor [.zstd]
[2026-04-13T16:56:10.799+0000] {subprocess.py:106} INFO - 26/04/13 16:56:10 INFO CodecPool: Got brand-new compressor [.zstd]
[2026-04-13T16:56:10.800+0000] {subprocess.py:106} INFO - 26/04/13 16:56:10 INFO CodecPool: Got brand-new compressor [.zstd]
[2026-04-13T16:56:10.800+0000] {subprocess.py:106} INFO - 26/04/13 16:56:10 INFO CodecPool: Got brand-new compressor [.zstd]
[2026-04-13T16:56:10.801+0000] {subprocess.py:106} INFO - 26/04/13 16:56:10 INFO CodecPool: Got brand-new compressor [.zstd]
[2026-04-13T16:56:10.802+0000] {subprocess.py:106} INFO - 26/04/13 16:56:10 INFO CodecPool: Got brand-new compressor [.zstd]
[2026-04-13T16:56:10.803+0000] {subprocess.py:106} INFO - 26/04/13 16:56:10 INFO CodecPool: Got brand-new compressor [.zstd]
[2026-04-13T16:56:12.344+0000] {subprocess.py:106} INFO - 26/04/13 16:56:12 INFO VectorizedSparkParquetReaders: Enabling arrow.enable_unsafe_memory_access
[2026-04-13T16:56:12.347+0000] {subprocess.py:106} INFO - 26/04/13 16:56:12 INFO VectorizedSparkParquetReaders: Disabling arrow.enable_null_check_for_get
[2026-04-13T16:56:12.353+0000] {subprocess.py:106} INFO - 26/04/13 16:56:12 INFO BaseAllocator: Debug mode disabled. Enable with the VM option -Darrow.memory.debug.allocator=true.
[2026-04-13T16:56:12.358+0000] {subprocess.py:106} INFO - 26/04/13 16:56:12 INFO DefaultAllocationManagerOption: allocation manager type not specified, using netty as the default type
[2026-04-13T16:56:12.359+0000] {subprocess.py:106} INFO - 26/04/13 16:56:12 INFO CheckAllocator: Using DefaultAllocationManager at memory/DefaultAllocationManagerFactory.class
[2026-04-13T16:56:12.594+0000] {subprocess.py:106} INFO - 26/04/13 16:56:12 INFO CodecPool: Got brand-new decompressor [.zstd]
[2026-04-13T16:56:12.595+0000] {subprocess.py:106} INFO - 26/04/13 16:56:12 INFO CodecPool: Got brand-new decompressor [.zstd]
[2026-04-13T16:56:12.596+0000] {subprocess.py:106} INFO - 26/04/13 16:56:12 INFO CodecPool: Got brand-new decompressor [.zstd]
[2026-04-13T16:56:12.597+0000] {subprocess.py:106} INFO - 26/04/13 16:56:12 INFO CodecPool: Got brand-new decompressor [.zstd]
[2026-04-13T16:56:12.597+0000] {subprocess.py:106} INFO - 26/04/13 16:56:12 INFO CodecPool: Got brand-new decompressor [.zstd]
[2026-04-13T16:56:12.604+0000] {subprocess.py:106} INFO - 26/04/13 16:56:12 INFO CodecPool: Got brand-new decompressor [.zstd]
[2026-04-13T16:56:12.607+0000] {subprocess.py:106} INFO - 26/04/13 16:56:12 INFO CodecPool: Got brand-new decompressor [.zstd]
[2026-04-13T16:56:12.608+0000] {subprocess.py:106} INFO - 26/04/13 16:56:12 INFO CodecPool: Got brand-new decompressor [.zstd]
[2026-04-13T16:56:12.609+0000] {subprocess.py:106} INFO - 26/04/13 16:56:12 INFO CodecPool: Got brand-new decompressor [.zstd]
[2026-04-13T16:56:12.609+0000] {subprocess.py:106} INFO - 26/04/13 16:56:12 INFO CodecPool: Got brand-new decompressor [.zstd]
[2026-04-13T16:56:12.610+0000] {subprocess.py:106} INFO - 26/04/13 16:56:12 INFO CodecPool: Got brand-new decompressor [.zstd]
[2026-04-13T16:56:12.611+0000] {subprocess.py:106} INFO - 26/04/13 16:56:12 INFO CodecPool: Got brand-new decompressor [.zstd]
[2026-04-13T16:56:12.612+0000] {subprocess.py:106} INFO - 26/04/13 16:56:12 INFO CodecPool: Got brand-new decompressor [.zstd]
[2026-04-13T16:56:12.613+0000] {subprocess.py:106} INFO - 26/04/13 16:56:12 INFO CodecPool: Got brand-new decompressor [.zstd]
[2026-04-13T16:56:12.614+0000] {subprocess.py:106} INFO - 26/04/13 16:56:12 INFO CodecPool: Got brand-new decompressor [.zstd]
[2026-04-13T16:56:13.119+0000] {subprocess.py:106} INFO - 26/04/13 16:56:13 INFO CodecPool: Got brand-new decompressor [.zstd]
[2026-04-13T16:56:13.123+0000] {subprocess.py:106} INFO - 26/04/13 16:56:13 INFO CodecPool: Got brand-new decompressor [.zstd]
[2026-04-13T16:56:13.130+0000] {subprocess.py:106} INFO - 26/04/13 16:56:13 INFO CodecPool: Got brand-new decompressor [.zstd]
[2026-04-13T16:56:13.137+0000] {subprocess.py:106} INFO - 26/04/13 16:56:13 INFO CodecPool: Got brand-new decompressor [.zstd]
[2026-04-13T16:56:13.147+0000] {subprocess.py:106} INFO - 26/04/13 16:56:13 INFO CodecPool: Got brand-new decompressor [.zstd]
[2026-04-13T16:56:13.150+0000] {subprocess.py:106} INFO - 26/04/13 16:56:13 INFO CodecPool: Got brand-new decompressor [.zstd]
[2026-04-13T16:56:13.152+0000] {subprocess.py:106} INFO - 26/04/13 16:56:13 INFO CodecPool: Got brand-new decompressor [.zstd]
[2026-04-13T16:56:13.154+0000] {subprocess.py:106} INFO - 26/04/13 16:56:13 INFO CodecPool: Got brand-new decompressor [.zstd]
[2026-04-13T16:56:13.155+0000] {subprocess.py:106} INFO - 26/04/13 16:56:13 INFO CodecPool: Got brand-new decompressor [.zstd]
[2026-04-13T16:56:13.157+0000] {subprocess.py:106} INFO - 26/04/13 16:56:13 INFO CodecPool: Got brand-new decompressor [.zstd]
[2026-04-13T16:56:13.162+0000] {subprocess.py:106} INFO - 26/04/13 16:56:13 INFO CodecPool: Got brand-new decompressor [.zstd]
[2026-04-13T16:56:13.164+0000] {subprocess.py:106} INFO - 26/04/13 16:56:13 INFO CodecPool: Got brand-new decompressor [.zstd]
[2026-04-13T16:56:13.170+0000] {subprocess.py:106} INFO - 26/04/13 16:56:13 INFO CodecPool: Got brand-new decompressor [.zstd]
[2026-04-13T16:56:13.174+0000] {subprocess.py:106} INFO - 26/04/13 16:56:13 INFO CodecPool: Got brand-new decompressor [.zstd]
[2026-04-13T16:56:13.176+0000] {subprocess.py:106} INFO - 26/04/13 16:56:13 INFO CodecPool: Got brand-new decompressor [.zstd]
[2026-04-13T16:56:13.216+0000] {subprocess.py:106} INFO - 26/04/13 16:56:13 INFO CodecPool: Got brand-new decompressor [.zstd]
[2026-04-13T16:56:13.224+0000] {subprocess.py:106} INFO - 26/04/13 16:56:13 INFO CodecPool: Got brand-new decompressor [.zstd]
[2026-04-13T16:56:13.225+0000] {subprocess.py:106} INFO - 26/04/13 16:56:13 INFO CodecPool: Got brand-new decompressor [.zstd]
[2026-04-13T16:56:13.226+0000] {subprocess.py:106} INFO - 26/04/13 16:56:13 INFO CodecPool: Got brand-new decompressor [.zstd]
[2026-04-13T16:56:13.227+0000] {subprocess.py:106} INFO - 26/04/13 16:56:13 INFO CodecPool: Got brand-new decompressor [.zstd]
[2026-04-13T16:56:13.238+0000] {subprocess.py:106} INFO - 26/04/13 16:56:13 INFO CodecPool: Got brand-new decompressor [.zstd]
[2026-04-13T16:56:13.242+0000] {subprocess.py:106} INFO - 26/04/13 16:56:13 INFO CodecPool: Got brand-new decompressor [.zstd]
[2026-04-13T16:56:13.295+0000] {subprocess.py:106} INFO - 26/04/13 16:56:13 INFO CodecPool: Got brand-new decompressor [.zstd]
[2026-04-13T16:56:13.343+0000] {subprocess.py:106} INFO - 26/04/13 16:56:13 INFO CodecPool: Got brand-new decompressor [.zstd]
[2026-04-13T16:56:13.369+0000] {subprocess.py:106} INFO - 26/04/13 16:56:13 INFO DataWritingSparkTask: Writer for partition 5 is committing.
[2026-04-13T16:56:13.412+0000] {subprocess.py:106} INFO - 26/04/13 16:56:13 INFO CodecPool: Got brand-new decompressor [.zstd]
[2026-04-13T16:56:13.418+0000] {subprocess.py:106} INFO - 26/04/13 16:56:13 INFO CodecPool: Got brand-new decompressor [.zstd]
[2026-04-13T16:56:13.430+0000] {subprocess.py:106} INFO - 26/04/13 16:56:13 INFO CodecPool: Got brand-new decompressor [.zstd]
[2026-04-13T16:56:13.433+0000] {subprocess.py:106} INFO - 26/04/13 16:56:13 INFO CodecPool: Got brand-new decompressor [.zstd]
[2026-04-13T16:56:13.436+0000] {subprocess.py:106} INFO - 26/04/13 16:56:13 INFO CodecPool: Got brand-new decompressor [.zstd]
[2026-04-13T16:56:13.437+0000] {subprocess.py:106} INFO - 26/04/13 16:56:13 INFO CodecPool: Got brand-new decompressor [.zstd]
[2026-04-13T16:56:13.439+0000] {subprocess.py:106} INFO - 26/04/13 16:56:13 INFO CodecPool: Got brand-new decompressor [.zstd]
[2026-04-13T16:56:13.441+0000] {subprocess.py:106} INFO - 26/04/13 16:56:13 INFO CodecPool: Got brand-new decompressor [.zstd]
[2026-04-13T16:56:13.464+0000] {subprocess.py:106} INFO - 26/04/13 16:56:13 INFO DataWritingSparkTask: Writer for partition 0 is committing.
[2026-04-13T16:56:13.465+0000] {subprocess.py:106} INFO - 26/04/13 16:56:13 INFO CodecPool: Got brand-new decompressor [.zstd]
[2026-04-13T16:56:13.466+0000] {subprocess.py:106} INFO - 26/04/13 16:56:13 INFO CodecPool: Got brand-new decompressor [.zstd]
[2026-04-13T16:56:13.476+0000] {subprocess.py:106} INFO - 26/04/13 16:56:13 INFO CodecPool: Got brand-new decompressor [.zstd]
[2026-04-13T16:56:13.489+0000] {subprocess.py:106} INFO - 26/04/13 16:56:13 INFO CodecPool: Got brand-new decompressor [.zstd]
[2026-04-13T16:56:13.491+0000] {subprocess.py:106} INFO - 26/04/13 16:56:13 INFO CodecPool: Got brand-new decompressor [.zstd]
[2026-04-13T16:56:13.494+0000] {subprocess.py:106} INFO - 26/04/13 16:56:13 INFO DataWritingSparkTask: Writer for partition 7 is committing.
[2026-04-13T16:56:13.499+0000] {subprocess.py:106} INFO - 26/04/13 16:56:13 INFO DataWritingSparkTask: Writer for partition 6 is committing.
[2026-04-13T16:56:13.514+0000] {subprocess.py:106} INFO - 26/04/13 16:56:13 INFO CodecPool: Got brand-new decompressor [.zstd]
[2026-04-13T16:56:13.519+0000] {subprocess.py:106} INFO - 26/04/13 16:56:13 INFO CodecPool: Got brand-new decompressor [.zstd]
[2026-04-13T16:56:13.523+0000] {subprocess.py:106} INFO - 26/04/13 16:56:13 INFO DataWritingSparkTask: Writer for partition 12 is committing.
[2026-04-13T16:56:13.526+0000] {subprocess.py:106} INFO - 26/04/13 16:56:13 INFO CodecPool: Got brand-new decompressor [.zstd]
[2026-04-13T16:56:13.534+0000] {subprocess.py:106} INFO - 26/04/13 16:56:13 INFO DataWritingSparkTask: Writer for partition 14 is committing.
[2026-04-13T16:56:13.537+0000] {subprocess.py:106} INFO - 26/04/13 16:56:13 INFO DataWritingSparkTask: Writer for partition 8 is committing.
[2026-04-13T16:56:13.538+0000] {subprocess.py:106} INFO - 26/04/13 16:56:13 INFO DataWritingSparkTask: Writer for partition 9 is committing.
[2026-04-13T16:56:13.542+0000] {subprocess.py:106} INFO - 26/04/13 16:56:13 INFO DataWritingSparkTask: Writer for partition 3 is committing.
[2026-04-13T16:56:13.545+0000] {subprocess.py:106} INFO - 26/04/13 16:56:13 INFO DataWritingSparkTask: Writer for partition 10 is committing.
[2026-04-13T16:56:13.559+0000] {subprocess.py:106} INFO - 26/04/13 16:56:13 INFO CodecPool: Got brand-new decompressor [.zstd]
[2026-04-13T16:56:13.564+0000] {subprocess.py:106} INFO - 26/04/13 16:56:13 INFO CodecPool: Got brand-new decompressor [.zstd]
[2026-04-13T16:56:13.569+0000] {subprocess.py:106} INFO - 26/04/13 16:56:13 INFO CodecPool: Got brand-new decompressor [.zstd]
[2026-04-13T16:56:13.570+0000] {subprocess.py:106} INFO - 26/04/13 16:56:13 INFO DataWritingSparkTask: Writer for partition 2 is committing.
[2026-04-13T16:56:13.572+0000] {subprocess.py:106} INFO - 26/04/13 16:56:13 INFO DataWritingSparkTask: Writer for partition 13 is committing.
[2026-04-13T16:56:13.583+0000] {subprocess.py:106} INFO - 26/04/13 16:56:13 INFO DataWritingSparkTask: Writer for partition 1 is committing.
[2026-04-13T16:56:13.740+0000] {subprocess.py:106} INFO - 26/04/13 16:56:13 INFO CodecPool: Got brand-new decompressor [.zstd]
[2026-04-13T16:56:13.743+0000] {subprocess.py:106} INFO - 26/04/13 16:56:13 INFO CodecPool: Got brand-new decompressor [.zstd]
[2026-04-13T16:56:13.749+0000] {subprocess.py:106} INFO - 26/04/13 16:56:13 INFO DataWritingSparkTask: Writer for partition 11 is committing.
[2026-04-13T16:56:13.752+0000] {subprocess.py:106} INFO - 26/04/13 16:56:13 INFO DataWritingSparkTask: Writer for partition 4 is committing.
[2026-04-13T16:56:14.473+0000] {subprocess.py:106} INFO - 26/04/13 16:56:14 INFO DataWritingSparkTask: Committed partition 5 (task 5, attempt 0, stage 0.0)
[2026-04-13T16:56:14.474+0000] {subprocess.py:106} INFO - 26/04/13 16:56:14 INFO DataWritingSparkTask: Committed partition 6 (task 6, attempt 0, stage 0.0)
[2026-04-13T16:56:14.476+0000] {subprocess.py:106} INFO - 26/04/13 16:56:14 INFO DataWritingSparkTask: Committed partition 4 (task 4, attempt 0, stage 0.0)
[2026-04-13T16:56:14.525+0000] {subprocess.py:106} INFO - 26/04/13 16:56:14 INFO Executor: Finished task 4.0 in stage 0.0 (TID 4). 9559 bytes result sent to driver
[2026-04-13T16:56:14.526+0000] {subprocess.py:106} INFO - 26/04/13 16:56:14 INFO Executor: Finished task 6.0 in stage 0.0 (TID 6). 9514 bytes result sent to driver
[2026-04-13T16:56:14.527+0000] {subprocess.py:106} INFO - 26/04/13 16:56:14 INFO Executor: Finished task 5.0 in stage 0.0 (TID 5). 9564 bytes result sent to driver
[2026-04-13T16:56:14.556+0000] {subprocess.py:106} INFO - 26/04/13 16:56:14 INFO TaskSetManager: Finished task 6.0 in stage 0.0 (TID 6) in 4408 ms on spark-master (executor driver) (1/15)
[2026-04-13T16:56:14.561+0000] {subprocess.py:106} INFO - 26/04/13 16:56:14 INFO TaskSetManager: Finished task 4.0 in stage 0.0 (TID 4) in 4420 ms on spark-master (executor driver) (2/15)
[2026-04-13T16:56:14.563+0000] {subprocess.py:106} INFO - 26/04/13 16:56:14 INFO TaskSetManager: Finished task 5.0 in stage 0.0 (TID 5) in 4420 ms on spark-master (executor driver) (3/15)
[2026-04-13T16:56:14.795+0000] {subprocess.py:106} INFO - 26/04/13 16:56:14 INFO DataWritingSparkTask: Committed partition 8 (task 8, attempt 0, stage 0.0)
[2026-04-13T16:56:14.803+0000] {subprocess.py:106} INFO - 26/04/13 16:56:14 INFO DataWritingSparkTask: Committed partition 14 (task 14, attempt 0, stage 0.0)
[2026-04-13T16:56:14.804+0000] {subprocess.py:106} INFO - 26/04/13 16:56:14 INFO DataWritingSparkTask: Committed partition 1 (task 1, attempt 0, stage 0.0)
[2026-04-13T16:56:14.804+0000] {subprocess.py:106} INFO - 26/04/13 16:56:14 INFO DataWritingSparkTask: Committed partition 2 (task 2, attempt 0, stage 0.0)
[2026-04-13T16:56:14.805+0000] {subprocess.py:106} INFO - 26/04/13 16:56:14 INFO Executor: Finished task 8.0 in stage 0.0 (TID 8). 9528 bytes result sent to driver
[2026-04-13T16:56:14.806+0000] {subprocess.py:106} INFO - 26/04/13 16:56:14 INFO DataWritingSparkTask: Committed partition 9 (task 9, attempt 0, stage 0.0)
[2026-04-13T16:56:14.807+0000] {subprocess.py:106} INFO - 26/04/13 16:56:14 INFO DataWritingSparkTask: Committed partition 3 (task 3, attempt 0, stage 0.0)
[2026-04-13T16:56:14.808+0000] {subprocess.py:106} INFO - 26/04/13 16:56:14 INFO DataWritingSparkTask: Committed partition 0 (task 0, attempt 0, stage 0.0)
[2026-04-13T16:56:14.808+0000] {subprocess.py:106} INFO - 26/04/13 16:56:14 INFO Executor: Finished task 2.0 in stage 0.0 (TID 2). 9512 bytes result sent to driver
[2026-04-13T16:56:14.811+0000] {subprocess.py:106} INFO - 26/04/13 16:56:14 INFO DataWritingSparkTask: Committed partition 7 (task 7, attempt 0, stage 0.0)
[2026-04-13T16:56:14.812+0000] {subprocess.py:106} INFO - 26/04/13 16:56:14 INFO TaskSetManager: Finished task 8.0 in stage 0.0 (TID 8) in 4657 ms on spark-master (executor driver) (4/15)
[2026-04-13T16:56:14.814+0000] {subprocess.py:106} INFO - 26/04/13 16:56:14 INFO Executor: Finished task 1.0 in stage 0.0 (TID 1). 9540 bytes result sent to driver
[2026-04-13T16:56:14.814+0000] {subprocess.py:106} INFO - 26/04/13 16:56:14 INFO Executor: Finished task 14.0 in stage 0.0 (TID 14). 9545 bytes result sent to driver
[2026-04-13T16:56:14.815+0000] {subprocess.py:106} INFO - 26/04/13 16:56:14 INFO Executor: Finished task 0.0 in stage 0.0 (TID 0). 9541 bytes result sent to driver
[2026-04-13T16:56:14.816+0000] {subprocess.py:106} INFO - 26/04/13 16:56:14 INFO Executor: Finished task 3.0 in stage 0.0 (TID 3). 9541 bytes result sent to driver
[2026-04-13T16:56:14.817+0000] {subprocess.py:106} INFO - 26/04/13 16:56:14 INFO TaskSetManager: Finished task 2.0 in stage 0.0 (TID 2) in 4673 ms on spark-master (executor driver) (5/15)
[2026-04-13T16:56:14.818+0000] {subprocess.py:106} INFO - 26/04/13 16:56:14 INFO Executor: Finished task 9.0 in stage 0.0 (TID 9). 9510 bytes result sent to driver
[2026-04-13T16:56:14.819+0000] {subprocess.py:106} INFO - 26/04/13 16:56:14 INFO TaskSetManager: Finished task 1.0 in stage 0.0 (TID 1) in 4677 ms on spark-master (executor driver) (6/15)
[2026-04-13T16:56:14.819+0000] {subprocess.py:106} INFO - 26/04/13 16:56:14 INFO TaskSetManager: Finished task 14.0 in stage 0.0 (TID 14) in 4651 ms on spark-master (executor driver) (7/15)
[2026-04-13T16:56:14.822+0000] {subprocess.py:106} INFO - 26/04/13 16:56:14 INFO TaskSetManager: Finished task 0.0 in stage 0.0 (TID 0) in 4722 ms on spark-master (executor driver) (8/15)
[2026-04-13T16:56:14.824+0000] {subprocess.py:106} INFO - 26/04/13 16:56:14 INFO TaskSetManager: Finished task 3.0 in stage 0.0 (TID 3) in 4675 ms on spark-master (executor driver) (9/15)
[2026-04-13T16:56:14.826+0000] {subprocess.py:106} INFO - 26/04/13 16:56:14 INFO Executor: Finished task 7.0 in stage 0.0 (TID 7). 9471 bytes result sent to driver
[2026-04-13T16:56:14.827+0000] {subprocess.py:106} INFO - 26/04/13 16:56:14 INFO TaskSetManager: Finished task 9.0 in stage 0.0 (TID 9) in 4669 ms on spark-master (executor driver) (10/15)
[2026-04-13T16:56:14.828+0000] {subprocess.py:106} INFO - 26/04/13 16:56:14 INFO TaskSetManager: Finished task 7.0 in stage 0.0 (TID 7) in 4674 ms on spark-master (executor driver) (11/15)
[2026-04-13T16:56:14.834+0000] {subprocess.py:106} INFO - 26/04/13 16:56:14 INFO DataWritingSparkTask: Committed partition 12 (task 12, attempt 0, stage 0.0)
[2026-04-13T16:56:14.836+0000] {subprocess.py:106} INFO - 26/04/13 16:56:14 INFO DataWritingSparkTask: Committed partition 10 (task 10, attempt 0, stage 0.0)
[2026-04-13T16:56:14.837+0000] {subprocess.py:106} INFO - 26/04/13 16:56:14 INFO Executor: Finished task 12.0 in stage 0.0 (TID 12). 9449 bytes result sent to driver
[2026-04-13T16:56:14.843+0000] {subprocess.py:106} INFO - 26/04/13 16:56:14 INFO Executor: Finished task 10.0 in stage 0.0 (TID 10). 9470 bytes result sent to driver
[2026-04-13T16:56:14.845+0000] {subprocess.py:106} INFO - 26/04/13 16:56:14 INFO DataWritingSparkTask: Committed partition 11 (task 11, attempt 0, stage 0.0)
[2026-04-13T16:56:14.846+0000] {subprocess.py:106} INFO - 26/04/13 16:56:14 INFO DataWritingSparkTask: Committed partition 13 (task 13, attempt 0, stage 0.0)
[2026-04-13T16:56:14.847+0000] {subprocess.py:106} INFO - 26/04/13 16:56:14 INFO TaskSetManager: Finished task 10.0 in stage 0.0 (TID 10) in 4692 ms on spark-master (executor driver) (12/15)
[2026-04-13T16:56:14.848+0000] {subprocess.py:106} INFO - 26/04/13 16:56:14 INFO TaskSetManager: Finished task 12.0 in stage 0.0 (TID 12) in 4689 ms on spark-master (executor driver) (13/15)
[2026-04-13T16:56:14.849+0000] {subprocess.py:106} INFO - 26/04/13 16:56:14 INFO Executor: Finished task 13.0 in stage 0.0 (TID 13). 9473 bytes result sent to driver
[2026-04-13T16:56:14.850+0000] {subprocess.py:106} INFO - 26/04/13 16:56:14 INFO TaskSetManager: Finished task 13.0 in stage 0.0 (TID 13) in 4693 ms on spark-master (executor driver) (14/15)
[2026-04-13T16:56:14.851+0000] {subprocess.py:106} INFO - 26/04/13 16:56:14 INFO Executor: Finished task 11.0 in stage 0.0 (TID 11). 9561 bytes result sent to driver
[2026-04-13T16:56:14.857+0000] {subprocess.py:106} INFO - 26/04/13 16:56:14 INFO TaskSetManager: Finished task 11.0 in stage 0.0 (TID 11) in 4704 ms on spark-master (executor driver) (15/15)
[2026-04-13T16:56:14.862+0000] {subprocess.py:106} INFO - 26/04/13 16:56:14 INFO DAGScheduler: ResultStage 0 (append at NativeMethodAccessorImpl.java:0) finished in 4936 ms
[2026-04-13T16:56:14.863+0000] {subprocess.py:106} INFO - 26/04/13 16:56:14 INFO TaskSchedulerImpl: Removed TaskSet 0.0 whose tasks have all completed, from pool
[2026-04-13T16:56:14.869+0000] {subprocess.py:106} INFO - 26/04/13 16:56:14 INFO DAGScheduler: Job 0 is finished. Cancelling potential speculative or zombie tasks for this job
[2026-04-13T16:56:14.870+0000] {subprocess.py:106} INFO - 26/04/13 16:56:14 INFO TaskSchedulerImpl: Canceling stage 0
[2026-04-13T16:56:14.873+0000] {subprocess.py:106} INFO - 26/04/13 16:56:14 INFO TaskSchedulerImpl: Killing all running tasks in stage 0: Stage finished
[2026-04-13T16:56:14.881+0000] {subprocess.py:106} INFO - 26/04/13 16:56:14 INFO DAGScheduler: Job 0 finished: append at NativeMethodAccessorImpl.java:0, took 5049.733889 ms
[2026-04-13T16:56:14.885+0000] {subprocess.py:106} INFO - 26/04/13 16:56:14 INFO AppendDataExec: Data source write support IcebergBatchWrite(table=iceberg.air_quality_ml.air_quality_gold, format=PARQUET) is committing.
[2026-04-13T16:56:14.926+0000] {subprocess.py:106} INFO - 26/04/13 16:56:14 INFO SparkWrite: Committing append with 15 new data files to table iceberg.air_quality_ml.air_quality_gold
[2026-04-13T16:56:16.954+0000] {subprocess.py:106} INFO - 26/04/13 16:56:16 INFO HiveTableOperations: Committed to table iceberg.air_quality_ml.air_quality_gold with the new metadata location hdfs://23133083thuyvan-master:9000/user/hive/lakehouse/gold/ml/air_quality_gold/metadata/00014-d65b27c6-69e3-4023-89fd-b34e3783336f.metadata.json
[2026-04-13T16:56:16.955+0000] {subprocess.py:106} INFO - 26/04/13 16:56:16 INFO BaseMetastoreTableOperations: Successfully committed to table iceberg.air_quality_ml.air_quality_gold in 913 ms
[2026-04-13T16:56:16.956+0000] {subprocess.py:106} INFO - 26/04/13 16:56:16 INFO SnapshotProducer: Committed snapshot 4010163778387658562 (MergeAppend)
[2026-04-13T16:56:17.006+0000] {subprocess.py:106} INFO - 26/04/13 16:56:17 INFO BaseMetastoreTableOperations: Refreshing table metadata from new version: hdfs://23133083thuyvan-master:9000/user/hive/lakehouse/gold/ml/air_quality_gold/metadata/00014-d65b27c6-69e3-4023-89fd-b34e3783336f.metadata.json
[2026-04-13T16:56:17.048+0000] {subprocess.py:106} INFO - 26/04/13 16:56:17 INFO LoggingMetricsReporter: Received metrics report: CommitReport{tableName=iceberg.air_quality_ml.air_quality_gold, snapshotId=4010163778387658562, sequenceNumber=15, operation=append, commitMetrics=CommitMetricsResult{totalDuration=TimerResult{timeUnit=NANOSECONDS, totalDuration=PT2.038194391S, count=1}, attempts=CounterResult{unit=COUNT, value=1}, addedDataFiles=CounterResult{unit=COUNT, value=15}, removedDataFiles=null, totalDataFiles=CounterResult{unit=COUNT, value=225}, addedDeleteFiles=null, addedEqualityDeleteFiles=null, addedPositionalDeleteFiles=null, addedDVs=null, removedDeleteFiles=null, removedEqualityDeleteFiles=null, removedPositionalDeleteFiles=null, removedDVs=null, totalDeleteFiles=CounterResult{unit=COUNT, value=0}, addedRecords=CounterResult{unit=COUNT, value=100}, removedRecords=null, totalRecords=CounterResult{unit=COUNT, value=1500}, addedFilesSizeInBytes=CounterResult{unit=BYTES, value=147749}, removedFilesSizeInBytes=null, totalFilesSizeInBytes=CounterResult{unit=BYTES, value=2196757}, addedPositionalDeletes=null, removedPositionalDeletes=null, totalPositionalDeletes=CounterResult{unit=COUNT, value=0}, addedEqualityDeletes=null, removedEqualityDeletes=null, totalEqualityDeletes=CounterResult{unit=COUNT, value=0}, manifestsCreated=null, manifestsReplaced=null, manifestsKept=null, manifestEntriesProcessed=null}, metadata={engine-version=4.0.2, app-id=local-1776099356187, engine-name=spark, iceberg-version=Apache Iceberg 1.10.1 (commit ccb8bc435062171e64bc8b7e5f56e6aed9c5b934)}}
[2026-04-13T16:56:17.048+0000] {subprocess.py:106} INFO - 26/04/13 16:56:17 INFO SparkWrite: Committed in 2114 ms
[2026-04-13T16:56:17.049+0000] {subprocess.py:106} INFO - 26/04/13 16:56:17 INFO AppendDataExec: Data source write support IcebergBatchWrite(table=iceberg.air_quality_ml.air_quality_gold, format=PARQUET) committed.
[2026-04-13T16:56:17.053+0000] {subprocess.py:106} INFO - Dữ liệu đã được append vào iceberg.air_quality_ml.air_quality_gold.
[2026-04-13T16:56:17.054+0000] {subprocess.py:106} INFO - ETL from Silver to Gold completed!
[2026-04-13T16:56:17.057+0000] {subprocess.py:106} INFO - 26/04/13 16:56:17 INFO SparkContext: SparkContext is stopping with exitCode 0 from stop at NativeMethodAccessorImpl.java:0.
[2026-04-13T16:56:17.076+0000] {subprocess.py:106} INFO - 26/04/13 16:56:17 INFO SparkUI: Stopped Spark web UI at http://spark-master:4040
[2026-04-13T16:56:17.106+0000] {subprocess.py:106} INFO - 26/04/13 16:56:17 INFO MapOutputTrackerMasterEndpoint: MapOutputTrackerMasterEndpoint stopped!
[2026-04-13T16:56:17.152+0000] {subprocess.py:106} INFO - 26/04/13 16:56:17 INFO MemoryStore: MemoryStore cleared
[2026-04-13T16:56:17.155+0000] {subprocess.py:106} INFO - 26/04/13 16:56:17 INFO BlockManager: BlockManager stopped
[2026-04-13T16:56:17.164+0000] {subprocess.py:106} INFO - 26/04/13 16:56:17 INFO BlockManagerMaster: BlockManagerMaster stopped
[2026-04-13T16:56:17.167+0000] {subprocess.py:106} INFO - 26/04/13 16:56:17 INFO OutputCommitCoordinator$OutputCommitCoordinatorEndpoint: OutputCommitCoordinator stopped!
[2026-04-13T16:56:17.194+0000] {subprocess.py:106} INFO - 26/04/13 16:56:17 INFO SparkContext: Successfully stopped SparkContext
[2026-04-13T16:56:17.506+0000] {subprocess.py:106} INFO - 26/04/13 16:56:17 INFO ShutdownHookManager: Shutdown hook called
[2026-04-13T16:56:17.506+0000] {subprocess.py:106} INFO - 26/04/13 16:56:17 INFO ShutdownHookManager: Deleting directory /tmp/spark-6c552939-4b20-46a2-9edc-df9f0336a8c1
[2026-04-13T16:56:17.517+0000] {subprocess.py:106} INFO - 26/04/13 16:56:17 INFO ShutdownHookManager: Deleting directory /tmp/spark-6c552939-4b20-46a2-9edc-df9f0336a8c1/pyspark-1dac8a7e-6ea3-4372-9188-ac1f6bfb3f38
[2026-04-13T16:56:17.528+0000] {subprocess.py:106} INFO - 26/04/13 16:56:17 INFO ShutdownHookManager: Deleting directory /tmp/spark-db47de62-7b75-46b8-9841-904423abaed7
[2026-04-13T16:56:17.540+0000] {subprocess.py:106} INFO - 26/04/13 16:56:17 INFO ShutdownHookManager: Deleting directory /tmp/artifacts-7d6eeec8-deb2-4829-9979-08261bb007d4
[2026-04-13T16:56:17.667+0000] {subprocess.py:110} INFO - Command exited with return code 0
[2026-04-13T16:56:17.739+0000] {taskinstance.py:340} INFO - ::group::Post task execution logs
[2026-04-13T16:56:17.741+0000] {taskinstance.py:352} INFO - Marking task as SUCCESS. dag_id=predict_aqi, task_id=silver_to_gold, run_id=manual__2026-04-13T16:55:28.603847+00:00, execution_date=20260413T165528, start_date=20260413T165543, end_date=20260413T165617
[2026-04-13T16:56:17.769+0000] {local_task_job_runner.py:266} INFO - Task exited with return code 0
[2026-04-13T16:56:17.806+0000] {taskinstance.py:3895} INFO - 1 downstream tasks scheduled from follow-on schedule check
[2026-04-13T16:56:17.811+0000] {local_task_job_runner.py:245} INFO - ::endgroup::
