[2026-04-13T17:45:02.817+0000] {local_task_job_runner.py:123} INFO - ::group::Pre task execution logs
[2026-04-13T17:45:03.164+0000] {taskinstance.py:2613} INFO - Dependencies all met for dep_context=non-requeueable deps ti=<TaskInstance: predict_aqi.silver_to_gold scheduled__2026-04-13T15:00:00+00:00 [queued]>
[2026-04-13T17:45:03.229+0000] {taskinstance.py:2613} INFO - Dependencies all met for dep_context=requeueable deps ti=<TaskInstance: predict_aqi.silver_to_gold scheduled__2026-04-13T15:00:00+00:00 [queued]>
[2026-04-13T17:45:03.231+0000] {taskinstance.py:2866} INFO - Starting attempt 2 of 3
[2026-04-13T17:45:03.477+0000] {taskinstance.py:2889} INFO - Executing <Task(BashOperator): silver_to_gold> on 2026-04-13 15:00:00+00:00
[2026-04-13T17:45:03.634+0000] {standard_task_runner.py:104} INFO - Running: ['airflow', 'tasks', 'run', 'predict_aqi', 'silver_to_gold', 'scheduled__2026-04-13T15:00:00+00:00', '--job-id', '207', '--raw', '--subdir', 'DAGS_FOLDER/dag_ml.py', '--cfg-path', '/tmp/tmps8eryold']
[2026-04-13T17:45:03.648+0000] {standard_task_runner.py:105} INFO - Job 207: Subtask silver_to_gold
[2026-04-13T17:45:03.662+0000] {logging_mixin.py:190} WARNING - /home/airflow/airflow/venv/lib/python3.12/site-packages/airflow/task/task_runner/standard_task_runner.py:70 DeprecationWarning: This process (pid=87848) is multi-threaded, use of fork() may lead to deadlocks in the child.
[2026-04-13T17:45:03.664+0000] {standard_task_runner.py:72} INFO - Started process 87901 to run task
[2026-04-13T17:45:04.082+0000] {task_command.py:467} INFO - Running <TaskInstance: predict_aqi.silver_to_gold scheduled__2026-04-13T15:00:00+00:00 [running]> on host airflow
[2026-04-13T17:45:04.860+0000] {taskinstance.py:3132} INFO - Exporting env vars: AIRFLOW_CTX_DAG_OWNER='airflow' AIRFLOW_CTX_DAG_ID='predict_aqi' AIRFLOW_CTX_TASK_ID='silver_to_gold' AIRFLOW_CTX_EXECUTION_DATE='2026-04-13T15:00:00+00:00' AIRFLOW_CTX_TRY_NUMBER='2' AIRFLOW_CTX_DAG_RUN_ID='scheduled__2026-04-13T15:00:00+00:00'
[2026-04-13T17:45:04.881+0000] {taskinstance.py:731} INFO - ::endgroup::
[2026-04-13T17:45:05.158+0000] {subprocess.py:78} INFO - Tmp dir root location: /tmp
[2026-04-13T17:45:05.232+0000] {subprocess.py:88} INFO - Running command: ['/usr/bin/bash', '-c', '\n            docker exec spark-master spark-submit                 --packages org.apache.iceberg:iceberg-spark-runtime-4.0_2.13:1.10.1                 /home/spark/spark/spark_jobs/silver_to_gold.py 2026-04-13\n        ']
[2026-04-13T17:45:05.325+0000] {subprocess.py:99} INFO - Output:
[2026-04-13T17:45:43.891+0000] {job.py:239} ERROR - Job heartbeat failed with error
Traceback (most recent call last):
  File "/home/airflow/airflow/venv/lib/python3.12/site-packages/sqlalchemy/engine/base.py", line 3371, in _wrap_pool_connect
    return fn()
           ^^^^
  File "/home/airflow/airflow/venv/lib/python3.12/site-packages/sqlalchemy/pool/base.py", line 327, in connect
    return _ConnectionFairy._checkout(self)
           ^^^^^^^^^^^^^^^^^^^^^^^^^^^^^^^^
  File "/home/airflow/airflow/venv/lib/python3.12/site-packages/sqlalchemy/pool/base.py", line 894, in _checkout
    fairy = _ConnectionRecord.checkout(pool)
            ^^^^^^^^^^^^^^^^^^^^^^^^^^^^^^^^
  File "/home/airflow/airflow/venv/lib/python3.12/site-packages/sqlalchemy/pool/base.py", line 493, in checkout
    rec = pool._do_get()
          ^^^^^^^^^^^^^^
  File "/home/airflow/airflow/venv/lib/python3.12/site-packages/sqlalchemy/pool/impl.py", line 256, in _do_get
    return self._create_connection()
           ^^^^^^^^^^^^^^^^^^^^^^^^^
  File "/home/airflow/airflow/venv/lib/python3.12/site-packages/sqlalchemy/pool/base.py", line 273, in _create_connection
    return _ConnectionRecord(self)
           ^^^^^^^^^^^^^^^^^^^^^^^
  File "/home/airflow/airflow/venv/lib/python3.12/site-packages/sqlalchemy/pool/base.py", line 388, in __init__
    self.__connect()
  File "/home/airflow/airflow/venv/lib/python3.12/site-packages/sqlalchemy/pool/base.py", line 690, in __connect
    with util.safe_reraise():
         ^^^^^^^^^^^^^^^^^^^
  File "/home/airflow/airflow/venv/lib/python3.12/site-packages/sqlalchemy/util/langhelpers.py", line 70, in __exit__
    compat.raise_(
  File "/home/airflow/airflow/venv/lib/python3.12/site-packages/sqlalchemy/util/compat.py", line 211, in raise_
    raise exception
  File "/home/airflow/airflow/venv/lib/python3.12/site-packages/sqlalchemy/pool/base.py", line 686, in __connect
    self.dbapi_connection = connection = pool._invoke_creator(self)
                                         ^^^^^^^^^^^^^^^^^^^^^^^^^^
  File "/home/airflow/airflow/venv/lib/python3.12/site-packages/sqlalchemy/engine/create.py", line 574, in connect
    return dialect.connect(*cargs, **cparams)
           ^^^^^^^^^^^^^^^^^^^^^^^^^^^^^^^^^^
  File "/home/airflow/airflow/venv/lib/python3.12/site-packages/sqlalchemy/engine/default.py", line 598, in connect
    return self.dbapi.connect(*cargs, **cparams)
           ^^^^^^^^^^^^^^^^^^^^^^^^^^^^^^^^^^^^^
  File "/home/airflow/airflow/venv/lib/python3.12/site-packages/psycopg2/__init__.py", line 122, in connect
    conn = _connect(dsn, connection_factory=connection_factory, **kwasync)
           ^^^^^^^^^^^^^^^^^^^^^^^^^^^^^^^^^^^^^^^^^^^^^^^^^^^^^^^^^^^^^^^
psycopg2.OperationalError: could not translate host name "***" to address: Temporary failure in name resolution


The above exception was the direct cause of the following exception:

Traceback (most recent call last):
  File "/home/airflow/airflow/venv/lib/python3.12/site-packages/airflow/jobs/job.py", line 233, in heartbeat
    heartbeat_callback(session)
  File "/home/airflow/airflow/venv/lib/python3.12/site-packages/airflow/utils/session.py", line 94, in wrapper
    return func(*args, **kwargs)
           ^^^^^^^^^^^^^^^^^^^^^
  File "/home/airflow/airflow/venv/lib/python3.12/site-packages/airflow/jobs/local_task_job_runner.py", line 284, in heartbeat_callback
    self.task_instance.refresh_from_db()
  File "/home/airflow/airflow/venv/lib/python3.12/site-packages/airflow/utils/session.py", line 97, in wrapper
    return func(*args, session=session, **kwargs)
           ^^^^^^^^^^^^^^^^^^^^^^^^^^^^^^^^^^^^^^
  File "/home/airflow/airflow/venv/lib/python3.12/site-packages/airflow/models/taskinstance.py", line 2359, in refresh_from_db
    _refresh_from_db(task_instance=self, session=session, lock_for_update=lock_for_update)
  File "/home/airflow/airflow/venv/lib/python3.12/site-packages/airflow/models/taskinstance.py", line 872, in _refresh_from_db
    ti = TaskInstance.get_task_instance(
         ^^^^^^^^^^^^^^^^^^^^^^^^^^^^^^^
  File "/home/airflow/airflow/venv/lib/python3.12/site-packages/airflow/api_internal/internal_api_call.py", line 166, in wrapper
    return func(*args, **kwargs)
           ^^^^^^^^^^^^^^^^^^^^^
  File "/home/airflow/airflow/venv/lib/python3.12/site-packages/airflow/utils/session.py", line 94, in wrapper
    return func(*args, **kwargs)
           ^^^^^^^^^^^^^^^^^^^^^
  File "/home/airflow/airflow/venv/lib/python3.12/site-packages/airflow/models/taskinstance.py", line 2345, in get_task_instance
    return query.one_or_none()
           ^^^^^^^^^^^^^^^^^^^
  File "/home/airflow/airflow/venv/lib/python3.12/site-packages/sqlalchemy/orm/query.py", line 2850, in one_or_none
    return self._iter().one_or_none()
           ^^^^^^^^^^^^
  File "/home/airflow/airflow/venv/lib/python3.12/site-packages/sqlalchemy/orm/query.py", line 2916, in _iter
    result = self.session.execute(
             ^^^^^^^^^^^^^^^^^^^^^
  File "/home/airflow/airflow/venv/lib/python3.12/site-packages/sqlalchemy/orm/session.py", line 1716, in execute
    conn = self._connection_for_bind(bind)
           ^^^^^^^^^^^^^^^^^^^^^^^^^^^^^^^
  File "/home/airflow/airflow/venv/lib/python3.12/site-packages/sqlalchemy/orm/session.py", line 1555, in _connection_for_bind
    return self._transaction._connection_for_bind(
           ^^^^^^^^^^^^^^^^^^^^^^^^^^^^^^^^^^^^^^^
  File "/home/airflow/airflow/venv/lib/python3.12/site-packages/sqlalchemy/orm/session.py", line 750, in _connection_for_bind
    conn = bind.connect()
           ^^^^^^^^^^^^^^
  File "/home/airflow/airflow/venv/lib/python3.12/site-packages/sqlalchemy/future/engine.py", line 412, in connect
    return super(Engine, self).connect()
           ^^^^^^^^^^^^^^^^^^^^^^^^^^^^^
  File "/home/airflow/airflow/venv/lib/python3.12/site-packages/sqlalchemy/engine/base.py", line 3325, in connect
    return self._connection_cls(self, close_with_result=close_with_result)
           ^^^^^^^^^^^^^^^^^^^^^^^^^^^^^^^^^^^^^^^^^^^^^^^^^^^^^^^^^^^^^^^
  File "/home/airflow/airflow/venv/lib/python3.12/site-packages/sqlalchemy/engine/base.py", line 96, in __init__
    else engine.raw_connection()
         ^^^^^^^^^^^^^^^^^^^^^^^
  File "/home/airflow/airflow/venv/lib/python3.12/site-packages/sqlalchemy/engine/base.py", line 3404, in raw_connection
    return self._wrap_pool_connect(self.pool.connect, _connection)
           ^^^^^^^^^^^^^^^^^^^^^^^^^^^^^^^^^^^^^^^^^^^^^^^^^^^^^^^
  File "/home/airflow/airflow/venv/lib/python3.12/site-packages/sqlalchemy/engine/base.py", line 3374, in _wrap_pool_connect
    Connection._handle_dbapi_exception_noconnection(
  File "/home/airflow/airflow/venv/lib/python3.12/site-packages/sqlalchemy/engine/base.py", line 2208, in _handle_dbapi_exception_noconnection
    util.raise_(
  File "/home/airflow/airflow/venv/lib/python3.12/site-packages/sqlalchemy/util/compat.py", line 211, in raise_
    raise exception
  File "/home/airflow/airflow/venv/lib/python3.12/site-packages/sqlalchemy/engine/base.py", line 3371, in _wrap_pool_connect
    return fn()
           ^^^^
  File "/home/airflow/airflow/venv/lib/python3.12/site-packages/sqlalchemy/pool/base.py", line 327, in connect
    return _ConnectionFairy._checkout(self)
           ^^^^^^^^^^^^^^^^^^^^^^^^^^^^^^^^
  File "/home/airflow/airflow/venv/lib/python3.12/site-packages/sqlalchemy/pool/base.py", line 894, in _checkout
    fairy = _ConnectionRecord.checkout(pool)
            ^^^^^^^^^^^^^^^^^^^^^^^^^^^^^^^^
  File "/home/airflow/airflow/venv/lib/python3.12/site-packages/sqlalchemy/pool/base.py", line 493, in checkout
    rec = pool._do_get()
          ^^^^^^^^^^^^^^
  File "/home/airflow/airflow/venv/lib/python3.12/site-packages/sqlalchemy/pool/impl.py", line 256, in _do_get
    return self._create_connection()
           ^^^^^^^^^^^^^^^^^^^^^^^^^
  File "/home/airflow/airflow/venv/lib/python3.12/site-packages/sqlalchemy/pool/base.py", line 273, in _create_connection
    return _ConnectionRecord(self)
           ^^^^^^^^^^^^^^^^^^^^^^^
  File "/home/airflow/airflow/venv/lib/python3.12/site-packages/sqlalchemy/pool/base.py", line 388, in __init__
    self.__connect()
  File "/home/airflow/airflow/venv/lib/python3.12/site-packages/sqlalchemy/pool/base.py", line 690, in __connect
    with util.safe_reraise():
         ^^^^^^^^^^^^^^^^^^^
  File "/home/airflow/airflow/venv/lib/python3.12/site-packages/sqlalchemy/util/langhelpers.py", line 70, in __exit__
    compat.raise_(
  File "/home/airflow/airflow/venv/lib/python3.12/site-packages/sqlalchemy/util/compat.py", line 211, in raise_
    raise exception
  File "/home/airflow/airflow/venv/lib/python3.12/site-packages/sqlalchemy/pool/base.py", line 686, in __connect
    self.dbapi_connection = connection = pool._invoke_creator(self)
                                         ^^^^^^^^^^^^^^^^^^^^^^^^^^
  File "/home/airflow/airflow/venv/lib/python3.12/site-packages/sqlalchemy/engine/create.py", line 574, in connect
    return dialect.connect(*cargs, **cparams)
           ^^^^^^^^^^^^^^^^^^^^^^^^^^^^^^^^^^
  File "/home/airflow/airflow/venv/lib/python3.12/site-packages/sqlalchemy/engine/default.py", line 598, in connect
    return self.dbapi.connect(*cargs, **cparams)
           ^^^^^^^^^^^^^^^^^^^^^^^^^^^^^^^^^^^^^
  File "/home/airflow/airflow/venv/lib/python3.12/site-packages/psycopg2/__init__.py", line 122, in connect
    conn = _connect(dsn, connection_factory=connection_factory, **kwasync)
           ^^^^^^^^^^^^^^^^^^^^^^^^^^^^^^^^^^^^^^^^^^^^^^^^^^^^^^^^^^^^^^^
sqlalchemy.exc.OperationalError: (psycopg2.OperationalError) could not translate host name "***" to address: Temporary failure in name resolution

(Background on this error at: https://sqlalche.me/e/14/e3q8)
[2026-04-13T17:45:46.207+0000] {job.py:254} ERROR - Job heartbeat failed with error. Scheduler is in unhealthy state
[2026-04-13T17:46:36.299+0000] {job.py:254} ERROR - Job heartbeat failed with error. Scheduler is in unhealthy state
[2026-04-13T17:47:03.800+0000] {subprocess.py:106} INFO - WARNING: Using incubator modules: jdk.incubator.vector
[2026-04-13T17:47:08.222+0000] {job.py:229} INFO - Heartbeat recovered after 112.23 seconds
[2026-04-13T17:47:14.597+0000] {subprocess.py:106} INFO - :: loading settings :: url = jar:file:/home/spark/spark/jars/ivy-2.5.3.jar!/org/apache/ivy/core/settings/ivysettings.xml
[2026-04-13T17:47:32.739+0000] {job.py:229} INFO - Heartbeat recovered after 18.67 seconds
[2026-04-13T17:47:33.634+0000] {subprocess.py:106} INFO - Ivy Default Cache set to: /home/spark/.ivy2.5.2/cache
[2026-04-13T17:47:33.694+0000] {subprocess.py:106} INFO - The jars for the packages stored in: /home/spark/.ivy2.5.2/jars
[2026-04-13T17:47:33.699+0000] {subprocess.py:106} INFO - org.apache.iceberg#iceberg-spark-runtime-4.0_2.13 added as a dependency
[2026-04-13T17:47:33.711+0000] {subprocess.py:106} INFO - :: resolving dependencies :: org.apache.spark#spark-submit-parent-02f9bff5-7deb-4d29-b58b-9d3a70e42e8a;1.0
[2026-04-13T17:47:33.719+0000] {subprocess.py:106} INFO - 	confs: [default]
[2026-04-13T17:47:33.727+0000] {subprocess.py:106} INFO - 	found org.apache.iceberg#iceberg-spark-runtime-4.0_2.13;1.10.1 in central
[2026-04-13T17:47:33.733+0000] {subprocess.py:106} INFO - :: resolution report :: resolve 1718ms :: artifacts dl 25ms
[2026-04-13T17:47:33.736+0000] {subprocess.py:106} INFO - 	:: modules in use:
[2026-04-13T17:47:33.739+0000] {subprocess.py:106} INFO - 	org.apache.iceberg#iceberg-spark-runtime-4.0_2.13;1.10.1 from central in [default]
[2026-04-13T17:47:33.741+0000] {subprocess.py:106} INFO - 	---------------------------------------------------------------------
[2026-04-13T17:47:33.746+0000] {subprocess.py:106} INFO - 	|                  |            modules            ||   artifacts   |
[2026-04-13T17:47:33.749+0000] {subprocess.py:106} INFO - 	|       conf       | number| search|dwnlded|evicted|| number|dwnlded|
[2026-04-13T17:47:33.755+0000] {subprocess.py:106} INFO - 	---------------------------------------------------------------------
[2026-04-13T17:47:33.756+0000] {subprocess.py:106} INFO - 	|      default     |   1   |   0   |   0   |   0   ||   1   |   0   |
[2026-04-13T17:47:33.765+0000] {subprocess.py:106} INFO - 	---------------------------------------------------------------------
[2026-04-13T17:47:33.778+0000] {subprocess.py:106} INFO - :: retrieving :: org.apache.spark#spark-submit-parent-02f9bff5-7deb-4d29-b58b-9d3a70e42e8a
[2026-04-13T17:47:33.782+0000] {subprocess.py:106} INFO - 	confs: [default]
[2026-04-13T17:47:33.785+0000] {subprocess.py:106} INFO - 	0 artifacts copied, 1 already retrieved (0kB/95ms)
[2026-04-13T17:47:38.662+0000] {subprocess.py:106} INFO - 26/04/13 17:47:38 WARN NativeCodeLoader: Unable to load native-hadoop library for your platform... using builtin-java classes where applicable
[2026-04-13T17:48:01.619+0000] {subprocess.py:106} INFO - Using Spark's default log4j profile: org/apache/spark/log4j2-defaults.properties
[2026-04-13T17:48:01.729+0000] {subprocess.py:106} INFO - 26/04/13 17:48:01 INFO SparkContext: Running Spark version 4.0.2
[2026-04-13T17:48:01.746+0000] {subprocess.py:106} INFO - 26/04/13 17:48:01 INFO SparkContext: OS info Linux, 6.6.87.2-microsoft-standard-WSL2, amd64
[2026-04-13T17:48:01.751+0000] {subprocess.py:106} INFO - 26/04/13 17:48:01 INFO SparkContext: Java version 21.0.10
[2026-04-13T17:48:04.811+0000] {subprocess.py:106} INFO - 26/04/13 17:48:04 INFO ResourceUtils: ==============================================================
[2026-04-13T17:48:04.883+0000] {subprocess.py:106} INFO - 26/04/13 17:48:04 INFO ResourceUtils: No custom resources configured for spark.driver.
[2026-04-13T17:48:04.886+0000] {subprocess.py:106} INFO - 26/04/13 17:48:04 INFO ResourceUtils: ==============================================================
[2026-04-13T17:48:04.890+0000] {subprocess.py:106} INFO - 26/04/13 17:48:04 INFO SparkContext: Submitted application: Silver_to_Gold
[2026-04-13T17:48:06.152+0000] {subprocess.py:106} INFO - 26/04/13 17:48:06 INFO ResourceProfile: Default ResourceProfile created, executor resources: Map(cores -> name: cores, amount: 2, script: , vendor: , memory -> name: memory, amount: 2048, script: , vendor: , offHeap -> name: offHeap, amount: 0, script: , vendor: ), task resources: Map(cpus -> name: cpus, amount: 1.0)
[2026-04-13T17:48:07.047+0000] {subprocess.py:106} INFO - 26/04/13 17:48:07 INFO ResourceProfile: Limiting resource is cpus at 2 tasks per executor
[2026-04-13T17:48:07.074+0000] {subprocess.py:106} INFO - 26/04/13 17:48:07 INFO ResourceProfileManager: Added ResourceProfile id: 0
[2026-04-13T17:48:08.616+0000] {subprocess.py:106} INFO - 26/04/13 17:48:08 INFO SecurityManager: Changing view acls to: spark
[2026-04-13T17:48:08.623+0000] {subprocess.py:106} INFO - 26/04/13 17:48:08 INFO SecurityManager: Changing modify acls to: spark
[2026-04-13T17:48:08.626+0000] {subprocess.py:106} INFO - 26/04/13 17:48:08 INFO SecurityManager: Changing view acls groups to: spark
[2026-04-13T17:48:08.627+0000] {subprocess.py:106} INFO - 26/04/13 17:48:08 INFO SecurityManager: Changing modify acls groups to: spark
[2026-04-13T17:48:08.636+0000] {subprocess.py:106} INFO - 26/04/13 17:48:08 INFO SecurityManager: SecurityManager: authentication disabled; ui acls disabled; users with view permissions: spark groups with view permissions: EMPTY; users with modify permissions: spark; groups with modify permissions: EMPTY; RPC SSL disabled
[2026-04-13T17:48:19.559+0000] {subprocess.py:106} INFO - 26/04/13 17:48:19 INFO Utils: Successfully started service 'sparkDriver' on port 44749.
[2026-04-13T17:48:20.159+0000] {subprocess.py:106} INFO - 26/04/13 17:48:20 INFO SparkEnv: Registering MapOutputTracker
[2026-04-13T17:48:20.375+0000] {subprocess.py:106} INFO - 26/04/13 17:48:20 INFO SparkEnv: Registering BlockManagerMaster
[2026-04-13T17:48:20.494+0000] {subprocess.py:106} INFO - 26/04/13 17:48:20 INFO BlockManagerMasterEndpoint: Using org.apache.spark.storage.DefaultTopologyMapper for getting topology information
[2026-04-13T17:48:20.497+0000] {subprocess.py:106} INFO - 26/04/13 17:48:20 INFO BlockManagerMasterEndpoint: BlockManagerMasterEndpoint up
[2026-04-13T17:48:20.521+0000] {subprocess.py:106} INFO - 26/04/13 17:48:20 INFO SparkEnv: Registering BlockManagerMasterHeartbeat
[2026-04-13T17:48:20.706+0000] {subprocess.py:106} INFO - 26/04/13 17:48:20 INFO DiskBlockManager: Created local directory at /tmp/blockmgr-ff87bd09-f3a6-44e8-83c6-06023aa068b4
[2026-04-13T17:48:20.954+0000] {subprocess.py:106} INFO - 26/04/13 17:48:20 INFO SparkEnv: Registering OutputCommitCoordinator
[2026-04-13T17:48:21.860+0000] {subprocess.py:106} INFO - 26/04/13 17:48:21 INFO JettyUtils: Start Jetty 0.0.0.0:4040 for SparkUI
[2026-04-13T17:48:22.606+0000] {subprocess.py:106} INFO - 26/04/13 17:48:22 WARN Utils: Service 'SparkUI' could not bind on port 4040. Attempting port 4041.
[2026-04-13T17:48:22.608+0000] {subprocess.py:106} INFO - 26/04/13 17:48:22 WARN Utils: Service 'SparkUI' could not bind on port 4041. Attempting port 4042.
[2026-04-13T17:48:22.620+0000] {subprocess.py:106} INFO - 26/04/13 17:48:22 WARN Utils: Service 'SparkUI' could not bind on port 4042. Attempting port 4043.
[2026-04-13T17:48:22.630+0000] {subprocess.py:106} INFO - 26/04/13 17:48:22 WARN Utils: Service 'SparkUI' could not bind on port 4043. Attempting port 4044.
[2026-04-13T17:48:22.631+0000] {subprocess.py:106} INFO - 26/04/13 17:48:22 WARN Utils: Service 'SparkUI' could not bind on port 4044. Attempting port 4045.
[2026-04-13T17:48:22.720+0000] {subprocess.py:106} INFO - 26/04/13 17:48:22 INFO Utils: Successfully started service 'SparkUI' on port 4045.
[2026-04-13T17:48:23.483+0000] {subprocess.py:106} INFO - 26/04/13 17:48:23 INFO SparkContext: Added JAR file:///home/spark/.ivy2.5.2/jars/org.apache.iceberg_iceberg-spark-runtime-4.0_2.13-1.10.1.jar at spark://spark-master:44749/jars/org.apache.iceberg_iceberg-spark-runtime-4.0_2.13-1.10.1.jar with timestamp 1776102481129
[2026-04-13T17:48:23.586+0000] {subprocess.py:106} INFO - 26/04/13 17:48:23 INFO SparkContext: Added file file:///home/spark/.ivy2.5.2/jars/org.apache.iceberg_iceberg-spark-runtime-4.0_2.13-1.10.1.jar at file:///home/spark/.ivy2.5.2/jars/org.apache.iceberg_iceberg-spark-runtime-4.0_2.13-1.10.1.jar with timestamp 1776102481129
[2026-04-13T17:48:23.618+0000] {subprocess.py:106} INFO - 26/04/13 17:48:23 INFO Utils: Copying /home/spark/.ivy2.5.2/jars/org.apache.iceberg_iceberg-spark-runtime-4.0_2.13-1.10.1.jar to /tmp/spark-d08ddac1-99e5-405d-8715-a003ad03ce06/userFiles-d1227981-2ad2-47ac-877e-f3ecca899a1e/org.apache.iceberg_iceberg-spark-runtime-4.0_2.13-1.10.1.jar
[2026-04-13T17:48:25.526+0000] {subprocess.py:106} INFO - 26/04/13 17:48:25 INFO SecurityManager: Changing view acls to: spark
[2026-04-13T17:48:25.531+0000] {subprocess.py:106} INFO - 26/04/13 17:48:25 INFO SecurityManager: Changing modify acls to: spark
[2026-04-13T17:48:25.554+0000] {subprocess.py:106} INFO - 26/04/13 17:48:25 INFO SecurityManager: Changing view acls groups to: spark
[2026-04-13T17:48:25.555+0000] {subprocess.py:106} INFO - 26/04/13 17:48:25 INFO SecurityManager: Changing modify acls groups to: spark
[2026-04-13T17:48:25.561+0000] {subprocess.py:106} INFO - 26/04/13 17:48:25 INFO SecurityManager: SecurityManager: authentication disabled; ui acls disabled; users with view permissions: spark groups with view permissions: EMPTY; users with modify permissions: spark; groups with modify permissions: EMPTY; RPC SSL disabled
[2026-04-13T17:48:47.313+0000] {job.py:229} INFO - Heartbeat recovered after 23.70 seconds
[2026-04-13T17:49:11.153+0000] {job.py:229} INFO - Heartbeat recovered after 23.86 seconds
[2026-04-13T17:49:11.213+0000] {subprocess.py:106} INFO - 26/04/13 17:48:47 INFO Executor: Starting executor ID driver on host spark-master
[2026-04-13T17:49:11.218+0000] {subprocess.py:106} INFO - 26/04/13 17:48:47 INFO Executor: OS info Linux, 6.6.87.2-microsoft-standard-WSL2, amd64
[2026-04-13T17:49:11.220+0000] {subprocess.py:106} INFO - 26/04/13 17:48:47 INFO Executor: Java version 21.0.10
[2026-04-13T17:49:11.222+0000] {subprocess.py:106} INFO - 26/04/13 17:48:47 INFO Executor: Starting executor with user classpath (userClassPathFirst = false): ''
[2026-04-13T17:49:11.223+0000] {subprocess.py:106} INFO - 26/04/13 17:48:47 INFO Executor: Created or updated repl class loader org.apache.spark.util.MutableURLClassLoader@1974fa87 for default.
[2026-04-13T17:49:11.230+0000] {subprocess.py:106} INFO - 26/04/13 17:48:47 INFO Executor: Fetching file:///home/spark/.ivy2.5.2/jars/org.apache.iceberg_iceberg-spark-runtime-4.0_2.13-1.10.1.jar with timestamp 1776102481129
[2026-04-13T17:49:11.236+0000] {subprocess.py:106} INFO - 26/04/13 17:48:50 INFO Utils: /home/spark/.ivy2.5.2/jars/org.apache.iceberg_iceberg-spark-runtime-4.0_2.13-1.10.1.jar has been previously copied to /tmp/spark-d08ddac1-99e5-405d-8715-a003ad03ce06/userFiles-d1227981-2ad2-47ac-877e-f3ecca899a1e/org.apache.iceberg_iceberg-spark-runtime-4.0_2.13-1.10.1.jar
[2026-04-13T17:49:11.239+0000] {subprocess.py:106} INFO - 26/04/13 17:49:10 INFO Executor: Fetching spark://spark-master:44749/jars/org.apache.iceberg_iceberg-spark-runtime-4.0_2.13-1.10.1.jar with timestamp 1776102481129
[2026-04-13T17:49:11.240+0000] {subprocess.py:106} INFO - 26/04/13 17:49:10 INFO Executor: Told to re-register on heartbeat
[2026-04-13T17:49:11.241+0000] {subprocess.py:106} INFO - 26/04/13 17:49:10 INFO BlockManager: BlockManager null re-registering with master
[2026-04-13T17:49:11.242+0000] {subprocess.py:106} INFO - 26/04/13 17:49:10 INFO BlockManagerMaster: Registering BlockManager null
[2026-04-13T17:49:11.243+0000] {subprocess.py:106} INFO - 26/04/13 17:49:11 ERROR Inbox: Ignoring error
[2026-04-13T17:49:11.245+0000] {subprocess.py:106} INFO - java.lang.NullPointerException: Cannot invoke "org.apache.spark.storage.BlockManagerId.executorId()" because "idWithoutTopologyInfo" is null
[2026-04-13T17:49:11.247+0000] {subprocess.py:106} INFO - 	at org.apache.spark.storage.BlockManagerMasterEndpoint.org$apache$spark$storage$BlockManagerMasterEndpoint$$register(BlockManagerMasterEndpoint.scala:689)
[2026-04-13T17:49:11.249+0000] {subprocess.py:106} INFO - 	at org.apache.spark.storage.BlockManagerMasterEndpoint$$anonfun$receiveAndReply$1.applyOrElse(BlockManagerMasterEndpoint.scala:141)
[2026-04-13T17:49:11.250+0000] {subprocess.py:106} INFO - 	at org.apache.spark.rpc.netty.Inbox.$anonfun$process$1(Inbox.scala:104)
[2026-04-13T17:49:11.251+0000] {subprocess.py:106} INFO - 	at org.apache.spark.rpc.netty.Inbox.safelyCall(Inbox.scala:216)
[2026-04-13T17:49:11.252+0000] {subprocess.py:106} INFO - 	at org.apache.spark.rpc.netty.Inbox.process(Inbox.scala:101)
[2026-04-13T17:49:11.254+0000] {subprocess.py:106} INFO - 	at org.apache.spark.rpc.netty.MessageLoop.org$apache$spark$rpc$netty$MessageLoop$$receiveLoop(MessageLoop.scala:76)
[2026-04-13T17:49:11.255+0000] {subprocess.py:106} INFO - 	at org.apache.spark.rpc.netty.MessageLoop$$anon$1.run(MessageLoop.scala:42)
[2026-04-13T17:49:11.256+0000] {subprocess.py:106} INFO - 	at java.base/java.util.concurrent.ThreadPoolExecutor.runWorker(ThreadPoolExecutor.java:1144)
[2026-04-13T17:49:11.262+0000] {subprocess.py:106} INFO - 	at java.base/java.util.concurrent.ThreadPoolExecutor$Worker.run(ThreadPoolExecutor.java:642)
[2026-04-13T17:49:11.282+0000] {subprocess.py:106} INFO - 	at java.base/java.lang.Thread.run(Thread.java:1583)
[2026-04-13T17:49:11.284+0000] {subprocess.py:106} INFO - 26/04/13 17:49:11 WARN Executor: Issue communicating with driver in heartbeater
[2026-04-13T17:49:11.288+0000] {subprocess.py:106} INFO - org.apache.spark.SparkException: Exception thrown in awaitResult:
[2026-04-13T17:49:11.291+0000] {subprocess.py:106} INFO - 	at org.apache.spark.util.SparkThreadUtils$.awaitResult(SparkThreadUtils.scala:53)
[2026-04-13T17:49:11.299+0000] {subprocess.py:106} INFO - 	at org.apache.spark.util.ThreadUtils$.awaitResult(ThreadUtils.scala:342)
[2026-04-13T17:49:11.302+0000] {subprocess.py:106} INFO - 	at org.apache.spark.rpc.RpcTimeout.awaitResult(RpcTimeout.scala:75)
[2026-04-13T17:49:11.304+0000] {subprocess.py:106} INFO - 	at org.apache.spark.rpc.RpcEndpointRef.askSync(RpcEndpointRef.scala:101)
[2026-04-13T17:49:11.299+0000] {subprocess.py:106} INFO - 	at org.apache.spark.rpc.RpcEndpointRef.askSync(RpcEndpointRef.scala:85)
[2026-04-13T17:49:11.300+0000] {subprocess.py:106} INFO - 	at org.apache.spark.storage.BlockManagerMaster.registerBlockManager(BlockManagerMaster.scala:81)
[2026-04-13T17:49:11.302+0000] {subprocess.py:106} INFO - 	at org.apache.spark.storage.BlockManager.reregister(BlockManager.scala:669)
[2026-04-13T17:49:11.304+0000] {subprocess.py:106} INFO - 	at org.apache.spark.executor.Executor.reportHeartBeat(Executor.scala:1296)
[2026-04-13T17:49:11.307+0000] {subprocess.py:106} INFO - 	at org.apache.spark.executor.Executor.$anonfun$heartbeater$1(Executor.scala:307)
[2026-04-13T17:49:11.479+0000] {subprocess.py:106} INFO - 	at scala.runtime.java8.JFunction0$mcV$sp.apply(JFunction0$mcV$sp.scala:18)
[2026-04-13T17:49:11.480+0000] {subprocess.py:106} INFO - 	at org.apache.spark.util.Utils$.logUncaughtExceptions(Utils.scala:1937)
[2026-04-13T17:49:11.481+0000] {subprocess.py:106} INFO - 	at org.apache.spark.Heartbeater$$anon$1.run(Heartbeater.scala:46)
[2026-04-13T17:49:11.484+0000] {subprocess.py:106} INFO - 	at java.base/java.util.concurrent.Executors$RunnableAdapter.call(Executors.java:572)
[2026-04-13T17:49:11.487+0000] {subprocess.py:106} INFO - 	at java.base/java.util.concurrent.FutureTask.runAndReset(FutureTask.java:358)
[2026-04-13T17:49:11.490+0000] {subprocess.py:106} INFO - 	at java.base/java.util.concurrent.ScheduledThreadPoolExecutor$ScheduledFutureTask.run(ScheduledThreadPoolExecutor.java:305)
[2026-04-13T17:49:11.491+0000] {subprocess.py:106} INFO - 	at java.base/java.util.concurrent.ThreadPoolExecutor.runWorker(ThreadPoolExecutor.java:1144)
[2026-04-13T17:49:11.492+0000] {subprocess.py:106} INFO - 	at java.base/java.util.concurrent.ThreadPoolExecutor$Worker.run(ThreadPoolExecutor.java:642)
[2026-04-13T17:49:11.495+0000] {subprocess.py:106} INFO - 	at java.base/java.lang.Thread.run(Thread.java:1583)
[2026-04-13T17:49:11.497+0000] {subprocess.py:106} INFO - Caused by: java.lang.NullPointerException: Cannot invoke "org.apache.spark.storage.BlockManagerId.executorId()" because "idWithoutTopologyInfo" is null
[2026-04-13T17:49:11.500+0000] {subprocess.py:106} INFO - 	at org.apache.spark.storage.BlockManagerMasterEndpoint.org$apache$spark$storage$BlockManagerMasterEndpoint$$register(BlockManagerMasterEndpoint.scala:689)
[2026-04-13T17:49:11.503+0000] {subprocess.py:106} INFO - 	at org.apache.spark.storage.BlockManagerMasterEndpoint$$anonfun$receiveAndReply$1.applyOrElse(BlockManagerMasterEndpoint.scala:141)
[2026-04-13T17:49:11.504+0000] {subprocess.py:106} INFO - 	at org.apache.spark.rpc.netty.Inbox.$anonfun$process$1(Inbox.scala:104)
[2026-04-13T17:49:11.507+0000] {subprocess.py:106} INFO - 	at org.apache.spark.rpc.netty.Inbox.safelyCall(Inbox.scala:216)
[2026-04-13T17:49:11.509+0000] {subprocess.py:106} INFO - 	at org.apache.spark.rpc.netty.Inbox.process(Inbox.scala:101)
[2026-04-13T17:49:11.510+0000] {subprocess.py:106} INFO - 	at org.apache.spark.rpc.netty.MessageLoop.org$apache$spark$rpc$netty$MessageLoop$$receiveLoop(MessageLoop.scala:76)
[2026-04-13T17:49:11.511+0000] {subprocess.py:106} INFO - 	at org.apache.spark.rpc.netty.MessageLoop$$anon$1.run(MessageLoop.scala:42)
[2026-04-13T17:49:11.517+0000] {subprocess.py:106} INFO - 	... 3 more
[2026-04-13T17:49:11.521+0000] {subprocess.py:106} INFO - 26/04/13 17:49:11 INFO TransportClientFactory: Successfully created connection to spark-master/172.20.0.5:44749 after 504 ms (0 ms spent in bootstraps)
[2026-04-13T17:49:11.522+0000] {subprocess.py:106} INFO - 26/04/13 17:49:11 INFO Utils: Fetching spark://spark-master:44749/jars/org.apache.iceberg_iceberg-spark-runtime-4.0_2.13-1.10.1.jar to /tmp/spark-d08ddac1-99e5-405d-8715-a003ad03ce06/userFiles-d1227981-2ad2-47ac-877e-f3ecca899a1e/fetchFileTemp6073132387348944838.tmp
[2026-04-13T17:49:13.267+0000] {subprocess.py:106} INFO - 26/04/13 17:49:13 INFO Utils: /tmp/spark-d08ddac1-99e5-405d-8715-a003ad03ce06/userFiles-d1227981-2ad2-47ac-877e-f3ecca899a1e/fetchFileTemp6073132387348944838.tmp has been previously copied to /tmp/spark-d08ddac1-99e5-405d-8715-a003ad03ce06/userFiles-d1227981-2ad2-47ac-877e-f3ecca899a1e/org.apache.iceberg_iceberg-spark-runtime-4.0_2.13-1.10.1.jar
[2026-04-13T17:49:13.295+0000] {subprocess.py:106} INFO - 26/04/13 17:49:13 INFO Executor: Adding file:/tmp/spark-d08ddac1-99e5-405d-8715-a003ad03ce06/userFiles-d1227981-2ad2-47ac-877e-f3ecca899a1e/org.apache.iceberg_iceberg-spark-runtime-4.0_2.13-1.10.1.jar to class loader default
[2026-04-13T17:49:13.401+0000] {subprocess.py:106} INFO - 26/04/13 17:49:13 INFO Utils: Successfully started service 'org.apache.spark.network.netty.NettyBlockTransferService' on port 44663.
[2026-04-13T17:49:13.402+0000] {subprocess.py:106} INFO - 26/04/13 17:49:13 INFO NettyBlockTransferService: Server created on spark-master:44663
[2026-04-13T17:49:13.438+0000] {subprocess.py:106} INFO - 26/04/13 17:49:13 INFO BlockManager: Using org.apache.spark.storage.RandomBlockReplicationPolicy for block replication policy
[2026-04-13T17:49:13.560+0000] {subprocess.py:106} INFO - 26/04/13 17:49:13 INFO BlockManagerMaster: Registering BlockManager BlockManagerId(driver, spark-master, 44663, None)
[2026-04-13T17:49:13.588+0000] {subprocess.py:106} INFO - 26/04/13 17:49:13 INFO BlockManagerMasterEndpoint: Registering block manager spark-master:44663 with 1048.8 MiB RAM, BlockManagerId(driver, spark-master, 44663, None)
[2026-04-13T17:49:13.603+0000] {subprocess.py:106} INFO - 26/04/13 17:49:13 INFO BlockManagerMaster: Registered BlockManager BlockManagerId(driver, spark-master, 44663, None)
[2026-04-13T17:49:13.610+0000] {subprocess.py:106} INFO - 26/04/13 17:49:13 INFO BlockManager: Initialized BlockManager: BlockManagerId(driver, spark-master, 44663, None)
[2026-04-13T17:49:14.338+0000] {subprocess.py:106} INFO - 26/04/13 17:49:14 INFO Executor: Told to re-register on heartbeat
[2026-04-13T17:49:14.342+0000] {subprocess.py:106} INFO - 26/04/13 17:49:14 INFO BlockManager: BlockManager BlockManagerId(driver, spark-master, 44663, None) re-registering with master
[2026-04-13T17:49:14.350+0000] {subprocess.py:106} INFO - 26/04/13 17:49:14 INFO BlockManagerMaster: Registering BlockManager BlockManagerId(driver, spark-master, 44663, None)
[2026-04-13T17:49:14.392+0000] {subprocess.py:106} INFO - 26/04/13 17:49:14 WARN Executor: Issue communicating with driver in heartbeater
[2026-04-13T17:49:14.393+0000] {subprocess.py:106} INFO - org.apache.spark.SparkException: Exception thrown in awaitResult:
[2026-04-13T17:49:14.393+0000] {subprocess.py:106} INFO - 	at org.apache.spark.util.SparkThreadUtils$.awaitResult(SparkThreadUtils.scala:53)
[2026-04-13T17:49:14.394+0000] {subprocess.py:106} INFO - 	at org.apache.spark.util.ThreadUtils$.awaitResult(ThreadUtils.scala:342)
[2026-04-13T17:49:14.400+0000] {subprocess.py:106} INFO - 	at org.apache.spark.rpc.RpcTimeout.awaitResult(RpcTimeout.scala:75)
[2026-04-13T17:49:14.406+0000] {subprocess.py:106} INFO - 	at org.apache.spark.rpc.RpcEndpointRef.askSync(RpcEndpointRef.scala:101)
[2026-04-13T17:49:14.407+0000] {subprocess.py:106} INFO - 	at org.apache.spark.rpc.RpcEndpointRef.askSync(RpcEndpointRef.scala:85)
[2026-04-13T17:49:14.408+0000] {subprocess.py:106} INFO - 	at org.apache.spark.storage.BlockManagerMaster.registerBlockManager(BlockManagerMaster.scala:81)
[2026-04-13T17:49:14.409+0000] {subprocess.py:106} INFO - 	at org.apache.spark.storage.BlockManager.reregister(BlockManager.scala:669)
[2026-04-13T17:49:14.409+0000] {subprocess.py:106} INFO - 	at org.apache.spark.executor.Executor.reportHeartBeat(Executor.scala:1296)
[2026-04-13T17:49:14.410+0000] {subprocess.py:106} INFO - 	at org.apache.spark.executor.Executor.$anonfun$heartbeater$1(Executor.scala:307)
[2026-04-13T17:49:14.414+0000] {subprocess.py:106} INFO - 	at scala.runtime.java8.JFunction0$mcV$sp.apply(JFunction0$mcV$sp.scala:18)
[2026-04-13T17:49:14.416+0000] {subprocess.py:106} INFO - 	at org.apache.spark.util.Utils$.logUncaughtExceptions(Utils.scala:1937)
[2026-04-13T17:49:14.417+0000] {subprocess.py:106} INFO - 	at org.apache.spark.Heartbeater$$anon$1.run(Heartbeater.scala:46)
[2026-04-13T17:49:14.419+0000] {subprocess.py:106} INFO - 	at java.base/java.util.concurrent.Executors$RunnableAdapter.call(Executors.java:572)
[2026-04-13T17:49:14.420+0000] {subprocess.py:106} INFO - 	at java.base/java.util.concurrent.FutureTask.runAndReset(FutureTask.java:358)
[2026-04-13T17:49:14.421+0000] {subprocess.py:106} INFO - 	at java.base/java.util.concurrent.ScheduledThreadPoolExecutor$ScheduledFutureTask.run(ScheduledThreadPoolExecutor.java:305)
[2026-04-13T17:49:14.426+0000] {subprocess.py:106} INFO - 	at java.base/java.util.concurrent.ThreadPoolExecutor.runWorker(ThreadPoolExecutor.java:1144)
[2026-04-13T17:49:14.428+0000] {subprocess.py:106} INFO - 	at java.base/java.util.concurrent.ThreadPoolExecutor$Worker.run(ThreadPoolExecutor.java:642)
[2026-04-13T17:49:14.432+0000] {subprocess.py:106} INFO - 	at java.base/java.lang.Thread.run(Thread.java:1583)
[2026-04-13T17:49:14.433+0000] {subprocess.py:106} INFO - Caused by: org.apache.spark.SparkException: Exception thrown in awaitResult:
[2026-04-13T17:49:14.434+0000] {subprocess.py:106} INFO - 	at org.apache.spark.util.SparkThreadUtils$.awaitResult(SparkThreadUtils.scala:53)
[2026-04-13T17:49:14.435+0000] {subprocess.py:106} INFO - 	at org.apache.spark.util.ThreadUtils$.awaitResult(ThreadUtils.scala:342)
[2026-04-13T17:49:14.436+0000] {subprocess.py:106} INFO - 	at org.apache.spark.rpc.RpcTimeout.awaitResult(RpcTimeout.scala:75)
[2026-04-13T17:49:14.437+0000] {subprocess.py:106} INFO - 	at org.apache.spark.rpc.RpcEnv.setupEndpointRefByURI(RpcEnv.scala:102)
[2026-04-13T17:49:14.438+0000] {subprocess.py:106} INFO - 	at org.apache.spark.rpc.RpcEnv.setupEndpointRef(RpcEnv.scala:110)
[2026-04-13T17:49:14.443+0000] {subprocess.py:106} INFO - 	at org.apache.spark.util.RpcUtils$.makeDriverRef(RpcUtils.scala:36)
[2026-04-13T17:49:14.444+0000] {subprocess.py:106} INFO - 	at org.apache.spark.storage.BlockManagerMasterEndpoint.driverEndpoint$lzycompute(BlockManagerMasterEndpoint.scala:132)
[2026-04-13T17:49:14.447+0000] {subprocess.py:106} INFO - 	at org.apache.spark.storage.BlockManagerMasterEndpoint.org$apache$spark$storage$BlockManagerMasterEndpoint$$driverEndpoint(BlockManagerMasterEndpoint.scala:131)
[2026-04-13T17:49:14.448+0000] {subprocess.py:106} INFO - 	at org.apache.spark.storage.BlockManagerMasterEndpoint.isExecutorAlive$lzycompute$1(BlockManagerMasterEndpoint.scala:700)
[2026-04-13T17:49:14.449+0000] {subprocess.py:106} INFO - 	at org.apache.spark.storage.BlockManagerMasterEndpoint.isExecutorAlive$1(BlockManagerMasterEndpoint.scala:699)
[2026-04-13T17:49:14.450+0000] {subprocess.py:106} INFO - 	at org.apache.spark.storage.BlockManagerMasterEndpoint.org$apache$spark$storage$BlockManagerMasterEndpoint$$register(BlockManagerMasterEndpoint.scala:739)
[2026-04-13T17:49:14.450+0000] {subprocess.py:106} INFO - 	at org.apache.spark.storage.BlockManagerMasterEndpoint$$anonfun$receiveAndReply$1.applyOrElse(BlockManagerMasterEndpoint.scala:141)
[2026-04-13T17:49:14.451+0000] {subprocess.py:106} INFO - 	at org.apache.spark.rpc.netty.Inbox.$anonfun$process$1(Inbox.scala:104)
[2026-04-13T17:49:14.452+0000] {subprocess.py:106} INFO - 	at org.apache.spark.rpc.netty.Inbox.safelyCall(Inbox.scala:216)
[2026-04-13T17:49:14.454+0000] {subprocess.py:106} INFO - 	at org.apache.spark.rpc.netty.Inbox.process(Inbox.scala:101)
[2026-04-13T17:49:14.456+0000] {subprocess.py:106} INFO - 	at org.apache.spark.rpc.netty.MessageLoop.org$apache$spark$rpc$netty$MessageLoop$$receiveLoop(MessageLoop.scala:76)
[2026-04-13T17:49:14.457+0000] {subprocess.py:106} INFO - 	at org.apache.spark.rpc.netty.MessageLoop$$anon$1.run(MessageLoop.scala:42)
[2026-04-13T17:49:14.459+0000] {subprocess.py:106} INFO - 	... 3 more
[2026-04-13T17:49:14.463+0000] {subprocess.py:106} INFO - Caused by: org.apache.spark.rpc.RpcEndpointNotFoundException: Cannot find endpoint: spark://CoarseGrainedScheduler@spark-master:44749
[2026-04-13T17:49:14.466+0000] {subprocess.py:106} INFO - 	at org.apache.spark.rpc.netty.NettyRpcEnv.$anonfun$asyncSetupEndpointRefByURI$1(NettyRpcEnv.scala:151)
[2026-04-13T17:49:14.470+0000] {subprocess.py:106} INFO - 	at org.apache.spark.rpc.netty.NettyRpcEnv.$anonfun$asyncSetupEndpointRefByURI$1$adapted(NettyRpcEnv.scala:147)
[2026-04-13T17:49:14.473+0000] {subprocess.py:106} INFO - 	at scala.concurrent.impl.Promise$Transformation.run(Promise.scala:470)
[2026-04-13T17:49:14.474+0000] {subprocess.py:106} INFO - 	at org.apache.spark.util.ThreadUtils$$anon$1.execute(ThreadUtils.scala:99)
[2026-04-13T17:49:14.475+0000] {subprocess.py:106} INFO - 	at scala.concurrent.impl.ExecutionContextImpl.execute(ExecutionContextImpl.scala:21)
[2026-04-13T17:49:14.477+0000] {subprocess.py:106} INFO - 	at scala.concurrent.impl.Promise$Transformation.submitWithValue(Promise.scala:429)
[2026-04-13T17:49:14.479+0000] {subprocess.py:106} INFO - 	at scala.concurrent.impl.Promise$DefaultPromise.submitWithValue(Promise.scala:338)
[2026-04-13T17:49:14.480+0000] {subprocess.py:106} INFO - 	at scala.concurrent.impl.Promise$DefaultPromise.tryComplete0(Promise.scala:285)
[2026-04-13T17:49:14.481+0000] {subprocess.py:106} INFO - 	at scala.concurrent.impl.Promise$Transformation.run(Promise.scala:504)
[2026-04-13T17:49:14.482+0000] {subprocess.py:106} INFO - 	at org.apache.spark.util.ThreadUtils$$anon$1.execute(ThreadUtils.scala:99)
[2026-04-13T17:49:14.484+0000] {subprocess.py:106} INFO - 	at scala.concurrent.impl.ExecutionContextImpl.execute(ExecutionContextImpl.scala:21)
[2026-04-13T17:49:14.485+0000] {subprocess.py:106} INFO - 	at scala.concurrent.impl.Promise$Transformation.submitWithValue(Promise.scala:429)
[2026-04-13T17:49:14.487+0000] {subprocess.py:106} INFO - 	at scala.concurrent.impl.Promise$DefaultPromise.submitWithValue(Promise.scala:338)
[2026-04-13T17:49:14.489+0000] {subprocess.py:106} INFO - 	at scala.concurrent.impl.Promise$DefaultPromise.tryComplete0(Promise.scala:285)
[2026-04-13T17:49:14.493+0000] {subprocess.py:106} INFO - 	at scala.concurrent.impl.Promise$Transformation.run(Promise.scala:504)
[2026-04-13T17:49:14.496+0000] {subprocess.py:106} INFO - 	at scala.concurrent.ExecutionContext$parasitic$.execute(ExecutionContext.scala:222)
[2026-04-13T17:49:14.498+0000] {subprocess.py:106} INFO - 	at scala.concurrent.impl.Promise$Transformation.submitWithValue(Promise.scala:429)
[2026-04-13T17:49:14.501+0000] {subprocess.py:106} INFO - 	at scala.concurrent.impl.Promise$DefaultPromise.submitWithValue(Promise.scala:335)
[2026-04-13T17:49:14.506+0000] {subprocess.py:106} INFO - 	at scala.concurrent.impl.Promise$DefaultPromise.tryComplete0(Promise.scala:285)
[2026-04-13T17:49:14.510+0000] {subprocess.py:106} INFO - 	at scala.concurrent.impl.Promise$DefaultPromise.tryComplete(Promise.scala:278)
[2026-04-13T17:49:14.517+0000] {subprocess.py:106} INFO - 	at scala.concurrent.Promise.trySuccess(Promise.scala:99)
[2026-04-13T17:49:14.519+0000] {subprocess.py:106} INFO - 	at scala.concurrent.Promise.trySuccess$(Promise.scala:99)
[2026-04-13T17:49:14.520+0000] {subprocess.py:106} INFO - 	at scala.concurrent.impl.Promise$DefaultPromise.trySuccess(Promise.scala:104)
[2026-04-13T17:49:14.521+0000] {subprocess.py:106} INFO - 	at org.apache.spark.rpc.netty.NettyRpcEnv.onSuccess$1(NettyRpcEnv.scala:228)
[2026-04-13T17:49:14.521+0000] {subprocess.py:106} INFO - 	at org.apache.spark.rpc.netty.NettyRpcEnv.$anonfun$askAbortable$5(NettyRpcEnv.scala:242)
[2026-04-13T17:49:14.522+0000] {subprocess.py:106} INFO - 	at org.apache.spark.rpc.netty.NettyRpcEnv.$anonfun$askAbortable$5$adapted(NettyRpcEnv.scala:241)
[2026-04-13T17:49:14.524+0000] {subprocess.py:106} INFO - 	at scala.concurrent.impl.Promise$Transformation.run(Promise.scala:484)
[2026-04-13T17:49:14.525+0000] {subprocess.py:106} INFO - 	at org.apache.spark.util.ThreadUtils$$anon$1.execute(ThreadUtils.scala:99)
[2026-04-13T17:49:14.530+0000] {subprocess.py:106} INFO - 	at scala.concurrent.impl.ExecutionContextImpl.execute(ExecutionContextImpl.scala:21)
[2026-04-13T17:49:14.531+0000] {subprocess.py:106} INFO - 	at scala.concurrent.impl.Promise$Transformation.submitWithValue(Promise.scala:429)
[2026-04-13T17:49:14.532+0000] {subprocess.py:106} INFO - 	at scala.concurrent.impl.Promise$DefaultPromise.submitWithValue(Promise.scala:338)
[2026-04-13T17:49:14.535+0000] {subprocess.py:106} INFO - 	at scala.concurrent.impl.Promise$DefaultPromise.tryComplete0(Promise.scala:285)
[2026-04-13T17:49:14.536+0000] {subprocess.py:106} INFO - 	at scala.concurrent.impl.Promise$DefaultPromise.tryComplete(Promise.scala:278)
[2026-04-13T17:49:14.537+0000] {subprocess.py:106} INFO - 	at scala.concurrent.Promise.complete(Promise.scala:57)
[2026-04-13T17:49:14.537+0000] {subprocess.py:106} INFO - 	at scala.concurrent.Promise.complete$(Promise.scala:56)
[2026-04-13T17:49:14.538+0000] {subprocess.py:106} INFO - 	at scala.concurrent.impl.Promise$DefaultPromise.complete(Promise.scala:104)
[2026-04-13T17:49:14.539+0000] {subprocess.py:106} INFO - 	at scala.concurrent.Promise.success(Promise.scala:91)
[2026-04-13T17:49:14.540+0000] {subprocess.py:106} INFO - 	at scala.concurrent.Promise.success$(Promise.scala:91)
[2026-04-13T17:49:14.540+0000] {subprocess.py:106} INFO - 	at scala.concurrent.impl.Promise$DefaultPromise.success(Promise.scala:104)
[2026-04-13T17:49:14.541+0000] {subprocess.py:106} INFO - 	at org.apache.spark.rpc.netty.LocalNettyRpcCallContext.send(NettyRpcCallContext.scala:50)
[2026-04-13T17:49:14.542+0000] {subprocess.py:106} INFO - 	at org.apache.spark.rpc.netty.NettyRpcCallContext.reply(NettyRpcCallContext.scala:32)
[2026-04-13T17:49:14.544+0000] {subprocess.py:106} INFO - 	at org.apache.spark.rpc.netty.RpcEndpointVerifier$$anonfun$receiveAndReply$1.applyOrElse(RpcEndpointVerifier.scala:31)
[2026-04-13T17:49:14.550+0000] {subprocess.py:106} INFO - 	... 8 more
[2026-04-13T17:49:14.552+0000] {subprocess.py:106} INFO - 26/04/13 17:49:14 ERROR Inbox: Ignoring error
[2026-04-13T17:49:14.553+0000] {subprocess.py:106} INFO - org.apache.spark.SparkException: Exception thrown in awaitResult:
[2026-04-13T17:49:14.554+0000] {subprocess.py:106} INFO - 	at org.apache.spark.util.SparkThreadUtils$.awaitResult(SparkThreadUtils.scala:53)
[2026-04-13T17:49:14.555+0000] {subprocess.py:106} INFO - 	at org.apache.spark.util.ThreadUtils$.awaitResult(ThreadUtils.scala:342)
[2026-04-13T17:49:14.555+0000] {subprocess.py:106} INFO - 	at org.apache.spark.rpc.RpcTimeout.awaitResult(RpcTimeout.scala:75)
[2026-04-13T17:49:14.557+0000] {subprocess.py:106} INFO - 	at org.apache.spark.rpc.RpcEnv.setupEndpointRefByURI(RpcEnv.scala:102)
[2026-04-13T17:49:14.565+0000] {subprocess.py:106} INFO - 	at org.apache.spark.rpc.RpcEnv.setupEndpointRef(RpcEnv.scala:110)
[2026-04-13T17:49:14.569+0000] {subprocess.py:106} INFO - 	at org.apache.spark.util.RpcUtils$.makeDriverRef(RpcUtils.scala:36)
[2026-04-13T17:49:14.573+0000] {subprocess.py:106} INFO - 	at org.apache.spark.storage.BlockManagerMasterEndpoint.driverEndpoint$lzycompute(BlockManagerMasterEndpoint.scala:132)
[2026-04-13T17:49:14.574+0000] {subprocess.py:106} INFO - 	at org.apache.spark.storage.BlockManagerMasterEndpoint.org$apache$spark$storage$BlockManagerMasterEndpoint$$driverEndpoint(BlockManagerMasterEndpoint.scala:131)
[2026-04-13T17:49:14.575+0000] {subprocess.py:106} INFO - 	at org.apache.spark.storage.BlockManagerMasterEndpoint.isExecutorAlive$lzycompute$1(BlockManagerMasterEndpoint.scala:700)
[2026-04-13T17:49:14.582+0000] {subprocess.py:106} INFO - 	at org.apache.spark.storage.BlockManagerMasterEndpoint.isExecutorAlive$1(BlockManagerMasterEndpoint.scala:699)
[2026-04-13T17:49:14.585+0000] {subprocess.py:106} INFO - 	at org.apache.spark.storage.BlockManagerMasterEndpoint.org$apache$spark$storage$BlockManagerMasterEndpoint$$register(BlockManagerMasterEndpoint.scala:739)
[2026-04-13T17:49:14.587+0000] {subprocess.py:106} INFO - 	at org.apache.spark.storage.BlockManagerMasterEndpoint$$anonfun$receiveAndReply$1.applyOrElse(BlockManagerMasterEndpoint.scala:141)
[2026-04-13T17:49:14.589+0000] {subprocess.py:106} INFO - 	at org.apache.spark.rpc.netty.Inbox.$anonfun$process$1(Inbox.scala:104)
[2026-04-13T17:49:14.594+0000] {subprocess.py:106} INFO - 	at org.apache.spark.rpc.netty.Inbox.safelyCall(Inbox.scala:216)
[2026-04-13T17:49:14.596+0000] {subprocess.py:106} INFO - 	at org.apache.spark.rpc.netty.Inbox.process(Inbox.scala:101)
[2026-04-13T17:49:14.598+0000] {subprocess.py:106} INFO - 	at org.apache.spark.rpc.netty.MessageLoop.org$apache$spark$rpc$netty$MessageLoop$$receiveLoop(MessageLoop.scala:76)
[2026-04-13T17:49:14.602+0000] {subprocess.py:106} INFO - 	at org.apache.spark.rpc.netty.MessageLoop$$anon$1.run(MessageLoop.scala:42)
[2026-04-13T17:49:14.604+0000] {subprocess.py:106} INFO - 	at java.base/java.util.concurrent.ThreadPoolExecutor.runWorker(ThreadPoolExecutor.java:1144)
[2026-04-13T17:49:14.605+0000] {subprocess.py:106} INFO - 	at java.base/java.util.concurrent.ThreadPoolExecutor$Worker.run(ThreadPoolExecutor.java:642)
[2026-04-13T17:49:14.607+0000] {subprocess.py:106} INFO - 	at java.base/java.lang.Thread.run(Thread.java:1583)
[2026-04-13T17:49:14.609+0000] {subprocess.py:106} INFO - Caused by: org.apache.spark.rpc.RpcEndpointNotFoundException: Cannot find endpoint: spark://CoarseGrainedScheduler@spark-master:44749
[2026-04-13T17:49:14.611+0000] {subprocess.py:106} INFO - 	at org.apache.spark.rpc.netty.NettyRpcEnv.$anonfun$asyncSetupEndpointRefByURI$1(NettyRpcEnv.scala:151)
[2026-04-13T17:49:14.614+0000] {subprocess.py:106} INFO - 	at org.apache.spark.rpc.netty.NettyRpcEnv.$anonfun$asyncSetupEndpointRefByURI$1$adapted(NettyRpcEnv.scala:147)
[2026-04-13T17:49:14.615+0000] {subprocess.py:106} INFO - 	at scala.concurrent.impl.Promise$Transformation.run(Promise.scala:470)
[2026-04-13T17:49:14.615+0000] {subprocess.py:106} INFO - 	at org.apache.spark.util.ThreadUtils$$anon$1.execute(ThreadUtils.scala:99)
[2026-04-13T17:49:14.616+0000] {subprocess.py:106} INFO - 	at scala.concurrent.impl.ExecutionContextImpl.execute(ExecutionContextImpl.scala:21)
[2026-04-13T17:49:14.617+0000] {subprocess.py:106} INFO - 	at scala.concurrent.impl.Promise$Transformation.submitWithValue(Promise.scala:429)
[2026-04-13T17:49:14.619+0000] {subprocess.py:106} INFO - 	at scala.concurrent.impl.Promise$DefaultPromise.submitWithValue(Promise.scala:338)
[2026-04-13T17:49:14.621+0000] {subprocess.py:106} INFO - 	at scala.concurrent.impl.Promise$DefaultPromise.tryComplete0(Promise.scala:285)
[2026-04-13T17:49:14.622+0000] {subprocess.py:106} INFO - 	at scala.concurrent.impl.Promise$Transformation.run(Promise.scala:504)
[2026-04-13T17:49:14.624+0000] {subprocess.py:106} INFO - 	at org.apache.spark.util.ThreadUtils$$anon$1.execute(ThreadUtils.scala:99)
[2026-04-13T17:49:14.626+0000] {subprocess.py:106} INFO - 	at scala.concurrent.impl.ExecutionContextImpl.execute(ExecutionContextImpl.scala:21)
[2026-04-13T17:49:14.631+0000] {subprocess.py:106} INFO - 	at scala.concurrent.impl.Promise$Transformation.submitWithValue(Promise.scala:429)
[2026-04-13T17:49:14.632+0000] {subprocess.py:106} INFO - 	at scala.concurrent.impl.Promise$DefaultPromise.submitWithValue(Promise.scala:338)
[2026-04-13T17:49:14.633+0000] {subprocess.py:106} INFO - 	at scala.concurrent.impl.Promise$DefaultPromise.tryComplete0(Promise.scala:285)
[2026-04-13T17:49:14.634+0000] {subprocess.py:106} INFO - 	at scala.concurrent.impl.Promise$Transformation.run(Promise.scala:504)
[2026-04-13T17:49:14.635+0000] {subprocess.py:106} INFO - 	at scala.concurrent.ExecutionContext$parasitic$.execute(ExecutionContext.scala:222)
[2026-04-13T17:49:14.637+0000] {subprocess.py:106} INFO - 	at scala.concurrent.impl.Promise$Transformation.submitWithValue(Promise.scala:429)
[2026-04-13T17:49:14.639+0000] {subprocess.py:106} INFO - 	at scala.concurrent.impl.Promise$DefaultPromise.submitWithValue(Promise.scala:335)
[2026-04-13T17:49:14.641+0000] {subprocess.py:106} INFO - 	at scala.concurrent.impl.Promise$DefaultPromise.tryComplete0(Promise.scala:285)
[2026-04-13T17:49:14.643+0000] {subprocess.py:106} INFO - 	at scala.concurrent.impl.Promise$DefaultPromise.tryComplete(Promise.scala:278)
[2026-04-13T17:49:14.646+0000] {subprocess.py:106} INFO - 	at scala.concurrent.Promise.trySuccess(Promise.scala:99)
[2026-04-13T17:49:14.649+0000] {subprocess.py:106} INFO - 	at scala.concurrent.Promise.trySuccess$(Promise.scala:99)
[2026-04-13T17:49:14.652+0000] {subprocess.py:106} INFO - 	at scala.concurrent.impl.Promise$DefaultPromise.trySuccess(Promise.scala:104)
[2026-04-13T17:49:14.653+0000] {subprocess.py:106} INFO - 	at org.apache.spark.rpc.netty.NettyRpcEnv.onSuccess$1(NettyRpcEnv.scala:228)
[2026-04-13T17:49:14.656+0000] {subprocess.py:106} INFO - 	at org.apache.spark.rpc.netty.NettyRpcEnv.$anonfun$askAbortable$5(NettyRpcEnv.scala:242)
[2026-04-13T17:49:14.657+0000] {subprocess.py:106} INFO - 	at org.apache.spark.rpc.netty.NettyRpcEnv.$anonfun$askAbortable$5$adapted(NettyRpcEnv.scala:241)
[2026-04-13T17:49:14.662+0000] {subprocess.py:106} INFO - 	at scala.concurrent.impl.Promise$Transformation.run(Promise.scala:484)
[2026-04-13T17:49:14.666+0000] {subprocess.py:106} INFO - 	at org.apache.spark.util.ThreadUtils$$anon$1.execute(ThreadUtils.scala:99)
[2026-04-13T17:49:14.674+0000] {subprocess.py:106} INFO - 	at scala.concurrent.impl.ExecutionContextImpl.execute(ExecutionContextImpl.scala:21)
[2026-04-13T17:49:14.675+0000] {subprocess.py:106} INFO - 	at scala.concurrent.impl.Promise$Transformation.submitWithValue(Promise.scala:429)
[2026-04-13T17:49:14.676+0000] {subprocess.py:106} INFO - 	at scala.concurrent.impl.Promise$DefaultPromise.submitWithValue(Promise.scala:338)
[2026-04-13T17:49:14.682+0000] {subprocess.py:106} INFO - 	at scala.concurrent.impl.Promise$DefaultPromise.tryComplete0(Promise.scala:285)
[2026-04-13T17:49:14.689+0000] {subprocess.py:106} INFO - 	at scala.concurrent.impl.Promise$DefaultPromise.tryComplete(Promise.scala:278)
[2026-04-13T17:49:14.692+0000] {subprocess.py:106} INFO - 	at scala.concurrent.Promise.complete(Promise.scala:57)
[2026-04-13T17:49:14.693+0000] {subprocess.py:106} INFO - 	at scala.concurrent.Promise.complete$(Promise.scala:56)
[2026-04-13T17:49:14.694+0000] {subprocess.py:106} INFO - 	at scala.concurrent.impl.Promise$DefaultPromise.complete(Promise.scala:104)
[2026-04-13T17:49:14.695+0000] {subprocess.py:106} INFO - 	at scala.concurrent.Promise.success(Promise.scala:91)
[2026-04-13T17:49:14.696+0000] {subprocess.py:106} INFO - 	at scala.concurrent.Promise.success$(Promise.scala:91)
[2026-04-13T17:49:14.697+0000] {subprocess.py:106} INFO - 	at scala.concurrent.impl.Promise$DefaultPromise.success(Promise.scala:104)
[2026-04-13T17:49:14.697+0000] {subprocess.py:106} INFO - 	at org.apache.spark.rpc.netty.LocalNettyRpcCallContext.send(NettyRpcCallContext.scala:50)
[2026-04-13T17:49:14.700+0000] {subprocess.py:106} INFO - 	at org.apache.spark.rpc.netty.NettyRpcCallContext.reply(NettyRpcCallContext.scala:32)
[2026-04-13T17:49:14.703+0000] {subprocess.py:106} INFO - 	at org.apache.spark.rpc.netty.RpcEndpointVerifier$$anonfun$receiveAndReply$1.applyOrElse(RpcEndpointVerifier.scala:31)
[2026-04-13T17:49:14.707+0000] {subprocess.py:106} INFO - 	... 8 more
[2026-04-13T17:50:16.786+0000] {job.py:239} ERROR - Job heartbeat failed with error
Traceback (most recent call last):
  File "/home/airflow/airflow/venv/lib/python3.12/site-packages/sqlalchemy/engine/base.py", line 3371, in _wrap_pool_connect
    return fn()
           ^^^^
  File "/home/airflow/airflow/venv/lib/python3.12/site-packages/sqlalchemy/pool/base.py", line 327, in connect
    return _ConnectionFairy._checkout(self)
           ^^^^^^^^^^^^^^^^^^^^^^^^^^^^^^^^
  File "/home/airflow/airflow/venv/lib/python3.12/site-packages/sqlalchemy/pool/base.py", line 894, in _checkout
    fairy = _ConnectionRecord.checkout(pool)
            ^^^^^^^^^^^^^^^^^^^^^^^^^^^^^^^^
  File "/home/airflow/airflow/venv/lib/python3.12/site-packages/sqlalchemy/pool/base.py", line 493, in checkout
    rec = pool._do_get()
          ^^^^^^^^^^^^^^
  File "/home/airflow/airflow/venv/lib/python3.12/site-packages/sqlalchemy/pool/impl.py", line 256, in _do_get
    return self._create_connection()
           ^^^^^^^^^^^^^^^^^^^^^^^^^
  File "/home/airflow/airflow/venv/lib/python3.12/site-packages/sqlalchemy/pool/base.py", line 273, in _create_connection
    return _ConnectionRecord(self)
           ^^^^^^^^^^^^^^^^^^^^^^^
  File "/home/airflow/airflow/venv/lib/python3.12/site-packages/sqlalchemy/pool/base.py", line 388, in __init__
    self.__connect()
  File "/home/airflow/airflow/venv/lib/python3.12/site-packages/sqlalchemy/pool/base.py", line 690, in __connect
    with util.safe_reraise():
         ^^^^^^^^^^^^^^^^^^^
  File "/home/airflow/airflow/venv/lib/python3.12/site-packages/sqlalchemy/util/langhelpers.py", line 70, in __exit__
    compat.raise_(
  File "/home/airflow/airflow/venv/lib/python3.12/site-packages/sqlalchemy/util/compat.py", line 211, in raise_
    raise exception
  File "/home/airflow/airflow/venv/lib/python3.12/site-packages/sqlalchemy/pool/base.py", line 686, in __connect
    self.dbapi_connection = connection = pool._invoke_creator(self)
                                         ^^^^^^^^^^^^^^^^^^^^^^^^^^
  File "/home/airflow/airflow/venv/lib/python3.12/site-packages/sqlalchemy/engine/create.py", line 574, in connect
    return dialect.connect(*cargs, **cparams)
           ^^^^^^^^^^^^^^^^^^^^^^^^^^^^^^^^^^
  File "/home/airflow/airflow/venv/lib/python3.12/site-packages/sqlalchemy/engine/default.py", line 598, in connect
    return self.dbapi.connect(*cargs, **cparams)
           ^^^^^^^^^^^^^^^^^^^^^^^^^^^^^^^^^^^^^
  File "/home/airflow/airflow/venv/lib/python3.12/site-packages/psycopg2/__init__.py", line 122, in connect
    conn = _connect(dsn, connection_factory=connection_factory, **kwasync)
           ^^^^^^^^^^^^^^^^^^^^^^^^^^^^^^^^^^^^^^^^^^^^^^^^^^^^^^^^^^^^^^^
psycopg2.OperationalError: could not translate host name "***" to address: Temporary failure in name resolution


The above exception was the direct cause of the following exception:

Traceback (most recent call last):
  File "/home/airflow/airflow/venv/lib/python3.12/site-packages/airflow/jobs/job.py", line 207, in heartbeat
    self._merge_from(Job._fetch_from_db(self, session))
                     ^^^^^^^^^^^^^^^^^^^^^^^^^^^^^^^^^
  File "/home/airflow/airflow/venv/lib/python3.12/site-packages/airflow/api_internal/internal_api_call.py", line 166, in wrapper
    return func(*args, **kwargs)
           ^^^^^^^^^^^^^^^^^^^^^
  File "/home/airflow/airflow/venv/lib/python3.12/site-packages/airflow/utils/session.py", line 94, in wrapper
    return func(*args, **kwargs)
           ^^^^^^^^^^^^^^^^^^^^^
  File "/home/airflow/airflow/venv/lib/python3.12/site-packages/airflow/utils/retries.py", line 93, in wrapped_function
    for attempt in run_with_db_retries(max_retries=retries, logger=logger, **retry_kwargs):
                   ^^^^^^^^^^^^^^^^^^^^^^^^^^^^^^^^^^^^^^^^^^^^^^^^^^^^^^^^^^^^^^^^^^^^^^^
  File "/home/airflow/airflow/venv/lib/python3.12/site-packages/tenacity/__init__.py", line 438, in __iter__
    do = self.iter(retry_state=retry_state)
         ^^^^^^^^^^^^^^^^^^^^^^^^^^^^^^^^^^
  File "/home/airflow/airflow/venv/lib/python3.12/site-packages/tenacity/__init__.py", line 371, in iter
    result = action(retry_state)
             ^^^^^^^^^^^^^^^^^^^
  File "/home/airflow/airflow/venv/lib/python3.12/site-packages/tenacity/__init__.py", line 413, in exc_check
    raise retry_exc.reraise()
          ^^^^^^^^^^^^^^^^^^^
  File "/home/airflow/airflow/venv/lib/python3.12/site-packages/tenacity/__init__.py", line 184, in reraise
    raise self.last_attempt.result()
          ^^^^^^^^^^^^^^^^^^^^^^^^^^
  File "/usr/local/lib/python3.12/concurrent/futures/_base.py", line 449, in result
    return self.__get_result()
           ^^^^^^^^^^^^^^^^^^^
  File "/usr/local/lib/python3.12/concurrent/futures/_base.py", line 401, in __get_result
    raise self._exception
  File "/home/airflow/airflow/venv/lib/python3.12/site-packages/airflow/utils/retries.py", line 102, in wrapped_function
    return func(*args, **kwargs)
           ^^^^^^^^^^^^^^^^^^^^^
  File "/home/airflow/airflow/venv/lib/python3.12/site-packages/airflow/jobs/job.py", line 335, in _fetch_from_db
    session.merge(job)
  File "/home/airflow/airflow/venv/lib/python3.12/site-packages/sqlalchemy/orm/session.py", line 3056, in merge
    return self._merge(
           ^^^^^^^^^^^^
  File "/home/airflow/airflow/venv/lib/python3.12/site-packages/sqlalchemy/orm/session.py", line 3136, in _merge
    merged = self.get(
             ^^^^^^^^^
  File "/home/airflow/airflow/venv/lib/python3.12/site-packages/sqlalchemy/orm/session.py", line 2853, in get
    return self._get_impl(
           ^^^^^^^^^^^^^^^
  File "/home/airflow/airflow/venv/lib/python3.12/site-packages/sqlalchemy/orm/session.py", line 2975, in _get_impl
    return db_load_fn(
           ^^^^^^^^^^^
  File "/home/airflow/airflow/venv/lib/python3.12/site-packages/sqlalchemy/orm/loading.py", line 530, in load_on_pk_identity
    session.execute(
  File "/home/airflow/airflow/venv/lib/python3.12/site-packages/sqlalchemy/orm/session.py", line 1716, in execute
    conn = self._connection_for_bind(bind)
           ^^^^^^^^^^^^^^^^^^^^^^^^^^^^^^^
  File "/home/airflow/airflow/venv/lib/python3.12/site-packages/sqlalchemy/orm/session.py", line 1555, in _connection_for_bind
    return self._transaction._connection_for_bind(
           ^^^^^^^^^^^^^^^^^^^^^^^^^^^^^^^^^^^^^^^
  File "/home/airflow/airflow/venv/lib/python3.12/site-packages/sqlalchemy/orm/session.py", line 750, in _connection_for_bind
    conn = bind.connect()
           ^^^^^^^^^^^^^^
  File "/home/airflow/airflow/venv/lib/python3.12/site-packages/sqlalchemy/future/engine.py", line 412, in connect
    return super(Engine, self).connect()
           ^^^^^^^^^^^^^^^^^^^^^^^^^^^^^
  File "/home/airflow/airflow/venv/lib/python3.12/site-packages/sqlalchemy/engine/base.py", line 3325, in connect
    return self._connection_cls(self, close_with_result=close_with_result)
           ^^^^^^^^^^^^^^^^^^^^^^^^^^^^^^^^^^^^^^^^^^^^^^^^^^^^^^^^^^^^^^^
  File "/home/airflow/airflow/venv/lib/python3.12/site-packages/sqlalchemy/engine/base.py", line 96, in __init__
    else engine.raw_connection()
         ^^^^^^^^^^^^^^^^^^^^^^^
  File "/home/airflow/airflow/venv/lib/python3.12/site-packages/sqlalchemy/engine/base.py", line 3404, in raw_connection
    return self._wrap_pool_connect(self.pool.connect, _connection)
           ^^^^^^^^^^^^^^^^^^^^^^^^^^^^^^^^^^^^^^^^^^^^^^^^^^^^^^^
  File "/home/airflow/airflow/venv/lib/python3.12/site-packages/sqlalchemy/engine/base.py", line 3374, in _wrap_pool_connect
    Connection._handle_dbapi_exception_noconnection(
  File "/home/airflow/airflow/venv/lib/python3.12/site-packages/sqlalchemy/engine/base.py", line 2208, in _handle_dbapi_exception_noconnection
    util.raise_(
  File "/home/airflow/airflow/venv/lib/python3.12/site-packages/sqlalchemy/util/compat.py", line 211, in raise_
    raise exception
  File "/home/airflow/airflow/venv/lib/python3.12/site-packages/sqlalchemy/engine/base.py", line 3371, in _wrap_pool_connect
    return fn()
           ^^^^
  File "/home/airflow/airflow/venv/lib/python3.12/site-packages/sqlalchemy/pool/base.py", line 327, in connect
    return _ConnectionFairy._checkout(self)
           ^^^^^^^^^^^^^^^^^^^^^^^^^^^^^^^^
  File "/home/airflow/airflow/venv/lib/python3.12/site-packages/sqlalchemy/pool/base.py", line 894, in _checkout
    fairy = _ConnectionRecord.checkout(pool)
            ^^^^^^^^^^^^^^^^^^^^^^^^^^^^^^^^
  File "/home/airflow/airflow/venv/lib/python3.12/site-packages/sqlalchemy/pool/base.py", line 493, in checkout
    rec = pool._do_get()
          ^^^^^^^^^^^^^^
  File "/home/airflow/airflow/venv/lib/python3.12/site-packages/sqlalchemy/pool/impl.py", line 256, in _do_get
    return self._create_connection()
           ^^^^^^^^^^^^^^^^^^^^^^^^^
  File "/home/airflow/airflow/venv/lib/python3.12/site-packages/sqlalchemy/pool/base.py", line 273, in _create_connection
    return _ConnectionRecord(self)
           ^^^^^^^^^^^^^^^^^^^^^^^
  File "/home/airflow/airflow/venv/lib/python3.12/site-packages/sqlalchemy/pool/base.py", line 388, in __init__
    self.__connect()
  File "/home/airflow/airflow/venv/lib/python3.12/site-packages/sqlalchemy/pool/base.py", line 690, in __connect
    with util.safe_reraise():
         ^^^^^^^^^^^^^^^^^^^
  File "/home/airflow/airflow/venv/lib/python3.12/site-packages/sqlalchemy/util/langhelpers.py", line 70, in __exit__
    compat.raise_(
  File "/home/airflow/airflow/venv/lib/python3.12/site-packages/sqlalchemy/util/compat.py", line 211, in raise_
    raise exception
  File "/home/airflow/airflow/venv/lib/python3.12/site-packages/sqlalchemy/pool/base.py", line 686, in __connect
    self.dbapi_connection = connection = pool._invoke_creator(self)
                                         ^^^^^^^^^^^^^^^^^^^^^^^^^^
  File "/home/airflow/airflow/venv/lib/python3.12/site-packages/sqlalchemy/engine/create.py", line 574, in connect
    return dialect.connect(*cargs, **cparams)
           ^^^^^^^^^^^^^^^^^^^^^^^^^^^^^^^^^^
  File "/home/airflow/airflow/venv/lib/python3.12/site-packages/sqlalchemy/engine/default.py", line 598, in connect
    return self.dbapi.connect(*cargs, **cparams)
           ^^^^^^^^^^^^^^^^^^^^^^^^^^^^^^^^^^^^^
  File "/home/airflow/airflow/venv/lib/python3.12/site-packages/psycopg2/__init__.py", line 122, in connect
    conn = _connect(dsn, connection_factory=connection_factory, **kwasync)
           ^^^^^^^^^^^^^^^^^^^^^^^^^^^^^^^^^^^^^^^^^^^^^^^^^^^^^^^^^^^^^^^
sqlalchemy.exc.OperationalError: (psycopg2.OperationalError) could not translate host name "***" to address: Temporary failure in name resolution

(Background on this error at: https://sqlalche.me/e/14/e3q8)
[2026-04-13T17:50:27.000+0000] {job.py:254} ERROR - Job heartbeat failed with error. Scheduler is in unhealthy state
[2026-04-13T17:51:02.985+0000] {job.py:229} INFO - Heartbeat recovered after 91.03 seconds
[2026-04-13T17:51:13.706+0000] {job.py:254} ERROR - Job heartbeat failed with error. Scheduler is in unhealthy state
[2026-04-13T17:52:27.062+0000] {job.py:254} ERROR - Job heartbeat failed with error. Scheduler is in unhealthy state
[2026-04-13T17:53:42.280+0000] {job.py:229} INFO - Heartbeat recovered after 159.31 seconds
[2026-04-13T17:55:11.935+0000] {job.py:239} ERROR - Job heartbeat failed with error
Traceback (most recent call last):
  File "/home/airflow/airflow/venv/lib/python3.12/site-packages/sqlalchemy/engine/base.py", line 3371, in _wrap_pool_connect
    return fn()
           ^^^^
  File "/home/airflow/airflow/venv/lib/python3.12/site-packages/sqlalchemy/pool/base.py", line 327, in connect
    return _ConnectionFairy._checkout(self)
           ^^^^^^^^^^^^^^^^^^^^^^^^^^^^^^^^
  File "/home/airflow/airflow/venv/lib/python3.12/site-packages/sqlalchemy/pool/base.py", line 894, in _checkout
    fairy = _ConnectionRecord.checkout(pool)
            ^^^^^^^^^^^^^^^^^^^^^^^^^^^^^^^^
  File "/home/airflow/airflow/venv/lib/python3.12/site-packages/sqlalchemy/pool/base.py", line 493, in checkout
    rec = pool._do_get()
          ^^^^^^^^^^^^^^
  File "/home/airflow/airflow/venv/lib/python3.12/site-packages/sqlalchemy/pool/impl.py", line 256, in _do_get
    return self._create_connection()
           ^^^^^^^^^^^^^^^^^^^^^^^^^
  File "/home/airflow/airflow/venv/lib/python3.12/site-packages/sqlalchemy/pool/base.py", line 273, in _create_connection
    return _ConnectionRecord(self)
           ^^^^^^^^^^^^^^^^^^^^^^^
  File "/home/airflow/airflow/venv/lib/python3.12/site-packages/sqlalchemy/pool/base.py", line 388, in __init__
    self.__connect()
  File "/home/airflow/airflow/venv/lib/python3.12/site-packages/sqlalchemy/pool/base.py", line 690, in __connect
    with util.safe_reraise():
         ^^^^^^^^^^^^^^^^^^^
  File "/home/airflow/airflow/venv/lib/python3.12/site-packages/sqlalchemy/util/langhelpers.py", line 70, in __exit__
    compat.raise_(
  File "/home/airflow/airflow/venv/lib/python3.12/site-packages/sqlalchemy/util/compat.py", line 211, in raise_
    raise exception
  File "/home/airflow/airflow/venv/lib/python3.12/site-packages/sqlalchemy/pool/base.py", line 686, in __connect
    self.dbapi_connection = connection = pool._invoke_creator(self)
                                         ^^^^^^^^^^^^^^^^^^^^^^^^^^
  File "/home/airflow/airflow/venv/lib/python3.12/site-packages/sqlalchemy/engine/create.py", line 574, in connect
    return dialect.connect(*cargs, **cparams)
           ^^^^^^^^^^^^^^^^^^^^^^^^^^^^^^^^^^
  File "/home/airflow/airflow/venv/lib/python3.12/site-packages/sqlalchemy/engine/default.py", line 598, in connect
    return self.dbapi.connect(*cargs, **cparams)
           ^^^^^^^^^^^^^^^^^^^^^^^^^^^^^^^^^^^^^
  File "/home/airflow/airflow/venv/lib/python3.12/site-packages/psycopg2/__init__.py", line 122, in connect
    conn = _connect(dsn, connection_factory=connection_factory, **kwasync)
           ^^^^^^^^^^^^^^^^^^^^^^^^^^^^^^^^^^^^^^^^^^^^^^^^^^^^^^^^^^^^^^^
psycopg2.OperationalError: could not translate host name "***" to address: Temporary failure in name resolution


The above exception was the direct cause of the following exception:

Traceback (most recent call last):
  File "/home/airflow/airflow/venv/lib/python3.12/site-packages/airflow/jobs/job.py", line 207, in heartbeat
    self._merge_from(Job._fetch_from_db(self, session))
                     ^^^^^^^^^^^^^^^^^^^^^^^^^^^^^^^^^
  File "/home/airflow/airflow/venv/lib/python3.12/site-packages/airflow/api_internal/internal_api_call.py", line 166, in wrapper
    return func(*args, **kwargs)
           ^^^^^^^^^^^^^^^^^^^^^
  File "/home/airflow/airflow/venv/lib/python3.12/site-packages/airflow/utils/session.py", line 94, in wrapper
    return func(*args, **kwargs)
           ^^^^^^^^^^^^^^^^^^^^^
  File "/home/airflow/airflow/venv/lib/python3.12/site-packages/airflow/utils/retries.py", line 93, in wrapped_function
    for attempt in run_with_db_retries(max_retries=retries, logger=logger, **retry_kwargs):
                   ^^^^^^^^^^^^^^^^^^^^^^^^^^^^^^^^^^^^^^^^^^^^^^^^^^^^^^^^^^^^^^^^^^^^^^^
  File "/home/airflow/airflow/venv/lib/python3.12/site-packages/tenacity/__init__.py", line 438, in __iter__
    do = self.iter(retry_state=retry_state)
         ^^^^^^^^^^^^^^^^^^^^^^^^^^^^^^^^^^
  File "/home/airflow/airflow/venv/lib/python3.12/site-packages/tenacity/__init__.py", line 371, in iter
    result = action(retry_state)
             ^^^^^^^^^^^^^^^^^^^
  File "/home/airflow/airflow/venv/lib/python3.12/site-packages/tenacity/__init__.py", line 413, in exc_check
    raise retry_exc.reraise()
          ^^^^^^^^^^^^^^^^^^^
  File "/home/airflow/airflow/venv/lib/python3.12/site-packages/tenacity/__init__.py", line 184, in reraise
    raise self.last_attempt.result()
          ^^^^^^^^^^^^^^^^^^^^^^^^^^
  File "/usr/local/lib/python3.12/concurrent/futures/_base.py", line 449, in result
    return self.__get_result()
           ^^^^^^^^^^^^^^^^^^^
  File "/usr/local/lib/python3.12/concurrent/futures/_base.py", line 401, in __get_result
    raise self._exception
  File "/home/airflow/airflow/venv/lib/python3.12/site-packages/airflow/utils/retries.py", line 102, in wrapped_function
    return func(*args, **kwargs)
           ^^^^^^^^^^^^^^^^^^^^^
  File "/home/airflow/airflow/venv/lib/python3.12/site-packages/airflow/jobs/job.py", line 335, in _fetch_from_db
    session.merge(job)
  File "/home/airflow/airflow/venv/lib/python3.12/site-packages/sqlalchemy/orm/session.py", line 3056, in merge
    return self._merge(
           ^^^^^^^^^^^^
  File "/home/airflow/airflow/venv/lib/python3.12/site-packages/sqlalchemy/orm/session.py", line 3136, in _merge
    merged = self.get(
             ^^^^^^^^^
  File "/home/airflow/airflow/venv/lib/python3.12/site-packages/sqlalchemy/orm/session.py", line 2853, in get
    return self._get_impl(
           ^^^^^^^^^^^^^^^
  File "/home/airflow/airflow/venv/lib/python3.12/site-packages/sqlalchemy/orm/session.py", line 2975, in _get_impl
    return db_load_fn(
           ^^^^^^^^^^^
  File "/home/airflow/airflow/venv/lib/python3.12/site-packages/sqlalchemy/orm/loading.py", line 530, in load_on_pk_identity
    session.execute(
  File "/home/airflow/airflow/venv/lib/python3.12/site-packages/sqlalchemy/orm/session.py", line 1716, in execute
    conn = self._connection_for_bind(bind)
           ^^^^^^^^^^^^^^^^^^^^^^^^^^^^^^^
  File "/home/airflow/airflow/venv/lib/python3.12/site-packages/sqlalchemy/orm/session.py", line 1555, in _connection_for_bind
    return self._transaction._connection_for_bind(
           ^^^^^^^^^^^^^^^^^^^^^^^^^^^^^^^^^^^^^^^
  File "/home/airflow/airflow/venv/lib/python3.12/site-packages/sqlalchemy/orm/session.py", line 750, in _connection_for_bind
    conn = bind.connect()
           ^^^^^^^^^^^^^^
  File "/home/airflow/airflow/venv/lib/python3.12/site-packages/sqlalchemy/future/engine.py", line 412, in connect
    return super(Engine, self).connect()
           ^^^^^^^^^^^^^^^^^^^^^^^^^^^^^
  File "/home/airflow/airflow/venv/lib/python3.12/site-packages/sqlalchemy/engine/base.py", line 3325, in connect
    return self._connection_cls(self, close_with_result=close_with_result)
           ^^^^^^^^^^^^^^^^^^^^^^^^^^^^^^^^^^^^^^^^^^^^^^^^^^^^^^^^^^^^^^^
  File "/home/airflow/airflow/venv/lib/python3.12/site-packages/sqlalchemy/engine/base.py", line 96, in __init__
    else engine.raw_connection()
         ^^^^^^^^^^^^^^^^^^^^^^^
  File "/home/airflow/airflow/venv/lib/python3.12/site-packages/sqlalchemy/engine/base.py", line 3404, in raw_connection
    return self._wrap_pool_connect(self.pool.connect, _connection)
           ^^^^^^^^^^^^^^^^^^^^^^^^^^^^^^^^^^^^^^^^^^^^^^^^^^^^^^^
  File "/home/airflow/airflow/venv/lib/python3.12/site-packages/sqlalchemy/engine/base.py", line 3374, in _wrap_pool_connect
    Connection._handle_dbapi_exception_noconnection(
  File "/home/airflow/airflow/venv/lib/python3.12/site-packages/sqlalchemy/engine/base.py", line 2208, in _handle_dbapi_exception_noconnection
    util.raise_(
  File "/home/airflow/airflow/venv/lib/python3.12/site-packages/sqlalchemy/util/compat.py", line 211, in raise_
    raise exception
  File "/home/airflow/airflow/venv/lib/python3.12/site-packages/sqlalchemy/engine/base.py", line 3371, in _wrap_pool_connect
    return fn()
           ^^^^
  File "/home/airflow/airflow/venv/lib/python3.12/site-packages/sqlalchemy/pool/base.py", line 327, in connect
    return _ConnectionFairy._checkout(self)
           ^^^^^^^^^^^^^^^^^^^^^^^^^^^^^^^^
  File "/home/airflow/airflow/venv/lib/python3.12/site-packages/sqlalchemy/pool/base.py", line 894, in _checkout
    fairy = _ConnectionRecord.checkout(pool)
            ^^^^^^^^^^^^^^^^^^^^^^^^^^^^^^^^
  File "/home/airflow/airflow/venv/lib/python3.12/site-packages/sqlalchemy/pool/base.py", line 493, in checkout
    rec = pool._do_get()
          ^^^^^^^^^^^^^^
  File "/home/airflow/airflow/venv/lib/python3.12/site-packages/sqlalchemy/pool/impl.py", line 256, in _do_get
    return self._create_connection()
           ^^^^^^^^^^^^^^^^^^^^^^^^^
  File "/home/airflow/airflow/venv/lib/python3.12/site-packages/sqlalchemy/pool/base.py", line 273, in _create_connection
    return _ConnectionRecord(self)
           ^^^^^^^^^^^^^^^^^^^^^^^
  File "/home/airflow/airflow/venv/lib/python3.12/site-packages/sqlalchemy/pool/base.py", line 388, in __init__
    self.__connect()
  File "/home/airflow/airflow/venv/lib/python3.12/site-packages/sqlalchemy/pool/base.py", line 690, in __connect
    with util.safe_reraise():
         ^^^^^^^^^^^^^^^^^^^
  File "/home/airflow/airflow/venv/lib/python3.12/site-packages/sqlalchemy/util/langhelpers.py", line 70, in __exit__
    compat.raise_(
  File "/home/airflow/airflow/venv/lib/python3.12/site-packages/sqlalchemy/util/compat.py", line 211, in raise_
    raise exception
  File "/home/airflow/airflow/venv/lib/python3.12/site-packages/sqlalchemy/pool/base.py", line 686, in __connect
    self.dbapi_connection = connection = pool._invoke_creator(self)
                                         ^^^^^^^^^^^^^^^^^^^^^^^^^^
  File "/home/airflow/airflow/venv/lib/python3.12/site-packages/sqlalchemy/engine/create.py", line 574, in connect
    return dialect.connect(*cargs, **cparams)
           ^^^^^^^^^^^^^^^^^^^^^^^^^^^^^^^^^^
  File "/home/airflow/airflow/venv/lib/python3.12/site-packages/sqlalchemy/engine/default.py", line 598, in connect
    return self.dbapi.connect(*cargs, **cparams)
           ^^^^^^^^^^^^^^^^^^^^^^^^^^^^^^^^^^^^^
  File "/home/airflow/airflow/venv/lib/python3.12/site-packages/psycopg2/__init__.py", line 122, in connect
    conn = _connect(dsn, connection_factory=connection_factory, **kwasync)
           ^^^^^^^^^^^^^^^^^^^^^^^^^^^^^^^^^^^^^^^^^^^^^^^^^^^^^^^^^^^^^^^
sqlalchemy.exc.OperationalError: (psycopg2.OperationalError) could not translate host name "***" to address: Temporary failure in name resolution

(Background on this error at: https://sqlalche.me/e/14/e3q8)
[2026-04-13T17:56:31.596+0000] {job.py:254} ERROR - Job heartbeat failed with error. Scheduler is in unhealthy state
[2026-04-13T17:57:32.556+0000] {job.py:229} INFO - Heartbeat recovered after 230.32 seconds
[2026-04-13T17:57:34.293+0000] {subprocess.py:110} INFO - Command exited with return code 0
[2026-04-13T17:57:38.663+0000] {taskinstance.py:340} INFO - ::group::Post task execution logs
[2026-04-13T17:57:38.716+0000] {taskinstance.py:352} INFO - Marking task as SUCCESS. dag_id=predict_aqi, task_id=silver_to_gold, run_id=scheduled__2026-04-13T15:00:00+00:00, execution_date=20260413T150000, start_date=20260413T174503, end_date=20260413T175738
[2026-04-13T17:57:39.964+0000] {local_task_job_runner.py:266} INFO - Task exited with return code 0
[2026-04-13T17:57:40.051+0000] {standard_task_runner.py:217} INFO - Process not found (most likely exited), stop collecting metrics
[2026-04-13T17:57:40.937+0000] {taskinstance.py:3895} INFO - 1 downstream tasks scheduled from follow-on schedule check
[2026-04-13T17:57:40.957+0000] {local_task_job_runner.py:245} INFO - ::endgroup::
