[2026-04-12T10:05:55.886+0000] {local_task_job_runner.py:123} INFO - ::group::Pre task execution logs
[2026-04-12T10:05:55.912+0000] {taskinstance.py:2613} INFO - Dependencies all met for dep_context=non-requeueable deps ti=<TaskInstance: kaggle_daily_batch_pipeline.check_data_in_trino scheduled__2026-04-11T03:00:00+00:00 [queued]>
[2026-04-12T10:05:55.920+0000] {taskinstance.py:2613} INFO - Dependencies all met for dep_context=requeueable deps ti=<TaskInstance: kaggle_daily_batch_pipeline.check_data_in_trino scheduled__2026-04-11T03:00:00+00:00 [queued]>
[2026-04-12T10:05:55.921+0000] {taskinstance.py:2866} INFO - Starting attempt 1 of 2
[2026-04-12T10:05:55.934+0000] {taskinstance.py:2889} INFO - Executing <Task(BashOperator): check_data_in_trino> on 2026-04-11 03:00:00+00:00
[2026-04-12T10:05:55.941+0000] {standard_task_runner.py:104} INFO - Running: ['airflow', 'tasks', 'run', 'kaggle_daily_batch_pipeline', 'check_data_in_trino', 'scheduled__2026-04-11T03:00:00+00:00', '--job-id', '58', '--raw', '--subdir', 'DAGS_FOLDER/dag1.py', '--cfg-path', '/tmp/tmpchk99z93']
[2026-04-12T10:05:55.942+0000] {standard_task_runner.py:105} INFO - Job 58: Subtask check_data_in_trino
[2026-04-12T10:05:55.943+0000] {logging_mixin.py:190} WARNING - /home/airflow/airflow/venv/lib/python3.12/site-packages/airflow/task/task_runner/standard_task_runner.py:70 DeprecationWarning: This process (pid=93455) is multi-threaded, use of fork() may lead to deadlocks in the child.
[2026-04-12T10:05:55.944+0000] {standard_task_runner.py:72} INFO - Started process 93476 to run task
[2026-04-12T10:05:56.025+0000] {task_command.py:467} INFO - Running <TaskInstance: kaggle_daily_batch_pipeline.check_data_in_trino scheduled__2026-04-11T03:00:00+00:00 [running]> on host airflow
[2026-04-12T10:05:56.135+0000] {taskinstance.py:3132} INFO - Exporting env vars: AIRFLOW_CTX_DAG_OWNER='airflow' AIRFLOW_CTX_DAG_ID='kaggle_daily_batch_pipeline' AIRFLOW_CTX_TASK_ID='check_data_in_trino' AIRFLOW_CTX_EXECUTION_DATE='2026-04-11T03:00:00+00:00' AIRFLOW_CTX_TRY_NUMBER='1' AIRFLOW_CTX_DAG_RUN_ID='scheduled__2026-04-11T03:00:00+00:00'
[2026-04-12T10:05:56.136+0000] {taskinstance.py:731} INFO - ::endgroup::
[2026-04-12T10:05:56.149+0000] {subprocess.py:78} INFO - Tmp dir root location: /tmp
[2026-04-12T10:05:56.150+0000] {subprocess.py:88} INFO - Running command: ['/usr/bin/bash', '-c', '\n            docker exec trino trino --execute "\n                SELECT \n                    count(*) as total_records\n                FROM iceberg.air_quality_db.air_quality_silver;\n            "\n        ']
[2026-04-12T10:05:56.159+0000] {subprocess.py:99} INFO - Output:
[2026-04-12T10:05:59.466+0000] {subprocess.py:106} INFO - "91"
[2026-04-12T10:05:59.520+0000] {subprocess.py:110} INFO - Command exited with return code 0
[2026-04-12T10:05:59.587+0000] {taskinstance.py:340} INFO - ::group::Post task execution logs
[2026-04-12T10:05:59.588+0000] {taskinstance.py:352} INFO - Marking task as SUCCESS. dag_id=kaggle_daily_batch_pipeline, task_id=check_data_in_trino, run_id=scheduled__2026-04-11T03:00:00+00:00, execution_date=20260411T030000, start_date=20260412T100555, end_date=20260412T100559
[2026-04-12T10:05:59.609+0000] {local_task_job_runner.py:266} INFO - Task exited with return code 0
[2026-04-12T10:05:59.639+0000] {taskinstance.py:3895} INFO - 0 downstream tasks scheduled from follow-on schedule check
[2026-04-12T10:05:59.642+0000] {local_task_job_runner.py:245} INFO - ::endgroup::
