[2026-04-13T13:49:25.521+0000] {local_task_job_runner.py:123} INFO - ::group::Pre task execution logs
[2026-04-13T13:49:25.553+0000] {taskinstance.py:2613} INFO - Dependencies all met for dep_context=non-requeueable deps ti=<TaskInstance: predict_aqi.silver_to_gold manual__2026-04-13T13:49:12.538061+00:00 [queued]>
[2026-04-13T13:49:25.566+0000] {taskinstance.py:2613} INFO - Dependencies all met for dep_context=requeueable deps ti=<TaskInstance: predict_aqi.silver_to_gold manual__2026-04-13T13:49:12.538061+00:00 [queued]>
[2026-04-13T13:49:25.567+0000] {taskinstance.py:2866} INFO - Starting attempt 1 of 3
[2026-04-13T13:49:25.585+0000] {taskinstance.py:2889} INFO - Executing <Task(BashOperator): silver_to_gold> on 2026-04-13 13:49:12.538061+00:00
[2026-04-13T13:49:25.598+0000] {standard_task_runner.py:104} INFO - Running: ['airflow', 'tasks', 'run', 'predict_aqi', 'silver_to_gold', 'manual__2026-04-13T13:49:12.538061+00:00', '--job-id', '148', '--raw', '--subdir', 'DAGS_FOLDER/dag_ml.py', '--cfg-path', '/tmp/tmpo92xjq_2']
[2026-04-13T13:49:25.600+0000] {standard_task_runner.py:105} INFO - Job 148: Subtask silver_to_gold
[2026-04-13T13:49:25.602+0000] {logging_mixin.py:190} WARNING - /home/airflow/airflow/venv/lib/python3.12/site-packages/airflow/task/task_runner/standard_task_runner.py:70 DeprecationWarning: This process (pid=78613) is multi-threaded, use of fork() may lead to deadlocks in the child.
[2026-04-13T13:49:25.603+0000] {standard_task_runner.py:72} INFO - Started process 78704 to run task
[2026-04-13T13:49:25.671+0000] {task_command.py:467} INFO - Running <TaskInstance: predict_aqi.silver_to_gold manual__2026-04-13T13:49:12.538061+00:00 [running]> on host airflow
[2026-04-13T13:49:25.769+0000] {taskinstance.py:3132} INFO - Exporting env vars: AIRFLOW_CTX_DAG_OWNER='airflow' AIRFLOW_CTX_DAG_ID='predict_aqi' AIRFLOW_CTX_TASK_ID='silver_to_gold' AIRFLOW_CTX_EXECUTION_DATE='2026-04-13T13:49:12.538061+00:00' AIRFLOW_CTX_TRY_NUMBER='1' AIRFLOW_CTX_DAG_RUN_ID='manual__2026-04-13T13:49:12.538061+00:00'
[2026-04-13T13:49:25.770+0000] {taskinstance.py:731} INFO - ::endgroup::
[2026-04-13T13:49:25.781+0000] {subprocess.py:78} INFO - Tmp dir root location: /tmp
[2026-04-13T13:49:25.784+0000] {subprocess.py:88} INFO - Running command: ['/usr/bin/bash', '-c', '\n            docker exec spark-master spark-submit                 --packages org.apache.iceberg:iceberg-spark-runtime-4.0_2.13:1.10.1                 /home/spark/spark/spark_jobs/silver_to_gold.py 2026-04-13\n        ']
[2026-04-13T13:49:25.793+0000] {subprocess.py:99} INFO - Output:
[2026-04-13T13:49:27.056+0000] {subprocess.py:106} INFO - WARNING: Using incubator modules: jdk.incubator.vector
[2026-04-13T13:49:30.871+0000] {subprocess.py:106} INFO - :: loading settings :: url = jar:file:/home/spark/spark/jars/ivy-2.5.3.jar!/org/apache/ivy/core/settings/ivysettings.xml
[2026-04-13T13:49:31.471+0000] {subprocess.py:106} INFO - Ivy Default Cache set to: /home/spark/.ivy2.5.2/cache
[2026-04-13T13:49:31.472+0000] {subprocess.py:106} INFO - The jars for the packages stored in: /home/spark/.ivy2.5.2/jars
[2026-04-13T13:49:31.495+0000] {subprocess.py:106} INFO - org.apache.iceberg#iceberg-spark-runtime-4.0_2.13 added as a dependency
[2026-04-13T13:49:31.499+0000] {subprocess.py:106} INFO - :: resolving dependencies :: org.apache.spark#spark-submit-parent-b978f653-258e-42e8-b3ea-4b21dffb9565;1.0
[2026-04-13T13:49:31.501+0000] {subprocess.py:106} INFO - 	confs: [default]
[2026-04-13T13:49:32.240+0000] {subprocess.py:106} INFO - 	found org.apache.iceberg#iceberg-spark-runtime-4.0_2.13;1.10.1 in central
[2026-04-13T13:49:32.298+0000] {subprocess.py:106} INFO - :: resolution report :: resolve 791ms :: artifacts dl 10ms
[2026-04-13T13:49:32.299+0000] {subprocess.py:106} INFO - 	:: modules in use:
[2026-04-13T13:49:32.309+0000] {subprocess.py:106} INFO - 	org.apache.iceberg#iceberg-spark-runtime-4.0_2.13;1.10.1 from central in [default]
[2026-04-13T13:49:32.311+0000] {subprocess.py:106} INFO - 	---------------------------------------------------------------------
[2026-04-13T13:49:32.311+0000] {subprocess.py:106} INFO - 	|                  |            modules            ||   artifacts   |
[2026-04-13T13:49:32.312+0000] {subprocess.py:106} INFO - 	|       conf       | number| search|dwnlded|evicted|| number|dwnlded|
[2026-04-13T13:49:32.313+0000] {subprocess.py:106} INFO - 	---------------------------------------------------------------------
[2026-04-13T13:49:32.314+0000] {subprocess.py:106} INFO - 	|      default     |   1   |   0   |   0   |   0   ||   1   |   0   |
[2026-04-13T13:49:32.314+0000] {subprocess.py:106} INFO - 	---------------------------------------------------------------------
[2026-04-13T13:49:32.321+0000] {subprocess.py:106} INFO - :: retrieving :: org.apache.spark#spark-submit-parent-b978f653-258e-42e8-b3ea-4b21dffb9565
[2026-04-13T13:49:32.323+0000] {subprocess.py:106} INFO - 	confs: [default]
[2026-04-13T13:49:32.348+0000] {subprocess.py:106} INFO - 	0 artifacts copied, 1 already retrieved (0kB/25ms)
[2026-04-13T13:49:33.743+0000] {subprocess.py:106} INFO - 26/04/13 13:49:33 WARN NativeCodeLoader: Unable to load native-hadoop library for your platform... using builtin-java classes where applicable
[2026-04-13T13:49:38.809+0000] {subprocess.py:106} INFO - Using Spark's default log4j profile: org/apache/spark/log4j2-defaults.properties
[2026-04-13T13:49:38.838+0000] {subprocess.py:106} INFO - 26/04/13 13:49:38 INFO SparkContext: Running Spark version 4.0.2
[2026-04-13T13:49:38.851+0000] {subprocess.py:106} INFO - 26/04/13 13:49:38 INFO SparkContext: OS info Linux, 6.6.87.2-microsoft-standard-WSL2, amd64
[2026-04-13T13:49:38.856+0000] {subprocess.py:106} INFO - 26/04/13 13:49:38 INFO SparkContext: Java version 21.0.10
[2026-04-13T13:49:38.954+0000] {subprocess.py:106} INFO - 26/04/13 13:49:38 INFO ResourceUtils: ==============================================================
[2026-04-13T13:49:38.955+0000] {subprocess.py:106} INFO - 26/04/13 13:49:38 INFO ResourceUtils: No custom resources configured for spark.driver.
[2026-04-13T13:49:38.956+0000] {subprocess.py:106} INFO - 26/04/13 13:49:38 INFO ResourceUtils: ==============================================================
[2026-04-13T13:49:38.959+0000] {subprocess.py:106} INFO - 26/04/13 13:49:38 INFO SparkContext: Submitted application: Silver_to_Gold
[2026-04-13T13:49:39.073+0000] {subprocess.py:106} INFO - 26/04/13 13:49:39 INFO ResourceProfile: Default ResourceProfile created, executor resources: Map(cores -> name: cores, amount: 2, script: , vendor: , memory -> name: memory, amount: 2048, script: , vendor: , offHeap -> name: offHeap, amount: 0, script: , vendor: ), task resources: Map(cpus -> name: cpus, amount: 1.0)
[2026-04-13T13:49:39.105+0000] {subprocess.py:106} INFO - 26/04/13 13:49:39 INFO ResourceProfile: Limiting resource is cpus at 2 tasks per executor
[2026-04-13T13:49:39.111+0000] {subprocess.py:106} INFO - 26/04/13 13:49:39 INFO ResourceProfileManager: Added ResourceProfile id: 0
[2026-04-13T13:49:39.293+0000] {subprocess.py:106} INFO - 26/04/13 13:49:39 INFO SecurityManager: Changing view acls to: spark
[2026-04-13T13:49:39.299+0000] {subprocess.py:106} INFO - 26/04/13 13:49:39 INFO SecurityManager: Changing modify acls to: spark
[2026-04-13T13:49:39.300+0000] {subprocess.py:106} INFO - 26/04/13 13:49:39 INFO SecurityManager: Changing view acls groups to: spark
[2026-04-13T13:49:39.302+0000] {subprocess.py:106} INFO - 26/04/13 13:49:39 INFO SecurityManager: Changing modify acls groups to: spark
[2026-04-13T13:49:39.312+0000] {subprocess.py:106} INFO - 26/04/13 13:49:39 INFO SecurityManager: SecurityManager: authentication disabled; ui acls disabled; users with view permissions: spark groups with view permissions: EMPTY; users with modify permissions: spark; groups with modify permissions: EMPTY; RPC SSL disabled
[2026-04-13T13:49:40.170+0000] {subprocess.py:106} INFO - 26/04/13 13:49:40 INFO Utils: Successfully started service 'sparkDriver' on port 42059.
[2026-04-13T13:49:40.317+0000] {subprocess.py:106} INFO - 26/04/13 13:49:40 INFO SparkEnv: Registering MapOutputTracker
[2026-04-13T13:49:40.377+0000] {subprocess.py:106} INFO - 26/04/13 13:49:40 INFO SparkEnv: Registering BlockManagerMaster
[2026-04-13T13:49:40.429+0000] {subprocess.py:106} INFO - 26/04/13 13:49:40 INFO BlockManagerMasterEndpoint: Using org.apache.spark.storage.DefaultTopologyMapper for getting topology information
[2026-04-13T13:49:40.431+0000] {subprocess.py:106} INFO - 26/04/13 13:49:40 INFO BlockManagerMasterEndpoint: BlockManagerMasterEndpoint up
[2026-04-13T13:49:40.441+0000] {subprocess.py:106} INFO - 26/04/13 13:49:40 INFO SparkEnv: Registering BlockManagerMasterHeartbeat
[2026-04-13T13:49:40.549+0000] {subprocess.py:106} INFO - 26/04/13 13:49:40 INFO DiskBlockManager: Created local directory at /tmp/blockmgr-0bdd09ad-822d-432a-9108-e6690b16bdf1
[2026-04-13T13:49:40.617+0000] {subprocess.py:106} INFO - 26/04/13 13:49:40 INFO SparkEnv: Registering OutputCommitCoordinator
[2026-04-13T13:49:41.166+0000] {subprocess.py:106} INFO - 26/04/13 13:49:41 INFO JettyUtils: Start Jetty 0.0.0.0:4040 for SparkUI
[2026-04-13T13:49:41.474+0000] {subprocess.py:106} INFO - 26/04/13 13:49:41 INFO Utils: Successfully started service 'SparkUI' on port 4040.
[2026-04-13T13:49:41.661+0000] {subprocess.py:106} INFO - 26/04/13 13:49:41 INFO SparkContext: Added JAR file:///home/spark/.ivy2.5.2/jars/org.apache.iceberg_iceberg-spark-runtime-4.0_2.13-1.10.1.jar at spark://spark-master:42059/jars/org.apache.iceberg_iceberg-spark-runtime-4.0_2.13-1.10.1.jar with timestamp 1776088178746
[2026-04-13T13:49:41.670+0000] {subprocess.py:106} INFO - 26/04/13 13:49:41 INFO SparkContext: Added file file:///home/spark/.ivy2.5.2/jars/org.apache.iceberg_iceberg-spark-runtime-4.0_2.13-1.10.1.jar at file:///home/spark/.ivy2.5.2/jars/org.apache.iceberg_iceberg-spark-runtime-4.0_2.13-1.10.1.jar with timestamp 1776088178746
[2026-04-13T13:49:41.677+0000] {subprocess.py:106} INFO - 26/04/13 13:49:41 INFO Utils: Copying /home/spark/.ivy2.5.2/jars/org.apache.iceberg_iceberg-spark-runtime-4.0_2.13-1.10.1.jar to /tmp/spark-137f2638-e715-4b24-9769-b7fcc6d00099/userFiles-2276f6ac-97b1-452a-bee3-9cec25d198d0/org.apache.iceberg_iceberg-spark-runtime-4.0_2.13-1.10.1.jar
[2026-04-13T13:49:45.490+0000] {subprocess.py:106} INFO - 26/04/13 13:49:45 INFO SecurityManager: Changing view acls to: spark
[2026-04-13T13:49:45.502+0000] {subprocess.py:106} INFO - 26/04/13 13:49:45 INFO SecurityManager: Changing modify acls to: spark
[2026-04-13T13:49:45.510+0000] {subprocess.py:106} INFO - 26/04/13 13:49:45 INFO SecurityManager: Changing view acls groups to: spark
[2026-04-13T13:49:45.514+0000] {subprocess.py:106} INFO - 26/04/13 13:49:45 INFO SecurityManager: Changing modify acls groups to: spark
[2026-04-13T13:49:45.514+0000] {subprocess.py:106} INFO - 26/04/13 13:49:45 INFO SecurityManager: SecurityManager: authentication disabled; ui acls disabled; users with view permissions: spark groups with view permissions: EMPTY; users with modify permissions: spark; groups with modify permissions: EMPTY; RPC SSL disabled
[2026-04-13T13:49:46.179+0000] {subprocess.py:106} INFO - 26/04/13 13:49:46 INFO Executor: Starting executor ID driver on host spark-master
[2026-04-13T13:49:46.180+0000] {subprocess.py:106} INFO - 26/04/13 13:49:46 INFO Executor: OS info Linux, 6.6.87.2-microsoft-standard-WSL2, amd64
[2026-04-13T13:49:46.183+0000] {subprocess.py:106} INFO - 26/04/13 13:49:46 INFO Executor: Java version 21.0.10
[2026-04-13T13:49:46.225+0000] {subprocess.py:106} INFO - 26/04/13 13:49:46 INFO Executor: Starting executor with user classpath (userClassPathFirst = false): ''
[2026-04-13T13:49:46.232+0000] {subprocess.py:106} INFO - 26/04/13 13:49:46 INFO Executor: Created or updated repl class loader org.apache.spark.util.MutableURLClassLoader@7edaa242 for default.
[2026-04-13T13:49:46.275+0000] {subprocess.py:106} INFO - 26/04/13 13:49:46 INFO Executor: Fetching file:///home/spark/.ivy2.5.2/jars/org.apache.iceberg_iceberg-spark-runtime-4.0_2.13-1.10.1.jar with timestamp 1776088178746
[2026-04-13T13:49:46.502+0000] {subprocess.py:106} INFO - 26/04/13 13:49:46 INFO Utils: /home/spark/.ivy2.5.2/jars/org.apache.iceberg_iceberg-spark-runtime-4.0_2.13-1.10.1.jar has been previously copied to /tmp/spark-137f2638-e715-4b24-9769-b7fcc6d00099/userFiles-2276f6ac-97b1-452a-bee3-9cec25d198d0/org.apache.iceberg_iceberg-spark-runtime-4.0_2.13-1.10.1.jar
[2026-04-13T13:49:46.550+0000] {subprocess.py:106} INFO - 26/04/13 13:49:46 INFO Executor: Fetching spark://spark-master:42059/jars/org.apache.iceberg_iceberg-spark-runtime-4.0_2.13-1.10.1.jar with timestamp 1776088178746
[2026-04-13T13:49:46.685+0000] {subprocess.py:106} INFO - 26/04/13 13:49:46 INFO TransportClientFactory: Successfully created connection to spark-master/172.20.0.5:42059 after 71 ms (0 ms spent in bootstraps)
[2026-04-13T13:49:46.699+0000] {subprocess.py:106} INFO - 26/04/13 13:49:46 INFO Utils: Fetching spark://spark-master:42059/jars/org.apache.iceberg_iceberg-spark-runtime-4.0_2.13-1.10.1.jar to /tmp/spark-137f2638-e715-4b24-9769-b7fcc6d00099/userFiles-2276f6ac-97b1-452a-bee3-9cec25d198d0/fetchFileTemp4263940767333612623.tmp
[2026-04-13T13:49:48.352+0000] {subprocess.py:106} INFO - 26/04/13 13:49:48 INFO Utils: /tmp/spark-137f2638-e715-4b24-9769-b7fcc6d00099/userFiles-2276f6ac-97b1-452a-bee3-9cec25d198d0/fetchFileTemp4263940767333612623.tmp has been previously copied to /tmp/spark-137f2638-e715-4b24-9769-b7fcc6d00099/userFiles-2276f6ac-97b1-452a-bee3-9cec25d198d0/org.apache.iceberg_iceberg-spark-runtime-4.0_2.13-1.10.1.jar
[2026-04-13T13:49:48.392+0000] {subprocess.py:106} INFO - 26/04/13 13:49:48 INFO Executor: Adding file:/tmp/spark-137f2638-e715-4b24-9769-b7fcc6d00099/userFiles-2276f6ac-97b1-452a-bee3-9cec25d198d0/org.apache.iceberg_iceberg-spark-runtime-4.0_2.13-1.10.1.jar to class loader default
[2026-04-13T13:49:48.417+0000] {subprocess.py:106} INFO - 26/04/13 13:49:48 INFO Utils: Successfully started service 'org.apache.spark.network.netty.NettyBlockTransferService' on port 35007.
[2026-04-13T13:49:48.563+0000] {subprocess.py:106} INFO - 26/04/13 13:49:48 INFO NettyBlockTransferService: Server created on spark-master:35007
[2026-04-13T13:49:48.564+0000] {subprocess.py:106} INFO - 26/04/13 13:49:48 INFO BlockManager: Using org.apache.spark.storage.RandomBlockReplicationPolicy for block replication policy
[2026-04-13T13:49:48.564+0000] {subprocess.py:106} INFO - 26/04/13 13:49:48 INFO BlockManagerMaster: Registering BlockManager BlockManagerId(driver, spark-master, 35007, None)
[2026-04-13T13:49:48.565+0000] {subprocess.py:106} INFO - 26/04/13 13:49:48 INFO BlockManagerMasterEndpoint: Registering block manager spark-master:35007 with 1048.8 MiB RAM, BlockManagerId(driver, spark-master, 35007, None)
[2026-04-13T13:49:48.566+0000] {subprocess.py:106} INFO - 26/04/13 13:49:48 INFO BlockManagerMaster: Registered BlockManager BlockManagerId(driver, spark-master, 35007, None)
[2026-04-13T13:49:48.566+0000] {subprocess.py:106} INFO - 26/04/13 13:49:48 INFO BlockManager: Initialized BlockManager: BlockManagerId(driver, spark-master, 35007, None)
[2026-04-13T13:49:55.529+0000] {subprocess.py:106} INFO - Đọc dữ liệu Silver từ iceberg.air_quality_db.air_quality_silver
[2026-04-13T13:49:55.558+0000] {subprocess.py:106} INFO - 26/04/13 13:49:55 INFO SharedState: spark.sql.warehouse.dir is not set, but hive.metastore.warehouse.dir is set. Setting spark.sql.warehouse.dir to the value of hive.metastore.warehouse.dir.
[2026-04-13T13:49:56.668+0000] {subprocess.py:106} INFO - 26/04/13 13:49:56 INFO SharedState: Warehouse path is 'hdfs://23133083thuyvan-master:9000/user/hive/lakehouse'.
[2026-04-13T13:49:59.620+0000] {subprocess.py:106} INFO - 26/04/13 13:49:59 INFO CatalogUtil: Loading custom FileIO implementation: org.apache.iceberg.hadoop.HadoopFileIO
[2026-04-13T13:49:59.794+0000] {subprocess.py:106} INFO - 26/04/13 13:49:59 INFO HiveConf: Found configuration file file:/home/spark/spark/conf/hive-site.xml
[2026-04-13T13:50:00.128+0000] {subprocess.py:106} INFO - 26/04/13 13:50:00 INFO metastore: Trying to connect to metastore with URI thrift://23133083thuyvan-master:9083
[2026-04-13T13:50:00.184+0000] {subprocess.py:106} INFO - 26/04/13 13:50:00 INFO metastore: Opened a connection to metastore, current connections: 1
[2026-04-13T13:50:00.327+0000] {subprocess.py:106} INFO - 26/04/13 13:50:00 INFO metastore: Connected to metastore.
[2026-04-13T13:50:00.968+0000] {subprocess.py:106} INFO - 26/04/13 13:50:00 INFO BaseMetastoreTableOperations: Refreshing table metadata from new version: hdfs://23133083thuyvan-master:9000/user/hive/lakehouse/silver/air_quality_silver/metadata/00003-8e71d277-3336-4b24-8390-00b46931a63f.metadata.json
[2026-04-13T13:50:03.101+0000] {subprocess.py:106} INFO - 26/04/13 13:50:03 INFO BaseMetastoreCatalog: Table loaded by catalog: iceberg.air_quality_db.air_quality_silver
[2026-04-13T13:50:05.094+0000] {subprocess.py:106} INFO - 26/04/13 13:50:05 INFO BaseMetastoreTableOperations: Refreshing table metadata from new version: hdfs://23133083thuyvan-master:9000/user/hive/lakehouse/gold/ml/air_quality_gold/metadata/00005-fa1a6184-6eb0-47ba-841c-760eced24867.metadata.json
[2026-04-13T13:50:05.129+0000] {subprocess.py:106} INFO - 26/04/13 13:50:05 INFO BaseMetastoreCatalog: Table loaded by catalog: iceberg.air_quality_ml.air_quality_gold
[2026-04-13T13:50:05.147+0000] {subprocess.py:106} INFO - Bảng đã tồn tại, append dữ liệu vào iceberg.air_quality_ml.air_quality_gold
[2026-04-13T13:50:05.304+0000] {subprocess.py:106} INFO - 26/04/13 13:50:05 INFO V2ScanRelationPushDown:
[2026-04-13T13:50:05.305+0000] {subprocess.py:106} INFO - Output: timestamp#94, location#95, latitude#96, longitude#97, country#98, condition_text#99, timezone#100, temperature_2m#101, relative_humidity_2m#102, apparent_temperature#103, precipitation#104, cloud_cover#105, wind_speed_10m#106, wind_direction_10m#107, wind_gusts_10m#108, uv_index#109, weather_code#110, european_aqi#111, us_aqi#112, us_aqi_index#113, aqi_label#114, pm10#115, pm2_5#116, carbon_monoxide#117, nitrogen_dioxide#118, sulphur_dioxide#119, ozone#120, processing_time#121, data_source#122
[2026-04-13T13:50:05.306+0000] {subprocess.py:106} INFO - 
[2026-04-13T13:50:05.324+0000] {subprocess.py:106} INFO - 26/04/13 13:50:05 INFO SnapshotScan: Scanning table iceberg.air_quality_db.air_quality_silver snapshot 4518274335865062319 created at 2026-04-13T11:48:03.562+00:00 with filter true
[2026-04-13T13:50:05.654+0000] {subprocess.py:106} INFO - 26/04/13 13:50:05 INFO BaseDistributedDataScan: Planning file tasks locally for table iceberg.air_quality_db.air_quality_silver
[2026-04-13T13:50:05.801+0000] {subprocess.py:106} INFO - 26/04/13 13:50:05 INFO SparkPartitioningAwareScan: Reporting UnknownPartitioning with 15 partition(s) for table iceberg.air_quality_db.air_quality_silver
[2026-04-13T13:50:05.950+0000] {subprocess.py:106} INFO - 26/04/13 13:50:05 INFO MemoryStore: MemoryStore started with capacity 1048.8 MiB
[2026-04-13T13:50:05.993+0000] {subprocess.py:106} INFO - 26/04/13 13:50:05 INFO MemoryStore: Block broadcast_0 stored as values in memory (estimated size 32.0 KiB, free 1048.8 MiB)
[2026-04-13T13:50:06.116+0000] {subprocess.py:106} INFO - 26/04/13 13:50:06 INFO MemoryStore: Block broadcast_0_piece0 stored as bytes in memory (estimated size 34.8 KiB, free 1048.7 MiB)
[2026-04-13T13:50:06.133+0000] {subprocess.py:106} INFO - 26/04/13 13:50:06 INFO SparkContext: Created broadcast 0 from broadcast at SparkBatch.java:87
[2026-04-13T13:50:06.320+0000] {subprocess.py:106} INFO - 26/04/13 13:50:06 INFO MemoryStore: Block broadcast_1 stored as values in memory (estimated size 32.0 KiB, free 1048.7 MiB)
[2026-04-13T13:50:06.332+0000] {subprocess.py:106} INFO - 26/04/13 13:50:06 INFO MemoryStore: Block broadcast_1_piece0 stored as bytes in memory (estimated size 34.9 KiB, free 1048.7 MiB)
[2026-04-13T13:50:06.336+0000] {subprocess.py:106} INFO - 26/04/13 13:50:06 INFO SparkContext: Created broadcast 1 from broadcast at SparkBatch.java:87
[2026-04-13T13:50:06.423+0000] {subprocess.py:106} INFO - 26/04/13 13:50:06 WARN SparkStringUtils: Truncated the string representation of a plan since it was too large. This behavior can be adjusted by setting 'spark.sql.debug.maxToStringFields'.
[2026-04-13T13:50:07.419+0000] {subprocess.py:106} INFO - 26/04/13 13:50:07 INFO CodeGenerator: Code generated in 722.22857 ms
[2026-04-13T13:50:07.552+0000] {subprocess.py:106} INFO - 26/04/13 13:50:07 INFO MemoryStore: Block broadcast_2 stored as values in memory (estimated size 32.0 KiB, free 1048.6 MiB)
[2026-04-13T13:50:07.576+0000] {subprocess.py:106} INFO - 26/04/13 13:50:07 INFO MemoryStore: Block broadcast_2_piece0 stored as bytes in memory (estimated size 34.8 KiB, free 1048.6 MiB)
[2026-04-13T13:50:07.581+0000] {subprocess.py:106} INFO - 26/04/13 13:50:07 INFO SparkContext: Created broadcast 2 from broadcast at SparkWrite.java:198
[2026-04-13T13:50:07.591+0000] {subprocess.py:106} INFO - 26/04/13 13:50:07 INFO AppendDataExec: Start processing data source write support: IcebergBatchWrite(table=iceberg.air_quality_ml.air_quality_gold, format=PARQUET). The input RDD has 15} partitions.
[2026-04-13T13:50:07.671+0000] {subprocess.py:106} INFO - 26/04/13 13:50:07 INFO SparkContext: Starting job: append at NativeMethodAccessorImpl.java:0
[2026-04-13T13:50:07.706+0000] {subprocess.py:106} INFO - 26/04/13 13:50:07 INFO DAGScheduler: Got job 0 (append at NativeMethodAccessorImpl.java:0) with 15 output partitions
[2026-04-13T13:50:07.709+0000] {subprocess.py:106} INFO - 26/04/13 13:50:07 INFO DAGScheduler: Final stage: ResultStage 0 (append at NativeMethodAccessorImpl.java:0)
[2026-04-13T13:50:07.711+0000] {subprocess.py:106} INFO - 26/04/13 13:50:07 INFO DAGScheduler: Parents of final stage: List()
[2026-04-13T13:50:07.718+0000] {subprocess.py:106} INFO - 26/04/13 13:50:07 INFO DAGScheduler: Missing parents: List()
[2026-04-13T13:50:07.728+0000] {subprocess.py:106} INFO - 26/04/13 13:50:07 INFO DAGScheduler: Submitting ResultStage 0 (MapPartitionsRDD[2] at append at NativeMethodAccessorImpl.java:0), which has no missing parents
[2026-04-13T13:50:07.849+0000] {subprocess.py:106} INFO - 26/04/13 13:50:07 INFO MemoryStore: Block broadcast_3 stored as values in memory (estimated size 33.8 KiB, free 1048.6 MiB)
[2026-04-13T13:50:07.856+0000] {subprocess.py:106} INFO - 26/04/13 13:50:07 INFO MemoryStore: Block broadcast_3_piece0 stored as bytes in memory (estimated size 10.3 KiB, free 1048.6 MiB)
[2026-04-13T13:50:07.858+0000] {subprocess.py:106} INFO - 26/04/13 13:50:07 INFO SparkContext: Created broadcast 3 from broadcast at DAGScheduler.scala:1676
[2026-04-13T13:50:07.897+0000] {subprocess.py:106} INFO - 26/04/13 13:50:07 INFO DAGScheduler: Submitting 15 missing tasks from ResultStage 0 (MapPartitionsRDD[2] at append at NativeMethodAccessorImpl.java:0) (first 15 tasks are for partitions Vector(0, 1, 2, 3, 4, 5, 6, 7, 8, 9, 10, 11, 12, 13, 14))
[2026-04-13T13:50:07.905+0000] {subprocess.py:106} INFO - 26/04/13 13:50:07 INFO TaskSchedulerImpl: Adding task set 0.0 with 15 tasks resource profile 0
[2026-04-13T13:50:07.980+0000] {subprocess.py:106} INFO - 26/04/13 13:50:07 INFO TaskSetManager: Starting task 0.0 in stage 0.0 (TID 0) (spark-master,executor driver, partition 0, ANY, 22261 bytes)
[2026-04-13T13:50:07.988+0000] {subprocess.py:106} INFO - 26/04/13 13:50:07 INFO TaskSetManager: Starting task 1.0 in stage 0.0 (TID 1) (spark-master,executor driver, partition 1, ANY, 21811 bytes)
[2026-04-13T13:50:07.991+0000] {subprocess.py:106} INFO - 26/04/13 13:50:07 INFO TaskSetManager: Starting task 2.0 in stage 0.0 (TID 2) (spark-master,executor driver, partition 2, ANY, 21814 bytes)
[2026-04-13T13:50:07.992+0000] {subprocess.py:106} INFO - 26/04/13 13:50:07 INFO TaskSetManager: Starting task 3.0 in stage 0.0 (TID 3) (spark-master,executor driver, partition 3, ANY, 22266 bytes)
[2026-04-13T13:50:07.994+0000] {subprocess.py:106} INFO - 26/04/13 13:50:07 INFO TaskSetManager: Starting task 4.0 in stage 0.0 (TID 4) (spark-master,executor driver, partition 4, ANY, 22267 bytes)
[2026-04-13T13:50:07.996+0000] {subprocess.py:106} INFO - 26/04/13 13:50:07 INFO TaskSetManager: Starting task 5.0 in stage 0.0 (TID 5) (spark-master,executor driver, partition 5, ANY, 22266 bytes)
[2026-04-13T13:50:07.999+0000] {subprocess.py:106} INFO - 26/04/13 13:50:07 INFO TaskSetManager: Starting task 6.0 in stage 0.0 (TID 6) (spark-master,executor driver, partition 6, ANY, 22257 bytes)
[2026-04-13T13:50:08.000+0000] {subprocess.py:106} INFO - 26/04/13 13:50:07 INFO TaskSetManager: Starting task 7.0 in stage 0.0 (TID 7) (spark-master,executor driver, partition 7, ANY, 22224 bytes)
[2026-04-13T13:50:08.002+0000] {subprocess.py:106} INFO - 26/04/13 13:50:07 INFO TaskSetManager: Starting task 8.0 in stage 0.0 (TID 8) (spark-master,executor driver, partition 8, ANY, 22257 bytes)
[2026-04-13T13:50:08.004+0000] {subprocess.py:106} INFO - 26/04/13 13:50:08 INFO TaskSetManager: Starting task 9.0 in stage 0.0 (TID 9) (spark-master,executor driver, partition 9, ANY, 22261 bytes)
[2026-04-13T13:50:08.006+0000] {subprocess.py:106} INFO - 26/04/13 13:50:08 INFO TaskSetManager: Starting task 10.0 in stage 0.0 (TID 10) (spark-master,executor driver, partition 10, ANY, 21816 bytes)
[2026-04-13T13:50:08.008+0000] {subprocess.py:106} INFO - 26/04/13 13:50:08 INFO TaskSetManager: Starting task 11.0 in stage 0.0 (TID 11) (spark-master,executor driver, partition 11, ANY, 22237 bytes)
[2026-04-13T13:50:08.011+0000] {subprocess.py:106} INFO - 26/04/13 13:50:08 INFO TaskSetManager: Starting task 12.0 in stage 0.0 (TID 12) (spark-master,executor driver, partition 12, ANY, 22265 bytes)
[2026-04-13T13:50:08.012+0000] {subprocess.py:106} INFO - 26/04/13 13:50:08 INFO TaskSetManager: Starting task 13.0 in stage 0.0 (TID 13) (spark-master,executor driver, partition 13, ANY, 21772 bytes)
[2026-04-13T13:50:08.014+0000] {subprocess.py:106} INFO - 26/04/13 13:50:08 INFO TaskSetManager: Starting task 14.0 in stage 0.0 (TID 14) (spark-master,executor driver, partition 14, ANY, 21788 bytes)
[2026-04-13T13:50:08.037+0000] {subprocess.py:106} INFO - 26/04/13 13:50:08 INFO Executor: Running task 2.0 in stage 0.0 (TID 2)
[2026-04-13T13:50:08.038+0000] {subprocess.py:106} INFO - 26/04/13 13:50:08 INFO Executor: Running task 12.0 in stage 0.0 (TID 12)
[2026-04-13T13:50:08.040+0000] {subprocess.py:106} INFO - 26/04/13 13:50:08 INFO Executor: Running task 13.0 in stage 0.0 (TID 13)
[2026-04-13T13:50:08.041+0000] {subprocess.py:106} INFO - 26/04/13 13:50:08 INFO Executor: Running task 14.0 in stage 0.0 (TID 14)
[2026-04-13T13:50:08.042+0000] {subprocess.py:106} INFO - 26/04/13 13:50:08 INFO Executor: Running task 7.0 in stage 0.0 (TID 7)
[2026-04-13T13:50:08.043+0000] {subprocess.py:106} INFO - 26/04/13 13:50:08 INFO Executor: Running task 0.0 in stage 0.0 (TID 0)
[2026-04-13T13:50:08.043+0000] {subprocess.py:106} INFO - 26/04/13 13:50:08 INFO Executor: Running task 9.0 in stage 0.0 (TID 9)
[2026-04-13T13:50:08.044+0000] {subprocess.py:106} INFO - 26/04/13 13:50:08 INFO Executor: Running task 4.0 in stage 0.0 (TID 4)
[2026-04-13T13:50:08.045+0000] {subprocess.py:106} INFO - 26/04/13 13:50:08 INFO Executor: Running task 6.0 in stage 0.0 (TID 6)
[2026-04-13T13:50:08.046+0000] {subprocess.py:106} INFO - 26/04/13 13:50:08 INFO Executor: Running task 8.0 in stage 0.0 (TID 8)
[2026-04-13T13:50:08.047+0000] {subprocess.py:106} INFO - 26/04/13 13:50:08 INFO Executor: Running task 1.0 in stage 0.0 (TID 1)
[2026-04-13T13:50:08.049+0000] {subprocess.py:106} INFO - 26/04/13 13:50:08 INFO Executor: Running task 3.0 in stage 0.0 (TID 3)
[2026-04-13T13:50:08.049+0000] {subprocess.py:106} INFO - 26/04/13 13:50:08 INFO Executor: Running task 11.0 in stage 0.0 (TID 11)
[2026-04-13T13:50:08.050+0000] {subprocess.py:106} INFO - 26/04/13 13:50:08 INFO Executor: Running task 10.0 in stage 0.0 (TID 10)
[2026-04-13T13:50:08.051+0000] {subprocess.py:106} INFO - 26/04/13 13:50:08 INFO Executor: Running task 5.0 in stage 0.0 (TID 5)
[2026-04-13T13:50:08.336+0000] {subprocess.py:106} INFO - 26/04/13 13:50:08 INFO CodeGenerator: Code generated in 71.404125 ms
[2026-04-13T13:50:08.513+0000] {subprocess.py:106} INFO - 26/04/13 13:50:08 INFO CodecPool: Got brand-new compressor [.zstd]
[2026-04-13T13:50:08.514+0000] {subprocess.py:106} INFO - 26/04/13 13:50:08 INFO CodecPool: Got brand-new compressor [.zstd]
[2026-04-13T13:50:08.515+0000] {subprocess.py:106} INFO - 26/04/13 13:50:08 INFO CodecPool: Got brand-new compressor [.zstd]
[2026-04-13T13:50:08.516+0000] {subprocess.py:106} INFO - 26/04/13 13:50:08 INFO CodecPool: Got brand-new compressor [.zstd]
[2026-04-13T13:50:08.516+0000] {subprocess.py:106} INFO - 26/04/13 13:50:08 INFO CodecPool: Got brand-new compressor [.zstd]
[2026-04-13T13:50:08.517+0000] {subprocess.py:106} INFO - 26/04/13 13:50:08 INFO CodecPool: Got brand-new compressor [.zstd]
[2026-04-13T13:50:08.518+0000] {subprocess.py:106} INFO - 26/04/13 13:50:08 INFO CodecPool: Got brand-new compressor [.zstd]
[2026-04-13T13:50:08.519+0000] {subprocess.py:106} INFO - 26/04/13 13:50:08 INFO CodecPool: Got brand-new compressor [.zstd]
[2026-04-13T13:50:08.520+0000] {subprocess.py:106} INFO - 26/04/13 13:50:08 INFO CodecPool: Got brand-new compressor [.zstd]
[2026-04-13T13:50:08.521+0000] {subprocess.py:106} INFO - 26/04/13 13:50:08 INFO CodecPool: Got brand-new compressor [.zstd]
[2026-04-13T13:50:08.522+0000] {subprocess.py:106} INFO - 26/04/13 13:50:08 INFO CodecPool: Got brand-new compressor [.zstd]
[2026-04-13T13:50:08.523+0000] {subprocess.py:106} INFO - 26/04/13 13:50:08 INFO CodecPool: Got brand-new compressor [.zstd]
[2026-04-13T13:50:08.524+0000] {subprocess.py:106} INFO - 26/04/13 13:50:08 INFO CodecPool: Got brand-new compressor [.zstd]
[2026-04-13T13:50:08.524+0000] {subprocess.py:106} INFO - 26/04/13 13:50:08 INFO CodecPool: Got brand-new compressor [.zstd]
[2026-04-13T13:50:08.525+0000] {subprocess.py:106} INFO - 26/04/13 13:50:08 INFO CodecPool: Got brand-new compressor [.zstd]
[2026-04-13T13:50:11.046+0000] {subprocess.py:106} INFO - 26/04/13 13:50:11 INFO VectorizedSparkParquetReaders: Enabling arrow.enable_unsafe_memory_access
[2026-04-13T13:50:11.047+0000] {subprocess.py:106} INFO - 26/04/13 13:50:11 INFO VectorizedSparkParquetReaders: Disabling arrow.enable_null_check_for_get
[2026-04-13T13:50:11.057+0000] {subprocess.py:106} INFO - 26/04/13 13:50:11 INFO BaseAllocator: Debug mode disabled. Enable with the VM option -Darrow.memory.debug.allocator=true.
[2026-04-13T13:50:11.061+0000] {subprocess.py:106} INFO - 26/04/13 13:50:11 INFO DefaultAllocationManagerOption: allocation manager type not specified, using netty as the default type
[2026-04-13T13:50:11.064+0000] {subprocess.py:106} INFO - 26/04/13 13:50:11 INFO CheckAllocator: Using DefaultAllocationManager at memory/DefaultAllocationManagerFactory.class
[2026-04-13T13:50:11.410+0000] {subprocess.py:106} INFO - 26/04/13 13:50:11 INFO CodecPool: Got brand-new decompressor [.zstd]
[2026-04-13T13:50:11.411+0000] {subprocess.py:106} INFO - 26/04/13 13:50:11 INFO CodecPool: Got brand-new decompressor [.zstd]
[2026-04-13T13:50:11.412+0000] {subprocess.py:106} INFO - 26/04/13 13:50:11 INFO CodecPool: Got brand-new decompressor [.zstd]
[2026-04-13T13:50:11.413+0000] {subprocess.py:106} INFO - 26/04/13 13:50:11 INFO CodecPool: Got brand-new decompressor [.zstd]
[2026-04-13T13:50:11.416+0000] {subprocess.py:106} INFO - 26/04/13 13:50:11 INFO CodecPool: Got brand-new decompressor [.zstd]
[2026-04-13T13:50:11.419+0000] {subprocess.py:106} INFO - 26/04/13 13:50:11 INFO CodecPool: Got brand-new decompressor [.zstd]
[2026-04-13T13:50:11.420+0000] {subprocess.py:106} INFO - 26/04/13 13:50:11 INFO CodecPool: Got brand-new decompressor [.zstd]
[2026-04-13T13:50:11.421+0000] {subprocess.py:106} INFO - 26/04/13 13:50:11 INFO CodecPool: Got brand-new decompressor [.zstd]
[2026-04-13T13:50:11.422+0000] {subprocess.py:106} INFO - 26/04/13 13:50:11 INFO CodecPool: Got brand-new decompressor [.zstd]
[2026-04-13T13:50:11.424+0000] {subprocess.py:106} INFO - 26/04/13 13:50:11 INFO CodecPool: Got brand-new decompressor [.zstd]
[2026-04-13T13:50:11.425+0000] {subprocess.py:106} INFO - 26/04/13 13:50:11 INFO CodecPool: Got brand-new decompressor [.zstd]
[2026-04-13T13:50:11.438+0000] {subprocess.py:106} INFO - 26/04/13 13:50:11 INFO CodecPool: Got brand-new decompressor [.zstd]
[2026-04-13T13:50:11.442+0000] {subprocess.py:106} INFO - 26/04/13 13:50:11 INFO CodecPool: Got brand-new decompressor [.zstd]
[2026-04-13T13:50:11.460+0000] {subprocess.py:106} INFO - 26/04/13 13:50:11 INFO CodecPool: Got brand-new decompressor [.zstd]
[2026-04-13T13:50:11.470+0000] {subprocess.py:106} INFO - 26/04/13 13:50:11 INFO CodecPool: Got brand-new decompressor [.zstd]
[2026-04-13T13:50:12.136+0000] {subprocess.py:106} INFO - 26/04/13 13:50:12 INFO CodecPool: Got brand-new decompressor [.zstd]
[2026-04-13T13:50:12.137+0000] {subprocess.py:106} INFO - 26/04/13 13:50:12 INFO CodecPool: Got brand-new decompressor [.zstd]
[2026-04-13T13:50:12.148+0000] {subprocess.py:106} INFO - 26/04/13 13:50:12 INFO CodecPool: Got brand-new decompressor [.zstd]
[2026-04-13T13:50:12.151+0000] {subprocess.py:106} INFO - 26/04/13 13:50:12 INFO CodecPool: Got brand-new decompressor [.zstd]
[2026-04-13T13:50:12.156+0000] {subprocess.py:106} INFO - 26/04/13 13:50:12 INFO CodecPool: Got brand-new decompressor [.zstd]
[2026-04-13T13:50:12.175+0000] {subprocess.py:106} INFO - 26/04/13 13:50:12 INFO CodecPool: Got brand-new decompressor [.zstd]
[2026-04-13T13:50:12.176+0000] {subprocess.py:106} INFO - 26/04/13 13:50:12 INFO CodecPool: Got brand-new decompressor [.zstd]
[2026-04-13T13:50:12.189+0000] {subprocess.py:106} INFO - 26/04/13 13:50:12 INFO CodecPool: Got brand-new decompressor [.zstd]
[2026-04-13T13:50:12.196+0000] {subprocess.py:106} INFO - 26/04/13 13:50:12 INFO CodecPool: Got brand-new decompressor [.zstd]
[2026-04-13T13:50:12.210+0000] {subprocess.py:106} INFO - 26/04/13 13:50:12 INFO CodecPool: Got brand-new decompressor [.zstd]
[2026-04-13T13:50:12.219+0000] {subprocess.py:106} INFO - 26/04/13 13:50:12 INFO CodecPool: Got brand-new decompressor [.zstd]
[2026-04-13T13:50:12.231+0000] {subprocess.py:106} INFO - 26/04/13 13:50:12 INFO CodecPool: Got brand-new decompressor [.zstd]
[2026-04-13T13:50:12.232+0000] {subprocess.py:106} INFO - 26/04/13 13:50:12 INFO CodecPool: Got brand-new decompressor [.zstd]
[2026-04-13T13:50:12.235+0000] {subprocess.py:106} INFO - 26/04/13 13:50:12 INFO CodecPool: Got brand-new decompressor [.zstd]
[2026-04-13T13:50:12.237+0000] {subprocess.py:106} INFO - 26/04/13 13:50:12 INFO CodecPool: Got brand-new decompressor [.zstd]
[2026-04-13T13:50:12.238+0000] {subprocess.py:106} INFO - 26/04/13 13:50:12 INFO CodecPool: Got brand-new decompressor [.zstd]
[2026-04-13T13:50:12.254+0000] {subprocess.py:106} INFO - 26/04/13 13:50:12 INFO CodecPool: Got brand-new decompressor [.zstd]
[2026-04-13T13:50:12.256+0000] {subprocess.py:106} INFO - 26/04/13 13:50:12 INFO CodecPool: Got brand-new decompressor [.zstd]
[2026-04-13T13:50:12.277+0000] {subprocess.py:106} INFO - 26/04/13 13:50:12 INFO CodecPool: Got brand-new decompressor [.zstd]
[2026-04-13T13:50:12.407+0000] {subprocess.py:106} INFO - 26/04/13 13:50:12 INFO CodecPool: Got brand-new decompressor [.zstd]
[2026-04-13T13:50:12.408+0000] {subprocess.py:106} INFO - 26/04/13 13:50:12 INFO CodecPool: Got brand-new decompressor [.zstd]
[2026-04-13T13:50:12.427+0000] {subprocess.py:106} INFO - 26/04/13 13:50:12 INFO CodecPool: Got brand-new decompressor [.zstd]
[2026-04-13T13:50:12.444+0000] {subprocess.py:106} INFO - 26/04/13 13:50:12 INFO CodecPool: Got brand-new decompressor [.zstd]
[2026-04-13T13:50:12.464+0000] {subprocess.py:106} INFO - 26/04/13 13:50:12 INFO CodecPool: Got brand-new decompressor [.zstd]
[2026-04-13T13:50:12.470+0000] {subprocess.py:106} INFO - 26/04/13 13:50:12 INFO CodecPool: Got brand-new decompressor [.zstd]
[2026-04-13T13:50:12.479+0000] {subprocess.py:106} INFO - 26/04/13 13:50:12 INFO CodecPool: Got brand-new decompressor [.zstd]
[2026-04-13T13:50:12.481+0000] {subprocess.py:106} INFO - 26/04/13 13:50:12 INFO CodecPool: Got brand-new decompressor [.zstd]
[2026-04-13T13:50:12.485+0000] {subprocess.py:106} INFO - 26/04/13 13:50:12 INFO CodecPool: Got brand-new decompressor [.zstd]
[2026-04-13T13:50:12.486+0000] {subprocess.py:106} INFO - 26/04/13 13:50:12 INFO CodecPool: Got brand-new decompressor [.zstd]
[2026-04-13T13:50:12.962+0000] {subprocess.py:106} INFO - 26/04/13 13:50:12 INFO CodecPool: Got brand-new decompressor [.zstd]
[2026-04-13T13:50:12.978+0000] {subprocess.py:106} INFO - 26/04/13 13:50:12 INFO CodecPool: Got brand-new decompressor [.zstd]
[2026-04-13T13:50:12.992+0000] {subprocess.py:106} INFO - 26/04/13 13:50:12 INFO CodecPool: Got brand-new decompressor [.zstd]
[2026-04-13T13:50:13.009+0000] {subprocess.py:106} INFO - 26/04/13 13:50:13 INFO DataWritingSparkTask: Writer for partition 0 is committing.
[2026-04-13T13:50:13.014+0000] {subprocess.py:106} INFO - 26/04/13 13:50:13 INFO CodecPool: Got brand-new decompressor [.zstd]
[2026-04-13T13:50:13.055+0000] {subprocess.py:106} INFO - 26/04/13 13:50:13 INFO CodecPool: Got brand-new decompressor [.zstd]
[2026-04-13T13:50:13.062+0000] {subprocess.py:106} INFO - 26/04/13 13:50:13 INFO DataWritingSparkTask: Writer for partition 7 is committing.
[2026-04-13T13:50:13.287+0000] {subprocess.py:106} INFO - 26/04/13 13:50:13 INFO CodecPool: Got brand-new decompressor [.zstd]
[2026-04-13T13:50:13.298+0000] {subprocess.py:106} INFO - 26/04/13 13:50:13 INFO DataWritingSparkTask: Writer for partition 2 is committing.
[2026-04-13T13:50:13.374+0000] {subprocess.py:106} INFO - 26/04/13 13:50:13 INFO CodecPool: Got brand-new decompressor [.zstd]
[2026-04-13T13:50:13.410+0000] {subprocess.py:106} INFO - 26/04/13 13:50:13 INFO CodecPool: Got brand-new decompressor [.zstd]
[2026-04-13T13:50:13.417+0000] {subprocess.py:106} INFO - 26/04/13 13:50:13 INFO DataWritingSparkTask: Writer for partition 9 is committing.
[2026-04-13T13:50:13.439+0000] {subprocess.py:106} INFO - 26/04/13 13:50:13 INFO CodecPool: Got brand-new decompressor [.zstd]
[2026-04-13T13:50:13.491+0000] {subprocess.py:106} INFO - 26/04/13 13:50:13 INFO DataWritingSparkTask: Writer for partition 5 is committing.
[2026-04-13T13:50:13.500+0000] {subprocess.py:106} INFO - 26/04/13 13:50:13 INFO DataWritingSparkTask: Writer for partition 10 is committing.
[2026-04-13T13:50:13.501+0000] {subprocess.py:106} INFO - 26/04/13 13:50:13 INFO DataWritingSparkTask: Writer for partition 14 is committing.
[2026-04-13T13:50:13.503+0000] {subprocess.py:106} INFO - 26/04/13 13:50:13 INFO DataWritingSparkTask: Writer for partition 6 is committing.
[2026-04-13T13:50:13.506+0000] {subprocess.py:106} INFO - 26/04/13 13:50:13 INFO CodecPool: Got brand-new decompressor [.zstd]
[2026-04-13T13:50:13.507+0000] {subprocess.py:106} INFO - 26/04/13 13:50:13 INFO CodecPool: Got brand-new decompressor [.zstd]
[2026-04-13T13:50:13.508+0000] {subprocess.py:106} INFO - 26/04/13 13:50:13 INFO DataWritingSparkTask: Writer for partition 1 is committing.
[2026-04-13T13:50:13.511+0000] {subprocess.py:106} INFO - 26/04/13 13:50:13 INFO DataWritingSparkTask: Writer for partition 8 is committing.
[2026-04-13T13:50:13.518+0000] {subprocess.py:106} INFO - 26/04/13 13:50:13 INFO CodecPool: Got brand-new decompressor [.zstd]
[2026-04-13T13:50:13.529+0000] {subprocess.py:106} INFO - 26/04/13 13:50:13 INFO CodecPool: Got brand-new decompressor [.zstd]
[2026-04-13T13:50:13.536+0000] {subprocess.py:106} INFO - 26/04/13 13:50:13 INFO DataWritingSparkTask: Writer for partition 3 is committing.
[2026-04-13T13:50:13.538+0000] {subprocess.py:106} INFO - 26/04/13 13:50:13 INFO DataWritingSparkTask: Writer for partition 12 is committing.
[2026-04-13T13:50:13.547+0000] {subprocess.py:106} INFO - 26/04/13 13:50:13 INFO CodecPool: Got brand-new decompressor [.zstd]
[2026-04-13T13:50:13.556+0000] {subprocess.py:106} INFO - 26/04/13 13:50:13 INFO CodecPool: Got brand-new decompressor [.zstd]
[2026-04-13T13:50:13.559+0000] {subprocess.py:106} INFO - 26/04/13 13:50:13 INFO DataWritingSparkTask: Writer for partition 13 is committing.
[2026-04-13T13:50:13.564+0000] {subprocess.py:106} INFO - 26/04/13 13:50:13 INFO DataWritingSparkTask: Writer for partition 4 is committing.
[2026-04-13T13:50:13.579+0000] {subprocess.py:106} INFO - 26/04/13 13:50:13 INFO CodecPool: Got brand-new decompressor [.zstd]
[2026-04-13T13:50:13.587+0000] {subprocess.py:106} INFO - 26/04/13 13:50:13 INFO DataWritingSparkTask: Writer for partition 11 is committing.
[2026-04-13T13:50:15.402+0000] {subprocess.py:106} INFO - 26/04/13 13:50:15 INFO DataWritingSparkTask: Committed partition 8 (task 8, attempt 0, stage 0.0)
[2026-04-13T13:50:15.404+0000] {subprocess.py:106} INFO - 26/04/13 13:50:15 INFO DataWritingSparkTask: Committed partition 11 (task 11, attempt 0, stage 0.0)
[2026-04-13T13:50:15.405+0000] {subprocess.py:106} INFO - 26/04/13 13:50:15 INFO DataWritingSparkTask: Committed partition 6 (task 6, attempt 0, stage 0.0)
[2026-04-13T13:50:15.406+0000] {subprocess.py:106} INFO - 26/04/13 13:50:15 INFO DataWritingSparkTask: Committed partition 13 (task 13, attempt 0, stage 0.0)
[2026-04-13T13:50:15.407+0000] {subprocess.py:106} INFO - 26/04/13 13:50:15 INFO DataWritingSparkTask: Committed partition 3 (task 3, attempt 0, stage 0.0)
[2026-04-13T13:50:15.408+0000] {subprocess.py:106} INFO - 26/04/13 13:50:15 INFO DataWritingSparkTask: Committed partition 9 (task 9, attempt 0, stage 0.0)
[2026-04-13T13:50:15.414+0000] {subprocess.py:106} INFO - 26/04/13 13:50:15 INFO DataWritingSparkTask: Committed partition 12 (task 12, attempt 0, stage 0.0)
[2026-04-13T13:50:15.415+0000] {subprocess.py:106} INFO - 26/04/13 13:50:15 INFO DataWritingSparkTask: Committed partition 0 (task 0, attempt 0, stage 0.0)
[2026-04-13T13:50:15.416+0000] {subprocess.py:106} INFO - 26/04/13 13:50:15 INFO DataWritingSparkTask: Committed partition 1 (task 1, attempt 0, stage 0.0)
[2026-04-13T13:50:15.417+0000] {subprocess.py:106} INFO - 26/04/13 13:50:15 INFO DataWritingSparkTask: Committed partition 2 (task 2, attempt 0, stage 0.0)
[2026-04-13T13:50:15.417+0000] {subprocess.py:106} INFO - 26/04/13 13:50:15 INFO DataWritingSparkTask: Committed partition 4 (task 4, attempt 0, stage 0.0)
[2026-04-13T13:50:15.418+0000] {subprocess.py:106} INFO - 26/04/13 13:50:15 INFO DataWritingSparkTask: Committed partition 5 (task 5, attempt 0, stage 0.0)
[2026-04-13T13:50:15.419+0000] {subprocess.py:106} INFO - 26/04/13 13:50:15 INFO DataWritingSparkTask: Committed partition 7 (task 7, attempt 0, stage 0.0)
[2026-04-13T13:50:15.420+0000] {subprocess.py:106} INFO - 26/04/13 13:50:15 INFO DataWritingSparkTask: Committed partition 14 (task 14, attempt 0, stage 0.0)
[2026-04-13T13:50:15.420+0000] {subprocess.py:106} INFO - 26/04/13 13:50:15 INFO DataWritingSparkTask: Committed partition 10 (task 10, attempt 0, stage 0.0)
[2026-04-13T13:50:15.572+0000] {subprocess.py:106} INFO - 26/04/13 13:50:15 INFO Executor: Finished task 7.0 in stage 0.0 (TID 7). 9502 bytes result sent to driver
[2026-04-13T13:50:15.573+0000] {subprocess.py:106} INFO - 26/04/13 13:50:15 INFO Executor: Finished task 5.0 in stage 0.0 (TID 5). 9523 bytes result sent to driver
[2026-04-13T13:50:15.578+0000] {subprocess.py:106} INFO - 26/04/13 13:50:15 INFO Executor: Finished task 12.0 in stage 0.0 (TID 12). 9511 bytes result sent to driver
[2026-04-13T13:50:15.580+0000] {subprocess.py:106} INFO - 26/04/13 13:50:15 INFO Executor: Finished task 9.0 in stage 0.0 (TID 9). 9533 bytes result sent to driver
[2026-04-13T13:50:15.581+0000] {subprocess.py:106} INFO - 26/04/13 13:50:15 INFO Executor: Finished task 14.0 in stage 0.0 (TID 14). 9496 bytes result sent to driver
[2026-04-13T13:50:15.583+0000] {subprocess.py:106} INFO - 26/04/13 13:50:15 INFO Executor: Finished task 0.0 in stage 0.0 (TID 0). 9532 bytes result sent to driver
[2026-04-13T13:50:15.584+0000] {subprocess.py:106} INFO - 26/04/13 13:50:15 INFO Executor: Finished task 11.0 in stage 0.0 (TID 11). 9512 bytes result sent to driver
[2026-04-13T13:50:15.584+0000] {subprocess.py:106} INFO - 26/04/13 13:50:15 INFO Executor: Finished task 1.0 in stage 0.0 (TID 1). 9549 bytes result sent to driver
[2026-04-13T13:50:15.585+0000] {subprocess.py:106} INFO - 26/04/13 13:50:15 INFO Executor: Finished task 10.0 in stage 0.0 (TID 10). 9555 bytes result sent to driver
[2026-04-13T13:50:15.585+0000] {subprocess.py:106} INFO - 26/04/13 13:50:15 INFO Executor: Finished task 4.0 in stage 0.0 (TID 4). 9541 bytes result sent to driver
[2026-04-13T13:50:15.586+0000] {subprocess.py:106} INFO - 26/04/13 13:50:15 INFO Executor: Finished task 6.0 in stage 0.0 (TID 6). 9506 bytes result sent to driver
[2026-04-13T13:50:15.587+0000] {subprocess.py:106} INFO - 26/04/13 13:50:15 INFO Executor: Finished task 13.0 in stage 0.0 (TID 13). 9526 bytes result sent to driver
[2026-04-13T13:50:15.589+0000] {subprocess.py:106} INFO - 26/04/13 13:50:15 INFO Executor: Finished task 3.0 in stage 0.0 (TID 3). 9534 bytes result sent to driver
[2026-04-13T13:50:15.591+0000] {subprocess.py:106} INFO - 26/04/13 13:50:15 INFO Executor: Finished task 2.0 in stage 0.0 (TID 2). 9573 bytes result sent to driver
[2026-04-13T13:50:15.593+0000] {subprocess.py:106} INFO - 26/04/13 13:50:15 INFO Executor: Finished task 8.0 in stage 0.0 (TID 8). 9505 bytes result sent to driver
[2026-04-13T13:50:15.620+0000] {subprocess.py:106} INFO - 26/04/13 13:50:15 INFO TaskSetManager: Finished task 1.0 in stage 0.0 (TID 1) in 7624 ms on spark-master (executor driver) (1/15)
[2026-04-13T13:50:15.625+0000] {subprocess.py:106} INFO - 26/04/13 13:50:15 INFO TaskSetManager: Finished task 7.0 in stage 0.0 (TID 7) in 7625 ms on spark-master (executor driver) (2/15)
[2026-04-13T13:50:15.626+0000] {subprocess.py:106} INFO - 26/04/13 13:50:15 INFO TaskSetManager: Finished task 12.0 in stage 0.0 (TID 12) in 7617 ms on spark-master (executor driver) (3/15)
[2026-04-13T13:50:15.631+0000] {subprocess.py:106} INFO - 26/04/13 13:50:15 INFO TaskSetManager: Finished task 5.0 in stage 0.0 (TID 5) in 7632 ms on spark-master (executor driver) (4/15)
[2026-04-13T13:50:15.634+0000] {subprocess.py:106} INFO - 26/04/13 13:50:15 INFO TaskSetManager: Finished task 0.0 in stage 0.0 (TID 0) in 7690 ms on spark-master (executor driver) (5/15)
[2026-04-13T13:50:15.637+0000] {subprocess.py:106} INFO - 26/04/13 13:50:15 INFO TaskSetManager: Finished task 11.0 in stage 0.0 (TID 11) in 7628 ms on spark-master (executor driver) (6/15)
[2026-04-13T13:50:15.637+0000] {subprocess.py:106} INFO - 26/04/13 13:50:15 INFO TaskSetManager: Finished task 9.0 in stage 0.0 (TID 9) in 7634 ms on spark-master (executor driver) (7/15)
[2026-04-13T13:50:15.639+0000] {subprocess.py:106} INFO - 26/04/13 13:50:15 INFO TaskSetManager: Finished task 10.0 in stage 0.0 (TID 10) in 7633 ms on spark-master (executor driver) (8/15)
[2026-04-13T13:50:15.640+0000] {subprocess.py:106} INFO - 26/04/13 13:50:15 INFO TaskSetManager: Finished task 14.0 in stage 0.0 (TID 14) in 7627 ms on spark-master (executor driver) (9/15)
[2026-04-13T13:50:15.649+0000] {subprocess.py:106} INFO - 26/04/13 13:50:15 INFO TaskSetManager: Finished task 4.0 in stage 0.0 (TID 4) in 7653 ms on spark-master (executor driver) (10/15)
[2026-04-13T13:50:15.651+0000] {subprocess.py:106} INFO - 26/04/13 13:50:15 INFO TaskSetManager: Finished task 3.0 in stage 0.0 (TID 3) in 7656 ms on spark-master (executor driver) (11/15)
[2026-04-13T13:50:15.653+0000] {subprocess.py:106} INFO - 26/04/13 13:50:15 INFO TaskSetManager: Finished task 13.0 in stage 0.0 (TID 13) in 7638 ms on spark-master (executor driver) (12/15)
[2026-04-13T13:50:15.657+0000] {subprocess.py:106} INFO - 26/04/13 13:50:15 INFO TaskSetManager: Finished task 6.0 in stage 0.0 (TID 6) in 7656 ms on spark-master (executor driver) (13/15)
[2026-04-13T13:50:15.659+0000] {subprocess.py:106} INFO - 26/04/13 13:50:15 INFO TaskSetManager: Finished task 2.0 in stage 0.0 (TID 2) in 7668 ms on spark-master (executor driver) (14/15)
[2026-04-13T13:50:15.661+0000] {subprocess.py:106} INFO - 26/04/13 13:50:15 INFO TaskSetManager: Finished task 8.0 in stage 0.0 (TID 8) in 7660 ms on spark-master (executor driver) (15/15)
[2026-04-13T13:50:15.667+0000] {subprocess.py:106} INFO - 26/04/13 13:50:15 INFO TaskSchedulerImpl: Removed TaskSet 0.0 whose tasks have all completed, from pool
[2026-04-13T13:50:15.673+0000] {subprocess.py:106} INFO - 26/04/13 13:50:15 INFO DAGScheduler: ResultStage 0 (append at NativeMethodAccessorImpl.java:0) finished in 7900 ms
[2026-04-13T13:50:15.683+0000] {subprocess.py:106} INFO - 26/04/13 13:50:15 INFO DAGScheduler: Job 0 is finished. Cancelling potential speculative or zombie tasks for this job
[2026-04-13T13:50:15.684+0000] {subprocess.py:106} INFO - 26/04/13 13:50:15 INFO TaskSchedulerImpl: Canceling stage 0
[2026-04-13T13:50:15.687+0000] {subprocess.py:106} INFO - 26/04/13 13:50:15 INFO TaskSchedulerImpl: Killing all running tasks in stage 0: Stage finished
[2026-04-13T13:50:15.699+0000] {subprocess.py:106} INFO - 26/04/13 13:50:15 INFO DAGScheduler: Job 0 finished: append at NativeMethodAccessorImpl.java:0, took 8025.701329 ms
[2026-04-13T13:50:15.706+0000] {subprocess.py:106} INFO - 26/04/13 13:50:15 INFO AppendDataExec: Data source write support IcebergBatchWrite(table=iceberg.air_quality_ml.air_quality_gold, format=PARQUET) is committing.
[2026-04-13T13:50:15.756+0000] {subprocess.py:106} INFO - 26/04/13 13:50:15 INFO SparkWrite: Committing append with 15 new data files to table iceberg.air_quality_ml.air_quality_gold
[2026-04-13T13:50:18.425+0000] {subprocess.py:106} INFO - 26/04/13 13:50:18 INFO HiveTableOperations: Committed to table iceberg.air_quality_ml.air_quality_gold with the new metadata location hdfs://23133083thuyvan-master:9000/user/hive/lakehouse/gold/ml/air_quality_gold/metadata/00006-247619af-3768-4202-ad5d-a2abf5adaeb9.metadata.json
[2026-04-13T13:50:18.427+0000] {subprocess.py:106} INFO - 26/04/13 13:50:18 INFO BaseMetastoreTableOperations: Successfully committed to table iceberg.air_quality_ml.air_quality_gold in 1820 ms
[2026-04-13T13:50:18.427+0000] {subprocess.py:106} INFO - 26/04/13 13:50:18 INFO SnapshotProducer: Committed snapshot 2686512204497374638 (MergeAppend)
[2026-04-13T13:50:18.544+0000] {subprocess.py:106} INFO - 26/04/13 13:50:18 INFO BaseMetastoreTableOperations: Refreshing table metadata from new version: hdfs://23133083thuyvan-master:9000/user/hive/lakehouse/gold/ml/air_quality_gold/metadata/00006-247619af-3768-4202-ad5d-a2abf5adaeb9.metadata.json
[2026-04-13T13:50:18.605+0000] {subprocess.py:106} INFO - 26/04/13 13:50:18 INFO LoggingMetricsReporter: Received metrics report: CommitReport{tableName=iceberg.air_quality_ml.air_quality_gold, snapshotId=2686512204497374638, sequenceNumber=7, operation=append, commitMetrics=CommitMetricsResult{totalDuration=TimerResult{timeUnit=NANOSECONDS, totalDuration=PT2.679220179S, count=1}, attempts=CounterResult{unit=COUNT, value=1}, addedDataFiles=CounterResult{unit=COUNT, value=15}, removedDataFiles=null, totalDataFiles=CounterResult{unit=COUNT, value=105}, addedDeleteFiles=null, addedEqualityDeleteFiles=null, addedPositionalDeleteFiles=null, addedDVs=null, removedDeleteFiles=null, removedEqualityDeleteFiles=null, removedPositionalDeleteFiles=null, removedDVs=null, totalDeleteFiles=CounterResult{unit=COUNT, value=0}, addedRecords=CounterResult{unit=COUNT, value=100}, removedRecords=null, totalRecords=CounterResult{unit=COUNT, value=700}, addedFilesSizeInBytes=CounterResult{unit=BYTES, value=149205}, removedFilesSizeInBytes=null, totalFilesSizeInBytes=CounterResult{unit=BYTES, value=1022449}, addedPositionalDeletes=null, removedPositionalDeletes=null, totalPositionalDeletes=CounterResult{unit=COUNT, value=0}, addedEqualityDeletes=null, removedEqualityDeletes=null, totalEqualityDeletes=CounterResult{unit=COUNT, value=0}, manifestsCreated=null, manifestsReplaced=null, manifestsKept=null, manifestEntriesProcessed=null}, metadata={engine-version=4.0.2, app-id=local-1776088185611, engine-name=spark, iceberg-version=Apache Iceberg 1.10.1 (commit ccb8bc435062171e64bc8b7e5f56e6aed9c5b934)}}
[2026-04-13T13:50:18.607+0000] {subprocess.py:106} INFO - 26/04/13 13:50:18 INFO SparkWrite: Committed in 2845 ms
[2026-04-13T13:50:18.608+0000] {subprocess.py:106} INFO - 26/04/13 13:50:18 INFO AppendDataExec: Data source write support IcebergBatchWrite(table=iceberg.air_quality_ml.air_quality_gold, format=PARQUET) committed.
[2026-04-13T13:50:18.631+0000] {subprocess.py:106} INFO - Dữ liệu đã được append vào iceberg.air_quality_ml.air_quality_gold.
[2026-04-13T13:50:18.632+0000] {subprocess.py:106} INFO - ETL from Silver to Gold completed!
[2026-04-13T13:50:18.641+0000] {subprocess.py:106} INFO - 26/04/13 13:50:18 INFO SparkContext: SparkContext is stopping with exitCode 0 from stop at NativeMethodAccessorImpl.java:0.
[2026-04-13T13:50:18.702+0000] {subprocess.py:106} INFO - 26/04/13 13:50:18 INFO SparkUI: Stopped Spark web UI at http://spark-master:4040
[2026-04-13T13:50:18.743+0000] {subprocess.py:106} INFO - 26/04/13 13:50:18 INFO MapOutputTrackerMasterEndpoint: MapOutputTrackerMasterEndpoint stopped!
[2026-04-13T13:50:18.834+0000] {subprocess.py:106} INFO - 26/04/13 13:50:18 INFO MemoryStore: MemoryStore cleared
[2026-04-13T13:50:18.841+0000] {subprocess.py:106} INFO - 26/04/13 13:50:18 INFO BlockManager: BlockManager stopped
[2026-04-13T13:50:18.866+0000] {subprocess.py:106} INFO - 26/04/13 13:50:18 INFO BlockManagerMaster: BlockManagerMaster stopped
[2026-04-13T13:50:18.873+0000] {subprocess.py:106} INFO - 26/04/13 13:50:18 INFO OutputCommitCoordinator$OutputCommitCoordinatorEndpoint: OutputCommitCoordinator stopped!
[2026-04-13T13:50:18.925+0000] {subprocess.py:106} INFO - 26/04/13 13:50:18 INFO SparkContext: Successfully stopped SparkContext
[2026-04-13T13:50:20.016+0000] {subprocess.py:106} INFO - 26/04/13 13:50:20 INFO ShutdownHookManager: Shutdown hook called
[2026-04-13T13:50:20.017+0000] {subprocess.py:106} INFO - 26/04/13 13:50:20 INFO ShutdownHookManager: Deleting directory /tmp/spark-137f2638-e715-4b24-9769-b7fcc6d00099/pyspark-cefca323-fdbb-43aa-9987-72f8644abe32
[2026-04-13T13:50:20.037+0000] {subprocess.py:106} INFO - 26/04/13 13:50:20 INFO ShutdownHookManager: Deleting directory /tmp/spark-088e0726-971d-4b74-944d-3fe94a0f00b4
[2026-04-13T13:50:20.054+0000] {subprocess.py:106} INFO - 26/04/13 13:50:20 INFO ShutdownHookManager: Deleting directory /tmp/spark-137f2638-e715-4b24-9769-b7fcc6d00099
[2026-04-13T13:50:20.084+0000] {subprocess.py:106} INFO - 26/04/13 13:50:20 INFO ShutdownHookManager: Deleting directory /tmp/artifacts-c48db50f-61e9-4ddc-b066-fd07dda65ee7
[2026-04-13T13:50:20.691+0000] {subprocess.py:110} INFO - Command exited with return code 0
[2026-04-13T13:50:21.813+0000] {taskinstance.py:340} INFO - ::group::Post task execution logs
[2026-04-13T13:50:21.830+0000] {taskinstance.py:352} INFO - Marking task as SUCCESS. dag_id=predict_aqi, task_id=silver_to_gold, run_id=manual__2026-04-13T13:49:12.538061+00:00, execution_date=20260413T134912, start_date=20260413T134925, end_date=20260413T135021
[2026-04-13T13:50:22.222+0000] {local_task_job_runner.py:266} INFO - Task exited with return code 0
[2026-04-13T13:50:22.700+0000] {taskinstance.py:3895} INFO - 1 downstream tasks scheduled from follow-on schedule check
[2026-04-13T13:50:22.720+0000] {local_task_job_runner.py:245} INFO - ::endgroup::
