[2026-04-12T09:28:01.501+0000] {local_task_job_runner.py:123} INFO - ::group::Pre task execution logs
[2026-04-12T09:28:01.526+0000] {taskinstance.py:2613} INFO - Dependencies all met for dep_context=non-requeueable deps ti=<TaskInstance: weather_real_time_pipeline_v2.call_weather_api_and_send_kafka scheduled__2026-04-12T09:26:00+00:00 [queued]>
[2026-04-12T09:28:01.536+0000] {taskinstance.py:2613} INFO - Dependencies all met for dep_context=requeueable deps ti=<TaskInstance: weather_real_time_pipeline_v2.call_weather_api_and_send_kafka scheduled__2026-04-12T09:26:00+00:00 [queued]>
[2026-04-12T09:28:01.537+0000] {taskinstance.py:2866} INFO - Starting attempt 1 of 4
[2026-04-12T09:28:01.552+0000] {taskinstance.py:2889} INFO - Executing <Task(PythonOperator): call_weather_api_and_send_kafka> on 2026-04-12 09:26:00+00:00
[2026-04-12T09:28:01.560+0000] {standard_task_runner.py:104} INFO - Running: ['airflow', 'tasks', 'run', 'weather_real_time_pipeline_v2', 'call_weather_api_and_send_kafka', 'scheduled__2026-04-12T09:26:00+00:00', '--job-id', '401', '--raw', '--subdir', 'DAGS_FOLDER/weather_pipeline_dag.py', '--cfg-path', '/tmp/tmp_j7yiwse']
[2026-04-12T09:28:01.562+0000] {standard_task_runner.py:105} INFO - Job 401: Subtask call_weather_api_and_send_kafka
[2026-04-12T09:28:01.564+0000] {logging_mixin.py:190} WARNING - /home/airflow/airflow/venv/lib/python3.12/site-packages/airflow/task/task_runner/standard_task_runner.py:70 DeprecationWarning: This process (pid=41373) is multi-threaded, use of fork() may lead to deadlocks in the child.
[2026-04-12T09:28:01.564+0000] {standard_task_runner.py:72} INFO - Started process 41403 to run task
[2026-04-12T09:28:01.647+0000] {task_command.py:467} INFO - Running <TaskInstance: weather_real_time_pipeline_v2.call_weather_api_and_send_kafka scheduled__2026-04-12T09:26:00+00:00 [running]> on host airflow
[2026-04-12T09:28:01.784+0000] {taskinstance.py:3132} INFO - Exporting env vars: AIRFLOW_CTX_DAG_OWNER='airflow' AIRFLOW_CTX_DAG_ID='weather_real_time_pipeline_v2' AIRFLOW_CTX_TASK_ID='call_weather_api_and_send_kafka' AIRFLOW_CTX_EXECUTION_DATE='2026-04-12T09:26:00+00:00' AIRFLOW_CTX_TRY_NUMBER='1' AIRFLOW_CTX_DAG_RUN_ID='scheduled__2026-04-12T09:26:00+00:00'
[2026-04-12T09:28:01.785+0000] {taskinstance.py:731} INFO - ::endgroup::
[2026-04-12T09:28:01.810+0000] {logging_mixin.py:190} INFO - Loaded last sent timestamps: {'Ho Chi Minh City': '2026-04-12T16:15', 'Da Nang': '2026-04-12T16:15', 'Hai Phong': '2026-04-12T16:15', 'Can Tho': '2026-04-12T16:15', 'Bien Hoa': '2026-04-12T16:15', 'Nha Trang': '2026-04-12T16:15', 'Hue': '2026-04-12T16:15', 'Vung Tau': '2026-04-12T16:15', 'Da Lat': '2026-04-12T16:15', 'Quy Nhon': '2026-04-12T16:15', 'Nam Dinh': '2026-04-12T16:15', 'Rach Gia': '2026-04-12T16:15', 'Phan Thiet': '2026-04-12T16:15', 'Long Xuyen': '2026-04-12T16:15', 'Ca Mau': '2026-04-12T16:15', 'Buon Ma Thuot': '2026-04-12T16:15', 'Thai Nguyen': '2026-04-12T16:15', 'Vinh': '2026-04-12T16:15', 'Pleiku': '2026-04-12T16:15', 'Phu Quoc': '2026-04-12T16:15'}
[2026-04-12T09:28:01.816+0000] {logging_mixin.py:190} INFO - [2026-04-12 09:28:01.816782] Fetching data for 20 locations...
[2026-04-12T09:28:01.869+0000] {conn.py:362} INFO - <BrokerConnection node_id=bootstrap-0 host=kafka:9092 <connecting> [IPv4 ('172.20.0.4', 9092)]>: connecting to kafka:9092 [('172.20.0.4', 9092) IPv4]
[2026-04-12T09:28:01.870+0000] {conn.py:393} INFO - <BrokerConnection node_id=bootstrap-0 host=kafka:9092 <connecting> [IPv4 ('172.20.0.4', 9092)]>: Connection complete.
[2026-04-12T09:28:08.419+0000] {logging_mixin.py:190} INFO -   -> Skipping Ho Chi Minh City (timestamp 2026-04-12T16:15 already sent)
[2026-04-12T09:28:08.420+0000] {logging_mixin.py:190} INFO -   -> Skipping Da Nang (timestamp 2026-04-12T16:15 already sent)
[2026-04-12T09:28:08.420+0000] {logging_mixin.py:190} INFO -   -> Skipping Hai Phong (timestamp 2026-04-12T16:15 already sent)
[2026-04-12T09:28:08.421+0000] {logging_mixin.py:190} INFO -   -> Skipping Can Tho (timestamp 2026-04-12T16:15 already sent)
[2026-04-12T09:28:08.421+0000] {logging_mixin.py:190} INFO -   -> Skipping Bien Hoa (timestamp 2026-04-12T16:15 already sent)
[2026-04-12T09:28:08.421+0000] {logging_mixin.py:190} INFO -   -> Skipping Nha Trang (timestamp 2026-04-12T16:15 already sent)
[2026-04-12T09:28:08.422+0000] {logging_mixin.py:190} INFO -   -> Skipping Hue (timestamp 2026-04-12T16:15 already sent)
[2026-04-12T09:28:08.422+0000] {logging_mixin.py:190} INFO -   -> Skipping Vung Tau (timestamp 2026-04-12T16:15 already sent)
[2026-04-12T09:28:08.422+0000] {logging_mixin.py:190} INFO -   -> Skipping Da Lat (timestamp 2026-04-12T16:15 already sent)
[2026-04-12T09:28:08.423+0000] {logging_mixin.py:190} INFO -   -> Skipping Quy Nhon (timestamp 2026-04-12T16:15 already sent)
[2026-04-12T09:28:08.423+0000] {logging_mixin.py:190} INFO -   -> Skipping Nam Dinh (timestamp 2026-04-12T16:15 already sent)
[2026-04-12T09:28:08.424+0000] {logging_mixin.py:190} INFO -   -> Skipping Rach Gia (timestamp 2026-04-12T16:15 already sent)
[2026-04-12T09:28:08.424+0000] {logging_mixin.py:190} INFO -   -> Skipping Phan Thiet (timestamp 2026-04-12T16:15 already sent)
[2026-04-12T09:28:08.425+0000] {logging_mixin.py:190} INFO -   -> Skipping Long Xuyen (timestamp 2026-04-12T16:15 already sent)
[2026-04-12T09:28:08.425+0000] {logging_mixin.py:190} INFO -   -> Skipping Ca Mau (timestamp 2026-04-12T16:15 already sent)
[2026-04-12T09:28:08.425+0000] {logging_mixin.py:190} INFO -   -> Skipping Buon Ma Thuot (timestamp 2026-04-12T16:15 already sent)
[2026-04-12T09:28:08.426+0000] {logging_mixin.py:190} INFO -   -> Skipping Thai Nguyen (timestamp 2026-04-12T16:15 already sent)
[2026-04-12T09:28:08.426+0000] {logging_mixin.py:190} INFO -   -> Skipping Vinh (timestamp 2026-04-12T16:15 already sent)
[2026-04-12T09:28:08.427+0000] {logging_mixin.py:190} INFO -   -> Skipping Pleiku (timestamp 2026-04-12T16:15 already sent)
[2026-04-12T09:28:08.427+0000] {logging_mixin.py:190} INFO -   -> Skipping Phu Quoc (timestamp 2026-04-12T16:15 already sent)
[2026-04-12T09:28:08.427+0000] {logging_mixin.py:190} INFO - [2026-04-12 09:28:08.427947] No new data to send. All timestamps are up-to-date.
[2026-04-12T09:28:08.428+0000] {kafka.py:486} INFO - Closing the Kafka producer with 9223372036.0 secs timeout.
[2026-04-12T09:28:08.429+0000] {conn.py:673} INFO - <BrokerConnection node_id=bootstrap-0 host=kafka:9092 <connected> [IPv4 ('172.20.0.4', 9092)]>: Closing connection. 
[2026-04-12T09:28:08.430+0000] {python.py:240} INFO - Done. Returned value was: True
[2026-04-12T09:28:08.469+0000] {taskinstance.py:340} INFO - ::group::Post task execution logs
[2026-04-12T09:28:08.469+0000] {taskinstance.py:352} INFO - Marking task as SUCCESS. dag_id=weather_real_time_pipeline_v2, task_id=call_weather_api_and_send_kafka, run_id=scheduled__2026-04-12T09:26:00+00:00, execution_date=20260412T092600, start_date=20260412T092801, end_date=20260412T092808
[2026-04-12T09:28:08.491+0000] {local_task_job_runner.py:266} INFO - Task exited with return code 0
[2026-04-12T09:28:08.513+0000] {taskinstance.py:3895} INFO - 0 downstream tasks scheduled from follow-on schedule check
[2026-04-12T09:28:08.518+0000] {local_task_job_runner.py:245} INFO - ::endgroup::
