[2026-04-12T10:12:03.394+0000] {local_task_job_runner.py:123} INFO - ::group::Pre task execution logs
[2026-04-12T10:12:03.420+0000] {taskinstance.py:2613} INFO - Dependencies all met for dep_context=non-requeueable deps ti=<TaskInstance: kaggle_daily_batch_pipeline.download_kaggle_csv manual__2026-04-12T10:12:02.579722+00:00 [queued]>
[2026-04-12T10:12:03.431+0000] {taskinstance.py:2613} INFO - Dependencies all met for dep_context=requeueable deps ti=<TaskInstance: kaggle_daily_batch_pipeline.download_kaggle_csv manual__2026-04-12T10:12:02.579722+00:00 [queued]>
[2026-04-12T10:12:03.432+0000] {taskinstance.py:2866} INFO - Starting attempt 1 of 2
[2026-04-12T10:12:03.451+0000] {taskinstance.py:2889} INFO - Executing <Task(PythonOperator): download_kaggle_csv> on 2026-04-12 10:12:02.579722+00:00
[2026-04-12T10:12:03.462+0000] {standard_task_runner.py:104} INFO - Running: ['airflow', 'tasks', 'run', 'kaggle_daily_batch_pipeline', 'download_kaggle_csv', 'manual__2026-04-12T10:12:02.579722+00:00', '--job-id', '67', '--raw', '--subdir', 'DAGS_FOLDER/dag1.py', '--cfg-path', '/tmp/tmp9393q1fq']
[2026-04-12T10:12:03.464+0000] {standard_task_runner.py:105} INFO - Job 67: Subtask download_kaggle_csv
[2026-04-12T10:12:03.470+0000] {logging_mixin.py:190} WARNING - /home/airflow/airflow/venv/lib/python3.12/site-packages/airflow/task/task_runner/standard_task_runner.py:70 DeprecationWarning: This process (pid=118499) is multi-threaded, use of fork() may lead to deadlocks in the child.
[2026-04-12T10:12:03.471+0000] {standard_task_runner.py:72} INFO - Started process 118525 to run task
[2026-04-12T10:12:03.562+0000] {task_command.py:467} INFO - Running <TaskInstance: kaggle_daily_batch_pipeline.download_kaggle_csv manual__2026-04-12T10:12:02.579722+00:00 [running]> on host airflow
[2026-04-12T10:12:03.693+0000] {taskinstance.py:3132} INFO - Exporting env vars: AIRFLOW_CTX_DAG_OWNER='airflow' AIRFLOW_CTX_DAG_ID='kaggle_daily_batch_pipeline' AIRFLOW_CTX_TASK_ID='download_kaggle_csv' AIRFLOW_CTX_EXECUTION_DATE='2026-04-12T10:12:02.579722+00:00' AIRFLOW_CTX_TRY_NUMBER='1' AIRFLOW_CTX_DAG_RUN_ID='manual__2026-04-12T10:12:02.579722+00:00'
[2026-04-12T10:12:03.695+0000] {taskinstance.py:731} INFO - ::endgroup::
[2026-04-12T10:12:03.715+0000] {logging_mixin.py:190} INFO - Đang tải file từ Kaggle bằng API Token...
[2026-04-12T10:12:12.204+0000] {logging_mixin.py:190} INFO - Tải thành công! File lưu tại: /tmp/kaggle_data/GlobalWeatherRepository.csv
[2026-04-12T10:12:14.527+0000] {logging_mixin.py:190} INFO - HDFS sẵn sàng (attempt 1)
[2026-04-12T10:12:18.325+0000] {logging_mixin.py:190} INFO - Đã copy file vào Hadoop master: /tmp/GlobalWeatherRepository.csv
[2026-04-12T10:12:21.647+0000] {logging_mixin.py:190} INFO - Đã upload lên HDFS: /user/hive/lakehouse/bronze/raw_kaggle/GlobalWeatherRepository.csv
[2026-04-12T10:12:21.650+0000] {python.py:240} INFO - Done. Returned value was: None
[2026-04-12T10:12:21.665+0000] {taskinstance.py:340} INFO - ::group::Post task execution logs
[2026-04-12T10:12:21.666+0000] {taskinstance.py:352} INFO - Marking task as SUCCESS. dag_id=kaggle_daily_batch_pipeline, task_id=download_kaggle_csv, run_id=manual__2026-04-12T10:12:02.579722+00:00, execution_date=20260412T101202, start_date=20260412T101203, end_date=20260412T101221
[2026-04-12T10:12:22.404+0000] {local_task_job_runner.py:266} INFO - Task exited with return code 0
[2026-04-12T10:12:22.438+0000] {taskinstance.py:3895} INFO - 1 downstream tasks scheduled from follow-on schedule check
[2026-04-12T10:12:22.486+0000] {local_task_job_runner.py:245} INFO - ::endgroup::
