[2026-04-13T14:05:35.005+0000] {local_task_job_runner.py:123} INFO - ::group::Pre task execution logs
[2026-04-13T14:05:35.052+0000] {taskinstance.py:2613} INFO - Dependencies all met for dep_context=non-requeueable deps ti=<TaskInstance: predict_aqi.silver_to_gold scheduled__2026-04-13T11:00:00+00:00 [queued]>
[2026-04-13T14:05:35.066+0000] {taskinstance.py:2613} INFO - Dependencies all met for dep_context=requeueable deps ti=<TaskInstance: predict_aqi.silver_to_gold scheduled__2026-04-13T11:00:00+00:00 [queued]>
[2026-04-13T14:05:35.068+0000] {taskinstance.py:2866} INFO - Starting attempt 2 of 3
[2026-04-13T14:05:35.090+0000] {taskinstance.py:2889} INFO - Executing <Task(BashOperator): silver_to_gold> on 2026-04-13 11:00:00+00:00
[2026-04-13T14:05:35.103+0000] {standard_task_runner.py:104} INFO - Running: ['airflow', 'tasks', 'run', 'predict_aqi', 'silver_to_gold', 'scheduled__2026-04-13T11:00:00+00:00', '--job-id', '156', '--raw', '--subdir', 'DAGS_FOLDER/dag_ml.py', '--cfg-path', '/tmp/tmpmkn5qxel']
[2026-04-13T14:05:35.109+0000] {standard_task_runner.py:105} INFO - Job 156: Subtask silver_to_gold
[2026-04-13T14:05:35.111+0000] {logging_mixin.py:190} WARNING - /home/airflow/airflow/venv/lib/python3.12/site-packages/airflow/task/task_runner/standard_task_runner.py:70 DeprecationWarning: This process (pid=52163) is multi-threaded, use of fork() may lead to deadlocks in the child.
[2026-04-13T14:05:35.113+0000] {standard_task_runner.py:72} INFO - Started process 52432 to run task
[2026-04-13T14:05:35.237+0000] {task_command.py:467} INFO - Running <TaskInstance: predict_aqi.silver_to_gold scheduled__2026-04-13T11:00:00+00:00 [running]> on host airflow
[2026-04-13T14:05:35.400+0000] {taskinstance.py:3132} INFO - Exporting env vars: AIRFLOW_CTX_DAG_OWNER='airflow' AIRFLOW_CTX_DAG_ID='predict_aqi' AIRFLOW_CTX_TASK_ID='silver_to_gold' AIRFLOW_CTX_EXECUTION_DATE='2026-04-13T11:00:00+00:00' AIRFLOW_CTX_TRY_NUMBER='2' AIRFLOW_CTX_DAG_RUN_ID='scheduled__2026-04-13T11:00:00+00:00'
[2026-04-13T14:05:35.404+0000] {taskinstance.py:731} INFO - ::endgroup::
[2026-04-13T14:05:35.440+0000] {subprocess.py:78} INFO - Tmp dir root location: /tmp
[2026-04-13T14:05:35.442+0000] {subprocess.py:88} INFO - Running command: ['/usr/bin/bash', '-c', '\n            docker exec spark-master spark-submit                 --packages org.apache.iceberg:iceberg-spark-runtime-4.0_2.13:1.10.1                 /home/spark/spark/spark_jobs/silver_to_gold.py 2026-04-13\n        ']
[2026-04-13T14:05:35.468+0000] {subprocess.py:99} INFO - Output:
[2026-04-13T14:05:38.365+0000] {subprocess.py:106} INFO - WARNING: Using incubator modules: jdk.incubator.vector
[2026-04-13T14:05:42.257+0000] {subprocess.py:106} INFO - :: loading settings :: url = jar:file:/home/spark/spark/jars/ivy-2.5.3.jar!/org/apache/ivy/core/settings/ivysettings.xml
[2026-04-13T14:05:42.519+0000] {subprocess.py:106} INFO - Ivy Default Cache set to: /home/spark/.ivy2.5.2/cache
[2026-04-13T14:05:42.520+0000] {subprocess.py:106} INFO - The jars for the packages stored in: /home/spark/.ivy2.5.2/jars
[2026-04-13T14:05:42.538+0000] {subprocess.py:106} INFO - org.apache.iceberg#iceberg-spark-runtime-4.0_2.13 added as a dependency
[2026-04-13T14:05:42.541+0000] {subprocess.py:106} INFO - :: resolving dependencies :: org.apache.spark#spark-submit-parent-4174b5bc-080b-4c6b-a9ab-652c430cf426;1.0
[2026-04-13T14:05:42.543+0000] {subprocess.py:106} INFO - 	confs: [default]
[2026-04-13T14:05:42.863+0000] {subprocess.py:106} INFO - 	found org.apache.iceberg#iceberg-spark-runtime-4.0_2.13;1.10.1 in central
[2026-04-13T14:05:42.897+0000] {subprocess.py:106} INFO - :: resolution report :: resolve 349ms :: artifacts dl 6ms
[2026-04-13T14:05:42.898+0000] {subprocess.py:106} INFO - 	:: modules in use:
[2026-04-13T14:05:42.900+0000] {subprocess.py:106} INFO - 	org.apache.iceberg#iceberg-spark-runtime-4.0_2.13;1.10.1 from central in [default]
[2026-04-13T14:05:42.901+0000] {subprocess.py:106} INFO - 	---------------------------------------------------------------------
[2026-04-13T14:05:42.902+0000] {subprocess.py:106} INFO - 	|                  |            modules            ||   artifacts   |
[2026-04-13T14:05:42.903+0000] {subprocess.py:106} INFO - 	|       conf       | number| search|dwnlded|evicted|| number|dwnlded|
[2026-04-13T14:05:42.904+0000] {subprocess.py:106} INFO - 	---------------------------------------------------------------------
[2026-04-13T14:05:42.905+0000] {subprocess.py:106} INFO - 	|      default     |   1   |   0   |   0   |   0   ||   1   |   0   |
[2026-04-13T14:05:42.906+0000] {subprocess.py:106} INFO - 	---------------------------------------------------------------------
[2026-04-13T14:05:42.910+0000] {subprocess.py:106} INFO - :: retrieving :: org.apache.spark#spark-submit-parent-4174b5bc-080b-4c6b-a9ab-652c430cf426
[2026-04-13T14:05:42.912+0000] {subprocess.py:106} INFO - 	confs: [default]
[2026-04-13T14:05:42.923+0000] {subprocess.py:106} INFO - 	0 artifacts copied, 1 already retrieved (0kB/12ms)
[2026-04-13T14:05:43.580+0000] {subprocess.py:106} INFO - 26/04/13 14:05:43 WARN NativeCodeLoader: Unable to load native-hadoop library for your platform... using builtin-java classes where applicable
[2026-04-13T14:05:47.970+0000] {subprocess.py:106} INFO - Using Spark's default log4j profile: org/apache/spark/log4j2-defaults.properties
[2026-04-13T14:05:47.989+0000] {subprocess.py:106} INFO - 26/04/13 14:05:47 INFO SparkContext: Running Spark version 4.0.2
[2026-04-13T14:05:47.994+0000] {subprocess.py:106} INFO - 26/04/13 14:05:47 INFO SparkContext: OS info Linux, 6.6.87.2-microsoft-standard-WSL2, amd64
[2026-04-13T14:05:47.996+0000] {subprocess.py:106} INFO - 26/04/13 14:05:47 INFO SparkContext: Java version 21.0.10
[2026-04-13T14:05:48.057+0000] {subprocess.py:106} INFO - 26/04/13 14:05:48 INFO ResourceUtils: ==============================================================
[2026-04-13T14:05:48.058+0000] {subprocess.py:106} INFO - 26/04/13 14:05:48 INFO ResourceUtils: No custom resources configured for spark.driver.
[2026-04-13T14:05:48.058+0000] {subprocess.py:106} INFO - 26/04/13 14:05:48 INFO ResourceUtils: ==============================================================
[2026-04-13T14:05:48.061+0000] {subprocess.py:106} INFO - 26/04/13 14:05:48 INFO SparkContext: Submitted application: Silver_to_Gold
[2026-04-13T14:05:48.129+0000] {subprocess.py:106} INFO - 26/04/13 14:05:48 INFO ResourceProfile: Default ResourceProfile created, executor resources: Map(cores -> name: cores, amount: 2, script: , vendor: , memory -> name: memory, amount: 2048, script: , vendor: , offHeap -> name: offHeap, amount: 0, script: , vendor: ), task resources: Map(cpus -> name: cpus, amount: 1.0)
[2026-04-13T14:05:48.141+0000] {subprocess.py:106} INFO - 26/04/13 14:05:48 INFO ResourceProfile: Limiting resource is cpus at 2 tasks per executor
[2026-04-13T14:05:48.145+0000] {subprocess.py:106} INFO - 26/04/13 14:05:48 INFO ResourceProfileManager: Added ResourceProfile id: 0
[2026-04-13T14:05:48.359+0000] {subprocess.py:106} INFO - 26/04/13 14:05:48 INFO SecurityManager: Changing view acls to: spark
[2026-04-13T14:05:48.363+0000] {subprocess.py:106} INFO - 26/04/13 14:05:48 INFO SecurityManager: Changing modify acls to: spark
[2026-04-13T14:05:48.365+0000] {subprocess.py:106} INFO - 26/04/13 14:05:48 INFO SecurityManager: Changing view acls groups to: spark
[2026-04-13T14:05:48.366+0000] {subprocess.py:106} INFO - 26/04/13 14:05:48 INFO SecurityManager: Changing modify acls groups to: spark
[2026-04-13T14:05:48.375+0000] {subprocess.py:106} INFO - 26/04/13 14:05:48 INFO SecurityManager: SecurityManager: authentication disabled; ui acls disabled; users with view permissions: spark groups with view permissions: EMPTY; users with modify permissions: spark; groups with modify permissions: EMPTY; RPC SSL disabled
[2026-04-13T14:05:49.336+0000] {subprocess.py:106} INFO - 26/04/13 14:05:49 INFO Utils: Successfully started service 'sparkDriver' on port 37273.
[2026-04-13T14:05:49.480+0000] {subprocess.py:106} INFO - 26/04/13 14:05:49 INFO SparkEnv: Registering MapOutputTracker
[2026-04-13T14:05:49.559+0000] {subprocess.py:106} INFO - 26/04/13 14:05:49 INFO SparkEnv: Registering BlockManagerMaster
[2026-04-13T14:05:49.660+0000] {subprocess.py:106} INFO - 26/04/13 14:05:49 INFO BlockManagerMasterEndpoint: Using org.apache.spark.storage.DefaultTopologyMapper for getting topology information
[2026-04-13T14:05:49.661+0000] {subprocess.py:106} INFO - 26/04/13 14:05:49 INFO BlockManagerMasterEndpoint: BlockManagerMasterEndpoint up
[2026-04-13T14:05:49.674+0000] {subprocess.py:106} INFO - 26/04/13 14:05:49 INFO SparkEnv: Registering BlockManagerMasterHeartbeat
[2026-04-13T14:05:49.777+0000] {subprocess.py:106} INFO - 26/04/13 14:05:49 INFO DiskBlockManager: Created local directory at /tmp/blockmgr-36aba8db-4434-4e66-9c55-bef7f797b744
[2026-04-13T14:05:49.880+0000] {subprocess.py:106} INFO - 26/04/13 14:05:49 INFO SparkEnv: Registering OutputCommitCoordinator
[2026-04-13T14:05:50.235+0000] {subprocess.py:106} INFO - 26/04/13 14:05:50 INFO JettyUtils: Start Jetty 0.0.0.0:4040 for SparkUI
[2026-04-13T14:05:50.477+0000] {subprocess.py:106} INFO - 26/04/13 14:05:50 INFO Utils: Successfully started service 'SparkUI' on port 4040.
[2026-04-13T14:05:50.608+0000] {subprocess.py:106} INFO - 26/04/13 14:05:50 INFO SparkContext: Added JAR file:///home/spark/.ivy2.5.2/jars/org.apache.iceberg_iceberg-spark-runtime-4.0_2.13-1.10.1.jar at spark://spark-master:37273/jars/org.apache.iceberg_iceberg-spark-runtime-4.0_2.13-1.10.1.jar with timestamp 1776089147948
[2026-04-13T14:05:50.617+0000] {subprocess.py:106} INFO - 26/04/13 14:05:50 INFO SparkContext: Added file file:///home/spark/.ivy2.5.2/jars/org.apache.iceberg_iceberg-spark-runtime-4.0_2.13-1.10.1.jar at file:///home/spark/.ivy2.5.2/jars/org.apache.iceberg_iceberg-spark-runtime-4.0_2.13-1.10.1.jar with timestamp 1776089147948
[2026-04-13T14:05:50.624+0000] {subprocess.py:106} INFO - 26/04/13 14:05:50 INFO Utils: Copying /home/spark/.ivy2.5.2/jars/org.apache.iceberg_iceberg-spark-runtime-4.0_2.13-1.10.1.jar to /tmp/spark-865f2e60-86d8-4124-98c0-410d84360b88/userFiles-e63bb38e-ddef-4d6d-b277-85acc0f955ca/org.apache.iceberg_iceberg-spark-runtime-4.0_2.13-1.10.1.jar
[2026-04-13T14:05:54.455+0000] {subprocess.py:106} INFO - 26/04/13 14:05:54 INFO SecurityManager: Changing view acls to: spark
[2026-04-13T14:05:54.456+0000] {subprocess.py:106} INFO - 26/04/13 14:05:54 INFO SecurityManager: Changing modify acls to: spark
[2026-04-13T14:05:54.457+0000] {subprocess.py:106} INFO - 26/04/13 14:05:54 INFO SecurityManager: Changing view acls groups to: spark
[2026-04-13T14:05:54.458+0000] {subprocess.py:106} INFO - 26/04/13 14:05:54 INFO SecurityManager: Changing modify acls groups to: spark
[2026-04-13T14:05:54.460+0000] {subprocess.py:106} INFO - 26/04/13 14:05:54 INFO SecurityManager: SecurityManager: authentication disabled; ui acls disabled; users with view permissions: spark groups with view permissions: EMPTY; users with modify permissions: spark; groups with modify permissions: EMPTY; RPC SSL disabled
[2026-04-13T14:05:55.058+0000] {subprocess.py:106} INFO - 26/04/13 14:05:55 INFO Executor: Starting executor ID driver on host spark-master
[2026-04-13T14:05:55.060+0000] {subprocess.py:106} INFO - 26/04/13 14:05:55 INFO Executor: OS info Linux, 6.6.87.2-microsoft-standard-WSL2, amd64
[2026-04-13T14:05:55.061+0000] {subprocess.py:106} INFO - 26/04/13 14:05:55 INFO Executor: Java version 21.0.10
[2026-04-13T14:05:55.143+0000] {subprocess.py:106} INFO - 26/04/13 14:05:55 INFO Executor: Starting executor with user classpath (userClassPathFirst = false): ''
[2026-04-13T14:05:55.159+0000] {subprocess.py:106} INFO - 26/04/13 14:05:55 INFO Executor: Created or updated repl class loader org.apache.spark.util.MutableURLClassLoader@6ca2b3d1 for default.
[2026-04-13T14:05:55.197+0000] {subprocess.py:106} INFO - 26/04/13 14:05:55 INFO Executor: Fetching file:///home/spark/.ivy2.5.2/jars/org.apache.iceberg_iceberg-spark-runtime-4.0_2.13-1.10.1.jar with timestamp 1776089147948
[2026-04-13T14:05:55.336+0000] {subprocess.py:106} INFO - 26/04/13 14:05:55 INFO Utils: /home/spark/.ivy2.5.2/jars/org.apache.iceberg_iceberg-spark-runtime-4.0_2.13-1.10.1.jar has been previously copied to /tmp/spark-865f2e60-86d8-4124-98c0-410d84360b88/userFiles-e63bb38e-ddef-4d6d-b277-85acc0f955ca/org.apache.iceberg_iceberg-spark-runtime-4.0_2.13-1.10.1.jar
[2026-04-13T14:05:55.363+0000] {subprocess.py:106} INFO - 26/04/13 14:05:55 INFO Executor: Fetching spark://spark-master:37273/jars/org.apache.iceberg_iceberg-spark-runtime-4.0_2.13-1.10.1.jar with timestamp 1776089147948
[2026-04-13T14:05:55.529+0000] {subprocess.py:106} INFO - 26/04/13 14:05:55 INFO TransportClientFactory: Successfully created connection to spark-master/172.20.0.5:37273 after 108 ms (0 ms spent in bootstraps)
[2026-04-13T14:05:55.559+0000] {subprocess.py:106} INFO - 26/04/13 14:05:55 INFO Utils: Fetching spark://spark-master:37273/jars/org.apache.iceberg_iceberg-spark-runtime-4.0_2.13-1.10.1.jar to /tmp/spark-865f2e60-86d8-4124-98c0-410d84360b88/userFiles-e63bb38e-ddef-4d6d-b277-85acc0f955ca/fetchFileTemp4529438334899204771.tmp
[2026-04-13T14:05:56.217+0000] {subprocess.py:106} INFO - 26/04/13 14:05:56 INFO Utils: /tmp/spark-865f2e60-86d8-4124-98c0-410d84360b88/userFiles-e63bb38e-ddef-4d6d-b277-85acc0f955ca/fetchFileTemp4529438334899204771.tmp has been previously copied to /tmp/spark-865f2e60-86d8-4124-98c0-410d84360b88/userFiles-e63bb38e-ddef-4d6d-b277-85acc0f955ca/org.apache.iceberg_iceberg-spark-runtime-4.0_2.13-1.10.1.jar
[2026-04-13T14:05:56.249+0000] {subprocess.py:106} INFO - 26/04/13 14:05:56 INFO Executor: Adding file:/tmp/spark-865f2e60-86d8-4124-98c0-410d84360b88/userFiles-e63bb38e-ddef-4d6d-b277-85acc0f955ca/org.apache.iceberg_iceberg-spark-runtime-4.0_2.13-1.10.1.jar to class loader default
[2026-04-13T14:05:56.314+0000] {subprocess.py:106} INFO - 26/04/13 14:05:56 INFO Utils: Successfully started service 'org.apache.spark.network.netty.NettyBlockTransferService' on port 39617.
[2026-04-13T14:05:56.315+0000] {subprocess.py:106} INFO - 26/04/13 14:05:56 INFO NettyBlockTransferService: Server created on spark-master:39617
[2026-04-13T14:05:56.323+0000] {subprocess.py:106} INFO - 26/04/13 14:05:56 INFO BlockManager: Using org.apache.spark.storage.RandomBlockReplicationPolicy for block replication policy
[2026-04-13T14:05:56.379+0000] {subprocess.py:106} INFO - 26/04/13 14:05:56 INFO BlockManagerMaster: Registering BlockManager BlockManagerId(driver, spark-master, 39617, None)
[2026-04-13T14:05:56.398+0000] {subprocess.py:106} INFO - 26/04/13 14:05:56 INFO BlockManagerMasterEndpoint: Registering block manager spark-master:39617 with 1048.8 MiB RAM, BlockManagerId(driver, spark-master, 39617, None)
[2026-04-13T14:05:56.405+0000] {subprocess.py:106} INFO - 26/04/13 14:05:56 INFO BlockManagerMaster: Registered BlockManager BlockManagerId(driver, spark-master, 39617, None)
[2026-04-13T14:05:56.409+0000] {subprocess.py:106} INFO - 26/04/13 14:05:56 INFO BlockManager: Initialized BlockManager: BlockManagerId(driver, spark-master, 39617, None)
[2026-04-13T14:06:06.060+0000] {subprocess.py:106} INFO - Đọc dữ liệu Silver từ iceberg.air_quality_db.air_quality_silver
[2026-04-13T14:06:06.166+0000] {subprocess.py:106} INFO - 26/04/13 14:06:06 INFO SharedState: spark.sql.warehouse.dir is not set, but hive.metastore.warehouse.dir is set. Setting spark.sql.warehouse.dir to the value of hive.metastore.warehouse.dir.
[2026-04-13T14:06:08.145+0000] {subprocess.py:106} INFO - 26/04/13 14:06:08 INFO SharedState: Warehouse path is 'hdfs://23133083thuyvan-master:9000/user/hive/lakehouse'.
[2026-04-13T14:06:21.119+0000] {subprocess.py:106} INFO - 26/04/13 14:06:21 INFO CatalogUtil: Loading custom FileIO implementation: org.apache.iceberg.hadoop.HadoopFileIO
[2026-04-13T14:06:22.385+0000] {subprocess.py:106} INFO - 26/04/13 14:06:22 INFO HiveConf: Found configuration file file:/home/spark/spark/conf/hive-site.xml
[2026-04-13T14:06:24.454+0000] {subprocess.py:106} INFO - 26/04/13 14:06:24 INFO metastore: Trying to connect to metastore with URI thrift://23133083thuyvan-master:9083
[2026-04-13T14:06:24.845+0000] {subprocess.py:106} INFO - 26/04/13 14:06:24 INFO metastore: Opened a connection to metastore, current connections: 1
[2026-04-13T14:06:25.296+0000] {subprocess.py:106} INFO - 26/04/13 14:06:25 INFO metastore: Connected to metastore.
[2026-04-13T14:06:30.866+0000] {subprocess.py:106} INFO - 26/04/13 14:06:30 INFO BaseMetastoreTableOperations: Refreshing table metadata from new version: hdfs://23133083thuyvan-master:9000/user/hive/lakehouse/silver/air_quality_silver/metadata/00003-8e71d277-3336-4b24-8390-00b46931a63f.metadata.json
[2026-04-13T14:06:45.881+0000] {subprocess.py:106} INFO - 26/04/13 14:06:45 INFO BaseMetastoreCatalog: Table loaded by catalog: iceberg.air_quality_db.air_quality_silver
[2026-04-13T14:06:58.866+0000] {subprocess.py:106} INFO - 26/04/13 14:06:58 INFO BaseMetastoreTableOperations: Refreshing table metadata from new version: hdfs://23133083thuyvan-master:9000/user/hive/lakehouse/gold/ml/air_quality_gold/metadata/00008-1db34c02-ebd6-4f61-b688-2676fd27f1fb.metadata.json
[2026-04-13T14:06:59.732+0000] {subprocess.py:106} INFO - 26/04/13 14:06:59 INFO BaseMetastoreCatalog: Table loaded by catalog: iceberg.air_quality_ml.air_quality_gold
[2026-04-13T14:06:59.817+0000] {subprocess.py:106} INFO - Bảng đã tồn tại, append dữ liệu vào iceberg.air_quality_ml.air_quality_gold
[2026-04-13T14:07:00.472+0000] {subprocess.py:106} INFO - 26/04/13 14:07:00 INFO V2ScanRelationPushDown:
[2026-04-13T14:07:00.474+0000] {subprocess.py:106} INFO - Output: timestamp#94, location#95, latitude#96, longitude#97, country#98, condition_text#99, timezone#100, temperature_2m#101, relative_humidity_2m#102, apparent_temperature#103, precipitation#104, cloud_cover#105, wind_speed_10m#106, wind_direction_10m#107, wind_gusts_10m#108, uv_index#109, weather_code#110, european_aqi#111, us_aqi#112, us_aqi_index#113, aqi_label#114, pm10#115, pm2_5#116, carbon_monoxide#117, nitrogen_dioxide#118, sulphur_dioxide#119, ozone#120, processing_time#121, data_source#122
[2026-04-13T14:07:00.484+0000] {subprocess.py:106} INFO - 
[2026-04-13T14:07:00.560+0000] {subprocess.py:106} INFO - 26/04/13 14:07:00 INFO SnapshotScan: Scanning table iceberg.air_quality_db.air_quality_silver snapshot 4518274335865062319 created at 2026-04-13T11:48:03.562+00:00 with filter true
[2026-04-13T14:07:01.870+0000] {subprocess.py:106} INFO - 26/04/13 14:07:01 INFO BaseDistributedDataScan: Planning file tasks locally for table iceberg.air_quality_db.air_quality_silver
[2026-04-13T14:07:02.371+0000] {subprocess.py:106} INFO - 26/04/13 14:07:02 INFO SparkPartitioningAwareScan: Reporting UnknownPartitioning with 15 partition(s) for table iceberg.air_quality_db.air_quality_silver
[2026-04-13T14:07:02.797+0000] {subprocess.py:106} INFO - 26/04/13 14:07:02 INFO MemoryStore: MemoryStore started with capacity 1048.8 MiB
[2026-04-13T14:07:02.892+0000] {subprocess.py:106} INFO - 26/04/13 14:07:02 INFO MemoryStore: Block broadcast_0 stored as values in memory (estimated size 32.0 KiB, free 1048.8 MiB)
[2026-04-13T14:07:03.265+0000] {subprocess.py:106} INFO - 26/04/13 14:07:03 INFO MemoryStore: Block broadcast_0_piece0 stored as bytes in memory (estimated size 34.8 KiB, free 1048.7 MiB)
[2026-04-13T14:07:03.288+0000] {subprocess.py:106} INFO - 26/04/13 14:07:03 INFO SparkContext: Created broadcast 0 from broadcast at SparkBatch.java:87
[2026-04-13T14:07:03.399+0000] {subprocess.py:106} INFO - 26/04/13 14:07:03 INFO MemoryStore: Block broadcast_1 stored as values in memory (estimated size 32.0 KiB, free 1048.7 MiB)
[2026-04-13T14:07:03.414+0000] {subprocess.py:106} INFO - 26/04/13 14:07:03 INFO MemoryStore: Block broadcast_1_piece0 stored as bytes in memory (estimated size 34.9 KiB, free 1048.7 MiB)
[2026-04-13T14:07:03.417+0000] {subprocess.py:106} INFO - 26/04/13 14:07:03 INFO SparkContext: Created broadcast 1 from broadcast at SparkBatch.java:87
[2026-04-13T14:07:03.528+0000] {subprocess.py:106} INFO - 26/04/13 14:07:03 WARN SparkStringUtils: Truncated the string representation of a plan since it was too large. This behavior can be adjusted by setting 'spark.sql.debug.maxToStringFields'.
[2026-04-13T14:07:04.789+0000] {subprocess.py:106} INFO - 26/04/13 14:07:04 INFO CodeGenerator: Code generated in 798.786907 ms
[2026-04-13T14:07:04.992+0000] {subprocess.py:106} INFO - 26/04/13 14:07:04 INFO MemoryStore: Block broadcast_2 stored as values in memory (estimated size 32.0 KiB, free 1048.6 MiB)
[2026-04-13T14:07:05.007+0000] {subprocess.py:106} INFO - 26/04/13 14:07:05 INFO MemoryStore: Block broadcast_2_piece0 stored as bytes in memory (estimated size 34.8 KiB, free 1048.6 MiB)
[2026-04-13T14:07:05.011+0000] {subprocess.py:106} INFO - 26/04/13 14:07:05 INFO SparkContext: Created broadcast 2 from broadcast at SparkWrite.java:198
[2026-04-13T14:07:05.023+0000] {subprocess.py:106} INFO - 26/04/13 14:07:05 INFO AppendDataExec: Start processing data source write support: IcebergBatchWrite(table=iceberg.air_quality_ml.air_quality_gold, format=PARQUET). The input RDD has 15} partitions.
[2026-04-13T14:07:05.122+0000] {subprocess.py:106} INFO - 26/04/13 14:07:05 INFO SparkContext: Starting job: append at NativeMethodAccessorImpl.java:0
[2026-04-13T14:07:05.221+0000] {subprocess.py:106} INFO - 26/04/13 14:07:05 INFO DAGScheduler: Got job 0 (append at NativeMethodAccessorImpl.java:0) with 15 output partitions
[2026-04-13T14:07:05.226+0000] {subprocess.py:106} INFO - 26/04/13 14:07:05 INFO DAGScheduler: Final stage: ResultStage 0 (append at NativeMethodAccessorImpl.java:0)
[2026-04-13T14:07:05.229+0000] {subprocess.py:106} INFO - 26/04/13 14:07:05 INFO DAGScheduler: Parents of final stage: List()
[2026-04-13T14:07:05.234+0000] {subprocess.py:106} INFO - 26/04/13 14:07:05 INFO DAGScheduler: Missing parents: List()
[2026-04-13T14:07:05.245+0000] {subprocess.py:106} INFO - 26/04/13 14:07:05 INFO DAGScheduler: Submitting ResultStage 0 (MapPartitionsRDD[2] at append at NativeMethodAccessorImpl.java:0), which has no missing parents
[2026-04-13T14:07:05.383+0000] {subprocess.py:106} INFO - 26/04/13 14:07:05 INFO MemoryStore: Block broadcast_3 stored as values in memory (estimated size 33.8 KiB, free 1048.6 MiB)
[2026-04-13T14:07:05.400+0000] {subprocess.py:106} INFO - 26/04/13 14:07:05 INFO MemoryStore: Block broadcast_3_piece0 stored as bytes in memory (estimated size 10.3 KiB, free 1048.6 MiB)
[2026-04-13T14:07:05.402+0000] {subprocess.py:106} INFO - 26/04/13 14:07:05 INFO SparkContext: Created broadcast 3 from broadcast at DAGScheduler.scala:1676
[2026-04-13T14:07:05.446+0000] {subprocess.py:106} INFO - 26/04/13 14:07:05 INFO DAGScheduler: Submitting 15 missing tasks from ResultStage 0 (MapPartitionsRDD[2] at append at NativeMethodAccessorImpl.java:0) (first 15 tasks are for partitions Vector(0, 1, 2, 3, 4, 5, 6, 7, 8, 9, 10, 11, 12, 13, 14))
[2026-04-13T14:07:05.456+0000] {subprocess.py:106} INFO - 26/04/13 14:07:05 INFO TaskSchedulerImpl: Adding task set 0.0 with 15 tasks resource profile 0
[2026-04-13T14:07:05.628+0000] {subprocess.py:106} INFO - 26/04/13 14:07:05 INFO TaskSetManager: Starting task 0.0 in stage 0.0 (TID 0) (spark-master,executor driver, partition 0, ANY, 22261 bytes)
[2026-04-13T14:07:05.647+0000] {subprocess.py:106} INFO - 26/04/13 14:07:05 INFO TaskSetManager: Starting task 1.0 in stage 0.0 (TID 1) (spark-master,executor driver, partition 1, ANY, 21826 bytes)
[2026-04-13T14:07:05.652+0000] {subprocess.py:106} INFO - 26/04/13 14:07:05 INFO TaskSetManager: Starting task 2.0 in stage 0.0 (TID 2) (spark-master,executor driver, partition 2, ANY, 21807 bytes)
[2026-04-13T14:07:05.656+0000] {subprocess.py:106} INFO - 26/04/13 14:07:05 INFO TaskSetManager: Starting task 3.0 in stage 0.0 (TID 3) (spark-master,executor driver, partition 3, ANY, 22281 bytes)
[2026-04-13T14:07:05.660+0000] {subprocess.py:106} INFO - 26/04/13 14:07:05 INFO TaskSetManager: Starting task 4.0 in stage 0.0 (TID 4) (spark-master,executor driver, partition 4, ANY, 22259 bytes)
[2026-04-13T14:07:05.664+0000] {subprocess.py:106} INFO - 26/04/13 14:07:05 INFO TaskSetManager: Starting task 5.0 in stage 0.0 (TID 5) (spark-master,executor driver, partition 5, ANY, 21812 bytes)
[2026-04-13T14:07:05.667+0000] {subprocess.py:106} INFO - 26/04/13 14:07:05 INFO TaskSetManager: Starting task 6.0 in stage 0.0 (TID 6) (spark-master,executor driver, partition 6, ANY, 21810 bytes)
[2026-04-13T14:07:05.671+0000] {subprocess.py:106} INFO - 26/04/13 14:07:05 INFO TaskSetManager: Starting task 7.0 in stage 0.0 (TID 7) (spark-master,executor driver, partition 7, ANY, 22276 bytes)
[2026-04-13T14:07:05.674+0000] {subprocess.py:106} INFO - 26/04/13 14:07:05 INFO TaskSetManager: Starting task 8.0 in stage 0.0 (TID 8) (spark-master,executor driver, partition 8, ANY, 22256 bytes)
[2026-04-13T14:07:05.679+0000] {subprocess.py:106} INFO - 26/04/13 14:07:05 INFO TaskSetManager: Starting task 9.0 in stage 0.0 (TID 9) (spark-master,executor driver, partition 9, ANY, 22262 bytes)
[2026-04-13T14:07:05.682+0000] {subprocess.py:106} INFO - 26/04/13 14:07:05 INFO TaskSetManager: Starting task 10.0 in stage 0.0 (TID 10) (spark-master,executor driver, partition 10, ANY, 22258 bytes)
[2026-04-13T14:07:05.687+0000] {subprocess.py:106} INFO - 26/04/13 14:07:05 INFO TaskSetManager: Starting task 11.0 in stage 0.0 (TID 11) (spark-master,executor driver, partition 11, ANY, 22258 bytes)
[2026-04-13T14:07:05.691+0000] {subprocess.py:106} INFO - 26/04/13 14:07:05 INFO TaskSetManager: Starting task 12.0 in stage 0.0 (TID 12) (spark-master,executor driver, partition 12, ANY, 21808 bytes)
[2026-04-13T14:07:05.699+0000] {subprocess.py:106} INFO - 26/04/13 14:07:05 INFO TaskSetManager: Starting task 13.0 in stage 0.0 (TID 13) (spark-master,executor driver, partition 13, ANY, 21812 bytes)
[2026-04-13T14:07:05.705+0000] {subprocess.py:106} INFO - 26/04/13 14:07:05 INFO TaskSetManager: Starting task 14.0 in stage 0.0 (TID 14) (spark-master,executor driver, partition 14, ANY, 21355 bytes)
[2026-04-13T14:07:05.755+0000] {subprocess.py:106} INFO - 26/04/13 14:07:05 INFO Executor: Running task 2.0 in stage 0.0 (TID 2)
[2026-04-13T14:07:05.763+0000] {subprocess.py:106} INFO - 26/04/13 14:07:05 INFO Executor: Running task 3.0 in stage 0.0 (TID 3)
[2026-04-13T14:07:05.764+0000] {subprocess.py:106} INFO - 26/04/13 14:07:05 INFO Executor: Running task 6.0 in stage 0.0 (TID 6)
[2026-04-13T14:07:05.771+0000] {subprocess.py:106} INFO - 26/04/13 14:07:05 INFO Executor: Running task 5.0 in stage 0.0 (TID 5)
[2026-04-13T14:07:05.773+0000] {subprocess.py:106} INFO - 26/04/13 14:07:05 INFO Executor: Running task 9.0 in stage 0.0 (TID 9)
[2026-04-13T14:07:05.775+0000] {subprocess.py:106} INFO - 26/04/13 14:07:05 INFO Executor: Running task 4.0 in stage 0.0 (TID 4)
[2026-04-13T14:07:05.776+0000] {subprocess.py:106} INFO - 26/04/13 14:07:05 INFO Executor: Running task 0.0 in stage 0.0 (TID 0)
[2026-04-13T14:07:05.777+0000] {subprocess.py:106} INFO - 26/04/13 14:07:05 INFO Executor: Running task 10.0 in stage 0.0 (TID 10)
[2026-04-13T14:07:05.778+0000] {subprocess.py:106} INFO - 26/04/13 14:07:05 INFO Executor: Running task 7.0 in stage 0.0 (TID 7)
[2026-04-13T14:07:05.779+0000] {subprocess.py:106} INFO - 26/04/13 14:07:05 INFO Executor: Running task 1.0 in stage 0.0 (TID 1)
[2026-04-13T14:07:05.780+0000] {subprocess.py:106} INFO - 26/04/13 14:07:05 INFO Executor: Running task 11.0 in stage 0.0 (TID 11)
[2026-04-13T14:07:05.780+0000] {subprocess.py:106} INFO - 26/04/13 14:07:05 INFO Executor: Running task 12.0 in stage 0.0 (TID 12)
[2026-04-13T14:07:05.781+0000] {subprocess.py:106} INFO - 26/04/13 14:07:05 INFO Executor: Running task 8.0 in stage 0.0 (TID 8)
[2026-04-13T14:07:05.782+0000] {subprocess.py:106} INFO - 26/04/13 14:07:05 INFO Executor: Running task 14.0 in stage 0.0 (TID 14)
[2026-04-13T14:07:05.783+0000] {subprocess.py:106} INFO - 26/04/13 14:07:05 INFO Executor: Running task 13.0 in stage 0.0 (TID 13)
[2026-04-13T14:07:06.393+0000] {subprocess.py:106} INFO - 26/04/13 14:07:06 INFO CodeGenerator: Code generated in 184.575256 ms
[2026-04-13T14:07:06.678+0000] {subprocess.py:106} INFO - 26/04/13 14:07:06 INFO CodecPool: Got brand-new compressor [.zstd]
[2026-04-13T14:07:06.680+0000] {subprocess.py:106} INFO - 26/04/13 14:07:06 INFO CodecPool: Got brand-new compressor [.zstd]
[2026-04-13T14:07:06.681+0000] {subprocess.py:106} INFO - 26/04/13 14:07:06 INFO CodecPool: Got brand-new compressor [.zstd]
[2026-04-13T14:07:06.683+0000] {subprocess.py:106} INFO - 26/04/13 14:07:06 INFO CodecPool: Got brand-new compressor [.zstd]
[2026-04-13T14:07:06.684+0000] {subprocess.py:106} INFO - 26/04/13 14:07:06 INFO CodecPool: Got brand-new compressor [.zstd]
[2026-04-13T14:07:06.685+0000] {subprocess.py:106} INFO - 26/04/13 14:07:06 INFO CodecPool: Got brand-new compressor [.zstd]
[2026-04-13T14:07:06.687+0000] {subprocess.py:106} INFO - 26/04/13 14:07:06 INFO CodecPool: Got brand-new compressor [.zstd]
[2026-04-13T14:07:06.688+0000] {subprocess.py:106} INFO - 26/04/13 14:07:06 INFO CodecPool: Got brand-new compressor [.zstd]
[2026-04-13T14:07:06.689+0000] {subprocess.py:106} INFO - 26/04/13 14:07:06 INFO CodecPool: Got brand-new compressor [.zstd]
[2026-04-13T14:07:06.690+0000] {subprocess.py:106} INFO - 26/04/13 14:07:06 INFO CodecPool: Got brand-new compressor [.zstd]
[2026-04-13T14:07:06.691+0000] {subprocess.py:106} INFO - 26/04/13 14:07:06 INFO CodecPool: Got brand-new compressor [.zstd]
[2026-04-13T14:07:06.692+0000] {subprocess.py:106} INFO - 26/04/13 14:07:06 INFO CodecPool: Got brand-new compressor [.zstd]
[2026-04-13T14:07:06.693+0000] {subprocess.py:106} INFO - 26/04/13 14:07:06 INFO CodecPool: Got brand-new compressor [.zstd]
[2026-04-13T14:07:06.694+0000] {subprocess.py:106} INFO - 26/04/13 14:07:06 INFO CodecPool: Got brand-new compressor [.zstd]
[2026-04-13T14:07:06.695+0000] {subprocess.py:106} INFO - 26/04/13 14:07:06 INFO CodecPool: Got brand-new compressor [.zstd]
[2026-04-13T14:07:08.897+0000] {subprocess.py:106} INFO - 26/04/13 14:07:08 INFO VectorizedSparkParquetReaders: Enabling arrow.enable_unsafe_memory_access
[2026-04-13T14:07:08.898+0000] {subprocess.py:106} INFO - 26/04/13 14:07:08 INFO VectorizedSparkParquetReaders: Disabling arrow.enable_null_check_for_get
[2026-04-13T14:07:08.912+0000] {subprocess.py:106} INFO - 26/04/13 14:07:08 INFO BaseAllocator: Debug mode disabled. Enable with the VM option -Darrow.memory.debug.allocator=true.
[2026-04-13T14:07:08.917+0000] {subprocess.py:106} INFO - 26/04/13 14:07:08 INFO DefaultAllocationManagerOption: allocation manager type not specified, using netty as the default type
[2026-04-13T14:07:08.922+0000] {subprocess.py:106} INFO - 26/04/13 14:07:08 INFO CheckAllocator: Using DefaultAllocationManager at memory/DefaultAllocationManagerFactory.class
[2026-04-13T14:07:09.856+0000] {subprocess.py:106} INFO - 26/04/13 14:07:09 INFO CodecPool: Got brand-new decompressor [.zstd]
[2026-04-13T14:07:09.858+0000] {subprocess.py:106} INFO - 26/04/13 14:07:09 INFO CodecPool: Got brand-new decompressor [.zstd]
[2026-04-13T14:07:09.859+0000] {subprocess.py:106} INFO - 26/04/13 14:07:09 INFO CodecPool: Got brand-new decompressor [.zstd]
[2026-04-13T14:07:09.866+0000] {subprocess.py:106} INFO - 26/04/13 14:07:09 INFO CodecPool: Got brand-new decompressor [.zstd]
[2026-04-13T14:07:09.872+0000] {subprocess.py:106} INFO - 26/04/13 14:07:09 INFO CodecPool: Got brand-new decompressor [.zstd]
[2026-04-13T14:07:09.874+0000] {subprocess.py:106} INFO - 26/04/13 14:07:09 INFO CodecPool: Got brand-new decompressor [.zstd]
[2026-04-13T14:07:09.876+0000] {subprocess.py:106} INFO - 26/04/13 14:07:09 INFO CodecPool: Got brand-new decompressor [.zstd]
[2026-04-13T14:07:09.877+0000] {subprocess.py:106} INFO - 26/04/13 14:07:09 INFO CodecPool: Got brand-new decompressor [.zstd]
[2026-04-13T14:07:09.878+0000] {subprocess.py:106} INFO - 26/04/13 14:07:09 INFO CodecPool: Got brand-new decompressor [.zstd]
[2026-04-13T14:07:09.879+0000] {subprocess.py:106} INFO - 26/04/13 14:07:09 INFO CodecPool: Got brand-new decompressor [.zstd]
[2026-04-13T14:07:09.881+0000] {subprocess.py:106} INFO - 26/04/13 14:07:09 INFO CodecPool: Got brand-new decompressor [.zstd]
[2026-04-13T14:07:09.882+0000] {subprocess.py:106} INFO - 26/04/13 14:07:09 INFO CodecPool: Got brand-new decompressor [.zstd]
[2026-04-13T14:07:09.883+0000] {subprocess.py:106} INFO - 26/04/13 14:07:09 INFO CodecPool: Got brand-new decompressor [.zstd]
[2026-04-13T14:07:09.885+0000] {subprocess.py:106} INFO - 26/04/13 14:07:09 INFO CodecPool: Got brand-new decompressor [.zstd]
[2026-04-13T14:07:09.886+0000] {subprocess.py:106} INFO - 26/04/13 14:07:09 INFO CodecPool: Got brand-new decompressor [.zstd]
[2026-04-13T14:07:11.659+0000] {subprocess.py:106} INFO - 26/04/13 14:07:11 INFO CodecPool: Got brand-new decompressor [.zstd]
[2026-04-13T14:07:11.677+0000] {subprocess.py:106} INFO - 26/04/13 14:07:11 INFO CodecPool: Got brand-new decompressor [.zstd]
[2026-04-13T14:07:11.682+0000] {subprocess.py:106} INFO - 26/04/13 14:07:11 INFO CodecPool: Got brand-new decompressor [.zstd]
[2026-04-13T14:07:11.711+0000] {subprocess.py:106} INFO - 26/04/13 14:07:11 INFO CodecPool: Got brand-new decompressor [.zstd]
[2026-04-13T14:07:11.746+0000] {subprocess.py:106} INFO - 26/04/13 14:07:11 INFO CodecPool: Got brand-new decompressor [.zstd]
[2026-04-13T14:07:11.773+0000] {subprocess.py:106} INFO - 26/04/13 14:07:11 INFO CodecPool: Got brand-new decompressor [.zstd]
[2026-04-13T14:07:11.788+0000] {subprocess.py:106} INFO - 26/04/13 14:07:11 INFO CodecPool: Got brand-new decompressor [.zstd]
[2026-04-13T14:07:11.793+0000] {subprocess.py:106} INFO - 26/04/13 14:07:11 INFO CodecPool: Got brand-new decompressor [.zstd]
[2026-04-13T14:07:11.794+0000] {subprocess.py:106} INFO - 26/04/13 14:07:11 INFO CodecPool: Got brand-new decompressor [.zstd]
[2026-04-13T14:07:11.796+0000] {subprocess.py:106} INFO - 26/04/13 14:07:11 INFO CodecPool: Got brand-new decompressor [.zstd]
[2026-04-13T14:07:11.801+0000] {subprocess.py:106} INFO - 26/04/13 14:07:11 INFO CodecPool: Got brand-new decompressor [.zstd]
[2026-04-13T14:07:11.805+0000] {subprocess.py:106} INFO - 26/04/13 14:07:11 INFO CodecPool: Got brand-new decompressor [.zstd]
[2026-04-13T14:07:11.808+0000] {subprocess.py:106} INFO - 26/04/13 14:07:11 INFO CodecPool: Got brand-new decompressor [.zstd]
[2026-04-13T14:07:11.811+0000] {subprocess.py:106} INFO - 26/04/13 14:07:11 INFO CodecPool: Got brand-new decompressor [.zstd]
[2026-04-13T14:07:11.820+0000] {subprocess.py:106} INFO - 26/04/13 14:07:11 INFO CodecPool: Got brand-new decompressor [.zstd]
[2026-04-13T14:07:11.922+0000] {subprocess.py:106} INFO - 26/04/13 14:07:11 INFO CodecPool: Got brand-new decompressor [.zstd]
[2026-04-13T14:07:12.003+0000] {subprocess.py:106} INFO - 26/04/13 14:07:11 INFO CodecPool: Got brand-new decompressor [.zstd]
[2026-04-13T14:07:12.004+0000] {subprocess.py:106} INFO - 26/04/13 14:07:11 INFO CodecPool: Got brand-new decompressor [.zstd]
[2026-04-13T14:07:12.087+0000] {subprocess.py:106} INFO - 26/04/13 14:07:12 INFO CodecPool: Got brand-new decompressor [.zstd]
[2026-04-13T14:07:12.111+0000] {subprocess.py:106} INFO - 26/04/13 14:07:12 INFO CodecPool: Got brand-new decompressor [.zstd]
[2026-04-13T14:07:12.122+0000] {subprocess.py:106} INFO - 26/04/13 14:07:12 INFO CodecPool: Got brand-new decompressor [.zstd]
[2026-04-13T14:07:12.144+0000] {subprocess.py:106} INFO - 26/04/13 14:07:12 INFO CodecPool: Got brand-new decompressor [.zstd]
[2026-04-13T14:07:12.249+0000] {subprocess.py:106} INFO - 26/04/13 14:07:12 INFO CodecPool: Got brand-new decompressor [.zstd]
[2026-04-13T14:07:12.262+0000] {subprocess.py:106} INFO - 26/04/13 14:07:12 INFO CodecPool: Got brand-new decompressor [.zstd]
[2026-04-13T14:07:12.267+0000] {subprocess.py:106} INFO - 26/04/13 14:07:12 INFO CodecPool: Got brand-new decompressor [.zstd]
[2026-04-13T14:07:12.268+0000] {subprocess.py:106} INFO - 26/04/13 14:07:12 INFO CodecPool: Got brand-new decompressor [.zstd]
[2026-04-13T14:07:12.269+0000] {subprocess.py:106} INFO - 26/04/13 14:07:12 INFO CodecPool: Got brand-new decompressor [.zstd]
[2026-04-13T14:07:12.273+0000] {subprocess.py:106} INFO - 26/04/13 14:07:12 INFO CodecPool: Got brand-new decompressor [.zstd]
[2026-04-13T14:07:12.288+0000] {subprocess.py:106} INFO - 26/04/13 14:07:12 INFO CodecPool: Got brand-new decompressor [.zstd]
[2026-04-13T14:07:12.289+0000] {subprocess.py:106} INFO - 26/04/13 14:07:12 INFO CodecPool: Got brand-new decompressor [.zstd]
[2026-04-13T14:07:12.311+0000] {subprocess.py:106} INFO - 26/04/13 14:07:12 INFO CodecPool: Got brand-new decompressor [.zstd]
[2026-04-13T14:07:12.312+0000] {subprocess.py:106} INFO - 26/04/13 14:07:12 INFO DataWritingSparkTask: Writer for partition 1 is committing.
[2026-04-13T14:07:12.320+0000] {subprocess.py:106} INFO - 26/04/13 14:07:12 INFO CodecPool: Got brand-new decompressor [.zstd]
[2026-04-13T14:07:12.321+0000] {subprocess.py:106} INFO - 26/04/13 14:07:12 INFO CodecPool: Got brand-new decompressor [.zstd]
[2026-04-13T14:07:12.327+0000] {subprocess.py:106} INFO - 26/04/13 14:07:12 INFO DataWritingSparkTask: Writer for partition 11 is committing.
[2026-04-13T14:07:12.330+0000] {subprocess.py:106} INFO - 26/04/13 14:07:12 INFO CodecPool: Got brand-new decompressor [.zstd]
[2026-04-13T14:07:12.334+0000] {subprocess.py:106} INFO - 26/04/13 14:07:12 INFO CodecPool: Got brand-new decompressor [.zstd]
[2026-04-13T14:07:12.339+0000] {subprocess.py:106} INFO - 26/04/13 14:07:12 INFO DataWritingSparkTask: Writer for partition 0 is committing.
[2026-04-13T14:07:12.349+0000] {subprocess.py:106} INFO - 26/04/13 14:07:12 INFO DataWritingSparkTask: Writer for partition 14 is committing.
[2026-04-13T14:07:12.356+0000] {subprocess.py:106} INFO - 26/04/13 14:07:12 INFO CodecPool: Got brand-new decompressor [.zstd]
[2026-04-13T14:07:12.372+0000] {subprocess.py:106} INFO - 26/04/13 14:07:12 INFO DataWritingSparkTask: Writer for partition 3 is committing.
[2026-04-13T14:07:12.412+0000] {subprocess.py:106} INFO - 26/04/13 14:07:12 INFO DataWritingSparkTask: Writer for partition 6 is committing.
[2026-04-13T14:07:12.422+0000] {subprocess.py:106} INFO - 26/04/13 14:07:12 INFO CodecPool: Got brand-new decompressor [.zstd]
[2026-04-13T14:07:12.441+0000] {subprocess.py:106} INFO - 26/04/13 14:07:12 INFO CodecPool: Got brand-new decompressor [.zstd]
[2026-04-13T14:07:12.443+0000] {subprocess.py:106} INFO - 26/04/13 14:07:12 INFO CodecPool: Got brand-new decompressor [.zstd]
[2026-04-13T14:07:12.444+0000] {subprocess.py:106} INFO - 26/04/13 14:07:12 INFO CodecPool: Got brand-new decompressor [.zstd]
[2026-04-13T14:07:12.445+0000] {subprocess.py:106} INFO - 26/04/13 14:07:12 INFO DataWritingSparkTask: Writer for partition 2 is committing.
[2026-04-13T14:07:12.454+0000] {subprocess.py:106} INFO - 26/04/13 14:07:12 INFO CodecPool: Got brand-new decompressor [.zstd]
[2026-04-13T14:07:12.456+0000] {subprocess.py:106} INFO - 26/04/13 14:07:12 INFO CodecPool: Got brand-new decompressor [.zstd]
[2026-04-13T14:07:12.457+0000] {subprocess.py:106} INFO - 26/04/13 14:07:12 INFO CodecPool: Got brand-new decompressor [.zstd]
[2026-04-13T14:07:12.458+0000] {subprocess.py:106} INFO - 26/04/13 14:07:12 INFO CodecPool: Got brand-new decompressor [.zstd]
[2026-04-13T14:07:12.463+0000] {subprocess.py:106} INFO - 26/04/13 14:07:12 INFO CodecPool: Got brand-new decompressor [.zstd]
[2026-04-13T14:07:12.472+0000] {subprocess.py:106} INFO - 26/04/13 14:07:12 INFO DataWritingSparkTask: Writer for partition 10 is committing.
[2026-04-13T14:07:12.487+0000] {subprocess.py:106} INFO - 26/04/13 14:07:12 INFO DataWritingSparkTask: Writer for partition 9 is committing.
[2026-04-13T14:07:12.544+0000] {subprocess.py:106} INFO - 26/04/13 14:07:12 INFO DataWritingSparkTask: Writer for partition 7 is committing.
[2026-04-13T14:07:12.681+0000] {subprocess.py:106} INFO - 26/04/13 14:07:12 INFO DataWritingSparkTask: Writer for partition 5 is committing.
[2026-04-13T14:07:12.730+0000] {subprocess.py:106} INFO - 26/04/13 14:07:12 INFO DataWritingSparkTask: Writer for partition 4 is committing.
[2026-04-13T14:07:12.758+0000] {subprocess.py:106} INFO - 26/04/13 14:07:12 INFO DataWritingSparkTask: Writer for partition 8 is committing.
[2026-04-13T14:07:12.832+0000] {subprocess.py:106} INFO - 26/04/13 14:07:12 INFO DataWritingSparkTask: Writer for partition 13 is committing.
[2026-04-13T14:07:12.834+0000] {subprocess.py:106} INFO - 26/04/13 14:07:12 INFO DataWritingSparkTask: Writer for partition 12 is committing.
[2026-04-13T14:07:14.286+0000] {subprocess.py:106} INFO - 26/04/13 14:07:14 INFO DataWritingSparkTask: Committed partition 10 (task 10, attempt 0, stage 0.0)
[2026-04-13T14:07:14.289+0000] {subprocess.py:106} INFO - 26/04/13 14:07:14 INFO DataWritingSparkTask: Committed partition 6 (task 6, attempt 0, stage 0.0)
[2026-04-13T14:07:14.290+0000] {subprocess.py:106} INFO - 26/04/13 14:07:14 INFO DataWritingSparkTask: Committed partition 13 (task 13, attempt 0, stage 0.0)
[2026-04-13T14:07:14.292+0000] {subprocess.py:106} INFO - 26/04/13 14:07:14 INFO DataWritingSparkTask: Committed partition 11 (task 11, attempt 0, stage 0.0)
[2026-04-13T14:07:14.296+0000] {subprocess.py:106} INFO - 26/04/13 14:07:14 INFO DataWritingSparkTask: Committed partition 0 (task 0, attempt 0, stage 0.0)
[2026-04-13T14:07:14.300+0000] {subprocess.py:106} INFO - 26/04/13 14:07:14 INFO DataWritingSparkTask: Committed partition 3 (task 3, attempt 0, stage 0.0)
[2026-04-13T14:07:14.310+0000] {subprocess.py:106} INFO - 26/04/13 14:07:14 INFO DataWritingSparkTask: Committed partition 1 (task 1, attempt 0, stage 0.0)
[2026-04-13T14:07:14.315+0000] {subprocess.py:106} INFO - 26/04/13 14:07:14 INFO DataWritingSparkTask: Committed partition 4 (task 4, attempt 0, stage 0.0)
[2026-04-13T14:07:14.317+0000] {subprocess.py:106} INFO - 26/04/13 14:07:14 INFO DataWritingSparkTask: Committed partition 2 (task 2, attempt 0, stage 0.0)
[2026-04-13T14:07:14.318+0000] {subprocess.py:106} INFO - 26/04/13 14:07:14 INFO DataWritingSparkTask: Committed partition 5 (task 5, attempt 0, stage 0.0)
[2026-04-13T14:07:14.322+0000] {subprocess.py:106} INFO - 26/04/13 14:07:14 INFO DataWritingSparkTask: Committed partition 12 (task 12, attempt 0, stage 0.0)
[2026-04-13T14:07:14.324+0000] {subprocess.py:106} INFO - 26/04/13 14:07:14 INFO DataWritingSparkTask: Committed partition 7 (task 7, attempt 0, stage 0.0)
[2026-04-13T14:07:14.325+0000] {subprocess.py:106} INFO - 26/04/13 14:07:14 INFO DataWritingSparkTask: Committed partition 9 (task 9, attempt 0, stage 0.0)
[2026-04-13T14:07:14.343+0000] {subprocess.py:106} INFO - 26/04/13 14:07:14 INFO DataWritingSparkTask: Committed partition 14 (task 14, attempt 0, stage 0.0)
[2026-04-13T14:07:14.420+0000] {subprocess.py:106} INFO - 26/04/13 14:07:14 INFO Executor: Finished task 10.0 in stage 0.0 (TID 10). 9540 bytes result sent to driver
[2026-04-13T14:07:14.423+0000] {subprocess.py:106} INFO - 26/04/13 14:07:14 INFO Executor: Finished task 6.0 in stage 0.0 (TID 6). 9575 bytes result sent to driver
[2026-04-13T14:07:14.424+0000] {subprocess.py:106} INFO - 26/04/13 14:07:14 INFO Executor: Finished task 2.0 in stage 0.0 (TID 2). 9541 bytes result sent to driver
[2026-04-13T14:07:14.425+0000] {subprocess.py:106} INFO - 26/04/13 14:07:14 INFO Executor: Finished task 14.0 in stage 0.0 (TID 14). 9522 bytes result sent to driver
[2026-04-13T14:07:14.427+0000] {subprocess.py:106} INFO - 26/04/13 14:07:14 INFO Executor: Finished task 0.0 in stage 0.0 (TID 0). 9532 bytes result sent to driver
[2026-04-13T14:07:14.429+0000] {subprocess.py:106} INFO - 26/04/13 14:07:14 INFO Executor: Finished task 1.0 in stage 0.0 (TID 1). 9573 bytes result sent to driver
[2026-04-13T14:07:14.431+0000] {subprocess.py:106} INFO - 26/04/13 14:07:14 INFO Executor: Finished task 9.0 in stage 0.0 (TID 9). 9521 bytes result sent to driver
[2026-04-13T14:07:14.435+0000] {subprocess.py:106} INFO - 26/04/13 14:07:14 INFO Executor: Finished task 13.0 in stage 0.0 (TID 13). 9511 bytes result sent to driver
[2026-04-13T14:07:14.437+0000] {subprocess.py:106} INFO - 26/04/13 14:07:14 INFO Executor: Finished task 12.0 in stage 0.0 (TID 12). 9513 bytes result sent to driver
[2026-04-13T14:07:14.440+0000] {subprocess.py:106} INFO - 26/04/13 14:07:14 INFO Executor: Finished task 11.0 in stage 0.0 (TID 11). 9530 bytes result sent to driver
[2026-04-13T14:07:14.444+0000] {subprocess.py:106} INFO - 26/04/13 14:07:14 INFO Executor: Finished task 7.0 in stage 0.0 (TID 7). 9558 bytes result sent to driver
[2026-04-13T14:07:14.445+0000] {subprocess.py:106} INFO - 26/04/13 14:07:14 INFO Executor: Finished task 3.0 in stage 0.0 (TID 3). 9537 bytes result sent to driver
[2026-04-13T14:07:14.446+0000] {subprocess.py:106} INFO - 26/04/13 14:07:14 INFO Executor: Finished task 4.0 in stage 0.0 (TID 4). 9566 bytes result sent to driver
[2026-04-13T14:07:14.447+0000] {subprocess.py:106} INFO - 26/04/13 14:07:14 INFO Executor: Finished task 5.0 in stage 0.0 (TID 5). 9551 bytes result sent to driver
[2026-04-13T14:07:14.480+0000] {subprocess.py:106} INFO - 26/04/13 14:07:14 INFO TaskSetManager: Finished task 14.0 in stage 0.0 (TID 14) in 8771 ms on spark-master (executor driver) (1/15)
[2026-04-13T14:07:14.485+0000] {subprocess.py:106} INFO - 26/04/13 14:07:14 INFO TaskSetManager: Finished task 0.0 in stage 0.0 (TID 0) in 8960 ms on spark-master (executor driver) (2/15)
[2026-04-13T14:07:14.487+0000] {subprocess.py:106} INFO - 26/04/13 14:07:14 INFO TaskSetManager: Finished task 6.0 in stage 0.0 (TID 6) in 8820 ms on spark-master (executor driver) (3/15)
[2026-04-13T14:07:14.499+0000] {subprocess.py:106} INFO - 26/04/13 14:07:14 INFO TaskSetManager: Finished task 1.0 in stage 0.0 (TID 1) in 8845 ms on spark-master (executor driver) (4/15)
[2026-04-13T14:07:14.506+0000] {subprocess.py:106} INFO - 26/04/13 14:07:14 INFO TaskSetManager: Finished task 10.0 in stage 0.0 (TID 10) in 8820 ms on spark-master (executor driver) (5/15)
[2026-04-13T14:07:14.508+0000] {subprocess.py:106} INFO - 26/04/13 14:07:14 INFO TaskSetManager: Finished task 9.0 in stage 0.0 (TID 9) in 8828 ms on spark-master (executor driver) (6/15)
[2026-04-13T14:07:14.512+0000] {subprocess.py:106} INFO - 26/04/13 14:07:14 INFO TaskSetManager: Finished task 11.0 in stage 0.0 (TID 11) in 8821 ms on spark-master (executor driver) (7/15)
[2026-04-13T14:07:14.516+0000] {subprocess.py:106} INFO - 26/04/13 14:07:14 INFO TaskSetManager: Finished task 7.0 in stage 0.0 (TID 7) in 8837 ms on spark-master (executor driver) (8/15)
[2026-04-13T14:07:14.518+0000] {subprocess.py:106} INFO - 26/04/13 14:07:14 INFO TaskSetManager: Finished task 4.0 in stage 0.0 (TID 4) in 8852 ms on spark-master (executor driver) (9/15)
[2026-04-13T14:07:14.522+0000] {subprocess.py:106} INFO - 26/04/13 14:07:14 INFO TaskSetManager: Finished task 12.0 in stage 0.0 (TID 12) in 8826 ms on spark-master (executor driver) (10/15)
[2026-04-13T14:07:14.536+0000] {subprocess.py:106} INFO - 26/04/13 14:07:14 INFO TaskSetManager: Finished task 13.0 in stage 0.0 (TID 13) in 8837 ms on spark-master (executor driver) (11/15)
[2026-04-13T14:07:14.537+0000] {subprocess.py:106} INFO - 26/04/13 14:07:14 INFO TaskSetManager: Finished task 3.0 in stage 0.0 (TID 3) in 8881 ms on spark-master (executor driver) (12/15)
[2026-04-13T14:07:14.538+0000] {subprocess.py:106} INFO - 26/04/13 14:07:14 INFO TaskSetManager: Finished task 2.0 in stage 0.0 (TID 2) in 8890 ms on spark-master (executor driver) (13/15)
[2026-04-13T14:07:14.541+0000] {subprocess.py:106} INFO - 26/04/13 14:07:14 INFO TaskSetManager: Finished task 5.0 in stage 0.0 (TID 5) in 8878 ms on spark-master (executor driver) (14/15)
[2026-04-13T14:07:14.609+0000] {subprocess.py:106} INFO - 26/04/13 14:07:14 INFO DataWritingSparkTask: Committed partition 8 (task 8, attempt 0, stage 0.0)
[2026-04-13T14:07:14.613+0000] {subprocess.py:106} INFO - 26/04/13 14:07:14 INFO Executor: Finished task 8.0 in stage 0.0 (TID 8). 9470 bytes result sent to driver
[2026-04-13T14:07:14.622+0000] {subprocess.py:106} INFO - 26/04/13 14:07:14 INFO TaskSetManager: Finished task 8.0 in stage 0.0 (TID 8) in 8947 ms on spark-master (executor driver) (15/15)
[2026-04-13T14:07:14.632+0000] {subprocess.py:106} INFO - 26/04/13 14:07:14 INFO TaskSchedulerImpl: Removed TaskSet 0.0 whose tasks have all completed, from pool
[2026-04-13T14:07:15.543+0000] {subprocess.py:106} INFO - 26/04/13 14:07:14 INFO DAGScheduler: ResultStage 0 (append at NativeMethodAccessorImpl.java:0) finished in 9325 ms
[2026-04-13T14:07:15.674+0000] {subprocess.py:106} INFO - 26/04/13 14:07:15 INFO DAGScheduler: Job 0 is finished. Cancelling potential speculative or zombie tasks for this job
[2026-04-13T14:07:15.676+0000] {subprocess.py:106} INFO - 26/04/13 14:07:15 INFO TaskSchedulerImpl: Canceling stage 0
[2026-04-13T14:07:15.740+0000] {subprocess.py:106} INFO - 26/04/13 14:07:15 INFO TaskSchedulerImpl: Killing all running tasks in stage 0: Stage finished
[2026-04-13T14:07:15.790+0000] {subprocess.py:106} INFO - 26/04/13 14:07:15 INFO DAGScheduler: Job 0 finished: append at NativeMethodAccessorImpl.java:0, took 10594.251489 ms
[2026-04-13T14:07:15.854+0000] {subprocess.py:106} INFO - 26/04/13 14:07:15 INFO AppendDataExec: Data source write support IcebergBatchWrite(table=iceberg.air_quality_ml.air_quality_gold, format=PARQUET) is committing.
[2026-04-13T14:07:16.437+0000] {subprocess.py:106} INFO - 26/04/13 14:07:16 INFO SparkWrite: Committing append with 15 new data files to table iceberg.air_quality_ml.air_quality_gold
[2026-04-13T14:07:24.381+0000] {subprocess.py:106} INFO - 26/04/13 14:07:24 INFO HiveTableOperations: Committed to table iceberg.air_quality_ml.air_quality_gold with the new metadata location hdfs://23133083thuyvan-master:9000/user/hive/lakehouse/gold/ml/air_quality_gold/metadata/00009-be05bc97-353f-418c-b7d0-d0feee013940.metadata.json
[2026-04-13T14:07:24.387+0000] {subprocess.py:106} INFO - 26/04/13 14:07:24 INFO BaseMetastoreTableOperations: Successfully committed to table iceberg.air_quality_ml.air_quality_gold in 4841 ms
[2026-04-13T14:07:24.389+0000] {subprocess.py:106} INFO - 26/04/13 14:07:24 INFO SnapshotProducer: Committed snapshot 1426318186836647650 (MergeAppend)
[2026-04-13T14:07:24.523+0000] {subprocess.py:106} INFO - 26/04/13 14:07:24 INFO BaseMetastoreTableOperations: Refreshing table metadata from new version: hdfs://23133083thuyvan-master:9000/user/hive/lakehouse/gold/ml/air_quality_gold/metadata/00009-be05bc97-353f-418c-b7d0-d0feee013940.metadata.json
[2026-04-13T14:07:24.681+0000] {subprocess.py:106} INFO - 26/04/13 14:07:24 INFO LoggingMetricsReporter: Received metrics report: CommitReport{tableName=iceberg.air_quality_ml.air_quality_gold, snapshotId=1426318186836647650, sequenceNumber=10, operation=append, commitMetrics=CommitMetricsResult{totalDuration=TimerResult{timeUnit=NANOSECONDS, totalDuration=PT7.964666378S, count=1}, attempts=CounterResult{unit=COUNT, value=1}, addedDataFiles=CounterResult{unit=COUNT, value=15}, removedDataFiles=null, totalDataFiles=CounterResult{unit=COUNT, value=150}, addedDeleteFiles=null, addedEqualityDeleteFiles=null, addedPositionalDeleteFiles=null, addedDVs=null, removedDeleteFiles=null, removedEqualityDeleteFiles=null, removedPositionalDeleteFiles=null, removedDVs=null, totalDeleteFiles=CounterResult{unit=COUNT, value=0}, addedRecords=CounterResult{unit=COUNT, value=100}, removedRecords=null, totalRecords=CounterResult{unit=COUNT, value=1000}, addedFilesSizeInBytes=CounterResult{unit=BYTES, value=147675}, removedFilesSizeInBytes=null, totalFilesSizeInBytes=CounterResult{unit=BYTES, value=1463310}, addedPositionalDeletes=null, removedPositionalDeletes=null, totalPositionalDeletes=CounterResult{unit=COUNT, value=0}, addedEqualityDeletes=null, removedEqualityDeletes=null, totalEqualityDeletes=CounterResult{unit=COUNT, value=0}, manifestsCreated=null, manifestsReplaced=null, manifestsKept=null, manifestEntriesProcessed=null}, metadata={engine-version=4.0.2, app-id=local-1776089154540, engine-name=spark, iceberg-version=Apache Iceberg 1.10.1 (commit ccb8bc435062171e64bc8b7e5f56e6aed9c5b934)}}
[2026-04-13T14:07:24.688+0000] {subprocess.py:106} INFO - 26/04/13 14:07:24 INFO SparkWrite: Committed in 8194 ms
[2026-04-13T14:07:24.690+0000] {subprocess.py:106} INFO - 26/04/13 14:07:24 INFO AppendDataExec: Data source write support IcebergBatchWrite(table=iceberg.air_quality_ml.air_quality_gold, format=PARQUET) committed.
[2026-04-13T14:07:24.799+0000] {subprocess.py:106} INFO - Dữ liệu đã được append vào iceberg.air_quality_ml.air_quality_gold.
[2026-04-13T14:07:24.801+0000] {subprocess.py:106} INFO - ETL from Silver to Gold completed!
[2026-04-13T14:07:24.858+0000] {subprocess.py:106} INFO - 26/04/13 14:07:24 INFO SparkContext: SparkContext is stopping with exitCode 0 from stop at NativeMethodAccessorImpl.java:0.
[2026-04-13T14:07:25.146+0000] {subprocess.py:106} INFO - 26/04/13 14:07:25 INFO SparkUI: Stopped Spark web UI at http://spark-master:4040
[2026-04-13T14:07:25.378+0000] {subprocess.py:106} INFO - 26/04/13 14:07:25 INFO MapOutputTrackerMasterEndpoint: MapOutputTrackerMasterEndpoint stopped!
[2026-04-13T14:07:25.887+0000] {subprocess.py:106} INFO - 26/04/13 14:07:25 INFO MemoryStore: MemoryStore cleared
[2026-04-13T14:07:25.897+0000] {subprocess.py:106} INFO - 26/04/13 14:07:25 INFO BlockManager: BlockManager stopped
[2026-04-13T14:07:25.988+0000] {subprocess.py:106} INFO - 26/04/13 14:07:25 INFO BlockManagerMaster: BlockManagerMaster stopped
[2026-04-13T14:07:26.017+0000] {subprocess.py:106} INFO - 26/04/13 14:07:26 INFO OutputCommitCoordinator$OutputCommitCoordinatorEndpoint: OutputCommitCoordinator stopped!
[2026-04-13T14:07:26.161+0000] {subprocess.py:106} INFO - 26/04/13 14:07:26 INFO SparkContext: Successfully stopped SparkContext
[2026-04-13T14:07:31.129+0000] {subprocess.py:106} INFO - 26/04/13 14:07:31 INFO ShutdownHookManager: Shutdown hook called
[2026-04-13T14:07:31.135+0000] {subprocess.py:106} INFO - 26/04/13 14:07:31 INFO ShutdownHookManager: Deleting directory /tmp/spark-a7d47ccb-cadc-4c01-beff-dfca446da1a5
[2026-04-13T14:07:31.148+0000] {subprocess.py:106} INFO - 26/04/13 14:07:31 INFO ShutdownHookManager: Deleting directory /tmp/spark-865f2e60-86d8-4124-98c0-410d84360b88
[2026-04-13T14:07:31.164+0000] {subprocess.py:106} INFO - 26/04/13 14:07:31 INFO ShutdownHookManager: Deleting directory /tmp/artifacts-d51b1b7c-7607-4c5c-86c4-e714372dd8ca
[2026-04-13T14:07:31.174+0000] {subprocess.py:106} INFO - 26/04/13 14:07:31 INFO ShutdownHookManager: Deleting directory /tmp/spark-865f2e60-86d8-4124-98c0-410d84360b88/pyspark-602e4db1-ad36-44d1-bcb2-6de8618d03e6
[2026-04-13T14:07:32.344+0000] {subprocess.py:110} INFO - Command exited with return code 0
[2026-04-13T14:07:33.417+0000] {taskinstance.py:340} INFO - ::group::Post task execution logs
[2026-04-13T14:07:33.431+0000] {taskinstance.py:352} INFO - Marking task as SUCCESS. dag_id=predict_aqi, task_id=silver_to_gold, run_id=scheduled__2026-04-13T11:00:00+00:00, execution_date=20260413T110000, start_date=20260413T140535, end_date=20260413T140733
[2026-04-13T14:07:33.694+0000] {local_task_job_runner.py:266} INFO - Task exited with return code 0
[2026-04-13T14:07:34.061+0000] {taskinstance.py:3895} INFO - 1 downstream tasks scheduled from follow-on schedule check
[2026-04-13T14:07:34.072+0000] {local_task_job_runner.py:245} INFO - ::endgroup::
