[2026-04-13T13:04:42.507+0000] {local_task_job_runner.py:123} INFO - ::group::Pre task execution logs
[2026-04-13T13:04:42.588+0000] {taskinstance.py:2613} INFO - Dependencies all met for dep_context=non-requeueable deps ti=<TaskInstance: predict_aqi.silver_to_gold scheduled__2026-04-13T11:00:00+00:00 [queued]>
[2026-04-13T13:04:42.622+0000] {taskinstance.py:2613} INFO - Dependencies all met for dep_context=requeueable deps ti=<TaskInstance: predict_aqi.silver_to_gold scheduled__2026-04-13T11:00:00+00:00 [queued]>
[2026-04-13T13:04:42.623+0000] {taskinstance.py:2866} INFO - Starting attempt 1 of 3
[2026-04-13T13:04:42.670+0000] {taskinstance.py:2889} INFO - Executing <Task(BashOperator): silver_to_gold> on 2026-04-13 11:00:00+00:00
[2026-04-13T13:04:42.685+0000] {standard_task_runner.py:104} INFO - Running: ['airflow', 'tasks', 'run', 'predict_aqi', 'silver_to_gold', 'scheduled__2026-04-13T11:00:00+00:00', '--job-id', '131', '--raw', '--subdir', 'DAGS_FOLDER/dag_ml.py', '--cfg-path', '/tmp/tmp91ut95c6']
[2026-04-13T13:04:42.688+0000] {standard_task_runner.py:105} INFO - Job 131: Subtask silver_to_gold
[2026-04-13T13:04:42.698+0000] {logging_mixin.py:190} WARNING - /home/airflow/airflow/venv/lib/python3.12/site-packages/airflow/task/task_runner/standard_task_runner.py:70 DeprecationWarning: This process (pid=35273) is multi-threaded, use of fork() may lead to deadlocks in the child.
[2026-04-13T13:04:42.699+0000] {standard_task_runner.py:72} INFO - Started process 35410 to run task
[2026-04-13T13:04:42.800+0000] {task_command.py:467} INFO - Running <TaskInstance: predict_aqi.silver_to_gold scheduled__2026-04-13T11:00:00+00:00 [running]> on host airflow
[2026-04-13T13:04:43.105+0000] {taskinstance.py:3132} INFO - Exporting env vars: AIRFLOW_CTX_DAG_OWNER='airflow' AIRFLOW_CTX_DAG_ID='predict_aqi' AIRFLOW_CTX_TASK_ID='silver_to_gold' AIRFLOW_CTX_EXECUTION_DATE='2026-04-13T11:00:00+00:00' AIRFLOW_CTX_TRY_NUMBER='1' AIRFLOW_CTX_DAG_RUN_ID='scheduled__2026-04-13T11:00:00+00:00'
[2026-04-13T13:04:43.107+0000] {taskinstance.py:731} INFO - ::endgroup::
[2026-04-13T13:04:43.176+0000] {subprocess.py:78} INFO - Tmp dir root location: /tmp
[2026-04-13T13:04:43.178+0000] {subprocess.py:88} INFO - Running command: ['/usr/bin/bash', '-c', '\n            docker exec spark-master spark-submit                 --packages org.apache.iceberg:iceberg-spark-runtime-4.0_2.13:1.10.1                 /home/spark/spark/spark_jobs/silver_to_gold.py 2026-04-13\n        ']
[2026-04-13T13:04:43.190+0000] {subprocess.py:99} INFO - Output:
[2026-04-13T13:04:44.513+0000] {subprocess.py:106} INFO - WARNING: Using incubator modules: jdk.incubator.vector
[2026-04-13T13:04:48.761+0000] {subprocess.py:106} INFO - :: loading settings :: url = jar:file:/home/spark/spark/jars/ivy-2.5.3.jar!/org/apache/ivy/core/settings/ivysettings.xml
[2026-04-13T13:04:48.905+0000] {subprocess.py:106} INFO - Ivy Default Cache set to: /home/spark/.ivy2.5.2/cache
[2026-04-13T13:04:48.906+0000] {subprocess.py:106} INFO - The jars for the packages stored in: /home/spark/.ivy2.5.2/jars
[2026-04-13T13:04:48.930+0000] {subprocess.py:106} INFO - org.apache.iceberg#iceberg-spark-runtime-4.0_2.13 added as a dependency
[2026-04-13T13:04:48.938+0000] {subprocess.py:106} INFO - :: resolving dependencies :: org.apache.spark#spark-submit-parent-71402f57-3722-4562-8ec5-89ba9153a48e;1.0
[2026-04-13T13:04:48.939+0000] {subprocess.py:106} INFO - 	confs: [default]
[2026-04-13T13:04:50.176+0000] {subprocess.py:106} INFO - 	found org.apache.iceberg#iceberg-spark-runtime-4.0_2.13;1.10.1 in central
[2026-04-13T13:04:50.265+0000] {subprocess.py:106} INFO - downloading https://repo1.maven.org/maven2/org/apache/iceberg/iceberg-spark-runtime-4.0_2.13/1.10.1/iceberg-spark-runtime-4.0_2.13-1.10.1.jar ...
[2026-04-13T13:05:28.557+0000] {subprocess.py:106} INFO - :: resolution report :: resolve 1251ms :: artifacts dl 38360ms
[2026-04-13T13:05:28.573+0000] {subprocess.py:106} INFO - 	:: modules in use:
[2026-04-13T13:05:28.574+0000] {subprocess.py:106} INFO - 	org.apache.iceberg#iceberg-spark-runtime-4.0_2.13;1.10.1 from central in [default]
[2026-04-13T13:05:28.575+0000] {subprocess.py:106} INFO - 	---------------------------------------------------------------------
[2026-04-13T13:05:28.576+0000] {subprocess.py:106} INFO - 	|                  |            modules            ||   artifacts   |
[2026-04-13T13:05:28.577+0000] {subprocess.py:106} INFO - 	|       conf       | number| search|dwnlded|evicted|| number|dwnlded|
[2026-04-13T13:05:28.577+0000] {subprocess.py:106} INFO - 	---------------------------------------------------------------------
[2026-04-13T13:05:28.578+0000] {subprocess.py:106} INFO - 	|      default     |   1   |   1   |   1   |   0   ||   1   |   0   |
[2026-04-13T13:05:28.579+0000] {subprocess.py:106} INFO - 	---------------------------------------------------------------------
[2026-04-13T13:05:28.601+0000] {subprocess.py:106} INFO - 
[2026-04-13T13:05:28.602+0000] {subprocess.py:106} INFO - :: problems summary ::
[2026-04-13T13:05:28.604+0000] {subprocess.py:106} INFO - :::: WARNINGS
[2026-04-13T13:05:28.606+0000] {subprocess.py:106} INFO - 		[FAILED     ] org.apache.iceberg#iceberg-spark-runtime-4.0_2.13;1.10.1!iceberg-spark-runtime-4.0_2.13.jar: Downloaded file size (0) doesn't match expected Content Length (47083764) for https://repo1.maven.org/maven2/org/apache/iceberg/iceberg-spark-runtime-4.0_2.13/1.10.1/iceberg-spark-runtime-4.0_2.13-1.10.1.jar. Please retry. (38330ms)
[2026-04-13T13:05:28.607+0000] {subprocess.py:106} INFO - 
[2026-04-13T13:05:28.608+0000] {subprocess.py:106} INFO - 		[FAILED     ] org.apache.iceberg#iceberg-spark-runtime-4.0_2.13;1.10.1!iceberg-spark-runtime-4.0_2.13.jar: Downloaded file size (0) doesn't match expected Content Length (47083764) for https://repo1.maven.org/maven2/org/apache/iceberg/iceberg-spark-runtime-4.0_2.13/1.10.1/iceberg-spark-runtime-4.0_2.13-1.10.1.jar. Please retry. (38330ms)
[2026-04-13T13:05:28.609+0000] {subprocess.py:106} INFO - 
[2026-04-13T13:05:28.610+0000] {subprocess.py:106} INFO - 	==== central: tried
[2026-04-13T13:05:28.611+0000] {subprocess.py:106} INFO - 
[2026-04-13T13:05:28.612+0000] {subprocess.py:106} INFO - 	  https://repo1.maven.org/maven2/org/apache/iceberg/iceberg-spark-runtime-4.0_2.13/1.10.1/iceberg-spark-runtime-4.0_2.13-1.10.1.jar
[2026-04-13T13:05:28.614+0000] {subprocess.py:106} INFO - 
[2026-04-13T13:05:28.615+0000] {subprocess.py:106} INFO - 		::::::::::::::::::::::::::::::::::::::::::::::
[2026-04-13T13:05:28.616+0000] {subprocess.py:106} INFO - 
[2026-04-13T13:05:28.617+0000] {subprocess.py:106} INFO - 		::              FAILED DOWNLOADS            ::
[2026-04-13T13:05:28.621+0000] {subprocess.py:106} INFO - 
[2026-04-13T13:05:28.622+0000] {subprocess.py:106} INFO - 		:: ^ see resolution messages for details  ^ ::
[2026-04-13T13:05:28.624+0000] {subprocess.py:106} INFO - 
[2026-04-13T13:05:28.625+0000] {subprocess.py:106} INFO - 		::::::::::::::::::::::::::::::::::::::::::::::
[2026-04-13T13:05:28.627+0000] {subprocess.py:106} INFO - 
[2026-04-13T13:05:28.630+0000] {subprocess.py:106} INFO - 		:: org.apache.iceberg#iceberg-spark-runtime-4.0_2.13;1.10.1!iceberg-spark-runtime-4.0_2.13.jar
[2026-04-13T13:05:28.632+0000] {subprocess.py:106} INFO - 
[2026-04-13T13:05:28.633+0000] {subprocess.py:106} INFO - 		::::::::::::::::::::::::::::::::::::::::::::::
[2026-04-13T13:05:28.635+0000] {subprocess.py:106} INFO - 
[2026-04-13T13:05:28.636+0000] {subprocess.py:106} INFO - 
[2026-04-13T13:05:28.637+0000] {subprocess.py:106} INFO - 
[2026-04-13T13:05:28.638+0000] {subprocess.py:106} INFO - :: USE VERBOSE OR DEBUG MESSAGE LEVEL FOR MORE DETAILS
[2026-04-13T13:05:28.639+0000] {subprocess.py:106} INFO - Exception in thread "main" java.lang.RuntimeException: [download failed: org.apache.iceberg#iceberg-spark-runtime-4.0_2.13;1.10.1!iceberg-spark-runtime-4.0_2.13.jar]
[2026-04-13T13:05:28.640+0000] {subprocess.py:106} INFO - 	at org.apache.spark.util.MavenUtils$.resolveMavenCoordinates(MavenUtils.scala:540)
[2026-04-13T13:05:28.641+0000] {subprocess.py:106} INFO - 	at org.apache.spark.util.DependencyUtils$.resolveMavenDependencies(DependencyUtils.scala:123)
[2026-04-13T13:05:28.642+0000] {subprocess.py:106} INFO - 	at org.apache.spark.deploy.SparkSubmit.prepareSubmitEnvironment(SparkSubmit.scala:341)
[2026-04-13T13:05:28.644+0000] {subprocess.py:106} INFO - 	at org.apache.spark.deploy.SparkSubmit.org$apache$spark$deploy$SparkSubmit$$runMain(SparkSubmit.scala:961)
[2026-04-13T13:05:28.646+0000] {subprocess.py:106} INFO - 	at org.apache.spark.deploy.SparkSubmit.doRunMain$1(SparkSubmit.scala:204)
[2026-04-13T13:05:28.647+0000] {subprocess.py:106} INFO - 	at org.apache.spark.deploy.SparkSubmit.submit(SparkSubmit.scala:227)
[2026-04-13T13:05:28.647+0000] {subprocess.py:106} INFO - 	at org.apache.spark.deploy.SparkSubmit.doSubmit(SparkSubmit.scala:96)
[2026-04-13T13:05:28.648+0000] {subprocess.py:106} INFO - 	at org.apache.spark.deploy.SparkSubmit$$anon$2.doSubmit(SparkSubmit.scala:1132)
[2026-04-13T13:05:28.648+0000] {subprocess.py:106} INFO - 	at org.apache.spark.deploy.SparkSubmit$.main(SparkSubmit.scala:1141)
[2026-04-13T13:05:28.652+0000] {subprocess.py:106} INFO - 	at org.apache.spark.deploy.SparkSubmit.main(SparkSubmit.scala)
[2026-04-13T13:05:28.750+0000] {subprocess.py:110} INFO - Command exited with return code 1
[2026-04-13T13:05:28.844+0000] {taskinstance.py:3311} ERROR - Task failed with exception
Traceback (most recent call last):
  File "/home/airflow/airflow/venv/lib/python3.12/site-packages/airflow/models/taskinstance.py", line 767, in _execute_task
    result = _execute_callable(context=context, **execute_callable_kwargs)
             ^^^^^^^^^^^^^^^^^^^^^^^^^^^^^^^^^^^^^^^^^^^^^^^^^^^^^^^^^^^^^
  File "/home/airflow/airflow/venv/lib/python3.12/site-packages/airflow/models/taskinstance.py", line 733, in _execute_callable
    return ExecutionCallableRunner(
           ^^^^^^^^^^^^^^^^^^^^^^^^
  File "/home/airflow/airflow/venv/lib/python3.12/site-packages/airflow/utils/operator_helpers.py", line 252, in run
    return self.func(*args, **kwargs)
           ^^^^^^^^^^^^^^^^^^^^^^^^^^
  File "/home/airflow/airflow/venv/lib/python3.12/site-packages/airflow/models/baseoperator.py", line 422, in wrapper
    return func(self, *args, **kwargs)
           ^^^^^^^^^^^^^^^^^^^^^^^^^^^
  File "/home/airflow/airflow/venv/lib/python3.12/site-packages/airflow/operators/bash.py", line 276, in execute
    raise AirflowException(
airflow.exceptions.AirflowException: Bash command failed. The command returned a non-zero exit code 1.
[2026-04-13T13:05:28.921+0000] {taskinstance.py:1225} INFO - Marking task as UP_FOR_RETRY. dag_id=predict_aqi, task_id=silver_to_gold, run_id=scheduled__2026-04-13T11:00:00+00:00, execution_date=20260413T110000, start_date=20260413T130442, end_date=20260413T130528
[2026-04-13T13:05:29.001+0000] {taskinstance.py:340} INFO - ::group::Post task execution logs
[2026-04-13T13:05:29.005+0000] {standard_task_runner.py:124} ERROR - Failed to execute job 131 for task silver_to_gold (Bash command failed. The command returned a non-zero exit code 1.; 35410)
Traceback (most recent call last):
  File "/home/airflow/airflow/venv/lib/python3.12/site-packages/airflow/task/task_runner/standard_task_runner.py", line 117, in _start_by_fork
    ret = args.func(args, dag=self.dag)
          ^^^^^^^^^^^^^^^^^^^^^^^^^^^^^
  File "/home/airflow/airflow/venv/lib/python3.12/site-packages/airflow/cli/cli_config.py", line 49, in command
    return func(*args, **kwargs)
           ^^^^^^^^^^^^^^^^^^^^^
  File "/home/airflow/airflow/venv/lib/python3.12/site-packages/airflow/utils/cli.py", line 116, in wrapper
    return f(*args, **kwargs)
           ^^^^^^^^^^^^^^^^^^
  File "/home/airflow/airflow/venv/lib/python3.12/site-packages/airflow/cli/commands/task_command.py", line 483, in task_run
    task_return_code = _run_task_by_selected_method(args, _dag, ti)
                       ^^^^^^^^^^^^^^^^^^^^^^^^^^^^^^^^^^^^^^^^^^^^
  File "/home/airflow/airflow/venv/lib/python3.12/site-packages/airflow/cli/commands/task_command.py", line 256, in _run_task_by_selected_method
    return _run_raw_task(args, ti)
           ^^^^^^^^^^^^^^^^^^^^^^^
  File "/home/airflow/airflow/venv/lib/python3.12/site-packages/airflow/cli/commands/task_command.py", line 341, in _run_raw_task
    return ti._run_raw_task(
           ^^^^^^^^^^^^^^^^^
  File "/home/airflow/airflow/venv/lib/python3.12/site-packages/airflow/utils/session.py", line 97, in wrapper
    return func(*args, session=session, **kwargs)
           ^^^^^^^^^^^^^^^^^^^^^^^^^^^^^^^^^^^^^^
  File "/home/airflow/airflow/venv/lib/python3.12/site-packages/airflow/models/taskinstance.py", line 3005, in _run_raw_task
    return _run_raw_task(
           ^^^^^^^^^^^^^^
  File "/home/airflow/airflow/venv/lib/python3.12/site-packages/airflow/models/taskinstance.py", line 273, in _run_raw_task
    TaskInstance._execute_task_with_callbacks(
  File "/home/airflow/airflow/venv/lib/python3.12/site-packages/airflow/models/taskinstance.py", line 3159, in _execute_task_with_callbacks
    result = self._execute_task(context, task_orig)
             ^^^^^^^^^^^^^^^^^^^^^^^^^^^^^^^^^^^^^^
  File "/home/airflow/airflow/venv/lib/python3.12/site-packages/airflow/models/taskinstance.py", line 3183, in _execute_task
    return _execute_task(self, context, task_orig)
           ^^^^^^^^^^^^^^^^^^^^^^^^^^^^^^^^^^^^^^^
  File "/home/airflow/airflow/venv/lib/python3.12/site-packages/airflow/models/taskinstance.py", line 767, in _execute_task
    result = _execute_callable(context=context, **execute_callable_kwargs)
             ^^^^^^^^^^^^^^^^^^^^^^^^^^^^^^^^^^^^^^^^^^^^^^^^^^^^^^^^^^^^^
  File "/home/airflow/airflow/venv/lib/python3.12/site-packages/airflow/models/taskinstance.py", line 733, in _execute_callable
    return ExecutionCallableRunner(
           ^^^^^^^^^^^^^^^^^^^^^^^^
  File "/home/airflow/airflow/venv/lib/python3.12/site-packages/airflow/utils/operator_helpers.py", line 252, in run
    return self.func(*args, **kwargs)
           ^^^^^^^^^^^^^^^^^^^^^^^^^^
  File "/home/airflow/airflow/venv/lib/python3.12/site-packages/airflow/models/baseoperator.py", line 422, in wrapper
    return func(self, *args, **kwargs)
           ^^^^^^^^^^^^^^^^^^^^^^^^^^^
  File "/home/airflow/airflow/venv/lib/python3.12/site-packages/airflow/operators/bash.py", line 276, in execute
    raise AirflowException(
airflow.exceptions.AirflowException: Bash command failed. The command returned a non-zero exit code 1.
[2026-04-13T13:05:29.034+0000] {local_task_job_runner.py:266} INFO - Task exited with return code 1
[2026-04-13T13:05:29.122+0000] {taskinstance.py:3895} INFO - 0 downstream tasks scheduled from follow-on schedule check
[2026-04-13T13:05:29.127+0000] {local_task_job_runner.py:245} INFO - ::endgroup::
